Vivado Simulator v2025.1.0
Copyright 1986-2022 Xilinx, Inc. All Rights Reserved.
Copyright 2022-2025 Advanced Micro Devices, Inc. All Rights Reserved.
Running: C:/Xilinx/2025.1/Vivado/bin/unwrapped/win64.o/xelab.exe xil_defaultlib.apatb_MM_top xil_defaultlib.glbl -Oenable_linking_all_libraries -prj MM.prj -L smartconnect_v1_0 -L axi_protocol_checker_v1_1_12 -L axi_protocol_checker_v1_1_13 -L axis_protocol_checker_v1_1_11 -L axis_protocol_checker_v1_1_12 -L xil_defaultlib -L unisims_ver -L xpm -L floating_point_v7_1_20 -L floating_point_v7_0_25 --lib ieee_proposed=./ieee_proposed -L uvm -relax -i ./svr -i ./axivip -i ./svtb -i ./file_agent -i ./MM_subsystem -s MM 
Multi-threading is on. Using 2 slave threads.
INFO: [VRFC 10-2263] Analyzing SystemVerilog file "C:/Users/seanr/vitis_projects/Lab3_MLP_optimization/baseline_blockedMM/baseline_blockedMM/hls/sim/verilog/glbl.v" into library xil_defaultlib
INFO: [VRFC 10-311] analyzing module glbl
INFO: [VRFC 10-2263] Analyzing SystemVerilog file "C:/Users/seanr/vitis_projects/Lab3_MLP_optimization/baseline_blockedMM/baseline_blockedMM/hls/sim/verilog/MM.autotb.v" into library xil_defaultlib
INFO: [VRFC 10-311] analyzing module apatb_MM_top
INFO: [VRFC 10-2263] Analyzing SystemVerilog file "C:/Users/seanr/vitis_projects/Lab3_MLP_optimization/baseline_blockedMM/baseline_blockedMM/hls/sim/verilog/MM.v" into library xil_defaultlib
INFO: [VRFC 10-311] analyzing module MM
INFO: [VRFC 10-2263] Analyzing SystemVerilog file "C:/Users/seanr/vitis_projects/Lab3_MLP_optimization/baseline_blockedMM/baseline_blockedMM/hls/sim/verilog/MM_AB_block_RAM_AUTO_1R1W.v" into library xil_defaultlib
INFO: [VRFC 10-311] analyzing module MM_AB_block_RAM_AUTO_1R1W
INFO: [VRFC 10-2263] Analyzing SystemVerilog file "C:/Users/seanr/vitis_projects/Lab3_MLP_optimization/baseline_blockedMM/baseline_blockedMM/hls/sim/verilog/MM_B_line_RAM_AUTO_1R1W.v" into library xil_defaultlib
INFO: [VRFC 10-311] analyzing module MM_B_line_RAM_AUTO_1R1W
INFO: [VRFC 10-2263] Analyzing SystemVerilog file "C:/Users/seanr/vitis_projects/Lab3_MLP_optimization/baseline_blockedMM/baseline_blockedMM/hls/sim/verilog/MM_control_s_axi.v" into library xil_defaultlib
INFO: [VRFC 10-311] analyzing module MM_control_s_axi
INFO: [VRFC 10-2263] Analyzing SystemVerilog file "C:/Users/seanr/vitis_projects/Lab3_MLP_optimization/baseline_blockedMM/baseline_blockedMM/hls/sim/verilog/MM_gmem_m_axi.v" into library xil_defaultlib
INFO: [VRFC 10-311] analyzing module MM_gmem_m_axi
INFO: [VRFC 10-311] analyzing module MM_gmem_m_axi_load
INFO: [VRFC 10-311] analyzing module MM_gmem_m_axi_store
INFO: [VRFC 10-311] analyzing module MM_gmem_m_axi_read
INFO: [VRFC 10-311] analyzing module MM_gmem_m_axi_write
INFO: [VRFC 10-311] analyzing module MM_gmem_m_axi_burst_converter
INFO: [VRFC 10-311] analyzing module MM_gmem_m_axi_burst_interleave
INFO: [VRFC 10-311] analyzing module MM_gmem_m_axi_burst_sequential
INFO: [VRFC 10-311] analyzing module MM_gmem_m_axi_throttle
INFO: [VRFC 10-311] analyzing module MM_gmem_m_axi_reg_slice
INFO: [VRFC 10-311] analyzing module MM_gmem_m_axi_fifo
INFO: [VRFC 10-311] analyzing module MM_gmem_m_axi_srl
INFO: [VRFC 10-311] analyzing module MM_gmem_m_axi_mem
INFO: [VRFC 10-2263] Analyzing SystemVerilog file "C:/Users/seanr/vitis_projects/Lab3_MLP_optimization/baseline_blockedMM/baseline_blockedMM/hls/sim/verilog/MM_mul_32ns_32s_62_2_1.v" into library xil_defaultlib
INFO: [VRFC 10-311] analyzing module MM_mul_32ns_32s_62_2_1
INFO: [VRFC 10-2263] Analyzing SystemVerilog file "C:/Users/seanr/vitis_projects/Lab3_MLP_optimization/baseline_blockedMM/baseline_blockedMM/hls/sim/verilog/MM_mul_32s_32s_32_2_1.v" into library xil_defaultlib
INFO: [VRFC 10-311] analyzing module MM_mul_32s_32s_32_2_1
INFO: [VRFC 10-2263] Analyzing SystemVerilog file "C:/Users/seanr/vitis_projects/Lab3_MLP_optimization/baseline_blockedMM/baseline_blockedMM/hls/sim/verilog/dataflow_monitor.sv" into library xil_defaultlib
INFO: [VRFC 10-311] analyzing module dataflow_monitor
INFO: [VRFC 10-2263] Analyzing SystemVerilog file "C:/Users/seanr/vitis_projects/Lab3_MLP_optimization/baseline_blockedMM/baseline_blockedMM/hls/sim/verilog/file_agent/file_agent_pkg.sv" into library xil_defaultlib
INFO: [VRFC 10-2263] Analyzing SystemVerilog file "C:/Users/seanr/vitis_projects/Lab3_MLP_optimization/baseline_blockedMM/baseline_blockedMM/hls/sim/verilog/axivip/axi_pkg.sv" into library xil_defaultlib
INFO: [VRFC 10-2263] Analyzing SystemVerilog file "C:/Users/seanr/vitis_projects/Lab3_MLP_optimization/baseline_blockedMM/baseline_blockedMM/hls/sim/verilog/axivip/axi_if.sv" into library xil_defaultlib
INFO: [VRFC 10-2263] Analyzing SystemVerilog file "C:/Users/seanr/vitis_projects/Lab3_MLP_optimization/baseline_blockedMM/baseline_blockedMM/hls/sim/verilog/MM_subsystem/MM_subsystem_pkg.sv" into library xil_defaultlib
INFO: [VRFC 10-2263] Analyzing SystemVerilog file "C:/Users/seanr/vitis_projects/Lab3_MLP_optimization/baseline_blockedMM/baseline_blockedMM/hls/sim/verilog/svtb/misc_interface.sv" into library xil_defaultlib
INFO: [VRFC 10-2263] Analyzing SystemVerilog file "C:/Users/seanr/vitis_projects/Lab3_MLP_optimization/baseline_blockedMM/baseline_blockedMM/hls/sim/verilog/svtb/sv_module_top.sv" into library xil_defaultlib
INFO: [VRFC 10-311] analyzing module sv_module_top
Starting static elaboration
Pass Through NonSizing Optimizer
Completed static elaboration
Starting simulation data flow analysis
WARNING: [XSIM 43-4099] "/proj/primebuilds/9999.0_PRIME_0428_0031/installs/data/system_verilog/uvm_1.2/xlnx_uvm_package.sv" Line 4356. Module uvm_pkg doesn't have a timescale but at least one module in design has a timescale.
WARNING: [XSIM 43-4099] "/proj/primebuilds/9999.0_PRIME_0428_0031/installs/data/system_verilog/uvm_1.2/xlnx_uvm_package.sv" Line 4356. Module uvm_pkg doesn't have a timescale but at least one module in design has a timescale.
WARNING: [XSIM 43-4468] File : /proj/primebuilds/9999.0_PRIME_0428_0031/installs/data/system_verilog/uvm_1.2/xlnx_uvm_package.sv, Line : 25994, RANDC variable size more than 8 bits. This will be treated as a RAND variable instead.
Completed simulation data flow analysis
Time Resolution for simulation is 1ps
Compiling package xil_defaultlib.$unit_sv_module_top_sv
Compiling package uvm.uvm_pkg
Compiling package std.std
Compiling package xil_defaultlib.axi_pkg
Compiling package xil_defaultlib.MM_subsystem_pkg
Compiling package xil_defaultlib.file_agent_pkg
Compiling package xil_defaultlib.$unit_dataflow_monitor_sv
Compiling module xil_defaultlib.MM_AB_block_RAM_AUTO_1R1W
Compiling module xil_defaultlib.MM_B_line_RAM_AUTO_1R1W
Compiling module xil_defaultlib.MM_control_s_axi
Compiling module xil_defaultlib.MM_gmem_m_axi_srl(DATA_WIDTH=96,...
Compiling module xil_defaultlib.MM_gmem_m_axi_fifo(DATA_WIDTH=96...
Compiling module xil_defaultlib.MM_gmem_m_axi_srl(DATA_WIDTH=8,A...
Compiling module xil_defaultlib.MM_gmem_m_axi_fifo(DATA_WIDTH=8,...
Compiling module xil_defaultlib.MM_gmem_m_axi_srl(DATA_WIDTH=36,...
Compiling module xil_defaultlib.MM_gmem_m_axi_fifo(DATA_WIDTH=36...
Compiling module xil_defaultlib.MM_gmem_m_axi_srl(DATA_WIDTH=1,A...
Compiling module xil_defaultlib.MM_gmem_m_axi_fifo(DATA_WIDTH=1,...
Compiling module xil_defaultlib.MM_gmem_m_axi_srl(DATA_WIDTH=1,A...
Compiling module xil_defaultlib.MM_gmem_m_axi_fifo(DATA_WIDTH=1,...
Compiling module xil_defaultlib.MM_gmem_m_axi_store(CONSERVATIVE...
Compiling module xil_defaultlib.MM_gmem_m_axi_mem(MEM_STYLE="blo...
Compiling module xil_defaultlib.MM_gmem_m_axi_fifo(MEM_STYLE="bl...
Compiling module xil_defaultlib.MM_gmem_m_axi_load(NUM_READ_OUTS...
Compiling module xil_defaultlib.MM_gmem_m_axi_reg_slice(DATA_WID...
Compiling module xil_defaultlib.MM_gmem_m_axi_burst_sequential(A...
Compiling module xil_defaultlib.MM_gmem_m_axi_reg_slice(DATA_WID...
Compiling module xil_defaultlib.MM_gmem_m_axi_srl(DATA_WIDTH=64,...
Compiling module xil_defaultlib.MM_gmem_m_axi_fifo(DATA_WIDTH=64...
Compiling module xil_defaultlib.MM_gmem_m_axi_reg_slice(DATA_WID...
Compiling module xil_defaultlib.MM_gmem_m_axi_throttle(CONSERVAT...
Compiling module xil_defaultlib.MM_gmem_m_axi_reg_slice(DATA_WID...
Compiling module xil_defaultlib.MM_gmem_m_axi_write(CONSERVATIVE...
Compiling module xil_defaultlib.MM_gmem_m_axi_reg_slice(DATA_WID...
Compiling module xil_defaultlib.MM_gmem_m_axi_read(C_USER_VALUE=...
Compiling module xil_defaultlib.MM_gmem_m_axi(C_M_AXI_ADDR_WIDTH...
Compiling module xil_defaultlib.MM_mul_32ns_32s_62_2_1(NUM_STAGE...
Compiling module xil_defaultlib.MM_mul_32s_32s_32_2_1(NUM_STAGE=...
Compiling module xil_defaultlib.MM
Compiling module xil_defaultlib.misc_interface_default
Compiling module xil_defaultlib.axi_if(ADDR_WIDTH=64,STRB_WIDTH=...
Compiling module xil_defaultlib.axi_if(ADDR_WIDTH=7,STRB_WIDTH=4...
Compiling module xil_defaultlib.sv_module_top
Compiling module xil_defaultlib.nodf_module_intf_default
Compiling module xil_defaultlib.seq_loop_intf(FSM_WIDTH=58)
Compiling module xil_defaultlib.dataflow_monitor_1
Compiling module xil_defaultlib.apatb_MM_top
Compiling module xil_defaultlib.glbl
Built simulation snapshot MM
