#-----------------------------------------------------------
# xsim v2025.1 (64-bit)
# SW Build 6140274 on Thu May 22 00:12:29 MDT 2025
# IP Build 6138677 on Thu May 22 03:10:11 MDT 2025
# SharedData Build 6139179 on Tue May 20 17:58:58 MDT 2025
# Start of session at: Thu Apr  9 09:19:37 2026
# Process ID         : 6492
# Current directory  : C:/Users/seanr/vitis_projects/Lab3_MLP_optimization/baseline_blockedMM/baseline_blockedMM/hls/sim/verilog
# Command line       : xsim.exe -mode tcl -source {xsim.dir/MM/xsim_script.tcl}
# Log file           : C:/Users/seanr/vitis_projects/Lab3_MLP_optimization/baseline_blockedMM/baseline_blockedMM/hls/sim/verilog/xsim.log
# Journal file       : C:/Users/seanr/vitis_projects/Lab3_MLP_optimization/baseline_blockedMM/baseline_blockedMM/hls/sim/verilog\xsim.jou
# Running On         : LAPTOP-L6H807T2
# Platform           : Windows Server 2016 or Windows 10
# Operating System   : 26200
# Processor Detail   : Intel(R) Pentium(R) Gold 7505 @ 2.00GHz
# CPU Frequency      : 1997 MHz
# CPU Physical cores : 2
# CPU Logical cores  : 4
# Host memory        : 8241 MB
# Swap memory        : 17198 MB
# Total Virtual      : 25439 MB
# Available Virtual  : 8934 MB
#-----------------------------------------------------------
source xsim.dir/MM/xsim_script.tcl
# xsim {MM} -testplusarg UVM_VERBOSITY=UVM_NONE -testplusarg UVM_TESTNAME=MM_test_lib -testplusarg UVM_TIMEOUT=20000000000000 -view {{MM_dataflow_ana.wcfg}} -tclbatch {MM.tcl} -protoinst {MM.protoinst}
INFO: [Wavedata 42-565] Reading protoinst file MM.protoinst
INFO: [Wavedata 42-564]   Found protocol instance at /apatb_MM_top/AESL_inst_MM//AESL_inst_MM_activity
INFO: [Wavedata 42-564]   Found protocol instance at /apatb_MM_top/AESL_inst_MM/computeTiles_U0/computeTiles_U0_activity
INFO: [Wavedata 42-564]   Found protocol instance at /apatb_MM_top/AESL_inst_MM/computeTiles_U0/grp_computeTiles_Pipeline_j_output_loop_fu_284/grp_computeTiles_Pipeline_j_output_loop_fu_284_activity
INFO: [Wavedata 42-564]   Found protocol instance at /apatb_MM_top/AESL_inst_MM/computeTiles_U0/grp_computeTiles_Pipeline_k_BLOCK_loop_k_loop_i_loop_fu_243/grp_computeTiles_Pipeline_k_BLOCK_loop_k_loop_i_loop_fu_243_activity
INFO: [Wavedata 42-564]   Found protocol instance at /apatb_MM_top/AESL_inst_MM/entry_proc_U0/entry_proc_U0_activity
INFO: [Wavedata 42-564]   Found protocol instance at /apatb_MM_top/AESL_inst_MM/readAtTiles_U0/grp_readAtTiles_Pipeline_i_BLOCK_loop_j_BLOCK_loop_k_BLOCK_loop_k_loop_fu_78/grp_readAtTiles_Pipeline_i_BLOCK_loop_j_BLOCK_loop_k_BLOCK_loop_k_loop_fu_78_activity
INFO: [Wavedata 42-564]   Found protocol instance at /apatb_MM_top/AESL_inst_MM/readAtTiles_U0/readAtTiles_U0_activity
INFO: [Wavedata 42-564]   Found protocol instance at /apatb_MM_top/AESL_inst_MM/readBTiles_U0/grp_readBTiles_Pipeline_i_BLOCK_loop_j_BLOCK_loop_k_BLOCK_loop_k_loop_fu_78/grp_readBTiles_Pipeline_i_BLOCK_loop_j_BLOCK_loop_k_BLOCK_loop_k_loop_fu_78_activity
INFO: [Wavedata 42-564]   Found protocol instance at /apatb_MM_top/AESL_inst_MM/readBTiles_U0/readBTiles_U0_activity
INFO: [Wavedata 42-564]   Found protocol instance at /apatb_MM_top/AESL_inst_MM/writeTiles_U0/grp_writeTiles_Pipeline_i_BLOCK_loop_j_BLOCK_loop_j_output_loop_fu_78/grp_writeTiles_Pipeline_i_BLOCK_loop_j_BLOCK_loop_j_output_loop_fu_78_activity
INFO: [Wavedata 42-564]   Found protocol instance at /apatb_MM_top/AESL_inst_MM/writeTiles_U0/writeTiles_U0_activity
Time resolution is 1 ps
open_wave_config MM_dataflow_ana.wcfg
source MM.tcl
## log_wave -r /
WARNING: [Simtcl 6-197] One or more HDL objects could not be logged because of object type or size limitations.  To see details please rerun the command with -verbose (-v).
## set designtopgroup [add_wave_group "Design Top Signals"]
## set cinoutgroup [add_wave_group "C InOuts" -into $designtopgroup]
## set AT__B__C__ABC__N__M__P__return_group [add_wave_group AT__B__C__ABC__N__M__P__return(axi_slave) -into $cinoutgroup]
## add_wave /apatb_MM_top/AESL_inst_MM/interrupt -into $AT__B__C__ABC__N__M__P__return_group -color #ffff00 -radix hex
## add_wave /apatb_MM_top/AESL_inst_MM/s_axi_control_BRESP -into $AT__B__C__ABC__N__M__P__return_group -radix hex
## add_wave /apatb_MM_top/AESL_inst_MM/s_axi_control_BREADY -into $AT__B__C__ABC__N__M__P__return_group -color #ffff00 -radix hex
## add_wave /apatb_MM_top/AESL_inst_MM/s_axi_control_BVALID -into $AT__B__C__ABC__N__M__P__return_group -color #ffff00 -radix hex
## add_wave /apatb_MM_top/AESL_inst_MM/s_axi_control_RRESP -into $AT__B__C__ABC__N__M__P__return_group -radix hex
## add_wave /apatb_MM_top/AESL_inst_MM/s_axi_control_RDATA -into $AT__B__C__ABC__N__M__P__return_group -radix hex
## add_wave /apatb_MM_top/AESL_inst_MM/s_axi_control_RREADY -into $AT__B__C__ABC__N__M__P__return_group -color #ffff00 -radix hex
## add_wave /apatb_MM_top/AESL_inst_MM/s_axi_control_RVALID -into $AT__B__C__ABC__N__M__P__return_group -color #ffff00 -radix hex
## add_wave /apatb_MM_top/AESL_inst_MM/s_axi_control_ARREADY -into $AT__B__C__ABC__N__M__P__return_group -color #ffff00 -radix hex
## add_wave /apatb_MM_top/AESL_inst_MM/s_axi_control_ARVALID -into $AT__B__C__ABC__N__M__P__return_group -color #ffff00 -radix hex
## add_wave /apatb_MM_top/AESL_inst_MM/s_axi_control_ARADDR -into $AT__B__C__ABC__N__M__P__return_group -radix hex
## add_wave /apatb_MM_top/AESL_inst_MM/s_axi_control_WSTRB -into $AT__B__C__ABC__N__M__P__return_group -radix hex
## add_wave /apatb_MM_top/AESL_inst_MM/s_axi_control_WDATA -into $AT__B__C__ABC__N__M__P__return_group -radix hex
## add_wave /apatb_MM_top/AESL_inst_MM/s_axi_control_WREADY -into $AT__B__C__ABC__N__M__P__return_group -color #ffff00 -radix hex
## add_wave /apatb_MM_top/AESL_inst_MM/s_axi_control_WVALID -into $AT__B__C__ABC__N__M__P__return_group -color #ffff00 -radix hex
## add_wave /apatb_MM_top/AESL_inst_MM/s_axi_control_AWREADY -into $AT__B__C__ABC__N__M__P__return_group -color #ffff00 -radix hex
## add_wave /apatb_MM_top/AESL_inst_MM/s_axi_control_AWVALID -into $AT__B__C__ABC__N__M__P__return_group -color #ffff00 -radix hex
## add_wave /apatb_MM_top/AESL_inst_MM/s_axi_control_AWADDR -into $AT__B__C__ABC__N__M__P__return_group -radix hex
## set coutputgroup [add_wave_group "C Outputs" -into $designtopgroup]
## set ABC_group [add_wave_group ABC(axi_master) -into $coutputgroup]
## set rdata_group [add_wave_group "Read Channel" -into $ABC_group]
## set wdata_group [add_wave_group "Write Channel" -into $ABC_group]
## set ctrl_group [add_wave_group "Handshakes" -into $ABC_group]
## add_wave /apatb_MM_top/AESL_inst_MM/m_axi_gmem3_BUSER -into $wdata_group -radix hex
## add_wave /apatb_MM_top/AESL_inst_MM/m_axi_gmem3_BID -into $wdata_group -radix hex
## add_wave /apatb_MM_top/AESL_inst_MM/m_axi_gmem3_BRESP -into $wdata_group -radix hex
## add_wave /apatb_MM_top/AESL_inst_MM/m_axi_gmem3_BREADY -into $ctrl_group -color #ffff00 -radix hex
## add_wave /apatb_MM_top/AESL_inst_MM/m_axi_gmem3_BVALID -into $ctrl_group -color #ffff00 -radix hex
## add_wave /apatb_MM_top/AESL_inst_MM/m_axi_gmem3_RRESP -into $rdata_group -radix hex
## add_wave /apatb_MM_top/AESL_inst_MM/m_axi_gmem3_RUSER -into $rdata_group -radix hex
## add_wave /apatb_MM_top/AESL_inst_MM/m_axi_gmem3_RID -into $rdata_group -radix hex
## add_wave /apatb_MM_top/AESL_inst_MM/m_axi_gmem3_RLAST -into $ctrl_group -color #ffff00 -radix hex
## add_wave /apatb_MM_top/AESL_inst_MM/m_axi_gmem3_RDATA -into $rdata_group -radix hex
## add_wave /apatb_MM_top/AESL_inst_MM/m_axi_gmem3_RREADY -into $ctrl_group -color #ffff00 -radix hex
## add_wave /apatb_MM_top/AESL_inst_MM/m_axi_gmem3_RVALID -into $ctrl_group -color #ffff00 -radix hex
## add_wave /apatb_MM_top/AESL_inst_MM/m_axi_gmem3_ARUSER -into $rdata_group -radix hex
## add_wave /apatb_MM_top/AESL_inst_MM/m_axi_gmem3_ARREGION -into $rdata_group -radix hex
## add_wave /apatb_MM_top/AESL_inst_MM/m_axi_gmem3_ARQOS -into $rdata_group -radix hex
## add_wave /apatb_MM_top/AESL_inst_MM/m_axi_gmem3_ARPROT -into $rdata_group -radix hex
## add_wave /apatb_MM_top/AESL_inst_MM/m_axi_gmem3_ARCACHE -into $rdata_group -radix hex
## add_wave /apatb_MM_top/AESL_inst_MM/m_axi_gmem3_ARLOCK -into $rdata_group -radix hex
## add_wave /apatb_MM_top/AESL_inst_MM/m_axi_gmem3_ARBURST -into $rdata_group -radix hex
## add_wave /apatb_MM_top/AESL_inst_MM/m_axi_gmem3_ARSIZE -into $rdata_group -radix hex
## add_wave /apatb_MM_top/AESL_inst_MM/m_axi_gmem3_ARLEN -into $rdata_group -radix hex
## add_wave /apatb_MM_top/AESL_inst_MM/m_axi_gmem3_ARID -into $rdata_group -radix hex
## add_wave /apatb_MM_top/AESL_inst_MM/m_axi_gmem3_ARADDR -into $rdata_group -radix hex
## add_wave /apatb_MM_top/AESL_inst_MM/m_axi_gmem3_ARREADY -into $ctrl_group -color #ffff00 -radix hex
## add_wave /apatb_MM_top/AESL_inst_MM/m_axi_gmem3_ARVALID -into $ctrl_group -color #ffff00 -radix hex
## add_wave /apatb_MM_top/AESL_inst_MM/m_axi_gmem3_WUSER -into $wdata_group -radix hex
## add_wave /apatb_MM_top/AESL_inst_MM/m_axi_gmem3_WID -into $wdata_group -radix hex
## add_wave /apatb_MM_top/AESL_inst_MM/m_axi_gmem3_WLAST -into $ctrl_group -color #ffff00 -radix hex
## add_wave /apatb_MM_top/AESL_inst_MM/m_axi_gmem3_WSTRB -into $wdata_group -radix hex
## add_wave /apatb_MM_top/AESL_inst_MM/m_axi_gmem3_WDATA -into $wdata_group -radix hex
## add_wave /apatb_MM_top/AESL_inst_MM/m_axi_gmem3_WREADY -into $ctrl_group -color #ffff00 -radix hex
## add_wave /apatb_MM_top/AESL_inst_MM/m_axi_gmem3_WVALID -into $ctrl_group -color #ffff00 -radix hex
## add_wave /apatb_MM_top/AESL_inst_MM/m_axi_gmem3_AWUSER -into $wdata_group -radix hex
## add_wave /apatb_MM_top/AESL_inst_MM/m_axi_gmem3_AWREGION -into $wdata_group -radix hex
## add_wave /apatb_MM_top/AESL_inst_MM/m_axi_gmem3_AWQOS -into $wdata_group -radix hex
## add_wave /apatb_MM_top/AESL_inst_MM/m_axi_gmem3_AWPROT -into $wdata_group -radix hex
## add_wave /apatb_MM_top/AESL_inst_MM/m_axi_gmem3_AWCACHE -into $wdata_group -radix hex
## add_wave /apatb_MM_top/AESL_inst_MM/m_axi_gmem3_AWLOCK -into $wdata_group -radix hex
## add_wave /apatb_MM_top/AESL_inst_MM/m_axi_gmem3_AWBURST -into $wdata_group -radix hex
## add_wave /apatb_MM_top/AESL_inst_MM/m_axi_gmem3_AWSIZE -into $wdata_group -radix hex
## add_wave /apatb_MM_top/AESL_inst_MM/m_axi_gmem3_AWLEN -into $wdata_group -radix hex
## add_wave /apatb_MM_top/AESL_inst_MM/m_axi_gmem3_AWID -into $wdata_group -radix hex
## add_wave /apatb_MM_top/AESL_inst_MM/m_axi_gmem3_AWADDR -into $wdata_group -radix hex
## add_wave /apatb_MM_top/AESL_inst_MM/m_axi_gmem3_AWREADY -into $ctrl_group -color #ffff00 -radix hex
## add_wave /apatb_MM_top/AESL_inst_MM/m_axi_gmem3_AWVALID -into $ctrl_group -color #ffff00 -radix hex
## set cinputgroup [add_wave_group "C Inputs" -into $designtopgroup]
## set C_group [add_wave_group C(axi_master) -into $cinputgroup]
## set rdata_group [add_wave_group "Read Channel" -into $C_group]
## set wdata_group [add_wave_group "Write Channel" -into $C_group]
## set ctrl_group [add_wave_group "Handshakes" -into $C_group]
## add_wave /apatb_MM_top/AESL_inst_MM/m_axi_gmem2_BUSER -into $wdata_group -radix hex
## add_wave /apatb_MM_top/AESL_inst_MM/m_axi_gmem2_BID -into $wdata_group -radix hex
## add_wave /apatb_MM_top/AESL_inst_MM/m_axi_gmem2_BRESP -into $wdata_group -radix hex
## add_wave /apatb_MM_top/AESL_inst_MM/m_axi_gmem2_BREADY -into $ctrl_group -color #ffff00 -radix hex
## add_wave /apatb_MM_top/AESL_inst_MM/m_axi_gmem2_BVALID -into $ctrl_group -color #ffff00 -radix hex
## add_wave /apatb_MM_top/AESL_inst_MM/m_axi_gmem2_RRESP -into $rdata_group -radix hex
## add_wave /apatb_MM_top/AESL_inst_MM/m_axi_gmem2_RUSER -into $rdata_group -radix hex
## add_wave /apatb_MM_top/AESL_inst_MM/m_axi_gmem2_RID -into $rdata_group -radix hex
## add_wave /apatb_MM_top/AESL_inst_MM/m_axi_gmem2_RLAST -into $ctrl_group -color #ffff00 -radix hex
## add_wave /apatb_MM_top/AESL_inst_MM/m_axi_gmem2_RDATA -into $rdata_group -radix hex
## add_wave /apatb_MM_top/AESL_inst_MM/m_axi_gmem2_RREADY -into $ctrl_group -color #ffff00 -radix hex
## add_wave /apatb_MM_top/AESL_inst_MM/m_axi_gmem2_RVALID -into $ctrl_group -color #ffff00 -radix hex
## add_wave /apatb_MM_top/AESL_inst_MM/m_axi_gmem2_ARUSER -into $rdata_group -radix hex
## add_wave /apatb_MM_top/AESL_inst_MM/m_axi_gmem2_ARREGION -into $rdata_group -radix hex
## add_wave /apatb_MM_top/AESL_inst_MM/m_axi_gmem2_ARQOS -into $rdata_group -radix hex
## add_wave /apatb_MM_top/AESL_inst_MM/m_axi_gmem2_ARPROT -into $rdata_group -radix hex
## add_wave /apatb_MM_top/AESL_inst_MM/m_axi_gmem2_ARCACHE -into $rdata_group -radix hex
## add_wave /apatb_MM_top/AESL_inst_MM/m_axi_gmem2_ARLOCK -into $rdata_group -radix hex
## add_wave /apatb_MM_top/AESL_inst_MM/m_axi_gmem2_ARBURST -into $rdata_group -radix hex
## add_wave /apatb_MM_top/AESL_inst_MM/m_axi_gmem2_ARSIZE -into $rdata_group -radix hex
## add_wave /apatb_MM_top/AESL_inst_MM/m_axi_gmem2_ARLEN -into $rdata_group -radix hex
## add_wave /apatb_MM_top/AESL_inst_MM/m_axi_gmem2_ARID -into $rdata_group -radix hex
## add_wave /apatb_MM_top/AESL_inst_MM/m_axi_gmem2_ARADDR -into $rdata_group -radix hex
## add_wave /apatb_MM_top/AESL_inst_MM/m_axi_gmem2_ARREADY -into $ctrl_group -color #ffff00 -radix hex
## add_wave /apatb_MM_top/AESL_inst_MM/m_axi_gmem2_ARVALID -into $ctrl_group -color #ffff00 -radix hex
## add_wave /apatb_MM_top/AESL_inst_MM/m_axi_gmem2_WUSER -into $wdata_group -radix hex
## add_wave /apatb_MM_top/AESL_inst_MM/m_axi_gmem2_WID -into $wdata_group -radix hex
## add_wave /apatb_MM_top/AESL_inst_MM/m_axi_gmem2_WLAST -into $ctrl_group -color #ffff00 -radix hex
## add_wave /apatb_MM_top/AESL_inst_MM/m_axi_gmem2_WSTRB -into $wdata_group -radix hex
## add_wave /apatb_MM_top/AESL_inst_MM/m_axi_gmem2_WDATA -into $wdata_group -radix hex
## add_wave /apatb_MM_top/AESL_inst_MM/m_axi_gmem2_WREADY -into $ctrl_group -color #ffff00 -radix hex
## add_wave /apatb_MM_top/AESL_inst_MM/m_axi_gmem2_WVALID -into $ctrl_group -color #ffff00 -radix hex
## add_wave /apatb_MM_top/AESL_inst_MM/m_axi_gmem2_AWUSER -into $wdata_group -radix hex
## add_wave /apatb_MM_top/AESL_inst_MM/m_axi_gmem2_AWREGION -into $wdata_group -radix hex
## add_wave /apatb_MM_top/AESL_inst_MM/m_axi_gmem2_AWQOS -into $wdata_group -radix hex
## add_wave /apatb_MM_top/AESL_inst_MM/m_axi_gmem2_AWPROT -into $wdata_group -radix hex
## add_wave /apatb_MM_top/AESL_inst_MM/m_axi_gmem2_AWCACHE -into $wdata_group -radix hex
## add_wave /apatb_MM_top/AESL_inst_MM/m_axi_gmem2_AWLOCK -into $wdata_group -radix hex
## add_wave /apatb_MM_top/AESL_inst_MM/m_axi_gmem2_AWBURST -into $wdata_group -radix hex
## add_wave /apatb_MM_top/AESL_inst_MM/m_axi_gmem2_AWSIZE -into $wdata_group -radix hex
## add_wave /apatb_MM_top/AESL_inst_MM/m_axi_gmem2_AWLEN -into $wdata_group -radix hex
## add_wave /apatb_MM_top/AESL_inst_MM/m_axi_gmem2_AWID -into $wdata_group -radix hex
## add_wave /apatb_MM_top/AESL_inst_MM/m_axi_gmem2_AWADDR -into $wdata_group -radix hex
## add_wave /apatb_MM_top/AESL_inst_MM/m_axi_gmem2_AWREADY -into $ctrl_group -color #ffff00 -radix hex
## add_wave /apatb_MM_top/AESL_inst_MM/m_axi_gmem2_AWVALID -into $ctrl_group -color #ffff00 -radix hex
## set B_group [add_wave_group B(axi_master) -into $cinputgroup]
## set rdata_group [add_wave_group "Read Channel" -into $B_group]
## set wdata_group [add_wave_group "Write Channel" -into $B_group]
## set ctrl_group [add_wave_group "Handshakes" -into $B_group]
## add_wave /apatb_MM_top/AESL_inst_MM/m_axi_gmem1_BUSER -into $wdata_group -radix hex
## add_wave /apatb_MM_top/AESL_inst_MM/m_axi_gmem1_BID -into $wdata_group -radix hex
## add_wave /apatb_MM_top/AESL_inst_MM/m_axi_gmem1_BRESP -into $wdata_group -radix hex
## add_wave /apatb_MM_top/AESL_inst_MM/m_axi_gmem1_BREADY -into $ctrl_group -color #ffff00 -radix hex
## add_wave /apatb_MM_top/AESL_inst_MM/m_axi_gmem1_BVALID -into $ctrl_group -color #ffff00 -radix hex
## add_wave /apatb_MM_top/AESL_inst_MM/m_axi_gmem1_RRESP -into $rdata_group -radix hex
## add_wave /apatb_MM_top/AESL_inst_MM/m_axi_gmem1_RUSER -into $rdata_group -radix hex
## add_wave /apatb_MM_top/AESL_inst_MM/m_axi_gmem1_RID -into $rdata_group -radix hex
## add_wave /apatb_MM_top/AESL_inst_MM/m_axi_gmem1_RLAST -into $ctrl_group -color #ffff00 -radix hex
## add_wave /apatb_MM_top/AESL_inst_MM/m_axi_gmem1_RDATA -into $rdata_group -radix hex
## add_wave /apatb_MM_top/AESL_inst_MM/m_axi_gmem1_RREADY -into $ctrl_group -color #ffff00 -radix hex
## add_wave /apatb_MM_top/AESL_inst_MM/m_axi_gmem1_RVALID -into $ctrl_group -color #ffff00 -radix hex
## add_wave /apatb_MM_top/AESL_inst_MM/m_axi_gmem1_ARUSER -into $rdata_group -radix hex
## add_wave /apatb_MM_top/AESL_inst_MM/m_axi_gmem1_ARREGION -into $rdata_group -radix hex
## add_wave /apatb_MM_top/AESL_inst_MM/m_axi_gmem1_ARQOS -into $rdata_group -radix hex
## add_wave /apatb_MM_top/AESL_inst_MM/m_axi_gmem1_ARPROT -into $rdata_group -radix hex
## add_wave /apatb_MM_top/AESL_inst_MM/m_axi_gmem1_ARCACHE -into $rdata_group -radix hex
## add_wave /apatb_MM_top/AESL_inst_MM/m_axi_gmem1_ARLOCK -into $rdata_group -radix hex
## add_wave /apatb_MM_top/AESL_inst_MM/m_axi_gmem1_ARBURST -into $rdata_group -radix hex
## add_wave /apatb_MM_top/AESL_inst_MM/m_axi_gmem1_ARSIZE -into $rdata_group -radix hex
## add_wave /apatb_MM_top/AESL_inst_MM/m_axi_gmem1_ARLEN -into $rdata_group -radix hex
## add_wave /apatb_MM_top/AESL_inst_MM/m_axi_gmem1_ARID -into $rdata_group -radix hex
## add_wave /apatb_MM_top/AESL_inst_MM/m_axi_gmem1_ARADDR -into $rdata_group -radix hex
## add_wave /apatb_MM_top/AESL_inst_MM/m_axi_gmem1_ARREADY -into $ctrl_group -color #ffff00 -radix hex
## add_wave /apatb_MM_top/AESL_inst_MM/m_axi_gmem1_ARVALID -into $ctrl_group -color #ffff00 -radix hex
## add_wave /apatb_MM_top/AESL_inst_MM/m_axi_gmem1_WUSER -into $wdata_group -radix hex
## add_wave /apatb_MM_top/AESL_inst_MM/m_axi_gmem1_WID -into $wdata_group -radix hex
## add_wave /apatb_MM_top/AESL_inst_MM/m_axi_gmem1_WLAST -into $ctrl_group -color #ffff00 -radix hex
## add_wave /apatb_MM_top/AESL_inst_MM/m_axi_gmem1_WSTRB -into $wdata_group -radix hex
## add_wave /apatb_MM_top/AESL_inst_MM/m_axi_gmem1_WDATA -into $wdata_group -radix hex
## add_wave /apatb_MM_top/AESL_inst_MM/m_axi_gmem1_WREADY -into $ctrl_group -color #ffff00 -radix hex
## add_wave /apatb_MM_top/AESL_inst_MM/m_axi_gmem1_WVALID -into $ctrl_group -color #ffff00 -radix hex
## add_wave /apatb_MM_top/AESL_inst_MM/m_axi_gmem1_AWUSER -into $wdata_group -radix hex
## add_wave /apatb_MM_top/AESL_inst_MM/m_axi_gmem1_AWREGION -into $wdata_group -radix hex
## add_wave /apatb_MM_top/AESL_inst_MM/m_axi_gmem1_AWQOS -into $wdata_group -radix hex
## add_wave /apatb_MM_top/AESL_inst_MM/m_axi_gmem1_AWPROT -into $wdata_group -radix hex
## add_wave /apatb_MM_top/AESL_inst_MM/m_axi_gmem1_AWCACHE -into $wdata_group -radix hex
## add_wave /apatb_MM_top/AESL_inst_MM/m_axi_gmem1_AWLOCK -into $wdata_group -radix hex
## add_wave /apatb_MM_top/AESL_inst_MM/m_axi_gmem1_AWBURST -into $wdata_group -radix hex
## add_wave /apatb_MM_top/AESL_inst_MM/m_axi_gmem1_AWSIZE -into $wdata_group -radix hex
## add_wave /apatb_MM_top/AESL_inst_MM/m_axi_gmem1_AWLEN -into $wdata_group -radix hex
## add_wave /apatb_MM_top/AESL_inst_MM/m_axi_gmem1_AWID -into $wdata_group -radix hex
## add_wave /apatb_MM_top/AESL_inst_MM/m_axi_gmem1_AWADDR -into $wdata_group -radix hex
## add_wave /apatb_MM_top/AESL_inst_MM/m_axi_gmem1_AWREADY -into $ctrl_group -color #ffff00 -radix hex
## add_wave /apatb_MM_top/AESL_inst_MM/m_axi_gmem1_AWVALID -into $ctrl_group -color #ffff00 -radix hex
## set AT_group [add_wave_group AT(axi_master) -into $cinputgroup]
## set rdata_group [add_wave_group "Read Channel" -into $AT_group]
## set wdata_group [add_wave_group "Write Channel" -into $AT_group]
## set ctrl_group [add_wave_group "Handshakes" -into $AT_group]
## add_wave /apatb_MM_top/AESL_inst_MM/m_axi_gmem0_BUSER -into $wdata_group -radix hex
## add_wave /apatb_MM_top/AESL_inst_MM/m_axi_gmem0_BID -into $wdata_group -radix hex
## add_wave /apatb_MM_top/AESL_inst_MM/m_axi_gmem0_BRESP -into $wdata_group -radix hex
## add_wave /apatb_MM_top/AESL_inst_MM/m_axi_gmem0_BREADY -into $ctrl_group -color #ffff00 -radix hex
## add_wave /apatb_MM_top/AESL_inst_MM/m_axi_gmem0_BVALID -into $ctrl_group -color #ffff00 -radix hex
## add_wave /apatb_MM_top/AESL_inst_MM/m_axi_gmem0_RRESP -into $rdata_group -radix hex
## add_wave /apatb_MM_top/AESL_inst_MM/m_axi_gmem0_RUSER -into $rdata_group -radix hex
## add_wave /apatb_MM_top/AESL_inst_MM/m_axi_gmem0_RID -into $rdata_group -radix hex
## add_wave /apatb_MM_top/AESL_inst_MM/m_axi_gmem0_RLAST -into $ctrl_group -color #ffff00 -radix hex
## add_wave /apatb_MM_top/AESL_inst_MM/m_axi_gmem0_RDATA -into $rdata_group -radix hex
## add_wave /apatb_MM_top/AESL_inst_MM/m_axi_gmem0_RREADY -into $ctrl_group -color #ffff00 -radix hex
## add_wave /apatb_MM_top/AESL_inst_MM/m_axi_gmem0_RVALID -into $ctrl_group -color #ffff00 -radix hex
## add_wave /apatb_MM_top/AESL_inst_MM/m_axi_gmem0_ARUSER -into $rdata_group -radix hex
## add_wave /apatb_MM_top/AESL_inst_MM/m_axi_gmem0_ARREGION -into $rdata_group -radix hex
## add_wave /apatb_MM_top/AESL_inst_MM/m_axi_gmem0_ARQOS -into $rdata_group -radix hex
## add_wave /apatb_MM_top/AESL_inst_MM/m_axi_gmem0_ARPROT -into $rdata_group -radix hex
## add_wave /apatb_MM_top/AESL_inst_MM/m_axi_gmem0_ARCACHE -into $rdata_group -radix hex
## add_wave /apatb_MM_top/AESL_inst_MM/m_axi_gmem0_ARLOCK -into $rdata_group -radix hex
## add_wave /apatb_MM_top/AESL_inst_MM/m_axi_gmem0_ARBURST -into $rdata_group -radix hex
## add_wave /apatb_MM_top/AESL_inst_MM/m_axi_gmem0_ARSIZE -into $rdata_group -radix hex
## add_wave /apatb_MM_top/AESL_inst_MM/m_axi_gmem0_ARLEN -into $rdata_group -radix hex
## add_wave /apatb_MM_top/AESL_inst_MM/m_axi_gmem0_ARID -into $rdata_group -radix hex
## add_wave /apatb_MM_top/AESL_inst_MM/m_axi_gmem0_ARADDR -into $rdata_group -radix hex
## add_wave /apatb_MM_top/AESL_inst_MM/m_axi_gmem0_ARREADY -into $ctrl_group -color #ffff00 -radix hex
## add_wave /apatb_MM_top/AESL_inst_MM/m_axi_gmem0_ARVALID -into $ctrl_group -color #ffff00 -radix hex
## add_wave /apatb_MM_top/AESL_inst_MM/m_axi_gmem0_WUSER -into $wdata_group -radix hex
## add_wave /apatb_MM_top/AESL_inst_MM/m_axi_gmem0_WID -into $wdata_group -radix hex
## add_wave /apatb_MM_top/AESL_inst_MM/m_axi_gmem0_WLAST -into $ctrl_group -color #ffff00 -radix hex
## add_wave /apatb_MM_top/AESL_inst_MM/m_axi_gmem0_WSTRB -into $wdata_group -radix hex
## add_wave /apatb_MM_top/AESL_inst_MM/m_axi_gmem0_WDATA -into $wdata_group -radix hex
## add_wave /apatb_MM_top/AESL_inst_MM/m_axi_gmem0_WREADY -into $ctrl_group -color #ffff00 -radix hex
## add_wave /apatb_MM_top/AESL_inst_MM/m_axi_gmem0_WVALID -into $ctrl_group -color #ffff00 -radix hex
## add_wave /apatb_MM_top/AESL_inst_MM/m_axi_gmem0_AWUSER -into $wdata_group -radix hex
## add_wave /apatb_MM_top/AESL_inst_MM/m_axi_gmem0_AWREGION -into $wdata_group -radix hex
## add_wave /apatb_MM_top/AESL_inst_MM/m_axi_gmem0_AWQOS -into $wdata_group -radix hex
## add_wave /apatb_MM_top/AESL_inst_MM/m_axi_gmem0_AWPROT -into $wdata_group -radix hex
## add_wave /apatb_MM_top/AESL_inst_MM/m_axi_gmem0_AWCACHE -into $wdata_group -radix hex
## add_wave /apatb_MM_top/AESL_inst_MM/m_axi_gmem0_AWLOCK -into $wdata_group -radix hex
## add_wave /apatb_MM_top/AESL_inst_MM/m_axi_gmem0_AWBURST -into $wdata_group -radix hex
## add_wave /apatb_MM_top/AESL_inst_MM/m_axi_gmem0_AWSIZE -into $wdata_group -radix hex
## add_wave /apatb_MM_top/AESL_inst_MM/m_axi_gmem0_AWLEN -into $wdata_group -radix hex
## add_wave /apatb_MM_top/AESL_inst_MM/m_axi_gmem0_AWID -into $wdata_group -radix hex
## add_wave /apatb_MM_top/AESL_inst_MM/m_axi_gmem0_AWADDR -into $wdata_group -radix hex
## add_wave /apatb_MM_top/AESL_inst_MM/m_axi_gmem0_AWREADY -into $ctrl_group -color #ffff00 -radix hex
## add_wave /apatb_MM_top/AESL_inst_MM/m_axi_gmem0_AWVALID -into $ctrl_group -color #ffff00 -radix hex
## set blocksiggroup [add_wave_group "Block-level IO Handshake(internal)" -into $designtopgroup]
## add_wave /apatb_MM_top/AESL_inst_MM/ap_done -into $blocksiggroup
## add_wave /apatb_MM_top/AESL_inst_MM/ap_idle -into $blocksiggroup
## add_wave /apatb_MM_top/AESL_inst_MM/ap_ready -into $blocksiggroup
## add_wave /apatb_MM_top/AESL_inst_MM/ap_start -into $blocksiggroup
## set resetgroup [add_wave_group "Reset" -into $designtopgroup]
## add_wave /apatb_MM_top/AESL_inst_MM/ap_rst_n -into $resetgroup
## set clockgroup [add_wave_group "Clock" -into $designtopgroup]
## add_wave /apatb_MM_top/AESL_inst_MM/ap_clk -into $clockgroup
## set testbenchgroup [add_wave_group "Test Bench Signals"]
## set tbinternalsiggroup [add_wave_group "Internal Signals" -into $testbenchgroup]
## set tb_simstatus_group [add_wave_group "Simulation Status" -into $tbinternalsiggroup]
## set tb_portdepth_group [add_wave_group "Port Depth" -into $tbinternalsiggroup]
## add_wave /apatb_MM_top/AUTOTB_TRANSACTION_NUM -into $tb_simstatus_group -radix hex
## add_wave /apatb_MM_top/ready_cnt -into $tb_simstatus_group -radix hex
## add_wave /apatb_MM_top/done_cnt -into $tb_simstatus_group -radix hex
## add_wave /apatb_MM_top/LENGTH_ABC -into $tb_portdepth_group -radix hex
## add_wave /apatb_MM_top/LENGTH_AT -into $tb_portdepth_group -radix hex
## add_wave /apatb_MM_top/LENGTH_B -into $tb_portdepth_group -radix hex
## add_wave /apatb_MM_top/LENGTH_C -into $tb_portdepth_group -radix hex
## add_wave /apatb_MM_top/LENGTH_M -into $tb_portdepth_group -radix hex
## add_wave /apatb_MM_top/LENGTH_N -into $tb_portdepth_group -radix hex
## add_wave /apatb_MM_top/LENGTH_P -into $tb_portdepth_group -radix hex
## add_wave /apatb_MM_top/LENGTH_gmem0 -into $tb_portdepth_group -radix hex
## add_wave /apatb_MM_top/LENGTH_gmem1 -into $tb_portdepth_group -radix hex
## add_wave /apatb_MM_top/LENGTH_gmem2 -into $tb_portdepth_group -radix hex
## add_wave /apatb_MM_top/LENGTH_gmem3 -into $tb_portdepth_group -radix hex
## set tbcinoutgroup [add_wave_group "C InOuts" -into $testbenchgroup]
## set tb_AT__B__C__ABC__N__M__P__return_group [add_wave_group AT__B__C__ABC__N__M__P__return(axi_slave) -into $tbcinoutgroup]
## add_wave /apatb_MM_top/control_INTERRUPT -into $tb_AT__B__C__ABC__N__M__P__return_group -color #ffff00 -radix hex
## add_wave /apatb_MM_top/control_BRESP -into $tb_AT__B__C__ABC__N__M__P__return_group -radix hex
## add_wave /apatb_MM_top/control_BREADY -into $tb_AT__B__C__ABC__N__M__P__return_group -color #ffff00 -radix hex
## add_wave /apatb_MM_top/control_BVALID -into $tb_AT__B__C__ABC__N__M__P__return_group -color #ffff00 -radix hex
## add_wave /apatb_MM_top/control_RRESP -into $tb_AT__B__C__ABC__N__M__P__return_group -radix hex
## add_wave /apatb_MM_top/control_RDATA -into $tb_AT__B__C__ABC__N__M__P__return_group -radix hex
## add_wave /apatb_MM_top/control_RREADY -into $tb_AT__B__C__ABC__N__M__P__return_group -color #ffff00 -radix hex
## add_wave /apatb_MM_top/control_RVALID -into $tb_AT__B__C__ABC__N__M__P__return_group -color #ffff00 -radix hex
## add_wave /apatb_MM_top/control_ARREADY -into $tb_AT__B__C__ABC__N__M__P__return_group -color #ffff00 -radix hex
## add_wave /apatb_MM_top/control_ARVALID -into $tb_AT__B__C__ABC__N__M__P__return_group -color #ffff00 -radix hex
## add_wave /apatb_MM_top/control_ARADDR -into $tb_AT__B__C__ABC__N__M__P__return_group -radix hex
## add_wave /apatb_MM_top/control_WSTRB -into $tb_AT__B__C__ABC__N__M__P__return_group -radix hex
## add_wave /apatb_MM_top/control_WDATA -into $tb_AT__B__C__ABC__N__M__P__return_group -radix hex
## add_wave /apatb_MM_top/control_WREADY -into $tb_AT__B__C__ABC__N__M__P__return_group -color #ffff00 -radix hex
## add_wave /apatb_MM_top/control_WVALID -into $tb_AT__B__C__ABC__N__M__P__return_group -color #ffff00 -radix hex
## add_wave /apatb_MM_top/control_AWREADY -into $tb_AT__B__C__ABC__N__M__P__return_group -color #ffff00 -radix hex
## add_wave /apatb_MM_top/control_AWVALID -into $tb_AT__B__C__ABC__N__M__P__return_group -color #ffff00 -radix hex
## add_wave /apatb_MM_top/control_AWADDR -into $tb_AT__B__C__ABC__N__M__P__return_group -radix hex
## set tbcoutputgroup [add_wave_group "C Outputs" -into $testbenchgroup]
## set tb_ABC_group [add_wave_group ABC(axi_master) -into $tbcoutputgroup]
## set rdata_group [add_wave_group "Read Channel" -into $tb_ABC_group]
## set wdata_group [add_wave_group "Write Channel" -into $tb_ABC_group]
## set ctrl_group [add_wave_group "Handshakes" -into $tb_ABC_group]
## add_wave /apatb_MM_top/gmem3_BUSER -into $wdata_group -radix hex
## add_wave /apatb_MM_top/gmem3_BID -into $wdata_group -radix hex
## add_wave /apatb_MM_top/gmem3_BRESP -into $wdata_group -radix hex
## add_wave /apatb_MM_top/gmem3_BREADY -into $ctrl_group -color #ffff00 -radix hex
## add_wave /apatb_MM_top/gmem3_BVALID -into $ctrl_group -color #ffff00 -radix hex
## add_wave /apatb_MM_top/gmem3_RRESP -into $rdata_group -radix hex
## add_wave /apatb_MM_top/gmem3_RUSER -into $rdata_group -radix hex
## add_wave /apatb_MM_top/gmem3_RID -into $rdata_group -radix hex
## add_wave /apatb_MM_top/gmem3_RLAST -into $ctrl_group -color #ffff00 -radix hex
## add_wave /apatb_MM_top/gmem3_RDATA -into $rdata_group -radix hex
## add_wave /apatb_MM_top/gmem3_RREADY -into $ctrl_group -color #ffff00 -radix hex
## add_wave /apatb_MM_top/gmem3_RVALID -into $ctrl_group -color #ffff00 -radix hex
## add_wave /apatb_MM_top/gmem3_ARUSER -into $rdata_group -radix hex
## add_wave /apatb_MM_top/gmem3_ARREGION -into $rdata_group -radix hex
## add_wave /apatb_MM_top/gmem3_ARQOS -into $rdata_group -radix hex
## add_wave /apatb_MM_top/gmem3_ARPROT -into $rdata_group -radix hex
## add_wave /apatb_MM_top/gmem3_ARCACHE -into $rdata_group -radix hex
## add_wave /apatb_MM_top/gmem3_ARLOCK -into $rdata_group -radix hex
## add_wave /apatb_MM_top/gmem3_ARBURST -into $rdata_group -radix hex
## add_wave /apatb_MM_top/gmem3_ARSIZE -into $rdata_group -radix hex
## add_wave /apatb_MM_top/gmem3_ARLEN -into $rdata_group -radix hex
## add_wave /apatb_MM_top/gmem3_ARID -into $rdata_group -radix hex
## add_wave /apatb_MM_top/gmem3_ARADDR -into $rdata_group -radix hex
## add_wave /apatb_MM_top/gmem3_ARREADY -into $ctrl_group -color #ffff00 -radix hex
## add_wave /apatb_MM_top/gmem3_ARVALID -into $ctrl_group -color #ffff00 -radix hex
## add_wave /apatb_MM_top/gmem3_WUSER -into $wdata_group -radix hex
## add_wave /apatb_MM_top/gmem3_WID -into $wdata_group -radix hex
## add_wave /apatb_MM_top/gmem3_WLAST -into $ctrl_group -color #ffff00 -radix hex
## add_wave /apatb_MM_top/gmem3_WSTRB -into $wdata_group -radix hex
## add_wave /apatb_MM_top/gmem3_WDATA -into $wdata_group -radix hex
## add_wave /apatb_MM_top/gmem3_WREADY -into $ctrl_group -color #ffff00 -radix hex
## add_wave /apatb_MM_top/gmem3_WVALID -into $ctrl_group -color #ffff00 -radix hex
## add_wave /apatb_MM_top/gmem3_AWUSER -into $wdata_group -radix hex
## add_wave /apatb_MM_top/gmem3_AWREGION -into $wdata_group -radix hex
## add_wave /apatb_MM_top/gmem3_AWQOS -into $wdata_group -radix hex
## add_wave /apatb_MM_top/gmem3_AWPROT -into $wdata_group -radix hex
## add_wave /apatb_MM_top/gmem3_AWCACHE -into $wdata_group -radix hex
## add_wave /apatb_MM_top/gmem3_AWLOCK -into $wdata_group -radix hex
## add_wave /apatb_MM_top/gmem3_AWBURST -into $wdata_group -radix hex
## add_wave /apatb_MM_top/gmem3_AWSIZE -into $wdata_group -radix hex
## add_wave /apatb_MM_top/gmem3_AWLEN -into $wdata_group -radix hex
## add_wave /apatb_MM_top/gmem3_AWID -into $wdata_group -radix hex
## add_wave /apatb_MM_top/gmem3_AWADDR -into $wdata_group -radix hex
## add_wave /apatb_MM_top/gmem3_AWREADY -into $ctrl_group -color #ffff00 -radix hex
## add_wave /apatb_MM_top/gmem3_AWVALID -into $ctrl_group -color #ffff00 -radix hex
## set tbcinputgroup [add_wave_group "C Inputs" -into $testbenchgroup]
## set tb_C_group [add_wave_group C(axi_master) -into $tbcinputgroup]
## set rdata_group [add_wave_group "Read Channel" -into $tb_C_group]
## set wdata_group [add_wave_group "Write Channel" -into $tb_C_group]
## set ctrl_group [add_wave_group "Handshakes" -into $tb_C_group]
## add_wave /apatb_MM_top/gmem2_BUSER -into $wdata_group -radix hex
## add_wave /apatb_MM_top/gmem2_BID -into $wdata_group -radix hex
## add_wave /apatb_MM_top/gmem2_BRESP -into $wdata_group -radix hex
## add_wave /apatb_MM_top/gmem2_BREADY -into $ctrl_group -color #ffff00 -radix hex
## add_wave /apatb_MM_top/gmem2_BVALID -into $ctrl_group -color #ffff00 -radix hex
## add_wave /apatb_MM_top/gmem2_RRESP -into $rdata_group -radix hex
## add_wave /apatb_MM_top/gmem2_RUSER -into $rdata_group -radix hex
## add_wave /apatb_MM_top/gmem2_RID -into $rdata_group -radix hex
## add_wave /apatb_MM_top/gmem2_RLAST -into $ctrl_group -color #ffff00 -radix hex
## add_wave /apatb_MM_top/gmem2_RDATA -into $rdata_group -radix hex
## add_wave /apatb_MM_top/gmem2_RREADY -into $ctrl_group -color #ffff00 -radix hex
## add_wave /apatb_MM_top/gmem2_RVALID -into $ctrl_group -color #ffff00 -radix hex
## add_wave /apatb_MM_top/gmem2_ARUSER -into $rdata_group -radix hex
## add_wave /apatb_MM_top/gmem2_ARREGION -into $rdata_group -radix hex
## add_wave /apatb_MM_top/gmem2_ARQOS -into $rdata_group -radix hex
## add_wave /apatb_MM_top/gmem2_ARPROT -into $rdata_group -radix hex
## add_wave /apatb_MM_top/gmem2_ARCACHE -into $rdata_group -radix hex
## add_wave /apatb_MM_top/gmem2_ARLOCK -into $rdata_group -radix hex
## add_wave /apatb_MM_top/gmem2_ARBURST -into $rdata_group -radix hex
## add_wave /apatb_MM_top/gmem2_ARSIZE -into $rdata_group -radix hex
## add_wave /apatb_MM_top/gmem2_ARLEN -into $rdata_group -radix hex
## add_wave /apatb_MM_top/gmem2_ARID -into $rdata_group -radix hex
## add_wave /apatb_MM_top/gmem2_ARADDR -into $rdata_group -radix hex
## add_wave /apatb_MM_top/gmem2_ARREADY -into $ctrl_group -color #ffff00 -radix hex
## add_wave /apatb_MM_top/gmem2_ARVALID -into $ctrl_group -color #ffff00 -radix hex
## add_wave /apatb_MM_top/gmem2_WUSER -into $wdata_group -radix hex
## add_wave /apatb_MM_top/gmem2_WID -into $wdata_group -radix hex
## add_wave /apatb_MM_top/gmem2_WLAST -into $ctrl_group -color #ffff00 -radix hex
## add_wave /apatb_MM_top/gmem2_WSTRB -into $wdata_group -radix hex
## add_wave /apatb_MM_top/gmem2_WDATA -into $wdata_group -radix hex
## add_wave /apatb_MM_top/gmem2_WREADY -into $ctrl_group -color #ffff00 -radix hex
## add_wave /apatb_MM_top/gmem2_WVALID -into $ctrl_group -color #ffff00 -radix hex
## add_wave /apatb_MM_top/gmem2_AWUSER -into $wdata_group -radix hex
## add_wave /apatb_MM_top/gmem2_AWREGION -into $wdata_group -radix hex
## add_wave /apatb_MM_top/gmem2_AWQOS -into $wdata_group -radix hex
## add_wave /apatb_MM_top/gmem2_AWPROT -into $wdata_group -radix hex
## add_wave /apatb_MM_top/gmem2_AWCACHE -into $wdata_group -radix hex
## add_wave /apatb_MM_top/gmem2_AWLOCK -into $wdata_group -radix hex
## add_wave /apatb_MM_top/gmem2_AWBURST -into $wdata_group -radix hex
## add_wave /apatb_MM_top/gmem2_AWSIZE -into $wdata_group -radix hex
## add_wave /apatb_MM_top/gmem2_AWLEN -into $wdata_group -radix hex
## add_wave /apatb_MM_top/gmem2_AWID -into $wdata_group -radix hex
## add_wave /apatb_MM_top/gmem2_AWADDR -into $wdata_group -radix hex
## add_wave /apatb_MM_top/gmem2_AWREADY -into $ctrl_group -color #ffff00 -radix hex
## add_wave /apatb_MM_top/gmem2_AWVALID -into $ctrl_group -color #ffff00 -radix hex
## set tb_B_group [add_wave_group B(axi_master) -into $tbcinputgroup]
## set rdata_group [add_wave_group "Read Channel" -into $tb_B_group]
## set wdata_group [add_wave_group "Write Channel" -into $tb_B_group]
## set ctrl_group [add_wave_group "Handshakes" -into $tb_B_group]
## add_wave /apatb_MM_top/gmem1_BUSER -into $wdata_group -radix hex
## add_wave /apatb_MM_top/gmem1_BID -into $wdata_group -radix hex
## add_wave /apatb_MM_top/gmem1_BRESP -into $wdata_group -radix hex
## add_wave /apatb_MM_top/gmem1_BREADY -into $ctrl_group -color #ffff00 -radix hex
## add_wave /apatb_MM_top/gmem1_BVALID -into $ctrl_group -color #ffff00 -radix hex
## add_wave /apatb_MM_top/gmem1_RRESP -into $rdata_group -radix hex
## add_wave /apatb_MM_top/gmem1_RUSER -into $rdata_group -radix hex
## add_wave /apatb_MM_top/gmem1_RID -into $rdata_group -radix hex
## add_wave /apatb_MM_top/gmem1_RLAST -into $ctrl_group -color #ffff00 -radix hex
## add_wave /apatb_MM_top/gmem1_RDATA -into $rdata_group -radix hex
## add_wave /apatb_MM_top/gmem1_RREADY -into $ctrl_group -color #ffff00 -radix hex
## add_wave /apatb_MM_top/gmem1_RVALID -into $ctrl_group -color #ffff00 -radix hex
## add_wave /apatb_MM_top/gmem1_ARUSER -into $rdata_group -radix hex
## add_wave /apatb_MM_top/gmem1_ARREGION -into $rdata_group -radix hex
## add_wave /apatb_MM_top/gmem1_ARQOS -into $rdata_group -radix hex
## add_wave /apatb_MM_top/gmem1_ARPROT -into $rdata_group -radix hex
## add_wave /apatb_MM_top/gmem1_ARCACHE -into $rdata_group -radix hex
## add_wave /apatb_MM_top/gmem1_ARLOCK -into $rdata_group -radix hex
## add_wave /apatb_MM_top/gmem1_ARBURST -into $rdata_group -radix hex
## add_wave /apatb_MM_top/gmem1_ARSIZE -into $rdata_group -radix hex
## add_wave /apatb_MM_top/gmem1_ARLEN -into $rdata_group -radix hex
## add_wave /apatb_MM_top/gmem1_ARID -into $rdata_group -radix hex
## add_wave /apatb_MM_top/gmem1_ARADDR -into $rdata_group -radix hex
## add_wave /apatb_MM_top/gmem1_ARREADY -into $ctrl_group -color #ffff00 -radix hex
## add_wave /apatb_MM_top/gmem1_ARVALID -into $ctrl_group -color #ffff00 -radix hex
## add_wave /apatb_MM_top/gmem1_WUSER -into $wdata_group -radix hex
## add_wave /apatb_MM_top/gmem1_WID -into $wdata_group -radix hex
## add_wave /apatb_MM_top/gmem1_WLAST -into $ctrl_group -color #ffff00 -radix hex
## add_wave /apatb_MM_top/gmem1_WSTRB -into $wdata_group -radix hex
## add_wave /apatb_MM_top/gmem1_WDATA -into $wdata_group -radix hex
## add_wave /apatb_MM_top/gmem1_WREADY -into $ctrl_group -color #ffff00 -radix hex
## add_wave /apatb_MM_top/gmem1_WVALID -into $ctrl_group -color #ffff00 -radix hex
## add_wave /apatb_MM_top/gmem1_AWUSER -into $wdata_group -radix hex
## add_wave /apatb_MM_top/gmem1_AWREGION -into $wdata_group -radix hex
## add_wave /apatb_MM_top/gmem1_AWQOS -into $wdata_group -radix hex
## add_wave /apatb_MM_top/gmem1_AWPROT -into $wdata_group -radix hex
## add_wave /apatb_MM_top/gmem1_AWCACHE -into $wdata_group -radix hex
## add_wave /apatb_MM_top/gmem1_AWLOCK -into $wdata_group -radix hex
## add_wave /apatb_MM_top/gmem1_AWBURST -into $wdata_group -radix hex
## add_wave /apatb_MM_top/gmem1_AWSIZE -into $wdata_group -radix hex
## add_wave /apatb_MM_top/gmem1_AWLEN -into $wdata_group -radix hex
## add_wave /apatb_MM_top/gmem1_AWID -into $wdata_group -radix hex
## add_wave /apatb_MM_top/gmem1_AWADDR -into $wdata_group -radix hex
## add_wave /apatb_MM_top/gmem1_AWREADY -into $ctrl_group -color #ffff00 -radix hex
## add_wave /apatb_MM_top/gmem1_AWVALID -into $ctrl_group -color #ffff00 -radix hex
## set tb_AT_group [add_wave_group AT(axi_master) -into $tbcinputgroup]
## set rdata_group [add_wave_group "Read Channel" -into $tb_AT_group]
## set wdata_group [add_wave_group "Write Channel" -into $tb_AT_group]
## set ctrl_group [add_wave_group "Handshakes" -into $tb_AT_group]
## add_wave /apatb_MM_top/gmem0_BUSER -into $wdata_group -radix hex
## add_wave /apatb_MM_top/gmem0_BID -into $wdata_group -radix hex
## add_wave /apatb_MM_top/gmem0_BRESP -into $wdata_group -radix hex
## add_wave /apatb_MM_top/gmem0_BREADY -into $ctrl_group -color #ffff00 -radix hex
## add_wave /apatb_MM_top/gmem0_BVALID -into $ctrl_group -color #ffff00 -radix hex
## add_wave /apatb_MM_top/gmem0_RRESP -into $rdata_group -radix hex
## add_wave /apatb_MM_top/gmem0_RUSER -into $rdata_group -radix hex
## add_wave /apatb_MM_top/gmem0_RID -into $rdata_group -radix hex
## add_wave /apatb_MM_top/gmem0_RLAST -into $ctrl_group -color #ffff00 -radix hex
## add_wave /apatb_MM_top/gmem0_RDATA -into $rdata_group -radix hex
## add_wave /apatb_MM_top/gmem0_RREADY -into $ctrl_group -color #ffff00 -radix hex
## add_wave /apatb_MM_top/gmem0_RVALID -into $ctrl_group -color #ffff00 -radix hex
## add_wave /apatb_MM_top/gmem0_ARUSER -into $rdata_group -radix hex
## add_wave /apatb_MM_top/gmem0_ARREGION -into $rdata_group -radix hex
## add_wave /apatb_MM_top/gmem0_ARQOS -into $rdata_group -radix hex
## add_wave /apatb_MM_top/gmem0_ARPROT -into $rdata_group -radix hex
## add_wave /apatb_MM_top/gmem0_ARCACHE -into $rdata_group -radix hex
## add_wave /apatb_MM_top/gmem0_ARLOCK -into $rdata_group -radix hex
## add_wave /apatb_MM_top/gmem0_ARBURST -into $rdata_group -radix hex
## add_wave /apatb_MM_top/gmem0_ARSIZE -into $rdata_group -radix hex
## add_wave /apatb_MM_top/gmem0_ARLEN -into $rdata_group -radix hex
## add_wave /apatb_MM_top/gmem0_ARID -into $rdata_group -radix hex
## add_wave /apatb_MM_top/gmem0_ARADDR -into $rdata_group -radix hex
## add_wave /apatb_MM_top/gmem0_ARREADY -into $ctrl_group -color #ffff00 -radix hex
## add_wave /apatb_MM_top/gmem0_ARVALID -into $ctrl_group -color #ffff00 -radix hex
## add_wave /apatb_MM_top/gmem0_WUSER -into $wdata_group -radix hex
## add_wave /apatb_MM_top/gmem0_WID -into $wdata_group -radix hex
## add_wave /apatb_MM_top/gmem0_WLAST -into $ctrl_group -color #ffff00 -radix hex
## add_wave /apatb_MM_top/gmem0_WSTRB -into $wdata_group -radix hex
## add_wave /apatb_MM_top/gmem0_WDATA -into $wdata_group -radix hex
## add_wave /apatb_MM_top/gmem0_WREADY -into $ctrl_group -color #ffff00 -radix hex
## add_wave /apatb_MM_top/gmem0_WVALID -into $ctrl_group -color #ffff00 -radix hex
## add_wave /apatb_MM_top/gmem0_AWUSER -into $wdata_group -radix hex
## add_wave /apatb_MM_top/gmem0_AWREGION -into $wdata_group -radix hex
## add_wave /apatb_MM_top/gmem0_AWQOS -into $wdata_group -radix hex
## add_wave /apatb_MM_top/gmem0_AWPROT -into $wdata_group -radix hex
## add_wave /apatb_MM_top/gmem0_AWCACHE -into $wdata_group -radix hex
## add_wave /apatb_MM_top/gmem0_AWLOCK -into $wdata_group -radix hex
## add_wave /apatb_MM_top/gmem0_AWBURST -into $wdata_group -radix hex
## add_wave /apatb_MM_top/gmem0_AWSIZE -into $wdata_group -radix hex
## add_wave /apatb_MM_top/gmem0_AWLEN -into $wdata_group -radix hex
## add_wave /apatb_MM_top/gmem0_AWID -into $wdata_group -radix hex
## add_wave /apatb_MM_top/gmem0_AWADDR -into $wdata_group -radix hex
## add_wave /apatb_MM_top/gmem0_AWREADY -into $ctrl_group -color #ffff00 -radix hex
## add_wave /apatb_MM_top/gmem0_AWVALID -into $ctrl_group -color #ffff00 -radix hex
## save_wave_config MM.wcfg
## run all
UVM_INFO C:/Xilinx/2025.1/Vivado/data/system_verilog/uvm_1.2/xlnx_uvm_package.sv(18601) @ 0: reporter [UVM/RELNOTES] 
----------------------------------------------------------------
UVM-1.2
(C) 2007-2014 Mentor Graphics Corporation
(C) 2007-2014 Cadence Design Systems, Inc.
(C) 2006-2014 Synopsys, Inc.
(C) 2011-2013 Cypress Semiconductor Corp.
(C) 2013-2014 NVIDIA Corporation
----------------------------------------------------------------

  ***********       IMPORTANT RELEASE NOTES         ************

  You are using a version of the UVM library that has been compiled
  with `UVM_NO_DEPRECATED undefined.

  You are using a version of the UVM library that has been compiled
  with `UVM_OBJECT_DO_NOT_NEED_CONSTRUCTOR undefined.

      (Specify +UVM_NO_RELNOTES to turn off this notice)

UVM_INFO C:/Xilinx/2025.1/Vivado/data/system_verilog/uvm_1.2/xlnx_uvm_package.sv(18648) @ 0: reporter [NO_DPI_TSTNAME] UVM_NO_DPI defined--getting UVM_TESTNAME directly, without DPI
UVM_INFO C:/Xilinx/2025.1/Vivado/data/system_verilog/uvm_1.2/xlnx_uvm_package.sv(18752) @ 0: reporter [UVMTOP] UVM testbench topology:
--------------------------------------------------------------------------------------
Name                         Type                              Size  Value            
--------------------------------------------------------------------------------------
uvm_test_top                 MM_test_lib                       -     @374             
  top_env                    MM_env                            -     @385             
    MM_virtual_sqr           MM_virtual_sequencer              -     @685             
      rsp_export             uvm_analysis_export               -     @694             
      seq_item_export        uvm_seq_item_pull_imp             -     @812             
      arbitration_queue      array                             0     -                
      lock_queue             array                             0     -                
      num_last_reqs          integral                          32    'd1              
      num_last_rsps          integral                          32    'd1              
    axi_lite_control         uvm_env                           -     @534             
      item_rtr_port          uvm_analysis_port                 -     @553             
      item_wtr_port          uvm_analysis_port                 -     @543             
      master                 uvm_agent                         -     @1011            
        ardrv                uvm_driver #(REQ,RSP)             -     @1686            
          item_read_imp      uvm_analysis_port                 -     @1715            
          rsp_port           uvm_analysis_port                 -     @1705            
          seq_item_port      uvm_seq_item_pull_port            -     @1695            
          m_num_sent         integral                          32    'h0              
        arsqr                axi_sequencer                     -     @1725            
          rsp_export         uvm_analysis_export               -     @1734            
          seq_item_export    uvm_seq_item_pull_imp             -     @1852            
          arbitration_queue  array                             0     -                
          lock_queue         array                             0     -                
          num_last_reqs      integral                          32    'd1              
          num_last_rsps      integral                          32    'd1              
        awdrv                uvm_driver #(REQ,RSP)             -     @1158            
          item_read_imp      uvm_analysis_port                 -     @1187            
          rsp_port           uvm_analysis_port                 -     @1177            
          seq_item_port      uvm_seq_item_pull_port            -     @1167            
          m_num_sent         integral                          32    'h0              
        awsqr                axi_sequencer                     -     @1197            
          rsp_export         uvm_analysis_export               -     @1206            
          seq_item_export    uvm_seq_item_pull_imp             -     @1324            
          arbitration_queue  array                             0     -                
          lock_queue         array                             0     -                
          num_last_reqs      integral                          32    'd1              
          num_last_rsps      integral                          32    'd1              
        bdrv                 uvm_driver #(REQ,RSP)             -     @1510            
          item_read_imp      uvm_analysis_port                 -     @1539            
          rsp_port           uvm_analysis_port                 -     @1529            
          seq_item_port      uvm_seq_item_pull_port            -     @1519            
          m_num_sent         integral                          32    'h0              
        bsqr                 axi_sequencer                     -     @1549            
          rsp_export         uvm_analysis_export               -     @1558            
          seq_item_export    uvm_seq_item_pull_imp             -     @1676            
          arbitration_queue  array                             0     -                
          lock_queue         array                             0     -                
          num_last_reqs      integral                          32    'd1              
          num_last_rsps      integral                          32    'd1              
        rdrv                 uvm_driver #(REQ,RSP)             -     @1862            
          item_read_imp      uvm_analysis_port                 -     @1891            
          rsp_port           uvm_analysis_port                 -     @1881            
          seq_item_port      uvm_seq_item_pull_port            -     @1871            
          m_num_sent         integral                          32    'h0              
        rsqr                 axi_sequencer                     -     @1901            
          rsp_export         uvm_analysis_export               -     @1910            
          seq_item_export    uvm_seq_item_pull_imp             -     @2028            
          arbitration_queue  array                             0     -                
          lock_queue         array                             0     -                
          num_last_reqs      integral                          32    'd1              
          num_last_rsps      integral                          32    'd1              
        wdrv                 uvm_driver #(REQ,RSP)             -     @1334            
          item_read_imp      uvm_analysis_port                 -     @1363            
          rsp_port           uvm_analysis_port                 -     @1353            
          seq_item_port      uvm_seq_item_pull_port            -     @1343            
          m_num_sent         integral                          32    'h0              
        wsqr                 axi_sequencer                     -     @1373            
          rsp_export         uvm_analysis_export               -     @1382            
          seq_item_export    uvm_seq_item_pull_imp             -     @1500            
          arbitration_queue  array                             0     -                
          lock_queue         array                             0     -                
          num_last_reqs      integral                          32    'd1              
          num_last_rsps      integral                          32    'd1              
      monitor                uvm_monitor                       -     @833             
        item_ar2r_port       uvm_analysis_port                 -     @902             
        item_ar_port         uvm_analysis_port                 -     @872             
        item_aw2b_port       uvm_analysis_port                 -     @892             
        item_aw_port         uvm_analysis_port                 -     @842             
        item_b_port          uvm_analysis_port                 -     @862             
        item_r_port          uvm_analysis_port                 -     @882             
        item_w_port          uvm_analysis_port                 -     @852             
        checks_enable        integral                          1     'h1              
        coverage_enable      integral                          1     'h1              
      state                  axi_state                         -     @912             
        ar2r_imp             uvm_analysis_imp_ar2r             -     @981             
        ar_imp               uvm_analysis_imp_ar               -     @951             
        aw2b_imp             uvm_analysis_imp_aw2b             -     @971             
        aw_imp               uvm_analysis_imp_aw               -     @921             
        b_imp                uvm_analysis_imp_b                -     @941             
        item_rtr_port        uvm_analysis_port                 -     @1001            
        item_wtr_port        uvm_analysis_port                 -     @991             
        r_imp                uvm_analysis_imp_r                -     @961             
        w_imp                uvm_analysis_imp_w                -     @931             
        avg_rate             integral                          32    'h0              
        exp_rate             integral                          32    'h0              
        win_size             integral                          32    'h0              
        bqnum_for_slaseq     integral                          32    'h0              
        rq_from_model_num    integral                          32    'h0              
      vsqr                   axi_virtual_sequencer             -     @1020            
        rsp_export           uvm_analysis_export               -     @1029            
        seq_item_export      uvm_seq_item_pull_imp             -     @1147            
        arbitration_queue    array                             0     -                
        lock_queue           array                             0     -                
        num_last_reqs        integral                          32    'd1              
        num_last_rsps        integral                          32    'd1              
      cfg                    axi_cfg                           -     @404             
        has_checker          integral                          1     'h1              
        has_coverage         integral                          1     'h1              
        id_num               integral                          32    'h1              
        reset_level          reset_level_enum                  32    RESET_LEVEL_LOW  
        drv_type             drv_type_enum                     32    MASTER           
        write_latency_mode   latency_mode_enum                 32    CHANNEL_FIRST    
        read_latency_mode    latency_mode_enum                 32    CHANNEL_FIRST    
        clatency             axi_latency                       -     @532             
          wr_latency         integral                          32    'h0              
          rd_latency         integral                          32    'h0              
    axi_master_gmem0         uvm_env                           -     @410             
      item_rtr_port          uvm_analysis_port                 -     @429             
      item_wtr_port          uvm_analysis_port                 -     @419             
      monitor                uvm_monitor                       -     @2111            
        item_ar2r_port       uvm_analysis_port                 -     @2180            
        item_ar_port         uvm_analysis_port                 -     @2150            
        item_aw2b_port       uvm_analysis_port                 -     @2170            
        item_aw_port         uvm_analysis_port                 -     @2120            
        item_b_port          uvm_analysis_port                 -     @2140            
        item_r_port          uvm_analysis_port                 -     @2160            
        item_w_port          uvm_analysis_port                 -     @2130            
        checks_enable        integral                          1     'h1              
        coverage_enable      integral                          1     'h1              
      slave                  uvm_agent                         -     @2289            
        ardrv                uvm_driver #(REQ,RSP)             -     @2966            
          item_read_imp      uvm_analysis_port                 -     @2995            
          rsp_port           uvm_analysis_port                 -     @2985            
          seq_item_port      uvm_seq_item_pull_port            -     @2975            
          m_num_sent         integral                          32    'h0              
        arsqr                axi_sequencer                     -     @3005            
          rsp_export         uvm_analysis_export               -     @3014            
          seq_item_export    uvm_seq_item_pull_imp             -     @3132            
          arbitration_queue  array                             0     -                
          lock_queue         array                             0     -                
          num_last_reqs      integral                          32    'd1              
          num_last_rsps      integral                          32    'd1              
        awdrv                uvm_driver #(REQ,RSP)             -     @2438            
          item_read_imp      uvm_analysis_port                 -     @2467            
          rsp_port           uvm_analysis_port                 -     @2457            
          seq_item_port      uvm_seq_item_pull_port            -     @2447            
          m_num_sent         integral                          32    'h0              
        awsqr                axi_sequencer                     -     @2477            
          rsp_export         uvm_analysis_export               -     @2486            
          seq_item_export    uvm_seq_item_pull_imp             -     @2604            
          arbitration_queue  array                             0     -                
          lock_queue         array                             0     -                
          num_last_reqs      integral                          32    'd1              
          num_last_rsps      integral                          32    'd1              
        bdrv                 uvm_driver #(REQ,RSP)             -     @2790            
          item_read_imp      uvm_analysis_port                 -     @2819            
          rsp_port           uvm_analysis_port                 -     @2809            
          seq_item_port      uvm_seq_item_pull_port            -     @2799            
          m_num_sent         integral                          32    'h0              
        bsqr                 axi_sequencer                     -     @2829            
          rsp_export         uvm_analysis_export               -     @2838            
          seq_item_export    uvm_seq_item_pull_imp             -     @2956            
          arbitration_queue  array                             0     -                
          lock_queue         array                             0     -                
          num_last_reqs      integral                          32    'd1              
          num_last_rsps      integral                          32    'd1              
        rdrv                 uvm_driver #(REQ,RSP)             -     @3142            
          item_read_imp      uvm_analysis_port                 -     @3171            
          rsp_port           uvm_analysis_port                 -     @3161            
          seq_item_port      uvm_seq_item_pull_port            -     @3151            
          m_num_sent         integral                          32    'h0              
        rsqr                 axi_sequencer                     -     @3181            
          rsp_export         uvm_analysis_export               -     @3190            
          seq_item_export    uvm_seq_item_pull_imp             -     @3308            
          arbitration_queue  array                             0     -                
          lock_queue         array                             0     -                
          num_last_reqs      integral                          32    'd1              
          num_last_rsps      integral                          32    'd1              
        wdrv                 uvm_driver #(REQ,RSP)             -     @2614            
          item_read_imp      uvm_analysis_port                 -     @2643            
          rsp_port           uvm_analysis_port                 -     @2633            
          seq_item_port      uvm_seq_item_pull_port            -     @2623            
          m_num_sent         integral                          32    'h0              
        wsqr                 axi_sequencer                     -     @2653            
          rsp_export         uvm_analysis_export               -     @2662            
          seq_item_export    uvm_seq_item_pull_imp             -     @2780            
          arbitration_queue  array                             0     -                
          lock_queue         array                             0     -                
          num_last_reqs      integral                          32    'd1              
          num_last_rsps      integral                          32    'd1              
      state                  axi_state                         -     @2190            
        ar2r_imp             uvm_analysis_imp_ar2r             -     @2259            
        ar_imp               uvm_analysis_imp_ar               -     @2229            
        aw2b_imp             uvm_analysis_imp_aw2b             -     @2249            
        aw_imp               uvm_analysis_imp_aw               -     @2199            
        b_imp                uvm_analysis_imp_b                -     @2219            
        item_rtr_port        uvm_analysis_port                 -     @2279            
        item_wtr_port        uvm_analysis_port                 -     @2269            
        r_imp                uvm_analysis_imp_r                -     @2239            
        w_imp                uvm_analysis_imp_w                -     @2209            
        avg_rate             integral                          32    'h0              
        exp_rate             integral                          32    'h0              
        win_size             integral                          32    'h0              
        bqnum_for_slaseq     integral                          32    'h0              
        rq_from_model_num    integral                          32    'h0              
      vsqr                   axi_virtual_sequencer             -     @2298            
        rsp_export           uvm_analysis_export               -     @2307            
        seq_item_export      uvm_seq_item_pull_imp             -     @2425            
        arbitration_queue    array                             0     -                
        lock_queue           array                             0     -                
        num_last_reqs        integral                          32    'd1              
        num_last_rsps        integral                          32    'd1              
      cfg                    axi_cfg                           -     @400             
        has_checker          integral                          1     'h1              
        has_coverage         integral                          1     'h1              
        id_num               integral                          32    'h1              
        reset_level          reset_level_enum                  32    RESET_LEVEL_LOW  
        drv_type             drv_type_enum                     32    SLAVE            
        write_latency_mode   latency_mode_enum                 32    TRANSACTION_FIRST
        read_latency_mode    latency_mode_enum                 32    TRANSACTION_FIRST
        clatency             axi_latency                       -     @405             
          wr_latency         integral                          32    'h0              
          rd_latency         integral                          32    'h0              
    axi_master_gmem1         uvm_env                           -     @441             
      item_rtr_port          uvm_analysis_port                 -     @460             
      item_wtr_port          uvm_analysis_port                 -     @450             
      monitor                uvm_monitor                       -     @3389            
        item_ar2r_port       uvm_analysis_port                 -     @3458            
        item_ar_port         uvm_analysis_port                 -     @3428            
        item_aw2b_port       uvm_analysis_port                 -     @3448            
        item_aw_port         uvm_analysis_port                 -     @3398            
        item_b_port          uvm_analysis_port                 -     @3418            
        item_r_port          uvm_analysis_port                 -     @3438            
        item_w_port          uvm_analysis_port                 -     @3408            
        checks_enable        integral                          1     'h1              
        coverage_enable      integral                          1     'h1              
      slave                  uvm_agent                         -     @3567            
        ardrv                uvm_driver #(REQ,RSP)             -     @4244            
          item_read_imp      uvm_analysis_port                 -     @4273            
          rsp_port           uvm_analysis_port                 -     @4263            
          seq_item_port      uvm_seq_item_pull_port            -     @4253            
          m_num_sent         integral                          32    'h0              
        arsqr                axi_sequencer                     -     @4283            
          rsp_export         uvm_analysis_export               -     @4292            
          seq_item_export    uvm_seq_item_pull_imp             -     @4410            
          arbitration_queue  array                             0     -                
          lock_queue         array                             0     -                
          num_last_reqs      integral                          32    'd1              
          num_last_rsps      integral                          32    'd1              
        awdrv                uvm_driver #(REQ,RSP)             -     @3716            
          item_read_imp      uvm_analysis_port                 -     @3745            
          rsp_port           uvm_analysis_port                 -     @3735            
          seq_item_port      uvm_seq_item_pull_port            -     @3725            
          m_num_sent         integral                          32    'h0              
        awsqr                axi_sequencer                     -     @3755            
          rsp_export         uvm_analysis_export               -     @3764            
          seq_item_export    uvm_seq_item_pull_imp             -     @3882            
          arbitration_queue  array                             0     -                
          lock_queue         array                             0     -                
          num_last_reqs      integral                          32    'd1              
          num_last_rsps      integral                          32    'd1              
        bdrv                 uvm_driver #(REQ,RSP)             -     @4068            
          item_read_imp      uvm_analysis_port                 -     @4097            
          rsp_port           uvm_analysis_port                 -     @4087            
          seq_item_port      uvm_seq_item_pull_port            -     @4077            
          m_num_sent         integral                          32    'h0              
        bsqr                 axi_sequencer                     -     @4107            
          rsp_export         uvm_analysis_export               -     @4116            
          seq_item_export    uvm_seq_item_pull_imp             -     @4234            
          arbitration_queue  array                             0     -                
          lock_queue         array                             0     -                
          num_last_reqs      integral                          32    'd1              
          num_last_rsps      integral                          32    'd1              
        rdrv                 uvm_driver #(REQ,RSP)             -     @4420            
          item_read_imp      uvm_analysis_port                 -     @4449            
          rsp_port           uvm_analysis_port                 -     @4439            
          seq_item_port      uvm_seq_item_pull_port            -     @4429            
          m_num_sent         integral                          32    'h0              
        rsqr                 axi_sequencer                     -     @4459            
          rsp_export         uvm_analysis_export               -     @4468            
          seq_item_export    uvm_seq_item_pull_imp             -     @4586            
          arbitration_queue  array                             0     -                
          lock_queue         array                             0     -                
          num_last_reqs      integral                          32    'd1              
          num_last_rsps      integral                          32    'd1              
        wdrv                 uvm_driver #(REQ,RSP)             -     @3892            
          item_read_imp      uvm_analysis_port                 -     @3921            
          rsp_port           uvm_analysis_port                 -     @3911            
          seq_item_port      uvm_seq_item_pull_port            -     @3901            
          m_num_sent         integral                          32    'h0              
        wsqr                 axi_sequencer                     -     @3931            
          rsp_export         uvm_analysis_export               -     @3940            
          seq_item_export    uvm_seq_item_pull_imp             -     @4058            
          arbitration_queue  array                             0     -                
          lock_queue         array                             0     -                
          num_last_reqs      integral                          32    'd1              
          num_last_rsps      integral                          32    'd1              
      state                  axi_state                         -     @3468            
        ar2r_imp             uvm_analysis_imp_ar2r             -     @3537            
        ar_imp               uvm_analysis_imp_ar               -     @3507            
        aw2b_imp             uvm_analysis_imp_aw2b             -     @3527            
        aw_imp               uvm_analysis_imp_aw               -     @3477            
        b_imp                uvm_analysis_imp_b                -     @3497            
        item_rtr_port        uvm_analysis_port                 -     @3557            
        item_wtr_port        uvm_analysis_port                 -     @3547            
        r_imp                uvm_analysis_imp_r                -     @3517            
        w_imp                uvm_analysis_imp_w                -     @3487            
        avg_rate             integral                          32    'h0              
        exp_rate             integral                          32    'h0              
        win_size             integral                          32    'h0              
        bqnum_for_slaseq     integral                          32    'h0              
        rq_from_model_num    integral                          32    'h0              
      vsqr                   axi_virtual_sequencer             -     @3576            
        rsp_export           uvm_analysis_export               -     @3585            
        seq_item_export      uvm_seq_item_pull_imp             -     @3703            
        arbitration_queue    array                             0     -                
        lock_queue           array                             0     -                
        num_last_reqs        integral                          32    'd1              
        num_last_rsps        integral                          32    'd1              
      cfg                    axi_cfg                           -     @401             
        has_checker          integral                          1     'h1              
        has_coverage         integral                          1     'h1              
        id_num               integral                          32    'h1              
        reset_level          reset_level_enum                  32    RESET_LEVEL_LOW  
        drv_type             drv_type_enum                     32    SLAVE            
        write_latency_mode   latency_mode_enum                 32    TRANSACTION_FIRST
        read_latency_mode    latency_mode_enum                 32    TRANSACTION_FIRST
        clatency             axi_latency                       -     @439             
          wr_latency         integral                          32    'h0              
          rd_latency         integral                          32    'h0              
    axi_master_gmem2         uvm_env                           -     @472             
      item_rtr_port          uvm_analysis_port                 -     @491             
      item_wtr_port          uvm_analysis_port                 -     @481             
      monitor                uvm_monitor                       -     @4667            
        item_ar2r_port       uvm_analysis_port                 -     @4736            
        item_ar_port         uvm_analysis_port                 -     @4706            
        item_aw2b_port       uvm_analysis_port                 -     @4726            
        item_aw_port         uvm_analysis_port                 -     @4676            
        item_b_port          uvm_analysis_port                 -     @4696            
        item_r_port          uvm_analysis_port                 -     @4716            
        item_w_port          uvm_analysis_port                 -     @4686            
        checks_enable        integral                          1     'h1              
        coverage_enable      integral                          1     'h1              
      slave                  uvm_agent                         -     @4845            
        ardrv                uvm_driver #(REQ,RSP)             -     @5522            
          item_read_imp      uvm_analysis_port                 -     @5551            
          rsp_port           uvm_analysis_port                 -     @5541            
          seq_item_port      uvm_seq_item_pull_port            -     @5531            
          m_num_sent         integral                          32    'h0              
        arsqr                axi_sequencer                     -     @5561            
          rsp_export         uvm_analysis_export               -     @5570            
          seq_item_export    uvm_seq_item_pull_imp             -     @5688            
          arbitration_queue  array                             0     -                
          lock_queue         array                             0     -                
          num_last_reqs      integral                          32    'd1              
          num_last_rsps      integral                          32    'd1              
        awdrv                uvm_driver #(REQ,RSP)             -     @4994            
          item_read_imp      uvm_analysis_port                 -     @5023            
          rsp_port           uvm_analysis_port                 -     @5013            
          seq_item_port      uvm_seq_item_pull_port            -     @5003            
          m_num_sent         integral                          32    'h0              
        awsqr                axi_sequencer                     -     @5033            
          rsp_export         uvm_analysis_export               -     @5042            
          seq_item_export    uvm_seq_item_pull_imp             -     @5160            
          arbitration_queue  array                             0     -                
          lock_queue         array                             0     -                
          num_last_reqs      integral                          32    'd1              
          num_last_rsps      integral                          32    'd1              
        bdrv                 uvm_driver #(REQ,RSP)             -     @5346            
          item_read_imp      uvm_analysis_port                 -     @5375            
          rsp_port           uvm_analysis_port                 -     @5365            
          seq_item_port      uvm_seq_item_pull_port            -     @5355            
          m_num_sent         integral                          32    'h0              
        bsqr                 axi_sequencer                     -     @5385            
          rsp_export         uvm_analysis_export               -     @5394            
          seq_item_export    uvm_seq_item_pull_imp             -     @5512            
          arbitration_queue  array                             0     -                
          lock_queue         array                             0     -                
          num_last_reqs      integral                          32    'd1              
          num_last_rsps      integral                          32    'd1              
        rdrv                 uvm_driver #(REQ,RSP)             -     @5698            
          item_read_imp      uvm_analysis_port                 -     @5727            
          rsp_port           uvm_analysis_port                 -     @5717            
          seq_item_port      uvm_seq_item_pull_port            -     @5707            
          m_num_sent         integral                          32    'h0              
        rsqr                 axi_sequencer                     -     @5737            
          rsp_export         uvm_analysis_export               -     @5746            
          seq_item_export    uvm_seq_item_pull_imp             -     @5864            
          arbitration_queue  array                             0     -                
          lock_queue         array                             0     -                
          num_last_reqs      integral                          32    'd1              
          num_last_rsps      integral                          32    'd1              
        wdrv                 uvm_driver #(REQ,RSP)             -     @5170            
          item_read_imp      uvm_analysis_port                 -     @5199            
          rsp_port           uvm_analysis_port                 -     @5189            
          seq_item_port      uvm_seq_item_pull_port            -     @5179            
          m_num_sent         integral                          32    'h0              
        wsqr                 axi_sequencer                     -     @5209            
          rsp_export         uvm_analysis_export               -     @5218            
          seq_item_export    uvm_seq_item_pull_imp             -     @5336            
          arbitration_queue  array                             0     -                
          lock_queue         array                             0     -                
          num_last_reqs      integral                          32    'd1              
          num_last_rsps      integral                          32    'd1              
      state                  axi_state                         -     @4746            
        ar2r_imp             uvm_analysis_imp_ar2r             -     @4815            
        ar_imp               uvm_analysis_imp_ar               -     @4785            
        aw2b_imp             uvm_analysis_imp_aw2b             -     @4805            
        aw_imp               uvm_analysis_imp_aw               -     @4755            
        b_imp                uvm_analysis_imp_b                -     @4775            
        item_rtr_port        uvm_analysis_port                 -     @4835            
        item_wtr_port        uvm_analysis_port                 -     @4825            
        r_imp                uvm_analysis_imp_r                -     @4795            
        w_imp                uvm_analysis_imp_w                -     @4765            
        avg_rate             integral                          32    'h0              
        exp_rate             integral                          32    'h0              
        win_size             integral                          32    'h0              
        bqnum_for_slaseq     integral                          32    'h0              
        rq_from_model_num    integral                          32    'h0              
      vsqr                   axi_virtual_sequencer             -     @4854            
        rsp_export           uvm_analysis_export               -     @4863            
        seq_item_export      uvm_seq_item_pull_imp             -     @4981            
        arbitration_queue    array                             0     -                
        lock_queue           array                             0     -                
        num_last_reqs        integral                          32    'd1              
        num_last_rsps        integral                          32    'd1              
      cfg                    axi_cfg                           -     @402             
        has_checker          integral                          1     'h1              
        has_coverage         integral                          1     'h1              
        id_num               integral                          32    'h1              
        reset_level          reset_level_enum                  32    RESET_LEVEL_LOW  
        drv_type             drv_type_enum                     32    SLAVE            
        write_latency_mode   latency_mode_enum                 32    TRANSACTION_FIRST
        read_latency_mode    latency_mode_enum                 32    TRANSACTION_FIRST
        clatency             axi_latency                       -     @470             
          wr_latency         integral                          32    'h0              
          rd_latency         integral                          32    'h0              
    axi_master_gmem3         uvm_env                           -     @503             
      item_rtr_port          uvm_analysis_port                 -     @522             
      item_wtr_port          uvm_analysis_port                 -     @512             
      monitor                uvm_monitor                       -     @5945            
        item_ar2r_port       uvm_analysis_port                 -     @6014            
        item_ar_port         uvm_analysis_port                 -     @5984            
        item_aw2b_port       uvm_analysis_port                 -     @6004            
        item_aw_port         uvm_analysis_port                 -     @5954            
        item_b_port          uvm_analysis_port                 -     @5974            
        item_r_port          uvm_analysis_port                 -     @5994            
        item_w_port          uvm_analysis_port                 -     @5964            
        checks_enable        integral                          1     'h1              
        coverage_enable      integral                          1     'h1              
      slave                  uvm_agent                         -     @6123            
        ardrv                uvm_driver #(REQ,RSP)             -     @6800            
          item_read_imp      uvm_analysis_port                 -     @6829            
          rsp_port           uvm_analysis_port                 -     @6819            
          seq_item_port      uvm_seq_item_pull_port            -     @6809            
          m_num_sent         integral                          32    'h0              
        arsqr                axi_sequencer                     -     @6839            
          rsp_export         uvm_analysis_export               -     @6848            
          seq_item_export    uvm_seq_item_pull_imp             -     @6966            
          arbitration_queue  array                             0     -                
          lock_queue         array                             0     -                
          num_last_reqs      integral                          32    'd1              
          num_last_rsps      integral                          32    'd1              
        awdrv                uvm_driver #(REQ,RSP)             -     @6272            
          item_read_imp      uvm_analysis_port                 -     @6301            
          rsp_port           uvm_analysis_port                 -     @6291            
          seq_item_port      uvm_seq_item_pull_port            -     @6281            
          m_num_sent         integral                          32    'h0              
        awsqr                axi_sequencer                     -     @6311            
          rsp_export         uvm_analysis_export               -     @6320            
          seq_item_export    uvm_seq_item_pull_imp             -     @6438            
          arbitration_queue  array                             0     -                
          lock_queue         array                             0     -                
          num_last_reqs      integral                          32    'd1              
          num_last_rsps      integral                          32    'd1              
        bdrv                 uvm_driver #(REQ,RSP)             -     @6624            
          item_read_imp      uvm_analysis_port                 -     @6653            
          rsp_port           uvm_analysis_port                 -     @6643            
          seq_item_port      uvm_seq_item_pull_port            -     @6633            
          m_num_sent         integral                          32    'h0              
        bsqr                 axi_sequencer                     -     @6663            
          rsp_export         uvm_analysis_export               -     @6672            
          seq_item_export    uvm_seq_item_pull_imp             -     @6790            
          arbitration_queue  array                             0     -                
          lock_queue         array                             0     -                
          num_last_reqs      integral                          32    'd1              
          num_last_rsps      integral                          32    'd1              
        rdrv                 uvm_driver #(REQ,RSP)             -     @6976            
          item_read_imp      uvm_analysis_port                 -     @7005            
          rsp_port           uvm_analysis_port                 -     @6995            
          seq_item_port      uvm_seq_item_pull_port            -     @6985            
          m_num_sent         integral                          32    'h0              
        rsqr                 axi_sequencer                     -     @7015            
          rsp_export         uvm_analysis_export               -     @7024            
          seq_item_export    uvm_seq_item_pull_imp             -     @7142            
          arbitration_queue  array                             0     -                
          lock_queue         array                             0     -                
          num_last_reqs      integral                          32    'd1              
          num_last_rsps      integral                          32    'd1              
        wdrv                 uvm_driver #(REQ,RSP)             -     @6448            
          item_read_imp      uvm_analysis_port                 -     @6477            
          rsp_port           uvm_analysis_port                 -     @6467            
          seq_item_port      uvm_seq_item_pull_port            -     @6457            
          m_num_sent         integral                          32    'h0              
        wsqr                 axi_sequencer                     -     @6487            
          rsp_export         uvm_analysis_export               -     @6496            
          seq_item_export    uvm_seq_item_pull_imp             -     @6614            
          arbitration_queue  array                             0     -                
          lock_queue         array                             0     -                
          num_last_reqs      integral                          32    'd1              
          num_last_rsps      integral                          32    'd1              
      state                  axi_state                         -     @6024            
        ar2r_imp             uvm_analysis_imp_ar2r             -     @6093            
        ar_imp               uvm_analysis_imp_ar               -     @6063            
        aw2b_imp             uvm_analysis_imp_aw2b             -     @6083            
        aw_imp               uvm_analysis_imp_aw               -     @6033            
        b_imp                uvm_analysis_imp_b                -     @6053            
        item_rtr_port        uvm_analysis_port                 -     @6113            
        item_wtr_port        uvm_analysis_port                 -     @6103            
        r_imp                uvm_analysis_imp_r                -     @6073            
        w_imp                uvm_analysis_imp_w                -     @6043            
        avg_rate             integral                          32    'h0              
        exp_rate             integral                          32    'h0              
        win_size             integral                          32    'h0              
        bqnum_for_slaseq     integral                          32    'h0              
        rq_from_model_num    integral                          32    'h0              
      vsqr                   axi_virtual_sequencer             -     @6132            
        rsp_export           uvm_analysis_export               -     @6141            
        seq_item_export      uvm_seq_item_pull_imp             -     @6259            
        arbitration_queue    array                             0     -                
        lock_queue           array                             0     -                
        num_last_reqs        integral                          32    'd1              
        num_last_rsps        integral                          32    'd1              
      cfg                    axi_cfg                           -     @403             
        has_checker          integral                          1     'h1              
        has_coverage         integral                          1     'h1              
        id_num               integral                          32    'h1              
        reset_level          reset_level_enum                  32    RESET_LEVEL_LOW  
        drv_type             drv_type_enum                     32    SLAVE            
        write_latency_mode   latency_mode_enum                 32    TRANSACTION_FIRST
        read_latency_mode    latency_mode_enum                 32    TRANSACTION_FIRST
        clatency             axi_latency                       -     @501             
          wr_latency         integral                          32    'h0              
          rd_latency         integral                          32    'h0              
    refm                     MM_reference_model                -     @563             
      trans_num_idx          integral                          32    'h0              
    subsys_mon               MM_subsystem_monitor              -     @576             
      control_rtr_imp        uvm_analysis_imp_axi_rtr_control  -     @675             
      control_wtr_imp        uvm_analysis_imp_axi_wtr_control  -     @665             
      gmem0_rtr_imp          uvm_analysis_imp_axi_rtr_gmem0    -     @595             
      gmem0_wtr_imp          uvm_analysis_imp_axi_wtr_gmem0    -     @585             
      gmem1_rtr_imp          uvm_analysis_imp_axi_rtr_gmem1    -     @615             
      gmem1_wtr_imp          uvm_analysis_imp_axi_wtr_gmem1    -     @605             
      gmem2_rtr_imp          uvm_analysis_imp_axi_rtr_gmem2    -     @635             
      gmem2_wtr_imp          uvm_analysis_imp_axi_wtr_gmem2    -     @625             
      gmem3_rtr_imp          uvm_analysis_imp_axi_rtr_gmem3    -     @655             
      gmem3_wtr_imp          uvm_analysis_imp_axi_wtr_gmem3    -     @645             
      scbd                   MM_scoreboard                     -     @7226            
        refm                 MM_reference_model                -     @563             
          trans_num_idx      integral                          32    'h0              
    refm                     MM_reference_model                -     @563             
    MM_virtual_sqr           MM_virtual_sequencer              -     @685             
    MM_cfg                   MM_config                         -     @399             
      gmem0_cfg              axi_cfg                           -     @400             
        has_checker          integral                          1     'h1              
        has_coverage         integral                          1     'h1              
        id_num               integral                          32    'h1              
        reset_level          reset_level_enum                  32    RESET_LEVEL_LOW  
        drv_type             drv_type_enum                     32    SLAVE            
        write_latency_mode   latency_mode_enum                 32    TRANSACTION_FIRST
        read_latency_mode    latency_mode_enum                 32    TRANSACTION_FIRST
        clatency             axi_latency                       -     @405             
          wr_latency         integral                          32    'h0              
          rd_latency         integral                          32    'h0              
      gmem1_cfg              axi_cfg                           -     @401             
        has_checker          integral                          1     'h1              
        has_coverage         integral                          1     'h1              
        id_num               integral                          32    'h1              
        reset_level          reset_level_enum                  32    RESET_LEVEL_LOW  
        drv_type             drv_type_enum                     32    SLAVE            
        write_latency_mode   latency_mode_enum                 32    TRANSACTION_FIRST
        read_latency_mode    latency_mode_enum                 32    TRANSACTION_FIRST
        clatency             axi_latency                       -     @439             
          wr_latency         integral                          32    'h0              
          rd_latency         integral                          32    'h0              
      gmem2_cfg              axi_cfg                           -     @402             
        has_checker          integral                          1     'h1              
        has_coverage         integral                          1     'h1              
        id_num               integral                          32    'h1              
        reset_level          reset_level_enum                  32    RESET_LEVEL_LOW  
        drv_type             drv_type_enum                     32    SLAVE            
        write_latency_mode   latency_mode_enum                 32    TRANSACTION_FIRST
        read_latency_mode    latency_mode_enum                 32    TRANSACTION_FIRST
        clatency             axi_latency                       -     @470             
          wr_latency         integral                          32    'h0              
          rd_latency         integral                          32    'h0              
      gmem3_cfg              axi_cfg                           -     @403             
        has_checker          integral                          1     'h1              
        has_coverage         integral                          1     'h1              
        id_num               integral                          32    'h1              
        reset_level          reset_level_enum                  32    RESET_LEVEL_LOW  
        drv_type             drv_type_enum                     32    SLAVE            
        write_latency_mode   latency_mode_enum                 32    TRANSACTION_FIRST
        read_latency_mode    latency_mode_enum                 32    TRANSACTION_FIRST
        clatency             axi_latency                       -     @501             
          wr_latency         integral                          32    'h0              
          rd_latency         integral                          32    'h0              
      control_cfg            axi_cfg                           -     @404             
        has_checker          integral                          1     'h1              
        has_coverage         integral                          1     'h1              
        id_num               integral                          32    'h1              
        reset_level          reset_level_enum                  32    RESET_LEVEL_LOW  
        drv_type             drv_type_enum                     32    MASTER           
        write_latency_mode   latency_mode_enum                 32    CHANNEL_FIRST    
        read_latency_mode    latency_mode_enum                 32    CHANNEL_FIRST    
        clatency             axi_latency                       -     @532             
          wr_latency         integral                          32    'h0              
          rd_latency         integral                          32    'h0              
      check_ena              integral                          32    'h0              
      cover_ena              integral                          32    'h0              
--------------------------------------------------------------------------------------

UVM_INFO C:/Xilinx/2025.1/Vivado/data/system_verilog/uvm_1.2/xlnx_uvm_package.sv(20867) @ 0: reporter [UVM/COMP/NAMECHECK] This implementation of the component name checks requires DPI to be enabled
////////////////////////////////////////////////////////////////////////////////////
// Inter-Transaction Progress: Completed Transaction / Total Transaction
// Intra-Transaction Progress: Measured Latency / Latency Estimation * 100%
//
// RTL Simulation : "Inter-Transaction Progress" ["Intra-Transaction Progress"] @ "Simulation Time"
////////////////////////////////////////////////////////////////////////////////////
// RTL Simulation : 0 / 1 [n/a] @ "143000"
// RTL Simulation : 1 / 1 [n/a] @ "35243000"
////////////////////////////////////////////////////////////////////////////////////
$finish called at time : 35347500 ps : File "C:/Xilinx/2025.1/Vivado/data/system_verilog/uvm_1.2/xlnx_uvm_package.sv" Line 18699
## quit
INFO: [Common 17-206] Exiting xsim at Thu Apr  9 09:19:57 2026...
