#-----------------------------------------------------------
# Vivado v2025.2 (64-bit)
# SW Build 6299465 on Fri Nov 14 19:35:11 GMT 2025
# IP Build 6300035 on Fri Nov 14 10:48:45 MST 2025
# SharedData Build 6298862 on Thu Nov 13 04:50:51 MST 2025
# Start of session at: Thu Apr  9 18:32:23 2026
# Process ID         : 26180
# Current directory  : Z:/Labs/clab/baseline_blockedMM/baseline_blockedMM/hls/impl/verilog/project.runs/synth_1
# Command line       : vivado.exe -log bd_0_wrapper.vds -product Vivado -mode batch -messageDb vivado.pb -notrace -source bd_0_wrapper.tcl
# Log file           : Z:/Labs/clab/baseline_blockedMM/baseline_blockedMM/hls/impl/verilog/project.runs/synth_1/bd_0_wrapper.vds
# Journal file       : Z:/Labs/clab/baseline_blockedMM/baseline_blockedMM/hls/impl/verilog/project.runs/synth_1\vivado.jou
# Running On         : jwood_Win_PC
# Platform           : Windows Server 2016 or Windows 10
# Operating System   : 26200
# Processor Detail   : AMD Ryzen 9 5900HS with Radeon Graphics        
# CPU Frequency      : 3294 MHz
# CPU Physical cores : 8
# CPU Logical cores  : 16
# Host memory        : 16541 MB
# Swap memory        : 20270 MB
# Total Virtual      : 36811 MB
# Available Virtual  : 3107 MB
#-----------------------------------------------------------
source bd_0_wrapper.tcl -notrace
