Copyright 1986-2022 Xilinx, Inc. All Rights Reserved. Copyright 2022-2025 Advanced Micro Devices, Inc. All Rights Reserved.
---------------------------------------------------------------------------------------------------------------------------------------------
| Tool Version : Vivado v.2025.1 (win64) Build 6140274 Thu May 22 00:12:29 MDT 2025
| Date         : Fri Apr 10 15:57:08 2026
| Host         : LAPTOP-L6H807T2 running 64-bit major release  (build 9200)
| Command      : report_control_sets -verbose -file bd_0_wrapper_control_sets_placed.rpt
| Design       : bd_0_wrapper
| Device       : xc7z020
---------------------------------------------------------------------------------------------------------------------------------------------

Control Set Information

Table of Contents
-----------------
1. Summary
2. Histogram
3. Flip-Flop Distribution
4. Detailed Control Set Information

1. Summary
----------

+----------------------------------------------------------+-------+
|                          Status                          | Count |
+----------------------------------------------------------+-------+
| Total control sets                                       |   147 |
|    Minimum number of control sets                        |   147 |
|    Addition due to synthesis replication                 |     0 |
|    Addition due to physical synthesis replication        |     0 |
| Unused register locations in slices containing registers |   328 |
+----------------------------------------------------------+-------+
* Control sets can be merged at opt_design using control_set_merge or merge_equivalent_drivers
** Run report_qor_suggestions for automated merging and remapping suggestions


2. Histogram
------------

+--------------------+-------+
|       Fanout       | Count |
+--------------------+-------+
| Total control sets |   147 |
| >= 0 to < 4        |     6 |
| >= 4 to < 6        |    34 |
| >= 6 to < 8        |     5 |
| >= 8 to < 10       |     7 |
| >= 10 to < 12      |     0 |
| >= 12 to < 14      |     0 |
| >= 14 to < 16      |     0 |
| >= 16              |    95 |
+--------------------+-------+
* Control sets can be remapped at either synth_design or opt_design


3. Flip-Flop Distribution
-------------------------

+--------------+-----------------------+------------------------+-----------------+--------------+
| Clock Enable | Synchronous Set/Reset | Asynchronous Set/Reset | Total Registers | Total Slices |
+--------------+-----------------------+------------------------+-----------------+--------------+
| No           | No                    | No                     |             286 |          101 |
| No           | No                    | Yes                    |               0 |            0 |
| No           | Yes                   | No                     |             169 |           74 |
| Yes          | No                    | No                     |           29920 |         7084 |
| Yes          | No                    | Yes                    |               0 |            0 |
| Yes          | Yes                   | No                     |            2777 |          648 |
+--------------+-----------------------+------------------------+-----------------+--------------+


4. Detailed Control Set Information
-----------------------------------

+--------------+-----------------------------------------------------------------------------------------------------------------------------------------------+----------------------------------------------------------------------------------------------------------+------------------+----------------+--------------+
| Clock Signal |                                                                 Enable Signal                                                                 |                                             Set/Reset Signal                                             | Slice Load Count | Bel Load Count | Bels / Slice |
+--------------+-----------------------------------------------------------------------------------------------------------------------------------------------+----------------------------------------------------------------------------------------------------------+------------------+----------------+--------------+
|  ap_clk      | bd_0_i/hls_inst/inst/gmem_m_axi_U/bus_read/ost_ctrl_gen[0].fifo_burst/U_fifo_srl/pop                                                          | bd_0_i/hls_inst/inst/gmem_m_axi_U/store_unit_0/buff_wdata/U_fifo_srl/SR[0]                               |                1 |              1 |         1.00 |
|  ap_clk      | bd_0_i/hls_inst/inst/gmem_m_axi_U/store_unit_0/fifo_wrsp/U_fifo_srl/pop                                                                       | bd_0_i/hls_inst/inst/gmem_m_axi_U/store_unit_0/buff_wdata/U_fifo_srl/SR[0]                               |                1 |              1 |         1.00 |
|  ap_clk      | bd_0_i/hls_inst/inst/gmem_m_axi_U/store_unit_0/fifo_wrsp/U_fifo_srl/push                                                                      |                                                                                                          |                1 |              1 |         1.00 |
|  ap_clk      | bd_0_i/hls_inst/inst/gmem_m_axi_U/bus_read/rreq_burst_conv/burst_sequential/push                                                              |                                                                                                          |                1 |              1 |         1.00 |
|  ap_clk      | bd_0_i/hls_inst/inst/gmem_m_axi_U/bus_write/fifo_resp_gen[0].fifo_resp/U_fifo_srl/pop                                                         | bd_0_i/hls_inst/inst/gmem_m_axi_U/store_unit_0/buff_wdata/U_fifo_srl/SR[0]                               |                1 |              1 |         1.00 |
|  ap_clk      | bd_0_i/hls_inst/inst/gmem_m_axi_U/bus_write/wreq_burst_conv/burst_sequential/push                                                             |                                                                                                          |                1 |              1 |         1.00 |
|  ap_clk      | bd_0_i/hls_inst/inst/gmem_m_axi_U/store_unit_0/user_resp/num_data_cnt[3]_i_1__7_n_2                                                           | bd_0_i/hls_inst/inst/gmem_m_axi_U/store_unit_0/buff_wdata/U_fifo_srl/SR[0]                               |                2 |              4 |         2.00 |
|  ap_clk      |                                                                                                                                               | bd_0_i/hls_inst/inst/grp_MM_Pipeline_i_loop_fu_883/flow_control_loop_pipe_sequential_init_U/ap_loop_init |                3 |              4 |         1.33 |
|  ap_clk      | bd_0_i/hls_inst/inst/gmem_m_axi_U/store_unit_0/conservative_gen.fifo_burst/raddr[3]_i_1__3_n_2                                                | bd_0_i/hls_inst/inst/gmem_m_axi_U/store_unit_0/buff_wdata/U_fifo_srl/SR[0]                               |                2 |              4 |         2.00 |
|  ap_clk      | bd_0_i/hls_inst/inst/gmem_m_axi_U/store_unit_0/conservative_gen.fifo_burst/p_0_in[0]                                                          | bd_0_i/hls_inst/inst/gmem_m_axi_U/store_unit_0/buff_wdata/U_fifo_srl/SR[0]                               |                1 |              4 |         4.00 |
|  ap_clk      | bd_0_i/hls_inst/inst/gmem_m_axi_U/store_unit_0/fifo_wrsp/U_fifo_srl/raddr_reg[3][0]                                                           | bd_0_i/hls_inst/inst/gmem_m_axi_U/store_unit_0/buff_wdata/U_fifo_srl/SR[0]                               |                1 |              4 |         4.00 |
|  ap_clk      | bd_0_i/hls_inst/inst/gmem_m_axi_U/store_unit_0/fifo_wreq/mOutPtr[3]_i_1__8_n_2                                                                | bd_0_i/hls_inst/inst/gmem_m_axi_U/store_unit_0/buff_wdata/U_fifo_srl/SR[0]                               |                1 |              4 |         4.00 |
|  ap_clk      | bd_0_i/hls_inst/inst/gmem_m_axi_U/bus_read/rreq_burst_conv/burst_sequential/could_multi_bursts.last_loop                                      | bd_0_i/hls_inst/inst/gmem_m_axi_U/store_unit_0/buff_wdata/U_fifo_srl/SR[0]                               |                1 |              4 |         4.00 |
|  ap_clk      | bd_0_i/hls_inst/inst/gmem_m_axi_U/bus_write/wreq_throttle/fifo_burst_gen[0].fifo_req/raddr[3]_i_1__0_n_2                                      | bd_0_i/hls_inst/inst/gmem_m_axi_U/store_unit_0/buff_wdata/U_fifo_srl/SR[0]                               |                2 |              4 |         2.00 |
|  ap_clk      | bd_0_i/hls_inst/inst/gmem_m_axi_U/store_unit_0/conservative_gen.fifo_burst/U_fifo_srl/push_0                                                  |                                                                                                          |                1 |              4 |         4.00 |
|  ap_clk      | bd_0_i/hls_inst/inst/gmem_m_axi_U/bus_write/fifo_resp_gen[0].fifo_resp/U_fifo_srl/raddr_reg[3][0]                                             | bd_0_i/hls_inst/inst/gmem_m_axi_U/store_unit_0/buff_wdata/U_fifo_srl/SR[0]                               |                1 |              4 |         4.00 |
|  ap_clk      | bd_0_i/hls_inst/inst/gmem_m_axi_U/store_unit_0/user_resp/mOutPtr[3]_i_1__7_n_2                                                                | bd_0_i/hls_inst/inst/gmem_m_axi_U/store_unit_0/buff_wdata/U_fifo_srl/SR[0]                               |                1 |              4 |         4.00 |
|  ap_clk      | bd_0_i/hls_inst/inst/gmem_m_axi_U/bus_write/wreq_throttle/rs_burst/load_p1                                                                    |                                                                                                          |                1 |              4 |         4.00 |
|  ap_clk      | bd_0_i/hls_inst/inst/gmem_m_axi_U/store_unit_0/fifo_wreq/num_data_cnt[3]_i_1__8_n_2                                                           | bd_0_i/hls_inst/inst/gmem_m_axi_U/store_unit_0/buff_wdata/U_fifo_srl/SR[0]                               |                2 |              4 |         2.00 |
|  ap_clk      | bd_0_i/hls_inst/inst/gmem_m_axi_U/bus_write/wreq_burst_conv/burst_sequential/could_multi_bursts.last_loop                                     | bd_0_i/hls_inst/inst/gmem_m_axi_U/store_unit_0/buff_wdata/U_fifo_srl/SR[0]                               |                1 |              4 |         4.00 |
|  ap_clk      | bd_0_i/hls_inst/inst/gmem_m_axi_U/load_unit_0/fifo_rreq/mOutPtr[3]_i_1__4_n_2                                                                 | bd_0_i/hls_inst/inst/gmem_m_axi_U/store_unit_0/buff_wdata/U_fifo_srl/SR[0]                               |                1 |              4 |         4.00 |
|  ap_clk      | bd_0_i/hls_inst/inst/gmem_m_axi_U/load_unit_0/fifo_rreq/num_data_cnt[3]_i_1__4_n_2                                                            | bd_0_i/hls_inst/inst/gmem_m_axi_U/store_unit_0/buff_wdata/U_fifo_srl/SR[0]                               |                2 |              4 |         2.00 |
|  ap_clk      | bd_0_i/hls_inst/inst/gmem_m_axi_U/store_unit_0/conservative_gen.fifo_burst/U_fifo_srl/pop                                                     | bd_0_i/hls_inst/inst/gmem_m_axi_U/store_unit_0/buff_wdata/U_fifo_srl/SR[0]                               |                1 |              4 |         4.00 |
|  ap_clk      | bd_0_i/hls_inst/inst/gmem_m_axi_U/store_unit_0/conservative_gen.local_BURST_WVALID_reg_0[0]                                                   |                                                                                                          |                1 |              4 |         4.00 |
|  ap_clk      | bd_0_i/hls_inst/inst/gmem_m_axi_U/bus_read/ost_ctrl_gen[0].fifo_burst/raddr[3]_i_1__4_n_2                                                     | bd_0_i/hls_inst/inst/gmem_m_axi_U/store_unit_0/buff_wdata/U_fifo_srl/SR[0]                               |                1 |              4 |         4.00 |
|  ap_clk      | bd_0_i/hls_inst/inst/gmem_m_axi_U/bus_write/wreq_throttle/fifo_burst_gen[0].fifo_req/num_data_cnt[4]_i_1__0_n_2                               | bd_0_i/hls_inst/inst/gmem_m_axi_U/store_unit_0/buff_wdata/U_fifo_srl/SR[0]                               |                1 |              5 |         5.00 |
|  ap_clk      | bd_0_i/hls_inst/inst/grp_MM_Pipeline_i_loop_fu_883/flow_control_loop_pipe_sequential_init_U/grp_MM_Pipeline_i_loop_fu_883_ap_start_reg_reg[0] | bd_0_i/hls_inst/inst/grp_MM_Pipeline_i_loop_fu_883/flow_control_loop_pipe_sequential_init_U/SR[0]        |                2 |              5 |         2.50 |
|  ap_clk      | bd_0_i/hls_inst/inst/ap_CS_fsm_state46                                                                                                        | bd_0_i/hls_inst/inst/k_reg_837                                                                           |                2 |              5 |         2.50 |
|  ap_clk      | bd_0_i/hls_inst/inst/gmem_m_axi_U/bus_write/fifo_resp_gen[0].fifo_resp/U_fifo_srl/E[0]                                                        | bd_0_i/hls_inst/inst/gmem_m_axi_U/store_unit_0/buff_wdata/U_fifo_srl/SR[0]                               |                1 |              5 |         5.00 |
|  ap_clk      | bd_0_i/hls_inst/inst/gmem_m_axi_U/store_unit_0/conservative_gen.fifo_burst/mOutPtr[4]_i_1__3_n_2                                              | bd_0_i/hls_inst/inst/gmem_m_axi_U/store_unit_0/buff_wdata/U_fifo_srl/SR[0]                               |                2 |              5 |         2.50 |
|  ap_clk      | bd_0_i/hls_inst/inst/gmem_m_axi_U/bus_write/fifo_resp_gen[0].fifo_resp/U_fifo_srl/full_n_reg[0]                                               | bd_0_i/hls_inst/inst/gmem_m_axi_U/store_unit_0/buff_wdata/U_fifo_srl/SR[0]                               |                2 |              5 |         2.50 |
|  ap_clk      | bd_0_i/hls_inst/inst/gmem_m_axi_U/store_unit_0/conservative_gen.fifo_burst/num_data_cnt[4]_i_1__3_n_2                                         | bd_0_i/hls_inst/inst/gmem_m_axi_U/store_unit_0/buff_wdata/U_fifo_srl/SR[0]                               |                2 |              5 |         2.50 |
|  ap_clk      | bd_0_i/hls_inst/inst/control_s_axi_U/waddr                                                                                                    |                                                                                                          |                2 |              5 |         2.50 |
|  ap_clk      | bd_0_i/hls_inst/inst/gmem_m_axi_U/store_unit_0/fifo_wrsp/U_fifo_srl/E[0]                                                                      | bd_0_i/hls_inst/inst/gmem_m_axi_U/store_unit_0/buff_wdata/U_fifo_srl/SR[0]                               |                2 |              5 |         2.50 |
|  ap_clk      | bd_0_i/hls_inst/inst/gmem_m_axi_U/store_unit_0/fifo_wrsp/U_fifo_srl/full_n_reg_1[0]                                                           | bd_0_i/hls_inst/inst/gmem_m_axi_U/store_unit_0/buff_wdata/U_fifo_srl/SR[0]                               |                2 |              5 |         2.50 |
|  ap_clk      | bd_0_i/hls_inst/inst/gmem_m_axi_U/bus_read/ost_ctrl_gen[0].fifo_rctl/num_data_cnt                                                             | bd_0_i/hls_inst/inst/gmem_m_axi_U/store_unit_0/buff_wdata/U_fifo_srl/SR[0]                               |                2 |              5 |         2.50 |
|  ap_clk      | bd_0_i/hls_inst/inst/gmem_m_axi_U/bus_write/wreq_throttle/fifo_burst_gen[0].fifo_req/mOutPtr[4]_i_1__0_n_2                                    | bd_0_i/hls_inst/inst/gmem_m_axi_U/store_unit_0/buff_wdata/U_fifo_srl/SR[0]                               |                2 |              5 |         2.50 |
|  ap_clk      | bd_0_i/hls_inst/inst/gmem_m_axi_U/bus_read/ost_ctrl_gen[0].fifo_burst/mOutPtr[4]_i_1__4_n_2                                                   | bd_0_i/hls_inst/inst/gmem_m_axi_U/store_unit_0/buff_wdata/U_fifo_srl/SR[0]                               |                1 |              5 |         5.00 |
|  ap_clk      | bd_0_i/hls_inst/inst/gmem_m_axi_U/bus_read/ost_ctrl_gen[0].fifo_burst/num_data_cnt[4]_i_1__4_n_2                                              | bd_0_i/hls_inst/inst/gmem_m_axi_U/store_unit_0/buff_wdata/U_fifo_srl/SR[0]                               |                1 |              5 |         5.00 |
|  ap_clk      | bd_0_i/hls_inst/inst/gmem_m_axi_U/bus_read/ost_ctrl_gen[0].fifo_rctl/mOutPtr                                                                  | bd_0_i/hls_inst/inst/gmem_m_axi_U/store_unit_0/buff_wdata/U_fifo_srl/SR[0]                               |                1 |              5 |         5.00 |
|  ap_clk      | bd_0_i/hls_inst/inst/control_s_axi_U/ar_hs                                                                                                    |                                                                                                          |                2 |              6 |         3.00 |
|  ap_clk      | bd_0_i/hls_inst/inst/gmem_m_axi_U/bus_read/rreq_burst_conv/burst_sequential/rs_req/p_15_in                                                    | bd_0_i/hls_inst/inst/gmem_m_axi_U/bus_read/rreq_burst_conv/burst_sequential/sect_addr_buf[11]_i_1__0_n_2 |                1 |              6 |         6.00 |
|  ap_clk      | bd_0_i/hls_inst/inst/gmem_m_axi_U/bus_write/wreq_burst_conv/burst_sequential/rs_req/p_15_in                                                   | bd_0_i/hls_inst/inst/gmem_m_axi_U/bus_write/wreq_burst_conv/burst_sequential/sect_addr_buf[11]_i_1_n_2   |                2 |              6 |         3.00 |
|  ap_clk      | bd_0_i/hls_inst/inst/gmem_m_axi_U/store_unit_0/buff_wdata/mOutPtr[5]_i_1_n_2                                                                  | bd_0_i/hls_inst/inst/gmem_m_axi_U/store_unit_0/buff_wdata/U_fifo_srl/SR[0]                               |                2 |              6 |         3.00 |
|  ap_clk      | bd_0_i/hls_inst/inst/gmem_m_axi_U/store_unit_0/buff_wdata/num_data_cnt[5]_i_1_n_2                                                             | bd_0_i/hls_inst/inst/gmem_m_axi_U/store_unit_0/buff_wdata/U_fifo_srl/SR[0]                               |                2 |              6 |         3.00 |
|  ap_clk      | bd_0_i/hls_inst/inst/gmem_m_axi_U/load_unit_0/buff_rdata/push                                                                                 | bd_0_i/hls_inst/inst/gmem_m_axi_U/store_unit_0/buff_wdata/U_fifo_srl/SR[0]                               |                2 |              8 |         4.00 |
|  ap_clk      | bd_0_i/hls_inst/inst/gmem_m_axi_U/load_unit_0/buff_rdata/pop                                                                                  | bd_0_i/hls_inst/inst/gmem_m_axi_U/store_unit_0/buff_wdata/U_fifo_srl/SR[0]                               |                3 |              8 |         2.67 |
|  ap_clk      | bd_0_i/hls_inst/inst/gmem_m_axi_U/store_unit_0/buff_wdata/raddr[4]_i_1_n_2                                                                    | bd_0_i/hls_inst/inst/gmem_m_axi_U/store_unit_0/buff_wdata/U_fifo_srl/SR[0]                               |                2 |              8 |         4.00 |
|  ap_clk      | bd_0_i/hls_inst/inst/gmem_m_axi_U/store_unit_0/buff_wdata/E[0]                                                                                | bd_0_i/hls_inst/inst/gmem_m_axi_U/store_unit_0/buff_wdata/U_fifo_srl/SR[0]                               |                2 |              8 |         4.00 |
|  ap_clk      | bd_0_i/hls_inst/inst/gmem_m_axi_U/bus_write/wreq_throttle/rs_req/dout_vld_reg                                                                 | bd_0_i/hls_inst/inst/gmem_m_axi_U/bus_write/wreq_throttle/rs_burst/ap_rst_n_0[0]                         |                2 |              8 |         4.00 |
|  ap_clk      | bd_0_i/hls_inst/inst/gmem_m_axi_U/load_unit_0/buff_rdata/mOutPtr[8]_i_1_n_2                                                                   | bd_0_i/hls_inst/inst/gmem_m_axi_U/store_unit_0/buff_wdata/U_fifo_srl/SR[0]                               |                3 |              9 |         3.00 |
|  ap_clk      | bd_0_i/hls_inst/inst/gmem_m_axi_U/load_unit_0/buff_rdata/num_data_cnt[8]_i_1_n_2                                                              | bd_0_i/hls_inst/inst/gmem_m_axi_U/store_unit_0/buff_wdata/U_fifo_srl/SR[0]                               |                2 |              9 |         4.50 |
|  ap_clk      | bd_0_i/hls_inst/inst/ap_CS_fsm_state31                                                                                                        |                                                                                                          |                7 |             17 |         2.43 |
|  ap_clk      | bd_0_i/hls_inst/inst/mul_32s_32s_32_1_1_U84/E[0]                                                                                              |                                                                                                          |                5 |             17 |         3.40 |
|  ap_clk      | bd_0_i/hls_inst/inst/ap_NS_fsm1                                                                                                               | bd_0_i/hls_inst/inst/i_1_reg_872                                                                         |                5 |             24 |         4.80 |
|  ap_clk      | bd_0_i/hls_inst/inst/control_s_axi_U/ar_hs                                                                                                    | bd_0_i/hls_inst/inst/control_s_axi_U/rdata[31]_i_1_n_2                                                   |               12 |             26 |         2.17 |
|  ap_clk      | bd_0_i/hls_inst/inst/ap_CS_fsm_state28                                                                                                        |                                                                                                          |                9 |             27 |         3.00 |
|  ap_clk      | bd_0_i/hls_inst/inst/ap_NS_fsm12_out                                                                                                          | bd_0_i/hls_inst/inst/jb_reg_462                                                                          |                6 |             27 |         4.50 |
|  ap_clk      | bd_0_i/hls_inst/inst/ap_CS_fsm_state3                                                                                                         |                                                                                                          |                8 |             27 |         3.38 |
|  ap_clk      | bd_0_i/hls_inst/inst/ap_NS_fsm13_out                                                                                                          | bd_0_i/hls_inst/inst/kb_reg_634                                                                          |                6 |             27 |         4.50 |
|  ap_clk      | bd_0_i/hls_inst/inst/ap_NS_fsm17_out                                                                                                          | bd_0_i/hls_inst/inst/control_s_axi_U/SR[0]                                                               |                7 |             27 |         3.86 |
|  ap_clk      | bd_0_i/hls_inst/inst/control_s_axi_U/int_B[31]_i_1_n_2                                                                                        | bd_0_i/hls_inst/inst/gmem_m_axi_U/store_unit_0/buff_wdata/U_fifo_srl/SR[0]                               |                9 |             32 |         3.56 |
|  ap_clk      | bd_0_i/hls_inst/inst/ap_CS_fsm_state25                                                                                                        |                                                                                                          |               13 |             32 |         2.46 |
|  ap_clk      | bd_0_i/hls_inst/inst/control_s_axi_U/int_N[31]_i_1_n_2                                                                                        | bd_0_i/hls_inst/inst/gmem_m_axi_U/store_unit_0/buff_wdata/U_fifo_srl/SR[0]                               |                5 |             32 |         6.40 |
|  ap_clk      | bd_0_i/hls_inst/inst/control_s_axi_U/int_P[31]_i_1_n_2                                                                                        | bd_0_i/hls_inst/inst/gmem_m_axi_U/store_unit_0/buff_wdata/U_fifo_srl/SR[0]                               |                5 |             32 |         6.40 |
|  ap_clk      | bd_0_i/hls_inst/inst/control_s_axi_U/int_ABC[31]_i_1_n_2                                                                                      | bd_0_i/hls_inst/inst/gmem_m_axi_U/store_unit_0/buff_wdata/U_fifo_srl/SR[0]                               |                9 |             32 |         3.56 |
|  ap_clk      | bd_0_i/hls_inst/inst/control_s_axi_U/int_B[63]_i_1_n_2                                                                                        | bd_0_i/hls_inst/inst/gmem_m_axi_U/store_unit_0/buff_wdata/U_fifo_srl/SR[0]                               |                9 |             32 |         3.56 |
|  ap_clk      | bd_0_i/hls_inst/inst/control_s_axi_U/int_C[31]_i_1_n_2                                                                                        | bd_0_i/hls_inst/inst/gmem_m_axi_U/store_unit_0/buff_wdata/U_fifo_srl/SR[0]                               |               10 |             32 |         3.20 |
|  ap_clk      | bd_0_i/hls_inst/inst/control_s_axi_U/int_C[63]_i_1_n_2                                                                                        | bd_0_i/hls_inst/inst/gmem_m_axi_U/store_unit_0/buff_wdata/U_fifo_srl/SR[0]                               |               10 |             32 |         3.20 |
|  ap_clk      | bd_0_i/hls_inst/inst/control_s_axi_U/int_AT[63]_i_1_n_2                                                                                       | bd_0_i/hls_inst/inst/gmem_m_axi_U/store_unit_0/buff_wdata/U_fifo_srl/SR[0]                               |                6 |             32 |         5.33 |
|  ap_clk      | bd_0_i/hls_inst/inst/control_s_axi_U/int_AT[31]_i_1_n_2                                                                                       | bd_0_i/hls_inst/inst/gmem_m_axi_U/store_unit_0/buff_wdata/U_fifo_srl/SR[0]                               |                8 |             32 |         4.00 |
|  ap_clk      | bd_0_i/hls_inst/inst/control_s_axi_U/int_ABC[63]_i_1_n_2                                                                                      | bd_0_i/hls_inst/inst/gmem_m_axi_U/store_unit_0/buff_wdata/U_fifo_srl/SR[0]                               |               11 |             32 |         2.91 |
|  ap_clk      | bd_0_i/hls_inst/inst/control_s_axi_U/int_M[31]_i_1_n_2                                                                                        | bd_0_i/hls_inst/inst/gmem_m_axi_U/store_unit_0/buff_wdata/U_fifo_srl/SR[0]                               |                9 |             32 |         3.56 |
|  ap_clk      | bd_0_i/hls_inst/inst/ap_CS_fsm_state22                                                                                                        |                                                                                                          |               11 |             32 |         2.91 |
|  ap_clk      | bd_0_i/hls_inst/inst/ap_CS_fsm_state13                                                                                                        |                                                                                                          |               13 |             32 |         2.46 |
|  ap_clk      | bd_0_i/hls_inst/inst/ap_CS_fsm_state14                                                                                                        |                                                                                                          |               15 |             32 |         2.13 |
|  ap_clk      | bd_0_i/hls_inst/inst/ap_CS_fsm_state15                                                                                                        |                                                                                                          |               10 |             32 |         3.20 |
|  ap_clk      | bd_0_i/hls_inst/inst/ap_CS_fsm_state18                                                                                                        |                                                                                                          |               18 |             32 |         1.78 |
|  ap_clk      | bd_0_i/hls_inst/inst/ap_CS_fsm_state19                                                                                                        |                                                                                                          |               14 |             32 |         2.29 |
|  ap_clk      | bd_0_i/hls_inst/inst/ap_CS_fsm_state16                                                                                                        |                                                                                                          |               13 |             32 |         2.46 |
|  ap_clk      | bd_0_i/hls_inst/inst/ap_CS_fsm_state17                                                                                                        |                                                                                                          |               16 |             32 |         2.00 |
|  ap_clk      | bd_0_i/hls_inst/inst/ap_CS_fsm_state23                                                                                                        |                                                                                                          |               13 |             32 |         2.46 |
|  ap_clk      | bd_0_i/hls_inst/inst/ap_CS_fsm_state21                                                                                                        |                                                                                                          |               15 |             32 |         2.13 |
|  ap_clk      | bd_0_i/hls_inst/inst/ap_CS_fsm_state20                                                                                                        |                                                                                                          |               15 |             32 |         2.13 |
|  ap_clk      | bd_0_i/hls_inst/inst/ap_CS_fsm_state27                                                                                                        |                                                                                                          |               14 |             32 |         2.29 |
|  ap_clk      | bd_0_i/hls_inst/inst/ap_CS_fsm_state26                                                                                                        |                                                                                                          |               17 |             32 |         1.88 |
|  ap_clk      | bd_0_i/hls_inst/inst/ap_CS_fsm_state24                                                                                                        |                                                                                                          |               13 |             32 |         2.46 |
|  ap_clk      | bd_0_i/hls_inst/inst/ap_CS_fsm_state50                                                                                                        |                                                                                                          |                7 |             32 |         4.57 |
|  ap_clk      | bd_0_i/hls_inst/inst/ap_CS_fsm_state48                                                                                                        |                                                                                                          |                9 |             32 |         3.56 |
|  ap_clk      | bd_0_i/hls_inst/inst/ap_CS_fsm_state30                                                                                                        |                                                                                                          |               10 |             37 |         3.70 |
|  ap_clk      | bd_0_i/hls_inst/inst/gmem_m_axi_U/store_unit_0/user_resp/gmem_0_BREADY                                                                        | bd_0_i/hls_inst/inst/ap_NS_fsm15_out                                                                     |               15 |             53 |         3.53 |
|  ap_clk      | bd_0_i/hls_inst/inst/gmem_m_axi_U/bus_write/wreq_burst_conv/burst_sequential/rs_req/E[0]                                                      | bd_0_i/hls_inst/inst/gmem_m_axi_U/store_unit_0/buff_wdata/U_fifo_srl/SR[0]                               |               11 |             53 |         4.82 |
|  ap_clk      | bd_0_i/hls_inst/inst/gmem_m_axi_U/bus_read/rreq_burst_conv/burst_sequential/rs_req/E[0]                                                       | bd_0_i/hls_inst/inst/gmem_m_axi_U/store_unit_0/buff_wdata/U_fifo_srl/SR[0]                               |                9 |             53 |         5.89 |
|  ap_clk      | bd_0_i/hls_inst/inst/ap_CS_fsm_state29                                                                                                        |                                                                                                          |               14 |             54 |         3.86 |
|  ap_clk      | bd_0_i/hls_inst/inst/gmem_m_axi_U/bus_write/wreq_throttle/fifo_burst_gen[0].fifo_req/U_fifo_srl/pop                                           | bd_0_i/hls_inst/inst/gmem_m_axi_U/store_unit_0/buff_wdata/U_fifo_srl/SR[0]                               |                8 |             58 |         7.25 |
|  ap_clk      | bd_0_i/hls_inst/inst/gmem_m_axi_U/bus_write/wreq_throttle/fifo_burst_gen[0].fifo_req/U_fifo_srl/push                                          |                                                                                                          |                8 |             58 |         7.25 |
|  ap_clk      | bd_0_i/hls_inst/inst/ap_CS_fsm_state51                                                                                                        |                                                                                                          |               15 |             58 |         3.87 |
|  ap_clk      | bd_0_i/hls_inst/inst/gmem_m_axi_U/store_unit_0/fifo_wreq/U_fifo_srl/pop                                                                       | bd_0_i/hls_inst/inst/gmem_m_axi_U/store_unit_0/buff_wdata/U_fifo_srl/SR[0]                               |                9 |             59 |         6.56 |
|  ap_clk      | bd_0_i/hls_inst/inst/gmem_m_axi_U/load_unit_0/fifo_rreq/U_fifo_srl/pop                                                                        | bd_0_i/hls_inst/inst/gmem_m_axi_U/store_unit_0/buff_wdata/U_fifo_srl/SR[0]                               |                9 |             59 |         6.56 |
|  ap_clk      | bd_0_i/hls_inst/inst/gmem_m_axi_U/load_unit_0/fifo_rreq/U_fifo_srl/push                                                                       |                                                                                                          |                9 |             59 |         6.56 |
|  ap_clk      | bd_0_i/hls_inst/inst/gmem_m_axi_U/store_unit_0/fifo_wreq/U_fifo_srl/push                                                                      |                                                                                                          |                9 |             59 |         6.56 |
|  ap_clk      | bd_0_i/hls_inst/inst/gmem_m_axi_U/bus_write/wreq_burst_conv/burst_sequential/rs_req/load_p1                                                   |                                                                                                          |               22 |             60 |         2.73 |
|  ap_clk      | bd_0_i/hls_inst/inst/gmem_m_axi_U/store_unit_0/E[0]                                                                                           |                                                                                                          |               22 |             60 |         2.73 |
|  ap_clk      | bd_0_i/hls_inst/inst/gmem_m_axi_U/load_unit_0/fifo_rreq/E[0]                                                                                  | bd_0_i/hls_inst/inst/gmem_m_axi_U/store_unit_0/buff_wdata/U_fifo_srl/SR[0]                               |               20 |             60 |         3.00 |
|  ap_clk      | bd_0_i/hls_inst/inst/gmem_m_axi_U/bus_read/rreq_burst_conv/burst_sequential/rs_req/load_p1                                                    |                                                                                                          |               20 |             60 |         3.00 |
|  ap_clk      | bd_0_i/hls_inst/inst/gmem_m_axi_U/load_unit_0/tmp_valid_reg_0[0]                                                                              |                                                                                                          |               18 |             60 |         3.33 |
|  ap_clk      | bd_0_i/hls_inst/inst/gmem_m_axi_U/store_unit_0/fifo_wreq/next_wreq                                                                            | bd_0_i/hls_inst/inst/gmem_m_axi_U/store_unit_0/buff_wdata/U_fifo_srl/SR[0]                               |               12 |             60 |         5.00 |
|  ap_clk      | bd_0_i/hls_inst/inst/gmem_m_axi_U/bus_write/wreq_throttle/rs_burst/E[0]                                                                       |                                                                                                          |               15 |             62 |         4.13 |
|  ap_clk      | bd_0_i/hls_inst/inst/gmem_m_axi_U/bus_write/wreq_throttle/rs_req/load_p1                                                                      |                                                                                                          |               18 |             62 |         3.44 |
|  ap_clk      | bd_0_i/hls_inst/inst/ap_CS_fsm_state32                                                                                                        |                                                                                                          |               15 |             64 |         4.27 |
|  ap_clk      | bd_0_i/hls_inst/inst/gmem_m_axi_U/bus_write/wreq_burst_conv/burst_sequential/E[0]                                                             | bd_0_i/hls_inst/inst/gmem_m_axi_U/store_unit_0/buff_wdata/U_fifo_srl/SR[0]                               |               17 |             67 |         3.94 |
|  ap_clk      | bd_0_i/hls_inst/inst/gmem_m_axi_U/bus_read/rreq_burst_conv/burst_sequential/E[0]                                                              | bd_0_i/hls_inst/inst/gmem_m_axi_U/store_unit_0/buff_wdata/U_fifo_srl/SR[0]                               |               17 |             67 |         3.94 |
|  ap_clk      | bd_0_i/hls_inst/inst/gmem_m_axi_U/bus_write/wreq_burst_conv/burst_sequential/rs_req/p_15_in                                                   | bd_0_i/hls_inst/inst/gmem_m_axi_U/store_unit_0/buff_wdata/U_fifo_srl/SR[0]                               |               19 |             77 |         4.05 |
|  ap_clk      | bd_0_i/hls_inst/inst/gmem_m_axi_U/bus_read/rreq_burst_conv/burst_sequential/rs_req/p_15_in                                                    | bd_0_i/hls_inst/inst/gmem_m_axi_U/store_unit_0/buff_wdata/U_fifo_srl/SR[0]                               |               16 |             77 |         4.81 |
|  ap_clk      | bd_0_i/hls_inst/inst/gmem_m_axi_U/bus_read/rreq_burst_conv/burst_sequential/rs_req/next_req                                                   | bd_0_i/hls_inst/inst/gmem_m_axi_U/store_unit_0/buff_wdata/U_fifo_srl/SR[0]                               |               23 |             92 |         4.00 |
|  ap_clk      | bd_0_i/hls_inst/inst/gmem_m_axi_U/bus_write/wreq_burst_conv/burst_sequential/rs_req/next_req                                                  | bd_0_i/hls_inst/inst/gmem_m_axi_U/store_unit_0/buff_wdata/U_fifo_srl/SR[0]                               |               23 |             92 |         4.00 |
|  ap_clk      | bd_0_i/hls_inst/inst/ap_CS_fsm_state33                                                                                                        |                                                                                                          |               30 |            116 |         3.87 |
|  ap_clk      |                                                                                                                                               | bd_0_i/hls_inst/inst/gmem_m_axi_U/store_unit_0/buff_wdata/U_fifo_srl/SR[0]                               |               71 |            165 |         2.32 |
|  ap_clk      |                                                                                                                                               |                                                                                                          |              101 |            288 |         2.85 |
|  ap_clk      | bd_0_i/hls_inst/inst/ap_CS_fsm_state1                                                                                                         |                                                                                                          |              136 |            446 |         3.28 |
|  ap_clk      | bd_0_i/hls_inst/inst/gmem_m_axi_U/load_unit_0/buff_rdata/E[0]                                                                                 |                                                                                                          |              272 |            512 |         1.88 |
|  ap_clk      | bd_0_i/hls_inst/inst/ap_NS_fsm1                                                                                                               |                                                                                                          |              165 |            512 |         3.10 |
|  ap_clk      | bd_0_i/hls_inst/inst/grp_MM_Pipeline_i_loop_fu_883/flow_control_loop_pipe_sequential_init_U/trunc_ln67_reg_4962_pp0_iter1_reg_reg[1]_5[0]     |                                                                                                          |              145 |            512 |         3.53 |
|  ap_clk      | bd_0_i/hls_inst/inst/grp_MM_Pipeline_i_loop_fu_883/flow_control_loop_pipe_sequential_init_U/trunc_ln67_reg_4962_pp0_iter1_reg_reg[0][0]       |                                                                                                          |              111 |            512 |         4.61 |
|  ap_clk      | bd_0_i/hls_inst/inst/grp_MM_Pipeline_i_loop_fu_883/flow_control_loop_pipe_sequential_init_U/trunc_ln67_reg_4962_pp0_iter1_reg_reg[1]_2[0]     |                                                                                                          |              153 |            512 |         3.35 |
|  ap_clk      | bd_0_i/hls_inst/inst/grp_MM_Pipeline_i_loop_fu_883/flow_control_loop_pipe_sequential_init_U/trunc_ln67_reg_4962_pp0_iter1_reg_reg[0]_1[0]     |                                                                                                          |              120 |            512 |         4.27 |
|  ap_clk      | bd_0_i/hls_inst/inst/grp_MM_Pipeline_i_loop_fu_883/flow_control_loop_pipe_sequential_init_U/trunc_ln67_reg_4962_pp0_iter1_reg_reg[0]_5[0]     |                                                                                                          |              150 |            512 |         3.41 |
|  ap_clk      | bd_0_i/hls_inst/inst/grp_MM_Pipeline_i_loop_fu_883/flow_control_loop_pipe_sequential_init_U/trunc_ln67_reg_4962_pp0_iter1_reg_reg[0]_0[0]     |                                                                                                          |              205 |            512 |         2.50 |
|  ap_clk      | bd_0_i/hls_inst/inst/grp_MM_Pipeline_i_loop_fu_883/flow_control_loop_pipe_sequential_init_U/trunc_ln67_reg_4962_pp0_iter1_reg_reg[0]_3[0]     |                                                                                                          |              181 |            512 |         2.83 |
|  ap_clk      | bd_0_i/hls_inst/inst/grp_MM_Pipeline_i_loop_fu_883/flow_control_loop_pipe_sequential_init_U/trunc_ln67_reg_4962_pp0_iter1_reg_reg[2][0]       |                                                                                                          |              117 |            512 |         4.38 |
|  ap_clk      | bd_0_i/hls_inst/inst/grp_MM_Pipeline_i_loop_fu_883/flow_control_loop_pipe_sequential_init_U/trunc_ln67_reg_4962_pp0_iter1_reg_reg[1]_1[0]     |                                                                                                          |              132 |            512 |         3.88 |
|  ap_clk      | bd_0_i/hls_inst/inst/grp_MM_Pipeline_i_loop_fu_883/flow_control_loop_pipe_sequential_init_U/trunc_ln67_reg_4962_pp0_iter1_reg_reg[0]_2[0]     |                                                                                                          |              179 |            512 |         2.86 |
|  ap_clk      | bd_0_i/hls_inst/inst/grp_MM_Pipeline_i_loop_fu_883/flow_control_loop_pipe_sequential_init_U/trunc_ln67_reg_4962_pp0_iter1_reg_reg[1][0]       |                                                                                                          |              208 |            512 |         2.46 |
|  ap_clk      | bd_0_i/hls_inst/inst/grp_MM_Pipeline_i_loop_fu_883/flow_control_loop_pipe_sequential_init_U/trunc_ln67_reg_4962_pp0_iter1_reg_reg[1]_3[0]     |                                                                                                          |              150 |            512 |         3.41 |
|  ap_clk      | bd_0_i/hls_inst/inst/grp_MM_Pipeline_i_loop_fu_883/flow_control_loop_pipe_sequential_init_U/trunc_ln67_reg_4962_pp0_iter1_reg_reg[0]_4[0]     |                                                                                                          |              155 |            512 |         3.30 |
|  ap_clk      | bd_0_i/hls_inst/inst/grp_MM_Pipeline_i_loop_fu_883/flow_control_loop_pipe_sequential_init_U/trunc_ln67_reg_4962_pp0_iter1_reg_reg[1]_4[0]     |                                                                                                          |              154 |            512 |         3.32 |
|  ap_clk      | bd_0_i/hls_inst/inst/grp_MM_Pipeline_i_loop_fu_883/flow_control_loop_pipe_sequential_init_U/E[0]                                              |                                                                                                          |              125 |            512 |         4.10 |
|  ap_clk      | bd_0_i/hls_inst/inst/grp_MM_Pipeline_i_loop_fu_883/flow_control_loop_pipe_sequential_init_U/trunc_ln67_reg_4962_pp0_iter1_reg_reg[1]_0[0]     |                                                                                                          |              156 |            512 |         3.28 |
|  ap_clk      | bd_0_i/hls_inst/inst/gmem_m_axi_U/bus_read/rs_rdata/load_p1                                                                                   |                                                                                                          |              149 |            513 |         3.44 |
|  ap_clk      | bd_0_i/hls_inst/inst/gmem_m_axi_U/bus_read/rs_rdata/load_p2                                                                                   |                                                                                                          |              152 |            513 |         3.38 |
|  ap_clk      | bd_0_i/hls_inst/inst/ap_CS_fsm_state47                                                                                                        |                                                                                                          |              515 |            522 |         1.01 |
|  ap_clk      | bd_0_i/hls_inst/inst/gmem_m_axi_U/bus_write/wreq_throttle/rs_req/ap_rst_n_0                                                                   | bd_0_i/hls_inst/inst/gmem_m_axi_U/bus_write/wreq_throttle/rs_req/ap_rst_n_1                              |               97 |            576 |         5.94 |
|  ap_clk      | bd_0_i/hls_inst/inst/gmem_m_axi_U/store_unit_0/buff_wdata/U_fifo_srl/sel                                                                      |                                                                                                          |              147 |            576 |         3.92 |
|  ap_clk      | bd_0_i/hls_inst/inst/gmem_m_axi_U/store_unit_0/buff_wdata/U_fifo_srl/pop                                                                      | bd_0_i/hls_inst/inst/gmem_m_axi_U/store_unit_0/buff_wdata/U_fifo_srl/SR[0]                               |              147 |            576 |         3.92 |
|  ap_clk      | bd_0_i/hls_inst/inst/ap_CS_fsm_state2                                                                                                         |                                                                                                          |              259 |            982 |         3.79 |
|  ap_clk      | bd_0_i/hls_inst/inst/AB_block_9_0_reg_534                                                                                                     |                                                                                                          |             1224 |           8192 |         6.69 |
|  ap_clk      | bd_0_i/hls_inst/inst/AB_block_9_1_reg_717                                                                                                     |                                                                                                          |             1311 |           8192 |         6.25 |
+--------------+-----------------------------------------------------------------------------------------------------------------------------------------------+----------------------------------------------------------------------------------------------------------+------------------+----------------+--------------+


