Copyright 1986-2022 Xilinx, Inc. All Rights Reserved. Copyright 2022-2025 Advanced Micro Devices, Inc. All Rights Reserved.
---------------------------------------------------------------------------------------------------------------------------------------------
| Tool Version : Vivado v.2025.2 (win64) Build 6299465 Fri Nov 14 19:35:11 GMT 2025
| Date         : Mon Apr  6 18:48:25 2026
| Host         : jwood_Win_PC running 64-bit major release  (build 9200)
| Command      : report_drc -file bd_0_wrapper_drc_opted.rpt -pb bd_0_wrapper_drc_opted.pb -rpx bd_0_wrapper_drc_opted.rpx
| Design       : bd_0_wrapper
| Device       : xc7z020clg400-1
| Speed File   : -1
| Design State : Synthesized
---------------------------------------------------------------------------------------------------------------------------------------------

Report DRC

Table of Contents
-----------------
1. REPORT SUMMARY
2. REPORT DETAILS

1. REPORT SUMMARY
-----------------
            Netlist: netlist
          Floorplan: checkpoint_bd_0_wrapper
      Design limits: <entire design considered>
           Ruledeck: default
             Max checks: <unlimited>
             Checks found: 75
+--------+----------+------------------------+--------+
| Rule   | Severity | Description            | Checks |
+--------+----------+------------------------+--------+
| DPOP-1 | Warning  | PREG Output pipelining | 22     |
| DPOP-2 | Warning  | MREG Output pipelining | 52     |
| ZPS7-1 | Warning  | PS7 block required     | 1      |
+--------+----------+------------------------+--------+

2. REPORT DETAILS
-----------------
DPOP-1#1 Warning
PREG Output pipelining  
DSP bd_0_i/hls_inst/inst/grp_MM_Pipeline_VITIS_LOOP_65_8_fu_7200/mul_31ns_32s_62_1_1_U1/tmp_product output bd_0_i/hls_inst/inst/grp_MM_Pipeline_VITIS_LOOP_65_8_fu_7200/mul_31ns_32s_62_1_1_U1/tmp_product/P[47:0] is not pipelined (PREG=0). Pipelining the DSP48 output will improve performance and often saves power so it is suggested whenever possible to fully pipeline this function.  If this DSP48 function was inferred, it is suggested to describe an additional register stage after this function.  If the DSP48 was instantiated in the design, it is suggested to set the PREG attribute to 1.
Related violations: <none>

DPOP-1#2 Warning
PREG Output pipelining  
DSP bd_0_i/hls_inst/inst/grp_MM_Pipeline_VITIS_LOOP_65_8_fu_7200/mul_31ns_32s_62_1_1_U1/tmp_product__0 output bd_0_i/hls_inst/inst/grp_MM_Pipeline_VITIS_LOOP_65_8_fu_7200/mul_31ns_32s_62_1_1_U1/tmp_product__0/P[47:0] is not pipelined (PREG=0). Pipelining the DSP48 output will improve performance and often saves power so it is suggested whenever possible to fully pipeline this function.  If this DSP48 function was inferred, it is suggested to describe an additional register stage after this function.  If the DSP48 was instantiated in the design, it is suggested to set the PREG attribute to 1.
Related violations: <none>

DPOP-1#3 Warning
PREG Output pipelining  
DSP bd_0_i/hls_inst/inst/grp_MM_Pipeline_VITIS_LOOP_65_8_fu_7200/mul_32s_32s_32_1_1_U10/tmp_product__0 output bd_0_i/hls_inst/inst/grp_MM_Pipeline_VITIS_LOOP_65_8_fu_7200/mul_32s_32s_32_1_1_U10/tmp_product__0/P[47:0] is not pipelined (PREG=0). Pipelining the DSP48 output will improve performance and often saves power so it is suggested whenever possible to fully pipeline this function.  If this DSP48 function was inferred, it is suggested to describe an additional register stage after this function.  If the DSP48 was instantiated in the design, it is suggested to set the PREG attribute to 1.
Related violations: <none>

DPOP-1#4 Warning
PREG Output pipelining  
DSP bd_0_i/hls_inst/inst/grp_MM_Pipeline_VITIS_LOOP_65_8_fu_7200/mul_32s_32s_32_1_1_U11/tmp_product__0 output bd_0_i/hls_inst/inst/grp_MM_Pipeline_VITIS_LOOP_65_8_fu_7200/mul_32s_32s_32_1_1_U11/tmp_product__0/P[47:0] is not pipelined (PREG=0). Pipelining the DSP48 output will improve performance and often saves power so it is suggested whenever possible to fully pipeline this function.  If this DSP48 function was inferred, it is suggested to describe an additional register stage after this function.  If the DSP48 was instantiated in the design, it is suggested to set the PREG attribute to 1.
Related violations: <none>

DPOP-1#5 Warning
PREG Output pipelining  
DSP bd_0_i/hls_inst/inst/grp_MM_Pipeline_VITIS_LOOP_65_8_fu_7200/mul_32s_32s_32_1_1_U12/tmp_product__0 output bd_0_i/hls_inst/inst/grp_MM_Pipeline_VITIS_LOOP_65_8_fu_7200/mul_32s_32s_32_1_1_U12/tmp_product__0/P[47:0] is not pipelined (PREG=0). Pipelining the DSP48 output will improve performance and often saves power so it is suggested whenever possible to fully pipeline this function.  If this DSP48 function was inferred, it is suggested to describe an additional register stage after this function.  If the DSP48 was instantiated in the design, it is suggested to set the PREG attribute to 1.
Related violations: <none>

DPOP-1#6 Warning
PREG Output pipelining  
DSP bd_0_i/hls_inst/inst/grp_MM_Pipeline_VITIS_LOOP_65_8_fu_7200/mul_32s_32s_32_1_1_U13/tmp_product__0 output bd_0_i/hls_inst/inst/grp_MM_Pipeline_VITIS_LOOP_65_8_fu_7200/mul_32s_32s_32_1_1_U13/tmp_product__0/P[47:0] is not pipelined (PREG=0). Pipelining the DSP48 output will improve performance and often saves power so it is suggested whenever possible to fully pipeline this function.  If this DSP48 function was inferred, it is suggested to describe an additional register stage after this function.  If the DSP48 was instantiated in the design, it is suggested to set the PREG attribute to 1.
Related violations: <none>

DPOP-1#7 Warning
PREG Output pipelining  
DSP bd_0_i/hls_inst/inst/grp_MM_Pipeline_VITIS_LOOP_65_8_fu_7200/mul_32s_32s_32_1_1_U14/tmp_product__0 output bd_0_i/hls_inst/inst/grp_MM_Pipeline_VITIS_LOOP_65_8_fu_7200/mul_32s_32s_32_1_1_U14/tmp_product__0/P[47:0] is not pipelined (PREG=0). Pipelining the DSP48 output will improve performance and often saves power so it is suggested whenever possible to fully pipeline this function.  If this DSP48 function was inferred, it is suggested to describe an additional register stage after this function.  If the DSP48 was instantiated in the design, it is suggested to set the PREG attribute to 1.
Related violations: <none>

DPOP-1#8 Warning
PREG Output pipelining  
DSP bd_0_i/hls_inst/inst/grp_MM_Pipeline_VITIS_LOOP_65_8_fu_7200/mul_32s_32s_32_1_1_U15/tmp_product__0 output bd_0_i/hls_inst/inst/grp_MM_Pipeline_VITIS_LOOP_65_8_fu_7200/mul_32s_32s_32_1_1_U15/tmp_product__0/P[47:0] is not pipelined (PREG=0). Pipelining the DSP48 output will improve performance and often saves power so it is suggested whenever possible to fully pipeline this function.  If this DSP48 function was inferred, it is suggested to describe an additional register stage after this function.  If the DSP48 was instantiated in the design, it is suggested to set the PREG attribute to 1.
Related violations: <none>

DPOP-1#9 Warning
PREG Output pipelining  
DSP bd_0_i/hls_inst/inst/grp_MM_Pipeline_VITIS_LOOP_65_8_fu_7200/mul_32s_32s_32_1_1_U16/tmp_product__0 output bd_0_i/hls_inst/inst/grp_MM_Pipeline_VITIS_LOOP_65_8_fu_7200/mul_32s_32s_32_1_1_U16/tmp_product__0/P[47:0] is not pipelined (PREG=0). Pipelining the DSP48 output will improve performance and often saves power so it is suggested whenever possible to fully pipeline this function.  If this DSP48 function was inferred, it is suggested to describe an additional register stage after this function.  If the DSP48 was instantiated in the design, it is suggested to set the PREG attribute to 1.
Related violations: <none>

DPOP-1#10 Warning
PREG Output pipelining  
DSP bd_0_i/hls_inst/inst/grp_MM_Pipeline_VITIS_LOOP_65_8_fu_7200/mul_32s_32s_32_1_1_U17/tmp_product__0 output bd_0_i/hls_inst/inst/grp_MM_Pipeline_VITIS_LOOP_65_8_fu_7200/mul_32s_32s_32_1_1_U17/tmp_product__0/P[47:0] is not pipelined (PREG=0). Pipelining the DSP48 output will improve performance and often saves power so it is suggested whenever possible to fully pipeline this function.  If this DSP48 function was inferred, it is suggested to describe an additional register stage after this function.  If the DSP48 was instantiated in the design, it is suggested to set the PREG attribute to 1.
Related violations: <none>

DPOP-1#11 Warning
PREG Output pipelining  
DSP bd_0_i/hls_inst/inst/grp_MM_Pipeline_VITIS_LOOP_65_8_fu_7200/mul_32s_32s_32_1_1_U2/tmp_product__0 output bd_0_i/hls_inst/inst/grp_MM_Pipeline_VITIS_LOOP_65_8_fu_7200/mul_32s_32s_32_1_1_U2/tmp_product__0/P[47:0] is not pipelined (PREG=0). Pipelining the DSP48 output will improve performance and often saves power so it is suggested whenever possible to fully pipeline this function.  If this DSP48 function was inferred, it is suggested to describe an additional register stage after this function.  If the DSP48 was instantiated in the design, it is suggested to set the PREG attribute to 1.
Related violations: <none>

DPOP-1#12 Warning
PREG Output pipelining  
DSP bd_0_i/hls_inst/inst/grp_MM_Pipeline_VITIS_LOOP_65_8_fu_7200/mul_32s_32s_32_1_1_U3/tmp_product__0 output bd_0_i/hls_inst/inst/grp_MM_Pipeline_VITIS_LOOP_65_8_fu_7200/mul_32s_32s_32_1_1_U3/tmp_product__0/P[47:0] is not pipelined (PREG=0). Pipelining the DSP48 output will improve performance and often saves power so it is suggested whenever possible to fully pipeline this function.  If this DSP48 function was inferred, it is suggested to describe an additional register stage after this function.  If the DSP48 was instantiated in the design, it is suggested to set the PREG attribute to 1.
Related violations: <none>

DPOP-1#13 Warning
PREG Output pipelining  
DSP bd_0_i/hls_inst/inst/grp_MM_Pipeline_VITIS_LOOP_65_8_fu_7200/mul_32s_32s_32_1_1_U4/tmp_product__0 output bd_0_i/hls_inst/inst/grp_MM_Pipeline_VITIS_LOOP_65_8_fu_7200/mul_32s_32s_32_1_1_U4/tmp_product__0/P[47:0] is not pipelined (PREG=0). Pipelining the DSP48 output will improve performance and often saves power so it is suggested whenever possible to fully pipeline this function.  If this DSP48 function was inferred, it is suggested to describe an additional register stage after this function.  If the DSP48 was instantiated in the design, it is suggested to set the PREG attribute to 1.
Related violations: <none>

DPOP-1#14 Warning
PREG Output pipelining  
DSP bd_0_i/hls_inst/inst/grp_MM_Pipeline_VITIS_LOOP_65_8_fu_7200/mul_32s_32s_32_1_1_U5/tmp_product output bd_0_i/hls_inst/inst/grp_MM_Pipeline_VITIS_LOOP_65_8_fu_7200/mul_32s_32s_32_1_1_U5/tmp_product/P[47:0] is not pipelined (PREG=0). Pipelining the DSP48 output will improve performance and often saves power so it is suggested whenever possible to fully pipeline this function.  If this DSP48 function was inferred, it is suggested to describe an additional register stage after this function.  If the DSP48 was instantiated in the design, it is suggested to set the PREG attribute to 1.
Related violations: <none>

DPOP-1#15 Warning
PREG Output pipelining  
DSP bd_0_i/hls_inst/inst/grp_MM_Pipeline_VITIS_LOOP_65_8_fu_7200/mul_32s_32s_32_1_1_U5/tmp_product__0 output bd_0_i/hls_inst/inst/grp_MM_Pipeline_VITIS_LOOP_65_8_fu_7200/mul_32s_32s_32_1_1_U5/tmp_product__0/P[47:0] is not pipelined (PREG=0). Pipelining the DSP48 output will improve performance and often saves power so it is suggested whenever possible to fully pipeline this function.  If this DSP48 function was inferred, it is suggested to describe an additional register stage after this function.  If the DSP48 was instantiated in the design, it is suggested to set the PREG attribute to 1.
Related violations: <none>

DPOP-1#16 Warning
PREG Output pipelining  
DSP bd_0_i/hls_inst/inst/grp_MM_Pipeline_VITIS_LOOP_65_8_fu_7200/mul_32s_32s_32_1_1_U5/tmp_product__1 output bd_0_i/hls_inst/inst/grp_MM_Pipeline_VITIS_LOOP_65_8_fu_7200/mul_32s_32s_32_1_1_U5/tmp_product__1/P[47:0] is not pipelined (PREG=0). Pipelining the DSP48 output will improve performance and often saves power so it is suggested whenever possible to fully pipeline this function.  If this DSP48 function was inferred, it is suggested to describe an additional register stage after this function.  If the DSP48 was instantiated in the design, it is suggested to set the PREG attribute to 1.
Related violations: <none>

DPOP-1#17 Warning
PREG Output pipelining  
DSP bd_0_i/hls_inst/inst/grp_MM_Pipeline_VITIS_LOOP_65_8_fu_7200/mul_32s_32s_32_1_1_U6/tmp_product__0 output bd_0_i/hls_inst/inst/grp_MM_Pipeline_VITIS_LOOP_65_8_fu_7200/mul_32s_32s_32_1_1_U6/tmp_product__0/P[47:0] is not pipelined (PREG=0). Pipelining the DSP48 output will improve performance and often saves power so it is suggested whenever possible to fully pipeline this function.  If this DSP48 function was inferred, it is suggested to describe an additional register stage after this function.  If the DSP48 was instantiated in the design, it is suggested to set the PREG attribute to 1.
Related violations: <none>

DPOP-1#18 Warning
PREG Output pipelining  
DSP bd_0_i/hls_inst/inst/grp_MM_Pipeline_VITIS_LOOP_65_8_fu_7200/mul_32s_32s_32_1_1_U7/tmp_product__0 output bd_0_i/hls_inst/inst/grp_MM_Pipeline_VITIS_LOOP_65_8_fu_7200/mul_32s_32s_32_1_1_U7/tmp_product__0/P[47:0] is not pipelined (PREG=0). Pipelining the DSP48 output will improve performance and often saves power so it is suggested whenever possible to fully pipeline this function.  If this DSP48 function was inferred, it is suggested to describe an additional register stage after this function.  If the DSP48 was instantiated in the design, it is suggested to set the PREG attribute to 1.
Related violations: <none>

DPOP-1#19 Warning
PREG Output pipelining  
DSP bd_0_i/hls_inst/inst/grp_MM_Pipeline_VITIS_LOOP_65_8_fu_7200/mul_32s_32s_32_1_1_U8/tmp_product output bd_0_i/hls_inst/inst/grp_MM_Pipeline_VITIS_LOOP_65_8_fu_7200/mul_32s_32s_32_1_1_U8/tmp_product/P[47:0] is not pipelined (PREG=0). Pipelining the DSP48 output will improve performance and often saves power so it is suggested whenever possible to fully pipeline this function.  If this DSP48 function was inferred, it is suggested to describe an additional register stage after this function.  If the DSP48 was instantiated in the design, it is suggested to set the PREG attribute to 1.
Related violations: <none>

DPOP-1#20 Warning
PREG Output pipelining  
DSP bd_0_i/hls_inst/inst/grp_MM_Pipeline_VITIS_LOOP_65_8_fu_7200/mul_32s_32s_32_1_1_U8/tmp_product__0 output bd_0_i/hls_inst/inst/grp_MM_Pipeline_VITIS_LOOP_65_8_fu_7200/mul_32s_32s_32_1_1_U8/tmp_product__0/P[47:0] is not pipelined (PREG=0). Pipelining the DSP48 output will improve performance and often saves power so it is suggested whenever possible to fully pipeline this function.  If this DSP48 function was inferred, it is suggested to describe an additional register stage after this function.  If the DSP48 was instantiated in the design, it is suggested to set the PREG attribute to 1.
Related violations: <none>

DPOP-1#21 Warning
PREG Output pipelining  
DSP bd_0_i/hls_inst/inst/grp_MM_Pipeline_VITIS_LOOP_65_8_fu_7200/mul_32s_32s_32_1_1_U8/tmp_product__1 output bd_0_i/hls_inst/inst/grp_MM_Pipeline_VITIS_LOOP_65_8_fu_7200/mul_32s_32s_32_1_1_U8/tmp_product__1/P[47:0] is not pipelined (PREG=0). Pipelining the DSP48 output will improve performance and often saves power so it is suggested whenever possible to fully pipeline this function.  If this DSP48 function was inferred, it is suggested to describe an additional register stage after this function.  If the DSP48 was instantiated in the design, it is suggested to set the PREG attribute to 1.
Related violations: <none>

DPOP-1#22 Warning
PREG Output pipelining  
DSP bd_0_i/hls_inst/inst/grp_MM_Pipeline_VITIS_LOOP_65_8_fu_7200/mul_32s_32s_32_1_1_U9/tmp_product__0 output bd_0_i/hls_inst/inst/grp_MM_Pipeline_VITIS_LOOP_65_8_fu_7200/mul_32s_32s_32_1_1_U9/tmp_product__0/P[47:0] is not pipelined (PREG=0). Pipelining the DSP48 output will improve performance and often saves power so it is suggested whenever possible to fully pipeline this function.  If this DSP48 function was inferred, it is suggested to describe an additional register stage after this function.  If the DSP48 was instantiated in the design, it is suggested to set the PREG attribute to 1.
Related violations: <none>

DPOP-2#1 Warning
MREG Output pipelining  
DSP bd_0_i/hls_inst/inst/grp_MM_Pipeline_VITIS_LOOP_65_8_fu_7200/mul_31ns_32s_62_1_1_U1/tmp_product multiplier stage bd_0_i/hls_inst/inst/grp_MM_Pipeline_VITIS_LOOP_65_8_fu_7200/mul_31ns_32s_62_1_1_U1/tmp_product/P[47:0] is not pipelined (MREG=0). Pipelining the multiplier function will improve performance and will save significant power so it is suggested whenever possible to fully pipeline this function.  If this multiplier was inferred, it is suggested to describe an additional register stage after this function.  If there is no registered adder/accumulator following the multiply function, two pipeline stages are suggested to allow both the MREG and PREG registers to be used.  If the DSP48 was instantiated in the design, it is suggested to set both the MREG and PREG attributes to 1 when performing multiply functions.
Related violations: <none>

DPOP-2#2 Warning
MREG Output pipelining  
DSP bd_0_i/hls_inst/inst/grp_MM_Pipeline_VITIS_LOOP_65_8_fu_7200/mul_31ns_32s_62_1_1_U1/tmp_product__0 multiplier stage bd_0_i/hls_inst/inst/grp_MM_Pipeline_VITIS_LOOP_65_8_fu_7200/mul_31ns_32s_62_1_1_U1/tmp_product__0/P[47:0] is not pipelined (MREG=0). Pipelining the multiplier function will improve performance and will save significant power so it is suggested whenever possible to fully pipeline this function.  If this multiplier was inferred, it is suggested to describe an additional register stage after this function.  If there is no registered adder/accumulator following the multiply function, two pipeline stages are suggested to allow both the MREG and PREG registers to be used.  If the DSP48 was instantiated in the design, it is suggested to set both the MREG and PREG attributes to 1 when performing multiply functions.
Related violations: <none>

DPOP-2#3 Warning
MREG Output pipelining  
DSP bd_0_i/hls_inst/inst/grp_MM_Pipeline_VITIS_LOOP_65_8_fu_7200/mul_32s_32s_32_1_1_U10/tmp_product multiplier stage bd_0_i/hls_inst/inst/grp_MM_Pipeline_VITIS_LOOP_65_8_fu_7200/mul_32s_32s_32_1_1_U10/tmp_product/P[47:0] is not pipelined (MREG=0). Pipelining the multiplier function will improve performance and will save significant power so it is suggested whenever possible to fully pipeline this function.  If this multiplier was inferred, it is suggested to describe an additional register stage after this function.  If there is no registered adder/accumulator following the multiply function, two pipeline stages are suggested to allow both the MREG and PREG registers to be used.  If the DSP48 was instantiated in the design, it is suggested to set both the MREG and PREG attributes to 1 when performing multiply functions.
Related violations: <none>

DPOP-2#4 Warning
MREG Output pipelining  
DSP bd_0_i/hls_inst/inst/grp_MM_Pipeline_VITIS_LOOP_65_8_fu_7200/mul_32s_32s_32_1_1_U10/tmp_product__0 multiplier stage bd_0_i/hls_inst/inst/grp_MM_Pipeline_VITIS_LOOP_65_8_fu_7200/mul_32s_32s_32_1_1_U10/tmp_product__0/P[47:0] is not pipelined (MREG=0). Pipelining the multiplier function will improve performance and will save significant power so it is suggested whenever possible to fully pipeline this function.  If this multiplier was inferred, it is suggested to describe an additional register stage after this function.  If there is no registered adder/accumulator following the multiply function, two pipeline stages are suggested to allow both the MREG and PREG registers to be used.  If the DSP48 was instantiated in the design, it is suggested to set both the MREG and PREG attributes to 1 when performing multiply functions.
Related violations: <none>

DPOP-2#5 Warning
MREG Output pipelining  
DSP bd_0_i/hls_inst/inst/grp_MM_Pipeline_VITIS_LOOP_65_8_fu_7200/mul_32s_32s_32_1_1_U11/tmp_product multiplier stage bd_0_i/hls_inst/inst/grp_MM_Pipeline_VITIS_LOOP_65_8_fu_7200/mul_32s_32s_32_1_1_U11/tmp_product/P[47:0] is not pipelined (MREG=0). Pipelining the multiplier function will improve performance and will save significant power so it is suggested whenever possible to fully pipeline this function.  If this multiplier was inferred, it is suggested to describe an additional register stage after this function.  If there is no registered adder/accumulator following the multiply function, two pipeline stages are suggested to allow both the MREG and PREG registers to be used.  If the DSP48 was instantiated in the design, it is suggested to set both the MREG and PREG attributes to 1 when performing multiply functions.
Related violations: <none>

DPOP-2#6 Warning
MREG Output pipelining  
DSP bd_0_i/hls_inst/inst/grp_MM_Pipeline_VITIS_LOOP_65_8_fu_7200/mul_32s_32s_32_1_1_U11/tmp_product__0 multiplier stage bd_0_i/hls_inst/inst/grp_MM_Pipeline_VITIS_LOOP_65_8_fu_7200/mul_32s_32s_32_1_1_U11/tmp_product__0/P[47:0] is not pipelined (MREG=0). Pipelining the multiplier function will improve performance and will save significant power so it is suggested whenever possible to fully pipeline this function.  If this multiplier was inferred, it is suggested to describe an additional register stage after this function.  If there is no registered adder/accumulator following the multiply function, two pipeline stages are suggested to allow both the MREG and PREG registers to be used.  If the DSP48 was instantiated in the design, it is suggested to set both the MREG and PREG attributes to 1 when performing multiply functions.
Related violations: <none>

DPOP-2#7 Warning
MREG Output pipelining  
DSP bd_0_i/hls_inst/inst/grp_MM_Pipeline_VITIS_LOOP_65_8_fu_7200/mul_32s_32s_32_1_1_U12/tmp_product multiplier stage bd_0_i/hls_inst/inst/grp_MM_Pipeline_VITIS_LOOP_65_8_fu_7200/mul_32s_32s_32_1_1_U12/tmp_product/P[47:0] is not pipelined (MREG=0). Pipelining the multiplier function will improve performance and will save significant power so it is suggested whenever possible to fully pipeline this function.  If this multiplier was inferred, it is suggested to describe an additional register stage after this function.  If there is no registered adder/accumulator following the multiply function, two pipeline stages are suggested to allow both the MREG and PREG registers to be used.  If the DSP48 was instantiated in the design, it is suggested to set both the MREG and PREG attributes to 1 when performing multiply functions.
Related violations: <none>

DPOP-2#8 Warning
MREG Output pipelining  
DSP bd_0_i/hls_inst/inst/grp_MM_Pipeline_VITIS_LOOP_65_8_fu_7200/mul_32s_32s_32_1_1_U12/tmp_product__0 multiplier stage bd_0_i/hls_inst/inst/grp_MM_Pipeline_VITIS_LOOP_65_8_fu_7200/mul_32s_32s_32_1_1_U12/tmp_product__0/P[47:0] is not pipelined (MREG=0). Pipelining the multiplier function will improve performance and will save significant power so it is suggested whenever possible to fully pipeline this function.  If this multiplier was inferred, it is suggested to describe an additional register stage after this function.  If there is no registered adder/accumulator following the multiply function, two pipeline stages are suggested to allow both the MREG and PREG registers to be used.  If the DSP48 was instantiated in the design, it is suggested to set both the MREG and PREG attributes to 1 when performing multiply functions.
Related violations: <none>

DPOP-2#9 Warning
MREG Output pipelining  
DSP bd_0_i/hls_inst/inst/grp_MM_Pipeline_VITIS_LOOP_65_8_fu_7200/mul_32s_32s_32_1_1_U13/tmp_product multiplier stage bd_0_i/hls_inst/inst/grp_MM_Pipeline_VITIS_LOOP_65_8_fu_7200/mul_32s_32s_32_1_1_U13/tmp_product/P[47:0] is not pipelined (MREG=0). Pipelining the multiplier function will improve performance and will save significant power so it is suggested whenever possible to fully pipeline this function.  If this multiplier was inferred, it is suggested to describe an additional register stage after this function.  If there is no registered adder/accumulator following the multiply function, two pipeline stages are suggested to allow both the MREG and PREG registers to be used.  If the DSP48 was instantiated in the design, it is suggested to set both the MREG and PREG attributes to 1 when performing multiply functions.
Related violations: <none>

DPOP-2#10 Warning
MREG Output pipelining  
DSP bd_0_i/hls_inst/inst/grp_MM_Pipeline_VITIS_LOOP_65_8_fu_7200/mul_32s_32s_32_1_1_U13/tmp_product__0 multiplier stage bd_0_i/hls_inst/inst/grp_MM_Pipeline_VITIS_LOOP_65_8_fu_7200/mul_32s_32s_32_1_1_U13/tmp_product__0/P[47:0] is not pipelined (MREG=0). Pipelining the multiplier function will improve performance and will save significant power so it is suggested whenever possible to fully pipeline this function.  If this multiplier was inferred, it is suggested to describe an additional register stage after this function.  If there is no registered adder/accumulator following the multiply function, two pipeline stages are suggested to allow both the MREG and PREG registers to be used.  If the DSP48 was instantiated in the design, it is suggested to set both the MREG and PREG attributes to 1 when performing multiply functions.
Related violations: <none>

DPOP-2#11 Warning
MREG Output pipelining  
DSP bd_0_i/hls_inst/inst/grp_MM_Pipeline_VITIS_LOOP_65_8_fu_7200/mul_32s_32s_32_1_1_U14/tmp_product multiplier stage bd_0_i/hls_inst/inst/grp_MM_Pipeline_VITIS_LOOP_65_8_fu_7200/mul_32s_32s_32_1_1_U14/tmp_product/P[47:0] is not pipelined (MREG=0). Pipelining the multiplier function will improve performance and will save significant power so it is suggested whenever possible to fully pipeline this function.  If this multiplier was inferred, it is suggested to describe an additional register stage after this function.  If there is no registered adder/accumulator following the multiply function, two pipeline stages are suggested to allow both the MREG and PREG registers to be used.  If the DSP48 was instantiated in the design, it is suggested to set both the MREG and PREG attributes to 1 when performing multiply functions.
Related violations: <none>

DPOP-2#12 Warning
MREG Output pipelining  
DSP bd_0_i/hls_inst/inst/grp_MM_Pipeline_VITIS_LOOP_65_8_fu_7200/mul_32s_32s_32_1_1_U14/tmp_product__0 multiplier stage bd_0_i/hls_inst/inst/grp_MM_Pipeline_VITIS_LOOP_65_8_fu_7200/mul_32s_32s_32_1_1_U14/tmp_product__0/P[47:0] is not pipelined (MREG=0). Pipelining the multiplier function will improve performance and will save significant power so it is suggested whenever possible to fully pipeline this function.  If this multiplier was inferred, it is suggested to describe an additional register stage after this function.  If there is no registered adder/accumulator following the multiply function, two pipeline stages are suggested to allow both the MREG and PREG registers to be used.  If the DSP48 was instantiated in the design, it is suggested to set both the MREG and PREG attributes to 1 when performing multiply functions.
Related violations: <none>

DPOP-2#13 Warning
MREG Output pipelining  
DSP bd_0_i/hls_inst/inst/grp_MM_Pipeline_VITIS_LOOP_65_8_fu_7200/mul_32s_32s_32_1_1_U15/tmp_product multiplier stage bd_0_i/hls_inst/inst/grp_MM_Pipeline_VITIS_LOOP_65_8_fu_7200/mul_32s_32s_32_1_1_U15/tmp_product/P[47:0] is not pipelined (MREG=0). Pipelining the multiplier function will improve performance and will save significant power so it is suggested whenever possible to fully pipeline this function.  If this multiplier was inferred, it is suggested to describe an additional register stage after this function.  If there is no registered adder/accumulator following the multiply function, two pipeline stages are suggested to allow both the MREG and PREG registers to be used.  If the DSP48 was instantiated in the design, it is suggested to set both the MREG and PREG attributes to 1 when performing multiply functions.
Related violations: <none>

DPOP-2#14 Warning
MREG Output pipelining  
DSP bd_0_i/hls_inst/inst/grp_MM_Pipeline_VITIS_LOOP_65_8_fu_7200/mul_32s_32s_32_1_1_U15/tmp_product__0 multiplier stage bd_0_i/hls_inst/inst/grp_MM_Pipeline_VITIS_LOOP_65_8_fu_7200/mul_32s_32s_32_1_1_U15/tmp_product__0/P[47:0] is not pipelined (MREG=0). Pipelining the multiplier function will improve performance and will save significant power so it is suggested whenever possible to fully pipeline this function.  If this multiplier was inferred, it is suggested to describe an additional register stage after this function.  If there is no registered adder/accumulator following the multiply function, two pipeline stages are suggested to allow both the MREG and PREG registers to be used.  If the DSP48 was instantiated in the design, it is suggested to set both the MREG and PREG attributes to 1 when performing multiply functions.
Related violations: <none>

DPOP-2#15 Warning
MREG Output pipelining  
DSP bd_0_i/hls_inst/inst/grp_MM_Pipeline_VITIS_LOOP_65_8_fu_7200/mul_32s_32s_32_1_1_U16/tmp_product multiplier stage bd_0_i/hls_inst/inst/grp_MM_Pipeline_VITIS_LOOP_65_8_fu_7200/mul_32s_32s_32_1_1_U16/tmp_product/P[47:0] is not pipelined (MREG=0). Pipelining the multiplier function will improve performance and will save significant power so it is suggested whenever possible to fully pipeline this function.  If this multiplier was inferred, it is suggested to describe an additional register stage after this function.  If there is no registered adder/accumulator following the multiply function, two pipeline stages are suggested to allow both the MREG and PREG registers to be used.  If the DSP48 was instantiated in the design, it is suggested to set both the MREG and PREG attributes to 1 when performing multiply functions.
Related violations: <none>

DPOP-2#16 Warning
MREG Output pipelining  
DSP bd_0_i/hls_inst/inst/grp_MM_Pipeline_VITIS_LOOP_65_8_fu_7200/mul_32s_32s_32_1_1_U16/tmp_product__0 multiplier stage bd_0_i/hls_inst/inst/grp_MM_Pipeline_VITIS_LOOP_65_8_fu_7200/mul_32s_32s_32_1_1_U16/tmp_product__0/P[47:0] is not pipelined (MREG=0). Pipelining the multiplier function will improve performance and will save significant power so it is suggested whenever possible to fully pipeline this function.  If this multiplier was inferred, it is suggested to describe an additional register stage after this function.  If there is no registered adder/accumulator following the multiply function, two pipeline stages are suggested to allow both the MREG and PREG registers to be used.  If the DSP48 was instantiated in the design, it is suggested to set both the MREG and PREG attributes to 1 when performing multiply functions.
Related violations: <none>

DPOP-2#17 Warning
MREG Output pipelining  
DSP bd_0_i/hls_inst/inst/grp_MM_Pipeline_VITIS_LOOP_65_8_fu_7200/mul_32s_32s_32_1_1_U17/tmp_product multiplier stage bd_0_i/hls_inst/inst/grp_MM_Pipeline_VITIS_LOOP_65_8_fu_7200/mul_32s_32s_32_1_1_U17/tmp_product/P[47:0] is not pipelined (MREG=0). Pipelining the multiplier function will improve performance and will save significant power so it is suggested whenever possible to fully pipeline this function.  If this multiplier was inferred, it is suggested to describe an additional register stage after this function.  If there is no registered adder/accumulator following the multiply function, two pipeline stages are suggested to allow both the MREG and PREG registers to be used.  If the DSP48 was instantiated in the design, it is suggested to set both the MREG and PREG attributes to 1 when performing multiply functions.
Related violations: <none>

DPOP-2#18 Warning
MREG Output pipelining  
DSP bd_0_i/hls_inst/inst/grp_MM_Pipeline_VITIS_LOOP_65_8_fu_7200/mul_32s_32s_32_1_1_U17/tmp_product__0 multiplier stage bd_0_i/hls_inst/inst/grp_MM_Pipeline_VITIS_LOOP_65_8_fu_7200/mul_32s_32s_32_1_1_U17/tmp_product__0/P[47:0] is not pipelined (MREG=0). Pipelining the multiplier function will improve performance and will save significant power so it is suggested whenever possible to fully pipeline this function.  If this multiplier was inferred, it is suggested to describe an additional register stage after this function.  If there is no registered adder/accumulator following the multiply function, two pipeline stages are suggested to allow both the MREG and PREG registers to be used.  If the DSP48 was instantiated in the design, it is suggested to set both the MREG and PREG attributes to 1 when performing multiply functions.
Related violations: <none>

DPOP-2#19 Warning
MREG Output pipelining  
DSP bd_0_i/hls_inst/inst/grp_MM_Pipeline_VITIS_LOOP_65_8_fu_7200/mul_32s_32s_32_1_1_U2/tmp_product multiplier stage bd_0_i/hls_inst/inst/grp_MM_Pipeline_VITIS_LOOP_65_8_fu_7200/mul_32s_32s_32_1_1_U2/tmp_product/P[47:0] is not pipelined (MREG=0). Pipelining the multiplier function will improve performance and will save significant power so it is suggested whenever possible to fully pipeline this function.  If this multiplier was inferred, it is suggested to describe an additional register stage after this function.  If there is no registered adder/accumulator following the multiply function, two pipeline stages are suggested to allow both the MREG and PREG registers to be used.  If the DSP48 was instantiated in the design, it is suggested to set both the MREG and PREG attributes to 1 when performing multiply functions.
Related violations: <none>

DPOP-2#20 Warning
MREG Output pipelining  
DSP bd_0_i/hls_inst/inst/grp_MM_Pipeline_VITIS_LOOP_65_8_fu_7200/mul_32s_32s_32_1_1_U2/tmp_product__0 multiplier stage bd_0_i/hls_inst/inst/grp_MM_Pipeline_VITIS_LOOP_65_8_fu_7200/mul_32s_32s_32_1_1_U2/tmp_product__0/P[47:0] is not pipelined (MREG=0). Pipelining the multiplier function will improve performance and will save significant power so it is suggested whenever possible to fully pipeline this function.  If this multiplier was inferred, it is suggested to describe an additional register stage after this function.  If there is no registered adder/accumulator following the multiply function, two pipeline stages are suggested to allow both the MREG and PREG registers to be used.  If the DSP48 was instantiated in the design, it is suggested to set both the MREG and PREG attributes to 1 when performing multiply functions.
Related violations: <none>

DPOP-2#21 Warning
MREG Output pipelining  
DSP bd_0_i/hls_inst/inst/grp_MM_Pipeline_VITIS_LOOP_65_8_fu_7200/mul_32s_32s_32_1_1_U3/tmp_product multiplier stage bd_0_i/hls_inst/inst/grp_MM_Pipeline_VITIS_LOOP_65_8_fu_7200/mul_32s_32s_32_1_1_U3/tmp_product/P[47:0] is not pipelined (MREG=0). Pipelining the multiplier function will improve performance and will save significant power so it is suggested whenever possible to fully pipeline this function.  If this multiplier was inferred, it is suggested to describe an additional register stage after this function.  If there is no registered adder/accumulator following the multiply function, two pipeline stages are suggested to allow both the MREG and PREG registers to be used.  If the DSP48 was instantiated in the design, it is suggested to set both the MREG and PREG attributes to 1 when performing multiply functions.
Related violations: <none>

DPOP-2#22 Warning
MREG Output pipelining  
DSP bd_0_i/hls_inst/inst/grp_MM_Pipeline_VITIS_LOOP_65_8_fu_7200/mul_32s_32s_32_1_1_U3/tmp_product__0 multiplier stage bd_0_i/hls_inst/inst/grp_MM_Pipeline_VITIS_LOOP_65_8_fu_7200/mul_32s_32s_32_1_1_U3/tmp_product__0/P[47:0] is not pipelined (MREG=0). Pipelining the multiplier function will improve performance and will save significant power so it is suggested whenever possible to fully pipeline this function.  If this multiplier was inferred, it is suggested to describe an additional register stage after this function.  If there is no registered adder/accumulator following the multiply function, two pipeline stages are suggested to allow both the MREG and PREG registers to be used.  If the DSP48 was instantiated in the design, it is suggested to set both the MREG and PREG attributes to 1 when performing multiply functions.
Related violations: <none>

DPOP-2#23 Warning
MREG Output pipelining  
DSP bd_0_i/hls_inst/inst/grp_MM_Pipeline_VITIS_LOOP_65_8_fu_7200/mul_32s_32s_32_1_1_U4/tmp_product multiplier stage bd_0_i/hls_inst/inst/grp_MM_Pipeline_VITIS_LOOP_65_8_fu_7200/mul_32s_32s_32_1_1_U4/tmp_product/P[47:0] is not pipelined (MREG=0). Pipelining the multiplier function will improve performance and will save significant power so it is suggested whenever possible to fully pipeline this function.  If this multiplier was inferred, it is suggested to describe an additional register stage after this function.  If there is no registered adder/accumulator following the multiply function, two pipeline stages are suggested to allow both the MREG and PREG registers to be used.  If the DSP48 was instantiated in the design, it is suggested to set both the MREG and PREG attributes to 1 when performing multiply functions.
Related violations: <none>

DPOP-2#24 Warning
MREG Output pipelining  
DSP bd_0_i/hls_inst/inst/grp_MM_Pipeline_VITIS_LOOP_65_8_fu_7200/mul_32s_32s_32_1_1_U4/tmp_product__0 multiplier stage bd_0_i/hls_inst/inst/grp_MM_Pipeline_VITIS_LOOP_65_8_fu_7200/mul_32s_32s_32_1_1_U4/tmp_product__0/P[47:0] is not pipelined (MREG=0). Pipelining the multiplier function will improve performance and will save significant power so it is suggested whenever possible to fully pipeline this function.  If this multiplier was inferred, it is suggested to describe an additional register stage after this function.  If there is no registered adder/accumulator following the multiply function, two pipeline stages are suggested to allow both the MREG and PREG registers to be used.  If the DSP48 was instantiated in the design, it is suggested to set both the MREG and PREG attributes to 1 when performing multiply functions.
Related violations: <none>

DPOP-2#25 Warning
MREG Output pipelining  
DSP bd_0_i/hls_inst/inst/grp_MM_Pipeline_VITIS_LOOP_65_8_fu_7200/mul_32s_32s_32_1_1_U5/tmp_product multiplier stage bd_0_i/hls_inst/inst/grp_MM_Pipeline_VITIS_LOOP_65_8_fu_7200/mul_32s_32s_32_1_1_U5/tmp_product/P[47:0] is not pipelined (MREG=0). Pipelining the multiplier function will improve performance and will save significant power so it is suggested whenever possible to fully pipeline this function.  If this multiplier was inferred, it is suggested to describe an additional register stage after this function.  If there is no registered adder/accumulator following the multiply function, two pipeline stages are suggested to allow both the MREG and PREG registers to be used.  If the DSP48 was instantiated in the design, it is suggested to set both the MREG and PREG attributes to 1 when performing multiply functions.
Related violations: <none>

DPOP-2#26 Warning
MREG Output pipelining  
DSP bd_0_i/hls_inst/inst/grp_MM_Pipeline_VITIS_LOOP_65_8_fu_7200/mul_32s_32s_32_1_1_U5/tmp_product__0 multiplier stage bd_0_i/hls_inst/inst/grp_MM_Pipeline_VITIS_LOOP_65_8_fu_7200/mul_32s_32s_32_1_1_U5/tmp_product__0/P[47:0] is not pipelined (MREG=0). Pipelining the multiplier function will improve performance and will save significant power so it is suggested whenever possible to fully pipeline this function.  If this multiplier was inferred, it is suggested to describe an additional register stage after this function.  If there is no registered adder/accumulator following the multiply function, two pipeline stages are suggested to allow both the MREG and PREG registers to be used.  If the DSP48 was instantiated in the design, it is suggested to set both the MREG and PREG attributes to 1 when performing multiply functions.
Related violations: <none>

DPOP-2#27 Warning
MREG Output pipelining  
DSP bd_0_i/hls_inst/inst/grp_MM_Pipeline_VITIS_LOOP_65_8_fu_7200/mul_32s_32s_32_1_1_U5/tmp_product__1 multiplier stage bd_0_i/hls_inst/inst/grp_MM_Pipeline_VITIS_LOOP_65_8_fu_7200/mul_32s_32s_32_1_1_U5/tmp_product__1/P[47:0] is not pipelined (MREG=0). Pipelining the multiplier function will improve performance and will save significant power so it is suggested whenever possible to fully pipeline this function.  If this multiplier was inferred, it is suggested to describe an additional register stage after this function.  If there is no registered adder/accumulator following the multiply function, two pipeline stages are suggested to allow both the MREG and PREG registers to be used.  If the DSP48 was instantiated in the design, it is suggested to set both the MREG and PREG attributes to 1 when performing multiply functions.
Related violations: <none>

DPOP-2#28 Warning
MREG Output pipelining  
DSP bd_0_i/hls_inst/inst/grp_MM_Pipeline_VITIS_LOOP_65_8_fu_7200/mul_32s_32s_32_1_1_U6/tmp_product multiplier stage bd_0_i/hls_inst/inst/grp_MM_Pipeline_VITIS_LOOP_65_8_fu_7200/mul_32s_32s_32_1_1_U6/tmp_product/P[47:0] is not pipelined (MREG=0). Pipelining the multiplier function will improve performance and will save significant power so it is suggested whenever possible to fully pipeline this function.  If this multiplier was inferred, it is suggested to describe an additional register stage after this function.  If there is no registered adder/accumulator following the multiply function, two pipeline stages are suggested to allow both the MREG and PREG registers to be used.  If the DSP48 was instantiated in the design, it is suggested to set both the MREG and PREG attributes to 1 when performing multiply functions.
Related violations: <none>

DPOP-2#29 Warning
MREG Output pipelining  
DSP bd_0_i/hls_inst/inst/grp_MM_Pipeline_VITIS_LOOP_65_8_fu_7200/mul_32s_32s_32_1_1_U6/tmp_product__0 multiplier stage bd_0_i/hls_inst/inst/grp_MM_Pipeline_VITIS_LOOP_65_8_fu_7200/mul_32s_32s_32_1_1_U6/tmp_product__0/P[47:0] is not pipelined (MREG=0). Pipelining the multiplier function will improve performance and will save significant power so it is suggested whenever possible to fully pipeline this function.  If this multiplier was inferred, it is suggested to describe an additional register stage after this function.  If there is no registered adder/accumulator following the multiply function, two pipeline stages are suggested to allow both the MREG and PREG registers to be used.  If the DSP48 was instantiated in the design, it is suggested to set both the MREG and PREG attributes to 1 when performing multiply functions.
Related violations: <none>

DPOP-2#30 Warning
MREG Output pipelining  
DSP bd_0_i/hls_inst/inst/grp_MM_Pipeline_VITIS_LOOP_65_8_fu_7200/mul_32s_32s_32_1_1_U7/tmp_product multiplier stage bd_0_i/hls_inst/inst/grp_MM_Pipeline_VITIS_LOOP_65_8_fu_7200/mul_32s_32s_32_1_1_U7/tmp_product/P[47:0] is not pipelined (MREG=0). Pipelining the multiplier function will improve performance and will save significant power so it is suggested whenever possible to fully pipeline this function.  If this multiplier was inferred, it is suggested to describe an additional register stage after this function.  If there is no registered adder/accumulator following the multiply function, two pipeline stages are suggested to allow both the MREG and PREG registers to be used.  If the DSP48 was instantiated in the design, it is suggested to set both the MREG and PREG attributes to 1 when performing multiply functions.
Related violations: <none>

DPOP-2#31 Warning
MREG Output pipelining  
DSP bd_0_i/hls_inst/inst/grp_MM_Pipeline_VITIS_LOOP_65_8_fu_7200/mul_32s_32s_32_1_1_U7/tmp_product__0 multiplier stage bd_0_i/hls_inst/inst/grp_MM_Pipeline_VITIS_LOOP_65_8_fu_7200/mul_32s_32s_32_1_1_U7/tmp_product__0/P[47:0] is not pipelined (MREG=0). Pipelining the multiplier function will improve performance and will save significant power so it is suggested whenever possible to fully pipeline this function.  If this multiplier was inferred, it is suggested to describe an additional register stage after this function.  If there is no registered adder/accumulator following the multiply function, two pipeline stages are suggested to allow both the MREG and PREG registers to be used.  If the DSP48 was instantiated in the design, it is suggested to set both the MREG and PREG attributes to 1 when performing multiply functions.
Related violations: <none>

DPOP-2#32 Warning
MREG Output pipelining  
DSP bd_0_i/hls_inst/inst/grp_MM_Pipeline_VITIS_LOOP_65_8_fu_7200/mul_32s_32s_32_1_1_U8/tmp_product multiplier stage bd_0_i/hls_inst/inst/grp_MM_Pipeline_VITIS_LOOP_65_8_fu_7200/mul_32s_32s_32_1_1_U8/tmp_product/P[47:0] is not pipelined (MREG=0). Pipelining the multiplier function will improve performance and will save significant power so it is suggested whenever possible to fully pipeline this function.  If this multiplier was inferred, it is suggested to describe an additional register stage after this function.  If there is no registered adder/accumulator following the multiply function, two pipeline stages are suggested to allow both the MREG and PREG registers to be used.  If the DSP48 was instantiated in the design, it is suggested to set both the MREG and PREG attributes to 1 when performing multiply functions.
Related violations: <none>

DPOP-2#33 Warning
MREG Output pipelining  
DSP bd_0_i/hls_inst/inst/grp_MM_Pipeline_VITIS_LOOP_65_8_fu_7200/mul_32s_32s_32_1_1_U8/tmp_product__0 multiplier stage bd_0_i/hls_inst/inst/grp_MM_Pipeline_VITIS_LOOP_65_8_fu_7200/mul_32s_32s_32_1_1_U8/tmp_product__0/P[47:0] is not pipelined (MREG=0). Pipelining the multiplier function will improve performance and will save significant power so it is suggested whenever possible to fully pipeline this function.  If this multiplier was inferred, it is suggested to describe an additional register stage after this function.  If there is no registered adder/accumulator following the multiply function, two pipeline stages are suggested to allow both the MREG and PREG registers to be used.  If the DSP48 was instantiated in the design, it is suggested to set both the MREG and PREG attributes to 1 when performing multiply functions.
Related violations: <none>

DPOP-2#34 Warning
MREG Output pipelining  
DSP bd_0_i/hls_inst/inst/grp_MM_Pipeline_VITIS_LOOP_65_8_fu_7200/mul_32s_32s_32_1_1_U8/tmp_product__1 multiplier stage bd_0_i/hls_inst/inst/grp_MM_Pipeline_VITIS_LOOP_65_8_fu_7200/mul_32s_32s_32_1_1_U8/tmp_product__1/P[47:0] is not pipelined (MREG=0). Pipelining the multiplier function will improve performance and will save significant power so it is suggested whenever possible to fully pipeline this function.  If this multiplier was inferred, it is suggested to describe an additional register stage after this function.  If there is no registered adder/accumulator following the multiply function, two pipeline stages are suggested to allow both the MREG and PREG registers to be used.  If the DSP48 was instantiated in the design, it is suggested to set both the MREG and PREG attributes to 1 when performing multiply functions.
Related violations: <none>

DPOP-2#35 Warning
MREG Output pipelining  
DSP bd_0_i/hls_inst/inst/grp_MM_Pipeline_VITIS_LOOP_65_8_fu_7200/mul_32s_32s_32_1_1_U9/tmp_product multiplier stage bd_0_i/hls_inst/inst/grp_MM_Pipeline_VITIS_LOOP_65_8_fu_7200/mul_32s_32s_32_1_1_U9/tmp_product/P[47:0] is not pipelined (MREG=0). Pipelining the multiplier function will improve performance and will save significant power so it is suggested whenever possible to fully pipeline this function.  If this multiplier was inferred, it is suggested to describe an additional register stage after this function.  If there is no registered adder/accumulator following the multiply function, two pipeline stages are suggested to allow both the MREG and PREG registers to be used.  If the DSP48 was instantiated in the design, it is suggested to set both the MREG and PREG attributes to 1 when performing multiply functions.
Related violations: <none>

DPOP-2#36 Warning
MREG Output pipelining  
DSP bd_0_i/hls_inst/inst/grp_MM_Pipeline_VITIS_LOOP_65_8_fu_7200/mul_32s_32s_32_1_1_U9/tmp_product__0 multiplier stage bd_0_i/hls_inst/inst/grp_MM_Pipeline_VITIS_LOOP_65_8_fu_7200/mul_32s_32s_32_1_1_U9/tmp_product__0/P[47:0] is not pipelined (MREG=0). Pipelining the multiplier function will improve performance and will save significant power so it is suggested whenever possible to fully pipeline this function.  If this multiplier was inferred, it is suggested to describe an additional register stage after this function.  If there is no registered adder/accumulator following the multiply function, two pipeline stages are suggested to allow both the MREG and PREG registers to be used.  If the DSP48 was instantiated in the design, it is suggested to set both the MREG and PREG attributes to 1 when performing multiply functions.
Related violations: <none>

DPOP-2#37 Warning
MREG Output pipelining  
DSP bd_0_i/hls_inst/inst/grp_MM_Pipeline_VITIS_LOOP_65_8_fu_7200/mul_ln67_reg_13615_reg multiplier stage bd_0_i/hls_inst/inst/grp_MM_Pipeline_VITIS_LOOP_65_8_fu_7200/mul_ln67_reg_13615_reg/P[47:0] is not pipelined (MREG=0). Pipelining the multiplier function will improve performance and will save significant power so it is suggested whenever possible to fully pipeline this function.  If this multiplier was inferred, it is suggested to describe an additional register stage after this function.  If there is no registered adder/accumulator following the multiply function, two pipeline stages are suggested to allow both the MREG and PREG registers to be used.  If the DSP48 was instantiated in the design, it is suggested to set both the MREG and PREG attributes to 1 when performing multiply functions.
Related violations: <none>

DPOP-2#38 Warning
MREG Output pipelining  
DSP bd_0_i/hls_inst/inst/grp_MM_Pipeline_VITIS_LOOP_65_8_fu_7200/mul_ln67_reg_13615_reg__0 multiplier stage bd_0_i/hls_inst/inst/grp_MM_Pipeline_VITIS_LOOP_65_8_fu_7200/mul_ln67_reg_13615_reg__0/P[47:0] is not pipelined (MREG=0). Pipelining the multiplier function will improve performance and will save significant power so it is suggested whenever possible to fully pipeline this function.  If this multiplier was inferred, it is suggested to describe an additional register stage after this function.  If there is no registered adder/accumulator following the multiply function, two pipeline stages are suggested to allow both the MREG and PREG registers to be used.  If the DSP48 was instantiated in the design, it is suggested to set both the MREG and PREG attributes to 1 when performing multiply functions.
Related violations: <none>

DPOP-2#39 Warning
MREG Output pipelining  
DSP bd_0_i/hls_inst/inst/grp_MM_Pipeline_VITIS_LOOP_65_8_fu_7200/mul_ln70_10_reg_13696_reg multiplier stage bd_0_i/hls_inst/inst/grp_MM_Pipeline_VITIS_LOOP_65_8_fu_7200/mul_ln70_10_reg_13696_reg/P[47:0] is not pipelined (MREG=0). Pipelining the multiplier function will improve performance and will save significant power so it is suggested whenever possible to fully pipeline this function.  If this multiplier was inferred, it is suggested to describe an additional register stage after this function.  If there is no registered adder/accumulator following the multiply function, two pipeline stages are suggested to allow both the MREG and PREG registers to be used.  If the DSP48 was instantiated in the design, it is suggested to set both the MREG and PREG attributes to 1 when performing multiply functions.
Related violations: <none>

DPOP-2#40 Warning
MREG Output pipelining  
DSP bd_0_i/hls_inst/inst/grp_MM_Pipeline_VITIS_LOOP_65_8_fu_7200/mul_ln70_11_reg_13701_reg multiplier stage bd_0_i/hls_inst/inst/grp_MM_Pipeline_VITIS_LOOP_65_8_fu_7200/mul_ln70_11_reg_13701_reg/P[47:0] is not pipelined (MREG=0). Pipelining the multiplier function will improve performance and will save significant power so it is suggested whenever possible to fully pipeline this function.  If this multiplier was inferred, it is suggested to describe an additional register stage after this function.  If there is no registered adder/accumulator following the multiply function, two pipeline stages are suggested to allow both the MREG and PREG registers to be used.  If the DSP48 was instantiated in the design, it is suggested to set both the MREG and PREG attributes to 1 when performing multiply functions.
Related violations: <none>

DPOP-2#41 Warning
MREG Output pipelining  
DSP bd_0_i/hls_inst/inst/grp_MM_Pipeline_VITIS_LOOP_65_8_fu_7200/mul_ln70_12_reg_13706_reg multiplier stage bd_0_i/hls_inst/inst/grp_MM_Pipeline_VITIS_LOOP_65_8_fu_7200/mul_ln70_12_reg_13706_reg/P[47:0] is not pipelined (MREG=0). Pipelining the multiplier function will improve performance and will save significant power so it is suggested whenever possible to fully pipeline this function.  If this multiplier was inferred, it is suggested to describe an additional register stage after this function.  If there is no registered adder/accumulator following the multiply function, two pipeline stages are suggested to allow both the MREG and PREG registers to be used.  If the DSP48 was instantiated in the design, it is suggested to set both the MREG and PREG attributes to 1 when performing multiply functions.
Related violations: <none>

DPOP-2#42 Warning
MREG Output pipelining  
DSP bd_0_i/hls_inst/inst/grp_MM_Pipeline_VITIS_LOOP_65_8_fu_7200/mul_ln70_13_reg_13711_reg multiplier stage bd_0_i/hls_inst/inst/grp_MM_Pipeline_VITIS_LOOP_65_8_fu_7200/mul_ln70_13_reg_13711_reg/P[47:0] is not pipelined (MREG=0). Pipelining the multiplier function will improve performance and will save significant power so it is suggested whenever possible to fully pipeline this function.  If this multiplier was inferred, it is suggested to describe an additional register stage after this function.  If there is no registered adder/accumulator following the multiply function, two pipeline stages are suggested to allow both the MREG and PREG registers to be used.  If the DSP48 was instantiated in the design, it is suggested to set both the MREG and PREG attributes to 1 when performing multiply functions.
Related violations: <none>

DPOP-2#43 Warning
MREG Output pipelining  
DSP bd_0_i/hls_inst/inst/grp_MM_Pipeline_VITIS_LOOP_65_8_fu_7200/mul_ln70_14_reg_13716_reg multiplier stage bd_0_i/hls_inst/inst/grp_MM_Pipeline_VITIS_LOOP_65_8_fu_7200/mul_ln70_14_reg_13716_reg/P[47:0] is not pipelined (MREG=0). Pipelining the multiplier function will improve performance and will save significant power so it is suggested whenever possible to fully pipeline this function.  If this multiplier was inferred, it is suggested to describe an additional register stage after this function.  If there is no registered adder/accumulator following the multiply function, two pipeline stages are suggested to allow both the MREG and PREG registers to be used.  If the DSP48 was instantiated in the design, it is suggested to set both the MREG and PREG attributes to 1 when performing multiply functions.
Related violations: <none>

DPOP-2#44 Warning
MREG Output pipelining  
DSP bd_0_i/hls_inst/inst/grp_MM_Pipeline_VITIS_LOOP_65_8_fu_7200/mul_ln70_15_reg_13721_reg multiplier stage bd_0_i/hls_inst/inst/grp_MM_Pipeline_VITIS_LOOP_65_8_fu_7200/mul_ln70_15_reg_13721_reg/P[47:0] is not pipelined (MREG=0). Pipelining the multiplier function will improve performance and will save significant power so it is suggested whenever possible to fully pipeline this function.  If this multiplier was inferred, it is suggested to describe an additional register stage after this function.  If there is no registered adder/accumulator following the multiply function, two pipeline stages are suggested to allow both the MREG and PREG registers to be used.  If the DSP48 was instantiated in the design, it is suggested to set both the MREG and PREG attributes to 1 when performing multiply functions.
Related violations: <none>

DPOP-2#45 Warning
MREG Output pipelining  
DSP bd_0_i/hls_inst/inst/grp_MM_Pipeline_VITIS_LOOP_65_8_fu_7200/mul_ln70_1_reg_13651_reg multiplier stage bd_0_i/hls_inst/inst/grp_MM_Pipeline_VITIS_LOOP_65_8_fu_7200/mul_ln70_1_reg_13651_reg/P[47:0] is not pipelined (MREG=0). Pipelining the multiplier function will improve performance and will save significant power so it is suggested whenever possible to fully pipeline this function.  If this multiplier was inferred, it is suggested to describe an additional register stage after this function.  If there is no registered adder/accumulator following the multiply function, two pipeline stages are suggested to allow both the MREG and PREG registers to be used.  If the DSP48 was instantiated in the design, it is suggested to set both the MREG and PREG attributes to 1 when performing multiply functions.
Related violations: <none>

DPOP-2#46 Warning
MREG Output pipelining  
DSP bd_0_i/hls_inst/inst/grp_MM_Pipeline_VITIS_LOOP_65_8_fu_7200/mul_ln70_2_reg_13656_reg multiplier stage bd_0_i/hls_inst/inst/grp_MM_Pipeline_VITIS_LOOP_65_8_fu_7200/mul_ln70_2_reg_13656_reg/P[47:0] is not pipelined (MREG=0). Pipelining the multiplier function will improve performance and will save significant power so it is suggested whenever possible to fully pipeline this function.  If this multiplier was inferred, it is suggested to describe an additional register stage after this function.  If there is no registered adder/accumulator following the multiply function, two pipeline stages are suggested to allow both the MREG and PREG registers to be used.  If the DSP48 was instantiated in the design, it is suggested to set both the MREG and PREG attributes to 1 when performing multiply functions.
Related violations: <none>

DPOP-2#47 Warning
MREG Output pipelining  
DSP bd_0_i/hls_inst/inst/grp_MM_Pipeline_VITIS_LOOP_65_8_fu_7200/mul_ln70_4_reg_13666_reg multiplier stage bd_0_i/hls_inst/inst/grp_MM_Pipeline_VITIS_LOOP_65_8_fu_7200/mul_ln70_4_reg_13666_reg/P[47:0] is not pipelined (MREG=0). Pipelining the multiplier function will improve performance and will save significant power so it is suggested whenever possible to fully pipeline this function.  If this multiplier was inferred, it is suggested to describe an additional register stage after this function.  If there is no registered adder/accumulator following the multiply function, two pipeline stages are suggested to allow both the MREG and PREG registers to be used.  If the DSP48 was instantiated in the design, it is suggested to set both the MREG and PREG attributes to 1 when performing multiply functions.
Related violations: <none>

DPOP-2#48 Warning
MREG Output pipelining  
DSP bd_0_i/hls_inst/inst/grp_MM_Pipeline_VITIS_LOOP_65_8_fu_7200/mul_ln70_5_reg_13671_reg multiplier stage bd_0_i/hls_inst/inst/grp_MM_Pipeline_VITIS_LOOP_65_8_fu_7200/mul_ln70_5_reg_13671_reg/P[47:0] is not pipelined (MREG=0). Pipelining the multiplier function will improve performance and will save significant power so it is suggested whenever possible to fully pipeline this function.  If this multiplier was inferred, it is suggested to describe an additional register stage after this function.  If there is no registered adder/accumulator following the multiply function, two pipeline stages are suggested to allow both the MREG and PREG registers to be used.  If the DSP48 was instantiated in the design, it is suggested to set both the MREG and PREG attributes to 1 when performing multiply functions.
Related violations: <none>

DPOP-2#49 Warning
MREG Output pipelining  
DSP bd_0_i/hls_inst/inst/grp_MM_Pipeline_VITIS_LOOP_65_8_fu_7200/mul_ln70_7_reg_13681_reg multiplier stage bd_0_i/hls_inst/inst/grp_MM_Pipeline_VITIS_LOOP_65_8_fu_7200/mul_ln70_7_reg_13681_reg/P[47:0] is not pipelined (MREG=0). Pipelining the multiplier function will improve performance and will save significant power so it is suggested whenever possible to fully pipeline this function.  If this multiplier was inferred, it is suggested to describe an additional register stage after this function.  If there is no registered adder/accumulator following the multiply function, two pipeline stages are suggested to allow both the MREG and PREG registers to be used.  If the DSP48 was instantiated in the design, it is suggested to set both the MREG and PREG attributes to 1 when performing multiply functions.
Related violations: <none>

DPOP-2#50 Warning
MREG Output pipelining  
DSP bd_0_i/hls_inst/inst/grp_MM_Pipeline_VITIS_LOOP_65_8_fu_7200/mul_ln70_8_reg_13686_reg multiplier stage bd_0_i/hls_inst/inst/grp_MM_Pipeline_VITIS_LOOP_65_8_fu_7200/mul_ln70_8_reg_13686_reg/P[47:0] is not pipelined (MREG=0). Pipelining the multiplier function will improve performance and will save significant power so it is suggested whenever possible to fully pipeline this function.  If this multiplier was inferred, it is suggested to describe an additional register stage after this function.  If there is no registered adder/accumulator following the multiply function, two pipeline stages are suggested to allow both the MREG and PREG registers to be used.  If the DSP48 was instantiated in the design, it is suggested to set both the MREG and PREG attributes to 1 when performing multiply functions.
Related violations: <none>

DPOP-2#51 Warning
MREG Output pipelining  
DSP bd_0_i/hls_inst/inst/grp_MM_Pipeline_VITIS_LOOP_65_8_fu_7200/mul_ln70_9_reg_13691_reg multiplier stage bd_0_i/hls_inst/inst/grp_MM_Pipeline_VITIS_LOOP_65_8_fu_7200/mul_ln70_9_reg_13691_reg/P[47:0] is not pipelined (MREG=0). Pipelining the multiplier function will improve performance and will save significant power so it is suggested whenever possible to fully pipeline this function.  If this multiplier was inferred, it is suggested to describe an additional register stage after this function.  If there is no registered adder/accumulator following the multiply function, two pipeline stages are suggested to allow both the MREG and PREG registers to be used.  If the DSP48 was instantiated in the design, it is suggested to set both the MREG and PREG attributes to 1 when performing multiply functions.
Related violations: <none>

DPOP-2#52 Warning
MREG Output pipelining  
DSP bd_0_i/hls_inst/inst/grp_MM_Pipeline_VITIS_LOOP_65_8_fu_7200/mul_ln70_reg_13646_reg multiplier stage bd_0_i/hls_inst/inst/grp_MM_Pipeline_VITIS_LOOP_65_8_fu_7200/mul_ln70_reg_13646_reg/P[47:0] is not pipelined (MREG=0). Pipelining the multiplier function will improve performance and will save significant power so it is suggested whenever possible to fully pipeline this function.  If this multiplier was inferred, it is suggested to describe an additional register stage after this function.  If there is no registered adder/accumulator following the multiply function, two pipeline stages are suggested to allow both the MREG and PREG registers to be used.  If the DSP48 was instantiated in the design, it is suggested to set both the MREG and PREG attributes to 1 when performing multiply functions.
Related violations: <none>

ZPS7-1#1 Warning
PS7 block required  
The PS7 cell must be used in this Zynq design in order to enable correct default configuration.
Related violations: <none>


