Copyright 1986-2022 Xilinx, Inc. All Rights Reserved. Copyright 2022-2025 Advanced Micro Devices, Inc. All Rights Reserved.
---------------------------------------------------------------------------------------------------------------------------------------------
| Tool Version : Vivado v.2025.2 (win64) Build 6299465 Fri Nov 14 19:35:11 GMT 2025
| Date         : Mon Apr  6 18:52:09 2026
| Host         : jwood_Win_PC running 64-bit major release  (build 9200)
| Command      : report_control_sets -verbose -file bd_0_wrapper_control_sets_placed.rpt
| Design       : bd_0_wrapper
| Device       : xc7z020
---------------------------------------------------------------------------------------------------------------------------------------------

Control Set Information

Table of Contents
-----------------
1. Summary
2. Histogram
3. Flip-Flop Distribution
4. Detailed Control Set Information

1. Summary
----------

+----------------------------------------------------------+-------+
|                          Status                          | Count |
+----------------------------------------------------------+-------+
| Total control sets                                       |   150 |
|    Minimum number of control sets                        |   150 |
|    Addition due to synthesis replication                 |     0 |
|    Addition due to physical synthesis replication        |     0 |
| Unused register locations in slices containing registers |   353 |
+----------------------------------------------------------+-------+
* Control sets can be merged at opt_design using control_set_merge or merge_equivalent_drivers
** Run report_qor_suggestions for automated merging and remapping suggestions


2. Histogram
------------

+--------------------+-------+
|       Fanout       | Count |
+--------------------+-------+
| Total control sets |   150 |
| >= 0 to < 4        |     6 |
| >= 4 to < 6        |    36 |
| >= 6 to < 8        |     3 |
| >= 8 to < 10       |     8 |
| >= 10 to < 12      |     2 |
| >= 12 to < 14      |     2 |
| >= 14 to < 16      |     1 |
| >= 16              |    92 |
+--------------------+-------+
* Control sets can be remapped at either synth_design or opt_design


3. Flip-Flop Distribution
-------------------------

+--------------+-----------------------+------------------------+-----------------+--------------+
| Clock Enable | Synchronous Set/Reset | Asynchronous Set/Reset | Total Registers | Total Slices |
+--------------+-----------------------+------------------------+-----------------+--------------+
| No           | No                    | No                     |               9 |            8 |
| No           | No                    | Yes                    |               0 |            0 |
| No           | Yes                   | No                     |             185 |          101 |
| Yes          | No                    | No                     |           29860 |         6865 |
| Yes          | No                    | Yes                    |               0 |            0 |
| Yes          | Yes                   | No                     |            2113 |          676 |
+--------------+-----------------------+------------------------+-----------------+--------------+


4. Detailed Control Set Information
-----------------------------------

+--------------+-------------------------------------------------------------------------------------------------------------------------------------------------------------------+-----------------------------------------------------------------------------------------------------------------------------------+------------------+----------------+--------------+
| Clock Signal |                                                                           Enable Signal                                                                           |                                                          Set/Reset Signal                                                         | Slice Load Count | Bel Load Count | Bels / Slice |
+--------------+-------------------------------------------------------------------------------------------------------------------------------------------------------------------+-----------------------------------------------------------------------------------------------------------------------------------+------------------+----------------+--------------+
|  ap_clk      | bd_0_i/hls_inst/inst/gmem_m_axi_U/bus_read/rreq_burst_conv/burst_sequential/push                                                                                  |                                                                                                                                   |                1 |              1 |         1.00 |
|  ap_clk      | bd_0_i/hls_inst/inst/gmem_m_axi_U/store_unit_0/fifo_wrsp/U_fifo_srl/push                                                                                          |                                                                                                                                   |                1 |              1 |         1.00 |
|  ap_clk      | bd_0_i/hls_inst/inst/gmem_m_axi_U/bus_read/rs_rdata/pop                                                                                                           | bd_0_i/hls_inst/inst/gmem_m_axi_U/bus_write/wreq_burst_conv/burst_sequential/rs_req/SR[0]                                         |                1 |              1 |         1.00 |
|  ap_clk      | bd_0_i/hls_inst/inst/gmem_m_axi_U/bus_write/fifo_resp_gen[0].fifo_resp/U_fifo_srl/pop                                                                             | bd_0_i/hls_inst/inst/gmem_m_axi_U/bus_write/wreq_burst_conv/burst_sequential/rs_req/SR[0]                                         |                1 |              1 |         1.00 |
|  ap_clk      | bd_0_i/hls_inst/inst/gmem_m_axi_U/store_unit_0/fifo_wrsp/U_fifo_srl/pop_2                                                                                         | bd_0_i/hls_inst/inst/gmem_m_axi_U/bus_write/wreq_burst_conv/burst_sequential/rs_req/SR[0]                                         |                1 |              1 |         1.00 |
|  ap_clk      | bd_0_i/hls_inst/inst/gmem_m_axi_U/bus_write/wreq_burst_conv/burst_sequential/push                                                                                 |                                                                                                                                   |                1 |              1 |         1.00 |
|  ap_clk      | bd_0_i/hls_inst/inst/gmem_m_axi_U/store_unit_0/conservative_gen.fifo_burst/p_0_in[0]                                                                              | bd_0_i/hls_inst/inst/gmem_m_axi_U/bus_write/wreq_burst_conv/burst_sequential/rs_req/SR[0]                                         |                2 |              4 |         2.00 |
|  ap_clk      | bd_0_i/hls_inst/inst/gmem_m_axi_U/store_unit_0/conservative_gen.fifo_burst/raddr[3]_i_1_n_0                                                                       | bd_0_i/hls_inst/inst/gmem_m_axi_U/bus_write/wreq_burst_conv/burst_sequential/rs_req/SR[0]                                         |                1 |              4 |         4.00 |
|  ap_clk      | bd_0_i/hls_inst/inst/gmem_m_axi_U/bus_read/rreq_burst_conv/burst_sequential/could_multi_bursts.burst_len[3]_i_1_n_0                                               | bd_0_i/hls_inst/inst/gmem_m_axi_U/bus_write/wreq_burst_conv/burst_sequential/rs_req/SR[0]                                         |                1 |              4 |         4.00 |
|  ap_clk      | bd_0_i/hls_inst/inst/gmem_m_axi_U/store_unit_0/conservative_gen.local_BURST_WVALID_reg_0[0]                                                                       |                                                                                                                                   |                1 |              4 |         4.00 |
|  ap_clk      | bd_0_i/hls_inst/inst/gmem_m_axi_U/store_unit_0/fifo_wrsp/U_fifo_srl/raddr_reg[0][0]                                                                               | bd_0_i/hls_inst/inst/gmem_m_axi_U/bus_write/wreq_burst_conv/burst_sequential/rs_req/SR[0]                                         |                1 |              4 |         4.00 |
|  ap_clk      | bd_0_i/hls_inst/inst/gmem_m_axi_U/store_unit_0/user_resp/mOutPtr[3]_i_1__4_n_0                                                                                    | bd_0_i/hls_inst/inst/gmem_m_axi_U/bus_write/wreq_burst_conv/burst_sequential/rs_req/SR[0]                                         |                1 |              4 |         4.00 |
|  ap_clk      | bd_0_i/hls_inst/inst/gmem_m_axi_U/load_unit_0/fifo_rreq/num_data_cnt[3]_i_1__5_n_0                                                                                | bd_0_i/hls_inst/inst/gmem_m_axi_U/bus_write/wreq_burst_conv/burst_sequential/rs_req/SR[0]                                         |                2 |              4 |         2.00 |
|  ap_clk      | bd_0_i/hls_inst/inst/gmem_m_axi_U/load_unit_0/fifo_rreq/mOutPtr[3]_i_1__5_n_0                                                                                     | bd_0_i/hls_inst/inst/gmem_m_axi_U/bus_write/wreq_burst_conv/burst_sequential/rs_req/SR[0]                                         |                1 |              4 |         4.00 |
|  ap_clk      | bd_0_i/hls_inst/inst/gmem_m_axi_U/bus_write/wreq_throttle/rs_burst/load_p1                                                                                        |                                                                                                                                   |                1 |              4 |         4.00 |
|  ap_clk      | bd_0_i/hls_inst/inst/gmem_m_axi_U/store_unit_0/conservative_gen.fifo_burst/U_fifo_srl/push_0                                                                      |                                                                                                                                   |                1 |              4 |         4.00 |
|  ap_clk      | bd_0_i/hls_inst/inst/gmem_m_axi_U/store_unit_0/fifo_wreq/mOutPtr[3]_i_1__0_n_0                                                                                    | bd_0_i/hls_inst/inst/gmem_m_axi_U/bus_write/wreq_burst_conv/burst_sequential/rs_req/SR[0]                                         |                1 |              4 |         4.00 |
|  ap_clk      | bd_0_i/hls_inst/inst/gmem_m_axi_U/bus_write/wreq_throttle/fifo_burst_gen[0].fifo_req/raddr[3]_i_1__2_n_0                                                          | bd_0_i/hls_inst/inst/gmem_m_axi_U/bus_write/wreq_burst_conv/burst_sequential/rs_req/SR[0]                                         |                2 |              4 |         2.00 |
|  ap_clk      | bd_0_i/hls_inst/inst/gmem_m_axi_U/store_unit_0/buff_wdata/s_ready_t_reg_0[0]                                                                                      | bd_0_i/hls_inst/inst/gmem_m_axi_U/bus_write/wreq_burst_conv/burst_sequential/rs_req/SR[0]                                         |                1 |              4 |         4.00 |
|  ap_clk      | bd_0_i/hls_inst/inst/gmem_m_axi_U/bus_write/fifo_resp_gen[0].fifo_resp/raddr[3]_i_1__4_n_0                                                                        | bd_0_i/hls_inst/inst/gmem_m_axi_U/bus_write/wreq_burst_conv/burst_sequential/rs_req/SR[0]                                         |                1 |              4 |         4.00 |
|  ap_clk      | bd_0_i/hls_inst/inst/gmem_m_axi_U/bus_write/wreq_burst_conv/burst_sequential/could_multi_bursts.burst_len[3]_i_1_n_0                                              | bd_0_i/hls_inst/inst/gmem_m_axi_U/bus_write/wreq_burst_conv/burst_sequential/rs_req/SR[0]                                         |                1 |              4 |         4.00 |
|  ap_clk      | bd_0_i/hls_inst/inst/gmem_m_axi_U/bus_write/wreq_burst_conv/burst_sequential/could_multi_bursts.burst_addr[5]                                                     | bd_0_i/hls_inst/inst/gmem_m_axi_U/bus_write/wreq_burst_conv/burst_sequential/rs_req/SR[0]                                         |                2 |              4 |         2.00 |
|  ap_clk      | bd_0_i/hls_inst/inst/gmem_m_axi_U/store_unit_0/fifo_wrsp/U_fifo_srl/dout_vld_reg_1[0]                                                                             | bd_0_i/hls_inst/inst/gmem_m_axi_U/bus_write/wreq_burst_conv/burst_sequential/rs_req/SR[0]                                         |                1 |              4 |         4.00 |
|  ap_clk      | bd_0_i/hls_inst/inst/grp_MM_Pipeline_VITIS_LOOP_65_8_fu_7200/mul_31ns_32s_62_1_1_U1/ap_enable_reg_pp0_iter3_reg                                                   | bd_0_i/hls_inst/inst/grp_MM_Pipeline_VITIS_LOOP_65_8_fu_7200/flow_control_loop_pipe_sequential_init_U/ap_enable_reg_pp0_iter3_reg |                1 |              4 |         4.00 |
|  ap_clk      | bd_0_i/hls_inst/inst/gmem_m_axi_U/store_unit_0/conservative_gen.fifo_burst/U_fifo_srl/pop                                                                         | bd_0_i/hls_inst/inst/gmem_m_axi_U/bus_write/wreq_burst_conv/burst_sequential/rs_req/SR[0]                                         |                1 |              4 |         4.00 |
|  ap_clk      | bd_0_i/hls_inst/inst/gmem_m_axi_U/bus_read/ost_ctrl_gen[0].fifo_burst/raddr[3]_i_1__3_n_0                                                                         | bd_0_i/hls_inst/inst/gmem_m_axi_U/bus_write/wreq_burst_conv/burst_sequential/rs_req/SR[0]                                         |                1 |              4 |         4.00 |
|  ap_clk      | bd_0_i/hls_inst/inst/gmem_m_axi_U/bus_read/rreq_burst_conv/burst_sequential/could_multi_bursts.burst_addr[5]                                                      | bd_0_i/hls_inst/inst/gmem_m_axi_U/bus_write/wreq_burst_conv/burst_sequential/rs_req/SR[0]                                         |                2 |              4 |         2.00 |
|  ap_clk      | bd_0_i/hls_inst/inst/gmem_m_axi_U/bus_write/fifo_resp_gen[0].fifo_resp/mOutPtr[4]_i_1__4_n_0                                                                      | bd_0_i/hls_inst/inst/gmem_m_axi_U/bus_write/wreq_burst_conv/burst_sequential/rs_req/SR[0]                                         |                2 |              5 |         2.50 |
|  ap_clk      | bd_0_i/hls_inst/inst/gmem_m_axi_U/bus_write/wreq_throttle/fifo_burst_gen[0].fifo_req/num_data_cnt[4]_i_1__2_n_0                                                   | bd_0_i/hls_inst/inst/gmem_m_axi_U/bus_write/wreq_burst_conv/burst_sequential/rs_req/SR[0]                                         |                2 |              5 |         2.50 |
|  ap_clk      | bd_0_i/hls_inst/inst/gmem_m_axi_U/bus_write/wreq_throttle/fifo_burst_gen[0].fifo_req/mOutPtr[4]_i_1__2_n_0                                                        | bd_0_i/hls_inst/inst/gmem_m_axi_U/bus_write/wreq_burst_conv/burst_sequential/rs_req/SR[0]                                         |                2 |              5 |         2.50 |
|  ap_clk      | bd_0_i/hls_inst/inst/gmem_m_axi_U/bus_write/fifo_resp_gen[0].fifo_resp/num_data_cnt[4]_i_1__4_n_0                                                                 | bd_0_i/hls_inst/inst/gmem_m_axi_U/bus_write/wreq_burst_conv/burst_sequential/rs_req/SR[0]                                         |                1 |              5 |         5.00 |
|  ap_clk      | bd_0_i/hls_inst/inst/control_s_axi_U/waddr                                                                                                                        |                                                                                                                                   |                2 |              5 |         2.50 |
|  ap_clk      | bd_0_i/hls_inst/inst/gmem_m_axi_U/bus_read/ost_ctrl_gen[0].fifo_rctl/mOutPtr                                                                                      | bd_0_i/hls_inst/inst/gmem_m_axi_U/bus_write/wreq_burst_conv/burst_sequential/rs_req/SR[0]                                         |                1 |              5 |         5.00 |
|  ap_clk      | bd_0_i/hls_inst/inst/gmem_m_axi_U/bus_read/ost_ctrl_gen[0].fifo_rctl/num_data_cnt                                                                                 | bd_0_i/hls_inst/inst/gmem_m_axi_U/bus_write/wreq_burst_conv/burst_sequential/rs_req/SR[0]                                         |                2 |              5 |         2.50 |
|  ap_clk      | bd_0_i/hls_inst/inst/gmem_m_axi_U/store_unit_0/fifo_wrsp/U_fifo_srl/s_ready_t_reg[0]                                                                              | bd_0_i/hls_inst/inst/gmem_m_axi_U/bus_write/wreq_burst_conv/burst_sequential/rs_req/SR[0]                                         |                2 |              5 |         2.50 |
|  ap_clk      | bd_0_i/hls_inst/inst/gmem_m_axi_U/store_unit_0/fifo_wrsp/U_fifo_srl/E[0]                                                                                          | bd_0_i/hls_inst/inst/gmem_m_axi_U/bus_write/wreq_burst_conv/burst_sequential/rs_req/SR[0]                                         |                1 |              5 |         5.00 |
|  ap_clk      | bd_0_i/hls_inst/inst/gmem_m_axi_U/store_unit_0/buff_wdata/raddr[4]_i_1__0_n_0                                                                                     | bd_0_i/hls_inst/inst/gmem_m_axi_U/bus_write/wreq_burst_conv/burst_sequential/rs_req/SR[0]                                         |                2 |              5 |         2.50 |
|  ap_clk      | bd_0_i/hls_inst/inst/gmem_m_axi_U/store_unit_0/conservative_gen.fifo_burst/num_data_cnt[4]_i_1_n_0                                                                | bd_0_i/hls_inst/inst/gmem_m_axi_U/bus_write/wreq_burst_conv/burst_sequential/rs_req/SR[0]                                         |                2 |              5 |         2.50 |
|  ap_clk      | bd_0_i/hls_inst/inst/gmem_m_axi_U/bus_read/ost_ctrl_gen[0].fifo_burst/num_data_cnt[4]_i_1__3_n_0                                                                  | bd_0_i/hls_inst/inst/gmem_m_axi_U/bus_write/wreq_burst_conv/burst_sequential/rs_req/SR[0]                                         |                2 |              5 |         2.50 |
|  ap_clk      | bd_0_i/hls_inst/inst/gmem_m_axi_U/store_unit_0/conservative_gen.fifo_burst/mOutPtr[4]_i_1_n_0                                                                     | bd_0_i/hls_inst/inst/gmem_m_axi_U/bus_write/wreq_burst_conv/burst_sequential/rs_req/SR[0]                                         |                2 |              5 |         2.50 |
|  ap_clk      | bd_0_i/hls_inst/inst/gmem_m_axi_U/bus_read/ost_ctrl_gen[0].fifo_burst/mOutPtr[4]_i_1__3_n_0                                                                       | bd_0_i/hls_inst/inst/gmem_m_axi_U/bus_write/wreq_burst_conv/burst_sequential/rs_req/SR[0]                                         |                2 |              5 |         2.50 |
|  ap_clk      | bd_0_i/hls_inst/inst/grp_MM_Pipeline_VITIS_LOOP_65_8_fu_7200/flow_control_loop_pipe_sequential_init_U/grp_MM_Pipeline_VITIS_LOOP_65_8_fu_7200_ap_start_reg_reg[0] | bd_0_i/hls_inst/inst/grp_MM_Pipeline_VITIS_LOOP_65_8_fu_7200/flow_control_loop_pipe_sequential_init_U/SR[0]                       |                2 |              5 |         2.50 |
|  ap_clk      | bd_0_i/hls_inst/inst/control_s_axi_U/ar_hs                                                                                                                        |                                                                                                                                   |                3 |              6 |         2.00 |
|  ap_clk      | bd_0_i/hls_inst/inst/gmem_m_axi_U/store_unit_0/buff_wdata/mOutPtr[5]_i_1_n_0                                                                                      | bd_0_i/hls_inst/inst/gmem_m_axi_U/bus_write/wreq_burst_conv/burst_sequential/rs_req/SR[0]                                         |                2 |              6 |         3.00 |
|  ap_clk      | bd_0_i/hls_inst/inst/gmem_m_axi_U/store_unit_0/buff_wdata/num_data_cnt[5]_i_1_n_0                                                                                 | bd_0_i/hls_inst/inst/gmem_m_axi_U/bus_write/wreq_burst_conv/burst_sequential/rs_req/SR[0]                                         |                2 |              6 |         3.00 |
|  ap_clk      | bd_0_i/hls_inst/inst/gmem_m_axi_U/bus_write/wreq_burst_conv/burst_sequential/could_multi_bursts.last_loop                                                         | bd_0_i/hls_inst/inst/gmem_m_axi_U/bus_write/wreq_burst_conv/burst_sequential/rs_req/SR[0]                                         |                2 |              8 |         4.00 |
|  ap_clk      | bd_0_i/hls_inst/inst/gmem_m_axi_U/load_unit_0/buff_rdata/U_fifo_mem/WEBWE[0]                                                                                      | bd_0_i/hls_inst/inst/gmem_m_axi_U/bus_write/wreq_burst_conv/burst_sequential/rs_req/SR[0]                                         |                3 |              8 |         2.67 |
|  ap_clk      | bd_0_i/hls_inst/inst/gmem_m_axi_U/load_unit_0/buff_rdata/pop                                                                                                      | bd_0_i/hls_inst/inst/gmem_m_axi_U/bus_write/wreq_burst_conv/burst_sequential/rs_req/SR[0]                                         |                3 |              8 |         2.67 |
|  ap_clk      | bd_0_i/hls_inst/inst/gmem_m_axi_U/bus_write/wreq_throttle/rs_req/dout_vld_reg                                                                                     | bd_0_i/hls_inst/inst/gmem_m_axi_U/bus_write/wreq_throttle/rs_burst/ap_rst_n_0[0]                                                  |                3 |              8 |         2.67 |
|  ap_clk      | bd_0_i/hls_inst/inst/gmem_m_axi_U/bus_read/rreq_burst_conv/burst_sequential/could_multi_bursts.last_loop                                                          | bd_0_i/hls_inst/inst/gmem_m_axi_U/bus_write/wreq_burst_conv/burst_sequential/rs_req/SR[0]                                         |                3 |              8 |         2.67 |
|  ap_clk      | bd_0_i/hls_inst/inst/gmem_m_axi_U/store_unit_0/buff_wdata/E[0]                                                                                                    | bd_0_i/hls_inst/inst/gmem_m_axi_U/bus_write/wreq_burst_conv/burst_sequential/rs_req/SR[0]                                         |                2 |              8 |         4.00 |
|  ap_clk      | bd_0_i/hls_inst/inst/gmem_m_axi_U/load_unit_0/buff_rdata/num_data_cnt[8]_i_1_n_0                                                                                  | bd_0_i/hls_inst/inst/gmem_m_axi_U/bus_write/wreq_burst_conv/burst_sequential/rs_req/SR[0]                                         |                3 |              9 |         3.00 |
|  ap_clk      | bd_0_i/hls_inst/inst/gmem_m_axi_U/load_unit_0/buff_rdata/mOutPtr[8]_i_1_n_0                                                                                       | bd_0_i/hls_inst/inst/gmem_m_axi_U/bus_write/wreq_burst_conv/burst_sequential/rs_req/SR[0]                                         |                3 |              9 |         3.00 |
|  ap_clk      | bd_0_i/hls_inst/inst/gmem_m_axi_U/bus_write/wreq_burst_conv/burst_sequential/rs_req/p_17_in                                                                       | bd_0_i/hls_inst/inst/gmem_m_axi_U/bus_write/wreq_burst_conv/burst_sequential/sect_addr_buf[11]_i_1_n_0                            |                5 |             10 |         2.00 |
|  ap_clk      | bd_0_i/hls_inst/inst/gmem_m_axi_U/bus_read/rreq_burst_conv/burst_sequential/rs_req/p_17_in                                                                        | bd_0_i/hls_inst/inst/gmem_m_axi_U/bus_read/rreq_burst_conv/burst_sequential/sect_addr_buf[11]_i_1__0_n_0                          |                3 |             10 |         3.33 |
|  ap_clk      |                                                                                                                                                                   |                                                                                                                                   |                8 |             12 |         1.50 |
|  ap_clk      | bd_0_i/hls_inst/inst/grp_MM_Pipeline_VITIS_LOOP_65_8_fu_7200/mul_31ns_32s_62_1_1_U1/ap_enable_reg_pp0_iter3_reg                                                   | bd_0_i/hls_inst/inst/gmem_m_axi_U/bus_write/wreq_burst_conv/burst_sequential/rs_req/SR[0]                                         |                6 |             12 |         2.00 |
|  ap_clk      | bd_0_i/hls_inst/inst/gmem_m_axi_U/store_unit_0/buff_wdata/full_n_reg_2                                                                                            | bd_0_i/hls_inst/inst/gmem_m_axi_U/bus_write/wreq_burst_conv/burst_sequential/rs_req/SR[0]                                         |               10 |             14 |         1.40 |
|  ap_clk      | bd_0_i/hls_inst/inst/control_s_axi_U/ar_hs                                                                                                                        | bd_0_i/hls_inst/inst/control_s_axi_U/rdata[31]_i_1_n_0                                                                            |               11 |             26 |         2.36 |
|  ap_clk      | bd_0_i/hls_inst/inst/gmem_m_axi_U/store_unit_0/user_resp/E[0]                                                                                                     | bd_0_i/hls_inst/inst/gmem_m_axi_U/store_unit_0/user_resp/ap_CS_fsm_reg[5][0]                                                      |                5 |             27 |         5.40 |
|  ap_clk      | bd_0_i/hls_inst/inst/ap_CS_fsm_state7                                                                                                                             |                                                                                                                                   |                8 |             27 |         3.38 |
|  ap_clk      | bd_0_i/hls_inst/inst/gmem_m_axi_U/load_unit_0/buff_rdata/dout_vld_reg_0                                                                                           | bd_0_i/hls_inst/inst/gmem_m_axi_U/bus_write/wreq_burst_conv/burst_sequential/rs_req/SR[0]                                         |               18 |             30 |         1.67 |
|  ap_clk      | bd_0_i/hls_inst/inst/ap_CS_fsm_state30                                                                                                                            |                                                                                                                                   |               25 |             32 |         1.28 |
|  ap_clk      | bd_0_i/hls_inst/inst/ap_CS_fsm_state28                                                                                                                            |                                                                                                                                   |               23 |             32 |         1.39 |
|  ap_clk      | bd_0_i/hls_inst/inst/ap_CS_fsm_state29                                                                                                                            |                                                                                                                                   |               27 |             32 |         1.19 |
|  ap_clk      | bd_0_i/hls_inst/inst/control_s_axi_U/int_C[31]_i_1_n_0                                                                                                            | bd_0_i/hls_inst/inst/gmem_m_axi_U/bus_write/wreq_burst_conv/burst_sequential/rs_req/SR[0]                                         |               10 |             32 |         3.20 |
|  ap_clk      | bd_0_i/hls_inst/inst/control_s_axi_U/int_B[63]_i_1_n_0                                                                                                            | bd_0_i/hls_inst/inst/gmem_m_axi_U/bus_write/wreq_burst_conv/burst_sequential/rs_req/SR[0]                                         |                8 |             32 |         4.00 |
|  ap_clk      | bd_0_i/hls_inst/inst/control_s_axi_U/int_B[31]_i_1_n_0                                                                                                            | bd_0_i/hls_inst/inst/gmem_m_axi_U/bus_write/wreq_burst_conv/burst_sequential/rs_req/SR[0]                                         |                9 |             32 |         3.56 |
|  ap_clk      | bd_0_i/hls_inst/inst/control_s_axi_U/int_A[31]_i_1_n_0                                                                                                            | bd_0_i/hls_inst/inst/gmem_m_axi_U/bus_write/wreq_burst_conv/burst_sequential/rs_req/SR[0]                                         |                7 |             32 |         4.57 |
|  ap_clk      | bd_0_i/hls_inst/inst/control_s_axi_U/int_A[63]_i_1_n_0                                                                                                            | bd_0_i/hls_inst/inst/gmem_m_axi_U/bus_write/wreq_burst_conv/burst_sequential/rs_req/SR[0]                                         |                9 |             32 |         3.56 |
|  ap_clk      | bd_0_i/hls_inst/inst/control_s_axi_U/int_ABC[63]_i_1_n_0                                                                                                          | bd_0_i/hls_inst/inst/gmem_m_axi_U/bus_write/wreq_burst_conv/burst_sequential/rs_req/SR[0]                                         |               11 |             32 |         2.91 |
|  ap_clk      | bd_0_i/hls_inst/inst/control_s_axi_U/int_P[31]_i_1_n_0                                                                                                            | bd_0_i/hls_inst/inst/gmem_m_axi_U/bus_write/wreq_burst_conv/burst_sequential/rs_req/SR[0]                                         |                6 |             32 |         5.33 |
|  ap_clk      | bd_0_i/hls_inst/inst/control_s_axi_U/int_N[31]_i_1_n_0                                                                                                            | bd_0_i/hls_inst/inst/gmem_m_axi_U/bus_write/wreq_burst_conv/burst_sequential/rs_req/SR[0]                                         |                6 |             32 |         5.33 |
|  ap_clk      | bd_0_i/hls_inst/inst/control_s_axi_U/int_M[31]_i_1_n_0                                                                                                            | bd_0_i/hls_inst/inst/gmem_m_axi_U/bus_write/wreq_burst_conv/burst_sequential/rs_req/SR[0]                                         |                5 |             32 |         6.40 |
|  ap_clk      | bd_0_i/hls_inst/inst/control_s_axi_U/int_C[63]_i_1_n_0                                                                                                            | bd_0_i/hls_inst/inst/gmem_m_axi_U/bus_write/wreq_burst_conv/burst_sequential/rs_req/SR[0]                                         |                8 |             32 |         4.00 |
|  ap_clk      | bd_0_i/hls_inst/inst/control_s_axi_U/int_ABC[31]_i_1_n_0                                                                                                          | bd_0_i/hls_inst/inst/gmem_m_axi_U/bus_write/wreq_burst_conv/burst_sequential/rs_req/SR[0]                                         |                9 |             32 |         3.56 |
|  ap_clk      | bd_0_i/hls_inst/inst/ap_CS_fsm_state24                                                                                                                            |                                                                                                                                   |               20 |             32 |         1.60 |
|  ap_clk      | bd_0_i/hls_inst/inst/ap_CS_fsm_state16                                                                                                                            |                                                                                                                                   |               22 |             32 |         1.45 |
|  ap_clk      | bd_0_i/hls_inst/inst/ap_CS_fsm_state20                                                                                                                            |                                                                                                                                   |               27 |             32 |         1.19 |
|  ap_clk      | bd_0_i/hls_inst/inst/ap_CS_fsm_state17                                                                                                                            |                                                                                                                                   |               23 |             32 |         1.39 |
|  ap_clk      | bd_0_i/hls_inst/inst/ap_CS_fsm_state18                                                                                                                            |                                                                                                                                   |               23 |             32 |         1.39 |
|  ap_clk      | bd_0_i/hls_inst/inst/ap_CS_fsm_state19                                                                                                                            |                                                                                                                                   |               24 |             32 |         1.33 |
|  ap_clk      | bd_0_i/hls_inst/inst/ap_CS_fsm_state25                                                                                                                            |                                                                                                                                   |               23 |             32 |         1.39 |
|  ap_clk      | bd_0_i/hls_inst/inst/ap_CS_fsm_state23                                                                                                                            |                                                                                                                                   |               23 |             32 |         1.39 |
|  ap_clk      | bd_0_i/hls_inst/inst/ap_CS_fsm_state22                                                                                                                            |                                                                                                                                   |               19 |             32 |         1.68 |
|  ap_clk      | bd_0_i/hls_inst/inst/ap_CS_fsm_state26                                                                                                                            |                                                                                                                                   |               23 |             32 |         1.39 |
|  ap_clk      | bd_0_i/hls_inst/inst/ap_CS_fsm_state21                                                                                                                            |                                                                                                                                   |               27 |             32 |         1.19 |
|  ap_clk      | bd_0_i/hls_inst/inst/ap_CS_fsm_state27                                                                                                                            |                                                                                                                                   |               22 |             32 |         1.45 |
|  ap_clk      | bd_0_i/hls_inst/inst/ap_CS_fsm_state31                                                                                                                            |                                                                                                                                   |               25 |             32 |         1.28 |
|  ap_clk      | bd_0_i/hls_inst/inst/gmem_m_axi_U/bus_read/rs_rdata/load_p1                                                                                                       |                                                                                                                                   |               12 |             33 |         2.75 |
|  ap_clk      | bd_0_i/hls_inst/inst/gmem_m_axi_U/bus_read/rs_rdata/load_p2                                                                                                       |                                                                                                                                   |               13 |             33 |         2.54 |
|  ap_clk      | bd_0_i/hls_inst/inst/gmem_m_axi_U/store_unit_0/buff_wdata/U_fifo_srl/sel                                                                                          |                                                                                                                                   |               10 |             36 |         3.60 |
|  ap_clk      | bd_0_i/hls_inst/inst/gmem_m_axi_U/bus_write/wreq_throttle/rs_burst/pop                                                                                            | bd_0_i/hls_inst/inst/gmem_m_axi_U/bus_write/wreq_burst_conv/burst_sequential/rs_req/SR[0]                                         |               10 |             36 |         3.60 |
|  ap_clk      | bd_0_i/hls_inst/inst/gmem_m_axi_U/bus_write/wreq_throttle/rs_req/ap_rst_n_1                                                                                       | bd_0_i/hls_inst/inst/gmem_m_axi_U/bus_write/wreq_throttle/rs_req/ap_rst_n_0                                                       |               11 |             36 |         3.27 |
|  ap_clk      | bd_0_i/hls_inst/inst/ap_CS_fsm_state61                                                                                                                            | bd_0_i/hls_inst/inst/k_reg_7178[0]                                                                                                |               11 |             41 |         3.73 |
|  ap_clk      | bd_0_i/hls_inst/inst/gmem_m_axi_U/bus_read/rreq_burst_conv/burst_sequential/rs_req/E[0]                                                                           | bd_0_i/hls_inst/inst/gmem_m_axi_U/bus_write/wreq_burst_conv/burst_sequential/rs_req/SR[0]                                         |               11 |             53 |         4.82 |
|  ap_clk      | bd_0_i/hls_inst/inst/gmem_m_axi_U/bus_write/wreq_burst_conv/burst_sequential/rs_req/E[0]                                                                          | bd_0_i/hls_inst/inst/gmem_m_axi_U/bus_write/wreq_burst_conv/burst_sequential/rs_req/SR[0]                                         |               12 |             53 |         4.42 |
|  ap_clk      | bd_0_i/hls_inst/inst/gmem_m_axi_U/bus_read/rreq_burst_conv/burst_sequential/E[0]                                                                                  | bd_0_i/hls_inst/inst/gmem_m_axi_U/bus_write/wreq_burst_conv/burst_sequential/rs_req/SR[0]                                         |               14 |             58 |         4.14 |
|  ap_clk      | bd_0_i/hls_inst/inst/gmem_m_axi_U/bus_write/wreq_burst_conv/burst_sequential/E[0]                                                                                 | bd_0_i/hls_inst/inst/gmem_m_axi_U/bus_write/wreq_burst_conv/burst_sequential/rs_req/SR[0]                                         |               21 |             58 |         2.76 |
|  ap_clk      | bd_0_i/hls_inst/inst/gmem_m_axi_U/bus_write/wreq_throttle/fifo_burst_gen[0].fifo_req/U_fifo_srl/push                                                              |                                                                                                                                   |                8 |             62 |         7.75 |
|  ap_clk      | bd_0_i/hls_inst/inst/gmem_m_axi_U/bus_write/wreq_throttle/rs_burst/pop_0                                                                                          | bd_0_i/hls_inst/inst/gmem_m_axi_U/bus_write/wreq_burst_conv/burst_sequential/rs_req/SR[0]                                         |                8 |             62 |         7.75 |
|  ap_clk      | bd_0_i/hls_inst/inst/gmem_m_axi_U/store_unit_0/buff_wdata/U_fifo_srl/push_0                                                                                       |                                                                                                                                   |                9 |             63 |         7.00 |
|  ap_clk      | bd_0_i/hls_inst/inst/gmem_m_axi_U/store_unit_0/fifo_wreq/U_fifo_srl/pop                                                                                           | bd_0_i/hls_inst/inst/gmem_m_axi_U/bus_write/wreq_burst_conv/burst_sequential/rs_req/SR[0]                                         |                9 |             63 |         7.00 |
|  ap_clk      | bd_0_i/hls_inst/inst/gmem_m_axi_U/load_unit_0/fifo_rreq/U_fifo_srl/pop                                                                                            | bd_0_i/hls_inst/inst/gmem_m_axi_U/bus_write/wreq_burst_conv/burst_sequential/rs_req/SR[0]                                         |               10 |             64 |         6.40 |
|  ap_clk      | bd_0_i/hls_inst/inst/gmem_m_axi_U/store_unit_0/tmp_valid_reg_0[0]                                                                                                 |                                                                                                                                   |               25 |             64 |         2.56 |
|  ap_clk      | bd_0_i/hls_inst/inst/gmem_m_axi_U/bus_write/wreq_burst_conv/burst_sequential/rs_req/load_p1                                                                       |                                                                                                                                   |               28 |             64 |         2.29 |
|  ap_clk      | bd_0_i/hls_inst/inst/gmem_m_axi_U/load_unit_0/fifo_rreq/U_fifo_srl/push                                                                                           |                                                                                                                                   |               10 |             64 |         6.40 |
|  ap_clk      | bd_0_i/hls_inst/inst/gmem_m_axi_U/store_unit_0/fifo_wreq/next_wreq                                                                                                | bd_0_i/hls_inst/inst/gmem_m_axi_U/bus_write/wreq_burst_conv/burst_sequential/rs_req/SR[0]                                         |               32 |             64 |         2.00 |
|  ap_clk      | bd_0_i/hls_inst/inst/gmem_m_axi_U/bus_write/wreq_throttle/rs_burst/E[0]                                                                                           |                                                                                                                                   |               26 |             66 |         2.54 |
|  ap_clk      | bd_0_i/hls_inst/inst/gmem_m_axi_U/bus_write/wreq_throttle/rs_req/load_p1                                                                                          |                                                                                                                                   |               27 |             66 |         2.44 |
|  ap_clk      | bd_0_i/hls_inst/inst/gmem_m_axi_U/bus_write/wreq_burst_conv/burst_sequential/rs_req/p_17_in                                                                       | bd_0_i/hls_inst/inst/gmem_m_axi_U/bus_write/wreq_burst_conv/burst_sequential/rs_req/SR[0]                                         |               29 |             77 |         2.66 |
|  ap_clk      | bd_0_i/hls_inst/inst/gmem_m_axi_U/bus_read/rreq_burst_conv/burst_sequential/rs_req/p_17_in                                                                        | bd_0_i/hls_inst/inst/gmem_m_axi_U/bus_write/wreq_burst_conv/burst_sequential/rs_req/SR[0]                                         |               23 |             77 |         3.35 |
|  ap_clk      | bd_0_i/hls_inst/inst/ap_NS_fsm10_out                                                                                                                              | bd_0_i/hls_inst/inst/kb_reg_4084[0]                                                                                               |               23 |             85 |         3.70 |
|  ap_clk      | bd_0_i/hls_inst/inst/ap_NS_fsm12_out                                                                                                                              | bd_0_i/hls_inst/inst/control_s_axi_U/SR[0]                                                                                        |               18 |             85 |         4.72 |
|  ap_clk      | bd_0_i/hls_inst/inst/gmem_m_axi_U/load_unit_0/E[0]                                                                                                                |                                                                                                                                   |               31 |             92 |         2.97 |
|  ap_clk      | bd_0_i/hls_inst/inst/gmem_m_axi_U/load_unit_0/fifo_rreq/E[0]                                                                                                      | bd_0_i/hls_inst/inst/gmem_m_axi_U/bus_write/wreq_burst_conv/burst_sequential/rs_req/SR[0]                                         |               31 |             92 |         2.97 |
|  ap_clk      | bd_0_i/hls_inst/inst/gmem_m_axi_U/bus_read/rreq_burst_conv/burst_sequential/rs_req/load_p1                                                                        |                                                                                                                                   |               30 |             92 |         3.07 |
|  ap_clk      | bd_0_i/hls_inst/inst/gmem_m_axi_U/bus_write/wreq_burst_conv/burst_sequential/rs_req/next_req                                                                      | bd_0_i/hls_inst/inst/gmem_m_axi_U/bus_write/wreq_burst_conv/burst_sequential/rs_req/SR[0]                                         |               34 |            105 |         3.09 |
|  ap_clk      | bd_0_i/hls_inst/inst/ap_CS_fsm_state34                                                                                                                            |                                                                                                                                   |               30 |            107 |         3.57 |
|  ap_clk      | bd_0_i/hls_inst/inst/gmem_m_axi_U/bus_read/rreq_burst_conv/burst_sequential/rs_req/next_req                                                                       | bd_0_i/hls_inst/inst/gmem_m_axi_U/bus_write/wreq_burst_conv/burst_sequential/rs_req/SR[0]                                         |               30 |            113 |         3.77 |
|  ap_clk      | bd_0_i/hls_inst/inst/grp_MM_Pipeline_VITIS_LOOP_65_8_fu_7200/mul_31ns_32s_62_1_1_U1/ap_enable_reg_pp0_iter3_reg                                                   |                                                                                                                                   |               37 |            141 |         3.81 |
|  ap_clk      | bd_0_i/hls_inst/inst/ap_CS_fsm_state3                                                                                                                             |                                                                                                                                   |               49 |            184 |         3.76 |
|  ap_clk      |                                                                                                                                                                   | bd_0_i/hls_inst/inst/gmem_m_axi_U/bus_write/wreq_burst_conv/burst_sequential/rs_req/SR[0]                                         |              101 |            185 |         1.83 |
|  ap_clk      | bd_0_i/hls_inst/inst/ap_CS_fsm_state4                                                                                                                             |                                                                                                                                   |               48 |            186 |         3.88 |
|  ap_clk      | bd_0_i/hls_inst/inst/ap_CS_fsm_state5                                                                                                                             |                                                                                                                                   |               48 |            186 |         3.88 |
|  ap_clk      | bd_0_i/hls_inst/inst/gmem_m_axi_U/store_unit_0/buff_wdata/full_n_reg_0                                                                                            | bd_0_i/hls_inst/inst/gmem_m_axi_U/bus_write/wreq_burst_conv/burst_sequential/rs_req/SR[0]                                         |              116 |            187 |         1.61 |
|  ap_clk      | bd_0_i/hls_inst/inst/ap_CS_fsm_state6                                                                                                                             |                                                                                                                                   |               57 |            213 |         3.74 |
|  ap_clk      | bd_0_i/hls_inst/inst/grp_MM_Pipeline_VITIS_LOOP_65_8_fu_7200/ap_block_pp0_stage0_subdone_grp0_done_reg_reg_inv_n_0                                                |                                                                                                                                   |               94 |            302 |         3.21 |
|  ap_clk      | bd_0_i/hls_inst/inst/ap_CS_fsm_state2                                                                                                                             |                                                                                                                                   |               85 |            328 |         3.86 |
|  ap_clk      | bd_0_i/hls_inst/inst/ap_CS_fsm_state1                                                                                                                             |                                                                                                                                   |               98 |            402 |         4.10 |
|  ap_clk      | bd_0_i/hls_inst/inst/grp_MM_Pipeline_VITIS_LOOP_65_8_fu_7200/flow_control_loop_pipe_sequential_init_U/trunc_ln65_reg_13590_pp0_iter12_reg_reg[2]__0_0[0]          |                                                                                                                                   |              128 |            512 |         4.00 |
|  ap_clk      | bd_0_i/hls_inst/inst/grp_MM_Pipeline_VITIS_LOOP_65_8_fu_7200/flow_control_loop_pipe_sequential_init_U/trunc_ln65_reg_13590_pp0_iter12_reg_reg[1]__0_0[0]          |                                                                                                                                   |              128 |            512 |         4.00 |
|  ap_clk      | bd_0_i/hls_inst/inst/grp_MM_Pipeline_VITIS_LOOP_65_8_fu_7200/flow_control_loop_pipe_sequential_init_U/trunc_ln65_reg_13590_pp0_iter12_reg_reg[0]__0_2[0]          |                                                                                                                                   |              128 |            512 |         4.00 |
|  ap_clk      | bd_0_i/hls_inst/inst/grp_MM_Pipeline_VITIS_LOOP_65_8_fu_7200/flow_control_loop_pipe_sequential_init_U/trunc_ln65_reg_13590_pp0_iter12_reg_reg[0]__0_6[0]          |                                                                                                                                   |              128 |            512 |         4.00 |
|  ap_clk      | bd_0_i/hls_inst/inst/grp_MM_Pipeline_VITIS_LOOP_65_8_fu_7200/flow_control_loop_pipe_sequential_init_U/trunc_ln65_reg_13590_pp0_iter12_reg_reg[2]__0[0]            |                                                                                                                                   |              128 |            512 |         4.00 |
|  ap_clk      | bd_0_i/hls_inst/inst/grp_MM_Pipeline_VITIS_LOOP_65_8_fu_7200/flow_control_loop_pipe_sequential_init_U/trunc_ln65_reg_13590_pp0_iter12_reg_reg[0]__0_5[0]          |                                                                                                                                   |              128 |            512 |         4.00 |
|  ap_clk      | bd_0_i/hls_inst/inst/grp_MM_Pipeline_VITIS_LOOP_65_8_fu_7200/flow_control_loop_pipe_sequential_init_U/trunc_ln65_reg_13590_pp0_iter12_reg_reg[0]__0_1[0]          |                                                                                                                                   |              128 |            512 |         4.00 |
|  ap_clk      | bd_0_i/hls_inst/inst/grp_MM_Pipeline_VITIS_LOOP_65_8_fu_7200/flow_control_loop_pipe_sequential_init_U/trunc_ln65_reg_13590_pp0_iter12_reg_reg[1]__0_3[0]          |                                                                                                                                   |              128 |            512 |         4.00 |
|  ap_clk      | bd_0_i/hls_inst/inst/grp_MM_Pipeline_VITIS_LOOP_65_8_fu_7200/flow_control_loop_pipe_sequential_init_U/trunc_ln65_reg_13590_pp0_iter12_reg_reg[1]__0[0]            |                                                                                                                                   |              128 |            512 |         4.00 |
|  ap_clk      | bd_0_i/hls_inst/inst/grp_MM_Pipeline_VITIS_LOOP_65_8_fu_7200/flow_control_loop_pipe_sequential_init_U/trunc_ln65_reg_13590_pp0_iter12_reg_reg[0]__0_0[0]          |                                                                                                                                   |              128 |            512 |         4.00 |
|  ap_clk      | bd_0_i/hls_inst/inst/grp_MM_Pipeline_VITIS_LOOP_65_8_fu_7200/flow_control_loop_pipe_sequential_init_U/trunc_ln65_reg_13590_pp0_iter12_reg_reg[0]__0_4[0]          |                                                                                                                                   |              128 |            512 |         4.00 |
|  ap_clk      | bd_0_i/hls_inst/inst/grp_MM_Pipeline_VITIS_LOOP_65_8_fu_7200/flow_control_loop_pipe_sequential_init_U/trunc_ln65_reg_13590_pp0_iter12_reg_reg[1]__0_1[0]          |                                                                                                                                   |              128 |            512 |         4.00 |
|  ap_clk      | bd_0_i/hls_inst/inst/grp_MM_Pipeline_VITIS_LOOP_65_8_fu_7200/flow_control_loop_pipe_sequential_init_U/trunc_ln65_reg_13590_pp0_iter12_reg_reg[0]__0[0]            |                                                                                                                                   |              128 |            512 |         4.00 |
|  ap_clk      | bd_0_i/hls_inst/inst/grp_MM_Pipeline_VITIS_LOOP_65_8_fu_7200/flow_control_loop_pipe_sequential_init_U/E[0]                                                        |                                                                                                                                   |              128 |            512 |         4.00 |
|  ap_clk      | bd_0_i/hls_inst/inst/grp_MM_Pipeline_VITIS_LOOP_65_8_fu_7200/flow_control_loop_pipe_sequential_init_U/trunc_ln65_reg_13590_pp0_iter12_reg_reg[1]__0_2[0]          |                                                                                                                                   |              128 |            512 |         4.00 |
|  ap_clk      | bd_0_i/hls_inst/inst/grp_MM_Pipeline_VITIS_LOOP_65_8_fu_7200/flow_control_loop_pipe_sequential_init_U/trunc_ln65_reg_13590_pp0_iter12_reg_reg[0]__0_3[0]          |                                                                                                                                   |              128 |            512 |         4.00 |
|  ap_clk      | bd_0_i/hls_inst/inst/ap_CS_fsm_state32                                                                                                                            |                                                                                                                                   |              264 |           1012 |         3.83 |
|  ap_clk      | bd_0_i/hls_inst/inst/ap_CS_fsm_state33                                                                                                                            |                                                                                                                                   |              293 |           1160 |         3.96 |
|  ap_clk      | bd_0_i/hls_inst/inst/mux_case_9779_lcssa1292_reg_7058[0]                                                                                                          |                                                                                                                                   |             1587 |           8192 |         5.16 |
|  ap_clk      | bd_0_i/hls_inst/inst/mux_case_9779_lcssa_lcssa1794_reg_3974[0]                                                                                                    |                                                                                                                                   |             1544 |           8192 |         5.31 |
+--------------+-------------------------------------------------------------------------------------------------------------------------------------------------------------------+-----------------------------------------------------------------------------------------------------------------------------------+------------------+----------------+--------------+


