Copyright 1986-2022 Xilinx, Inc. All Rights Reserved. Copyright 2022-2025 Advanced Micro Devices, Inc. All Rights Reserved.
---------------------------------------------------------------------------------------------------------------------------------------------
| Tool Version : Vivado v.2025.1 (win64) Build 6140274 Thu May 22 00:12:29 MDT 2025
| Date         : Sat Apr 11 23:04:05 2026
| Host         : LAPTOP-L6H807T2 running 64-bit major release  (build 9200)
| Command      : report_control_sets -verbose -file bd_0_wrapper_control_sets_placed.rpt
| Design       : bd_0_wrapper
| Device       : xc7z020
---------------------------------------------------------------------------------------------------------------------------------------------

Control Set Information

Table of Contents
-----------------
1. Summary
2. Histogram
3. Flip-Flop Distribution
4. Detailed Control Set Information

1. Summary
----------

+----------------------------------------------------------+-------+
|                          Status                          | Count |
+----------------------------------------------------------+-------+
| Total control sets                                       |   125 |
|    Minimum number of control sets                        |   125 |
|    Addition due to synthesis replication                 |     0 |
|    Addition due to physical synthesis replication        |     0 |
| Unused register locations in slices containing registers |   348 |
+----------------------------------------------------------+-------+
* Control sets can be merged at opt_design using control_set_merge or merge_equivalent_drivers
** Run report_qor_suggestions for automated merging and remapping suggestions


2. Histogram
------------

+--------------------+-------+
|       Fanout       | Count |
+--------------------+-------+
| Total control sets |   125 |
| >= 0 to < 4        |     6 |
| >= 4 to < 6        |    42 |
| >= 6 to < 8        |     3 |
| >= 8 to < 10       |    10 |
| >= 10 to < 12      |     2 |
| >= 12 to < 14      |     1 |
| >= 14 to < 16      |     0 |
| >= 16              |    61 |
+--------------------+-------+
* Control sets can be remapped at either synth_design or opt_design


3. Flip-Flop Distribution
-------------------------

+--------------+-----------------------+------------------------+-----------------+--------------+
| Clock Enable | Synchronous Set/Reset | Asynchronous Set/Reset | Total Registers | Total Slices |
+--------------+-----------------------+------------------------+-----------------+--------------+
| No           | No                    | No                     |              53 |           16 |
| No           | No                    | Yes                    |               0 |            0 |
| No           | Yes                   | No                     |             157 |           79 |
| Yes          | No                    | No                     |            1950 |          468 |
| Yes          | No                    | Yes                    |               0 |            0 |
| Yes          | Yes                   | No                     |            1908 |          455 |
+--------------+-----------------------+------------------------+-----------------+--------------+


4. Detailed Control Set Information
-----------------------------------

+--------------+-----------------------------------------------------------------------------------------------------------------+----------------------------------------------------------------------------------------------------------+------------------+----------------+--------------+
| Clock Signal |                                                  Enable Signal                                                  |                                             Set/Reset Signal                                             | Slice Load Count | Bel Load Count | Bels / Slice |
+--------------+-----------------------------------------------------------------------------------------------------------------+----------------------------------------------------------------------------------------------------------+------------------+----------------+--------------+
|  ap_clk      | bd_0_i/hls_inst/inst/gmem_m_axi_U/bus_read/rs_rdata/pop                                                         | bd_0_i/hls_inst/inst/gmem_m_axi_U/bus_write/wreq_burst_conv/burst_sequential/rs_req/ap_rst_n_0           |                1 |              1 |         1.00 |
|  ap_clk      | bd_0_i/hls_inst/inst/gmem_m_axi_U/bus_read/rreq_burst_conv/burst_sequential/push                                |                                                                                                          |                1 |              1 |         1.00 |
|  ap_clk      | bd_0_i/hls_inst/inst/gmem_m_axi_U/bus_write/fifo_resp_gen[0].fifo_resp/U_fifo_srl/pop                           | bd_0_i/hls_inst/inst/gmem_m_axi_U/bus_write/wreq_burst_conv/burst_sequential/rs_req/ap_rst_n_0           |                1 |              1 |         1.00 |
|  ap_clk      | bd_0_i/hls_inst/inst/gmem_m_axi_U/bus_write/wreq_burst_conv/burst_sequential/push                               |                                                                                                          |                1 |              1 |         1.00 |
|  ap_clk      | bd_0_i/hls_inst/inst/gmem_m_axi_U/store_unit_0/fifo_wrsp/U_fifo_srl/push                                        |                                                                                                          |                1 |              1 |         1.00 |
|  ap_clk      | bd_0_i/hls_inst/inst/gmem_m_axi_U/store_unit_0/fifo_wrsp/U_fifo_srl/pop                                         | bd_0_i/hls_inst/inst/gmem_m_axi_U/bus_write/wreq_burst_conv/burst_sequential/rs_req/ap_rst_n_0           |                1 |              1 |         1.00 |
|  ap_clk      | bd_0_i/hls_inst/inst/gmem_m_axi_U/store_unit_0/user_resp/mOutPtr[3]_i_1__4_n_3                                  | bd_0_i/hls_inst/inst/gmem_m_axi_U/bus_write/wreq_burst_conv/burst_sequential/rs_req/ap_rst_n_0           |                1 |              4 |         4.00 |
|  ap_clk      | bd_0_i/hls_inst/inst/ap_CS_fsm_state42                                                                          |                                                                                                          |                1 |              4 |         4.00 |
|  ap_clk      | bd_0_i/hls_inst/inst/gmem_m_axi_U/store_unit_0/fifo_wreq/num_data_cnt[3]_i_1__0_n_3                             | bd_0_i/hls_inst/inst/gmem_m_axi_U/bus_write/wreq_burst_conv/burst_sequential/rs_req/ap_rst_n_0           |                2 |              4 |         2.00 |
|  ap_clk      | bd_0_i/hls_inst/inst/gmem_m_axi_U/store_unit_0/fifo_wreq/mOutPtr[3]_i_1__0_n_3                                  | bd_0_i/hls_inst/inst/gmem_m_axi_U/bus_write/wreq_burst_conv/burst_sequential/rs_req/ap_rst_n_0           |                1 |              4 |         4.00 |
|  ap_clk      | bd_0_i/hls_inst/inst/gmem_m_axi_U/store_unit_0/conservative_gen.fifo_burst/p_0_in[0]                            | bd_0_i/hls_inst/inst/gmem_m_axi_U/bus_write/wreq_burst_conv/burst_sequential/rs_req/ap_rst_n_0           |                1 |              4 |         4.00 |
|  ap_clk      | bd_0_i/hls_inst/inst/gmem_m_axi_U/bus_write/wreq_throttle/rs_burst/load_p1                                      |                                                                                                          |                1 |              4 |         4.00 |
|  ap_clk      | bd_0_i/hls_inst/inst/gmem_m_axi_U/store_unit_0/fifo_wrsp/U_fifo_srl/raddr_reg[0][0]                             | bd_0_i/hls_inst/inst/gmem_m_axi_U/bus_write/wreq_burst_conv/burst_sequential/rs_req/ap_rst_n_0           |                2 |              4 |         2.00 |
|  ap_clk      | bd_0_i/hls_inst/inst/gmem_m_axi_U/load_unit_0/fifo_rreq/mOutPtr[3]_i_1__5_n_3                                   | bd_0_i/hls_inst/inst/gmem_m_axi_U/bus_write/wreq_burst_conv/burst_sequential/rs_req/ap_rst_n_0           |                1 |              4 |         4.00 |
|  ap_clk      | bd_0_i/hls_inst/inst/gmem_m_axi_U/load_unit_0/fifo_rreq/num_data_cnt[3]_i_1__5_n_3                              | bd_0_i/hls_inst/inst/gmem_m_axi_U/bus_write/wreq_burst_conv/burst_sequential/rs_req/ap_rst_n_0           |                1 |              4 |         4.00 |
|  ap_clk      | bd_0_i/hls_inst/inst/gmem_m_axi_U/store_unit_0/conservative_gen.fifo_burst/raddr[3]_i_1_n_3                     | bd_0_i/hls_inst/inst/gmem_m_axi_U/bus_write/wreq_burst_conv/burst_sequential/rs_req/ap_rst_n_0           |                1 |              4 |         4.00 |
|  ap_clk      | bd_0_i/hls_inst/inst/gmem_m_axi_U/bus_write/wreq_throttle/fifo_burst_gen[0].fifo_req/raddr[3]_i_1__2_n_3        | bd_0_i/hls_inst/inst/gmem_m_axi_U/bus_write/wreq_burst_conv/burst_sequential/rs_req/ap_rst_n_0           |                2 |              4 |         2.00 |
|  ap_clk      | bd_0_i/hls_inst/inst/gmem_m_axi_U/bus_read/ost_ctrl_gen[0].fifo_burst/raddr[3]_i_1__3_n_3                       | bd_0_i/hls_inst/inst/gmem_m_axi_U/bus_write/wreq_burst_conv/burst_sequential/rs_req/ap_rst_n_0           |                2 |              4 |         2.00 |
|  ap_clk      | bd_0_i/hls_inst/inst/ap_CS_fsm_state13                                                                          |                                                                                                          |                1 |              4 |         4.00 |
|  ap_clk      | bd_0_i/hls_inst/inst/gmem_m_axi_U/store_unit_0/conservative_gen.local_BURST_WVALID_reg_0[0]                     |                                                                                                          |                1 |              4 |         4.00 |
|  ap_clk      | bd_0_i/hls_inst/inst/gmem_m_axi_U/store_unit_0/conservative_gen.fifo_burst/U_fifo_srl/push                      |                                                                                                          |                1 |              4 |         4.00 |
|  ap_clk      | bd_0_i/hls_inst/inst/gmem_m_axi_U/bus_write/fifo_resp_gen[0].fifo_resp/raddr[3]_i_1__4_n_3                      | bd_0_i/hls_inst/inst/gmem_m_axi_U/bus_write/wreq_burst_conv/burst_sequential/rs_req/ap_rst_n_0           |                1 |              4 |         4.00 |
|  ap_clk      | bd_0_i/hls_inst/inst/gmem_m_axi_U/store_unit_0/conservative_gen.fifo_burst/U_fifo_srl/pop                       | bd_0_i/hls_inst/inst/gmem_m_axi_U/bus_write/wreq_burst_conv/burst_sequential/rs_req/ap_rst_n_0           |                1 |              4 |         4.00 |
|  ap_clk      | bd_0_i/hls_inst/inst/ap_CS_fsm_state50                                                                          |                                                                                                          |                1 |              4 |         4.00 |
|  ap_clk      | bd_0_i/hls_inst/inst/gmem_m_axi_U/store_unit_0/fifo_wrsp/U_fifo_srl/ap_CS_fsm_reg[57][0]                        | bd_0_i/hls_inst/inst/gmem_m_axi_U/bus_write/wreq_burst_conv/burst_sequential/rs_req/ap_rst_n_0           |                1 |              4 |         4.00 |
|  ap_clk      | bd_0_i/hls_inst/inst/gmem_m_axi_U/store_unit_0/fifo_wrsp/U_fifo_srl/s_ready_t_reg[0]                            | bd_0_i/hls_inst/inst/gmem_m_axi_U/bus_write/wreq_burst_conv/burst_sequential/rs_req/ap_rst_n_0           |                2 |              5 |         2.50 |
|  ap_clk      | bd_0_i/hls_inst/inst/gmem_m_axi_U/bus_write/fifo_resp_gen[0].fifo_resp/num_data_cnt[4]_i_1__4_n_3               | bd_0_i/hls_inst/inst/gmem_m_axi_U/bus_write/wreq_burst_conv/burst_sequential/rs_req/ap_rst_n_0           |                1 |              5 |         5.00 |
|  ap_clk      | bd_0_i/hls_inst/inst/control_s_axi_U/waddr                                                                      |                                                                                                          |                1 |              5 |         5.00 |
|  ap_clk      | bd_0_i/hls_inst/inst/ap_NS_fsm13_out                                                                            | bd_0_i/hls_inst/inst/ap_NS_fsm15_out                                                                     |                1 |              5 |         5.00 |
|  ap_clk      | bd_0_i/hls_inst/inst/gmem_m_axi_U/bus_write/wreq_throttle/fifo_burst_gen[0].fifo_req/mOutPtr[4]_i_1__2_n_3      | bd_0_i/hls_inst/inst/gmem_m_axi_U/bus_write/wreq_burst_conv/burst_sequential/rs_req/ap_rst_n_0           |                2 |              5 |         2.50 |
|  ap_clk      | bd_0_i/hls_inst/inst/ap_CS_fsm_state47                                                                          | bd_0_i/hls_inst/inst/gmem_m_axi_U/load_unit_0/buff_rdata/ap_CS_fsm_reg[46][0]                            |                1 |              5 |         5.00 |
|  ap_clk      | bd_0_i/hls_inst/inst/gmem_m_axi_U/bus_write/fifo_resp_gen[0].fifo_resp/mOutPtr[4]_i_1__4_n_3                    | bd_0_i/hls_inst/inst/gmem_m_axi_U/bus_write/wreq_burst_conv/burst_sequential/rs_req/ap_rst_n_0           |                1 |              5 |         5.00 |
|  ap_clk      | bd_0_i/hls_inst/inst/gmem_m_axi_U/bus_write/wreq_throttle/fifo_burst_gen[0].fifo_req/num_data_cnt[4]_i_1__2_n_3 | bd_0_i/hls_inst/inst/gmem_m_axi_U/bus_write/wreq_burst_conv/burst_sequential/rs_req/ap_rst_n_0           |                1 |              5 |         5.00 |
|  ap_clk      | bd_0_i/hls_inst/inst/gmem_m_axi_U/bus_read/ost_ctrl_gen[0].fifo_rctl/mOutPtr[4]_i_1__5_n_3                      | bd_0_i/hls_inst/inst/gmem_m_axi_U/bus_write/wreq_burst_conv/burst_sequential/rs_req/ap_rst_n_0           |                2 |              5 |         2.50 |
|  ap_clk      | bd_0_i/hls_inst/inst/ap_CS_fsm_state51                                                                          |                                                                                                          |                1 |              5 |         5.00 |
|  ap_clk      | bd_0_i/hls_inst/inst/B_line_we0_local                                                                           | bd_0_i/hls_inst/inst/j_1_reg_389                                                                         |                2 |              5 |         2.50 |
|  ap_clk      | bd_0_i/hls_inst/inst/ap_CS_fsm_state25                                                                          |                                                                                                          |                2 |              5 |         2.50 |
|  ap_clk      | bd_0_i/hls_inst/inst/ap_CS_fsm_state26                                                                          |                                                                                                          |                2 |              5 |         2.50 |
|  ap_clk      | bd_0_i/hls_inst/inst/ap_NS_fsm18_out                                                                            | bd_0_i/hls_inst/inst/i_reg_322                                                                           |                2 |              5 |         2.50 |
|  ap_clk      | bd_0_i/hls_inst/inst/gmem_m_axi_U/store_unit_0/conservative_gen.fifo_burst/mOutPtr[4]_i_1_n_3                   | bd_0_i/hls_inst/inst/gmem_m_axi_U/bus_write/wreq_burst_conv/burst_sequential/rs_req/ap_rst_n_0           |                2 |              5 |         2.50 |
|  ap_clk      | bd_0_i/hls_inst/inst/gmem_m_axi_U/store_unit_0/conservative_gen.fifo_burst/num_data_cnt[4]_i_1_n_3              | bd_0_i/hls_inst/inst/gmem_m_axi_U/bus_write/wreq_burst_conv/burst_sequential/rs_req/ap_rst_n_0           |                2 |              5 |         2.50 |
|  ap_clk      | bd_0_i/hls_inst/inst/gmem_m_axi_U/store_unit_0/buff_wdata/U_fifo_srl/ap_CS_fsm_reg[52]                          | bd_0_i/hls_inst/inst/gmem_m_axi_U/store_unit_0/fifo_wreq/ap_CS_fsm_reg[49][0]                            |                2 |              5 |         2.50 |
|  ap_clk      | bd_0_i/hls_inst/inst/gmem_m_axi_U/load_unit_0/buff_rdata/ap_CS_fsm_reg[13][0]                                   | bd_0_i/hls_inst/inst/gmem_m_axi_U/load_unit_0/buff_rdata/ap_CS_fsm_reg[12][0]                            |                1 |              5 |         5.00 |
|  ap_clk      | bd_0_i/hls_inst/inst/gmem_m_axi_U/store_unit_0/buff_wdata/raddr[4]_i_1_n_3                                      | bd_0_i/hls_inst/inst/gmem_m_axi_U/bus_write/wreq_burst_conv/burst_sequential/rs_req/ap_rst_n_0           |                2 |              5 |         2.50 |
|  ap_clk      | bd_0_i/hls_inst/inst/gmem_m_axi_U/bus_read/rreq_burst_conv/burst_sequential/m_axi_gmem_ARREADY_0[0]             | bd_0_i/hls_inst/inst/gmem_m_axi_U/bus_write/wreq_burst_conv/burst_sequential/rs_req/ap_rst_n_0           |                2 |              5 |         2.50 |
|  ap_clk      | bd_0_i/hls_inst/inst/gmem_m_axi_U/bus_read/ost_ctrl_gen[0].fifo_burst/num_data_cnt[4]_i_1__3_n_3                | bd_0_i/hls_inst/inst/gmem_m_axi_U/bus_write/wreq_burst_conv/burst_sequential/rs_req/ap_rst_n_0           |                2 |              5 |         2.50 |
|  ap_clk      | bd_0_i/hls_inst/inst/gmem_m_axi_U/store_unit_0/fifo_wrsp/U_fifo_srl/E[0]                                        | bd_0_i/hls_inst/inst/gmem_m_axi_U/bus_write/wreq_burst_conv/burst_sequential/rs_req/ap_rst_n_0           |                1 |              5 |         5.00 |
|  ap_clk      | bd_0_i/hls_inst/inst/gmem_m_axi_U/bus_read/ost_ctrl_gen[0].fifo_burst/mOutPtr[4]_i_1__3_n_3                     | bd_0_i/hls_inst/inst/gmem_m_axi_U/bus_write/wreq_burst_conv/burst_sequential/rs_req/ap_rst_n_0           |                1 |              5 |         5.00 |
|  ap_clk      | bd_0_i/hls_inst/inst/control_s_axi_U/ar_hs                                                                      |                                                                                                          |                4 |              6 |         1.50 |
|  ap_clk      | bd_0_i/hls_inst/inst/gmem_m_axi_U/store_unit_0/buff_wdata/num_data_cnt[5]_i_1_n_3                               | bd_0_i/hls_inst/inst/gmem_m_axi_U/bus_write/wreq_burst_conv/burst_sequential/rs_req/ap_rst_n_0           |                2 |              6 |         3.00 |
|  ap_clk      | bd_0_i/hls_inst/inst/gmem_m_axi_U/store_unit_0/buff_wdata/mOutPtr[5]_i_1_n_3                                    | bd_0_i/hls_inst/inst/gmem_m_axi_U/bus_write/wreq_burst_conv/burst_sequential/rs_req/ap_rst_n_0           |                3 |              6 |         2.00 |
|  ap_clk      | bd_0_i/hls_inst/inst/gmem_m_axi_U/bus_read/rreq_burst_conv/burst_sequential/could_multi_bursts.last_loop        | bd_0_i/hls_inst/inst/gmem_m_axi_U/bus_write/wreq_burst_conv/burst_sequential/rs_req/ap_rst_n_0           |                2 |              8 |         4.00 |
|  ap_clk      | bd_0_i/hls_inst/inst/gmem_m_axi_U/bus_write/wreq_burst_conv/burst_sequential/could_multi_bursts.last_loop       | bd_0_i/hls_inst/inst/gmem_m_axi_U/bus_write/wreq_burst_conv/burst_sequential/rs_req/ap_rst_n_0           |                4 |              8 |         2.00 |
|  ap_clk      | bd_0_i/hls_inst/inst/gmem_m_axi_U/load_unit_0/buff_rdata/U_fifo_mem/WEBWE[0]                                    | bd_0_i/hls_inst/inst/gmem_m_axi_U/bus_write/wreq_burst_conv/burst_sequential/rs_req/ap_rst_n_0           |                3 |              8 |         2.67 |
|  ap_clk      | bd_0_i/hls_inst/inst/gmem_m_axi_U/load_unit_0/buff_rdata/pop                                                    | bd_0_i/hls_inst/inst/gmem_m_axi_U/bus_write/wreq_burst_conv/burst_sequential/rs_req/ap_rst_n_0           |                3 |              8 |         2.67 |
|  ap_clk      | bd_0_i/hls_inst/inst/gmem_m_axi_U/store_unit_0/buff_wdata/E[0]                                                  | bd_0_i/hls_inst/inst/gmem_m_axi_U/bus_write/wreq_burst_conv/burst_sequential/rs_req/ap_rst_n_0           |                2 |              8 |         4.00 |
|  ap_clk      | bd_0_i/hls_inst/inst/gmem_m_axi_U/bus_write/wreq_throttle/rs_req/dout_vld_reg                                   | bd_0_i/hls_inst/inst/gmem_m_axi_U/bus_write/wreq_throttle/rs_burst/ap_rst_n_0[0]                         |                3 |              8 |         2.67 |
|  ap_clk      | bd_0_i/hls_inst/inst/ap_CS_fsm_state45                                                                          |                                                                                                          |                4 |              8 |         2.00 |
|  ap_clk      | bd_0_i/hls_inst/inst/gmem_m_axi_U/load_unit_0/buff_rdata/mOutPtr[8]_i_1_n_3                                     | bd_0_i/hls_inst/inst/gmem_m_axi_U/bus_write/wreq_burst_conv/burst_sequential/rs_req/ap_rst_n_0           |                3 |              9 |         3.00 |
|  ap_clk      | bd_0_i/hls_inst/inst/gmem_m_axi_U/load_unit_0/buff_rdata/num_data_cnt[8]_i_1_n_3                                | bd_0_i/hls_inst/inst/gmem_m_axi_U/bus_write/wreq_burst_conv/burst_sequential/rs_req/ap_rst_n_0           |                3 |              9 |         3.00 |
|  ap_clk      | bd_0_i/hls_inst/inst/ap_CS_fsm_state29                                                                          |                                                                                                          |                3 |              9 |         3.00 |
|  ap_clk      | bd_0_i/hls_inst/inst/gmem_m_axi_U/bus_write/wreq_burst_conv/burst_sequential/rs_req/p_15_in                     | bd_0_i/hls_inst/inst/gmem_m_axi_U/bus_write/wreq_burst_conv/burst_sequential/sect_addr_buf[11]_i_1_n_3   |                2 |             10 |         5.00 |
|  ap_clk      | bd_0_i/hls_inst/inst/gmem_m_axi_U/bus_read/rreq_burst_conv/burst_sequential/rs_req/p_15_in                      | bd_0_i/hls_inst/inst/gmem_m_axi_U/bus_read/rreq_burst_conv/burst_sequential/sect_addr_buf[11]_i_1__0_n_3 |                2 |             10 |         5.00 |
|  ap_clk      | bd_0_i/hls_inst/inst/ap_CS_fsm_state43                                                                          |                                                                                                          |                4 |             13 |         3.25 |
|  ap_clk      | bd_0_i/hls_inst/inst/control_s_axi_U/ar_hs                                                                      | bd_0_i/hls_inst/inst/control_s_axi_U/rdata[31]_i_1_n_3                                                   |               10 |             26 |         2.60 |
|  ap_clk      | bd_0_i/hls_inst/inst/ap_NS_fsm12_out                                                                            | bd_0_i/hls_inst/inst/jb_reg_310                                                                          |                8 |             27 |         3.38 |
|  ap_clk      | bd_0_i/hls_inst/inst/ap_CS_fsm_state3                                                                           |                                                                                                          |                8 |             27 |         3.38 |
|  ap_clk      | bd_0_i/hls_inst/inst/control_s_axi_U/int_ABC[31]_i_1_n_3                                                        | bd_0_i/hls_inst/inst/gmem_m_axi_U/bus_write/wreq_burst_conv/burst_sequential/rs_req/ap_rst_n_0           |               10 |             32 |         3.20 |
|  ap_clk      | bd_0_i/hls_inst/inst/control_s_axi_U/int_A[63]_i_1_n_3                                                          | bd_0_i/hls_inst/inst/gmem_m_axi_U/bus_write/wreq_burst_conv/burst_sequential/rs_req/ap_rst_n_0           |                6 |             32 |         5.33 |
|  ap_clk      | bd_0_i/hls_inst/inst/control_s_axi_U/int_P[31]_i_1_n_3                                                          | bd_0_i/hls_inst/inst/gmem_m_axi_U/bus_write/wreq_burst_conv/burst_sequential/rs_req/ap_rst_n_0           |                5 |             32 |         6.40 |
|  ap_clk      | bd_0_i/hls_inst/inst/control_s_axi_U/int_A[31]_i_1_n_3                                                          | bd_0_i/hls_inst/inst/gmem_m_axi_U/bus_write/wreq_burst_conv/burst_sequential/rs_req/ap_rst_n_0           |                9 |             32 |         3.56 |
|  ap_clk      | bd_0_i/hls_inst/inst/control_s_axi_U/int_ABC[63]_i_1_n_3                                                        | bd_0_i/hls_inst/inst/gmem_m_axi_U/bus_write/wreq_burst_conv/burst_sequential/rs_req/ap_rst_n_0           |                8 |             32 |         4.00 |
|  ap_clk      | bd_0_i/hls_inst/inst/control_s_axi_U/int_C[31]_i_1_n_3                                                          | bd_0_i/hls_inst/inst/gmem_m_axi_U/bus_write/wreq_burst_conv/burst_sequential/rs_req/ap_rst_n_0           |                9 |             32 |         3.56 |
|  ap_clk      | bd_0_i/hls_inst/inst/control_s_axi_U/int_B[63]_i_1_n_3                                                          | bd_0_i/hls_inst/inst/gmem_m_axi_U/bus_write/wreq_burst_conv/burst_sequential/rs_req/ap_rst_n_0           |                8 |             32 |         4.00 |
|  ap_clk      | bd_0_i/hls_inst/inst/B_line_we0_local                                                                           |                                                                                                          |                8 |             32 |         4.00 |
|  ap_clk      | bd_0_i/hls_inst/inst/ap_CS_fsm_state46                                                                          |                                                                                                          |                6 |             32 |         5.33 |
|  ap_clk      | bd_0_i/hls_inst/inst/control_s_axi_U/int_B[31]_i_1_n_3                                                          | bd_0_i/hls_inst/inst/gmem_m_axi_U/bus_write/wreq_burst_conv/burst_sequential/rs_req/ap_rst_n_0           |               12 |             32 |         2.67 |
|  ap_clk      | bd_0_i/hls_inst/inst/gmem_m_axi_U/load_unit_0/buff_rdata/ap_CS_fsm_reg[41]                                      |                                                                                                          |                8 |             32 |         4.00 |
|  ap_clk      | bd_0_i/hls_inst/inst/control_s_axi_U/int_N[31]_i_1_n_3                                                          | bd_0_i/hls_inst/inst/gmem_m_axi_U/bus_write/wreq_burst_conv/burst_sequential/rs_req/ap_rst_n_0           |                8 |             32 |         4.00 |
|  ap_clk      | bd_0_i/hls_inst/inst/control_s_axi_U/int_C[63]_i_1_n_3                                                          | bd_0_i/hls_inst/inst/gmem_m_axi_U/bus_write/wreq_burst_conv/burst_sequential/rs_req/ap_rst_n_0           |                7 |             32 |         4.57 |
|  ap_clk      | bd_0_i/hls_inst/inst/control_s_axi_U/int_M[31]_i_1_n_3                                                          | bd_0_i/hls_inst/inst/gmem_m_axi_U/bus_write/wreq_burst_conv/burst_sequential/rs_req/ap_rst_n_0           |                7 |             32 |         4.57 |
|  ap_clk      | bd_0_i/hls_inst/inst/gmem_m_axi_U/bus_read/rs_rdata/load_p2                                                     |                                                                                                          |                9 |             33 |         3.67 |
|  ap_clk      | bd_0_i/hls_inst/inst/gmem_m_axi_U/bus_read/rs_rdata/load_p1                                                     |                                                                                                          |                9 |             33 |         3.67 |
|  ap_clk      | bd_0_i/hls_inst/inst/ap_CS_fsm_state12                                                                          |                                                                                                          |               13 |             36 |         2.77 |
|  ap_clk      | bd_0_i/hls_inst/inst/gmem_m_axi_U/bus_write/wreq_throttle/rs_req/ap_rst_n_1                                     | bd_0_i/hls_inst/inst/gmem_m_axi_U/bus_write/wreq_throttle/rs_req/ap_rst_n_0                              |                7 |             36 |         5.14 |
|  ap_clk      | bd_0_i/hls_inst/inst/gmem_m_axi_U/bus_write/wreq_throttle/rs_burst/pop                                          | bd_0_i/hls_inst/inst/gmem_m_axi_U/bus_write/wreq_burst_conv/burst_sequential/rs_req/ap_rst_n_0           |                9 |             36 |         4.00 |
|  ap_clk      | bd_0_i/hls_inst/inst/gmem_m_axi_U/store_unit_0/buff_wdata/U_fifo_srl/ap_CS_fsm_reg[52]                          |                                                                                                          |                9 |             36 |         4.00 |
|  ap_clk      | bd_0_i/hls_inst/inst/gmem_m_axi_U/store_unit_0/user_resp/dout_vld_reg_0[0]                                      | bd_0_i/hls_inst/inst/ap_NS_fsm17_out                                                                     |               10 |             41 |         4.10 |
|  ap_clk      | bd_0_i/hls_inst/inst/ap_NS_fsm14_out                                                                            | bd_0_i/hls_inst/inst/k_reg_366                                                                           |                8 |             41 |         5.12 |
|  ap_clk      | bd_0_i/hls_inst/inst/gmem_m_axi_U/bus_read/rreq_burst_conv/burst_sequential/rs_req/E[0]                         | bd_0_i/hls_inst/inst/gmem_m_axi_U/bus_write/wreq_burst_conv/burst_sequential/rs_req/ap_rst_n_0           |                9 |             53 |         5.89 |
|  ap_clk      | bd_0_i/hls_inst/inst/gmem_m_axi_U/bus_write/wreq_burst_conv/burst_sequential/rs_req/E[0]                        | bd_0_i/hls_inst/inst/gmem_m_axi_U/bus_write/wreq_burst_conv/burst_sequential/rs_req/ap_rst_n_0           |                8 |             53 |         6.62 |
|  ap_clk      |                                                                                                                 |                                                                                                          |               16 |             53 |         3.31 |
|  ap_clk      | bd_0_i/hls_inst/inst/gmem_m_axi_U/bus_write/wreq_throttle/rs_burst/pop_0                                        | bd_0_i/hls_inst/inst/gmem_m_axi_U/bus_write/wreq_burst_conv/burst_sequential/rs_req/ap_rst_n_0           |                8 |             62 |         7.75 |
|  ap_clk      | bd_0_i/hls_inst/inst/ap_CS_fsm_state31                                                                          |                                                                                                          |               16 |             62 |         3.88 |
|  ap_clk      | bd_0_i/hls_inst/inst/gmem_m_axi_U/bus_write/wreq_throttle/fifo_burst_gen[0].fifo_req/U_fifo_srl/push            |                                                                                                          |                8 |             62 |         7.75 |
|  ap_clk      | bd_0_i/hls_inst/inst/ap_CS_fsm_state17                                                                          |                                                                                                          |               16 |             62 |         3.88 |
|  ap_clk      | bd_0_i/hls_inst/inst/ap_CS_fsm_state32                                                                          |                                                                                                          |               16 |             62 |         3.88 |
|  ap_clk      | bd_0_i/hls_inst/inst/ap_CS_fsm_state49                                                                          |                                                                                                          |               16 |             62 |         3.88 |
|  ap_clk      | bd_0_i/hls_inst/inst/ap_CS_fsm_state33                                                                          |                                                                                                          |               16 |             62 |         3.88 |
|  ap_clk      | bd_0_i/hls_inst/inst/gmem_m_axi_U/store_unit_0/fifo_wreq/U_fifo_srl/push                                        |                                                                                                          |                9 |             63 |         7.00 |
|  ap_clk      | bd_0_i/hls_inst/inst/gmem_m_axi_U/store_unit_0/fifo_wreq/U_fifo_srl/pop                                         | bd_0_i/hls_inst/inst/gmem_m_axi_U/bus_write/wreq_burst_conv/burst_sequential/rs_req/ap_rst_n_0           |                9 |             63 |         7.00 |
|  ap_clk      | bd_0_i/hls_inst/inst/gmem_m_axi_U/store_unit_0/E[0]                                                             |                                                                                                          |               15 |             64 |         4.27 |
|  ap_clk      | bd_0_i/hls_inst/inst/gmem_m_axi_U/bus_write/wreq_burst_conv/burst_sequential/rs_req/load_p1                     |                                                                                                          |               19 |             64 |         3.37 |
|  ap_clk      | bd_0_i/hls_inst/inst/gmem_m_axi_U/store_unit_0/fifo_wreq/next_wreq                                              | bd_0_i/hls_inst/inst/gmem_m_axi_U/bus_write/wreq_burst_conv/burst_sequential/rs_req/ap_rst_n_0           |               16 |             64 |         4.00 |
|  ap_clk      | bd_0_i/hls_inst/inst/gmem_m_axi_U/load_unit_0/fifo_rreq/U_fifo_srl/pop                                          | bd_0_i/hls_inst/inst/gmem_m_axi_U/bus_write/wreq_burst_conv/burst_sequential/rs_req/ap_rst_n_0           |                9 |             64 |         7.11 |
|  ap_clk      | bd_0_i/hls_inst/inst/gmem_m_axi_U/load_unit_0/fifo_rreq/U_fifo_srl/push                                         |                                                                                                          |                9 |             64 |         7.11 |
|  ap_clk      | bd_0_i/hls_inst/inst/gmem_m_axi_U/bus_read/rreq_burst_conv/burst_sequential/rs_req/load_p1                      |                                                                                                          |               24 |             66 |         2.75 |
|  ap_clk      | bd_0_i/hls_inst/inst/gmem_m_axi_U/load_unit_0/fifo_rreq/next_rreq                                               | bd_0_i/hls_inst/inst/gmem_m_axi_U/bus_write/wreq_burst_conv/burst_sequential/rs_req/ap_rst_n_0           |               15 |             66 |         4.40 |
|  ap_clk      | bd_0_i/hls_inst/inst/gmem_m_axi_U/bus_write/wreq_throttle/rs_burst/E[0]                                         |                                                                                                          |               20 |             66 |         3.30 |
|  ap_clk      | bd_0_i/hls_inst/inst/gmem_m_axi_U/bus_write/wreq_throttle/rs_req/load_p1                                        |                                                                                                          |               21 |             66 |         3.14 |
|  ap_clk      | bd_0_i/hls_inst/inst/gmem_m_axi_U/load_unit_0/tmp_valid_reg_0[0]                                                |                                                                                                          |               17 |             66 |         3.88 |
|  ap_clk      | bd_0_i/hls_inst/inst/gmem_m_axi_U/bus_read/rreq_burst_conv/burst_sequential/E[0]                                | bd_0_i/hls_inst/inst/gmem_m_axi_U/bus_write/wreq_burst_conv/burst_sequential/rs_req/ap_rst_n_0           |               18 |             71 |         3.94 |
|  ap_clk      | bd_0_i/hls_inst/inst/gmem_m_axi_U/bus_write/wreq_burst_conv/burst_sequential/E[0]                               | bd_0_i/hls_inst/inst/gmem_m_axi_U/bus_write/wreq_burst_conv/burst_sequential/rs_req/ap_rst_n_0           |               18 |             71 |         3.94 |
|  ap_clk      | bd_0_i/hls_inst/inst/gmem_m_axi_U/bus_read/rreq_burst_conv/burst_sequential/rs_req/p_15_in                      | bd_0_i/hls_inst/inst/gmem_m_axi_U/bus_write/wreq_burst_conv/burst_sequential/rs_req/ap_rst_n_0           |               17 |             77 |         4.53 |
|  ap_clk      | bd_0_i/hls_inst/inst/gmem_m_axi_U/bus_write/wreq_burst_conv/burst_sequential/rs_req/p_15_in                     | bd_0_i/hls_inst/inst/gmem_m_axi_U/bus_write/wreq_burst_conv/burst_sequential/rs_req/ap_rst_n_0           |               16 |             77 |         4.81 |
|  ap_clk      | bd_0_i/hls_inst/inst/ap_NS_fsm16_out                                                                            | bd_0_i/hls_inst/inst/kb_reg_344                                                                          |               14 |             85 |         6.07 |
|  ap_clk      | bd_0_i/hls_inst/inst/ap_NS_fsm111_out                                                                           | bd_0_i/hls_inst/inst/control_s_axi_U/SR[0]                                                               |               14 |             85 |         6.07 |
|  ap_clk      | bd_0_i/hls_inst/inst/ap_CS_fsm_state16                                                                          |                                                                                                          |               27 |            103 |         3.81 |
|  ap_clk      | bd_0_i/hls_inst/inst/gmem_m_axi_U/bus_write/wreq_burst_conv/burst_sequential/rs_req/next_req                    | bd_0_i/hls_inst/inst/gmem_m_axi_U/bus_write/wreq_burst_conv/burst_sequential/rs_req/ap_rst_n_0           |               31 |            104 |         3.35 |
|  ap_clk      | bd_0_i/hls_inst/inst/gmem_m_axi_U/bus_read/rreq_burst_conv/burst_sequential/rs_req/next_req                     | bd_0_i/hls_inst/inst/gmem_m_axi_U/bus_write/wreq_burst_conv/burst_sequential/rs_req/ap_rst_n_0           |               30 |            106 |         3.53 |
|  ap_clk      | bd_0_i/hls_inst/inst/ap_CS_fsm_state48                                                                          |                                                                                                          |               27 |            107 |         3.96 |
|  ap_clk      |                                                                                                                 | bd_0_i/hls_inst/inst/gmem_m_axi_U/bus_write/wreq_burst_conv/burst_sequential/rs_req/ap_rst_n_0           |               79 |            157 |         1.99 |
|  ap_clk      | bd_0_i/hls_inst/inst/ap_CS_fsm_state15                                                                          |                                                                                                          |               28 |            170 |         6.07 |
|  ap_clk      | bd_0_i/hls_inst/inst/ap_CS_fsm_state2                                                                           |                                                                                                          |               46 |            232 |         5.04 |
|  ap_clk      | bd_0_i/hls_inst/inst/ap_CS_fsm_state1                                                                           |                                                                                                          |               65 |            367 |         5.65 |
+--------------+-----------------------------------------------------------------------------------------------------------------+----------------------------------------------------------------------------------------------------------+------------------+----------------+--------------+


