#-----------------------------------------------------------
# Vivado v2025.1 (64-bit)
# SW Build 6140274 on Thu May 22 00:12:29 MDT 2025
# IP Build 6138677 on Thu May 22 03:10:11 MDT 2025
# SharedData Build 6139179 on Tue May 20 17:58:58 MDT 2025
# Start of session at: Fri Apr 10 16:34:28 2026
# Process ID         : 26980
# Current directory  : C:/Users/seanr/vitis_projects/Lab3_MLP_optimization/baseline_blockedMM/baseline_blockedMM/hls/impl/verilog/project.runs/impl_1
# Command line       : vivado.exe -log bd_0_wrapper.vdi -applog -product Vivado -messageDb vivado.pb -mode batch -source bd_0_wrapper.tcl -notrace
# Log file           : C:/Users/seanr/vitis_projects/Lab3_MLP_optimization/baseline_blockedMM/baseline_blockedMM/hls/impl/verilog/project.runs/impl_1/bd_0_wrapper.vdi
# Journal file       : C:/Users/seanr/vitis_projects/Lab3_MLP_optimization/baseline_blockedMM/baseline_blockedMM/hls/impl/verilog/project.runs/impl_1\vivado.jou
# Running On         : LAPTOP-L6H807T2
# Platform           : Windows Server 2016 or Windows 10
# Operating System   : 26200
# Processor Detail   : Intel(R) Pentium(R) Gold 7505 @ 2.00GHz
# CPU Frequency      : 1997 MHz
# CPU Physical cores : 2
# CPU Logical cores  : 4
# Host memory        : 8241 MB
# Swap memory        : 18387 MB
# Total Virtual      : 26628 MB
# Available Virtual  : 5441 MB
#-----------------------------------------------------------
source bd_0_wrapper.tcl -notrace
