# 
# Steps log generated by v++
# This log file contains a collection of steps that describe the kernel compilation flow
# Note: Some steps are tagged as internal, these steps are for debugging purposes and 
#       are not expected to be able to run independently.
# 

# The following environment variables are set when running vitis-run
Environment variables :
------------------------------------------
ALLUSERSPROFILE=C:\ProgramData
APPDATA=C:\Users\seanr\AppData\Roaming
arr.length=0
arr.Ubound=-1
CHARPOP=1
CMAKE_OBJECT_PATH_MAX=4096
CommonProgramFiles=C:\Program Files\Common Files
CommonProgramFiles(x86)=C:\Program Files (x86)\Common Files
CommonProgramW6432=C:\Program Files\Common Files
COMPUTERNAME=LAPTOP-L6H807T2
ComSpec=C:\WINDOWS\system32\cmd.exe
DriverData=C:\Windows\System32\Drivers\DriverData
EFC_5560_1262719628=1
EFC_5560_1592913036=1
EFC_5560_2283032206=1
EFC_5560_2775293581=1
EFC_5560_344590478=1
EFC_5560_3789132940=1
FPS_BROWSER_APP_PROFILE_STRING=Internet Explorer
FPS_BROWSER_USER_PROFILE_STRING=Default
HDI_APPROOT=C:/Xilinx/2025.1/Vitis
HDI_PROCESSOR=i686
HOME=C:\Users\seanr
HOMEDRIVE=C:
HOMEPATH=\Users\seanr
HW_SERVER_DJTG_DISABLE=1
HW_SERVER_FTDIMGR_DISABLE=1
IDE_SKIP_SERVER_LICENSE=1
IGCCSVC_DB=AQAAANCMnd8BFdERjHoAwE/Cl+sBAAAASuHE6ZYCpUS7prASMCI2NQQAAAACAAAAAAAQZgAAAAEAACAAAADHKLTq4+IP7s+afrxH9LD2tDVIWw91mvz/MY08ZsWLXwAAAAAOgAAAAAIAACAAAAC2ZJn0dSE9cjuc2yEADgZeovgnkCOg+mZjt/58vRVA+WAAAACy6w4Hrkb8VxuRFcjEZ7iq1UwioAOnqfHGdLb6tF1FPjzIvE7nH4oRVz3jzeEV4IFb+mD8notUNnfOG639NQRXtrqEMYMR6MsxpZwx0jTNAvNZmtP/upi6nNsjKAxGQpJAAAAA6X/1GZCcKDjIkkOg3419IK3L0It0U8g4wdRoJp6tHQ1YunBrTJlgBCKpe8D1VHrCKWNDXQXVT/3p4omlH9b1RA==
INT_VARIABLE_NAME=XILINX_PATH
ISL_IOSTREAMS_RSA=C:/Xilinx/2025.1/Vitis/tps/isl
JAVA_EXE=C:/Xilinx/2025.1/Vitis\tps\win64\jre11.0.16_1\bin\java.exe
JAVA_HOME=C:/Xilinx/2025.1/Vitis\tps\win64\jre11.0.16_1
LC_NUMERIC=C
LOCALAPPDATA=C:\Users\seanr\AppData\Local
LOGONSERVER=\\LAPTOP-L6H807T2
LOPPER_DTC_FLAGS=-b 0 -@
NIEXTCCOMPILERSUPP=C:\Program Files (x86)\National Instruments\Shared\ExternalCompilerSupport\C\
NOSPLASH=false
NUMBER_OF_PROCESSORS=4
OneDrive=C:\Users\seanr\OneDrive - University of Arizona
OneDriveCommercial=C:\Users\seanr\OneDrive - University of Arizona
OneDriveConsumer=C:\Users\seanr\OneDrive
OnlineServices=Online Services
ORIGINAL_XDG_CURRENT_DESKTOP=undefined
OS=Windows_NT
PATH=C:/Xilinx/2025.1/Vivado/tps/win64/binutils-2.26/bin;C:/Xilinx/2025.1/Vitis/bin/../gnu/aarch64/nt/aarch64-linux/bin;C:/Xilinx/2025.1/Vitis/bin/../gnu/ppc64le/4.9.3/win64/bin;C:/Xilinx/2025.1/Vitis/bin/../gnu/aarch32/nt/gcc-arm-linux-gnueabi/bin;C:/Xilinx/2025.1/Vitis/tps/mingw/6.2.0/win64.o/nt/bin;C:/Xilinx/2025.1/Vivado\gnuwin\bin;C:/Xilinx/2025.1/Vivado\gnu\microblaze\nt\bin;C:/Xilinx/2025.1/Vitis/bin;C:/Xilinx/2025.1/Vitis\tps\win64;C:/Xilinx/2025.1/Vitis/tps/win64/java-cef-95.0.4638.69/bin/lib/win64;C:/Xilinx/2025.1/Vitis/tps/win64/javafx-sdk-11.0.2/lib;C:/Xilinx/2025.1/Vitis/tps/win64/javafx-sdk-11.0.2/bin;C:/Xilinx/2025.1/Vitis/lib/win64.o;C:/Xilinx/2025.1/Vitis/tps/win64/jre11.0.16_1/bin/server;C:/Xilinx/2025.1/Vitis/tps/win64/jre11.0.16_1/bin;C:/Xilinx/2025.1/Vitis\tps\win64\cmake-3.24.2\bin;C:/Xilinx/2025.1/Vitis\gnu\microblaze\nt\bin;C:/Xilinx/2025.1/Vitis\gnu\microblaze\linux_toolchain\nt64_le\bin;C:/Xilinx/2025.1/Vitis\gnu\aarch32\nt\gcc-arm-linux-gnueabi\bin;C:/Xilinx/2025.1/Vitis\gnu\aarch32\nt\gcc-arm-none-eabi\bin;C:/Xilinx/2025.1/Vitis\gnu\aarch64\nt\aarch64-linux\bin;C:/Xilinx/2025.1/Vitis\gnu\aarch64\nt\aarch64-none\bin;C:/Xilinx/2025.1/Vitis\gnu\armr5\nt\gcc-arm-none-eabi\bin;C:/Xilinx/2025.1/Vitis\gnuwin\bin;C:/Xilinx/2025.1/Vitis\tps\win64\python-3.13.0;C:/Xilinx/2025.1/Vitis\tps\win64\libxslt\bin;C:/Xilinx/2025.1/Vitis\gnu\arm\nt\bin;C:/Xilinx/2025.1/Vitis\gnu\microblaze\linux_toolchain\nt64_be\bin;C:/Xilinx/2025.1/Vitis\gnu\riscv\nt\riscv64-unknown-elf\bin;C:/Xilinx/2025.1/Vivado\tps\win64\python-3.13.0;C:/Xilinx/2025.1/Vivado\tps\win64\git-2.46.0\bin;C:/Xilinx/2025.1/Vivado\tps\win64\cmake-3.24.2\bin;C:/Xilinx/2025.1/Vitis/win64/tools/vcxx\libexec;C:/Xilinx/2025.1/Vivado\tps\win64\jre11.0.16_1\bin;C:/Xilinx/2025.1/Vivado\tps\win64\libxslt/bin;C:\Program Files\Common Files\Oracle\Java\javapath;C:\WINDOWS\system32;C:\WINDOWS;C:\WINDOWS\System32\Wbem;C:\WINDOWS\System32\WindowsPowerShell\v1.0\;C:\WINDOWS\System32\OpenSSH\;C:\Program Files\Microsoft SQL Server\130\Tools\Binn\;C:\Program Files\Microsoft SQL Server\Client SDK\ODBC\170\Tools\Binn\;C:\Program Files (x86)\Microsoft SQL Server\150\Tools\Binn\;C:\Program Files\Microsoft SQL Server\150\Tools\Binn\;C:\Program Files\Microsoft SQL Server\150\DTS\Binn\;C:\Program Files (x86)\Windows Kits\8.1\Windows Performance Toolkit\;C:\Program Files\HP\HP One Agent;C:\Program Files\Java\jdk-22\bin;C:\Program Files\MATLAB\R2024b\bin;C:\Program Files\dotnet\;C:\Program Files (x86)\IVI Foundation\VISA\WinNT\Bin\;C:\Program Files\IVI Foundation\VISA\Win64\Bin\;C:\Program Files\nodejs\;c:\Users\seanr\AppData\Local\Programs\cursor\resources\app\codeBin;C:\Users\seanr\AppData\Local\Programs\Python\Python312\Scripts\;C:\Users\seanr\AppData\Local\Programs\Python\Python312\;C:\Users\seanr\AppData\Local\Microsoft\WindowsApps;C:\Users\seanr\AppData\Local\Programs\Microsoft VS Code\bin;C:\Users\seanr\AppData\Local\GitHubDesktop\bin;C:\Users\seanr\AppData\Local\Programs\Git\cmd;C:\Users\seanr\AppData\Roaming\Python\Python312\Scripts;C:\Users\seanr\AppData\Local\Python\bin;C:\Users\seanr\AppData\Roaming\npm;C:\Users\seanr\AppData\Local\Programs\cursor\resources\app\bin;C:/Xilinx/2025.1/Vitis\tps\mingw\6.2.0\win64.o\nt\bin;C:/Xilinx/2025.1/Vitis\tps\mingw\6.2.0\win64.o\nt\libexec\gcc\x86_64-w64-mingw32\6.2.0
PATHEXT=.COM;.EXE;.BAT;.CMD;.VBS;.VBE;.JS;.JSE;.WSF;.WSH;.MSC
platformcode=KV
PROCESSOR_ARCHITECTURE=AMD64
PROCESSOR_IDENTIFIER=Intel64 Family 6 Model 140 Stepping 1, GenuineIntel
PROCESSOR_LEVEL=6
PROCESSOR_REVISION=8c01
PRODVERSION_EXE=C:/Xilinx/2025.1/Vitis/bin/unwrapped/win64.o/prodversion.exe
ProgramData=C:\ProgramData
ProgramFiles=C:\Program Files
ProgramFiles(x86)=C:\Program Files (x86)
ProgramW6432=C:\Program Files
PROMPT=$P$G
PSModulePath=C:\Program Files\WindowsPowerShell\Modules;C:\WINDOWS\system32\WindowsPowerShell\v1.0\Modules;C:\Program Files (x86)\Microsoft SQL Server\150\Tools\PowerShell\Modules\
PUBLIC=C:\Users\Public
PYTHONPATH=C:/Xilinx/2025.1/Vitis\cli;C:/Xilinx/2025.1/Vitis\cli\python-packages\win64;C:/Xilinx/2025.1/Vitis\cli\python-packages\site-packages;C:/Xilinx/2025.1/Vitis\cli\proto;C:/Xilinx/2025.1/Vitis\scripts\python_pkg;
python_path=C:/Xilinx/2025.1/Vitis\cli;C:/Xilinx/2025.1/Vitis\cli\python-packages\win64;C:/Xilinx/2025.1/Vitis\cli\python-packages\site-packages;C:/Xilinx/2025.1/Vitis\cli\proto;C:/Xilinx/2025.1/Vitis\scripts\python_pkg;
RDI_APPROOT=C:/Xilinx/2025.1/Vitis
RDI_ARGS= --mode hls --csim --config C:\Users\seanr\vitis_projects\Lab3_MLP_optimization\baseline_blockedMM\hls_config.cfg --work_dir baseline_blockedMM
RDI_ARGS_FUNCTION=RDI_EXEC_DEFAULT
RDI_BASEROOT=C:/Xilinx/2025.1
RDI_BINDIR=C:/Xilinx/2025.1/Vitis/bin
RDI_BINROOT=C:/Xilinx/2025.1/Vitis/bin
RDI_BUILD=yes
RDI_CHECK_PROG=True
RDI_DATADIR=C:/Xilinx/2025.1/Vitis/data
RDI_INSTALLROOT=C:/Xilinx
RDI_INSTALLVER=Vitis
RDI_INSTALLVERSION=2025.1
RDI_JAVACEFROOT=C:/Xilinx/2025.1/Vitis/tps/win64/java-cef-95.0.4638.69
RDI_JAVAFXROOT=C:/Xilinx/2025.1/Vitis/tps/win64/javafx-sdk-11.0.2
RDI_JAVAROOT=C:/Xilinx/2025.1/Vitis/tps/win64/jre11.0.16_1
RDI_JAVA_VERSION=11.0.16_1
RDI_LIBDIR=C:/Xilinx/2025.1/Vitis/lib/win64.o
RDI_MINGW_LIB=C:/Xilinx/2025.1/Vitis\tps\mingw\6.2.0\win64.o\nt\bin;C:/Xilinx/2025.1/Vitis\tps\mingw\6.2.0\win64.o\nt\libexec\gcc\x86_64-w64-mingw32\6.2.0
RDI_OPT_EXT=.o
RDI_OS_ARCH=64
RDI_PLATFORM=win64
RDI_PREPEND_PATH=C:/Xilinx/2025.1/Vitis/bin
RDI_PROG=C:/Xilinx/2025.1/Vitis/bin/unwrapped/win64.o/vitis-run.exe
RDI_PROGNAME=vitis-run.exe
RDI_SESSION_INFO=C:\Xilinx\2025.1\Vitis\bin:LAPTOP-L6H807T2-Sat04-04-2026_12-22-10.80
RDI_SHARED_DATA=C:/Xilinx/SharedData/2025.1/data
RDI_TEMPINSTALL=C:\Xilinx\2025.1
RDI_TPS_ROOT=C:/Xilinx/2025.1/Vivado/tps/win64
RDI_USE_JDK11=1
RDI_VERBOSE=False
RegionCode=NA
RT_LIBPATH=C:/Xilinx/2025.1/Vitis/scripts/rt/data
RT_TCL_PATH=C:/Xilinx/2025.1/Vitis/scripts/rt/base_tcl/tcl
SESSIONNAME=Console
session_string=C:\Users\seanr\vitis_projects\Lab3_MLP_optimization\baseline_blockedMM:LAPTOP-L6H807T2-Sat04-04-2026_13-31-54.55
supports_classic_ide=true
SYNTH_COMMON=C:/Xilinx/2025.1/Vitis/scripts/rt/data
SystemDrive=C:
SystemRoot=C:\WINDOWS
TCL_LIBRARY=C:/Xilinx/2025.1/Vitis/tps/tcl/tcl8.6
TCMALLOC_LARGE_ALLOC_REPORT_THRESHOLD=4294967296
TEMP=C:\Users\seanr\AppData\Local\Temp
THEIA_APP_PROJECT_PATH=C:\Xilinx\2025.1\Vitis\ide\electron-app\win64\resources\app
THEIA_CONFIG_DIR=C:\Users\seanr\.theia
THEIA_DEFAULT_PLUGINS=local-dir:C:\Xilinx\2025.1\Vitis\ide\electron-app\win64\resources\app\plugins
THEIA_ELECTRON_TOKEN={"value":"57cc9824-c92a-41ce-aaef-7c7b78857f3d"}
THEIA_ELECTRON_VERSION=30.1.2
THEIA_PLUGINS=local-dir:C:\Users\seanr\.theia\plugins
TMP=C:\Users\seanr\AppData\Local\Temp
tooldir=tps\win64\git-2.46.0
TOOLS_CLANGD=C:/Xilinx/2025.1/Vitis/win64/tools/vcxx\libexec
TPS_CMAKE=C:/Xilinx/2025.1/Vivado\tps\win64\cmake-3.24.2
TPS_GIT=C:/Xilinx/2025.1/Vivado\tps\win64\git-2.46.0
TPS_LIBXSLT=C:/Xilinx/2025.1/Vivado\tps\win64\libxslt
TPS_PYTHON=C:/Xilinx/2025.1/Vivado\tps\win64\python-3.13.0
USERDOMAIN=LAPTOP-L6H807T2
USERDOMAIN_ROAMINGPROFILE=LAPTOP-L6H807T2
USERNAME=seanr
USERPROFILE=C:\Users\seanr
VALIDATE_ARGS="False"
VBOX_MSI_INSTALL_PATH=C:\Program Files\Oracle\VirtualBox\
VITISNEW=true
VSCODE_API_VERSION=1.95.3
VXIPNPPATH=C:\Program Files (x86)\IVI Foundation\VISA\
VXIPNPPATH64=C:\Program Files\IVI Foundation\VISA\
windir=C:\WINDOWS
XILINX_HLS=C:/Xilinx/2025.1/Vitis
XILINX_PLANAHEAD=C:/Xilinx/2025.1/Vitis
XILINX_SDK=C:/Xilinx/2025.1/Vitis
XILINX_VCXX=C:/Xilinx/2025.1/Vitis/win64/tools/vcxx
XILINX_VERSION_DEFAULT=2025.1
XILINX_VERSION_VITIS=2025.1
XILINX_VITIS=C:/Xilinx/2025.1/Vitis
XILINX_VITIS_GIT=C:/Xilinx/2025.1/Vivado\tps\win64\git-2.46.0\bin
XILINX_VITIS_VERSION=Vitis v2025.1 (64-bit)
XILINX_VIVADO=C:/Xilinx/2025.1/Vivado
XIL_CHECK_TCL_DEBUG=False
XIL_NO_OVERRIDE=0
XIL_SUPPRESS_OVERRIDE_WARNINGS=1
XVREDIST=C:/Xilinx/2025.1/Vitis\tps\win64\xvcredist.exe
ZES_ENABLE_SYSMAN=1
_RDI_BINROOT=C:\Xilinx\2025.1\Vitis\bin
_RDI_CWD=C:\Users\seanr\vitis_projects\Lab3_MLP_optimization\baseline_blockedMM
_RDI_DONT_SET_XILINX_AS_PATH=True
_RDI_VERSION_PROG=vitis-run
_valid=False
XILINX_CD_CONNECT_ID=53726
XILINX_CD_SESSION=0464e30c-fda3-4e2b-bd22-a2b9fa9727df


VITIS-RUN command line:
------------------------------------------
C:/Xilinx/2025.1/Vitis/bin/unwrapped/win64.o/vitis-run.exe --mode hls --csim --config C:\Users\seanr\vitis_projects\Lab3_MLP_optimization\baseline_blockedMM\hls_config.cfg --work_dir baseline_blockedMM 

FINAL PROGRAM OPTIONS
--config C:\Users\seanr\vitis_projects\Lab3_MLP_optimization\baseline_blockedMM\hls_config.cfg
--csim
--hls.flow_target vivado
--hls.package.output.format ip_catalog
--hls.package.output.syn false
--hls.syn.file ../MLP_baseline/mm.cpp
--hls.syn.file ../MLP_baseline/mm.h
--hls.tb.file ../MLP_baseline/first_layer_golden_output.txt
--hls.tb.file ../MLP_baseline/mm_test.cpp
--mode hls
--part xc7z020clg400-1
--work_dir baseline_blockedMM

PARSED COMMAND LINE OPTIONS
--mode hls 
--csim 
--config C:\Users\seanr\vitis_projects\Lab3_MLP_optimization\baseline_blockedMM\hls_config.cfg 
--work_dir baseline_blockedMM 

PARSED CONFIG FILE (1) OPTIONS
file: C:\Users\seanr\vitis_projects\Lab3_MLP_optimization\baseline_blockedMM\hls_config.cfg
part xc7z020clg400-1 
hls.flow_target vivado 
hls.package.output.format ip_catalog 
hls.package.output.syn false 
hls.syn.file ../MLP_baseline/mm.cpp 
hls.syn.file ../MLP_baseline/mm.h 
hls.tb.file ../MLP_baseline/first_layer_golden_output.txt 
hls.tb.file ../MLP_baseline/mm_test.cpp 


==========================================
new:  steps log generated by v++ for new launch 
timestamp: 04 Apr 2026 13:31:59

------------------------------------------
VITIS-RUN command line :
------------------------------------------
C:/Xilinx/2025.1/Vitis/bin/unwrapped/win64.o/vitis-run.exe --mode hls --csim --config C:\Users\seanr\vitis_projects\Lab3_MLP_optimization\baseline_blockedMM\hls_config.cfg --work_dir baseline_blockedMM 
  Options from -O    : 
  Options from *.ini : 
  Options from Hw Platform : 

==========================================
new:  steps log generated by v++ for new launch 
timestamp: 04 Apr 2026 13:34:10

------------------------------------------
VITIS-RUN command line :
------------------------------------------
C:/Xilinx/2025.1/Vitis/bin/unwrapped/win64.o/vitis-run.exe --mode hls --csim --config C:\Users\seanr\vitis_projects\Lab3_MLP_optimization\baseline_blockedMM\hls_config.cfg --work_dir baseline_blockedMM 
  Options from -O    : 
  Options from *.ini : 
  Options from Hw Platform : 

==========================================
new:  steps log generated by v++ for new launch 
timestamp: 04 Apr 2026 14:00:53

------------------------------------------
V++ command line :
------------------------------------------
C:/Xilinx/2025.1/Vitis/bin/unwrapped/win64.o/v++.exe -c --mode hls --config C:\Users\seanr\vitis_projects\Lab3_MLP_optimization\baseline_blockedMM\hls_config.cfg --work_dir baseline_blockedMM 
  Options from -O    : 
  Options from *.ini : 
  Options from Hw Platform : 

==========================================
new:  steps log generated by v++ for new launch 
timestamp: 04 Apr 2026 14:01:40

------------------------------------------
V++ command line :
------------------------------------------
C:/Xilinx/2025.1/Vitis/bin/unwrapped/win64.o/v++.exe -c --mode hls --config C:\Users\seanr\vitis_projects\Lab3_MLP_optimization\baseline_blockedMM\hls_config.cfg --work_dir baseline_blockedMM 
  Options from -O    : 
  Options from *.ini : 
  Options from Hw Platform : 

==========================================
new:  steps log generated by v++ for new launch 
timestamp: 04 Apr 2026 14:02:19

------------------------------------------
VITIS-RUN command line :
------------------------------------------
C:/Xilinx/2025.1/Vitis/bin/unwrapped/win64.o/vitis-run.exe --mode hls --cosim --config C:\Users\seanr\vitis_projects\Lab3_MLP_optimization\baseline_blockedMM\hls_config.cfg --work_dir baseline_blockedMM 
  Options from -O    : 
  Options from *.ini : 
  Options from Hw Platform : 

==========================================
new:  steps log generated by v++ for new launch 
timestamp: 04 Apr 2026 14:02:55

------------------------------------------
VITIS-RUN command line :
------------------------------------------
C:/Xilinx/2025.1/Vitis/bin/unwrapped/win64.o/vitis-run.exe --mode hls --csim --config C:\Users\seanr\vitis_projects\Lab3_MLP_optimization\baseline_blockedMM\hls_config.cfg --work_dir baseline_blockedMM 
  Options from -O    : 
  Options from *.ini : 
  Options from Hw Platform : 

==========================================
new:  steps log generated by v++ for new launch 
timestamp: 04 Apr 2026 14:13:42

------------------------------------------
V++ command line :
------------------------------------------
C:/Xilinx/2025.1/Vitis/bin/unwrapped/win64.o/v++.exe -c --mode hls --config C:\Users\seanr\vitis_projects\Lab3_MLP_optimization\baseline_blockedMM\hls_config.cfg --work_dir baseline_blockedMM 
  Options from -O    : 
  Options from *.ini : 
  Options from Hw Platform : 

==========================================
new:  steps log generated by v++ for new launch 
timestamp: 04 Apr 2026 14:14:02

------------------------------------------
VITIS-RUN command line :
------------------------------------------
C:/Xilinx/2025.1/Vitis/bin/unwrapped/win64.o/vitis-run.exe --mode hls --cosim --config C:\Users\seanr\vitis_projects\Lab3_MLP_optimization\baseline_blockedMM\hls_config.cfg --work_dir baseline_blockedMM 
  Options from -O    : 
  Options from *.ini : 
  Options from Hw Platform : 

==========================================
new:  steps log generated by v++ for new launch 
timestamp: 04 Apr 2026 14:14:42

------------------------------------------
V++ command line :
------------------------------------------
C:/Xilinx/2025.1/Vitis/bin/unwrapped/win64.o/v++.exe -c --mode hls --config C:\Users\seanr\vitis_projects\Lab3_MLP_optimization\baseline_blockedMM\hls_config.cfg --work_dir baseline_blockedMM 
  Options from -O    : 
  Options from *.ini : 
  Options from Hw Platform : 

==========================================
new:  steps log generated by v++ for new launch 
timestamp: 04 Apr 2026 14:18:12

------------------------------------------
VITIS-RUN command line :
------------------------------------------
C:/Xilinx/2025.1/Vitis/bin/unwrapped/win64.o/vitis-run.exe --mode hls --cosim --config C:\Users\seanr\vitis_projects\Lab3_MLP_optimization\baseline_blockedMM\hls_config.cfg --work_dir baseline_blockedMM 
  Options from -O    : 
  Options from *.ini : 
  Options from Hw Platform : 

==========================================
new:  steps log generated by v++ for new launch 
timestamp: 04 Apr 2026 14:18:56

------------------------------------------
VITIS-RUN command line :
------------------------------------------
C:/Xilinx/2025.1/Vitis/bin/unwrapped/win64.o/vitis-run.exe --mode hls --cosim --config C:\Users\seanr\vitis_projects\Lab3_MLP_optimization\baseline_blockedMM\hls_config.cfg --work_dir baseline_blockedMM 
  Options from -O    : 
  Options from *.ini : 
  Options from Hw Platform : 

==========================================
new:  steps log generated by v++ for new launch 
timestamp: 04 Apr 2026 14:25:00

------------------------------------------
VITIS-RUN command line :
------------------------------------------
C:/Xilinx/2025.1/Vitis/bin/unwrapped/win64.o/vitis-run.exe --mode hls --cosim --config C:\Users\seanr\vitis_projects\Lab3_MLP_optimization\baseline_blockedMM\hls_config.cfg --work_dir baseline_blockedMM 
  Options from -O    : 
  Options from *.ini : 
  Options from Hw Platform : 

==========================================
new:  steps log generated by v++ for new launch 
timestamp: 04 Apr 2026 14:27:06

------------------------------------------
V++ command line :
------------------------------------------
C:/Xilinx/2025.1/Vitis/bin/unwrapped/win64.o/v++.exe -c --mode hls --config C:\Users\seanr\vitis_projects\Lab3_MLP_optimization\baseline_blockedMM\hls_config.cfg --work_dir baseline_blockedMM 
  Options from -O    : 
  Options from *.ini : 
  Options from Hw Platform : 

==========================================
new:  steps log generated by v++ for new launch 
timestamp: 04 Apr 2026 14:30:51

------------------------------------------
VITIS-RUN command line :
------------------------------------------
C:/Xilinx/2025.1/Vitis/bin/unwrapped/win64.o/vitis-run.exe --mode hls --cosim --config C:\Users\seanr\vitis_projects\Lab3_MLP_optimization\baseline_blockedMM\hls_config.cfg --work_dir baseline_blockedMM 
  Options from -O    : 
  Options from *.ini : 
  Options from Hw Platform : 

==========================================
new:  steps log generated by v++ for new launch 
timestamp: 04 Apr 2026 14:31:35

------------------------------------------
V++ command line :
------------------------------------------
C:/Xilinx/2025.1/Vitis/bin/unwrapped/win64.o/v++.exe -c --mode hls --config C:\Users\seanr\vitis_projects\Lab3_MLP_optimization\baseline_blockedMM\hls_config.cfg --work_dir baseline_blockedMM 
  Options from -O    : 
  Options from *.ini : 
  Options from Hw Platform : 

==========================================
new:  steps log generated by v++ for new launch 
timestamp: 04 Apr 2026 14:38:52

------------------------------------------
V++ command line :
------------------------------------------
C:/Xilinx/2025.1/Vitis/bin/unwrapped/win64.o/v++.exe -c --mode hls --config C:\Users\seanr\vitis_projects\Lab3_MLP_optimization\baseline_blockedMM\hls_config.cfg --work_dir baseline_blockedMM 
  Options from -O    : 
  Options from *.ini : 
  Options from Hw Platform : 

==========================================
new:  steps log generated by v++ for new launch 
timestamp: 04 Apr 2026 14:44:05

------------------------------------------
VITIS-RUN command line :
------------------------------------------
C:/Xilinx/2025.1/Vitis/bin/unwrapped/win64.o/vitis-run.exe --mode hls --cosim --config C:\Users\seanr\vitis_projects\Lab3_MLP_optimization\baseline_blockedMM\hls_config.cfg --work_dir baseline_blockedMM 
  Options from -O    : 
  Options from *.ini : 
  Options from Hw Platform : 

==========================================
new:  steps log generated by v++ for new launch 
timestamp: 04 Apr 2026 14:44:48

------------------------------------------
V++ command line :
------------------------------------------
C:/Xilinx/2025.1/Vitis/bin/unwrapped/win64.o/v++.exe -c --mode hls --config C:\Users\seanr\vitis_projects\Lab3_MLP_optimization\baseline_blockedMM\hls_config.cfg --work_dir baseline_blockedMM 
  Options from -O    : 
  Options from *.ini : 
  Options from Hw Platform : 

==========================================
new:  steps log generated by v++ for new launch 
timestamp: 04 Apr 2026 14:58:55

------------------------------------------
VITIS-RUN command line :
------------------------------------------
C:/Xilinx/2025.1/Vitis/bin/unwrapped/win64.o/vitis-run.exe --mode hls --cosim --config C:\Users\seanr\vitis_projects\Lab3_MLP_optimization\baseline_blockedMM\hls_config.cfg --work_dir baseline_blockedMM 
  Options from -O    : 
  Options from *.ini : 
  Options from Hw Platform : 

==========================================
new:  steps log generated by v++ for new launch 
timestamp: 04 Apr 2026 15:01:00

------------------------------------------
V++ command line :
------------------------------------------
C:/Xilinx/2025.1/Vitis/bin/unwrapped/win64.o/v++.exe -c --mode hls --config C:\Users\seanr\vitis_projects\Lab3_MLP_optimization\baseline_blockedMM\hls_config.cfg --work_dir baseline_blockedMM 
  Options from -O    : 
  Options from *.ini : 
  Options from Hw Platform : 

==========================================
new:  steps log generated by v++ for new launch 
timestamp: 04 Apr 2026 15:03:46

------------------------------------------
VITIS-RUN command line :
------------------------------------------
C:/Xilinx/2025.1/Vitis/bin/unwrapped/win64.o/vitis-run.exe --mode hls --cosim --config C:\Users\seanr\vitis_projects\Lab3_MLP_optimization\baseline_blockedMM\hls_config.cfg --work_dir baseline_blockedMM 
  Options from -O    : 
  Options from *.ini : 
  Options from Hw Platform : 

==========================================
new:  steps log generated by v++ for new launch 
timestamp: 04 Apr 2026 15:05:59

------------------------------------------
VITIS-RUN command line :
------------------------------------------
C:/Xilinx/2025.1/Vitis/bin/unwrapped/win64.o/vitis-run.exe --mode hls --csim --config C:\Users\seanr\vitis_projects\Lab3_MLP_optimization\baseline_blockedMM\hls_config.cfg --work_dir baseline_blockedMM 
  Options from -O    : 
  Options from *.ini : 
  Options from Hw Platform : 

==========================================
new:  steps log generated by v++ for new launch 
timestamp: 04 Apr 2026 15:27:57

------------------------------------------
V++ command line :
------------------------------------------
C:/Xilinx/2025.1/Vitis/bin/unwrapped/win64.o/v++.exe -c --mode hls --config C:\Users\seanr\vitis_projects\Lab3_MLP_optimization\baseline_blockedMM\hls_config.cfg --work_dir baseline_blockedMM 
  Options from -O    : 
  Options from *.ini : 
  Options from Hw Platform : 

==========================================
new:  steps log generated by v++ for new launch 
timestamp: 04 Apr 2026 15:28:21

------------------------------------------
VITIS-RUN command line :
------------------------------------------
C:/Xilinx/2025.1/Vitis/bin/unwrapped/win64.o/vitis-run.exe --mode hls --cosim --config C:\Users\seanr\vitis_projects\Lab3_MLP_optimization\baseline_blockedMM\hls_config.cfg --work_dir baseline_blockedMM 
  Options from -O    : 
  Options from *.ini : 
  Options from Hw Platform : 

==========================================
new:  steps log generated by v++ for new launch 
timestamp: 04 Apr 2026 15:29:07

------------------------------------------
V++ command line :
------------------------------------------
C:/Xilinx/2025.1/Vitis/bin/unwrapped/win64.o/v++.exe -c --mode hls --config C:\Users\seanr\vitis_projects\Lab3_MLP_optimization\baseline_blockedMM\hls_config.cfg --work_dir baseline_blockedMM 
  Options from -O    : 
  Options from *.ini : 
  Options from Hw Platform : 

==========================================
new:  steps log generated by v++ for new launch 
timestamp: 04 Apr 2026 15:47:45

------------------------------------------
VITIS-RUN command line :
------------------------------------------
C:/Xilinx/2025.1/Vitis/bin/unwrapped/win64.o/vitis-run.exe --mode hls --cosim --config C:\Users\seanr\vitis_projects\Lab3_MLP_optimization\baseline_blockedMM\hls_config.cfg --work_dir baseline_blockedMM 
  Options from -O    : 
  Options from *.ini : 
  Options from Hw Platform : 

==========================================
new:  steps log generated by v++ for new launch 
timestamp: 04 Apr 2026 15:48:56

------------------------------------------
V++ command line :
------------------------------------------
C:/Xilinx/2025.1/Vitis/bin/unwrapped/win64.o/v++.exe -c --mode hls --config C:\Users\seanr\vitis_projects\Lab3_MLP_optimization\baseline_blockedMM\hls_config.cfg --work_dir baseline_blockedMM 
  Options from -O    : 
  Options from *.ini : 
  Options from Hw Platform : 

==========================================
new:  steps log generated by v++ for new launch 
timestamp: 04 Apr 2026 15:52:53

------------------------------------------
VITIS-RUN command line :
------------------------------------------
C:/Xilinx/2025.1/Vitis/bin/unwrapped/win64.o/vitis-run.exe --mode hls --cosim --config C:\Users\seanr\vitis_projects\Lab3_MLP_optimization\baseline_blockedMM\hls_config.cfg --work_dir baseline_blockedMM 
  Options from -O    : 
  Options from *.ini : 
  Options from Hw Platform : 

==========================================
new:  steps log generated by v++ for new launch 
timestamp: 04 Apr 2026 15:54:40

------------------------------------------
V++ command line :
------------------------------------------
C:/Xilinx/2025.1/Vitis/bin/unwrapped/win64.o/v++.exe -c --mode hls --config C:\Users\seanr\vitis_projects\Lab3_MLP_optimization\baseline_blockedMM\hls_config.cfg --work_dir baseline_blockedMM 
  Options from -O    : 
  Options from *.ini : 
  Options from Hw Platform : 

==========================================
new:  steps log generated by v++ for new launch 
timestamp: 04 Apr 2026 16:08:14

------------------------------------------
VITIS-RUN command line :
------------------------------------------
C:/Xilinx/2025.1/Vitis/bin/unwrapped/win64.o/vitis-run.exe --mode hls --cosim --config C:\Users\seanr\vitis_projects\Lab3_MLP_optimization\baseline_blockedMM\hls_config.cfg --work_dir baseline_blockedMM 
  Options from -O    : 
  Options from *.ini : 
  Options from Hw Platform : 

==========================================
new:  steps log generated by v++ for new launch 
timestamp: 04 Apr 2026 16:13:21

------------------------------------------
VITIS-RUN command line :
------------------------------------------
C:/Xilinx/2025.1/Vitis/bin/unwrapped/win64.o/vitis-run.exe --mode hls --package --config C:\Users\seanr\vitis_projects\Lab3_MLP_optimization\baseline_blockedMM\hls_config.cfg --work_dir baseline_blockedMM 
  Options from -O    : 
  Options from *.ini : 
  Options from Hw Platform : 

==========================================
new:  steps log generated by v++ for new launch 
timestamp: 04 Apr 2026 16:18:12

------------------------------------------
VITIS-RUN command line :
------------------------------------------
C:/Xilinx/2025.1/Vitis/bin/unwrapped/win64.o/vitis-run.exe --mode hls --impl --config C:\Users\seanr\vitis_projects\Lab3_MLP_optimization\baseline_blockedMM\hls_config.cfg --work_dir baseline_blockedMM 
  Options from -O    : 
  Options from *.ini : 
  Options from Hw Platform : 

==========================================
new:  steps log generated by v++ for new launch 
timestamp: 04 Apr 2026 16:19:46

------------------------------------------
VITIS-RUN command line :
------------------------------------------
T:/AMDDesignTools/2025.2/Vitis/bin/unwrapped/win64.o/vitis-run.exe --mode hls --csim --config T:\Documents\ECE574\Labs\clab\baseline_blockedMM\hls_config.cfg --work_dir baseline_blockedMM 
  Options from -O    : 
  Options from *.ini : 
  Options from Hw Platform : 

==========================================
new:  steps log generated by v++ for new launch 
timestamp: 05 Apr 2026 18:11:42

------------------------------------------
VITIS-RUN command line :
------------------------------------------
T:/AMDDesignTools/2025.2/Vitis/bin/unwrapped/win64.o/vitis-run.exe --mode hls --csim --config T:\Documents\ECE574\Labs\MLP_accelerator\baseline_blockedMM\hls_config.cfg --work_dir baseline_blockedMM 
  Options from -O    : 
  Options from *.ini : 
  Options from Hw Platform : 

==========================================
new:  steps log generated by v++ for new launch 
timestamp: 06 Apr 2026 09:08:59

------------------------------------------
V++ command line :
------------------------------------------
T:/AMDDesignTools/2025.2/Vitis/bin/unwrapped/win64.o/v++.exe -c --mode hls --config T:\Documents\ECE574\Labs\MLP_accelerator\baseline_blockedMM\hls_config.cfg --work_dir baseline_blockedMM 
  Options from -O    : 
  Options from *.ini : 
  Options from Hw Platform : 

==========================================
new:  steps log generated by v++ for new launch 
timestamp: 06 Apr 2026 09:09:27

------------------------------------------
V++ command line :
------------------------------------------
T:/AMDDesignTools/2025.2/Vitis/bin/unwrapped/win64.o/v++.exe -c --mode hls --config T:\Documents\ECE574\Labs\MLP_accelerator\baseline_blockedMM\hls_config.cfg --work_dir baseline_blockedMM 
  Options from -O    : 
  Options from *.ini : 
  Options from Hw Platform : 

==========================================
new:  steps log generated by v++ for new launch 
timestamp: 06 Apr 2026 09:12:26

------------------------------------------
VITIS-RUN command line :
------------------------------------------
T:/AMDDesignTools/2025.2/Vitis/bin/unwrapped/win64.o/vitis-run.exe --mode hls --csim --config T:\Documents\ECE574\Labs\MLP_accelerator\baseline_blockedMM\hls_config.cfg --work_dir baseline_blockedMM 
  Options from -O    : 
  Options from *.ini : 
  Options from Hw Platform : 

==========================================
new:  steps log generated by v++ for new launch 
timestamp: 06 Apr 2026 12:20:32

------------------------------------------
V++ command line :
------------------------------------------
T:/AMDDesignTools/2025.2/Vitis/bin/unwrapped/win64.o/v++.exe -c --mode hls --config T:\Documents\ECE574\Labs\MLP_accelerator\baseline_blockedMM\hls_config.cfg --work_dir baseline_blockedMM 
  Options from -O    : 
  Options from *.ini : 
  Options from Hw Platform : 

==========================================
new:  steps log generated by v++ for new launch 
timestamp: 06 Apr 2026 12:20:56

------------------------------------------
V++ command line :
------------------------------------------
T:/AMDDesignTools/2025.2/Vitis/bin/unwrapped/win64.o/v++.exe -c --mode hls --config T:\Documents\ECE574\Labs\MLP_accelerator\baseline_blockedMM\hls_config.cfg --work_dir baseline_blockedMM 
  Options from -O    : 
  Options from *.ini : 
  Options from Hw Platform : 

==========================================
new:  steps log generated by v++ for new launch 
timestamp: 06 Apr 2026 12:35:41

------------------------------------------
V++ command line :
------------------------------------------
T:/AMDDesignTools/2025.2/Vitis/bin/unwrapped/win64.o/v++.exe -c --mode hls --config T:\Documents\ECE574\Labs\MLP_accelerator\baseline_blockedMM\hls_config.cfg --work_dir baseline_blockedMM 
  Options from -O    : 
  Options from *.ini : 
  Options from Hw Platform : 

==========================================
new:  steps log generated by v++ for new launch 
timestamp: 06 Apr 2026 13:21:06

------------------------------------------
VITIS-RUN command line :
------------------------------------------
T:/AMDDesignTools/2025.2/Vitis/bin/unwrapped/win64.o/vitis-run.exe --mode hls --csim --config Z:\Labs\clab\baseline_blockedMM\hls_config.cfg --work_dir baseline_blockedMM 
  Options from -O    : 
  Options from *.ini : 
  Options from Hw Platform : 

==========================================
new:  steps log generated by v++ for new launch 
timestamp: 06 Apr 2026 18:09:13

------------------------------------------
V++ command line :
------------------------------------------
T:/AMDDesignTools/2025.2/Vitis/bin/unwrapped/win64.o/v++.exe -c --mode hls --config Z:\Labs\clab\baseline_blockedMM\hls_config.cfg --work_dir baseline_blockedMM 
  Options from -O    : 
  Options from *.ini : 
  Options from Hw Platform : 

==========================================
new:  steps log generated by v++ for new launch 
timestamp: 06 Apr 2026 18:10:21

------------------------------------------
V++ command line :
------------------------------------------
T:/AMDDesignTools/2025.2/Vitis/bin/unwrapped/win64.o/v++.exe -c --mode hls --config Z:\Labs\clab\baseline_blockedMM\hls_config.cfg --work_dir baseline_blockedMM 
  Options from -O    : 
  Options from *.ini : 
  Options from Hw Platform : 

==========================================
new:  steps log generated by v++ for new launch 
timestamp: 06 Apr 2026 18:16:54

------------------------------------------
VITIS-RUN command line :
------------------------------------------
T:/AMDDesignTools/2025.2/Vitis/bin/unwrapped/win64.o/vitis-run.exe --mode hls --cosim --config Z:\Labs\clab\baseline_blockedMM\hls_config.cfg --work_dir baseline_blockedMM 
  Options from -O    : 
  Options from *.ini : 
  Options from Hw Platform : 

==========================================
new:  steps log generated by v++ for new launch 
timestamp: 06 Apr 2026 18:18:22

------------------------------------------
VITIS-RUN command line :
------------------------------------------
T:/AMDDesignTools/2025.2/Vitis/bin/unwrapped/win64.o/vitis-run.exe --mode hls --csim --config Z:\Labs\clab\baseline_blockedMM\hls_config.cfg --work_dir baseline_blockedMM 
  Options from -O    : 
  Options from *.ini : 
  Options from Hw Platform : 

==========================================
new:  steps log generated by v++ for new launch 
timestamp: 06 Apr 2026 18:29:40

------------------------------------------
V++ command line :
------------------------------------------
T:/AMDDesignTools/2025.2/Vitis/bin/unwrapped/win64.o/v++.exe -c --mode hls --config Z:\Labs\clab\baseline_blockedMM\hls_config.cfg --work_dir baseline_blockedMM 
  Options from -O    : 
  Options from *.ini : 
  Options from Hw Platform : 

==========================================
new:  steps log generated by v++ for new launch 
timestamp: 06 Apr 2026 18:30:01

------------------------------------------
VITIS-RUN command line :
------------------------------------------
T:/AMDDesignTools/2025.2/Vitis/bin/unwrapped/win64.o/vitis-run.exe --mode hls --cosim --config Z:\Labs\clab\baseline_blockedMM\hls_config.cfg --work_dir baseline_blockedMM 
  Options from -O    : 
  Options from *.ini : 
  Options from Hw Platform : 

==========================================
new:  steps log generated by v++ for new launch 
timestamp: 06 Apr 2026 18:31:00

------------------------------------------
VITIS-RUN command line :
------------------------------------------
T:/AMDDesignTools/2025.2/Vitis/bin/unwrapped/win64.o/vitis-run.exe --mode hls --csim --config Z:\Labs\clab\baseline_blockedMM\hls_config.cfg --work_dir baseline_blockedMM 
  Options from -O    : 
  Options from *.ini : 
  Options from Hw Platform : 

==========================================
new:  steps log generated by v++ for new launch 
timestamp: 06 Apr 2026 18:32:49

------------------------------------------
V++ command line :
------------------------------------------
T:/AMDDesignTools/2025.2/Vitis/bin/unwrapped/win64.o/v++.exe -c --mode hls --config Z:\Labs\clab\baseline_blockedMM\hls_config.cfg --work_dir baseline_blockedMM 
  Options from -O    : 
  Options from *.ini : 
  Options from Hw Platform : 

==========================================
new:  steps log generated by v++ for new launch 
timestamp: 06 Apr 2026 18:33:13

------------------------------------------
VITIS-RUN command line :
------------------------------------------
T:/AMDDesignTools/2025.2/Vitis/bin/unwrapped/win64.o/vitis-run.exe --mode hls --cosim --config Z:\Labs\clab\baseline_blockedMM\hls_config.cfg --work_dir baseline_blockedMM 
  Options from -O    : 
  Options from *.ini : 
  Options from Hw Platform : 

==========================================
new:  steps log generated by v++ for new launch 
timestamp: 06 Apr 2026 18:34:13

------------------------------------------
VITIS-RUN command line :
------------------------------------------
T:/AMDDesignTools/2025.2/Vitis/bin/unwrapped/win64.o/vitis-run.exe --mode hls --package --config Z:\Labs\clab\baseline_blockedMM\hls_config.cfg --work_dir baseline_blockedMM 
  Options from -O    : 
  Options from *.ini : 
  Options from Hw Platform : 

==========================================
new:  steps log generated by v++ for new launch 
timestamp: 06 Apr 2026 18:36:17

------------------------------------------
VITIS-RUN command line :
------------------------------------------
T:/AMDDesignTools/2025.2/Vitis/bin/unwrapped/win64.o/vitis-run.exe --mode hls --impl --config Z:\Labs\clab\baseline_blockedMM\hls_config.cfg --work_dir baseline_blockedMM 
  Options from -O    : 
  Options from *.ini : 
  Options from Hw Platform : 

==========================================
new:  steps log generated by v++ for new launch 
timestamp: 06 Apr 2026 18:37:06

------------------------------------------
VITIS-RUN command line :
------------------------------------------
T:/AMDDesignTools/2025.2/Vitis/bin/unwrapped/win64.o/vitis-run.exe --mode hls --csim --config Z:\Labs\clab\baseline_blockedMM\hls_config.cfg --work_dir baseline_blockedMM 
  Options from -O    : 
  Options from *.ini : 
  Options from Hw Platform : 

==========================================
new:  steps log generated by v++ for new launch 
timestamp: 08 Apr 2026 12:00:53

------------------------------------------
V++ command line :
------------------------------------------
T:/AMDDesignTools/2025.2/Vitis/bin/unwrapped/win64.o/v++.exe -c --mode hls --config Z:\Labs\clab\baseline_blockedMM\hls_config.cfg --work_dir baseline_blockedMM 
  Options from -O    : 
  Options from *.ini : 
  Options from Hw Platform : 

==========================================
new:  steps log generated by v++ for new launch 
timestamp: 08 Apr 2026 12:01:28

------------------------------------------
VITIS-RUN command line :
------------------------------------------
T:/AMDDesignTools/2025.2/Vitis/bin/unwrapped/win64.o/vitis-run.exe --mode hls --csim --config Z:\Labs\clab\baseline_blockedMM\hls_config.cfg --work_dir baseline_blockedMM 
  Options from -O    : 
  Options from *.ini : 
  Options from Hw Platform : 

==========================================
new:  steps log generated by v++ for new launch 
timestamp: 08 Apr 2026 12:05:31

------------------------------------------
V++ command line :
------------------------------------------
T:/AMDDesignTools/2025.2/Vitis/bin/unwrapped/win64.o/v++.exe -c --mode hls --config Z:\Labs\clab\baseline_blockedMM\hls_config.cfg --work_dir baseline_blockedMM 
  Options from -O    : 
  Options from *.ini : 
  Options from Hw Platform : 

==========================================
new:  steps log generated by v++ for new launch 
timestamp: 08 Apr 2026 12:06:28

------------------------------------------
VITIS-RUN command line :
------------------------------------------
T:/AMDDesignTools/2025.2/Vitis/bin/unwrapped/win64.o/vitis-run.exe --mode hls --cosim --config Z:\Labs\clab\baseline_blockedMM\hls_config.cfg --work_dir baseline_blockedMM 
  Options from -O    : 
  Options from *.ini : 
  Options from Hw Platform : 

==========================================
new:  steps log generated by v++ for new launch 
timestamp: 08 Apr 2026 12:09:08

------------------------------------------
VITIS-RUN command line :
------------------------------------------
T:/AMDDesignTools/2025.2/Vitis/bin/unwrapped/win64.o/vitis-run.exe --mode hls --cosim --config Z:\Labs\clab\baseline_blockedMM\hls_config.cfg --work_dir baseline_blockedMM 
  Options from -O    : 
  Options from *.ini : 
  Options from Hw Platform : 

==========================================
new:  steps log generated by v++ for new launch 
timestamp: 08 Apr 2026 12:12:24

------------------------------------------
VITIS-RUN command line :
------------------------------------------
T:/AMDDesignTools/2025.2/Vitis/bin/unwrapped/win64.o/vitis-run.exe --mode hls --csim --config Z:\Labs\clab\baseline_blockedMM\hls_config.cfg --work_dir baseline_blockedMM 
  Options from -O    : 
  Options from *.ini : 
  Options from Hw Platform : 

==========================================
new:  steps log generated by v++ for new launch 
timestamp: 08 Apr 2026 12:12:49

------------------------------------------
V++ command line :
------------------------------------------
T:/AMDDesignTools/2025.2/Vitis/bin/unwrapped/win64.o/v++.exe -c --mode hls --config Z:\Labs\clab\baseline_blockedMM\hls_config.cfg --work_dir baseline_blockedMM 
  Options from -O    : 
  Options from *.ini : 
  Options from Hw Platform : 

==========================================
new:  steps log generated by v++ for new launch 
timestamp: 08 Apr 2026 12:13:28

------------------------------------------
VITIS-RUN command line :
------------------------------------------
T:/AMDDesignTools/2025.2/Vitis/bin/unwrapped/win64.o/vitis-run.exe --mode hls --cosim --config Z:\Labs\clab\baseline_blockedMM\hls_config.cfg --work_dir baseline_blockedMM 
  Options from -O    : 
  Options from *.ini : 
  Options from Hw Platform : 

==========================================
new:  steps log generated by v++ for new launch 
timestamp: 08 Apr 2026 12:14:29

------------------------------------------
VITIS-RUN command line :
------------------------------------------
T:/AMDDesignTools/2025.2/Vitis/bin/unwrapped/win64.o/vitis-run.exe --mode hls --csim --config Z:\Labs\clab\baseline_blockedMM\hls_config.cfg --work_dir baseline_blockedMM 
  Options from -O    : 
  Options from *.ini : 
  Options from Hw Platform : 

==========================================
new:  steps log generated by v++ for new launch 
timestamp: 08 Apr 2026 12:26:49

------------------------------------------
V++ command line :
------------------------------------------
T:/AMDDesignTools/2025.2/Vitis/bin/unwrapped/win64.o/v++.exe -c --mode hls --config Z:\Labs\clab\baseline_blockedMM\hls_config.cfg --work_dir baseline_blockedMM 
  Options from -O    : 
  Options from *.ini : 
  Options from Hw Platform : 

==========================================
new:  steps log generated by v++ for new launch 
timestamp: 08 Apr 2026 12:27:21

------------------------------------------
VITIS-RUN command line :
------------------------------------------
T:/AMDDesignTools/2025.2/Vitis/bin/unwrapped/win64.o/vitis-run.exe --mode hls --cosim --config Z:\Labs\clab\baseline_blockedMM\hls_config.cfg --work_dir baseline_blockedMM 
  Options from -O    : 
  Options from *.ini : 
  Options from Hw Platform : 

==========================================
new:  steps log generated by v++ for new launch 
timestamp: 08 Apr 2026 12:30:52

------------------------------------------
V++ command line :
------------------------------------------
T:/AMDDesignTools/2025.2/Vitis/bin/unwrapped/win64.o/v++.exe -c --mode hls --config Z:\Labs\clab\baseline_blockedMM\hls_config.cfg --work_dir baseline_blockedMM 
  Options from -O    : 
  Options from *.ini : 
  Options from Hw Platform : 

==========================================
new:  steps log generated by v++ for new launch 
timestamp: 08 Apr 2026 12:36:25

------------------------------------------
V++ command line :
------------------------------------------
T:/AMDDesignTools/2025.2/Vitis/bin/unwrapped/win64.o/v++.exe -c --mode hls --config Z:\Labs\clab\baseline_blockedMM\hls_config.cfg --work_dir baseline_blockedMM 
  Options from -O    : 
  Options from *.ini : 
  Options from Hw Platform : 

==========================================
new:  steps log generated by v++ for new launch 
timestamp: 08 Apr 2026 12:38:15

------------------------------------------
VITIS-RUN command line :
------------------------------------------
T:/AMDDesignTools/2025.2/Vitis/bin/unwrapped/win64.o/vitis-run.exe --mode hls --csim --config Z:\Labs\clab\baseline_blockedMM\hls_config.cfg --work_dir baseline_blockedMM 
  Options from -O    : 
  Options from *.ini : 
  Options from Hw Platform : 

==========================================
new:  steps log generated by v++ for new launch 
timestamp: 08 Apr 2026 12:39:39

------------------------------------------
V++ command line :
------------------------------------------
T:/AMDDesignTools/2025.2/Vitis/bin/unwrapped/win64.o/v++.exe -c --mode hls --config Z:\Labs\clab\baseline_blockedMM\hls_config.cfg --work_dir baseline_blockedMM 
  Options from -O    : 
  Options from *.ini : 
  Options from Hw Platform : 

==========================================
new:  steps log generated by v++ for new launch 
timestamp: 08 Apr 2026 12:40:44

------------------------------------------
V++ command line :
------------------------------------------
T:/AMDDesignTools/2025.2/Vitis/bin/unwrapped/win64.o/v++.exe -c --mode hls --config Z:\Labs\clab\baseline_blockedMM\hls_config.cfg --work_dir baseline_blockedMM 
  Options from -O    : 
  Options from *.ini : 
  Options from Hw Platform : 

==========================================
new:  steps log generated by v++ for new launch 
timestamp: 08 Apr 2026 12:45:51

------------------------------------------
VITIS-RUN command line :
------------------------------------------
T:/AMDDesignTools/2025.2/Vitis/bin/unwrapped/win64.o/vitis-run.exe --mode hls --cosim --config Z:\Labs\clab\baseline_blockedMM\hls_config.cfg --work_dir baseline_blockedMM 
  Options from -O    : 
  Options from *.ini : 
  Options from Hw Platform : 

==========================================
new:  steps log generated by v++ for new launch 
timestamp: 08 Apr 2026 12:47:04

------------------------------------------
VITIS-RUN command line :
------------------------------------------
T:/AMDDesignTools/2025.2/Vitis/bin/unwrapped/win64.o/vitis-run.exe --mode hls --package --config Z:\Labs\clab\baseline_blockedMM\hls_config.cfg --work_dir baseline_blockedMM 
  Options from -O    : 
  Options from *.ini : 
  Options from Hw Platform : 

==========================================
new:  steps log generated by v++ for new launch 
timestamp: 08 Apr 2026 12:49:42

------------------------------------------
VITIS-RUN command line :
------------------------------------------
T:/AMDDesignTools/2025.2/Vitis/bin/unwrapped/win64.o/vitis-run.exe --mode hls --impl --config Z:\Labs\clab\baseline_blockedMM\hls_config.cfg --work_dir baseline_blockedMM 
  Options from -O    : 
  Options from *.ini : 
  Options from Hw Platform : 

==========================================
new:  steps log generated by v++ for new launch 
timestamp: 08 Apr 2026 12:50:30
