  **** HLS Build v2025.1 6135595
INFO: [HLS 200-2005] Using work_dir C:/Users/seanr/vitis_projects/Lab3_MLP_optimization/baseline_blockedMM/baseline_blockedMM 
INFO: [HLS 200-2176] Writing Vitis IDE component file C:/Users/seanr/vitis_projects/Lab3_MLP_optimization/baseline_blockedMM/baseline_blockedMM/vitis-comp.json
INFO: [HLS 200-10] Creating and opening component 'C:/Users/seanr/vitis_projects/Lab3_MLP_optimization/baseline_blockedMM/baseline_blockedMM'.
INFO: [HLS 200-1505] Using default flow_target 'vivado'
Resolution: For help on HLS 200-1505 see docs.xilinx.com/access/sources/dita/topic?Doc_Version=2025.1%20English&url=ug1448-hls-guidance&resourceid=200-1505.html
INFO: [HLS 200-2174] Applying component config ini file C:/Users/seanr/vitis_projects/Lab3_MLP_optimization/baseline_blockedMM/hls_config.cfg
INFO: [HLS 200-1465] Applying config ini 'syn.file=../MLP_baseline/mm.cpp' from C:/Users/seanr/vitis_projects/Lab3_MLP_optimization/baseline_blockedMM/hls_config.cfg(7)
INFO: [HLS 200-10] Adding design file 'C:/Users/seanr/vitis_projects/Lab3_MLP_optimization/MLP_baseline/mm.cpp' to the project
INFO: [HLS 200-1465] Applying config ini 'syn.file=../MLP_baseline/mm.h' from C:/Users/seanr/vitis_projects/Lab3_MLP_optimization/baseline_blockedMM/hls_config.cfg(8)
INFO: [HLS 200-10] Adding design file 'C:/Users/seanr/vitis_projects/Lab3_MLP_optimization/MLP_baseline/mm.h' to the project
INFO: [HLS 200-1465] Applying config ini 'tb.file=../MLP_baseline/first_layer_golden_output.txt' from C:/Users/seanr/vitis_projects/Lab3_MLP_optimization/baseline_blockedMM/hls_config.cfg(9)
INFO: [HLS 200-10] Adding test bench file 'C:/Users/seanr/vitis_projects/Lab3_MLP_optimization/MLP_baseline/first_layer_golden_output.txt' to the project
INFO: [HLS 200-1465] Applying config ini 'tb.file=../MLP_baseline/mm_test.cpp' from C:/Users/seanr/vitis_projects/Lab3_MLP_optimization/baseline_blockedMM/hls_config.cfg(10)
INFO: [HLS 200-10] Adding test bench file 'C:/Users/seanr/vitis_projects/Lab3_MLP_optimization/MLP_baseline/mm_test.cpp' to the project
INFO: [HLS 200-1465] Applying config ini 'tb.file=../MLP_baseline/mnist_images_int.txt' from C:/Users/seanr/vitis_projects/Lab3_MLP_optimization/baseline_blockedMM/hls_config.cfg(11)
INFO: [HLS 200-10] Adding test bench file 'C:/Users/seanr/vitis_projects/Lab3_MLP_optimization/MLP_baseline/mnist_images_int.txt' to the project
INFO: [HLS 200-1465] Applying config ini 'tb.file=../MLP_baseline/weights_layer1.txt' from C:/Users/seanr/vitis_projects/Lab3_MLP_optimization/baseline_blockedMM/hls_config.cfg(12)
INFO: [HLS 200-10] Adding test bench file 'C:/Users/seanr/vitis_projects/Lab3_MLP_optimization/MLP_baseline/weights_layer1.txt' to the project
INFO: [HLS 200-1465] Applying config ini 'tb.file=../MLP_baseline/weights_layer2.txt' from C:/Users/seanr/vitis_projects/Lab3_MLP_optimization/baseline_blockedMM/hls_config.cfg(13)
INFO: [HLS 200-10] Adding test bench file 'C:/Users/seanr/vitis_projects/Lab3_MLP_optimization/MLP_baseline/weights_layer2.txt' to the project
INFO: [HLS 200-1465] Applying config ini 'tb.file=../MLP_baseline/weights_layer3.txt' from C:/Users/seanr/vitis_projects/Lab3_MLP_optimization/baseline_blockedMM/hls_config.cfg(14)
INFO: [HLS 200-10] Adding test bench file 'C:/Users/seanr/vitis_projects/Lab3_MLP_optimization/MLP_baseline/weights_layer3.txt' to the project
INFO: [HLS 200-1465] Applying config ini 'syn.top=MM' from C:/Users/seanr/vitis_projects/Lab3_MLP_optimization/baseline_blockedMM/hls_config.cfg(15)
INFO: [HLS 200-1465] Applying config ini 'flow_target=vivado' from C:/Users/seanr/vitis_projects/Lab3_MLP_optimization/baseline_blockedMM/hls_config.cfg(4)
INFO: [HLS 200-1505] Using flow_target 'vivado'
Resolution: For help on HLS 200-1505 see docs.xilinx.com/access/sources/dita/topic?Doc_Version=2025.1%20English&url=ug1448-hls-guidance&resourceid=200-1505.html
INFO: [HLS 200-1465] Applying config ini 'part=xc7z020clg400-1' from C:/Users/seanr/vitis_projects/Lab3_MLP_optimization/baseline_blockedMM/hls_config.cfg(1)
INFO: [HLS 200-1611] Setting target device to 'xc7z020-clg400-1'
INFO: [HLS 200-1465] Applying config ini 'package.output.format=ip_catalog' from C:/Users/seanr/vitis_projects/Lab3_MLP_optimization/baseline_blockedMM/hls_config.cfg(5)
INFO: [HLS 200-2176] Writing Vitis IDE component file C:/Users/seanr/vitis_projects/Lab3_MLP_optimization/baseline_blockedMM/baseline_blockedMM/vitis-comp.json
INFO: [HLS 200-111] Finished File checks and directory preparation: CPU user time: 2 seconds. CPU system time: 2 seconds. Elapsed time: 6.78 seconds; current allocated memory: 164.312 MB.
INFO: [HLS 200-10] Analyzing design file '../MLP_baseline/mm.cpp' ... 
INFO: [HLS 200-111] Finished Source Code Analysis and Preprocessing: CPU user time: 0 seconds. CPU system time: 0 seconds. Elapsed time: 6.255 seconds; current allocated memory: 166.812 MB.
INFO: [HLS 200-777] Using interface defaults for 'Vivado' flow target.
INFO: [HLS 200-1995] There were 181 instructions in the design after the 'Compile/Link' phase of compilation. See the Design Size Report for more details (C:/Users/seanr/vitis_projects/Lab3_MLP_optimization/baseline_blockedMM/baseline_blockedMM/hls/syn/report/csynth_design_size.rpt:2)
INFO: [HLS 200-1995] There were 143 instructions in the design after the 'Unroll/Inline (step 1)' phase of compilation. See the Design Size Report for more details (C:/Users/seanr/vitis_projects/Lab3_MLP_optimization/baseline_blockedMM/baseline_blockedMM/hls/syn/report/csynth_design_size.rpt:2)
INFO: [HLS 200-1995] There were 126 instructions in the design after the 'Unroll/Inline (step 2)' phase of compilation. See the Design Size Report for more details (C:/Users/seanr/vitis_projects/Lab3_MLP_optimization/baseline_blockedMM/baseline_blockedMM/hls/syn/report/csynth_design_size.rpt:2)
INFO: [HLS 200-1995] There were 123 instructions in the design after the 'Unroll/Inline (step 3)' phase of compilation. See the Design Size Report for more details (C:/Users/seanr/vitis_projects/Lab3_MLP_optimization/baseline_blockedMM/baseline_blockedMM/hls/syn/report/csynth_design_size.rpt:2)
INFO: [HLS 200-1995] There were 123 instructions in the design after the 'Unroll/Inline (step 4)' phase of compilation. See the Design Size Report for more details (C:/Users/seanr/vitis_projects/Lab3_MLP_optimization/baseline_blockedMM/baseline_blockedMM/hls/syn/report/csynth_design_size.rpt:2)
INFO: [HLS 200-1995] There were 124 instructions in the design after the 'Array/Struct (step 1)' phase of compilation. See the Design Size Report for more details (C:/Users/seanr/vitis_projects/Lab3_MLP_optimization/baseline_blockedMM/baseline_blockedMM/hls/syn/report/csynth_design_size.rpt:2)
INFO: [HLS 200-1995] There were 124 instructions in the design after the 'Array/Struct (step 2)' phase of compilation. See the Design Size Report for more details (C:/Users/seanr/vitis_projects/Lab3_MLP_optimization/baseline_blockedMM/baseline_blockedMM/hls/syn/report/csynth_design_size.rpt:2)
INFO: [HLS 200-1995] There were 124 instructions in the design after the 'Array/Struct (step 3)' phase of compilation. See the Design Size Report for more details (C:/Users/seanr/vitis_projects/Lab3_MLP_optimization/baseline_blockedMM/baseline_blockedMM/hls/syn/report/csynth_design_size.rpt:2)
INFO: [HLS 200-1995] There were 124 instructions in the design after the 'Array/Struct (step 4)' phase of compilation. See the Design Size Report for more details (C:/Users/seanr/vitis_projects/Lab3_MLP_optimization/baseline_blockedMM/baseline_blockedMM/hls/syn/report/csynth_design_size.rpt:2)
INFO: [HLS 200-1995] There were 135 instructions in the design after the 'Array/Struct (step 5)' phase of compilation. See the Design Size Report for more details (C:/Users/seanr/vitis_projects/Lab3_MLP_optimization/baseline_blockedMM/baseline_blockedMM/hls/syn/report/csynth_design_size.rpt:2)
INFO: [HLS 200-1995] There were 135 instructions in the design after the 'Performance (step 1)' phase of compilation. See the Design Size Report for more details (C:/Users/seanr/vitis_projects/Lab3_MLP_optimization/baseline_blockedMM/baseline_blockedMM/hls/syn/report/csynth_design_size.rpt:2)
INFO: [HLS 200-1995] There were 235 instructions in the design after the 'Performance (step 2)' phase of compilation. See the Design Size Report for more details (C:/Users/seanr/vitis_projects/Lab3_MLP_optimization/baseline_blockedMM/baseline_blockedMM/hls/syn/report/csynth_design_size.rpt:2)
INFO: [HLS 200-1995] There were 822 instructions in the design after the 'Performance (step 3)' phase of compilation. See the Design Size Report for more details (C:/Users/seanr/vitis_projects/Lab3_MLP_optimization/baseline_blockedMM/baseline_blockedMM/hls/syn/report/csynth_design_size.rpt:2)
INFO: [HLS 200-1995] There were 342 instructions in the design after the 'Performance (step 4)' phase of compilation. See the Design Size Report for more details (C:/Users/seanr/vitis_projects/Lab3_MLP_optimization/baseline_blockedMM/baseline_blockedMM/hls/syn/report/csynth_design_size.rpt:2)
INFO: [HLS 200-1995] There were 358 instructions in the design after the 'HW Transforms (step 1)' phase of compilation. See the Design Size Report for more details (C:/Users/seanr/vitis_projects/Lab3_MLP_optimization/baseline_blockedMM/baseline_blockedMM/hls/syn/report/csynth_design_size.rpt:2)
INFO: [HLS 200-1995] There were 394 instructions in the design after the 'HW Transforms (step 2)' phase of compilation. See the Design Size Report for more details (C:/Users/seanr/vitis_projects/Lab3_MLP_optimization/baseline_blockedMM/baseline_blockedMM/hls/syn/report/csynth_design_size.rpt:2)
INFO: [HLS 214-376] automatically set the pipeline for Loop< VITIS_LOOP_62_11> at ../MLP_baseline/mm.cpp:62:35 
INFO: [HLS 214-376] automatically set the pipeline for Loop< VITIS_LOOP_43_7> at ../MLP_baseline/mm.cpp:43:38 
INFO: [HLS 214-376] automatically set the pipeline for Loop< VITIS_LOOP_34_3> at ../MLP_baseline/mm.cpp:34:30 
INFO: [HLS 214-291] Loop 'VITIS_LOOP_35_4' is marked as complete unroll implied by the pipeline pragma (../MLP_baseline/mm.cpp:35:34)
INFO: [HLS 214-291] Loop 'VITIS_LOOP_48_8' is marked as complete unroll implied by the pipeline pragma (../MLP_baseline/mm.cpp:48:42)
INFO: [HLS 214-291] Loop 'VITIS_LOOP_53_9' is marked as complete unroll implied by the pipeline pragma (../MLP_baseline/mm.cpp:53:42)
INFO: [HLS 214-186] Unrolling loop 'VITIS_LOOP_35_4' (../MLP_baseline/mm.cpp:35:34) in function 'MM' completely with a factor of 16 (../MLP_baseline/mm.cpp:7:0)
INFO: [HLS 214-186] Unrolling loop 'VITIS_LOOP_48_8' (../MLP_baseline/mm.cpp:48:42) in function 'MM' completely with a factor of 16 (../MLP_baseline/mm.cpp:7:0)
INFO: [HLS 214-186] Unrolling loop 'VITIS_LOOP_53_9' (../MLP_baseline/mm.cpp:53:42) in function 'MM' completely with a factor of 16 (../MLP_baseline/mm.cpp:7:0)
INFO: [HLS 214-270] Inferring pragma 'array_partition type=complete dim=2' for array 'AB_block' due to pipeline pragma (../MLP_baseline/mm.cpp:27:8)
INFO: [HLS 214-248] Applying array_partition to 'AB_block': Complete partitioning on dimension 2. (../MLP_baseline/mm.cpp:27:8)
INFO: [HLS 214-115] Multiple burst reads of length 16 and bit width 32 in loop 'VITIS_LOOP_34_3'(../MLP_baseline/mm.cpp:34:30) has been inferred on bundle 'gmem'. These burst requests might be further partitioned into multiple requests during RTL generation, based on max_read_burst_length or max_write_burst_length settings. (../MLP_baseline/mm.cpp:34:30)
INFO: [HLS 214-115] Multiple burst reads of length 16 and bit width 32 has been inferred on bundle 'gmem'. These burst requests might be further partitioned into multiple requests during RTL generation, based on max_read_burst_length or max_write_burst_length settings. (../MLP_baseline/mm.cpp:48:42)
INFO: [HLS 214-115] Multiple burst writes of length 16 and bit width 32 in loop 'VITIS_LOOP_62_11'(../MLP_baseline/mm.cpp:62:35) has been inferred on bundle 'gmem'. These burst requests might be further partitioned into multiple requests during RTL generation, based on max_read_burst_length or max_write_burst_length settings. (../MLP_baseline/mm.cpp:62:35)
INFO: [HLS 200-111] Finished Compiling Optimization and Transform: CPU user time: 0 seconds. CPU system time: 0 seconds. Elapsed time: 11.15 seconds; current allocated memory: 169.215 MB.
INFO: [HLS 200-111] Finished Checking Pragmas: CPU user time: 0 seconds. CPU system time: 0 seconds. Elapsed time: 0.006 seconds; current allocated memory: 169.215 MB.
INFO: [HLS 200-10] Starting code transformations ...
INFO: [HLS 200-111] Finished Standard Transforms: CPU user time: 0 seconds. CPU system time: 0 seconds. Elapsed time: 0.207 seconds; current allocated memory: 174.758 MB.
INFO: [HLS 200-10] Checking synthesizability ...
INFO: [HLS 200-111] Finished Checking Synthesizability: CPU user time: 1 seconds. CPU system time: 0 seconds. Elapsed time: 0.101 seconds; current allocated memory: 177.098 MB.
INFO: [HLS 200-111] Finished Loop, function and other optimizations: CPU user time: 0 seconds. CPU system time: 0 seconds. Elapsed time: 0.397 seconds; current allocated memory: 201.152 MB.
INFO: [HLS 200-2061] Successfully converted nested loops 'VITIS_LOOP_42_6'(../MLP_baseline/mm.cpp:42:34) and 'VITIS_LOOP_43_7'(../MLP_baseline/mm.cpp:43:38) in function 'MM' into perfectly nested loops.
INFO: [HLS 200-2061] Successfully converted nested loops 'VITIS_LOOP_41_5'(../MLP_baseline/mm.cpp:41:30) and 'VITIS_LOOP_42_6'(../MLP_baseline/mm.cpp:42:34) in function 'MM' into perfectly nested loops.
INFO: [HLS 200-2061] Successfully converted nested loops 'VITIS_LOOP_61_10'(../MLP_baseline/mm.cpp:61:31) and 'VITIS_LOOP_62_11'(../MLP_baseline/mm.cpp:62:35) in function 'MM' into perfectly nested loops.
INFO: [XFORM 203-541] Flattening a loop nest 'VITIS_LOOP_42_6' (../MLP_baseline/mm.cpp:42:34) in function 'MM'.
INFO: [XFORM 203-541] Flattening a loop nest 'VITIS_LOOP_41_5' (../MLP_baseline/mm.cpp:41:30) in function 'MM'.
INFO: [XFORM 203-541] Flattening a loop nest 'VITIS_LOOP_61_10' (../MLP_baseline/mm.cpp:61:31) in function 'MM'.
INFO: [HLS 200-111] Finished Architecture Synthesis: CPU user time: 0 seconds. CPU system time: 0 seconds. Elapsed time: 1.27 seconds; current allocated memory: 222.871 MB.
INFO: [HLS 200-10] Starting hardware synthesis ...
INFO: [HLS 200-10] Synthesizing 'MM' ...
INFO: [SYN 201-201] Setting up clock 'default' with a period of 10ns.
INFO: [HLS 200-10] ----------------------------------------------------------------
INFO: [HLS 200-42] -- Implementing module 'MM_Pipeline_VITIS_LOOP_34_3' 
INFO: [HLS 200-10] ----------------------------------------------------------------
INFO: [SCHED 204-11] Starting scheduling ...
INFO: [SCHED 204-61] Pipelining loop 'VITIS_LOOP_34_3'.
INFO: [HLS 200-1470] Pipelining result : Target II = NA, Final II = 1, Depth = 3, loop 'VITIS_LOOP_34_3'
INFO: [SCHED 204-11] Finished scheduling.
INFO: [HLS 200-111] Finished Scheduling: CPU user time: 0 seconds. CPU system time: 0 seconds. Elapsed time: 0.249 seconds; current allocated memory: 226.512 MB.
INFO: [BIND 205-100] Starting micro-architecture generation ...
INFO: [BIND 205-101] Performing variable lifetime analysis.
INFO: [BIND 205-101] Exploring resource sharing.
INFO: [BIND 205-101] Binding ...
INFO: [BIND 205-100] Finished micro-architecture generation.
INFO: [HLS 200-111] Finished Binding: CPU user time: 0 seconds. CPU system time: 0 seconds. Elapsed time: 0.066 seconds; current allocated memory: 227.590 MB.
INFO: [HLS 200-10] ----------------------------------------------------------------
INFO: [HLS 200-42] -- Implementing module 'MM_Pipeline_VITIS_LOOP_41_5_VITIS_LOOP_42_6_VITIS_LOOP_43_7' 
INFO: [HLS 200-10] ----------------------------------------------------------------
INFO: [SCHED 204-11] Starting scheduling ...
INFO: [SCHED 204-61] Pipelining loop 'VITIS_LOOP_41_5_VITIS_LOOP_42_6_VITIS_LOOP_43_7'.
WARNING: [HLS 200-880] The II Violation in module 'MM_Pipeline_VITIS_LOOP_41_5_VITIS_LOOP_42_6_VITIS_LOOP_43_7' (loop 'VITIS_LOOP_41_5_VITIS_LOOP_42_6_VITIS_LOOP_43_7'): Unable to enforce a carried dependence constraint (II = 1, distance = 1, offset = 1) between bus read operation ('B_line', ../MLP_baseline/mm.cpp:49) on port 'gmem' (../MLP_baseline/mm.cpp:49) and bus read operation ('B_line', ../MLP_baseline/mm.cpp:49) on port 'gmem' (../MLP_baseline/mm.cpp:49).
Resolution: For help on HLS 200-880 see docs.xilinx.com/access/sources/dita/topic?Doc_Version=2025.1%20English&url=ug1448-hls-guidance&resourceid=200-880.html
WARNING: [HLS 200-880] The II Violation in module 'MM_Pipeline_VITIS_LOOP_41_5_VITIS_LOOP_42_6_VITIS_LOOP_43_7' (loop 'VITIS_LOOP_41_5_VITIS_LOOP_42_6_VITIS_LOOP_43_7'): Unable to enforce a carried dependence constraint (II = 2, distance = 1, offset = 1) between bus read operation ('B_line', ../MLP_baseline/mm.cpp:49) on port 'gmem' (../MLP_baseline/mm.cpp:49) and bus read operation ('B_line', ../MLP_baseline/mm.cpp:49) on port 'gmem' (../MLP_baseline/mm.cpp:49).
Resolution: For help on HLS 200-880 see docs.xilinx.com/access/sources/dita/topic?Doc_Version=2025.1%20English&url=ug1448-hls-guidance&resourceid=200-880.html
WARNING: [HLS 200-880] The II Violation in module 'MM_Pipeline_VITIS_LOOP_41_5_VITIS_LOOP_42_6_VITIS_LOOP_43_7' (loop 'VITIS_LOOP_41_5_VITIS_LOOP_42_6_VITIS_LOOP_43_7'): Unable to enforce a carried dependence constraint (II = 3, distance = 1, offset = 1) between bus read operation ('B_line', ../MLP_baseline/mm.cpp:49) on port 'gmem' (../MLP_baseline/mm.cpp:49) and bus read operation ('B_line', ../MLP_baseline/mm.cpp:49) on port 'gmem' (../MLP_baseline/mm.cpp:49).
Resolution: For help on HLS 200-880 see docs.xilinx.com/access/sources/dita/topic?Doc_Version=2025.1%20English&url=ug1448-hls-guidance&resourceid=200-880.html
WARNING: [HLS 200-880] The II Violation in module 'MM_Pipeline_VITIS_LOOP_41_5_VITIS_LOOP_42_6_VITIS_LOOP_43_7' (loop 'VITIS_LOOP_41_5_VITIS_LOOP_42_6_VITIS_LOOP_43_7'): Unable to enforce a carried dependence constraint (II = 4, distance = 1, offset = 1) between bus read operation ('B_line', ../MLP_baseline/mm.cpp:49) on port 'gmem' (../MLP_baseline/mm.cpp:49) and bus read operation ('B_line', ../MLP_baseline/mm.cpp:49) on port 'gmem' (../MLP_baseline/mm.cpp:49).
Resolution: For help on HLS 200-880 see docs.xilinx.com/access/sources/dita/topic?Doc_Version=2025.1%20English&url=ug1448-hls-guidance&resourceid=200-880.html
WARNING: [HLS 200-880] The II Violation in module 'MM_Pipeline_VITIS_LOOP_41_5_VITIS_LOOP_42_6_VITIS_LOOP_43_7' (loop 'VITIS_LOOP_41_5_VITIS_LOOP_42_6_VITIS_LOOP_43_7'): Unable to enforce a carried dependence constraint (II = 11, distance = 1, offset = 1) between bus read operation ('B_line', ../MLP_baseline/mm.cpp:49) on port 'gmem' (../MLP_baseline/mm.cpp:49) and bus read operation ('B_line', ../MLP_baseline/mm.cpp:49) on port 'gmem' (../MLP_baseline/mm.cpp:49).
Resolution: For help on HLS 200-880 see docs.xilinx.com/access/sources/dita/topic?Doc_Version=2025.1%20English&url=ug1448-hls-guidance&resourceid=200-880.html
WARNING: [HLS 200-880] The II Violation in module 'MM_Pipeline_VITIS_LOOP_41_5_VITIS_LOOP_42_6_VITIS_LOOP_43_7' (loop 'VITIS_LOOP_41_5_VITIS_LOOP_42_6_VITIS_LOOP_43_7'): Unable to enforce a carried dependence constraint (II = 15, distance = 1, offset = 1) between bus read operation ('B_line', ../MLP_baseline/mm.cpp:49) on port 'gmem' (../MLP_baseline/mm.cpp:49) and bus read operation ('B_line', ../MLP_baseline/mm.cpp:49) on port 'gmem' (../MLP_baseline/mm.cpp:49).
Resolution: For help on HLS 200-880 see docs.xilinx.com/access/sources/dita/topic?Doc_Version=2025.1%20English&url=ug1448-hls-guidance&resourceid=200-880.html
WARNING: [HLS 200-885] The II Violation in module 'MM_Pipeline_VITIS_LOOP_41_5_VITIS_LOOP_42_6_VITIS_LOOP_43_7' (loop 'VITIS_LOOP_41_5_VITIS_LOOP_42_6_VITIS_LOOP_43_7'): Unable to schedule bus read operation ('B_line', ../MLP_baseline/mm.cpp:49) on port 'gmem' (../MLP_baseline/mm.cpp:49) due to limited memory ports (II = 16). Please consider using a memory core with more ports or partitioning the array.
Resolution: For help on HLS 200-885 see docs.xilinx.com/access/sources/dita/topic?Doc_Version=2025.1%20English&url=ug1448-hls-guidance&resourceid=200-885.html
INFO: [HLS 200-1470] Pipelining result : Target II = NA, Final II = 17, Depth = 35, loop 'VITIS_LOOP_41_5_VITIS_LOOP_42_6_VITIS_LOOP_43_7'
INFO: [SCHED 204-11] Finished scheduling.
INFO: [HLS 200-111] Finished Scheduling: CPU user time: 0 seconds. CPU system time: 0 seconds. Elapsed time: 1.67 seconds; current allocated memory: 230.844 MB.
INFO: [BIND 205-100] Starting micro-architecture generation ...
INFO: [BIND 205-101] Performing variable lifetime analysis.
INFO: [BIND 205-101] Exploring resource sharing.
INFO: [BIND 205-101] Binding ...
INFO: [BIND 205-100] Finished micro-architecture generation.
INFO: [HLS 200-111] Finished Binding: CPU user time: 0 seconds. CPU system time: 0 seconds. Elapsed time: 0.112 seconds; current allocated memory: 230.875 MB.
INFO: [HLS 200-10] ----------------------------------------------------------------
INFO: [HLS 200-42] -- Implementing module 'MM_Pipeline_VITIS_LOOP_61_10_VITIS_LOOP_62_11' 
INFO: [HLS 200-10] ----------------------------------------------------------------
INFO: [SCHED 204-11] Starting scheduling ...
INFO: [SCHED 204-61] Pipelining loop 'VITIS_LOOP_61_10_VITIS_LOOP_62_11'.
INFO: [HLS 200-1470] Pipelining result : Target II = NA, Final II = 1, Depth = 13, loop 'VITIS_LOOP_61_10_VITIS_LOOP_62_11'
INFO: [SCHED 204-11] Finished scheduling.
INFO: [HLS 200-111] Finished Scheduling: CPU user time: 1 seconds. CPU system time: 0 seconds. Elapsed time: 0.189 seconds; current allocated memory: 231.266 MB.
INFO: [BIND 205-100] Starting micro-architecture generation ...
INFO: [BIND 205-101] Performing variable lifetime analysis.
INFO: [BIND 205-101] Exploring resource sharing.
INFO: [BIND 205-101] Binding ...
INFO: [BIND 205-100] Finished micro-architecture generation.
INFO: [HLS 200-111] Finished Binding: CPU user time: 0 seconds. CPU system time: 0 seconds. Elapsed time: 0.062 seconds; current allocated memory: 231.480 MB.
INFO: [HLS 200-10] ----------------------------------------------------------------
INFO: [HLS 200-42] -- Implementing module 'MM' 
INFO: [HLS 200-10] ----------------------------------------------------------------
INFO: [SCHED 204-11] Starting scheduling ...
INFO: [SCHED 204-11] Finished scheduling.
INFO: [HLS 200-111] Finished Scheduling: CPU user time: 0 seconds. CPU system time: 0 seconds. Elapsed time: 0.127 seconds; current allocated memory: 232.023 MB.
INFO: [BIND 205-100] Starting micro-architecture generation ...
INFO: [BIND 205-101] Performing variable lifetime analysis.
INFO: [BIND 205-101] Exploring resource sharing.
INFO: [BIND 205-101] Binding ...
INFO: [BIND 205-100] Finished micro-architecture generation.
INFO: [HLS 200-111] Finished Binding: CPU user time: 0 seconds. CPU system time: 0 seconds. Elapsed time: 0.085 seconds; current allocated memory: 232.297 MB.
INFO: [HLS 200-10] ----------------------------------------------------------------
INFO: [HLS 200-10] -- Generating RTL for module 'MM_Pipeline_VITIS_LOOP_34_3' 
INFO: [HLS 200-10] ----------------------------------------------------------------
INFO: [HLS 200-1030] Apply Unified Pipeline Control on module 'MM_Pipeline_VITIS_LOOP_34_3' pipeline 'VITIS_LOOP_34_3' pipeline type 'loop pipeline'
WARNING: [RTGEN 206-101] Setting dangling out port 'MM_Pipeline_VITIS_LOOP_34_3/m_axi_gmem_0_ARVALID' to 0.
WARNING: [RTGEN 206-101] Setting dangling out port 'MM_Pipeline_VITIS_LOOP_34_3/m_axi_gmem_0_ARADDR' to 0.
WARNING: [RTGEN 206-101] Setting dangling out port 'MM_Pipeline_VITIS_LOOP_34_3/m_axi_gmem_0_ARID' to 0.
WARNING: [RTGEN 206-101] Setting dangling out port 'MM_Pipeline_VITIS_LOOP_34_3/m_axi_gmem_0_ARLEN' to 0.
WARNING: [RTGEN 206-101] Setting dangling out port 'MM_Pipeline_VITIS_LOOP_34_3/m_axi_gmem_0_ARSIZE' to 0.
WARNING: [RTGEN 206-101] Setting dangling out port 'MM_Pipeline_VITIS_LOOP_34_3/m_axi_gmem_0_ARBURST' to 0.
WARNING: [RTGEN 206-101] Setting dangling out port 'MM_Pipeline_VITIS_LOOP_34_3/m_axi_gmem_0_ARLOCK' to 0.
WARNING: [RTGEN 206-101] Setting dangling out port 'MM_Pipeline_VITIS_LOOP_34_3/m_axi_gmem_0_ARCACHE' to 0.
WARNING: [RTGEN 206-101] Setting dangling out port 'MM_Pipeline_VITIS_LOOP_34_3/m_axi_gmem_0_ARPROT' to 0.
WARNING: [RTGEN 206-101] Setting dangling out port 'MM_Pipeline_VITIS_LOOP_34_3/m_axi_gmem_0_ARQOS' to 0.
WARNING: [RTGEN 206-101] Setting dangling out port 'MM_Pipeline_VITIS_LOOP_34_3/m_axi_gmem_0_ARREGION' to 0.
WARNING: [RTGEN 206-101] Setting dangling out port 'MM_Pipeline_VITIS_LOOP_34_3/m_axi_gmem_0_ARUSER' to 0.
INFO: [RTGEN 206-100] Finished creating RTL model for 'MM_Pipeline_VITIS_LOOP_34_3'.
INFO: [HLS 200-111] Finished Creating RTL model: CPU user time: 0 seconds. CPU system time: 0 seconds. Elapsed time: 0.325 seconds; current allocated memory: 234.590 MB.
INFO: [HLS 200-10] ----------------------------------------------------------------
INFO: [HLS 200-10] -- Generating RTL for module 'MM_Pipeline_VITIS_LOOP_41_5_VITIS_LOOP_42_6_VITIS_LOOP_43_7' 
INFO: [HLS 200-10] ----------------------------------------------------------------
INFO: [HLS 200-1030] Apply Unified Pipeline Control on module 'MM_Pipeline_VITIS_LOOP_41_5_VITIS_LOOP_42_6_VITIS_LOOP_43_7' pipeline 'VITIS_LOOP_41_5_VITIS_LOOP_42_6_VITIS_LOOP_43_7' pipeline type 'loop pipeline'
INFO: [RTGEN 206-100] Generating core module 'mul_28ns_32s_58_2_1': 1 instance(s).
INFO: [RTGEN 206-100] Generating core module 'mul_32ns_32s_62_2_1': 1 instance(s).
INFO: [RTGEN 206-100] Generating core module 'mul_32s_32s_32_2_1': 2 instance(s).
INFO: [RTGEN 206-100] Generating core module 'mul_5ns_32s_37_2_1': 1 instance(s).
INFO: [RTGEN 206-100] Finished creating RTL model for 'MM_Pipeline_VITIS_LOOP_41_5_VITIS_LOOP_42_6_VITIS_LOOP_43_7'.
INFO: [HLS 200-111] Finished Creating RTL model: CPU user time: 0 seconds. CPU system time: 0 seconds. Elapsed time: 1.142 seconds; current allocated memory: 239.492 MB.
INFO: [HLS 200-10] ----------------------------------------------------------------
INFO: [HLS 200-10] -- Generating RTL for module 'MM_Pipeline_VITIS_LOOP_61_10_VITIS_LOOP_62_11' 
INFO: [HLS 200-10] ----------------------------------------------------------------
INFO: [HLS 200-1030] Apply Unified Pipeline Control on module 'MM_Pipeline_VITIS_LOOP_61_10_VITIS_LOOP_62_11' pipeline 'VITIS_LOOP_61_10_VITIS_LOOP_62_11' pipeline type 'loop pipeline'
INFO: [RTGEN 206-100] Generating core module 'mul_5ns_32s_37_2_1': 1 instance(s).
INFO: [RTGEN 206-100] Generating core module 'sparsemux_33_4_32_1_1': 1 instance(s).
INFO: [RTGEN 206-100] Finished creating RTL model for 'MM_Pipeline_VITIS_LOOP_61_10_VITIS_LOOP_62_11'.
INFO: [HLS 200-111] Finished Creating RTL model: CPU user time: 1 seconds. CPU system time: 1 seconds. Elapsed time: 0.996 seconds; current allocated memory: 246.414 MB.
INFO: [HLS 200-10] ----------------------------------------------------------------
INFO: [HLS 200-10] -- Generating RTL for module 'MM' 
INFO: [HLS 200-10] ----------------------------------------------------------------
WARNING: [RTGEN 206-101] Design contains AXI ports. Reset is fixed to synchronous and active low.
INFO: [RTGEN 206-500] Setting interface mode on port 'MM/gmem' to 'm_axi'.
INFO: [RTGEN 206-500] Setting interface mode on port 'MM/A' to 's_axilite & ap_none'.
INFO: [RTGEN 206-500] Setting interface mode on port 'MM/B' to 's_axilite & ap_none'.
INFO: [RTGEN 206-500] Setting interface mode on port 'MM/C' to 's_axilite & ap_none'.
INFO: [RTGEN 206-500] Setting interface mode on port 'MM/ABC' to 's_axilite & ap_none'.
INFO: [RTGEN 206-500] Setting interface mode on port 'MM/N' to 's_axilite & ap_none'.
INFO: [RTGEN 206-500] Setting interface mode on port 'MM/M' to 's_axilite & ap_none'.
INFO: [RTGEN 206-500] Setting interface mode on port 'MM/P' to 's_axilite & ap_none'.
INFO: [RTGEN 206-500] Setting interface mode on function 'MM' to 's_axilite & ap_ctrl_hs'.
INFO: [RTGEN 206-100] Bundling port 'A', 'B', 'C', 'ABC', 'N', 'M', 'P' to AXI-Lite port control.
INFO: [RTGEN 206-100] Finished creating RTL model for 'MM'.
INFO: [RTMG 210-278] Implementing memory 'MM_AB_block_RAM_AUTO_1R1W' using auto RAMs.
INFO: [RTMG 210-278] Implementing memory 'MM_AB_block_1_RAM_AUTO_1R1W' using auto RAMs.
INFO: [HLS 200-111] Finished Creating RTL model: CPU user time: 0 seconds. CPU system time: 0 seconds. Elapsed time: 0.535 seconds; current allocated memory: 251.055 MB.
INFO: [HLS 200-111] Finished Generating all RTL models: CPU user time: 0 seconds. CPU system time: 0 seconds. Elapsed time: 1.316 seconds; current allocated memory: 256.512 MB.
INFO: [HLS 200-1603] Design has inferred MAXI bursts and missed bursts, see Vitis HLS GUI synthesis summary report for detailed information.
INFO: [HLS 200-111] Finished Updating report files: CPU user time: 1 seconds. CPU system time: 1 seconds. Elapsed time: 2.422 seconds; current allocated memory: 263.281 MB.
INFO: [VHDL 208-304] Generating VHDL RTL for MM.
INFO: [VLOG 209-307] Generating Verilog RTL for MM.
INFO: [HLS 200-790] **** Loop Constraint Status: All loop constraints were NOT satisfied.
INFO: [HLS 200-789] **** Estimated Fmax: 121.61 MHz
INFO: [HLS 200-112] Total CPU user time: 6 seconds. Total CPU system time: 4 seconds. Total elapsed time: 36.816 seconds; peak allocated memory: 263.312 MB.
INFO: [v++ 60-791] Total elapsed time: 0h 0m 43s
