  **** HLS Build v2025.2 6295257
INFO: [HLS 200-2005] Using work_dir T:/Documents/ECE574/Labs/clab/baseline_blockedMM/baseline_blockedMM 
INFO: [HLS 200-2176] Writing Vitis IDE component file T:/Documents/ECE574/Labs/clab/baseline_blockedMM/baseline_blockedMM/vitis-comp.json
INFO: [HLS 200-10] Creating and opening component 'T:/Documents/ECE574/Labs/clab/baseline_blockedMM/baseline_blockedMM'.
INFO: [HLS 200-1505] Using default flow_target 'vivado'
Resolution: For help on HLS 200-1505 see docs.amd.com/access/sources/dita/topic?Doc_Version=2025.2%20English&url=ug1448-hls-guidance&resourceid=200-1505.html
INFO: [HLS 200-2174] Applying component config ini file hls_config.cfg
INFO: [HLS 200-1465] Applying config ini 'syn.file=../MLP_baseline/mm.cpp' from hls_config.cfg(7)
INFO: [HLS 200-10] Adding design file 'T:/Documents/ECE574/Labs/clab/MLP_baseline/mm.cpp' to the project
INFO: [HLS 200-1465] Applying config ini 'syn.file=../MLP_baseline/mm.h' from hls_config.cfg(8)
INFO: [HLS 200-10] Adding design file 'T:/Documents/ECE574/Labs/clab/MLP_baseline/mm.h' to the project
INFO: [HLS 200-1465] Applying config ini 'tb.file=../MLP_baseline/first_layer_golden_output.txt' from hls_config.cfg(9)
INFO: [HLS 200-10] Adding test bench file 'T:/Documents/ECE574/Labs/clab/MLP_baseline/first_layer_golden_output.txt' to the project
INFO: [HLS 200-1465] Applying config ini 'tb.file=../MLP_baseline/mm_test.cpp' from hls_config.cfg(10)
INFO: [HLS 200-10] Adding test bench file 'T:/Documents/ECE574/Labs/clab/MLP_baseline/mm_test.cpp' to the project
INFO: [HLS 200-1465] Applying config ini 'tb.file=../MLP_baseline/mnist_images_int.txt' from hls_config.cfg(11)
INFO: [HLS 200-10] Adding test bench file 'T:/Documents/ECE574/Labs/clab/MLP_baseline/mnist_images_int.txt' to the project
INFO: [HLS 200-1465] Applying config ini 'tb.file=../MLP_baseline/weights_layer1.txt' from hls_config.cfg(12)
INFO: [HLS 200-10] Adding test bench file 'T:/Documents/ECE574/Labs/clab/MLP_baseline/weights_layer1.txt' to the project
INFO: [HLS 200-1465] Applying config ini 'tb.file=../MLP_baseline/weights_layer2.txt' from hls_config.cfg(13)
INFO: [HLS 200-10] Adding test bench file 'T:/Documents/ECE574/Labs/clab/MLP_baseline/weights_layer2.txt' to the project
INFO: [HLS 200-1465] Applying config ini 'tb.file=../MLP_baseline/weights_layer3.txt' from hls_config.cfg(14)
INFO: [HLS 200-10] Adding test bench file 'T:/Documents/ECE574/Labs/clab/MLP_baseline/weights_layer3.txt' to the project
INFO: [HLS 200-1465] Applying config ini 'syn.top=MM' from hls_config.cfg(15)
INFO: [HLS 200-1465] Applying config ini 'flow_target=vivado' from hls_config.cfg(4)
INFO: [HLS 200-1505] Using flow_target 'vivado'
Resolution: For help on HLS 200-1505 see docs.amd.com/access/sources/dita/topic?Doc_Version=2025.2%20English&url=ug1448-hls-guidance&resourceid=200-1505.html
INFO: [HLS 200-1465] Applying config ini 'part=xc7z020clg400-1' from hls_config.cfg(1)
INFO: [HLS 200-1611] Setting target device to 'xc7z020-clg400-1'
INFO: [HLS 200-1465] Applying config ini 'package.output.format=ip_catalog' from hls_config.cfg(5)
INFO: [HLS 200-2176] Writing Vitis IDE component file T:/Documents/ECE574/Labs/clab/baseline_blockedMM/baseline_blockedMM/vitis-comp.json
INFO: [SIM 211-2] *************** CSIM start ***************
INFO: [HLS 200-2191] C-Simulation will use clang-16 as the compiler
INFO: [HLS 200-2036] Building debug C Simulation binaries
   Compiling ../../../../../MLP_baseline/mm_test.cpp in debug mode
   Compiling ../../../../../MLP_baseline/mm.cpp in debug mode
   Generating csim.exe
Entering MM...
Finished initial MM
PASS
INFO: [SIM 211-1] CSim done with 0 errors.
INFO: [SIM 211-3] *************** CSIM finish ***************
INFO: [HLS 200-112] Total CPU user time: 6 seconds. Total CPU system time: 9 seconds. Total elapsed time: 55.401 seconds; peak allocated memory: 163.078 MB.
INFO: [vitis-run 60-791] Total elapsed time: 0h 1m 13s
