  **** HLS Build v2025.1 6135595
INFO: [HLS 200-2005] Using work_dir C:/Users/seanr/vitis_projects/Lab3_MLP_optimization/baseline_blockedMM/baseline_blockedMM 
INFO: [HLS 200-2176] Writing Vitis IDE component file C:/Users/seanr/vitis_projects/Lab3_MLP_optimization/baseline_blockedMM/baseline_blockedMM/vitis-comp.json
INFO: [HLS 200-10] Creating and opening component 'C:/Users/seanr/vitis_projects/Lab3_MLP_optimization/baseline_blockedMM/baseline_blockedMM'.
INFO: [HLS 200-1505] Using default flow_target 'vivado'
Resolution: For help on HLS 200-1505 see docs.xilinx.com/access/sources/dita/topic?Doc_Version=2025.1%20English&url=ug1448-hls-guidance&resourceid=200-1505.html
INFO: [HLS 200-2174] Applying component config ini file C:/Users/seanr/vitis_projects/Lab3_MLP_optimization/baseline_blockedMM/hls_config.cfg
INFO: [HLS 200-1465] Applying config ini 'syn.file=../MLP_baseline/mm.cpp' from C:/Users/seanr/vitis_projects/Lab3_MLP_optimization/baseline_blockedMM/hls_config.cfg(7)
INFO: [HLS 200-10] Adding design file 'C:/Users/seanr/vitis_projects/Lab3_MLP_optimization/MLP_baseline/mm.cpp' to the project
INFO: [HLS 200-1465] Applying config ini 'syn.file=../MLP_baseline/mm.h' from C:/Users/seanr/vitis_projects/Lab3_MLP_optimization/baseline_blockedMM/hls_config.cfg(8)
INFO: [HLS 200-10] Adding design file 'C:/Users/seanr/vitis_projects/Lab3_MLP_optimization/MLP_baseline/mm.h' to the project
INFO: [HLS 200-1465] Applying config ini 'tb.file=../MLP_baseline/first_layer_golden_output.txt' from C:/Users/seanr/vitis_projects/Lab3_MLP_optimization/baseline_blockedMM/hls_config.cfg(9)
INFO: [HLS 200-10] Adding test bench file 'C:/Users/seanr/vitis_projects/Lab3_MLP_optimization/MLP_baseline/first_layer_golden_output.txt' to the project
INFO: [HLS 200-1465] Applying config ini 'tb.file=../MLP_baseline/mm_test.cpp' from C:/Users/seanr/vitis_projects/Lab3_MLP_optimization/baseline_blockedMM/hls_config.cfg(10)
INFO: [HLS 200-10] Adding test bench file 'C:/Users/seanr/vitis_projects/Lab3_MLP_optimization/MLP_baseline/mm_test.cpp' to the project
INFO: [HLS 200-1465] Applying config ini 'tb.file=../MLP_baseline/mnist_images_int.txt' from C:/Users/seanr/vitis_projects/Lab3_MLP_optimization/baseline_blockedMM/hls_config.cfg(11)
INFO: [HLS 200-10] Adding test bench file 'C:/Users/seanr/vitis_projects/Lab3_MLP_optimization/MLP_baseline/mnist_images_int.txt' to the project
INFO: [HLS 200-1465] Applying config ini 'tb.file=../MLP_baseline/weights_layer1.txt' from C:/Users/seanr/vitis_projects/Lab3_MLP_optimization/baseline_blockedMM/hls_config.cfg(12)
INFO: [HLS 200-10] Adding test bench file 'C:/Users/seanr/vitis_projects/Lab3_MLP_optimization/MLP_baseline/weights_layer1.txt' to the project
INFO: [HLS 200-1465] Applying config ini 'tb.file=../MLP_baseline/weights_layer2.txt' from C:/Users/seanr/vitis_projects/Lab3_MLP_optimization/baseline_blockedMM/hls_config.cfg(13)
INFO: [HLS 200-10] Adding test bench file 'C:/Users/seanr/vitis_projects/Lab3_MLP_optimization/MLP_baseline/weights_layer2.txt' to the project
INFO: [HLS 200-1465] Applying config ini 'tb.file=../MLP_baseline/weights_layer3.txt' from C:/Users/seanr/vitis_projects/Lab3_MLP_optimization/baseline_blockedMM/hls_config.cfg(14)
INFO: [HLS 200-10] Adding test bench file 'C:/Users/seanr/vitis_projects/Lab3_MLP_optimization/MLP_baseline/weights_layer3.txt' to the project
INFO: [HLS 200-1465] Applying config ini 'syn.top=MM' from C:/Users/seanr/vitis_projects/Lab3_MLP_optimization/baseline_blockedMM/hls_config.cfg(15)
INFO: [HLS 200-1465] Applying config ini 'flow_target=vivado' from C:/Users/seanr/vitis_projects/Lab3_MLP_optimization/baseline_blockedMM/hls_config.cfg(4)
INFO: [HLS 200-1505] Using flow_target 'vivado'
Resolution: For help on HLS 200-1505 see docs.xilinx.com/access/sources/dita/topic?Doc_Version=2025.1%20English&url=ug1448-hls-guidance&resourceid=200-1505.html
INFO: [HLS 200-1465] Applying config ini 'part=xc7z020clg400-1' from C:/Users/seanr/vitis_projects/Lab3_MLP_optimization/baseline_blockedMM/hls_config.cfg(1)
INFO: [HLS 200-1611] Setting target device to 'xc7z020-clg400-1'
INFO: [HLS 200-1465] Applying config ini 'clock=15' from C:/Users/seanr/vitis_projects/Lab3_MLP_optimization/baseline_blockedMM/hls_config.cfg(16)
INFO: [SYN 201-201] Setting up clock 'default' with a period of 15ns.
INFO: [HLS 200-1465] Applying config ini 'cosim.trace_level=all' from C:/Users/seanr/vitis_projects/Lab3_MLP_optimization/baseline_blockedMM/hls_config.cfg(17)
INFO: [HLS 200-1465] Applying config ini 'package.output.file=C:\Users\seanr\vitis_projects\Lab3_MLP_optimization\package' from C:/Users/seanr/vitis_projects/Lab3_MLP_optimization/baseline_blockedMM/hls_config.cfg(18)
INFO: [HLS 200-1465] Applying config ini 'package.output.format=ip_catalog' from C:/Users/seanr/vitis_projects/Lab3_MLP_optimization/baseline_blockedMM/hls_config.cfg(5)
INFO: [HLS 200-2176] Writing Vitis IDE component file C:/Users/seanr/vitis_projects/Lab3_MLP_optimization/baseline_blockedMM/baseline_blockedMM/vitis-comp.json
INFO: [HLS 200-111] Finished File checks and directory preparation: CPU user time: 2 seconds. CPU system time: 3 seconds. Elapsed time: 8.496 seconds; current allocated memory: 162.797 MB.
INFO: [HLS 200-10] Analyzing design file '../MLP_baseline/mm.cpp' ... 
INFO: [HLS 200-111] Finished Source Code Analysis and Preprocessing: CPU user time: 0 seconds. CPU system time: 0 seconds. Elapsed time: 11.013 seconds; current allocated memory: 166.273 MB.
INFO: [HLS 200-777] Using interface defaults for 'Vivado' flow target.
INFO: [HLS 200-1995] There were 448 instructions in the design after the 'Compile/Link' phase of compilation. See the Design Size Report for more details (C:/Users/seanr/vitis_projects/Lab3_MLP_optimization/baseline_blockedMM/baseline_blockedMM/hls/syn/report/csynth_design_size.rpt:2)
INFO: [HLS 200-1995] There were 2,833 instructions in the design after the 'Unroll/Inline (step 1)' phase of compilation. See the Design Size Report for more details (C:/Users/seanr/vitis_projects/Lab3_MLP_optimization/baseline_blockedMM/baseline_blockedMM/hls/syn/report/csynth_design_size.rpt:2)
INFO: [HLS 200-1995] There were 2,749 instructions in the design after the 'Unroll/Inline (step 2)' phase of compilation. See the Design Size Report for more details (C:/Users/seanr/vitis_projects/Lab3_MLP_optimization/baseline_blockedMM/baseline_blockedMM/hls/syn/report/csynth_design_size.rpt:2)
INFO: [HLS 200-1995] There were 1,459 instructions in the design after the 'Unroll/Inline (step 3)' phase of compilation. See the Design Size Report for more details (C:/Users/seanr/vitis_projects/Lab3_MLP_optimization/baseline_blockedMM/baseline_blockedMM/hls/syn/report/csynth_design_size.rpt:2)
INFO: [HLS 200-1995] There were 1,010 instructions in the design after the 'Unroll/Inline (step 4)' phase of compilation. See the Design Size Report for more details (C:/Users/seanr/vitis_projects/Lab3_MLP_optimization/baseline_blockedMM/baseline_blockedMM/hls/syn/report/csynth_design_size.rpt:2)
INFO: [HLS 200-1995] There were 6,139 instructions in the design after the 'Array/Struct (step 1)' phase of compilation. See the Design Size Report for more details (C:/Users/seanr/vitis_projects/Lab3_MLP_optimization/baseline_blockedMM/baseline_blockedMM/hls/syn/report/csynth_design_size.rpt:2)
INFO: [HLS 200-1995] There were 1,517 instructions in the design after the 'Array/Struct (step 2)' phase of compilation. See the Design Size Report for more details (C:/Users/seanr/vitis_projects/Lab3_MLP_optimization/baseline_blockedMM/baseline_blockedMM/hls/syn/report/csynth_design_size.rpt:2)
INFO: [HLS 200-1995] There were 5,530 instructions in the design after the 'Array/Struct (step 3)' phase of compilation. See the Design Size Report for more details (C:/Users/seanr/vitis_projects/Lab3_MLP_optimization/baseline_blockedMM/baseline_blockedMM/hls/syn/report/csynth_design_size.rpt:2)
INFO: [HLS 200-1995] There were 3,899 instructions in the design after the 'Array/Struct (step 4)' phase of compilation. See the Design Size Report for more details (C:/Users/seanr/vitis_projects/Lab3_MLP_optimization/baseline_blockedMM/baseline_blockedMM/hls/syn/report/csynth_design_size.rpt:2)
INFO: [HLS 200-1995] There were 3,911 instructions in the design after the 'Array/Struct (step 5)' phase of compilation. See the Design Size Report for more details (C:/Users/seanr/vitis_projects/Lab3_MLP_optimization/baseline_blockedMM/baseline_blockedMM/hls/syn/report/csynth_design_size.rpt:2)
INFO: [HLS 200-1995] There were 2,108 instructions in the design after the 'Performance (step 1)' phase of compilation. See the Design Size Report for more details (C:/Users/seanr/vitis_projects/Lab3_MLP_optimization/baseline_blockedMM/baseline_blockedMM/hls/syn/report/csynth_design_size.rpt:2)
INFO: [HLS 200-1995] There were 2,048 instructions in the design after the 'Performance (step 2)' phase of compilation. See the Design Size Report for more details (C:/Users/seanr/vitis_projects/Lab3_MLP_optimization/baseline_blockedMM/baseline_blockedMM/hls/syn/report/csynth_design_size.rpt:2)
INFO: [HLS 200-1995] There were 2,037 instructions in the design after the 'Performance (step 3)' phase of compilation. See the Design Size Report for more details (C:/Users/seanr/vitis_projects/Lab3_MLP_optimization/baseline_blockedMM/baseline_blockedMM/hls/syn/report/csynth_design_size.rpt:2)
INFO: [HLS 200-1995] There were 2,037 instructions in the design after the 'Performance (step 4)' phase of compilation. See the Design Size Report for more details (C:/Users/seanr/vitis_projects/Lab3_MLP_optimization/baseline_blockedMM/baseline_blockedMM/hls/syn/report/csynth_design_size.rpt:2)
INFO: [HLS 200-1995] There were 2,186 instructions in the design after the 'HW Transforms (step 1)' phase of compilation. See the Design Size Report for more details (C:/Users/seanr/vitis_projects/Lab3_MLP_optimization/baseline_blockedMM/baseline_blockedMM/hls/syn/report/csynth_design_size.rpt:2)
INFO: [HLS 200-1995] There were 2,364 instructions in the design after the 'HW Transforms (step 2)' phase of compilation. See the Design Size Report for more details (C:/Users/seanr/vitis_projects/Lab3_MLP_optimization/baseline_blockedMM/baseline_blockedMM/hls/syn/report/csynth_design_size.rpt:2)
INFO: [HLS 214-291] Loop 'j_loop' is marked as complete unroll implied by the pipeline pragma (../MLP_baseline/mm.cpp:99:25)
INFO: [HLS 214-291] Loop 'i_output_loop' is marked as complete unroll implied by the pipeline pragma (../MLP_baseline/mm.cpp:114:17)
INFO: [HLS 214-186] Unrolling loop 'block_init_outer_loop' (../MLP_baseline/mm.cpp:78:13) in function 'computeTiles' completely with a factor of 16 (../MLP_baseline/mm.cpp:66:0)
INFO: [HLS 214-186] Unrolling loop 'VITIS_LOOP_80_1' (../MLP_baseline/mm.cpp:80:19) in function 'computeTiles' completely with a factor of 16 (../MLP_baseline/mm.cpp:66:0)
INFO: [HLS 214-186] Unrolling loop 'j_loop' (../MLP_baseline/mm.cpp:99:25) in function 'computeTiles' completely with a factor of 16 (../MLP_baseline/mm.cpp:66:0)
INFO: [HLS 214-186] Unrolling loop 'i_output_loop' (../MLP_baseline/mm.cpp:114:17) in function 'computeTiles' completely with a factor of 16 (../MLP_baseline/mm.cpp:66:0)
WARNING: [HLS 214-366] Duplicating function 'std::array<int, 16ul>::operator[](unsigned long)' as different function signatures were detected between this call site and other call site(s). This may impact the resources used in the design. (../MLP_baseline/mm.cpp:116:15)
WARNING: [HLS 214-366] Duplicating function 'std::array<int, 16ul>::operator[](unsigned long)' as different function signatures were detected between this call site and other call site(s). This may impact the resources used in the design. (../MLP_baseline/mm.cpp:101:2)
WARNING: [HLS 214-366] Duplicating function 'std::array<int, 16ul>::operator[](unsigned long)' as different function signatures were detected between this call site and other call site(s). This may impact the resources used in the design. (../MLP_baseline/mm.cpp:82:2)
WARNING: [HLS 214-366] Duplicating function 'std::__array_traits<int, 16ul>::_S_ref(int const (&) [16], unsigned long)' as different function signatures were detected between this call site and other call site(s). This may impact the resources used in the design. (C:/Xilinx/2025.1/Vitis/tps/mingw/8.3.0/win64.o/nt\lib\gcc\x86_64-w64-mingw32\8.3.0\include\c++\array:186:16)
INFO: [HLS 214-178] Inlining function 'std::__array_traits<int, 16ul>::_S_ref(int const (&) [16], unsigned long)' into 'std::array<int, 16ul>::operator[](unsigned long) (.1)' (C:/Xilinx/2025.1/Vitis/tps/mingw/8.3.0/win64.o/nt\lib\gcc\x86_64-w64-mingw32\8.3.0\include\c++\array:186:0)
INFO: [HLS 214-178] Inlining function 'std::__array_traits<int, 16ul>::_S_ref(int const (&) [16], unsigned long) (.2)' into 'std::array<int, 16ul>::operator[](unsigned long)' (C:/Xilinx/2025.1/Vitis/tps/mingw/8.3.0/win64.o/nt\lib\gcc\x86_64-w64-mingw32\8.3.0\include\c++\array:186:0)
INFO: [HLS 214-178] Inlining function 'std::array<int, 16ul>::operator[](unsigned long) (.1)' into 'computeTiles(hls::stream<hls::vector<int, 16ul>, 0>&, hls::stream<hls::vector<int, 16ul>, 0>&, int*, hls::stream<hls::vector<int, 16ul>, 0>&, int, int, int)' (../MLP_baseline/mm.cpp:66:0)
INFO: [HLS 214-178] Inlining function 'std::array<int, 16ul>::operator[](unsigned long)' into 'computeTiles(hls::stream<hls::vector<int, 16ul>, 0>&, hls::stream<hls::vector<int, 16ul>, 0>&, int*, hls::stream<hls::vector<int, 16ul>, 0>&, int, int, int)' (../MLP_baseline/mm.cpp:66:0)
INFO: [HLS 214-248] Applying array_partition to 'AB_block': Complete partitioning on dimension 1. (../MLP_baseline/mm.cpp:67:16)
INFO: [HLS 214-241] Aggregating fifo (hls::stream) variable 'A_stream' with compact=bit mode in 512-bits (../MLP_baseline/mm.cpp:182:26)
INFO: [HLS 214-241] Aggregating fifo (hls::stream) variable 'B_stream' with compact=bit mode in 512-bits (../MLP_baseline/mm.cpp:183:29)
INFO: [HLS 214-241] Aggregating fifo (hls::stream) variable 'AB_stream' with compact=bit mode in 512-bits (../MLP_baseline/mm.cpp:184:29)
INFO: [HLS 214-241] Aggregating maxi variable 'AT' with compact=none mode in 512-bits
INFO: [HLS 214-241] Aggregating maxi variable 'B' with compact=none mode in 512-bits
INFO: [HLS 214-241] Aggregating maxi variable 'ABC' with compact=none mode in 512-bits
INFO: [HLS 214-241] Aggregating scalar variable 'A_line' with compact=bit mode in 512-bits (../MLP_baseline/mm.cpp:92:32)
INFO: [HLS 214-241] Aggregating scalar variable 'AB_block_0' with compact=bit mode in 512-bits (../MLP_baseline/mm.cpp:67:16)
INFO: [HLS 214-241] Aggregating scalar variable 'AB_block_1' with compact=bit mode in 512-bits (../MLP_baseline/mm.cpp:67:16)
INFO: [HLS 214-241] Aggregating scalar variable 'AB_block_2' with compact=bit mode in 512-bits (../MLP_baseline/mm.cpp:67:16)
INFO: [HLS 214-241] Aggregating scalar variable 'AB_block_3' with compact=bit mode in 512-bits (../MLP_baseline/mm.cpp:67:16)
INFO: [HLS 214-241] Aggregating scalar variable 'AB_block_4' with compact=bit mode in 512-bits (../MLP_baseline/mm.cpp:67:16)
INFO: [HLS 214-241] Aggregating scalar variable 'AB_block_5' with compact=bit mode in 512-bits (../MLP_baseline/mm.cpp:67:16)
INFO: [HLS 214-241] Aggregating scalar variable 'AB_block_6' with compact=bit mode in 512-bits (../MLP_baseline/mm.cpp:67:16)
INFO: [HLS 214-241] Aggregating scalar variable 'AB_block_7' with compact=bit mode in 512-bits (../MLP_baseline/mm.cpp:67:16)
INFO: [HLS 214-241] Aggregating scalar variable 'AB_block_8' with compact=bit mode in 512-bits (../MLP_baseline/mm.cpp:67:16)
INFO: [HLS 214-241] Aggregating scalar variable 'AB_block_9' with compact=bit mode in 512-bits (../MLP_baseline/mm.cpp:67:16)
INFO: [HLS 214-241] Aggregating scalar variable 'AB_block_10' with compact=bit mode in 512-bits (../MLP_baseline/mm.cpp:67:16)
INFO: [HLS 214-241] Aggregating scalar variable 'AB_block_11' with compact=bit mode in 512-bits (../MLP_baseline/mm.cpp:67:16)
INFO: [HLS 214-241] Aggregating scalar variable 'AB_block_12' with compact=bit mode in 512-bits (../MLP_baseline/mm.cpp:67:16)
INFO: [HLS 214-241] Aggregating scalar variable 'AB_block_13' with compact=bit mode in 512-bits (../MLP_baseline/mm.cpp:67:16)
INFO: [HLS 214-241] Aggregating scalar variable 'AB_block_14' with compact=bit mode in 512-bits (../MLP_baseline/mm.cpp:67:16)
INFO: [HLS 214-241] Aggregating scalar variable 'AB_block_15' with compact=bit mode in 512-bits (../MLP_baseline/mm.cpp:67:16)
WARNING: [HLS 214-475] Merging processes 'readBTiles', 'computeTiles' and 'readAtTiles' in function 'MM' due to reads on 'gmem' (../MLP_baseline/mm.cpp:148:0)
INFO: [HLS 200-111] Finished Compiling Optimization and Transform: CPU user time: 3 seconds. CPU system time: 0 seconds. Elapsed time: 37.331 seconds; current allocated memory: 172.133 MB.
INFO: [HLS 200-111] Finished Checking Pragmas: CPU user time: 0 seconds. CPU system time: 0 seconds. Elapsed time: 0.017 seconds; current allocated memory: 172.133 MB.
INFO: [HLS 200-10] Starting code transformations ...
INFO: [HLS 200-111] Finished Standard Transforms: CPU user time: 0 seconds. CPU system time: 0 seconds. Elapsed time: 1.634 seconds; current allocated memory: 180.453 MB.
INFO: [HLS 200-10] Checking synthesizability ...
INFO: [HLS 200-111] Finished Checking Synthesizability: CPU user time: 1 seconds. CPU system time: 0 seconds. Elapsed time: 1.181 seconds; current allocated memory: 184.887 MB.
INFO: [XFORM 203-712] Applying dataflow to function 'MM' (../MLP_baseline/mm.cpp:148:1), detected/extracted 3 process function(s): 
	 'entry_proc'
	 'Block_entry_gmem_rd_proc'
	 'writeTiles'.
INFO: [HLS 200-111] Finished Loop, function and other optimizations: CPU user time: 2 seconds. CPU system time: 0 seconds. Elapsed time: 2.414 seconds; current allocated memory: 189.504 MB.
INFO: [HLS 200-2061] Successfully converted nested loops 'j_BLOCK_loop'(../MLP_baseline/mm.cpp:135:9) and 'j_output_loop'(../MLP_baseline/mm.cpp:138:13) in function 'writeTiles' into perfectly nested loops.
INFO: [HLS 200-2061] Successfully converted nested loops 'i_BLOCK_loop'(../MLP_baseline/mm.cpp:132:5) and 'j_BLOCK_loop'(../MLP_baseline/mm.cpp:135:9) in function 'writeTiles' into perfectly nested loops.
INFO: [HLS 200-2061] Successfully converted nested loops 'k_BLOCK_loop'(../MLP_baseline/mm.cpp:47:13) and 'k_loop'(../MLP_baseline/mm.cpp:50:17) in function 'readBTiles' into perfectly nested loops.
INFO: [HLS 200-2061] Successfully converted nested loops 'j_BLOCK_loop'(../MLP_baseline/mm.cpp:44:9) and 'k_BLOCK_loop'(../MLP_baseline/mm.cpp:47:13) in function 'readBTiles' into perfectly nested loops.
INFO: [HLS 200-2061] Successfully converted nested loops 'k_BLOCK_loop'(../MLP_baseline/mm.cpp:18:13) and 'k_loop'(../MLP_baseline/mm.cpp:21:17) in function 'readAtTiles' into perfectly nested loops.
INFO: [HLS 200-2061] Successfully converted nested loops 'i_BLOCK_loop'(../MLP_baseline/mm.cpp:12:5) and 'j_BLOCK_loop'(../MLP_baseline/mm.cpp:15:9) in function 'readAtTiles' into perfectly nested loops.
INFO: [HLS 200-2061] Successfully converted nested loops 'k_loop'(../MLP_baseline/mm.cpp:91:17) and 'i_loop'(../MLP_baseline/mm.cpp:96:21) in function 'computeTiles' into perfectly nested loops.
INFO: [HLS 200-2061] Successfully converted nested loops 'k_BLOCK_loop'(../MLP_baseline/mm.cpp:88:13) and 'k_loop'(../MLP_baseline/mm.cpp:91:17) in function 'computeTiles' into perfectly nested loops.
INFO: [XFORM 203-541] Flattening a loop nest 'j_BLOCK_loop' (../MLP_baseline/mm.cpp:135:9) in function 'writeTiles'.
INFO: [XFORM 203-541] Flattening a loop nest 'i_BLOCK_loop' (../MLP_baseline/mm.cpp:132:5) in function 'writeTiles'.
INFO: [XFORM 203-541] Flattening a loop nest 'k_BLOCK_loop' (../MLP_baseline/mm.cpp:47:13) in function 'readBTiles'.
INFO: [XFORM 203-541] Flattening a loop nest 'j_BLOCK_loop' (../MLP_baseline/mm.cpp:44:9) in function 'readBTiles'.
INFO: [XFORM 203-541] Flattening a loop nest 'i_BLOCK_loop' (../MLP_baseline/mm.cpp:41:5) in function 'readBTiles'.
INFO: [XFORM 203-541] Flattening a loop nest 'k_BLOCK_loop' (../MLP_baseline/mm.cpp:18:13) in function 'readAtTiles'.
INFO: [XFORM 203-541] Flattening a loop nest 'j_BLOCK_loop' (../MLP_baseline/mm.cpp:15:9) in function 'readAtTiles'.
INFO: [XFORM 203-541] Flattening a loop nest 'i_BLOCK_loop' (../MLP_baseline/mm.cpp:12:5) in function 'readAtTiles'.
INFO: [XFORM 203-541] Flattening a loop nest 'k_loop' (../MLP_baseline/mm.cpp:91:17) in function 'computeTiles'.
INFO: [XFORM 203-541] Flattening a loop nest 'k_BLOCK_loop' (../MLP_baseline/mm.cpp:88:13) in function 'computeTiles'.
INFO: [HLS 200-111] Finished Architecture Synthesis: CPU user time: 1 seconds. CPU system time: 0 seconds. Elapsed time: 1.896 seconds; current allocated memory: 254.496 MB.
INFO: [HLS 200-10] Starting hardware synthesis ...
INFO: [HLS 200-10] Synthesizing 'MM' ...
INFO: [HLS 200-10] ----------------------------------------------------------------
INFO: [HLS 200-42] -- Implementing module 'entry_proc' 
INFO: [HLS 200-10] ----------------------------------------------------------------
INFO: [SCHED 204-11] Starting scheduling ...
INFO: [SCHED 204-11] Finished scheduling.
INFO: [HLS 200-111] Finished Scheduling: CPU user time: 0 seconds. CPU system time: 0 seconds. Elapsed time: 0.432 seconds; current allocated memory: 257.859 MB.
INFO: [BIND 205-100] Starting micro-architecture generation ...
INFO: [BIND 205-101] Performing variable lifetime analysis.
INFO: [BIND 205-101] Exploring resource sharing.
INFO: [BIND 205-101] Binding ...
INFO: [BIND 205-100] Finished micro-architecture generation.
INFO: [HLS 200-111] Finished Binding: CPU user time: 0 seconds. CPU system time: 0 seconds. Elapsed time: 0.102 seconds; current allocated memory: 258.887 MB.
INFO: [HLS 200-10] ----------------------------------------------------------------
INFO: [HLS 200-42] -- Implementing module 'readAtTiles_Pipeline_i_BLOCK_loop_j_BLOCK_loop_k_BLOCK_loop_k_loop' 
INFO: [HLS 200-10] ----------------------------------------------------------------
INFO: [SCHED 204-11] Starting scheduling ...
INFO: [SCHED 204-61] Pipelining loop 'i_BLOCK_loop_j_BLOCK_loop_k_BLOCK_loop_k_loop'.
INFO: [HLS 200-1470] Pipelining result : Target II = 1, Final II = 1, Depth = 16, loop 'i_BLOCK_loop_j_BLOCK_loop_k_BLOCK_loop_k_loop'
INFO: [SCHED 204-11] Finished scheduling.
INFO: [HLS 200-111] Finished Scheduling: CPU user time: 0 seconds. CPU system time: 0 seconds. Elapsed time: 0.443 seconds; current allocated memory: 260.941 MB.
INFO: [BIND 205-100] Starting micro-architecture generation ...
INFO: [BIND 205-101] Performing variable lifetime analysis.
INFO: [BIND 205-101] Exploring resource sharing.
INFO: [BIND 205-101] Binding ...
INFO: [BIND 205-100] Finished micro-architecture generation.
INFO: [HLS 200-111] Finished Binding: CPU user time: 1 seconds. CPU system time: 0 seconds. Elapsed time: 0.138 seconds; current allocated memory: 261.148 MB.
INFO: [HLS 200-10] ----------------------------------------------------------------
INFO: [HLS 200-42] -- Implementing module 'readAtTiles' 
INFO: [HLS 200-10] ----------------------------------------------------------------
INFO: [SCHED 204-11] Starting scheduling ...
INFO: [SCHED 204-11] Finished scheduling.
INFO: [HLS 200-111] Finished Scheduling: CPU user time: 0 seconds. CPU system time: 0 seconds. Elapsed time: 0.104 seconds; current allocated memory: 261.375 MB.
INFO: [BIND 205-100] Starting micro-architecture generation ...
INFO: [BIND 205-101] Performing variable lifetime analysis.
INFO: [BIND 205-101] Exploring resource sharing.
INFO: [BIND 205-101] Binding ...
INFO: [BIND 205-100] Finished micro-architecture generation.
INFO: [HLS 200-111] Finished Binding: CPU user time: 0 seconds. CPU system time: 0 seconds. Elapsed time: 0.059 seconds; current allocated memory: 261.508 MB.
INFO: [HLS 200-10] ----------------------------------------------------------------
INFO: [HLS 200-42] -- Implementing module 'readBTiles_Pipeline_i_BLOCK_loop_j_BLOCK_loop_k_BLOCK_loop_k_loop' 
INFO: [HLS 200-10] ----------------------------------------------------------------
INFO: [SCHED 204-11] Starting scheduling ...
INFO: [SCHED 204-61] Pipelining loop 'i_BLOCK_loop_j_BLOCK_loop_k_BLOCK_loop_k_loop'.
INFO: [HLS 200-1470] Pipelining result : Target II = 1, Final II = 1, Depth = 16, loop 'i_BLOCK_loop_j_BLOCK_loop_k_BLOCK_loop_k_loop'
INFO: [SCHED 204-11] Finished scheduling.
INFO: [HLS 200-111] Finished Scheduling: CPU user time: 0 seconds. CPU system time: 0 seconds. Elapsed time: 0.175 seconds; current allocated memory: 262.230 MB.
INFO: [BIND 205-100] Starting micro-architecture generation ...
INFO: [BIND 205-101] Performing variable lifetime analysis.
INFO: [BIND 205-101] Exploring resource sharing.
INFO: [BIND 205-101] Binding ...
INFO: [BIND 205-100] Finished micro-architecture generation.
INFO: [HLS 200-111] Finished Binding: CPU user time: 0 seconds. CPU system time: 0 seconds. Elapsed time: 0.071 seconds; current allocated memory: 262.352 MB.
INFO: [HLS 200-10] ----------------------------------------------------------------
INFO: [HLS 200-42] -- Implementing module 'readBTiles' 
INFO: [HLS 200-10] ----------------------------------------------------------------
INFO: [SCHED 204-11] Starting scheduling ...
INFO: [SCHED 204-11] Finished scheduling.
INFO: [HLS 200-111] Finished Scheduling: CPU user time: 0 seconds. CPU system time: 0 seconds. Elapsed time: 0.1 seconds; current allocated memory: 262.629 MB.
INFO: [BIND 205-100] Starting micro-architecture generation ...
INFO: [BIND 205-101] Performing variable lifetime analysis.
INFO: [BIND 205-101] Exploring resource sharing.
INFO: [BIND 205-101] Binding ...
INFO: [BIND 205-100] Finished micro-architecture generation.
INFO: [HLS 200-111] Finished Binding: CPU user time: 0 seconds. CPU system time: 0 seconds. Elapsed time: 0.045 seconds; current allocated memory: 262.664 MB.
INFO: [HLS 200-10] ----------------------------------------------------------------
INFO: [HLS 200-42] -- Implementing module 'computeTiles_Pipeline_k_BLOCK_loop_k_loop_i_loop' 
INFO: [HLS 200-10] ----------------------------------------------------------------
INFO: [SCHED 204-11] Starting scheduling ...
INFO: [SCHED 204-61] Pipelining loop 'k_BLOCK_loop_k_loop_i_loop'.
INFO: [HLS 200-1470] Pipelining result : Target II = 1, Final II = 1, Depth = 6, loop 'k_BLOCK_loop_k_loop_i_loop'
INFO: [SCHED 204-11] Finished scheduling.
INFO: [HLS 200-111] Finished Scheduling: CPU user time: 0 seconds. CPU system time: 1 seconds. Elapsed time: 1.694 seconds; current allocated memory: 268.359 MB.
INFO: [BIND 205-100] Starting micro-architecture generation ...
INFO: [BIND 205-101] Performing variable lifetime analysis.
INFO: [BIND 205-101] Exploring resource sharing.
INFO: [BIND 205-101] Binding ...
INFO: [BIND 205-100] Finished micro-architecture generation.
INFO: [HLS 200-111] Finished Binding: CPU user time: 1 seconds. CPU system time: 0 seconds. Elapsed time: 0.259 seconds; current allocated memory: 268.438 MB.
INFO: [HLS 200-10] ----------------------------------------------------------------
INFO: [HLS 200-42] -- Implementing module 'computeTiles_Pipeline_j_output_loop' 
INFO: [HLS 200-10] ----------------------------------------------------------------
INFO: [SCHED 204-11] Starting scheduling ...
INFO: [SCHED 204-61] Pipelining loop 'j_output_loop'.
INFO: [HLS 200-1470] Pipelining result : Target II = 1, Final II = 1, Depth = 2, loop 'j_output_loop'
INFO: [SCHED 204-11] Finished scheduling.
INFO: [HLS 200-111] Finished Scheduling: CPU user time: 0 seconds. CPU system time: 0 seconds. Elapsed time: 0.267 seconds; current allocated memory: 268.484 MB.
INFO: [BIND 205-100] Starting micro-architecture generation ...
INFO: [BIND 205-101] Performing variable lifetime analysis.
INFO: [BIND 205-101] Exploring resource sharing.
INFO: [BIND 205-101] Binding ...
INFO: [BIND 205-100] Finished micro-architecture generation.
INFO: [HLS 200-111] Finished Binding: CPU user time: 0 seconds. CPU system time: 0 seconds. Elapsed time: 0.051 seconds; current allocated memory: 268.508 MB.
INFO: [HLS 200-10] ----------------------------------------------------------------
INFO: [HLS 200-42] -- Implementing module 'computeTiles' 
INFO: [HLS 200-10] ----------------------------------------------------------------
INFO: [SCHED 204-11] Starting scheduling ...
INFO: [SCHED 204-11] Finished scheduling.
INFO: [HLS 200-111] Finished Scheduling: CPU user time: 0 seconds. CPU system time: 0 seconds. Elapsed time: 0.229 seconds; current allocated memory: 270.531 MB.
INFO: [BIND 205-100] Starting micro-architecture generation ...
INFO: [BIND 205-101] Performing variable lifetime analysis.
INFO: [BIND 205-101] Exploring resource sharing.
INFO: [BIND 205-101] Binding ...
INFO: [BIND 205-100] Finished micro-architecture generation.
INFO: [HLS 200-111] Finished Binding: CPU user time: 0 seconds. CPU system time: 0 seconds. Elapsed time: 0.182 seconds; current allocated memory: 271.043 MB.
INFO: [HLS 200-10] ----------------------------------------------------------------
INFO: [HLS 200-42] -- Implementing module 'Block_entry_gmem_rd_proc' 
INFO: [HLS 200-10] ----------------------------------------------------------------
INFO: [SCHED 204-11] Starting scheduling ...
INFO: [SCHED 204-11] Finished scheduling.
INFO: [HLS 200-111] Finished Scheduling: CPU user time: 0 seconds. CPU system time: 0 seconds. Elapsed time: 0.238 seconds; current allocated memory: 271.223 MB.
INFO: [BIND 205-100] Starting micro-architecture generation ...
INFO: [BIND 205-101] Performing variable lifetime analysis.
INFO: [BIND 205-101] Exploring resource sharing.
INFO: [BIND 205-101] Binding ...
INFO: [BIND 205-100] Finished micro-architecture generation.
INFO: [HLS 200-111] Finished Binding: CPU user time: 0 seconds. CPU system time: 0 seconds. Elapsed time: 0.051 seconds; current allocated memory: 271.293 MB.
INFO: [HLS 200-10] ----------------------------------------------------------------
INFO: [HLS 200-42] -- Implementing module 'writeTiles_Pipeline_i_BLOCK_loop_j_BLOCK_loop_j_output_loop' 
INFO: [HLS 200-10] ----------------------------------------------------------------
INFO: [SCHED 204-11] Starting scheduling ...
INFO: [SCHED 204-61] Pipelining loop 'i_BLOCK_loop_j_BLOCK_loop_j_output_loop'.
INFO: [HLS 200-1470] Pipelining result : Target II = 1, Final II = 1, Depth = 12, loop 'i_BLOCK_loop_j_BLOCK_loop_j_output_loop'
INFO: [SCHED 204-11] Finished scheduling.
INFO: [HLS 200-111] Finished Scheduling: CPU user time: 0 seconds. CPU system time: 0 seconds. Elapsed time: 0.273 seconds; current allocated memory: 271.773 MB.
INFO: [BIND 205-100] Starting micro-architecture generation ...
INFO: [BIND 205-101] Performing variable lifetime analysis.
INFO: [BIND 205-101] Exploring resource sharing.
INFO: [BIND 205-101] Binding ...
INFO: [BIND 205-100] Finished micro-architecture generation.
INFO: [HLS 200-111] Finished Binding: CPU user time: 0 seconds. CPU system time: 0 seconds. Elapsed time: 0.051 seconds; current allocated memory: 271.773 MB.
INFO: [HLS 200-10] ----------------------------------------------------------------
INFO: [HLS 200-42] -- Implementing module 'writeTiles' 
INFO: [HLS 200-10] ----------------------------------------------------------------
INFO: [SCHED 204-11] Starting scheduling ...
INFO: [SCHED 204-11] Finished scheduling.
INFO: [HLS 200-111] Finished Scheduling: CPU user time: 1 seconds. CPU system time: 0 seconds. Elapsed time: 0.09 seconds; current allocated memory: 271.953 MB.
INFO: [BIND 205-100] Starting micro-architecture generation ...
INFO: [BIND 205-101] Performing variable lifetime analysis.
INFO: [BIND 205-101] Exploring resource sharing.
INFO: [BIND 205-101] Binding ...
INFO: [BIND 205-100] Finished micro-architecture generation.
INFO: [HLS 200-111] Finished Binding: CPU user time: 0 seconds. CPU system time: 0 seconds. Elapsed time: 0.058 seconds; current allocated memory: 271.953 MB.
INFO: [HLS 200-10] ----------------------------------------------------------------
INFO: [HLS 200-42] -- Implementing module 'MM' 
INFO: [HLS 200-10] ----------------------------------------------------------------
INFO: [SCHED 204-11] Starting scheduling ...
INFO: [SCHED 204-11] Finished scheduling.
INFO: [HLS 200-111] Finished Scheduling: CPU user time: 0 seconds. CPU system time: 0 seconds. Elapsed time: 0.078 seconds; current allocated memory: 272.301 MB.
INFO: [BIND 205-100] Starting micro-architecture generation ...
INFO: [BIND 205-101] Performing variable lifetime analysis.
INFO: [BIND 205-101] Exploring resource sharing.
INFO: [BIND 205-101] Binding ...
INFO: [BIND 205-100] Finished micro-architecture generation.
INFO: [HLS 200-111] Finished Binding: CPU user time: 0 seconds. CPU system time: 0 seconds. Elapsed time: 0.057 seconds; current allocated memory: 272.523 MB.
INFO: [HLS 200-10] ----------------------------------------------------------------
INFO: [HLS 200-10] -- Generating RTL for module 'entry_proc' 
INFO: [HLS 200-10] ----------------------------------------------------------------
INFO: [RTGEN 206-100] Finished creating RTL model for 'entry_proc'.
INFO: [HLS 200-111] Finished Creating RTL model: CPU user time: 0 seconds. CPU system time: 0 seconds. Elapsed time: 0.223 seconds; current allocated memory: 273.711 MB.
INFO: [HLS 200-10] ----------------------------------------------------------------
INFO: [HLS 200-10] -- Generating RTL for module 'readAtTiles_Pipeline_i_BLOCK_loop_j_BLOCK_loop_k_BLOCK_loop_k_loop' 
INFO: [HLS 200-10] ----------------------------------------------------------------
INFO: [HLS 200-1030] Apply Unified Pipeline Control on module 'readAtTiles_Pipeline_i_BLOCK_loop_j_BLOCK_loop_k_BLOCK_loop_k_loop' pipeline 'i_BLOCK_loop_j_BLOCK_loop_k_BLOCK_loop_k_loop' pipeline type 'loop pipeline'
INFO: [RTGEN 206-100] Generating core module 'mul_32s_32s_32_1_1': 1 instance(s).
INFO: [RTGEN 206-100] Finished creating RTL model for 'readAtTiles_Pipeline_i_BLOCK_loop_j_BLOCK_loop_k_BLOCK_loop_k_loop'.
INFO: [HLS 200-111] Finished Creating RTL model: CPU user time: 0 seconds. CPU system time: 0 seconds. Elapsed time: 0.217 seconds; current allocated memory: 276.273 MB.
INFO: [HLS 200-10] ----------------------------------------------------------------
INFO: [HLS 200-10] -- Generating RTL for module 'readAtTiles' 
INFO: [HLS 200-10] ----------------------------------------------------------------
INFO: [RTGEN 206-100] Generating core module 'mul_27ns_31ns_58_1_1': 1 instance(s).
INFO: [RTGEN 206-100] Generating core module 'mul_27ns_58ns_85_2_1': 1 instance(s).
INFO: [RTGEN 206-100] Finished creating RTL model for 'readAtTiles'.
INFO: [HLS 200-111] Finished Creating RTL model: CPU user time: 0 seconds. CPU system time: 0 seconds. Elapsed time: 1.275 seconds; current allocated memory: 278.895 MB.
INFO: [HLS 200-10] ----------------------------------------------------------------
INFO: [HLS 200-10] -- Generating RTL for module 'readBTiles_Pipeline_i_BLOCK_loop_j_BLOCK_loop_k_BLOCK_loop_k_loop' 
INFO: [HLS 200-10] ----------------------------------------------------------------
INFO: [HLS 200-1030] Apply Unified Pipeline Control on module 'readBTiles_Pipeline_i_BLOCK_loop_j_BLOCK_loop_k_BLOCK_loop_k_loop' pipeline 'i_BLOCK_loop_j_BLOCK_loop_k_BLOCK_loop_k_loop' pipeline type 'loop pipeline'
INFO: [RTGEN 206-100] Generating core module 'mul_32s_32s_32_1_1': 1 instance(s).
INFO: [RTGEN 206-100] Finished creating RTL model for 'readBTiles_Pipeline_i_BLOCK_loop_j_BLOCK_loop_k_BLOCK_loop_k_loop'.
INFO: [HLS 200-111] Finished Creating RTL model: CPU user time: 0 seconds. CPU system time: 0 seconds. Elapsed time: 0.735 seconds; current allocated memory: 280.484 MB.
INFO: [HLS 200-10] ----------------------------------------------------------------
INFO: [HLS 200-10] -- Generating RTL for module 'readBTiles' 
INFO: [HLS 200-10] ----------------------------------------------------------------
INFO: [RTGEN 206-100] Generating core module 'mul_27ns_31ns_58_1_1': 1 instance(s).
INFO: [RTGEN 206-100] Generating core module 'mul_27ns_58ns_85_2_1': 1 instance(s).
INFO: [RTGEN 206-100] Finished creating RTL model for 'readBTiles'.
INFO: [HLS 200-111] Finished Creating RTL model: CPU user time: 0 seconds. CPU system time: 0 seconds. Elapsed time: 0.408 seconds; current allocated memory: 282.906 MB.
INFO: [HLS 200-10] ----------------------------------------------------------------
INFO: [HLS 200-10] -- Generating RTL for module 'computeTiles_Pipeline_k_BLOCK_loop_k_loop_i_loop' 
INFO: [HLS 200-10] ----------------------------------------------------------------
INFO: [HLS 200-1030] Apply Unified Pipeline Control on module 'computeTiles_Pipeline_k_BLOCK_loop_k_loop_i_loop' pipeline 'k_BLOCK_loop_k_loop_i_loop' pipeline type 'loop pipeline'
INFO: [RTGEN 206-104] Estimated max fanout for 'computeTiles_Pipeline_k_BLOCK_loop_k_loop_i_loop' is 9248 from HDL expression: ((1'b0 == ap_block_pp0_stage0_subdone_grp0_done_reg) & (1'b0 == ap_block_pp0_stage0_11001_grp0))
INFO: [RTGEN 206-100] Generating core module 'mul_32s_32s_32_1_1': 16 instance(s).
INFO: [RTGEN 206-100] Generating core module 'sparsemux_33_4_32_1_1': 16 instance(s).
INFO: [RTGEN 206-100] Finished creating RTL model for 'computeTiles_Pipeline_k_BLOCK_loop_k_loop_i_loop'.
INFO: [HLS 200-111] Finished Creating RTL model: CPU user time: 1 seconds. CPU system time: 0 seconds. Elapsed time: 0.929 seconds; current allocated memory: 290.266 MB.
INFO: [HLS 200-10] ----------------------------------------------------------------
INFO: [HLS 200-10] -- Generating RTL for module 'computeTiles_Pipeline_j_output_loop' 
INFO: [HLS 200-10] ----------------------------------------------------------------
INFO: [HLS 200-1030] Apply Unified Pipeline Control on module 'computeTiles_Pipeline_j_output_loop' pipeline 'j_output_loop' pipeline type 'loop pipeline'
INFO: [RTGEN 206-100] Finished creating RTL model for 'computeTiles_Pipeline_j_output_loop'.
INFO: [HLS 200-111] Finished Creating RTL model: CPU user time: 1 seconds. CPU system time: 1 seconds. Elapsed time: 1.599 seconds; current allocated memory: 302.516 MB.
INFO: [HLS 200-10] ----------------------------------------------------------------
INFO: [HLS 200-10] -- Generating RTL for module 'computeTiles' 
INFO: [HLS 200-10] ----------------------------------------------------------------
INFO: [RTGEN 206-104] Estimated max fanout for 'computeTiles' is 8283 from HDL expression: (1'b1 == ap_CS_fsm_state1)
INFO: [RTGEN 206-100] Finished creating RTL model for 'computeTiles'.
INFO: [HLS 200-111] Finished Creating RTL model: CPU user time: 0 seconds. CPU system time: 0 seconds. Elapsed time: 0.682 seconds; current allocated memory: 302.516 MB.
INFO: [HLS 200-10] ----------------------------------------------------------------
INFO: [HLS 200-10] -- Generating RTL for module 'Block_entry_gmem_rd_proc' 
INFO: [HLS 200-10] ----------------------------------------------------------------
INFO: [RTGEN 206-100] Generating core module 'mul_27ns_58ns_85_2_1': 1 instance(s).
INFO: [RTGEN 206-100] Finished creating RTL model for 'Block_entry_gmem_rd_proc'.
INFO: [RTMG 210-285] Implementing FIFO 'B_stream_U(MM_fifo_w512_d32_A)' using Vivado Default RAMs.
INFO: [RTMG 210-285] Implementing FIFO 'A_stream_U(MM_fifo_w512_d32_A)' using Vivado Default RAMs.
INFO: [HLS 200-111] Finished Creating RTL model: CPU user time: 1 seconds. CPU system time: 1 seconds. Elapsed time: 1.078 seconds; current allocated memory: 309.270 MB.
INFO: [HLS 200-10] ----------------------------------------------------------------
INFO: [HLS 200-10] -- Generating RTL for module 'writeTiles_Pipeline_i_BLOCK_loop_j_BLOCK_loop_j_output_loop' 
INFO: [HLS 200-10] ----------------------------------------------------------------
INFO: [HLS 200-1030] Apply Unified Pipeline Control on module 'writeTiles_Pipeline_i_BLOCK_loop_j_BLOCK_loop_j_output_loop' pipeline 'i_BLOCK_loop_j_BLOCK_loop_j_output_loop' pipeline type 'loop pipeline'
INFO: [RTGEN 206-100] Generating core module 'mul_32s_32s_32_1_1': 1 instance(s).
INFO: [RTGEN 206-100] Finished creating RTL model for 'writeTiles_Pipeline_i_BLOCK_loop_j_BLOCK_loop_j_output_loop'.
INFO: [HLS 200-111] Finished Creating RTL model: CPU user time: 0 seconds. CPU system time: 0 seconds. Elapsed time: 0.258 seconds; current allocated memory: 309.781 MB.
INFO: [HLS 200-10] ----------------------------------------------------------------
INFO: [HLS 200-10] -- Generating RTL for module 'writeTiles' 
INFO: [HLS 200-10] ----------------------------------------------------------------
INFO: [RTGEN 206-100] Generating core module 'mul_27ns_31ns_58_1_1': 1 instance(s).
INFO: [RTGEN 206-100] Finished creating RTL model for 'writeTiles'.
INFO: [HLS 200-111] Finished Creating RTL model: CPU user time: 0 seconds. CPU system time: 0 seconds. Elapsed time: 0.417 seconds; current allocated memory: 311.625 MB.
INFO: [HLS 200-10] ----------------------------------------------------------------
INFO: [HLS 200-10] -- Generating RTL for module 'MM' 
INFO: [HLS 200-10] ----------------------------------------------------------------
WARNING: [RTGEN 206-101] Design contains AXI ports. Reset is fixed to synchronous and active low.
INFO: [RTGEN 206-500] Setting interface mode on port 'MM/gmem' to 'm_axi'.
INFO: [RTGEN 206-500] Setting interface mode on port 'MM/AT' to 's_axilite & ap_none'.
INFO: [RTGEN 206-500] Setting interface mode on port 'MM/B' to 's_axilite & ap_none'.
INFO: [RTGEN 206-500] Setting interface mode on port 'MM/C' to 's_axilite & ap_none'.
INFO: [RTGEN 206-500] Setting interface mode on port 'MM/ABC' to 's_axilite & ap_none'.
INFO: [RTGEN 206-500] Setting interface mode on port 'MM/N' to 's_axilite & ap_none'.
INFO: [RTGEN 206-500] Setting interface mode on port 'MM/M' to 's_axilite & ap_none'.
INFO: [RTGEN 206-500] Setting interface mode on port 'MM/P' to 's_axilite & ap_none'.
INFO: [RTGEN 206-500] Setting interface mode on function 'MM' to 's_axilite & ap_ctrl_hs'.
INFO: [RTGEN 206-100] Bundling port 'AT', 'B', 'C', 'ABC', 'N', 'M', 'P' and 'return' to AXI-Lite port control.
WARNING: [RTGEN 206-101] RTL name 'fifo_w512_d32_A' is changed to 'fifo_w512_d32_A_x' due to conflict.
INFO: [RTGEN 206-100] Finished creating RTL model for 'MM'.
INFO: [RTMG 210-285] Implementing FIFO 'ABC_c_U(MM_fifo_w64_d3_S)' using Shift Registers.
INFO: [RTMG 210-285] Implementing FIFO 'AB_stream_U(MM_fifo_w512_d32_A_x)' using Vivado Default RAMs.
INFO: [RTMG 210-285] Implementing FIFO 'N_c_U(MM_fifo_w32_d2_S)' using Shift Registers.
INFO: [RTMG 210-285] Implementing FIFO 'P_c_U(MM_fifo_w32_d2_S)' using Shift Registers.
INFO: [RTMG 210-285] Implementing FIFO 'start_for_writeTiles_U0_U(MM_start_for_writeTiles_U0)' using Shift Registers.
INFO: [HLS 200-111] Finished Creating RTL model: CPU user time: 0 seconds. CPU system time: 0 seconds. Elapsed time: 0.262 seconds; current allocated memory: 313.910 MB.
INFO: [HLS 200-111] Finished Generating all RTL models: CPU user time: 1 seconds. CPU system time: 0 seconds. Elapsed time: 1.635 seconds; current allocated memory: 318.297 MB.
INFO: [HLS 200-111] Finished Updating report files: CPU user time: 1 seconds. CPU system time: 1 seconds. Elapsed time: 3.57 seconds; current allocated memory: 327.402 MB.
INFO: [VHDL 208-304] Generating VHDL RTL for MM.
INFO: [VLOG 209-307] Generating Verilog RTL for MM.
INFO: [HLS 200-789] **** Estimated Fmax: 91.32 MHz
INFO: [HLS 200-112] Total CPU user time: 17 seconds. Total CPU system time: 7 seconds. Total elapsed time: 82.646 seconds; peak allocated memory: 327.449 MB.
INFO: [v++ 60-791] Total elapsed time: 0h 1m 33s
