  **** HLS Build v2025.2 6295257
INFO: [HLS 200-2005] Using work_dir T:/Documents/ECE574/Labs/MLP_accelerator/baseline_blockedMM/baseline_blockedMM 
INFO: [HLS 200-2176] Writing Vitis IDE component file T:/Documents/ECE574/Labs/MLP_accelerator/baseline_blockedMM/baseline_blockedMM/vitis-comp.json
INFO: [HLS 200-10] Creating and opening component 'T:/Documents/ECE574/Labs/MLP_accelerator/baseline_blockedMM/baseline_blockedMM'.
INFO: [HLS 200-1505] Using default flow_target 'vivado'
Resolution: For help on HLS 200-1505 see docs.amd.com/access/sources/dita/topic?Doc_Version=2025.2%20English&url=ug1448-hls-guidance&resourceid=200-1505.html
INFO: [HLS 200-2174] Applying component config ini file hls_config.cfg
INFO: [HLS 200-1465] Applying config ini 'syn.file=../MLP_baseline/mm.cpp' from hls_config.cfg(7)
INFO: [HLS 200-10] Adding design file 'T:/Documents/ECE574/Labs/MLP_accelerator/MLP_baseline/mm.cpp' to the project
INFO: [HLS 200-1465] Applying config ini 'syn.file=../MLP_baseline/mm.h' from hls_config.cfg(8)
INFO: [HLS 200-10] Adding design file 'T:/Documents/ECE574/Labs/MLP_accelerator/MLP_baseline/mm.h' to the project
INFO: [HLS 200-1465] Applying config ini 'tb.file=../MLP_baseline/first_layer_golden_output.txt' from hls_config.cfg(9)
INFO: [HLS 200-10] Adding test bench file 'T:/Documents/ECE574/Labs/MLP_accelerator/MLP_baseline/first_layer_golden_output.txt' to the project
INFO: [HLS 200-1465] Applying config ini 'tb.file=../MLP_baseline/mm_test.cpp' from hls_config.cfg(10)
INFO: [HLS 200-10] Adding test bench file 'T:/Documents/ECE574/Labs/MLP_accelerator/MLP_baseline/mm_test.cpp' to the project
INFO: [HLS 200-1465] Applying config ini 'tb.file=../MLP_baseline/mnist_images_int.txt' from hls_config.cfg(11)
INFO: [HLS 200-10] Adding test bench file 'T:/Documents/ECE574/Labs/MLP_accelerator/MLP_baseline/mnist_images_int.txt' to the project
INFO: [HLS 200-1465] Applying config ini 'tb.file=../MLP_baseline/weights_layer1.txt' from hls_config.cfg(12)
INFO: [HLS 200-10] Adding test bench file 'T:/Documents/ECE574/Labs/MLP_accelerator/MLP_baseline/weights_layer1.txt' to the project
INFO: [HLS 200-1465] Applying config ini 'tb.file=../MLP_baseline/weights_layer2.txt' from hls_config.cfg(13)
INFO: [HLS 200-10] Adding test bench file 'T:/Documents/ECE574/Labs/MLP_accelerator/MLP_baseline/weights_layer2.txt' to the project
INFO: [HLS 200-1465] Applying config ini 'tb.file=../MLP_baseline/weights_layer3.txt' from hls_config.cfg(14)
INFO: [HLS 200-10] Adding test bench file 'T:/Documents/ECE574/Labs/MLP_accelerator/MLP_baseline/weights_layer3.txt' to the project
INFO: [HLS 200-1465] Applying config ini 'syn.top=MM' from hls_config.cfg(15)
INFO: [HLS 200-1465] Applying config ini 'flow_target=vivado' from hls_config.cfg(4)
INFO: [HLS 200-1505] Using flow_target 'vivado'
Resolution: For help on HLS 200-1505 see docs.amd.com/access/sources/dita/topic?Doc_Version=2025.2%20English&url=ug1448-hls-guidance&resourceid=200-1505.html
INFO: [HLS 200-1465] Applying config ini 'part=xc7z020clg400-1' from hls_config.cfg(1)
INFO: [HLS 200-1611] Setting target device to 'xc7z020-clg400-1'
INFO: [HLS 200-1465] Applying config ini 'clock=15' from hls_config.cfg(16)
INFO: [SYN 201-201] Setting up clock 'default' with a period of 15ns.
INFO: [HLS 200-1465] Applying config ini 'package.output.format=ip_catalog' from hls_config.cfg(5)
INFO: [HLS 200-2176] Writing Vitis IDE component file T:/Documents/ECE574/Labs/MLP_accelerator/baseline_blockedMM/baseline_blockedMM/vitis-comp.json
INFO: [HLS 200-111] Finished File checks and directory preparation: CPU user time: 1 seconds. CPU system time: 1 seconds. Elapsed time: 7.378 seconds; current allocated memory: 163.469 MB.
INFO: [HLS 200-2191] C-Synthesis will use clang-16 as the compiler
INFO: [HLS 200-10] Analyzing design file '../MLP_baseline/mm.cpp' ... 
INFO: [HLS 200-111] Finished Source Code Analysis and Preprocessing: CPU user time: 0 seconds. CPU system time: 0 seconds. Elapsed time: 5.595 seconds; current allocated memory: 166.105 MB.
INFO: [HLS 200-777] Using interface defaults for 'Vivado' flow target.
INFO: [HLS 200-1995] There were 188 instructions in the design after the 'Compile/Link' phase of compilation. See the Design Size Report for more details (T:/Documents/ECE574/Labs/MLP_accelerator/baseline_blockedMM/baseline_blockedMM/hls/syn/report/csynth_design_size.rpt:2)
INFO: [HLS 200-1995] There were 2,465 instructions in the design after the 'Unroll/Inline (step 1)' phase of compilation. See the Design Size Report for more details (T:/Documents/ECE574/Labs/MLP_accelerator/baseline_blockedMM/baseline_blockedMM/hls/syn/report/csynth_design_size.rpt:2)
INFO: [HLS 200-1995] There were 2,127 instructions in the design after the 'Unroll/Inline (step 2)' phase of compilation. See the Design Size Report for more details (T:/Documents/ECE574/Labs/MLP_accelerator/baseline_blockedMM/baseline_blockedMM/hls/syn/report/csynth_design_size.rpt:2)
INFO: [HLS 200-1995] There were 1,829 instructions in the design after the 'Unroll/Inline (step 3)' phase of compilation. See the Design Size Report for more details (T:/Documents/ECE574/Labs/MLP_accelerator/baseline_blockedMM/baseline_blockedMM/hls/syn/report/csynth_design_size.rpt:2)
INFO: [HLS 200-1995] There were 1,829 instructions in the design after the 'Unroll/Inline (step 4)' phase of compilation. See the Design Size Report for more details (T:/Documents/ECE574/Labs/MLP_accelerator/baseline_blockedMM/baseline_blockedMM/hls/syn/report/csynth_design_size.rpt:2)
INFO: [HLS 200-1995] There were 25,150 instructions in the design after the 'Array/Struct' phase of compilation. See the Design Size Report for more details (T:/Documents/ECE574/Labs/MLP_accelerator/baseline_blockedMM/baseline_blockedMM/hls/syn/report/csynth_design_size.rpt:2)
INFO: [HLS 200-1995] There were 20,739 instructions in the design after the 'Array/Struct (step 2)' phase of compilation. See the Design Size Report for more details (T:/Documents/ECE574/Labs/MLP_accelerator/baseline_blockedMM/baseline_blockedMM/hls/syn/report/csynth_design_size.rpt:2)
INFO: [HLS 200-1995] There were 20,739 instructions in the design after the 'Array/Struct (step 3)' phase of compilation. See the Design Size Report for more details (T:/Documents/ECE574/Labs/MLP_accelerator/baseline_blockedMM/baseline_blockedMM/hls/syn/report/csynth_design_size.rpt:2)
INFO: [HLS 200-1995] There were 20,739 instructions in the design after the 'Array/Struct (step 4)' phase of compilation. See the Design Size Report for more details (T:/Documents/ECE574/Labs/MLP_accelerator/baseline_blockedMM/baseline_blockedMM/hls/syn/report/csynth_design_size.rpt:2)
INFO: [HLS 200-1995] There were 7,483 instructions in the design after the 'Array/Struct (step 5)' phase of compilation. See the Design Size Report for more details (T:/Documents/ECE574/Labs/MLP_accelerator/baseline_blockedMM/baseline_blockedMM/hls/syn/report/csynth_design_size.rpt:2)
INFO: [HLS 200-1995] There were 7,482 instructions in the design after the 'Performance (step 1)' phase of compilation. See the Design Size Report for more details (T:/Documents/ECE574/Labs/MLP_accelerator/baseline_blockedMM/baseline_blockedMM/hls/syn/report/csynth_design_size.rpt:2)
INFO: [HLS 200-1995] There were 6,201 instructions in the design after the 'Performance (step 2)' phase of compilation. See the Design Size Report for more details (T:/Documents/ECE574/Labs/MLP_accelerator/baseline_blockedMM/baseline_blockedMM/hls/syn/report/csynth_design_size.rpt:2)
INFO: [HLS 200-1995] There were 6,151 instructions in the design after the 'Performance (step 3)' phase of compilation. See the Design Size Report for more details (T:/Documents/ECE574/Labs/MLP_accelerator/baseline_blockedMM/baseline_blockedMM/hls/syn/report/csynth_design_size.rpt:2)
INFO: [HLS 200-1995] There were 4,870 instructions in the design after the 'Performance (step 4)' phase of compilation. See the Design Size Report for more details (T:/Documents/ECE574/Labs/MLP_accelerator/baseline_blockedMM/baseline_blockedMM/hls/syn/report/csynth_design_size.rpt:2)
INFO: [HLS 200-1995] There were 9,025 instructions in the design after the 'HW Transforms (step 1)' phase of compilation. See the Design Size Report for more details (T:/Documents/ECE574/Labs/MLP_accelerator/baseline_blockedMM/baseline_blockedMM/hls/syn/report/csynth_design_size.rpt:2)
INFO: [HLS 200-1995] There were 8,767 instructions in the design after the 'HW Transforms (step 2)' phase of compilation. See the Design Size Report for more details (T:/Documents/ECE574/Labs/MLP_accelerator/baseline_blockedMM/baseline_blockedMM/hls/syn/report/csynth_design_size.rpt:2)
INFO: [HLS 214-291] Loop 'VITIS_LOOP_69_9' is marked as complete unroll implied by the pipeline pragma (../MLP_baseline/mm.cpp:69:42)
INFO: [HLS 214-186] Unrolling loop 'VITIS_LOOP_53_3' (../MLP_baseline/mm.cpp:53:30) in function 'MM' completely with a factor of 16 (../MLP_baseline/mm.cpp:7:0)
INFO: [HLS 214-186] Unrolling loop 'VITIS_LOOP_55_4' (../MLP_baseline/mm.cpp:55:34) in function 'MM' completely with a factor of 16 (../MLP_baseline/mm.cpp:7:0)
INFO: [HLS 214-186] Unrolling loop 'VITIS_LOOP_62_7' (../MLP_baseline/mm.cpp:62:38) in function 'MM' completely with a factor of 16 (../MLP_baseline/mm.cpp:7:0)
INFO: [HLS 214-186] Unrolling loop 'VITIS_LOOP_69_9' (../MLP_baseline/mm.cpp:69:42) in function 'MM' completely with a factor of 16 (../MLP_baseline/mm.cpp:7:0)
INFO: [HLS 214-186] Unrolling loop 'VITIS_LOOP_77_10' (../MLP_baseline/mm.cpp:77:31) in function 'MM' completely with a factor of 16 (../MLP_baseline/mm.cpp:7:0)
INFO: [HLS 214-186] Unrolling loop 'VITIS_LOOP_79_11' (../MLP_baseline/mm.cpp:79:35) in function 'MM' completely with a factor of 16 (../MLP_baseline/mm.cpp:7:0)
INFO: [HLS 214-248] Applying array_partition to 'AB_block': Complete partitioning on dimension 1. (../MLP_baseline/mm.cpp:40:11)
INFO: [HLS 214-248] Applying array_partition to 'B': Complete partitioning on dimension 1. (../MLP_baseline/mm.cpp:7:0)
INFO: [HLS 214-437] Disabling loop flattening for loop 'VITIS_LOOP_51_2'. (../MLP_baseline/mm.cpp:51:26)
INFO: [HLS 214-449] Partitioning array 'AB_block_0' dimension 1 due to constant index. (../MLP_baseline/mm.cpp:40:11)
INFO: [HLS 214-449] Partitioning array 'AB_block_1' dimension 1 due to constant index. (../MLP_baseline/mm.cpp:40:11)
INFO: [HLS 214-449] Partitioning array 'AB_block_2' dimension 1 due to constant index. (../MLP_baseline/mm.cpp:40:11)
INFO: [HLS 214-449] Partitioning array 'AB_block_3' dimension 1 due to constant index. (../MLP_baseline/mm.cpp:40:11)
INFO: [HLS 214-449] Partitioning array 'AB_block_4' dimension 1 due to constant index. (../MLP_baseline/mm.cpp:40:11)
INFO: [HLS 214-449] Partitioning array 'AB_block_5' dimension 1 due to constant index. (../MLP_baseline/mm.cpp:40:11)
INFO: [HLS 214-449] Partitioning array 'AB_block_6' dimension 1 due to constant index. (../MLP_baseline/mm.cpp:40:11)
INFO: [HLS 214-449] Partitioning array 'AB_block_7' dimension 1 due to constant index. (../MLP_baseline/mm.cpp:40:11)
INFO: [HLS 214-449] Partitioning array 'AB_block_8' dimension 1 due to constant index. (../MLP_baseline/mm.cpp:40:11)
INFO: [HLS 214-449] Partitioning array 'AB_block_9' dimension 1 due to constant index. (../MLP_baseline/mm.cpp:40:11)
INFO: [HLS 214-449] Partitioning array 'AB_block_10' dimension 1 due to constant index. (../MLP_baseline/mm.cpp:40:11)
INFO: [HLS 214-449] Partitioning array 'AB_block_11' dimension 1 due to constant index. (../MLP_baseline/mm.cpp:40:11)
INFO: [HLS 214-449] Partitioning array 'AB_block_12' dimension 1 due to constant index. (../MLP_baseline/mm.cpp:40:11)
INFO: [HLS 214-449] Partitioning array 'AB_block_13' dimension 1 due to constant index. (../MLP_baseline/mm.cpp:40:11)
INFO: [HLS 214-449] Partitioning array 'AB_block_14' dimension 1 due to constant index. (../MLP_baseline/mm.cpp:40:11)
INFO: [HLS 214-449] Partitioning array 'AB_block_15' dimension 1 due to constant index. (../MLP_baseline/mm.cpp:40:11)
INFO: [HLS 214-248] Applying array_partition to 'AB_block_0': Complete partitioning on dimension 1. (../MLP_baseline/mm.cpp:40:11)
INFO: [HLS 214-248] Applying array_partition to 'AB_block_1': Complete partitioning on dimension 1. (../MLP_baseline/mm.cpp:40:11)
INFO: [HLS 214-248] Applying array_partition to 'AB_block_2': Complete partitioning on dimension 1. (../MLP_baseline/mm.cpp:40:11)
INFO: [HLS 214-248] Applying array_partition to 'AB_block_3': Complete partitioning on dimension 1. (../MLP_baseline/mm.cpp:40:11)
INFO: [HLS 214-248] Applying array_partition to 'AB_block_4': Complete partitioning on dimension 1. (../MLP_baseline/mm.cpp:40:11)
INFO: [HLS 214-248] Applying array_partition to 'AB_block_5': Complete partitioning on dimension 1. (../MLP_baseline/mm.cpp:40:11)
INFO: [HLS 214-248] Applying array_partition to 'AB_block_6': Complete partitioning on dimension 1. (../MLP_baseline/mm.cpp:40:11)
INFO: [HLS 214-248] Applying array_partition to 'AB_block_7': Complete partitioning on dimension 1. (../MLP_baseline/mm.cpp:40:11)
INFO: [HLS 214-248] Applying array_partition to 'AB_block_8': Complete partitioning on dimension 1. (../MLP_baseline/mm.cpp:40:11)
INFO: [HLS 214-248] Applying array_partition to 'AB_block_9': Complete partitioning on dimension 1. (../MLP_baseline/mm.cpp:40:11)
INFO: [HLS 214-248] Applying array_partition to 'AB_block_10': Complete partitioning on dimension 1. (../MLP_baseline/mm.cpp:40:11)
INFO: [HLS 214-248] Applying array_partition to 'AB_block_11': Complete partitioning on dimension 1. (../MLP_baseline/mm.cpp:40:11)
INFO: [HLS 214-248] Applying array_partition to 'AB_block_12': Complete partitioning on dimension 1. (../MLP_baseline/mm.cpp:40:11)
INFO: [HLS 214-248] Applying array_partition to 'AB_block_13': Complete partitioning on dimension 1. (../MLP_baseline/mm.cpp:40:11)
INFO: [HLS 214-248] Applying array_partition to 'AB_block_14': Complete partitioning on dimension 1. (../MLP_baseline/mm.cpp:40:11)
INFO: [HLS 214-248] Applying array_partition to 'AB_block_15': Complete partitioning on dimension 1. (../MLP_baseline/mm.cpp:40:11)
INFO: [HLS 214-115] Multiple burst reads of length 16 and bit width 32 has been inferred on bundle 'gmem'. These burst requests might be further partitioned into multiple requests during RTL generation, based on max_read_burst_length or max_write_burst_length settings. (../MLP_baseline/mm.cpp:57:38)
INFO: [HLS 214-115] Multiple burst writes of length 16 and bit width 32 has been inferred on bundle 'gmem'. These burst requests might be further partitioned into multiple requests during RTL generation, based on max_read_burst_length or max_write_burst_length settings. (../MLP_baseline/mm.cpp:81:45)
INFO: [HLS 214-115] Multiple burst writes of length 16 and bit width 32 has been inferred on bundle 'gmem'. These burst requests might be further partitioned into multiple requests during RTL generation, based on max_read_burst_length or max_write_burst_length settings. (../MLP_baseline/mm.cpp:51:64)
INFO: [HLS 200-111] Finished Compiling Optimization and Transform: CPU user time: 10 seconds. CPU system time: 1 seconds. Elapsed time: 59.873 seconds; current allocated memory: 195.949 MB.
INFO: [HLS 200-111] Finished Checking Pragmas: CPU user time: 0 seconds. CPU system time: 0 seconds. Elapsed time: 0.014 seconds; current allocated memory: 195.949 MB.
INFO: [HLS 200-10] Starting code transformations ...
INFO: [HLS 200-111] Finished Standard Transforms: CPU user time: 1 seconds. CPU system time: 0 seconds. Elapsed time: 1.348 seconds; current allocated memory: 224.422 MB.
INFO: [HLS 200-10] Checking synthesizability ...
INFO: [HLS 200-111] Finished Checking Synthesizability: CPU user time: 5 seconds. CPU system time: 0 seconds. Elapsed time: 5.101 seconds; current allocated memory: 237.648 MB.
INFO: [HLS 200-111] Finished Loop, function and other optimizations: CPU user time: 31 seconds. CPU system time: 0 seconds. Elapsed time: 30.867 seconds; current allocated memory: 296.551 MB.
INFO: [HLS 200-2061] Successfully converted nested loops 'VITIS_LOOP_61_6'(../MLP_baseline/mm.cpp:61:34) and 'VITIS_LOOP_66_8'(../MLP_baseline/mm.cpp:66:38) in function 'MM' into perfectly nested loops.
INFO: [HLS 200-2061] Successfully converted nested loops 'VITIS_LOOP_60_5'(../MLP_baseline/mm.cpp:60:30) and 'VITIS_LOOP_61_6'(../MLP_baseline/mm.cpp:61:34) in function 'MM' into perfectly nested loops.
INFO: [XFORM 203-541] Flattening a loop nest 'VITIS_LOOP_61_6' (../MLP_baseline/mm.cpp:61:34) in function 'MM'.
INFO: [XFORM 203-541] Flattening a loop nest 'VITIS_LOOP_60_5' (../MLP_baseline/mm.cpp:60:30) in function 'MM'.
INFO: [HLS 200-111] Finished Architecture Synthesis: CPU user time: 14 seconds. CPU system time: 0 seconds. Elapsed time: 14.166 seconds; current allocated memory: 408.328 MB.
INFO: [HLS 200-10] Starting hardware synthesis ...
INFO: [HLS 200-10] Synthesizing 'MM' ...
INFO: [HLS 200-10] ----------------------------------------------------------------
INFO: [HLS 200-42] -- Implementing module 'MM_Pipeline_VITIS_LOOP_60_5_VITIS_LOOP_61_6_VITIS_LOOP_66_8' 
INFO: [HLS 200-10] ----------------------------------------------------------------
INFO: [SCHED 204-11] Starting scheduling ...
INFO: [HLS 200-486] Changing DSP latency (root=add_ln64_1) to 3 in order to utilize available DSP registers.
INFO: [SCHED 204-61] Pipelining loop 'VITIS_LOOP_60_5_VITIS_LOOP_61_6_VITIS_LOOP_66_8'.
INFO: [HLS 200-1470] Pipelining result : Target II = 1, Final II = 1, Depth = 15, loop 'VITIS_LOOP_60_5_VITIS_LOOP_61_6_VITIS_LOOP_66_8'
INFO: [SCHED 204-11] Finished scheduling.
INFO: [HLS 200-111] Finished Scheduling: CPU user time: 39 seconds. CPU system time: 0 seconds. Elapsed time: 39.871 seconds; current allocated memory: 507.586 MB.
INFO: [BIND 205-100] Starting micro-architecture generation ...
INFO: [BIND 205-101] Performing variable lifetime analysis.
INFO: [BIND 205-101] Exploring resource sharing.
INFO: [BIND 205-101] Binding ...
INFO: [BIND 205-100] Finished micro-architecture generation.
INFO: [HLS 200-111] Finished Binding: CPU user time: 1 seconds. CPU system time: 0 seconds. Elapsed time: 1.749 seconds; current allocated memory: 507.586 MB.
INFO: [HLS 200-10] ----------------------------------------------------------------
INFO: [HLS 200-42] -- Implementing module 'MM' 
INFO: [HLS 200-10] ----------------------------------------------------------------
INFO: [SCHED 204-11] Starting scheduling ...
