  **** HLS Build v2025.1 6135595
INFO: [HLS 200-2005] Using work_dir C:/Users/seanr/vitis_projects/Lab3_MLP_optimization/baseline_blockedMM/baseline_blockedMM 
INFO: [HLS 200-2176] Writing Vitis IDE component file C:/Users/seanr/vitis_projects/Lab3_MLP_optimization/baseline_blockedMM/baseline_blockedMM/vitis-comp.json
INFO: [HLS 200-10] Creating and opening component 'C:/Users/seanr/vitis_projects/Lab3_MLP_optimization/baseline_blockedMM/baseline_blockedMM'.
INFO: [HLS 200-1611] Setting target device to 'xc7z020-clg400-1'
INFO: [HLS 200-1505] Using default flow_target 'vivado'
Resolution: For help on HLS 200-1505 see docs.xilinx.com/access/sources/dita/topic?Doc_Version=2025.1%20English&url=ug1448-hls-guidance&resourceid=200-1505.html
INFO: [HLS 200-2174] Applying component config ini file C:/Users/seanr/vitis_projects/Lab3_MLP_optimization/baseline_blockedMM/hls_config.cfg
INFO: [HLS 200-1465] Applying config ini 'syn.file=../MLP_baseline/mm.cpp' from C:/Users/seanr/vitis_projects/Lab3_MLP_optimization/baseline_blockedMM/hls_config.cfg(7)
INFO: [HLS 200-10] Adding design file 'C:/Users/seanr/vitis_projects/Lab3_MLP_optimization/MLP_baseline/mm.cpp' to the project
INFO: [HLS 200-1465] Applying config ini 'syn.file=../MLP_baseline/mm.h' from C:/Users/seanr/vitis_projects/Lab3_MLP_optimization/baseline_blockedMM/hls_config.cfg(8)
INFO: [HLS 200-10] Adding design file 'C:/Users/seanr/vitis_projects/Lab3_MLP_optimization/MLP_baseline/mm.h' to the project
INFO: [HLS 200-1465] Applying config ini 'tb.file=../MLP_baseline/first_layer_golden_output.txt' from C:/Users/seanr/vitis_projects/Lab3_MLP_optimization/baseline_blockedMM/hls_config.cfg(9)
INFO: [HLS 200-10] Adding test bench file 'C:/Users/seanr/vitis_projects/Lab3_MLP_optimization/MLP_baseline/first_layer_golden_output.txt' to the project
INFO: [HLS 200-1465] Applying config ini 'tb.file=../MLP_baseline/mm_test.cpp' from C:/Users/seanr/vitis_projects/Lab3_MLP_optimization/baseline_blockedMM/hls_config.cfg(10)
INFO: [HLS 200-10] Adding test bench file 'C:/Users/seanr/vitis_projects/Lab3_MLP_optimization/MLP_baseline/mm_test.cpp' to the project
INFO: [HLS 200-1465] Applying config ini 'tb.file=../MLP_baseline/mnist_images_int.txt' from C:/Users/seanr/vitis_projects/Lab3_MLP_optimization/baseline_blockedMM/hls_config.cfg(11)
INFO: [HLS 200-10] Adding test bench file 'C:/Users/seanr/vitis_projects/Lab3_MLP_optimization/MLP_baseline/mnist_images_int.txt' to the project
INFO: [HLS 200-1465] Applying config ini 'tb.file=../MLP_baseline/weights_layer1.txt' from C:/Users/seanr/vitis_projects/Lab3_MLP_optimization/baseline_blockedMM/hls_config.cfg(12)
INFO: [HLS 200-10] Adding test bench file 'C:/Users/seanr/vitis_projects/Lab3_MLP_optimization/MLP_baseline/weights_layer1.txt' to the project
INFO: [HLS 200-1465] Applying config ini 'tb.file=../MLP_baseline/weights_layer2.txt' from C:/Users/seanr/vitis_projects/Lab3_MLP_optimization/baseline_blockedMM/hls_config.cfg(13)
INFO: [HLS 200-10] Adding test bench file 'C:/Users/seanr/vitis_projects/Lab3_MLP_optimization/MLP_baseline/weights_layer2.txt' to the project
INFO: [HLS 200-1465] Applying config ini 'tb.file=../MLP_baseline/weights_layer3.txt' from C:/Users/seanr/vitis_projects/Lab3_MLP_optimization/baseline_blockedMM/hls_config.cfg(14)
INFO: [HLS 200-10] Adding test bench file 'C:/Users/seanr/vitis_projects/Lab3_MLP_optimization/MLP_baseline/weights_layer3.txt' to the project
INFO: [HLS 200-1465] Applying config ini 'syn.top=MM' from C:/Users/seanr/vitis_projects/Lab3_MLP_optimization/baseline_blockedMM/hls_config.cfg(15)
INFO: [HLS 200-1465] Applying config ini 'flow_target=vivado' from C:/Users/seanr/vitis_projects/Lab3_MLP_optimization/baseline_blockedMM/hls_config.cfg(4)
INFO: [HLS 200-1505] Using flow_target 'vivado'
Resolution: For help on HLS 200-1505 see docs.xilinx.com/access/sources/dita/topic?Doc_Version=2025.1%20English&url=ug1448-hls-guidance&resourceid=200-1505.html
INFO: [HLS 200-1465] Applying config ini 'part=xc7z020clg400-1' from C:/Users/seanr/vitis_projects/Lab3_MLP_optimization/baseline_blockedMM/hls_config.cfg(1)
INFO: [HLS 200-1465] Applying config ini 'package.output.format=ip_catalog' from C:/Users/seanr/vitis_projects/Lab3_MLP_optimization/baseline_blockedMM/hls_config.cfg(5)
INFO: [HLS 200-2176] Writing Vitis IDE component file C:/Users/seanr/vitis_projects/Lab3_MLP_optimization/baseline_blockedMM/baseline_blockedMM/vitis-comp.json
INFO: [COSIM 212-47] Using XSIM for RTL simulation.
INFO: [COSIM 212-14] Instrumenting C test bench ...
   Build using "C:/Xilinx/2025.1/Vitis/win64/tools/vcxx/libexec/clang++"
   Compiling mm_test.cpp_pre.cpp.tb.cpp
   Compiling mm.cpp_pre.cpp.tb.cpp
   Compiling apatb_MM.cpp
   Compiling apatb_MM_ir.ll
   Generating cosim.tv.exe
INFO: [COSIM 212-302] Starting C TB testing ... 

---Testing results----------------------------------
	Reading input images from file: mnist_images_int.txt
	Reading Weights and Biases from file: weights_layer1.txt
number of read values for weights: 802816
number of read values for biases: 1024
About to call MM...
Entering MM...
Finished initial MM
Returned from MM.
Comparing against output data 
*******************************************
PASS: The output matches the golden output!
*******************************************
INFO: [COSIM 212-333] Generating C post check test bench ...
INFO: [COSIM 212-12] Generating RTL test bench ...
INFO: [COSIM 212-1] *** C/RTL co-simulation file generation completed. ***
INFO: [COSIM 212-323] Starting verilog simulation. 
INFO: [COSIM 212-15] Starting XSIM ...

C:\Users\seanr\vitis_projects\Lab3_MLP_optimization\baseline_blockedMM\baseline_blockedMM\hls\sim\verilog>set PATH= 

C:\Users\seanr\vitis_projects\Lab3_MLP_optimization\baseline_blockedMM\baseline_blockedMM\hls\sim\verilog>call C:/Xilinx/2025.1/Vivado/bin/xelab xil_defaultlib.apatb_MM_top xil_defaultlib.glbl -Oenable_linking_all_libraries -prj MM.prj -L smartconnect_v1_0 -L axi_protocol_checker_v1_1_12 -L axi_protocol_checker_v1_1_13 -L axis_protocol_checker_v1_1_11 -L axis_protocol_checker_v1_1_12 -L xil_defaultlib -L unisims_ver -L xpm  -L floating_point_v7_1_20 -L floating_point_v7_0_25 --lib "ieee_proposed=./ieee_proposed" -L uvm -relax -i ./svr -i ./axivip -i ./svtb -i ./file_agent -i ./MM_subsystem  -s MM  
Vivado Simulator v2025.1.0
Copyright 1986-2022 Xilinx, Inc. All Rights Reserved.
Copyright 2022-2025 Advanced Micro Devices, Inc. All Rights Reserved.
Running: C:/Xilinx/2025.1/Vivado/bin/unwrapped/win64.o/xelab.exe xil_defaultlib.apatb_MM_top xil_defaultlib.glbl -Oenable_linking_all_libraries -prj MM.prj -L smartconnect_v1_0 -L axi_protocol_checker_v1_1_12 -L axi_protocol_checker_v1_1_13 -L axis_protocol_checker_v1_1_11 -L axis_protocol_checker_v1_1_12 -L xil_defaultlib -L unisims_ver -L xpm -L floating_point_v7_1_20 -L floating_point_v7_0_25 --lib ieee_proposed=./ieee_proposed -L uvm -relax -i ./svr -i ./axivip -i ./svtb -i ./file_agent -i ./MM_subsystem -s MM 
Multi-threading is on. Using 2 slave threads.
INFO: [VRFC 10-2263] Analyzing SystemVerilog file "C:/Users/seanr/vitis_projects/Lab3_MLP_optimization/baseline_blockedMM/baseline_blockedMM/hls/sim/verilog/glbl.v" into library xil_defaultlib
INFO: [VRFC 10-311] analyzing module glbl
INFO: [VRFC 10-2263] Analyzing SystemVerilog file "C:/Users/seanr/vitis_projects/Lab3_MLP_optimization/baseline_blockedMM/baseline_blockedMM/hls/sim/verilog/MM.autotb.v" into library xil_defaultlib
INFO: [VRFC 10-311] analyzing module apatb_MM_top
INFO: [VRFC 10-2263] Analyzing SystemVerilog file "C:/Users/seanr/vitis_projects/Lab3_MLP_optimization/baseline_blockedMM/baseline_blockedMM/hls/sim/verilog/MM.v" into library xil_defaultlib
INFO: [VRFC 10-311] analyzing module MM
INFO: [VRFC 10-2263] Analyzing SystemVerilog file "C:/Users/seanr/vitis_projects/Lab3_MLP_optimization/baseline_blockedMM/baseline_blockedMM/hls/sim/verilog/MM_control_s_axi.v" into library xil_defaultlib
INFO: [VRFC 10-311] analyzing module MM_control_s_axi
INFO: [VRFC 10-2263] Analyzing SystemVerilog file "C:/Users/seanr/vitis_projects/Lab3_MLP_optimization/baseline_blockedMM/baseline_blockedMM/hls/sim/verilog/MM_flow_control_loop_pipe_sequential_init.v" into library xil_defaultlib
INFO: [VRFC 10-311] analyzing module MM_flow_control_loop_pipe_sequential_init
INFO: [VRFC 10-2263] Analyzing SystemVerilog file "C:/Users/seanr/vitis_projects/Lab3_MLP_optimization/baseline_blockedMM/baseline_blockedMM/hls/sim/verilog/MM_gmem_m_axi.v" into library xil_defaultlib
INFO: [VRFC 10-311] analyzing module MM_gmem_m_axi
INFO: [VRFC 10-311] analyzing module MM_gmem_m_axi_load
INFO: [VRFC 10-311] analyzing module MM_gmem_m_axi_store
INFO: [VRFC 10-311] analyzing module MM_gmem_m_axi_read
INFO: [VRFC 10-311] analyzing module MM_gmem_m_axi_write
INFO: [VRFC 10-311] analyzing module MM_gmem_m_axi_burst_converter
INFO: [VRFC 10-311] analyzing module MM_gmem_m_axi_burst_interleave
INFO: [VRFC 10-311] analyzing module MM_gmem_m_axi_burst_sequential
INFO: [VRFC 10-311] analyzing module MM_gmem_m_axi_throttle
INFO: [VRFC 10-311] analyzing module MM_gmem_m_axi_reg_slice
INFO: [VRFC 10-311] analyzing module MM_gmem_m_axi_fifo
INFO: [VRFC 10-311] analyzing module MM_gmem_m_axi_srl
INFO: [VRFC 10-311] analyzing module MM_gmem_m_axi_mem
INFO: [VRFC 10-2263] Analyzing SystemVerilog file "C:/Users/seanr/vitis_projects/Lab3_MLP_optimization/baseline_blockedMM/baseline_blockedMM/hls/sim/verilog/MM_MM_Pipeline_VITIS_LOOP_31_2.v" into library xil_defaultlib
INFO: [VRFC 10-311] analyzing module MM_MM_Pipeline_VITIS_LOOP_31_2
INFO: [VRFC 10-2263] Analyzing SystemVerilog file "C:/Users/seanr/vitis_projects/Lab3_MLP_optimization/baseline_blockedMM/baseline_blockedMM/hls/sim/verilog/MM_MM_Pipeline_VITIS_LOOP_42_6_VITIS_LOOP_43_7_VITIS_LOOP_46_8.v" into library xil_defaultlib
INFO: [VRFC 10-311] analyzing module MM_MM_Pipeline_VITIS_LOOP_42_6_VITIS_LOOP_43_7_VITIS_LOOP_46_8
INFO: [VRFC 10-2263] Analyzing SystemVerilog file "C:/Users/seanr/vitis_projects/Lab3_MLP_optimization/baseline_blockedMM/baseline_blockedMM/hls/sim/verilog/MM_mul_32ns_32ns_62_2_1.v" into library xil_defaultlib
INFO: [VRFC 10-311] analyzing module MM_mul_32ns_32ns_62_2_1
INFO: [VRFC 10-2263] Analyzing SystemVerilog file "C:/Users/seanr/vitis_projects/Lab3_MLP_optimization/baseline_blockedMM/baseline_blockedMM/hls/sim/verilog/MM_mul_32s_32s_32_2_1.v" into library xil_defaultlib
INFO: [VRFC 10-311] analyzing module MM_mul_32s_32s_32_2_1
INFO: [VRFC 10-2263] Analyzing SystemVerilog file "C:/Users/seanr/vitis_projects/Lab3_MLP_optimization/baseline_blockedMM/baseline_blockedMM/hls/sim/verilog/MM_mul_62s_32s_62_5_1.v" into library xil_defaultlib
INFO: [VRFC 10-311] analyzing module MM_mul_62s_32s_62_5_1
INFO: [VRFC 10-2263] Analyzing SystemVerilog file "C:/Users/seanr/vitis_projects/Lab3_MLP_optimization/baseline_blockedMM/baseline_blockedMM/hls/sim/verilog/MM_mul_64ns_128ns_192_5_1.v" into library xil_defaultlib
INFO: [VRFC 10-311] analyzing module MM_mul_64ns_128ns_192_5_1
INFO: [VRFC 10-2263] Analyzing SystemVerilog file "C:/Users/seanr/vitis_projects/Lab3_MLP_optimization/baseline_blockedMM/baseline_blockedMM/hls/sim/verilog/MM_mul_64ns_64ns_128_5_1.v" into library xil_defaultlib
INFO: [VRFC 10-311] analyzing module MM_mul_64ns_64ns_128_5_1
INFO: [VRFC 10-2263] Analyzing SystemVerilog file "C:/Users/seanr/vitis_projects/Lab3_MLP_optimization/baseline_blockedMM/baseline_blockedMM/hls/sim/verilog/dataflow_monitor.sv" into library xil_defaultlib
INFO: [VRFC 10-311] analyzing module dataflow_monitor
INFO: [VRFC 10-2263] Analyzing SystemVerilog file "C:/Users/seanr/vitis_projects/Lab3_MLP_optimization/baseline_blockedMM/baseline_blockedMM/hls/sim/verilog/file_agent/file_agent_pkg.sv" into library xil_defaultlib
INFO: [VRFC 10-2263] Analyzing SystemVerilog file "C:/Users/seanr/vitis_projects/Lab3_MLP_optimization/baseline_blockedMM/baseline_blockedMM/hls/sim/verilog/axivip/axi_pkg.sv" into library xil_defaultlib
INFO: [VRFC 10-2263] Analyzing SystemVerilog file "C:/Users/seanr/vitis_projects/Lab3_MLP_optimization/baseline_blockedMM/baseline_blockedMM/hls/sim/verilog/axivip/axi_if.sv" into library xil_defaultlib
INFO: [VRFC 10-2263] Analyzing SystemVerilog file "C:/Users/seanr/vitis_projects/Lab3_MLP_optimization/baseline_blockedMM/baseline_blockedMM/hls/sim/verilog/MM_subsystem/MM_subsystem_pkg.sv" into library xil_defaultlib
INFO: [VRFC 10-2263] Analyzing SystemVerilog file "C:/Users/seanr/vitis_projects/Lab3_MLP_optimization/baseline_blockedMM/baseline_blockedMM/hls/sim/verilog/svtb/misc_interface.sv" into library xil_defaultlib
INFO: [VRFC 10-2263] Analyzing SystemVerilog file "C:/Users/seanr/vitis_projects/Lab3_MLP_optimization/baseline_blockedMM/baseline_blockedMM/hls/sim/verilog/svtb/sv_module_top.sv" into library xil_defaultlib
INFO: [VRFC 10-311] analyzing module sv_module_top
Starting static elaboration
Pass Through NonSizing Optimizer
Completed static elaboration
Starting simulation data flow analysis
WARNING: [XSIM 43-4099] "/proj/primebuilds/9999.0_PRIME_0428_0031/installs/data/system_verilog/uvm_1.2/xlnx_uvm_package.sv" Line 4356. Module uvm_pkg doesn't have a timescale but at least one module in design has a timescale.
WARNING: [XSIM 43-4099] "/proj/primebuilds/9999.0_PRIME_0428_0031/installs/data/system_verilog/uvm_1.2/xlnx_uvm_package.sv" Line 4356. Module uvm_pkg doesn't have a timescale but at least one module in design has a timescale.
WARNING: [XSIM 43-4468] File : /proj/primebuilds/9999.0_PRIME_0428_0031/installs/data/system_verilog/uvm_1.2/xlnx_uvm_package.sv, Line : 25994, RANDC variable size more than 8 bits. This will be treated as a RAND variable instead.
Completed simulation data flow analysis
Time Resolution for simulation is 1ps
Compiling package xil_defaultlib.$unit_sv_module_top_sv
Compiling package uvm.uvm_pkg
Compiling package std.std
Compiling package xil_defaultlib.axi_pkg
Compiling package xil_defaultlib.MM_subsystem_pkg
Compiling package xil_defaultlib.file_agent_pkg
Compiling package xil_defaultlib.$unit_dataflow_monitor_sv
Compiling module xil_defaultlib.MM_flow_control_loop_pipe_sequen...
Compiling module xil_defaultlib.MM_MM_Pipeline_VITIS_LOOP_31_2
Compiling module xil_defaultlib.MM_mul_32s_32s_32_2_1(NUM_STAGE=...
Compiling module xil_defaultlib.MM_mul_62s_32s_62_5_1(NUM_STAGE=...
Compiling module xil_defaultlib.MM_MM_Pipeline_VITIS_LOOP_42_6_V...
Compiling module xil_defaultlib.MM_control_s_axi
Compiling module xil_defaultlib.MM_gmem_m_axi_srl(DATA_WIDTH=96,...
Compiling module xil_defaultlib.MM_gmem_m_axi_fifo(DATA_WIDTH=96...
Compiling module xil_defaultlib.MM_gmem_m_axi_srl(DATA_WIDTH=8,A...
Compiling module xil_defaultlib.MM_gmem_m_axi_fifo(DATA_WIDTH=8,...
Compiling module xil_defaultlib.MM_gmem_m_axi_srl(DATA_WIDTH=36,...
Compiling module xil_defaultlib.MM_gmem_m_axi_fifo(DATA_WIDTH=36...
Compiling module xil_defaultlib.MM_gmem_m_axi_srl(DATA_WIDTH=1,A...
Compiling module xil_defaultlib.MM_gmem_m_axi_fifo(DATA_WIDTH=1,...
Compiling module xil_defaultlib.MM_gmem_m_axi_srl(DATA_WIDTH=1,A...
Compiling module xil_defaultlib.MM_gmem_m_axi_fifo(DATA_WIDTH=1,...
Compiling module xil_defaultlib.MM_gmem_m_axi_store(CONSERVATIVE...
Compiling module xil_defaultlib.MM_gmem_m_axi_mem(MEM_STYLE="blo...
Compiling module xil_defaultlib.MM_gmem_m_axi_fifo(MEM_STYLE="bl...
Compiling module xil_defaultlib.MM_gmem_m_axi_load(NUM_READ_OUTS...
Compiling module xil_defaultlib.MM_gmem_m_axi_reg_slice(DATA_WID...
Compiling module xil_defaultlib.MM_gmem_m_axi_burst_sequential(A...
Compiling module xil_defaultlib.MM_gmem_m_axi_reg_slice(DATA_WID...
Compiling module xil_defaultlib.MM_gmem_m_axi_srl(DATA_WIDTH=64,...
Compiling module xil_defaultlib.MM_gmem_m_axi_fifo(DATA_WIDTH=64...
Compiling module xil_defaultlib.MM_gmem_m_axi_reg_slice(DATA_WID...
Compiling module xil_defaultlib.MM_gmem_m_axi_throttle(CONSERVAT...
Compiling module xil_defaultlib.MM_gmem_m_axi_reg_slice(DATA_WID...
Compiling module xil_defaultlib.MM_gmem_m_axi_write(CONSERVATIVE...
Compiling module xil_defaultlib.MM_gmem_m_axi_reg_slice(DATA_WID...
Compiling module xil_defaultlib.MM_gmem_m_axi_read(C_USER_VALUE=...
Compiling module xil_defaultlib.MM_gmem_m_axi(C_M_AXI_ADDR_WIDTH...
Compiling module xil_defaultlib.MM_mul_32ns_32ns_62_2_1(NUM_STAG...
Compiling module xil_defaultlib.MM_mul_64ns_64ns_128_5_1(NUM_STA...
Compiling module xil_defaultlib.MM_mul_64ns_128ns_192_5_1(NUM_ST...
Compiling module xil_defaultlib.MM
Compiling module xil_defaultlib.misc_interface_default
Compiling module xil_defaultlib.axi_if(ADDR_WIDTH=64,STRB_WIDTH=...
Compiling module xil_defaultlib.axi_if(ADDR_WIDTH=7,STRB_WIDTH=4...
Compiling module xil_defaultlib.sv_module_top
Compiling module xil_defaultlib.nodf_module_intf_default
Compiling module xil_defaultlib.seq_loop_intf(FSM_WIDTH=39)
Compiling module xil_defaultlib.upc_loop_intf(FSM_WIDTH=1)
Compiling module xil_defaultlib.upc_loop_intf(FSM_WIDTH=16)
Compiling module xil_defaultlib.dataflow_monitor_1
Compiling module xil_defaultlib.apatb_MM_top
Compiling module xil_defaultlib.glbl
Built simulation snapshot MM

****** xsim v2025.1 (64-bit)
  **** SW Build 6140274 on Thu May 22 00:12:29 MDT 2025
  **** IP Build 6138677 on Thu May 22 03:10:11 MDT 2025
  **** SharedData Build 6139179 on Tue May 20 17:58:58 MDT 2025
  **** Start of session at: Sat Apr  4 15:31:14 2026
    ** Copyright 1986-2022 Xilinx, Inc. All Rights Reserved.
    ** Copyright 2022-2025 Advanced Micro Devices, Inc. All Rights Reserved.

source xsim.dir/MM/xsim_script.tcl
# xsim {MM} -testplusarg UVM_VERBOSITY=UVM_NONE -testplusarg UVM_TESTNAME=MM_test_lib -testplusarg UVM_TIMEOUT=20000000000000 -autoloadwcfg -tclbatch {MM.tcl}
Time resolution is 1 ps
source MM.tcl
## run all
UVM_INFO C:/Xilinx/2025.1/Vivado/data/system_verilog/uvm_1.2/xlnx_uvm_package.sv(18601) @ 0: reporter [UVM/RELNOTES] 
----------------------------------------------------------------
UVM-1.2
(C) 2007-2014 Mentor Graphics Corporation
(C) 2007-2014 Cadence Design Systems, Inc.
(C) 2006-2014 Synopsys, Inc.
(C) 2011-2013 Cypress Semiconductor Corp.
(C) 2013-2014 NVIDIA Corporation
----------------------------------------------------------------

  ***********       IMPORTANT RELEASE NOTES         ************

  You are using a version of the UVM library that has been compiled
  with `UVM_NO_DEPRECATED undefined.

  You are using a version of the UVM library that has been compiled
  with `UVM_OBJECT_DO_NOT_NEED_CONSTRUCTOR undefined.

      (Specify +UVM_NO_RELNOTES to turn off this notice)

UVM_INFO C:/Xilinx/2025.1/Vivado/data/system_verilog/uvm_1.2/xlnx_uvm_package.sv(18648) @ 0: reporter [NO_DPI_TSTNAME] UVM_NO_DPI defined--getting UVM_TESTNAME directly, without DPI
UVM_INFO C:/Xilinx/2025.1/Vivado/data/system_verilog/uvm_1.2/xlnx_uvm_package.sv(18752) @ 0: reporter [UVMTOP] UVM testbench topology:
--------------------------------------------------------------------------------------
Name                         Type                              Size  Value            
--------------------------------------------------------------------------------------
uvm_test_top                 MM_test_lib                       -     @368             
  top_env                    MM_env                            -     @379             
    MM_virtual_sqr           MM_virtual_sequencer              -     @523             
      rsp_export             uvm_analysis_export               -     @532             
      seq_item_export        uvm_seq_item_pull_imp             -     @650             
      arbitration_queue      array                             0     -                
      lock_queue             array                             0     -                
      num_last_reqs          integral                          32    'd1              
      num_last_rsps          integral                          32    'd1              
    axi_lite_control         uvm_env                           -     @432             
      item_rtr_port          uvm_analysis_port                 -     @451             
      item_wtr_port          uvm_analysis_port                 -     @441             
      master                 uvm_agent                         -     @849             
        ardrv                uvm_driver #(REQ,RSP)             -     @1524            
          item_read_imp      uvm_analysis_port                 -     @1553            
          rsp_port           uvm_analysis_port                 -     @1543            
          seq_item_port      uvm_seq_item_pull_port            -     @1533            
          m_num_sent         integral                          32    'h0              
        arsqr                axi_sequencer                     -     @1563            
          rsp_export         uvm_analysis_export               -     @1572            
          seq_item_export    uvm_seq_item_pull_imp             -     @1690            
          arbitration_queue  array                             0     -                
          lock_queue         array                             0     -                
          num_last_reqs      integral                          32    'd1              
          num_last_rsps      integral                          32    'd1              
        awdrv                uvm_driver #(REQ,RSP)             -     @996             
          item_read_imp      uvm_analysis_port                 -     @1025            
          rsp_port           uvm_analysis_port                 -     @1015            
          seq_item_port      uvm_seq_item_pull_port            -     @1005            
          m_num_sent         integral                          32    'h0              
        awsqr                axi_sequencer                     -     @1035            
          rsp_export         uvm_analysis_export               -     @1044            
          seq_item_export    uvm_seq_item_pull_imp             -     @1162            
          arbitration_queue  array                             0     -                
          lock_queue         array                             0     -                
          num_last_reqs      integral                          32    'd1              
          num_last_rsps      integral                          32    'd1              
        bdrv                 uvm_driver #(REQ,RSP)             -     @1348            
          item_read_imp      uvm_analysis_port                 -     @1377            
          rsp_port           uvm_analysis_port                 -     @1367            
          seq_item_port      uvm_seq_item_pull_port            -     @1357            
          m_num_sent         integral                          32    'h0              
        bsqr                 axi_sequencer                     -     @1387            
          rsp_export         uvm_analysis_export               -     @1396            
          seq_item_export    uvm_seq_item_pull_imp             -     @1514            
          arbitration_queue  array                             0     -                
          lock_queue         array                             0     -                
          num_last_reqs      integral                          32    'd1              
          num_last_rsps      integral                          32    'd1              
        rdrv                 uvm_driver #(REQ,RSP)             -     @1700            
          item_read_imp      uvm_analysis_port                 -     @1729            
          rsp_port           uvm_analysis_port                 -     @1719            
          seq_item_port      uvm_seq_item_pull_port            -     @1709            
          m_num_sent         integral                          32    'h0              
        rsqr                 axi_sequencer                     -     @1739            
          rsp_export         uvm_analysis_export               -     @1748            
          seq_item_export    uvm_seq_item_pull_imp             -     @1866            
          arbitration_queue  array                             0     -                
          lock_queue         array                             0     -                
          num_last_reqs      integral                          32    'd1              
          num_last_rsps      integral                          32    'd1              
        wdrv                 uvm_driver #(REQ,RSP)             -     @1172            
          item_read_imp      uvm_analysis_port                 -     @1201            
          rsp_port           uvm_analysis_port                 -     @1191            
          seq_item_port      uvm_seq_item_pull_port            -     @1181            
          m_num_sent         integral                          32    'h0              
        wsqr                 axi_sequencer                     -     @1211            
          rsp_export         uvm_analysis_export               -     @1220            
          seq_item_export    uvm_seq_item_pull_imp             -     @1338            
          arbitration_queue  array                             0     -                
          lock_queue         array                             0     -                
          num_last_reqs      integral                          32    'd1              
          num_last_rsps      integral                          32    'd1              
      monitor                uvm_monitor                       -     @671             
        item_ar2r_port       uvm_analysis_port                 -     @740             
        item_ar_port         uvm_analysis_port                 -     @710             
        item_aw2b_port       uvm_analysis_port                 -     @730             
        item_aw_port         uvm_analysis_port                 -     @680             
        item_b_port          uvm_analysis_port                 -     @700             
        item_r_port          uvm_analysis_port                 -     @720             
        item_w_port          uvm_analysis_port                 -     @690             
        checks_enable        integral                          1     'h1              
        coverage_enable      integral                          1     'h1              
      state                  axi_state                         -     @750             
        ar2r_imp             uvm_analysis_imp_ar2r             -     @819             
        ar_imp               uvm_analysis_imp_ar               -     @789             
        aw2b_imp             uvm_analysis_imp_aw2b             -     @809             
        aw_imp               uvm_analysis_imp_aw               -     @759             
        b_imp                uvm_analysis_imp_b                -     @779             
        item_rtr_port        uvm_analysis_port                 -     @839             
        item_wtr_port        uvm_analysis_port                 -     @829             
        r_imp                uvm_analysis_imp_r                -     @799             
        w_imp                uvm_analysis_imp_w                -     @769             
        avg_rate             integral                          32    'h0              
        exp_rate             integral                          32    'h0              
        win_size             integral                          32    'h0              
        bqnum_for_slaseq     integral                          32    'h0              
        rq_from_model_num    integral                          32    'h0              
      vsqr                   axi_virtual_sequencer             -     @858             
        rsp_export           uvm_analysis_export               -     @867             
        seq_item_export      uvm_seq_item_pull_imp             -     @985             
        arbitration_queue    array                             0     -                
        lock_queue           array                             0     -                
        num_last_reqs        integral                          32    'd1              
        num_last_rsps        integral                          32    'd1              
      cfg                    axi_cfg                           -     @395             
        has_checker          integral                          1     'h1              
        has_coverage         integral                          1     'h1              
        id_num               integral                          32    'h1              
        reset_level          reset_level_enum                  32    RESET_LEVEL_LOW  
        drv_type             drv_type_enum                     32    MASTER           
        write_latency_mode   latency_mode_enum                 32    CHANNEL_FIRST    
        read_latency_mode    latency_mode_enum                 32    CHANNEL_FIRST    
        clatency             axi_latency                       -     @430             
          wr_latency         integral                          32    'h0              
          rd_latency         integral                          32    'h0              
    axi_master_gmem          uvm_env                           -     @401             
      item_rtr_port          uvm_analysis_port                 -     @420             
      item_wtr_port          uvm_analysis_port                 -     @410             
      monitor                uvm_monitor                       -     @1949            
        item_ar2r_port       uvm_analysis_port                 -     @2018            
        item_ar_port         uvm_analysis_port                 -     @1988            
        item_aw2b_port       uvm_analysis_port                 -     @2008            
        item_aw_port         uvm_analysis_port                 -     @1958            
        item_b_port          uvm_analysis_port                 -     @1978            
        item_r_port          uvm_analysis_port                 -     @1998            
        item_w_port          uvm_analysis_port                 -     @1968            
        checks_enable        integral                          1     'h1              
        coverage_enable      integral                          1     'h1              
      slave                  uvm_agent                         -     @2127            
        ardrv                uvm_driver #(REQ,RSP)             -     @2804            
          item_read_imp      uvm_analysis_port                 -     @2833            
          rsp_port           uvm_analysis_port                 -     @2823            
          seq_item_port      uvm_seq_item_pull_port            -     @2813            
          m_num_sent         integral                          32    'h0              
        arsqr                axi_sequencer                     -     @2843            
          rsp_export         uvm_analysis_export               -     @2852            
          seq_item_export    uvm_seq_item_pull_imp             -     @2970            
          arbitration_queue  array                             0     -                
          lock_queue         array                             0     -                
          num_last_reqs      integral                          32    'd1              
          num_last_rsps      integral                          32    'd1              
        awdrv                uvm_driver #(REQ,RSP)             -     @2276            
          item_read_imp      uvm_analysis_port                 -     @2305            
          rsp_port           uvm_analysis_port                 -     @2295            
          seq_item_port      uvm_seq_item_pull_port            -     @2285            
          m_num_sent         integral                          32    'h0              
        awsqr                axi_sequencer                     -     @2315            
          rsp_export         uvm_analysis_export               -     @2324            
          seq_item_export    uvm_seq_item_pull_imp             -     @2442            
          arbitration_queue  array                             0     -                
          lock_queue         array                             0     -                
          num_last_reqs      integral                          32    'd1              
          num_last_rsps      integral                          32    'd1              
        bdrv                 uvm_driver #(REQ,RSP)             -     @2628            
          item_read_imp      uvm_analysis_port                 -     @2657            
          rsp_port           uvm_analysis_port                 -     @2647            
          seq_item_port      uvm_seq_item_pull_port            -     @2637            
          m_num_sent         integral                          32    'h0              
        bsqr                 axi_sequencer                     -     @2667            
          rsp_export         uvm_analysis_export               -     @2676            
          seq_item_export    uvm_seq_item_pull_imp             -     @2794            
          arbitration_queue  array                             0     -                
          lock_queue         array                             0     -                
          num_last_reqs      integral                          32    'd1              
          num_last_rsps      integral                          32    'd1              
        rdrv                 uvm_driver #(REQ,RSP)             -     @2980            
          item_read_imp      uvm_analysis_port                 -     @3009            
          rsp_port           uvm_analysis_port                 -     @2999            
          seq_item_port      uvm_seq_item_pull_port            -     @2989            
          m_num_sent         integral                          32    'h0              
        rsqr                 axi_sequencer                     -     @3019            
          rsp_export         uvm_analysis_export               -     @3028            
          seq_item_export    uvm_seq_item_pull_imp             -     @3146            
          arbitration_queue  array                             0     -                
          lock_queue         array                             0     -                
          num_last_reqs      integral                          32    'd1              
          num_last_rsps      integral                          32    'd1              
        wdrv                 uvm_driver #(REQ,RSP)             -     @2452            
          item_read_imp      uvm_analysis_port                 -     @2481            
          rsp_port           uvm_analysis_port                 -     @2471            
          seq_item_port      uvm_seq_item_pull_port            -     @2461            
          m_num_sent         integral                          32    'h0              
        wsqr                 axi_sequencer                     -     @2491            
          rsp_export         uvm_analysis_export               -     @2500            
          seq_item_export    uvm_seq_item_pull_imp             -     @2618            
          arbitration_queue  array                             0     -                
          lock_queue         array                             0     -                
          num_last_reqs      integral                          32    'd1              
          num_last_rsps      integral                          32    'd1              
      state                  axi_state                         -     @2028            
        ar2r_imp             uvm_analysis_imp_ar2r             -     @2097            
        ar_imp               uvm_analysis_imp_ar               -     @2067            
        aw2b_imp             uvm_analysis_imp_aw2b             -     @2087            
        aw_imp               uvm_analysis_imp_aw               -     @2037            
        b_imp                uvm_analysis_imp_b                -     @2057            
        item_rtr_port        uvm_analysis_port                 -     @2117            
        item_wtr_port        uvm_analysis_port                 -     @2107            
        r_imp                uvm_analysis_imp_r                -     @2077            
        w_imp                uvm_analysis_imp_w                -     @2047            
        avg_rate             integral                          32    'h0              
        exp_rate             integral                          32    'h0              
        win_size             integral                          32    'h0              
        bqnum_for_slaseq     integral                          32    'h0              
        rq_from_model_num    integral                          32    'h0              
      vsqr                   axi_virtual_sequencer             -     @2136            
        rsp_export           uvm_analysis_export               -     @2145            
        seq_item_export      uvm_seq_item_pull_imp             -     @2263            
        arbitration_queue    array                             0     -                
        lock_queue           array                             0     -                
        num_last_reqs        integral                          32    'd1              
        num_last_rsps        integral                          32    'd1              
      cfg                    axi_cfg                           -     @394             
        has_checker          integral                          1     'h1              
        has_coverage         integral                          1     'h1              
        id_num               integral                          32    'h1              
        reset_level          reset_level_enum                  32    RESET_LEVEL_LOW  
        drv_type             drv_type_enum                     32    SLAVE            
        write_latency_mode   latency_mode_enum                 32    TRANSACTION_FIRST
        read_latency_mode    latency_mode_enum                 32    TRANSACTION_FIRST
        clatency             axi_latency                       -     @396             
          wr_latency         integral                          32    'h0              
          rd_latency         integral                          32    'h0              
    refm                     MM_reference_model                -     @461             
      trans_num_idx          integral                          32    'h0              
    subsys_mon               MM_subsystem_monitor              -     @474             
      control_rtr_imp        uvm_analysis_imp_axi_rtr_control  -     @513             
      control_wtr_imp        uvm_analysis_imp_axi_wtr_control  -     @503             
      gmem_rtr_imp           uvm_analysis_imp_axi_rtr_gmem     -     @493             
      gmem_wtr_imp           uvm_analysis_imp_axi_wtr_gmem     -     @483             
      scbd                   MM_scoreboard                     -     @3227            
        refm                 MM_reference_model                -     @461             
          trans_num_idx      integral                          32    'h0              
    refm                     MM_reference_model                -     @461             
    MM_virtual_sqr           MM_virtual_sequencer              -     @523             
    MM_cfg                   MM_config                         -     @393             
      gmem_cfg               axi_cfg                           -     @394             
        has_checker          integral                          1     'h1              
        has_coverage         integral                          1     'h1              
        id_num               integral                          32    'h1              
        reset_level          reset_level_enum                  32    RESET_LEVEL_LOW  
        drv_type             drv_type_enum                     32    SLAVE            
        write_latency_mode   latency_mode_enum                 32    TRANSACTION_FIRST
        read_latency_mode    latency_mode_enum                 32    TRANSACTION_FIRST
        clatency             axi_latency                       -     @396             
          wr_latency         integral                          32    'h0              
          rd_latency         integral                          32    'h0              
      control_cfg            axi_cfg                           -     @395             
        has_checker          integral                          1     'h1              
        has_coverage         integral                          1     'h1              
        id_num               integral                          32    'h1              
        reset_level          reset_level_enum                  32    RESET_LEVEL_LOW  
        drv_type             drv_type_enum                     32    MASTER           
        write_latency_mode   latency_mode_enum                 32    CHANNEL_FIRST    
        read_latency_mode    latency_mode_enum                 32    CHANNEL_FIRST    
        clatency             axi_latency                       -     @430             
          wr_latency         integral                          32    'h0              
          rd_latency         integral                          32    'h0              
      check_ena              integral                          32    'h0              
      cover_ena              integral                          32    'h0              
--------------------------------------------------------------------------------------

UVM_INFO C:/Xilinx/2025.1/Vivado/data/system_verilog/uvm_1.2/xlnx_uvm_package.sv(20867) @ 0: reporter [UVM/COMP/NAMECHECK] This implementation of the component name checks requires DPI to be enabled
////////////////////////////////////////////////////////////////////////////////////
// Inter-Transaction Progress: Completed Transaction / Total Transaction
// Intra-Transaction Progress: Measured Latency / Latency Estimation * 100%
//
// RTL Simulation : "Inter-Transaction Progress" ["Intra-Transaction Progress"] @ "Simulation Time"
////////////////////////////////////////////////////////////////////////////////////
// RTL Simulation : 0 / 1 [n/a] @ "125000"


Out of memory on request for a fresh 8388608 bytes
Total memory consumed so far :2569072152 bytes
Command failed: Simulator command interrupted.

Simulation engine not responding
The simulator has terminated in an unexpected manner.  Please review the simulation log (xsim.log) for details.
run: Time (s): cpu = 00:00:00 ; elapsed = 00:07:46 . Memory (MB): peak = 193.117 ; gain = 0.000
## quit
INFO: [Common 17-206] Exiting xsim at Sat Apr  4 15:39:03 2026...
ERROR: [COSIM 212-4] *** C/RTL co-simulation finished: FAIL ***
INFO: [COSIM 212-211] II is measurable only when transaction number is greater than 1 in RTL simulation. Otherwise, they will be marked as all NA. If user wants to calculate them, please make sure there are at least 2 transactions in RTL simulation.
ERROR: 
INFO: [HLS 200-112] Total CPU user time: 4 seconds. Total CPU system time: 2 seconds. Total elapsed time: 596.941 seconds; peak allocated memory: 231.938 MB.
