  **** HLS Build v2025.1 6135595
INFO: [HLS 200-2005] Using work_dir C:/Users/seanr/vitis_projects/Lab3_MLP_optimization/baseline_blockedMM/baseline_blockedMM 
INFO: [HLS 200-2176] Writing Vitis IDE component file C:/Users/seanr/vitis_projects/Lab3_MLP_optimization/baseline_blockedMM/baseline_blockedMM/vitis-comp.json
INFO: [HLS 200-10] Creating and opening component 'C:/Users/seanr/vitis_projects/Lab3_MLP_optimization/baseline_blockedMM/baseline_blockedMM'.
INFO: [HLS 200-1505] Using default flow_target 'vivado'
Resolution: For help on HLS 200-1505 see docs.xilinx.com/access/sources/dita/topic?Doc_Version=2025.1%20English&url=ug1448-hls-guidance&resourceid=200-1505.html
INFO: [HLS 200-2174] Applying component config ini file C:/Users/seanr/vitis_projects/Lab3_MLP_optimization/baseline_blockedMM/hls_config.cfg
INFO: [HLS 200-1465] Applying config ini 'syn.file=../MLP_baseline/mm.cpp' from C:/Users/seanr/vitis_projects/Lab3_MLP_optimization/baseline_blockedMM/hls_config.cfg(7)
INFO: [HLS 200-10] Adding design file 'C:/Users/seanr/vitis_projects/Lab3_MLP_optimization/MLP_baseline/mm.cpp' to the project
INFO: [HLS 200-1465] Applying config ini 'syn.file=../MLP_baseline/mm.h' from C:/Users/seanr/vitis_projects/Lab3_MLP_optimization/baseline_blockedMM/hls_config.cfg(8)
INFO: [HLS 200-10] Adding design file 'C:/Users/seanr/vitis_projects/Lab3_MLP_optimization/MLP_baseline/mm.h' to the project
INFO: [HLS 200-1465] Applying config ini 'tb.file=../MLP_baseline/first_layer_golden_output.txt' from C:/Users/seanr/vitis_projects/Lab3_MLP_optimization/baseline_blockedMM/hls_config.cfg(9)
INFO: [HLS 200-10] Adding test bench file 'C:/Users/seanr/vitis_projects/Lab3_MLP_optimization/MLP_baseline/first_layer_golden_output.txt' to the project
INFO: [HLS 200-1465] Applying config ini 'tb.file=../MLP_baseline/mm_test.cpp' from C:/Users/seanr/vitis_projects/Lab3_MLP_optimization/baseline_blockedMM/hls_config.cfg(10)
INFO: [HLS 200-10] Adding test bench file 'C:/Users/seanr/vitis_projects/Lab3_MLP_optimization/MLP_baseline/mm_test.cpp' to the project
INFO: [HLS 200-1465] Applying config ini 'tb.file=../MLP_baseline/mnist_images_int.txt' from C:/Users/seanr/vitis_projects/Lab3_MLP_optimization/baseline_blockedMM/hls_config.cfg(11)
INFO: [HLS 200-10] Adding test bench file 'C:/Users/seanr/vitis_projects/Lab3_MLP_optimization/MLP_baseline/mnist_images_int.txt' to the project
INFO: [HLS 200-1465] Applying config ini 'tb.file=../MLP_baseline/weights_layer1.txt' from C:/Users/seanr/vitis_projects/Lab3_MLP_optimization/baseline_blockedMM/hls_config.cfg(12)
INFO: [HLS 200-10] Adding test bench file 'C:/Users/seanr/vitis_projects/Lab3_MLP_optimization/MLP_baseline/weights_layer1.txt' to the project
INFO: [HLS 200-1465] Applying config ini 'tb.file=../MLP_baseline/weights_layer2.txt' from C:/Users/seanr/vitis_projects/Lab3_MLP_optimization/baseline_blockedMM/hls_config.cfg(13)
INFO: [HLS 200-10] Adding test bench file 'C:/Users/seanr/vitis_projects/Lab3_MLP_optimization/MLP_baseline/weights_layer2.txt' to the project
INFO: [HLS 200-1465] Applying config ini 'tb.file=../MLP_baseline/weights_layer3.txt' from C:/Users/seanr/vitis_projects/Lab3_MLP_optimization/baseline_blockedMM/hls_config.cfg(14)
INFO: [HLS 200-10] Adding test bench file 'C:/Users/seanr/vitis_projects/Lab3_MLP_optimization/MLP_baseline/weights_layer3.txt' to the project
INFO: [HLS 200-1465] Applying config ini 'syn.top=MM' from C:/Users/seanr/vitis_projects/Lab3_MLP_optimization/baseline_blockedMM/hls_config.cfg(15)
INFO: [HLS 200-1465] Applying config ini 'flow_target=vivado' from C:/Users/seanr/vitis_projects/Lab3_MLP_optimization/baseline_blockedMM/hls_config.cfg(4)
INFO: [HLS 200-1505] Using flow_target 'vivado'
Resolution: For help on HLS 200-1505 see docs.xilinx.com/access/sources/dita/topic?Doc_Version=2025.1%20English&url=ug1448-hls-guidance&resourceid=200-1505.html
INFO: [HLS 200-1465] Applying config ini 'part=xc7z020clg400-1' from C:/Users/seanr/vitis_projects/Lab3_MLP_optimization/baseline_blockedMM/hls_config.cfg(1)
INFO: [HLS 200-1611] Setting target device to 'xc7z020-clg400-1'
INFO: [HLS 200-1465] Applying config ini 'clock=15' from C:/Users/seanr/vitis_projects/Lab3_MLP_optimization/baseline_blockedMM/hls_config.cfg(16)
INFO: [SYN 201-201] Setting up clock 'default' with a period of 15ns.
INFO: [HLS 200-1465] Applying config ini 'cosim.trace_level=all' from C:/Users/seanr/vitis_projects/Lab3_MLP_optimization/baseline_blockedMM/hls_config.cfg(17)
INFO: [HLS 200-1465] Applying config ini 'package.output.file=C:\Users\seanr\vitis_projects\Lab3_MLP_optimization' from C:/Users/seanr/vitis_projects/Lab3_MLP_optimization/baseline_blockedMM/hls_config.cfg(18)
INFO: [HLS 200-1465] Applying config ini 'package.output.format=ip_catalog' from C:/Users/seanr/vitis_projects/Lab3_MLP_optimization/baseline_blockedMM/hls_config.cfg(5)
INFO: [HLS 200-2176] Writing Vitis IDE component file C:/Users/seanr/vitis_projects/Lab3_MLP_optimization/baseline_blockedMM/baseline_blockedMM/vitis-comp.json
INFO: [SIM 211-2] *************** CSIM start ***************
INFO: [SIM 211-4] CSIM will launch CLANG as the compiler.
INFO: [HLS 200-2036] Building debug C Simulation binaries
   Compiling ../../../../../MLP_baseline/mm_test.cpp in debug mode
   Generating csim.exe
Calling MM kernel...
Entering MM...
Finished initial MM
Returned from MM kernel.
*******************************************
PASS: The output matches the golden output!
*******************************************
INFO: [SIM 211-1] CSim done with 0 errors.
INFO: [SIM 211-3] *************** CSIM finish ***************
INFO: [HLS 200-112] Total CPU user time: 3 seconds. Total CPU system time: 2 seconds. Total elapsed time: 10.989 seconds; peak allocated memory: 164.746 MB.
INFO: [vitis-run 60-791] Total elapsed time: 0h 0m 17s
