  **** HLS Build v2025.2 6295257
INFO: [HLS 200-2005] Using work_dir Z:/Labs/clab/baseline_blockedMM/baseline_blockedMM 
INFO: [HLS 200-2176] Writing Vitis IDE component file Z:/Labs/clab/baseline_blockedMM/baseline_blockedMM/vitis-comp.json
INFO: [HLS 200-10] Creating and opening component 'Z:/Labs/clab/baseline_blockedMM/baseline_blockedMM'.
INFO: [HLS 200-1505] Using default flow_target 'vivado'
Resolution: For help on HLS 200-1505 see docs.amd.com/access/sources/dita/topic?Doc_Version=2025.2%20English&url=ug1448-hls-guidance&resourceid=200-1505.html
INFO: [HLS 200-2174] Applying component config ini file hls_config.cfg
INFO: [HLS 200-1465] Applying config ini 'syn.file=../MLP_baseline/mm.cpp' from hls_config.cfg(7)
INFO: [HLS 200-10] Adding design file 'Z:/Labs/clab/MLP_baseline/mm.cpp' to the project
INFO: [HLS 200-1465] Applying config ini 'syn.file=../MLP_baseline/mm.h' from hls_config.cfg(8)
INFO: [HLS 200-10] Adding design file 'Z:/Labs/clab/MLP_baseline/mm.h' to the project
INFO: [HLS 200-1465] Applying config ini 'tb.file=../MLP_baseline/first_layer_golden_output.txt' from hls_config.cfg(9)
INFO: [HLS 200-10] Adding test bench file 'Z:/Labs/clab/MLP_baseline/first_layer_golden_output.txt' to the project
INFO: [HLS 200-1465] Applying config ini 'tb.file=../MLP_baseline/mm_test.cpp' from hls_config.cfg(10)
INFO: [HLS 200-10] Adding test bench file 'Z:/Labs/clab/MLP_baseline/mm_test.cpp' to the project
INFO: [HLS 200-1465] Applying config ini 'tb.file=../MLP_baseline/mnist_images_int.txt' from hls_config.cfg(11)
INFO: [HLS 200-10] Adding test bench file 'Z:/Labs/clab/MLP_baseline/mnist_images_int.txt' to the project
INFO: [HLS 200-1465] Applying config ini 'tb.file=../MLP_baseline/weights_layer1.txt' from hls_config.cfg(12)
INFO: [HLS 200-10] Adding test bench file 'Z:/Labs/clab/MLP_baseline/weights_layer1.txt' to the project
INFO: [HLS 200-1465] Applying config ini 'tb.file=../MLP_baseline/weights_layer2.txt' from hls_config.cfg(13)
INFO: [HLS 200-10] Adding test bench file 'Z:/Labs/clab/MLP_baseline/weights_layer2.txt' to the project
INFO: [HLS 200-1465] Applying config ini 'tb.file=../MLP_baseline/weights_layer3.txt' from hls_config.cfg(14)
INFO: [HLS 200-10] Adding test bench file 'Z:/Labs/clab/MLP_baseline/weights_layer3.txt' to the project
INFO: [HLS 200-1465] Applying config ini 'syn.top=MM' from hls_config.cfg(15)
INFO: [HLS 200-1465] Applying config ini 'flow_target=vivado' from hls_config.cfg(4)
INFO: [HLS 200-1505] Using flow_target 'vivado'
Resolution: For help on HLS 200-1505 see docs.amd.com/access/sources/dita/topic?Doc_Version=2025.2%20English&url=ug1448-hls-guidance&resourceid=200-1505.html
INFO: [HLS 200-1465] Applying config ini 'part=xc7z020clg400-1' from hls_config.cfg(1)
INFO: [HLS 200-1611] Setting target device to 'xc7z020-clg400-1'
INFO: [HLS 200-1465] Applying config ini 'clock=15' from hls_config.cfg(16)
INFO: [SYN 201-201] Setting up clock 'default' with a period of 15ns.
INFO: [HLS 200-1465] Applying config ini 'package.output.format=ip_catalog' from hls_config.cfg(5)
INFO: [HLS 200-2176] Writing Vitis IDE component file Z:/Labs/clab/baseline_blockedMM/baseline_blockedMM/vitis-comp.json
INFO: [HLS 200-111] Finished File checks and directory preparation: CPU user time: 1 seconds. CPU system time: 2 seconds. Elapsed time: 6.675 seconds; current allocated memory: 162.902 MB.
INFO: [HLS 200-2191] C-Synthesis will use clang-16 as the compiler
INFO: [HLS 200-10] Analyzing design file '../MLP_baseline/mm.cpp' ... 
INFO: [HLS 200-111] Finished Source Code Analysis and Preprocessing: CPU user time: 1 seconds. CPU system time: 0 seconds. Elapsed time: 6.77 seconds; current allocated memory: 165.484 MB.
INFO: [HLS 200-777] Using interface defaults for 'Vivado' flow target.
INFO: [HLS 200-1995] There were 188 instructions in the design after the 'Compile/Link' phase of compilation. See the Design Size Report for more details (Z:/Labs/clab/baseline_blockedMM/baseline_blockedMM/hls/syn/report/csynth_design_size.rpt:2)
INFO: [HLS 200-1995] There were 2,465 instructions in the design after the 'Unroll/Inline (step 1)' phase of compilation. See the Design Size Report for more details (Z:/Labs/clab/baseline_blockedMM/baseline_blockedMM/hls/syn/report/csynth_design_size.rpt:2)
INFO: [HLS 200-1995] There were 2,127 instructions in the design after the 'Unroll/Inline (step 2)' phase of compilation. See the Design Size Report for more details (Z:/Labs/clab/baseline_blockedMM/baseline_blockedMM/hls/syn/report/csynth_design_size.rpt:2)
INFO: [HLS 200-1995] There were 1,829 instructions in the design after the 'Unroll/Inline (step 3)' phase of compilation. See the Design Size Report for more details (Z:/Labs/clab/baseline_blockedMM/baseline_blockedMM/hls/syn/report/csynth_design_size.rpt:2)
INFO: [HLS 200-1995] There were 1,829 instructions in the design after the 'Unroll/Inline (step 4)' phase of compilation. See the Design Size Report for more details (Z:/Labs/clab/baseline_blockedMM/baseline_blockedMM/hls/syn/report/csynth_design_size.rpt:2)
