
---Testing results----------------------------------
	Reading input images from file: mnist_images_int.txt
	Reading Weights and Biases from file: weights_layer1.txt
number of read values for weights: 802816
number of read values for biases: 1024
About to call MM...
Entering MM...
Finished initial MM
Returned from MM.
Comparing against output data 
*******************************************
PASS: The output matches the golden output!
*******************************************
ERROR: System received a signal named SIGSEGV and the program has to stop immediately!
This signal was generated when a program tries to read or write outside the memory that is allocated for it, or to write memory that can only be read.
Possible cause of this problem may be:
  1) Missing depth information for one or more pointers to arrays in the interface;
  2) Insufficient depth setting for array argument(s);
  3) Excessive depth setting for array argument(s), that exceeds the maximum virtual memory size for the process;
  4) Null pointer etc.
Current execution stopped during CodeState = ENTER_WRAPC.
You can search CodeState variable name in apatb*.cpp file under ./sim/wrapc dir to locate the position.

Entering MM...
Finished initial MM
PASS

Z:\Labs\clab\baseline_blockedMM\baseline_blockedMM\hls\sim\verilog>set PATH= 

Z:\Labs\clab\baseline_blockedMM\baseline_blockedMM\hls\sim\verilog>call T:/AMDDesignTools/2025.2/Vivado/bin/xelab xil_defaultlib.apatb_MM_top xil_defaultlib.glbl -Oenable_linking_all_libraries -prj MM.prj -L smartconnect_v1_0 -L axi_protocol_checker_v1_1_12 -L axi_protocol_checker_v1_1_13 -L axis_protocol_checker_v1_1_11 -L axis_protocol_checker_v1_1_12 -L xil_defaultlib -L unisims_ver -L xpm  -L floating_point_v7_1_21 -L floating_point_v7_0_26 --lib "ieee_proposed=./ieee_proposed" -L uvm -relax -i ./svr -i ./axivip -i ./svtb -i ./file_agent -i ./MM_subsystem  -s MM -debug all 
Vivado Simulator v2025.2
Copyright 1986-2022 Xilinx, Inc. All Rights Reserved.
Copyright 2022-2025 Advanced Micro Devices, Inc. All Rights Reserved.
Running: T:/AMDDesignTools/2025.2/Vivado/bin/unwrapped/win64.o/xelab.exe xil_defaultlib.apatb_MM_top xil_defaultlib.glbl -Oenable_linking_all_libraries -prj MM.prj -L smartconnect_v1_0 -L axi_protocol_checker_v1_1_12 -L axi_protocol_checker_v1_1_13 -L axis_protocol_checker_v1_1_11 -L axis_protocol_checker_v1_1_12 -L xil_defaultlib -L unisims_ver -L xpm -L floating_point_v7_1_21 -L floating_point_v7_0_26 --lib ieee_proposed=./ieee_proposed -L uvm -relax -i ./svr -i ./axivip -i ./svtb -i ./file_agent -i ./MM_subsystem -s MM -debug all 
Multi-threading is on. Using 14 slave threads.
INFO: [VRFC 10-2263] Analyzing SystemVerilog file "Z:/Labs/MLP_accelerator/baseline_blockedMM/baseline_blockedMM/hls/sim/verilog/glbl.v" into library xil_defaultlib
INFO: [VRFC 10-311] analyzing module glbl
INFO: [VRFC 10-2263] Analyzing SystemVerilog file "Z:/Labs/MLP_accelerator/baseline_blockedMM/baseline_blockedMM/hls/sim/verilog/MM.autotb.v" into library xil_defaultlib
INFO: [VRFC 10-311] analyzing module apatb_MM_top
INFO: [VRFC 10-2263] Analyzing SystemVerilog file "Z:/Labs/MLP_accelerator/baseline_blockedMM/baseline_blockedMM/hls/sim/verilog/MM.v" into library xil_defaultlib
INFO: [VRFC 10-311] analyzing module MM
INFO: [VRFC 10-2263] Analyzing SystemVerilog file "Z:/Labs/MLP_accelerator/baseline_blockedMM/baseline_blockedMM/hls/sim/verilog/MM_control_s_axi.v" into library xil_defaultlib
INFO: [VRFC 10-311] analyzing module MM_control_s_axi
INFO: [VRFC 10-2263] Analyzing SystemVerilog file "Z:/Labs/MLP_accelerator/baseline_blockedMM/baseline_blockedMM/hls/sim/verilog/MM_flow_control_loop_pipe_sequential_init.v" into library xil_defaultlib
INFO: [VRFC 10-311] analyzing module MM_flow_control_loop_pipe_sequential_init
INFO: [VRFC 10-2263] Analyzing SystemVerilog file "Z:/Labs/MLP_accelerator/baseline_blockedMM/baseline_blockedMM/hls/sim/verilog/MM_gmem_m_axi.v" into library xil_defaultlib
INFO: [VRFC 10-311] analyzing module MM_gmem_m_axi
INFO: [VRFC 10-311] analyzing module MM_gmem_m_axi_load
INFO: [VRFC 10-311] analyzing module MM_gmem_m_axi_store
INFO: [VRFC 10-311] analyzing module MM_gmem_m_axi_read
INFO: [VRFC 10-311] analyzing module MM_gmem_m_axi_write
INFO: [VRFC 10-311] analyzing module MM_gmem_m_axi_burst_converter
INFO: [VRFC 10-311] analyzing module MM_gmem_m_axi_burst_interleave
INFO: [VRFC 10-311] analyzing module MM_gmem_m_axi_burst_sequential
INFO: [VRFC 10-311] analyzing module MM_gmem_m_axi_throttle
INFO: [VRFC 10-311] analyzing module MM_gmem_m_axi_reg_slice
INFO: [VRFC 10-311] analyzing module MM_gmem_m_axi_fifo
INFO: [VRFC 10-311] analyzing module MM_gmem_m_axi_srl
INFO: [VRFC 10-311] analyzing module MM_gmem_m_axi_mem
INFO: [VRFC 10-2263] Analyzing SystemVerilog file "Z:/Labs/MLP_accelerator/baseline_blockedMM/baseline_blockedMM/hls/sim/verilog/MM_MM_Pipeline_VITIS_LOOP_65_8.v" into library xil_defaultlib
INFO: [VRFC 10-311] analyzing module MM_MM_Pipeline_VITIS_LOOP_65_8
INFO: [VRFC 10-2263] Analyzing SystemVerilog file "Z:/Labs/MLP_accelerator/baseline_blockedMM/baseline_blockedMM/hls/sim/verilog/MM_mul_31ns_32s_62_1_1.v" into library xil_defaultlib
INFO: [VRFC 10-311] analyzing module MM_mul_31ns_32s_62_1_1
INFO: [VRFC 10-2263] Analyzing SystemVerilog file "Z:/Labs/MLP_accelerator/baseline_blockedMM/baseline_blockedMM/hls/sim/verilog/MM_mul_32s_32s_32_1_1.v" into library xil_defaultlib
INFO: [VRFC 10-311] analyzing module MM_mul_32s_32s_32_1_1
INFO: [VRFC 10-2263] Analyzing SystemVerilog file "Z:/Labs/MLP_accelerator/baseline_blockedMM/baseline_blockedMM/hls/sim/verilog/MM_sparsemux_33_4_32_1_1.v" into library xil_defaultlib
INFO: [VRFC 10-311] analyzing module MM_sparsemux_33_4_32_1_1
INFO: [VRFC 10-2263] Analyzing SystemVerilog file "Z:/Labs/MLP_accelerator/baseline_blockedMM/baseline_blockedMM/hls/sim/verilog/dataflow_monitor.sv" into library xil_defaultlib
INFO: [VRFC 10-311] analyzing module dataflow_monitor
INFO: [VRFC 10-2263] Analyzing SystemVerilog file "Z:/Labs/MLP_accelerator/baseline_blockedMM/baseline_blockedMM/hls/sim/verilog/file_agent/file_agent_pkg.sv" into library xil_defaultlib
INFO: [VRFC 10-2263] Analyzing SystemVerilog file "Z:/Labs/MLP_accelerator/baseline_blockedMM/baseline_blockedMM/hls/sim/verilog/axivip/axi_pkg.sv" into library xil_defaultlib
INFO: [VRFC 10-2263] Analyzing SystemVerilog file "Z:/Labs/MLP_accelerator/baseline_blockedMM/baseline_blockedMM/hls/sim/verilog/axivip/axi_if.sv" into library xil_defaultlib
INFO: [VRFC 10-2263] Analyzing SystemVerilog file "Z:/Labs/MLP_accelerator/baseline_blockedMM/baseline_blockedMM/hls/sim/verilog/MM_subsystem/MM_subsystem_pkg.sv" into library xil_defaultlib
INFO: [VRFC 10-2263] Analyzing SystemVerilog file "Z:/Labs/MLP_accelerator/baseline_blockedMM/baseline_blockedMM/hls/sim/verilog/svtb/misc_interface.sv" into library xil_defaultlib
INFO: [VRFC 10-2263] Analyzing SystemVerilog file "Z:/Labs/MLP_accelerator/baseline_blockedMM/baseline_blockedMM/hls/sim/verilog/svtb/sv_module_top.sv" into library xil_defaultlib
INFO: [VRFC 10-311] analyzing module sv_module_top
Starting static elaboration
Pass Through NonSizing Optimizer
Completed static elaboration
Starting simulation data flow analysis
WARNING: [XSIM 43-4099] "/proj/primebuilds/9999.0_PRIME_0428_0031/installs/data/system_verilog/uvm_1.2/xlnx_uvm_package.sv" Line 4356. Module uvm_pkg doesn't have a timescale but at least one module in design has a timescale.
Completed simulation data flow analysis
Time Resolution for simulation is 1ps
Compiling package xil_defaultlib.$unit_sv_module_top_sv
Compiling package uvm.uvm_pkg
Compiling package std.std
Compiling package xil_defaultlib.axi_pkg
Compiling package xil_defaultlib.MM_subsystem_pkg
Compiling package xil_defaultlib.file_agent_pkg
Compiling package xil_defaultlib.$unit_dataflow_monitor_sv
Compiling module xil_defaultlib.MM_mul_31ns_32s_62_1_1(NUM_STAGE...
Compiling module xil_defaultlib.MM_mul_32s_32s_32_1_1(NUM_STAGE=...
Compiling module xil_defaultlib.MM_sparsemux_33_4_32_1_1(din0_WI...
Compiling module xil_defaultlib.MM_flow_control_loop_pipe_sequen...
Compiling module xil_defaultlib.MM_MM_Pipeline_VITIS_LOOP_65_8
Compiling module xil_defaultlib.MM_control_s_axi
Compiling module xil_defaultlib.MM_gmem_m_axi_srl(DATA_WIDTH=96,...
Compiling module xil_defaultlib.MM_gmem_m_axi_fifo(DATA_WIDTH=96...
Compiling module xil_defaultlib.MM_gmem_m_axi_srl(DATA_WIDTH=8,A...
Compiling module xil_defaultlib.MM_gmem_m_axi_fifo(DATA_WIDTH=8,...
Compiling module xil_defaultlib.MM_gmem_m_axi_srl(DATA_WIDTH=36,...
Compiling module xil_defaultlib.MM_gmem_m_axi_fifo(DATA_WIDTH=36...
Compiling module xil_defaultlib.MM_gmem_m_axi_srl(DATA_WIDTH=1,A...
Compiling module xil_defaultlib.MM_gmem_m_axi_fifo(DATA_WIDTH=1,...
Compiling module xil_defaultlib.MM_gmem_m_axi_srl(DATA_WIDTH=1,A...
Compiling module xil_defaultlib.MM_gmem_m_axi_fifo(DATA_WIDTH=1,...
Compiling module xil_defaultlib.MM_gmem_m_axi_store(CONSERVATIVE...
Compiling module xil_defaultlib.MM_gmem_m_axi_mem(MEM_STYLE="blo...
Compiling module xil_defaultlib.MM_gmem_m_axi_fifo(MEM_STYLE="bl...
Compiling module xil_defaultlib.MM_gmem_m_axi_load(NUM_READ_OUTS...
Compiling module xil_defaultlib.MM_gmem_m_axi_reg_slice(DATA_WID...
Compiling module xil_defaultlib.MM_gmem_m_axi_burst_sequential(A...
Compiling module xil_defaultlib.MM_gmem_m_axi_burst_converter(AD...
Compiling module xil_defaultlib.MM_gmem_m_axi_reg_slice(DATA_WID...
Compiling module xil_defaultlib.MM_gmem_m_axi_srl(DATA_WIDTH=64,...
Compiling module xil_defaultlib.MM_gmem_m_axi_fifo(DATA_WIDTH=64...
Compiling module xil_defaultlib.MM_gmem_m_axi_reg_slice(DATA_WID...
Compiling module xil_defaultlib.MM_gmem_m_axi_throttle(CONSERVAT...
Compiling module xil_defaultlib.MM_gmem_m_axi_reg_slice(DATA_WID...
Compiling module xil_defaultlib.MM_gmem_m_axi_write(CONSERVATIVE...
Compiling module xil_defaultlib.MM_gmem_m_axi_reg_slice(DATA_WID...
Compiling module xil_defaultlib.MM_gmem_m_axi_read(C_USER_VALUE=...
Compiling module xil_defaultlib.MM_gmem_m_axi(C_M_AXI_ADDR_WIDTH...
Compiling module xil_defaultlib.MM
Compiling module xil_defaultlib.misc_interface_default
Compiling module xil_defaultlib.axi_if(ADDR_WIDTH=64,STRB_WIDTH=...
Compiling module xil_defaultlib.axi_if(ADDR_WIDTH=7,STRB_WIDTH=4...
Compiling module xil_defaultlib.sv_module_top
Compiling module xil_defaultlib.nodf_module_intf_default
Compiling module xil_defaultlib.seq_loop_intf(FSM_WIDTH=323)
Compiling module xil_defaultlib.upc_loop_intf(FSM_WIDTH=1)
Compiling module xil_defaultlib.dataflow_monitor_1
Compiling module xil_defaultlib.apatb_MM_top
Compiling module xil_defaultlib.glbl
Built simulation snapshot MM

****** xsim v2025.2 (64-bit)
  **** SW Build 6299465 on Fri Nov 14 19:35:11 GMT 2025
  **** IP Build 6300035 on Fri Nov 14 10:48:45 MST 2025
  **** SharedData Build 6298862 on Thu Nov 13 04:50:51 MST 2025
  **** Start of session at: Mon Apr  6 18:35:37 2026
    ** Copyright 1986-2022 Xilinx, Inc. All Rights Reserved.
    ** Copyright 2022-2025 Advanced Micro Devices, Inc. All Rights Reserved.

source xsim.dir/MM/xsim_script.tcl
# xsim {MM} -testplusarg UVM_VERBOSITY=UVM_NONE -testplusarg UVM_TESTNAME=MM_test_lib -testplusarg UVM_TIMEOUT=20000000000000 -view {{MM_dataflow_ana.wcfg}} -tclbatch {MM.tcl} -protoinst {MM.protoinst}
INFO: [Wavedata 42-565] Reading protoinst file MM.protoinst
INFO: [Wavedata 42-564]   Found protocol instance at /apatb_MM_top/AESL_inst_MM//AESL_inst_MM_activity
INFO: [Wavedata 42-564]   Found protocol instance at /apatb_MM_top/AESL_inst_MM/grp_MM_Pipeline_VITIS_LOOP_65_8_fu_7200/grp_MM_Pipeline_VITIS_LOOP_65_8_fu_7200_activity
Time resolution is 1 ps
open_wave_config MM_dataflow_ana.wcfg
source MM.tcl
## log_wave -r /
## set designtopgroup [add_wave_group "Design Top Signals"]
## set cinoutgroup [add_wave_group "C InOuts" -into $designtopgroup]
## set A__B__C__ABC_group [add_wave_group A__B__C__ABC(axi_master) -into $cinoutgroup]
## set rdata_group [add_wave_group "Read Channel" -into $A__B__C__ABC_group]
## set wdata_group [add_wave_group "Write Channel" -into $A__B__C__ABC_group]
## set ctrl_group [add_wave_group "Handshakes" -into $A__B__C__ABC_group]
## add_wave /apatb_MM_top/AESL_inst_MM/m_axi_gmem_BUSER -into $wdata_group -radix hex
## add_wave /apatb_MM_top/AESL_inst_MM/m_axi_gmem_BID -into $wdata_group -radix hex
## add_wave /apatb_MM_top/AESL_inst_MM/m_axi_gmem_BRESP -into $wdata_group -radix hex
## add_wave /apatb_MM_top/AESL_inst_MM/m_axi_gmem_BREADY -into $ctrl_group -color #ffff00 -radix hex
## add_wave /apatb_MM_top/AESL_inst_MM/m_axi_gmem_BVALID -into $ctrl_group -color #ffff00 -radix hex
## add_wave /apatb_MM_top/AESL_inst_MM/m_axi_gmem_RRESP -into $rdata_group -radix hex
## add_wave /apatb_MM_top/AESL_inst_MM/m_axi_gmem_RUSER -into $rdata_group -radix hex
## add_wave /apatb_MM_top/AESL_inst_MM/m_axi_gmem_RID -into $rdata_group -radix hex
## add_wave /apatb_MM_top/AESL_inst_MM/m_axi_gmem_RLAST -into $ctrl_group -color #ffff00 -radix hex
## add_wave /apatb_MM_top/AESL_inst_MM/m_axi_gmem_RDATA -into $rdata_group -radix hex
## add_wave /apatb_MM_top/AESL_inst_MM/m_axi_gmem_RREADY -into $ctrl_group -color #ffff00 -radix hex
## add_wave /apatb_MM_top/AESL_inst_MM/m_axi_gmem_RVALID -into $ctrl_group -color #ffff00 -radix hex
## add_wave /apatb_MM_top/AESL_inst_MM/m_axi_gmem_ARUSER -into $rdata_group -radix hex
## add_wave /apatb_MM_top/AESL_inst_MM/m_axi_gmem_ARREGION -into $rdata_group -radix hex
## add_wave /apatb_MM_top/AESL_inst_MM/m_axi_gmem_ARQOS -into $rdata_group -radix hex
## add_wave /apatb_MM_top/AESL_inst_MM/m_axi_gmem_ARPROT -into $rdata_group -radix hex
## add_wave /apatb_MM_top/AESL_inst_MM/m_axi_gmem_ARCACHE -into $rdata_group -radix hex
## add_wave /apatb_MM_top/AESL_inst_MM/m_axi_gmem_ARLOCK -into $rdata_group -radix hex
## add_wave /apatb_MM_top/AESL_inst_MM/m_axi_gmem_ARBURST -into $rdata_group -radix hex
## add_wave /apatb_MM_top/AESL_inst_MM/m_axi_gmem_ARSIZE -into $rdata_group -radix hex
## add_wave /apatb_MM_top/AESL_inst_MM/m_axi_gmem_ARLEN -into $rdata_group -radix hex
## add_wave /apatb_MM_top/AESL_inst_MM/m_axi_gmem_ARID -into $rdata_group -radix hex
## add_wave /apatb_MM_top/AESL_inst_MM/m_axi_gmem_ARADDR -into $rdata_group -radix hex
## add_wave /apatb_MM_top/AESL_inst_MM/m_axi_gmem_ARREADY -into $ctrl_group -color #ffff00 -radix hex
## add_wave /apatb_MM_top/AESL_inst_MM/m_axi_gmem_ARVALID -into $ctrl_group -color #ffff00 -radix hex
## add_wave /apatb_MM_top/AESL_inst_MM/m_axi_gmem_WUSER -into $wdata_group -radix hex
## add_wave /apatb_MM_top/AESL_inst_MM/m_axi_gmem_WID -into $wdata_group -radix hex
## add_wave /apatb_MM_top/AESL_inst_MM/m_axi_gmem_WLAST -into $ctrl_group -color #ffff00 -radix hex
## add_wave /apatb_MM_top/AESL_inst_MM/m_axi_gmem_WSTRB -into $wdata_group -radix hex
## add_wave /apatb_MM_top/AESL_inst_MM/m_axi_gmem_WDATA -into $wdata_group -radix hex
## add_wave /apatb_MM_top/AESL_inst_MM/m_axi_gmem_WREADY -into $ctrl_group -color #ffff00 -radix hex
## add_wave /apatb_MM_top/AESL_inst_MM/m_axi_gmem_WVALID -into $ctrl_group -color #ffff00 -radix hex
## add_wave /apatb_MM_top/AESL_inst_MM/m_axi_gmem_AWUSER -into $wdata_group -radix hex
## add_wave /apatb_MM_top/AESL_inst_MM/m_axi_gmem_AWREGION -into $wdata_group -radix hex
## add_wave /apatb_MM_top/AESL_inst_MM/m_axi_gmem_AWQOS -into $wdata_group -radix hex
## add_wave /apatb_MM_top/AESL_inst_MM/m_axi_gmem_AWPROT -into $wdata_group -radix hex
## add_wave /apatb_MM_top/AESL_inst_MM/m_axi_gmem_AWCACHE -into $wdata_group -radix hex
## add_wave /apatb_MM_top/AESL_inst_MM/m_axi_gmem_AWLOCK -into $wdata_group -radix hex
## add_wave /apatb_MM_top/AESL_inst_MM/m_axi_gmem_AWBURST -into $wdata_group -radix hex
## add_wave /apatb_MM_top/AESL_inst_MM/m_axi_gmem_AWSIZE -into $wdata_group -radix hex
## add_wave /apatb_MM_top/AESL_inst_MM/m_axi_gmem_AWLEN -into $wdata_group -radix hex
## add_wave /apatb_MM_top/AESL_inst_MM/m_axi_gmem_AWID -into $wdata_group -radix hex
## add_wave /apatb_MM_top/AESL_inst_MM/m_axi_gmem_AWADDR -into $wdata_group -radix hex
## add_wave /apatb_MM_top/AESL_inst_MM/m_axi_gmem_AWREADY -into $ctrl_group -color #ffff00 -radix hex
## add_wave /apatb_MM_top/AESL_inst_MM/m_axi_gmem_AWVALID -into $ctrl_group -color #ffff00 -radix hex
## set A__B__C__ABC__N__M__P__return_group [add_wave_group A__B__C__ABC__N__M__P__return(axi_slave) -into $cinoutgroup]
## add_wave /apatb_MM_top/AESL_inst_MM/interrupt -into $A__B__C__ABC__N__M__P__return_group -color #ffff00 -radix hex
## add_wave /apatb_MM_top/AESL_inst_MM/s_axi_control_BRESP -into $A__B__C__ABC__N__M__P__return_group -radix hex
## add_wave /apatb_MM_top/AESL_inst_MM/s_axi_control_BREADY -into $A__B__C__ABC__N__M__P__return_group -color #ffff00 -radix hex
## add_wave /apatb_MM_top/AESL_inst_MM/s_axi_control_BVALID -into $A__B__C__ABC__N__M__P__return_group -color #ffff00 -radix hex
## add_wave /apatb_MM_top/AESL_inst_MM/s_axi_control_RRESP -into $A__B__C__ABC__N__M__P__return_group -radix hex
## add_wave /apatb_MM_top/AESL_inst_MM/s_axi_control_RDATA -into $A__B__C__ABC__N__M__P__return_group -radix hex
## add_wave /apatb_MM_top/AESL_inst_MM/s_axi_control_RREADY -into $A__B__C__ABC__N__M__P__return_group -color #ffff00 -radix hex
## add_wave /apatb_MM_top/AESL_inst_MM/s_axi_control_RVALID -into $A__B__C__ABC__N__M__P__return_group -color #ffff00 -radix hex
## add_wave /apatb_MM_top/AESL_inst_MM/s_axi_control_ARREADY -into $A__B__C__ABC__N__M__P__return_group -color #ffff00 -radix hex
## add_wave /apatb_MM_top/AESL_inst_MM/s_axi_control_ARVALID -into $A__B__C__ABC__N__M__P__return_group -color #ffff00 -radix hex
## add_wave /apatb_MM_top/AESL_inst_MM/s_axi_control_ARADDR -into $A__B__C__ABC__N__M__P__return_group -radix hex
## add_wave /apatb_MM_top/AESL_inst_MM/s_axi_control_WSTRB -into $A__B__C__ABC__N__M__P__return_group -radix hex
## add_wave /apatb_MM_top/AESL_inst_MM/s_axi_control_WDATA -into $A__B__C__ABC__N__M__P__return_group -radix hex
## add_wave /apatb_MM_top/AESL_inst_MM/s_axi_control_WREADY -into $A__B__C__ABC__N__M__P__return_group -color #ffff00 -radix hex
## add_wave /apatb_MM_top/AESL_inst_MM/s_axi_control_WVALID -into $A__B__C__ABC__N__M__P__return_group -color #ffff00 -radix hex
## add_wave /apatb_MM_top/AESL_inst_MM/s_axi_control_AWREADY -into $A__B__C__ABC__N__M__P__return_group -color #ffff00 -radix hex
## add_wave /apatb_MM_top/AESL_inst_MM/s_axi_control_AWVALID -into $A__B__C__ABC__N__M__P__return_group -color #ffff00 -radix hex
## add_wave /apatb_MM_top/AESL_inst_MM/s_axi_control_AWADDR -into $A__B__C__ABC__N__M__P__return_group -radix hex
## set blocksiggroup [add_wave_group "Block-level IO Handshake(internal)" -into $designtopgroup]
## add_wave /apatb_MM_top/AESL_inst_MM/ap_done -into $blocksiggroup
## add_wave /apatb_MM_top/AESL_inst_MM/ap_idle -into $blocksiggroup
## add_wave /apatb_MM_top/AESL_inst_MM/ap_ready -into $blocksiggroup
## add_wave /apatb_MM_top/AESL_inst_MM/ap_start -into $blocksiggroup
## set resetgroup [add_wave_group "Reset" -into $designtopgroup]
## add_wave /apatb_MM_top/AESL_inst_MM/ap_rst_n -into $resetgroup
## set clockgroup [add_wave_group "Clock" -into $designtopgroup]
## add_wave /apatb_MM_top/AESL_inst_MM/ap_clk -into $clockgroup
## set testbenchgroup [add_wave_group "Test Bench Signals"]
## set tbinternalsiggroup [add_wave_group "Internal Signals" -into $testbenchgroup]
## set tb_simstatus_group [add_wave_group "Simulation Status" -into $tbinternalsiggroup]
## set tb_portdepth_group [add_wave_group "Port Depth" -into $tbinternalsiggroup]
## add_wave /apatb_MM_top/AUTOTB_TRANSACTION_NUM -into $tb_simstatus_group -radix hex
## add_wave /apatb_MM_top/ready_cnt -into $tb_simstatus_group -radix hex
## add_wave /apatb_MM_top/done_cnt -into $tb_simstatus_group -radix hex
## add_wave /apatb_MM_top/LENGTH_A -into $tb_portdepth_group -radix hex
## add_wave /apatb_MM_top/LENGTH_ABC -into $tb_portdepth_group -radix hex
## add_wave /apatb_MM_top/LENGTH_B -into $tb_portdepth_group -radix hex
## add_wave /apatb_MM_top/LENGTH_C -into $tb_portdepth_group -radix hex
## add_wave /apatb_MM_top/LENGTH_M -into $tb_portdepth_group -radix hex
## add_wave /apatb_MM_top/LENGTH_N -into $tb_portdepth_group -radix hex
## add_wave /apatb_MM_top/LENGTH_P -into $tb_portdepth_group -radix hex
## add_wave /apatb_MM_top/LENGTH_gmem -into $tb_portdepth_group -radix hex
## set tbcinoutgroup [add_wave_group "C InOuts" -into $testbenchgroup]
## set tb_A__B__C__ABC_group [add_wave_group A__B__C__ABC(axi_master) -into $tbcinoutgroup]
## set rdata_group [add_wave_group "Read Channel" -into $tb_A__B__C__ABC_group]
## set wdata_group [add_wave_group "Write Channel" -into $tb_A__B__C__ABC_group]
## set ctrl_group [add_wave_group "Handshakes" -into $tb_A__B__C__ABC_group]
## add_wave /apatb_MM_top/gmem_BUSER -into $wdata_group -radix hex
## add_wave /apatb_MM_top/gmem_BID -into $wdata_group -radix hex
## add_wave /apatb_MM_top/gmem_BRESP -into $wdata_group -radix hex
## add_wave /apatb_MM_top/gmem_BREADY -into $ctrl_group -color #ffff00 -radix hex
## add_wave /apatb_MM_top/gmem_BVALID -into $ctrl_group -color #ffff00 -radix hex
## add_wave /apatb_MM_top/gmem_RRESP -into $rdata_group -radix hex
## add_wave /apatb_MM_top/gmem_RUSER -into $rdata_group -radix hex
## add_wave /apatb_MM_top/gmem_RID -into $rdata_group -radix hex
## add_wave /apatb_MM_top/gmem_RLAST -into $ctrl_group -color #ffff00 -radix hex
## add_wave /apatb_MM_top/gmem_RDATA -into $rdata_group -radix hex
## add_wave /apatb_MM_top/gmem_RREADY -into $ctrl_group -color #ffff00 -radix hex
## add_wave /apatb_MM_top/gmem_RVALID -into $ctrl_group -color #ffff00 -radix hex
## add_wave /apatb_MM_top/gmem_ARUSER -into $rdata_group -radix hex
## add_wave /apatb_MM_top/gmem_ARREGION -into $rdata_group -radix hex
## add_wave /apatb_MM_top/gmem_ARQOS -into $rdata_group -radix hex
## add_wave /apatb_MM_top/gmem_ARPROT -into $rdata_group -radix hex
## add_wave /apatb_MM_top/gmem_ARCACHE -into $rdata_group -radix hex
## add_wave /apatb_MM_top/gmem_ARLOCK -into $rdata_group -radix hex
## add_wave /apatb_MM_top/gmem_ARBURST -into $rdata_group -radix hex
## add_wave /apatb_MM_top/gmem_ARSIZE -into $rdata_group -radix hex
## add_wave /apatb_MM_top/gmem_ARLEN -into $rdata_group -radix hex
## add_wave /apatb_MM_top/gmem_ARID -into $rdata_group -radix hex
## add_wave /apatb_MM_top/gmem_ARADDR -into $rdata_group -radix hex
## add_wave /apatb_MM_top/gmem_ARREADY -into $ctrl_group -color #ffff00 -radix hex
## add_wave /apatb_MM_top/gmem_ARVALID -into $ctrl_group -color #ffff00 -radix hex
## add_wave /apatb_MM_top/gmem_WUSER -into $wdata_group -radix hex
## add_wave /apatb_MM_top/gmem_WID -into $wdata_group -radix hex
## add_wave /apatb_MM_top/gmem_WLAST -into $ctrl_group -color #ffff00 -radix hex
## add_wave /apatb_MM_top/gmem_WSTRB -into $wdata_group -radix hex
## add_wave /apatb_MM_top/gmem_WDATA -into $wdata_group -radix hex
## add_wave /apatb_MM_top/gmem_WREADY -into $ctrl_group -color #ffff00 -radix hex
## add_wave /apatb_MM_top/gmem_WVALID -into $ctrl_group -color #ffff00 -radix hex
## add_wave /apatb_MM_top/gmem_AWUSER -into $wdata_group -radix hex
## add_wave /apatb_MM_top/gmem_AWREGION -into $wdata_group -radix hex
## add_wave /apatb_MM_top/gmem_AWQOS -into $wdata_group -radix hex
## add_wave /apatb_MM_top/gmem_AWPROT -into $wdata_group -radix hex
## add_wave /apatb_MM_top/gmem_AWCACHE -into $wdata_group -radix hex
## add_wave /apatb_MM_top/gmem_AWLOCK -into $wdata_group -radix hex
## add_wave /apatb_MM_top/gmem_AWBURST -into $wdata_group -radix hex
## add_wave /apatb_MM_top/gmem_AWSIZE -into $wdata_group -radix hex
## add_wave /apatb_MM_top/gmem_AWLEN -into $wdata_group -radix hex
## add_wave /apatb_MM_top/gmem_AWID -into $wdata_group -radix hex
## add_wave /apatb_MM_top/gmem_AWADDR -into $wdata_group -radix hex
## add_wave /apatb_MM_top/gmem_AWREADY -into $ctrl_group -color #ffff00 -radix hex
## add_wave /apatb_MM_top/gmem_AWVALID -into $ctrl_group -color #ffff00 -radix hex
## set tb_A__B__C__ABC__N__M__P__return_group [add_wave_group A__B__C__ABC__N__M__P__return(axi_slave) -into $tbcinoutgroup]
## add_wave /apatb_MM_top/control_INTERRUPT -into $tb_A__B__C__ABC__N__M__P__return_group -color #ffff00 -radix hex
## add_wave /apatb_MM_top/control_BRESP -into $tb_A__B__C__ABC__N__M__P__return_group -radix hex
## add_wave /apatb_MM_top/control_BREADY -into $tb_A__B__C__ABC__N__M__P__return_group -color #ffff00 -radix hex
## add_wave /apatb_MM_top/control_BVALID -into $tb_A__B__C__ABC__N__M__P__return_group -color #ffff00 -radix hex
## add_wave /apatb_MM_top/control_RRESP -into $tb_A__B__C__ABC__N__M__P__return_group -radix hex
## add_wave /apatb_MM_top/control_RDATA -into $tb_A__B__C__ABC__N__M__P__return_group -radix hex
## add_wave /apatb_MM_top/control_RREADY -into $tb_A__B__C__ABC__N__M__P__return_group -color #ffff00 -radix hex
## add_wave /apatb_MM_top/control_RVALID -into $tb_A__B__C__ABC__N__M__P__return_group -color #ffff00 -radix hex
## add_wave /apatb_MM_top/control_ARREADY -into $tb_A__B__C__ABC__N__M__P__return_group -color #ffff00 -radix hex
## add_wave /apatb_MM_top/control_ARVALID -into $tb_A__B__C__ABC__N__M__P__return_group -color #ffff00 -radix hex
## add_wave /apatb_MM_top/control_ARADDR -into $tb_A__B__C__ABC__N__M__P__return_group -radix hex
## add_wave /apatb_MM_top/control_WSTRB -into $tb_A__B__C__ABC__N__M__P__return_group -radix hex
## add_wave /apatb_MM_top/control_WDATA -into $tb_A__B__C__ABC__N__M__P__return_group -radix hex
## add_wave /apatb_MM_top/control_WREADY -into $tb_A__B__C__ABC__N__M__P__return_group -color #ffff00 -radix hex
## add_wave /apatb_MM_top/control_WVALID -into $tb_A__B__C__ABC__N__M__P__return_group -color #ffff00 -radix hex
## add_wave /apatb_MM_top/control_AWREADY -into $tb_A__B__C__ABC__N__M__P__return_group -color #ffff00 -radix hex
## add_wave /apatb_MM_top/control_AWVALID -into $tb_A__B__C__ABC__N__M__P__return_group -color #ffff00 -radix hex
## add_wave /apatb_MM_top/control_AWADDR -into $tb_A__B__C__ABC__N__M__P__return_group -radix hex
## save_wave_config MM.wcfg
## run all
UVM_INFO T:/AMDDesignTools/2025.2/Vivado/data/system_verilog/uvm_1.2/xlnx_uvm_package.sv(18601) @ 0: reporter [UVM/RELNOTES] 
----------------------------------------------------------------
UVM-1.2
(C) 2007-2014 Mentor Graphics Corporation
(C) 2007-2014 Cadence Design Systems, Inc.
(C) 2006-2014 Synopsys, Inc.
(C) 2011-2013 Cypress Semiconductor Corp.
(C) 2013-2014 NVIDIA Corporation
----------------------------------------------------------------

  ***********       IMPORTANT RELEASE NOTES         ************

  You are using a version of the UVM library that has been compiled
  with `UVM_NO_DEPRECATED undefined.

  You are using a version of the UVM library that has been compiled
  with `UVM_OBJECT_DO_NOT_NEED_CONSTRUCTOR undefined.

      (Specify +UVM_NO_RELNOTES to turn off this notice)

UVM_INFO T:/AMDDesignTools/2025.2/Vivado/data/system_verilog/uvm_1.2/xlnx_uvm_package.sv(18648) @ 0: reporter [NO_DPI_TSTNAME] UVM_NO_DPI defined--getting UVM_TESTNAME directly, without DPI
UVM_INFO T:/AMDDesignTools/2025.2/Vivado/data/system_verilog/uvm_1.2/xlnx_uvm_package.sv(18752) @ 0: reporter [UVMTOP] UVM testbench topology:
--------------------------------------------------------------------------------------
Name                         Type                              Size  Value            
--------------------------------------------------------------------------------------
uvm_test_top                 MM_test_lib                       -     @368             
  top_env                    MM_env                            -     @379             
    MM_virtual_sqr           MM_virtual_sequencer              -     @523             
      rsp_export             uvm_analysis_export               -     @532             
      seq_item_export        uvm_seq_item_pull_imp             -     @650             
      arbitration_queue      array                             0     -                
      lock_queue             array                             0     -                
      num_last_reqs          integral                          32    'd1              
      num_last_rsps          integral                          32    'd1              
    axi_lite_control         uvm_env                           -     @432             
      item_rtr_port          uvm_analysis_port                 -     @451             
      item_wtr_port          uvm_analysis_port                 -     @441             
      master                 uvm_agent                         -     @849             
        ardrv                uvm_driver #(REQ,RSP)             -     @1524            
          item_read_imp      uvm_analysis_port                 -     @1553            
          rsp_port           uvm_analysis_port                 -     @1543            
          seq_item_port      uvm_seq_item_pull_port            -     @1533            
          m_num_sent         integral                          32    'h0              
        arsqr                axi_sequencer                     -     @1563            
          rsp_export         uvm_analysis_export               -     @1572            
          seq_item_export    uvm_seq_item_pull_imp             -     @1690            
          arbitration_queue  array                             0     -                
          lock_queue         array                             0     -                
          num_last_reqs      integral                          32    'd1              
          num_last_rsps      integral                          32    'd1              
        awdrv                uvm_driver #(REQ,RSP)             -     @996             
          item_read_imp      uvm_analysis_port                 -     @1025            
          rsp_port           uvm_analysis_port                 -     @1015            
          seq_item_port      uvm_seq_item_pull_port            -     @1005            
          m_num_sent         integral                          32    'h0              
        awsqr                axi_sequencer                     -     @1035            
          rsp_export         uvm_analysis_export               -     @1044            
          seq_item_export    uvm_seq_item_pull_imp             -     @1162            
          arbitration_queue  array                             0     -                
          lock_queue         array                             0     -                
          num_last_reqs      integral                          32    'd1              
          num_last_rsps      integral                          32    'd1              
        bdrv                 uvm_driver #(REQ,RSP)             -     @1348            
          item_read_imp      uvm_analysis_port                 -     @1377            
          rsp_port           uvm_analysis_port                 -     @1367            
          seq_item_port      uvm_seq_item_pull_port            -     @1357            
          m_num_sent         integral                          32    'h0              
        bsqr                 axi_sequencer                     -     @1387            
          rsp_export         uvm_analysis_export               -     @1396            
          seq_item_export    uvm_seq_item_pull_imp             -     @1514            
          arbitration_queue  array                             0     -                
          lock_queue         array                             0     -                
          num_last_reqs      integral                          32    'd1              
          num_last_rsps      integral                          32    'd1              
        rdrv                 uvm_driver #(REQ,RSP)             -     @1700            
          item_read_imp      uvm_analysis_port                 -     @1729            
          rsp_port           uvm_analysis_port                 -     @1719            
          seq_item_port      uvm_seq_item_pull_port            -     @1709            
          m_num_sent         integral                          32    'h0              
        rsqr                 axi_sequencer                     -     @1739            
          rsp_export         uvm_analysis_export               -     @1748            
          seq_item_export    uvm_seq_item_pull_imp             -     @1866            
          arbitration_queue  array                             0     -                
          lock_queue         array                             0     -                
          num_last_reqs      integral                          32    'd1              
          num_last_rsps      integral                          32    'd1              
        wdrv                 uvm_driver #(REQ,RSP)             -     @1172            
          item_read_imp      uvm_analysis_port                 -     @1201            
          rsp_port           uvm_analysis_port                 -     @1191            
          seq_item_port      uvm_seq_item_pull_port            -     @1181            
          m_num_sent         integral                          32    'h0              
        wsqr                 axi_sequencer                     -     @1211            
          rsp_export         uvm_analysis_export               -     @1220            
          seq_item_export    uvm_seq_item_pull_imp             -     @1338            
          arbitration_queue  array                             0     -                
          lock_queue         array                             0     -                
          num_last_reqs      integral                          32    'd1              
          num_last_rsps      integral                          32    'd1              
      monitor                uvm_monitor                       -     @671             
        item_ar2r_port       uvm_analysis_port                 -     @740             
        item_ar_port         uvm_analysis_port                 -     @710             
        item_aw2b_port       uvm_analysis_port                 -     @730             
        item_aw_port         uvm_analysis_port                 -     @680             
        item_b_port          uvm_analysis_port                 -     @700             
        item_r_port          uvm_analysis_port                 -     @720             
        item_w_port          uvm_analysis_port                 -     @690             
        checks_enable        integral                          1     'h1              
        coverage_enable      integral                          1     'h1              
      state                  axi_state                         -     @750             
        ar2r_imp             uvm_analysis_imp_ar2r             -     @819             
        ar_imp               uvm_analysis_imp_ar               -     @789             
        aw2b_imp             uvm_analysis_imp_aw2b             -     @809             
        aw_imp               uvm_analysis_imp_aw               -     @759             
        b_imp                uvm_analysis_imp_b                -     @779             
        item_rtr_port        uvm_analysis_port                 -     @839             
        item_wtr_port        uvm_analysis_port                 -     @829             
        r_imp                uvm_analysis_imp_r                -     @799             
        w_imp                uvm_analysis_imp_w                -     @769             
        avg_rate             integral                          32    'h0              
        exp_rate             integral                          32    'h0              
        win_size             integral                          32    'h0              
        bqnum_for_slaseq     integral                          32    'h0              
        rq_from_model_num    integral                          32    'h0              
      vsqr                   axi_virtual_sequencer             -     @858             
        rsp_export           uvm_analysis_export               -     @867             
        seq_item_export      uvm_seq_item_pull_imp             -     @985             
        arbitration_queue    array                             0     -                
        lock_queue           array                             0     -                
        num_last_reqs        integral                          32    'd1              
        num_last_rsps        integral                          32    'd1              
      cfg                    axi_cfg                           -     @395             
        has_checker          integral                          1     'h1              
        has_coverage         integral                          1     'h1              
        id_num               integral                          32    'h1              
        reset_level          reset_level_enum                  32    RESET_LEVEL_LOW  
        drv_type             drv_type_enum                     32    MASTER           
        write_latency_mode   latency_mode_enum                 32    CHANNEL_FIRST    
        read_latency_mode    latency_mode_enum                 32    CHANNEL_FIRST    
        clatency             axi_latency                       -     @430             
          wr_latency         integral                          32    'h0              
          rd_latency         integral                          32    'h0              
    axi_master_gmem          uvm_env                           -     @401             
      item_rtr_port          uvm_analysis_port                 -     @420             
      item_wtr_port          uvm_analysis_port                 -     @410             
      monitor                uvm_monitor                       -     @1949            
        item_ar2r_port       uvm_analysis_port                 -     @2018            
        item_ar_port         uvm_analysis_port                 -     @1988            
        item_aw2b_port       uvm_analysis_port                 -     @2008            
        item_aw_port         uvm_analysis_port                 -     @1958            
        item_b_port          uvm_analysis_port                 -     @1978            
        item_r_port          uvm_analysis_port                 -     @1998            
        item_w_port          uvm_analysis_port                 -     @1968            
        checks_enable        integral                          1     'h1              
        coverage_enable      integral                          1     'h1              
      slave                  uvm_agent                         -     @2127            
        ardrv                uvm_driver #(REQ,RSP)             -     @2804            
          item_read_imp      uvm_analysis_port                 -     @2833            
          rsp_port           uvm_analysis_port                 -     @2823            
          seq_item_port      uvm_seq_item_pull_port            -     @2813            
          m_num_sent         integral                          32    'h0              
        arsqr                axi_sequencer                     -     @2843            
          rsp_export         uvm_analysis_export               -     @2852            
          seq_item_export    uvm_seq_item_pull_imp             -     @2970            
          arbitration_queue  array                             0     -                
          lock_queue         array                             0     -                
          num_last_reqs      integral                          32    'd1              
          num_last_rsps      integral                          32    'd1              
        awdrv                uvm_driver #(REQ,RSP)             -     @2276            
          item_read_imp      uvm_analysis_port                 -     @2305            
          rsp_port           uvm_analysis_port                 -     @2295            
          seq_item_port      uvm_seq_item_pull_port            -     @2285            
          m_num_sent         integral                          32    'h0              
        awsqr                axi_sequencer                     -     @2315            
          rsp_export         uvm_analysis_export               -     @2324            
          seq_item_export    uvm_seq_item_pull_imp             -     @2442            
          arbitration_queue  array                             0     -                
          lock_queue         array                             0     -                
          num_last_reqs      integral                          32    'd1              
          num_last_rsps      integral                          32    'd1              
        bdrv                 uvm_driver #(REQ,RSP)             -     @2628            
          item_read_imp      uvm_analysis_port                 -     @2657            
          rsp_port           uvm_analysis_port                 -     @2647            
          seq_item_port      uvm_seq_item_pull_port            -     @2637            
          m_num_sent         integral                          32    'h0              
        bsqr                 axi_sequencer                     -     @2667            
          rsp_export         uvm_analysis_export               -     @2676            
          seq_item_export    uvm_seq_item_pull_imp             -     @2794            
          arbitration_queue  array                             0     -                
          lock_queue         array                             0     -                
          num_last_reqs      integral                          32    'd1              
          num_last_rsps      integral                          32    'd1              
        rdrv                 uvm_driver #(REQ,RSP)             -     @2980            
          item_read_imp      uvm_analysis_port                 -     @3009            
          rsp_port           uvm_analysis_port                 -     @2999            
          seq_item_port      uvm_seq_item_pull_port            -     @2989            
          m_num_sent         integral                          32    'h0              
        rsqr                 axi_sequencer                     -     @3019            
          rsp_export         uvm_analysis_export               -     @3028            
          seq_item_export    uvm_seq_item_pull_imp             -     @3146            
          arbitration_queue  array                             0     -                
          lock_queue         array                             0     -                
          num_last_reqs      integral                          32    'd1              
          num_last_rsps      integral                          32    'd1              
        wdrv                 uvm_driver #(REQ,RSP)             -     @2452            
          item_read_imp      uvm_analysis_port                 -     @2481            
          rsp_port           uvm_analysis_port                 -     @2471            
          seq_item_port      uvm_seq_item_pull_port            -     @2461            
          m_num_sent         integral                          32    'h0              
        wsqr                 axi_sequencer                     -     @2491            
          rsp_export         uvm_analysis_export               -     @2500            
          seq_item_export    uvm_seq_item_pull_imp             -     @2618            
          arbitration_queue  array                             0     -                
          lock_queue         array                             0     -                
          num_last_reqs      integral                          32    'd1              
          num_last_rsps      integral                          32    'd1              
      state                  axi_state                         -     @2028            
        ar2r_imp             uvm_analysis_imp_ar2r             -     @2097            
        ar_imp               uvm_analysis_imp_ar               -     @2067            
        aw2b_imp             uvm_analysis_imp_aw2b             -     @2087            
        aw_imp               uvm_analysis_imp_aw               -     @2037            
        b_imp                uvm_analysis_imp_b                -     @2057            
        item_rtr_port        uvm_analysis_port                 -     @2117            
        item_wtr_port        uvm_analysis_port                 -     @2107            
        r_imp                uvm_analysis_imp_r                -     @2077            
        w_imp                uvm_analysis_imp_w                -     @2047            
        avg_rate             integral                          32    'h0              
        exp_rate             integral                          32    'h0              
        win_size             integral                          32    'h0              
        bqnum_for_slaseq     integral                          32    'h0              
        rq_from_model_num    integral                          32    'h0              
      vsqr                   axi_virtual_sequencer             -     @2136            
        rsp_export           uvm_analysis_export               -     @2145            
        seq_item_export      uvm_seq_item_pull_imp             -     @2263            
        arbitration_queue    array                             0     -                
        lock_queue           array                             0     -                
        num_last_reqs        integral                          32    'd1              
        num_last_rsps        integral                          32    'd1              
      cfg                    axi_cfg                           -     @394             
        has_checker          integral                          1     'h1              
        has_coverage         integral                          1     'h1              
        id_num               integral                          32    'h1              
        reset_level          reset_level_enum                  32    RESET_LEVEL_LOW  
        drv_type             drv_type_enum                     32    SLAVE            
        write_latency_mode   latency_mode_enum                 32    TRANSACTION_FIRST
        read_latency_mode    latency_mode_enum                 32    TRANSACTION_FIRST
        clatency             axi_latency                       -     @396             
          wr_latency         integral                          32    'h0              
          rd_latency         integral                          32    'h0              
    refm                     MM_reference_model                -     @461             
      trans_num_idx          integral                          32    'h0              
    subsys_mon               MM_subsystem_monitor              -     @474             
      control_rtr_imp        uvm_analysis_imp_axi_rtr_control  -     @513             
      control_wtr_imp        uvm_analysis_imp_axi_wtr_control  -     @503             
      gmem_rtr_imp           uvm_analysis_imp_axi_rtr_gmem     -     @493             
      gmem_wtr_imp           uvm_analysis_imp_axi_wtr_gmem     -     @483             
      scbd                   MM_scoreboard                     -     @3227            
        refm                 MM_reference_model                -     @461             
          trans_num_idx      integral                          32    'h0              
    refm                     MM_reference_model                -     @461             
    MM_virtual_sqr           MM_virtual_sequencer              -     @523             
    MM_cfg                   MM_config                         -     @393             
      gmem_cfg               axi_cfg                           -     @394             
        has_checker          integral                          1     'h1              
        has_coverage         integral                          1     'h1              
        id_num               integral                          32    'h1              
        reset_level          reset_level_enum                  32    RESET_LEVEL_LOW  
        drv_type             drv_type_enum                     32    SLAVE            
        write_latency_mode   latency_mode_enum                 32    TRANSACTION_FIRST
        read_latency_mode    latency_mode_enum                 32    TRANSACTION_FIRST
        clatency             axi_latency                       -     @396             
          wr_latency         integral                          32    'h0              
          rd_latency         integral                          32    'h0              
      control_cfg            axi_cfg                           -     @395             
        has_checker          integral                          1     'h1              
        has_coverage         integral                          1     'h1              
        id_num               integral                          32    'h1              
        reset_level          reset_level_enum                  32    RESET_LEVEL_LOW  
        drv_type             drv_type_enum                     32    MASTER           
        write_latency_mode   latency_mode_enum                 32    CHANNEL_FIRST    
        read_latency_mode    latency_mode_enum                 32    CHANNEL_FIRST    
        clatency             axi_latency                       -     @430             
          wr_latency         integral                          32    'h0              
          rd_latency         integral                          32    'h0              
      check_ena              integral                          32    'h0              
      cover_ena              integral                          32    'h0              
--------------------------------------------------------------------------------------

UVM_INFO T:/AMDDesignTools/2025.2/Vivado/data/system_verilog/uvm_1.2/xlnx_uvm_package.sv(20867) @ 0: reporter [UVM/COMP/NAMECHECK] This implementation of the component name checks requires DPI to be enabled
////////////////////////////////////////////////////////////////////////////////////
// Inter-Transaction Progress: Completed Transaction / Total Transaction
// Intra-Transaction Progress: Measured Latency / Latency Estimation * 100%
//
// RTL Simulation : "Inter-Transaction Progress" ["Intra-Transaction Progress"] @ "Simulation Time"
////////////////////////////////////////////////////////////////////////////////////
// RTL Simulation : 0 / 1 [n/a] @ "143000"
// RTL Simulation : 1 / 1 [n/a] @ "160793000"
////////////////////////////////////////////////////////////////////////////////////
$finish called at time : 160897500 ps : File "T:/AMDDesignTools/2025.2/Vivado/data/system_verilog/uvm_1.2/xlnx_uvm_package.sv" Line 18699
run: Time (s): cpu = 00:00:07 ; elapsed = 00:00:08 . Memory (MB): peak = 242.551 ; gain = 0.000
## quit
INFO: xsimkernel Simulation Memory Usage: 196976 KB (Peak: 196976 KB), Simulation CPU Usage: 4155 ms
INFO: [Common 17-206] Exiting xsim at Mon Apr  6 18:35:49 2026...
PASS
