
*** Running vivado
    with args -log design_1_axi_mem_intercon_imp_xbar_0.vds -m64 -product Vivado -mode batch -messageDb vivado.pb -notrace -source design_1_axi_mem_intercon_imp_xbar_0.tcl



****** Vivado v2025.1 (64-bit)
  **** SW Build 6140274 on Thu May 22 00:12:29 MDT 2025
  **** IP Build 6138677 on Thu May 22 03:10:11 MDT 2025
  **** SharedData Build 6139179 on Tue May 20 17:58:58 MDT 2025
  **** Start of session at: Fri Apr 10 10:58:30 2026
    ** Copyright 1986-2022 Xilinx, Inc. All Rights Reserved.
    ** Copyright 2022-2025 Advanced Micro Devices, Inc. All Rights Reserved.

source design_1_axi_mem_intercon_imp_xbar_0.tcl -notrace
create_project: Time (s): cpu = 00:00:12 ; elapsed = 00:00:08 . Memory (MB): peak = 513.691 ; gain = 214.680
INFO: [IP_Flow 19-234] Refreshing IP repositories
INFO: [IP_Flow 19-1700] Loaded user IP repository 'c:/Users/seanr/vitis_projects/Lab3_MLP_optimization/baseline_blockedMM/baseline_blockedMM/hls/impl/ip'.
INFO: [IP_Flow 19-2313] Loaded Vivado IP repository 'C:/Xilinx/2025.1/Vivado/data/ip'.
WARNING: [IP_Flow 19-4995] The host OS only allows 260 characters in a normal path. The IP cache path is more than 80 characters. If you experience issues with IP caching, please consider changing the IP cache to a location with a shorter path. Alternately consider using the OS subst command to map part of the path to a drive letter. 
Current IP cache path is c:/Users/seanr/vitis_projects/Lab3_MLP_optimization/MLP_accel_vivado/MLP_accel_vivado.cache/ip 
Command: synth_design -top design_1_axi_mem_intercon_imp_xbar_0 -part xc7z020clg400-1 -incremental_mode off -mode out_of_context
Starting synth_design
Attempting to get a license for feature 'Synthesis' and/or device 'xc7z020'
INFO: [Common 17-349] Got license for feature 'Synthesis' and/or device 'xc7z020'
INFO: [Device 21-403] Loading part xc7z020clg400-1
INFO: [Synth 8-7079] Multithreading enabled for synth_design using a maximum of 2 processes.
INFO: [Synth 8-7078] Launching helper process for spawning children vivado processes
INFO: [Synth 8-7075] Helper process launched with PID 23848
---------------------------------------------------------------------------------
Starting RTL Elaboration : Time (s): cpu = 00:00:13 ; elapsed = 00:00:15 . Memory (MB): peak = 1255.453 ; gain = 490.559
---------------------------------------------------------------------------------
WARNING: [Synth 8-10507] attribute 'X_INTERFACE_MODE' is already specified; last one will take precedence [c:/Users/seanr/vitis_projects/Lab3_MLP_optimization/MLP_accel_vivado/MLP_accel_vivado.gen/sources_1/bd/design_1/ip/design_1_axi_mem_intercon_imp_xbar_0/synth/design_1_axi_mem_intercon_imp_xbar_0.v:152]
WARNING: [Synth 8-10507] attribute 'X_INTERFACE_PARAMETER' is already specified; last one will take precedence [c:/Users/seanr/vitis_projects/Lab3_MLP_optimization/MLP_accel_vivado/MLP_accel_vivado.gen/sources_1/bd/design_1/ip/design_1_axi_mem_intercon_imp_xbar_0/synth/design_1_axi_mem_intercon_imp_xbar_0.v:154]
WARNING: [Synth 8-10507] attribute 'X_INTERFACE_MODE' is already specified; last one will take precedence [c:/Users/seanr/vitis_projects/Lab3_MLP_optimization/MLP_accel_vivado/MLP_accel_vivado.gen/sources_1/bd/design_1/ip/design_1_axi_mem_intercon_imp_xbar_0/synth/design_1_axi_mem_intercon_imp_xbar_0.v:155]
WARNING: [Synth 8-10507] attribute 'X_INTERFACE_PARAMETER' is already specified; last one will take precedence [c:/Users/seanr/vitis_projects/Lab3_MLP_optimization/MLP_accel_vivado/MLP_accel_vivado.gen/sources_1/bd/design_1/ip/design_1_axi_mem_intercon_imp_xbar_0/synth/design_1_axi_mem_intercon_imp_xbar_0.v:157]
WARNING: [Synth 8-10507] attribute 'X_INTERFACE_MODE' is already specified; last one will take precedence [c:/Users/seanr/vitis_projects/Lab3_MLP_optimization/MLP_accel_vivado/MLP_accel_vivado.gen/sources_1/bd/design_1/ip/design_1_axi_mem_intercon_imp_xbar_0/synth/design_1_axi_mem_intercon_imp_xbar_0.v:158]
WARNING: [Synth 8-10507] attribute 'X_INTERFACE_PARAMETER' is already specified; last one will take precedence [c:/Users/seanr/vitis_projects/Lab3_MLP_optimization/MLP_accel_vivado/MLP_accel_vivado.gen/sources_1/bd/design_1/ip/design_1_axi_mem_intercon_imp_xbar_0/synth/design_1_axi_mem_intercon_imp_xbar_0.v:160]
WARNING: [Synth 8-10507] attribute 'X_INTERFACE_MODE' is already specified; last one will take precedence [c:/Users/seanr/vitis_projects/Lab3_MLP_optimization/MLP_accel_vivado/MLP_accel_vivado.gen/sources_1/bd/design_1/ip/design_1_axi_mem_intercon_imp_xbar_0/synth/design_1_axi_mem_intercon_imp_xbar_0.v:240]
WARNING: [Synth 8-10507] attribute 'X_INTERFACE_PARAMETER' is already specified; last one will take precedence [c:/Users/seanr/vitis_projects/Lab3_MLP_optimization/MLP_accel_vivado/MLP_accel_vivado.gen/sources_1/bd/design_1/ip/design_1_axi_mem_intercon_imp_xbar_0/synth/design_1_axi_mem_intercon_imp_xbar_0.v:242]
WARNING: [Synth 8-10507] attribute 'X_INTERFACE_MODE' is already specified; last one will take precedence [c:/Users/seanr/vitis_projects/Lab3_MLP_optimization/MLP_accel_vivado/MLP_accel_vivado.gen/sources_1/bd/design_1/ip/design_1_axi_mem_intercon_imp_xbar_0/synth/design_1_axi_mem_intercon_imp_xbar_0.v:243]
WARNING: [Synth 8-10507] attribute 'X_INTERFACE_PARAMETER' is already specified; last one will take precedence [c:/Users/seanr/vitis_projects/Lab3_MLP_optimization/MLP_accel_vivado/MLP_accel_vivado.gen/sources_1/bd/design_1/ip/design_1_axi_mem_intercon_imp_xbar_0/synth/design_1_axi_mem_intercon_imp_xbar_0.v:245]
WARNING: [Synth 8-10507] attribute 'X_INTERFACE_MODE' is already specified; last one will take precedence [c:/Users/seanr/vitis_projects/Lab3_MLP_optimization/MLP_accel_vivado/MLP_accel_vivado.gen/sources_1/bd/design_1/ip/design_1_axi_mem_intercon_imp_xbar_0/synth/design_1_axi_mem_intercon_imp_xbar_0.v:246]
WARNING: [Synth 8-10507] attribute 'X_INTERFACE_PARAMETER' is already specified; last one will take precedence [c:/Users/seanr/vitis_projects/Lab3_MLP_optimization/MLP_accel_vivado/MLP_accel_vivado.gen/sources_1/bd/design_1/ip/design_1_axi_mem_intercon_imp_xbar_0/synth/design_1_axi_mem_intercon_imp_xbar_0.v:248]
INFO: [Synth 8-6157] synthesizing module 'design_1_axi_mem_intercon_imp_xbar_0' [c:/Users/seanr/vitis_projects/Lab3_MLP_optimization/MLP_accel_vivado/MLP_accel_vivado.gen/sources_1/bd/design_1/ip/design_1_axi_mem_intercon_imp_xbar_0/synth/design_1_axi_mem_intercon_imp_xbar_0.v:53]
INFO: [Synth 8-6157] synthesizing module 'axi_crossbar_v2_1_37_axi_crossbar' [c:/Users/seanr/vitis_projects/Lab3_MLP_optimization/MLP_accel_vivado/MLP_accel_vivado.gen/sources_1/bd/design_1/ipshared/a1a7/hdl/axi_crossbar_v2_1_vl_rfs.v:4871]
INFO: [Synth 8-6157] synthesizing module 'axi_crossbar_v2_1_37_crossbar' [c:/Users/seanr/vitis_projects/Lab3_MLP_optimization/MLP_accel_vivado/MLP_accel_vivado.gen/sources_1/bd/design_1/ipshared/a1a7/hdl/axi_crossbar_v2_1_vl_rfs.v:2232]
INFO: [Synth 8-6157] synthesizing module 'axi_crossbar_v2_1_37_si_transactor' [c:/Users/seanr/vitis_projects/Lab3_MLP_optimization/MLP_accel_vivado/MLP_accel_vivado.gen/sources_1/bd/design_1/ipshared/a1a7/hdl/axi_crossbar_v2_1_vl_rfs.v:3791]
INFO: [Synth 8-6157] synthesizing module 'axi_crossbar_v2_1_37_addr_decoder' [c:/Users/seanr/vitis_projects/Lab3_MLP_optimization/MLP_accel_vivado/MLP_accel_vivado.gen/sources_1/bd/design_1/ipshared/a1a7/hdl/axi_crossbar_v2_1_vl_rfs.v:790]
INFO: [Synth 8-6157] synthesizing module 'generic_baseblocks_v2_1_2_comparator_static' [c:/Users/seanr/vitis_projects/Lab3_MLP_optimization/MLP_accel_vivado/MLP_accel_vivado.gen/sources_1/bd/design_1/ipshared/0c28/hdl/generic_baseblocks_v2_1_vl_rfs.v:2119]
INFO: [Synth 8-6157] synthesizing module 'generic_baseblocks_v2_1_2_carry_and' [c:/Users/seanr/vitis_projects/Lab3_MLP_optimization/MLP_accel_vivado/MLP_accel_vivado.gen/sources_1/bd/design_1/ipshared/0c28/hdl/generic_baseblocks_v2_1_vl_rfs.v:60]
INFO: [Synth 8-6155] done synthesizing module 'generic_baseblocks_v2_1_2_carry_and' (0#1) [c:/Users/seanr/vitis_projects/Lab3_MLP_optimization/MLP_accel_vivado/MLP_accel_vivado.gen/sources_1/bd/design_1/ipshared/0c28/hdl/generic_baseblocks_v2_1_vl_rfs.v:60]
INFO: [Synth 8-6155] done synthesizing module 'generic_baseblocks_v2_1_2_comparator_static' (0#1) [c:/Users/seanr/vitis_projects/Lab3_MLP_optimization/MLP_accel_vivado/MLP_accel_vivado.gen/sources_1/bd/design_1/ipshared/0c28/hdl/generic_baseblocks_v2_1_vl_rfs.v:2119]
INFO: [Synth 8-6157] synthesizing module 'generic_baseblocks_v2_1_2_comparator_static__parameterized0' [c:/Users/seanr/vitis_projects/Lab3_MLP_optimization/MLP_accel_vivado/MLP_accel_vivado.gen/sources_1/bd/design_1/ipshared/0c28/hdl/generic_baseblocks_v2_1_vl_rfs.v:2119]
INFO: [Synth 8-6155] done synthesizing module 'generic_baseblocks_v2_1_2_comparator_static__parameterized0' (0#1) [c:/Users/seanr/vitis_projects/Lab3_MLP_optimization/MLP_accel_vivado/MLP_accel_vivado.gen/sources_1/bd/design_1/ipshared/0c28/hdl/generic_baseblocks_v2_1_vl_rfs.v:2119]
INFO: [Synth 8-6157] synthesizing module 'generic_baseblocks_v2_1_2_comparator_static__parameterized1' [c:/Users/seanr/vitis_projects/Lab3_MLP_optimization/MLP_accel_vivado/MLP_accel_vivado.gen/sources_1/bd/design_1/ipshared/0c28/hdl/generic_baseblocks_v2_1_vl_rfs.v:2119]
INFO: [Synth 8-6155] done synthesizing module 'generic_baseblocks_v2_1_2_comparator_static__parameterized1' (0#1) [c:/Users/seanr/vitis_projects/Lab3_MLP_optimization/MLP_accel_vivado/MLP_accel_vivado.gen/sources_1/bd/design_1/ipshared/0c28/hdl/generic_baseblocks_v2_1_vl_rfs.v:2119]
INFO: [Synth 8-6157] synthesizing module 'generic_baseblocks_v2_1_2_comparator_static__parameterized2' [c:/Users/seanr/vitis_projects/Lab3_MLP_optimization/MLP_accel_vivado/MLP_accel_vivado.gen/sources_1/bd/design_1/ipshared/0c28/hdl/generic_baseblocks_v2_1_vl_rfs.v:2119]
INFO: [Synth 8-6155] done synthesizing module 'generic_baseblocks_v2_1_2_comparator_static__parameterized2' (0#1) [c:/Users/seanr/vitis_projects/Lab3_MLP_optimization/MLP_accel_vivado/MLP_accel_vivado.gen/sources_1/bd/design_1/ipshared/0c28/hdl/generic_baseblocks_v2_1_vl_rfs.v:2119]
INFO: [Synth 8-6155] done synthesizing module 'axi_crossbar_v2_1_37_addr_decoder' (0#1) [c:/Users/seanr/vitis_projects/Lab3_MLP_optimization/MLP_accel_vivado/MLP_accel_vivado.gen/sources_1/bd/design_1/ipshared/a1a7/hdl/axi_crossbar_v2_1_vl_rfs.v:790]
INFO: [Synth 8-6157] synthesizing module 'axi_data_fifo_v2_1_35_axic_srl_fifo' [c:/Users/seanr/vitis_projects/Lab3_MLP_optimization/MLP_accel_vivado/MLP_accel_vivado.gen/sources_1/bd/design_1/ipshared/4846/hdl/axi_data_fifo_v2_1_vl_rfs.v:694]
INFO: [Synth 8-6157] synthesizing module 'axi_data_fifo_v2_1_35_ndeep_srl' [c:/Users/seanr/vitis_projects/Lab3_MLP_optimization/MLP_accel_vivado/MLP_accel_vivado.gen/sources_1/bd/design_1/ipshared/4846/hdl/axi_data_fifo_v2_1_vl_rfs.v:1129]
INFO: [Synth 8-6157] synthesizing module 'SRLC32E' [C:/Xilinx/2025.1/Vivado/scripts/rt/data/unisim_comp.v:158762]
INFO: [Synth 8-6155] done synthesizing module 'SRLC32E' (0#1) [C:/Xilinx/2025.1/Vivado/scripts/rt/data/unisim_comp.v:158762]
INFO: [Synth 8-6155] done synthesizing module 'axi_data_fifo_v2_1_35_ndeep_srl' (0#1) [c:/Users/seanr/vitis_projects/Lab3_MLP_optimization/MLP_accel_vivado/MLP_accel_vivado.gen/sources_1/bd/design_1/ipshared/4846/hdl/axi_data_fifo_v2_1_vl_rfs.v:1129]
INFO: [Synth 8-6155] done synthesizing module 'axi_data_fifo_v2_1_35_axic_srl_fifo' (0#1) [c:/Users/seanr/vitis_projects/Lab3_MLP_optimization/MLP_accel_vivado/MLP_accel_vivado.gen/sources_1/bd/design_1/ipshared/4846/hdl/axi_data_fifo_v2_1_vl_rfs.v:694]
INFO: [Synth 8-6157] synthesizing module 'axi_crossbar_v2_1_37_arbiter_resp' [c:/Users/seanr/vitis_projects/Lab3_MLP_optimization/MLP_accel_vivado/MLP_accel_vivado.gen/sources_1/bd/design_1/ipshared/a1a7/hdl/axi_crossbar_v2_1_vl_rfs.v:1020]
INFO: [Synth 8-6155] done synthesizing module 'axi_crossbar_v2_1_37_arbiter_resp' (0#1) [c:/Users/seanr/vitis_projects/Lab3_MLP_optimization/MLP_accel_vivado/MLP_accel_vivado.gen/sources_1/bd/design_1/ipshared/a1a7/hdl/axi_crossbar_v2_1_vl_rfs.v:1020]
INFO: [Synth 8-6157] synthesizing module 'generic_baseblocks_v2_1_2_mux_enc' [c:/Users/seanr/vitis_projects/Lab3_MLP_optimization/MLP_accel_vivado/MLP_accel_vivado.gen/sources_1/bd/design_1/ipshared/0c28/hdl/generic_baseblocks_v2_1_vl_rfs.v:2436]
INFO: [Synth 8-6157] synthesizing module 'MUXF7' [C:/Xilinx/2025.1/Vivado/scripts/rt/data/unisim_comp.v:95699]
INFO: [Synth 8-6155] done synthesizing module 'MUXF7' (0#1) [C:/Xilinx/2025.1/Vivado/scripts/rt/data/unisim_comp.v:95699]
INFO: [Synth 8-6155] done synthesizing module 'generic_baseblocks_v2_1_2_mux_enc' (0#1) [c:/Users/seanr/vitis_projects/Lab3_MLP_optimization/MLP_accel_vivado/MLP_accel_vivado.gen/sources_1/bd/design_1/ipshared/0c28/hdl/generic_baseblocks_v2_1_vl_rfs.v:2436]
INFO: [Synth 8-6155] done synthesizing module 'axi_crossbar_v2_1_37_si_transactor' (0#1) [c:/Users/seanr/vitis_projects/Lab3_MLP_optimization/MLP_accel_vivado/MLP_accel_vivado.gen/sources_1/bd/design_1/ipshared/a1a7/hdl/axi_crossbar_v2_1_vl_rfs.v:3791]
INFO: [Synth 8-6157] synthesizing module 'axi_crossbar_v2_1_37_si_transactor__parameterized0' [c:/Users/seanr/vitis_projects/Lab3_MLP_optimization/MLP_accel_vivado/MLP_accel_vivado.gen/sources_1/bd/design_1/ipshared/a1a7/hdl/axi_crossbar_v2_1_vl_rfs.v:3791]
INFO: [Synth 8-6155] done synthesizing module 'axi_crossbar_v2_1_37_si_transactor__parameterized0' (0#1) [c:/Users/seanr/vitis_projects/Lab3_MLP_optimization/MLP_accel_vivado/MLP_accel_vivado.gen/sources_1/bd/design_1/ipshared/a1a7/hdl/axi_crossbar_v2_1_vl_rfs.v:3791]
INFO: [Synth 8-6157] synthesizing module 'axi_crossbar_v2_1_37_si_transactor__parameterized1' [c:/Users/seanr/vitis_projects/Lab3_MLP_optimization/MLP_accel_vivado/MLP_accel_vivado.gen/sources_1/bd/design_1/ipshared/a1a7/hdl/axi_crossbar_v2_1_vl_rfs.v:3791]
INFO: [Synth 8-6155] done synthesizing module 'axi_crossbar_v2_1_37_si_transactor__parameterized1' (0#1) [c:/Users/seanr/vitis_projects/Lab3_MLP_optimization/MLP_accel_vivado/MLP_accel_vivado.gen/sources_1/bd/design_1/ipshared/a1a7/hdl/axi_crossbar_v2_1_vl_rfs.v:3791]
INFO: [Synth 8-6157] synthesizing module 'axi_crossbar_v2_1_37_si_transactor__parameterized2' [c:/Users/seanr/vitis_projects/Lab3_MLP_optimization/MLP_accel_vivado/MLP_accel_vivado.gen/sources_1/bd/design_1/ipshared/a1a7/hdl/axi_crossbar_v2_1_vl_rfs.v:3791]
INFO: [Synth 8-6157] synthesizing module 'generic_baseblocks_v2_1_2_mux_enc__parameterized0' [c:/Users/seanr/vitis_projects/Lab3_MLP_optimization/MLP_accel_vivado/MLP_accel_vivado.gen/sources_1/bd/design_1/ipshared/0c28/hdl/generic_baseblocks_v2_1_vl_rfs.v:2436]
INFO: [Synth 8-6155] done synthesizing module 'generic_baseblocks_v2_1_2_mux_enc__parameterized0' (0#1) [c:/Users/seanr/vitis_projects/Lab3_MLP_optimization/MLP_accel_vivado/MLP_accel_vivado.gen/sources_1/bd/design_1/ipshared/0c28/hdl/generic_baseblocks_v2_1_vl_rfs.v:2436]
INFO: [Synth 8-6155] done synthesizing module 'axi_crossbar_v2_1_37_si_transactor__parameterized2' (0#1) [c:/Users/seanr/vitis_projects/Lab3_MLP_optimization/MLP_accel_vivado/MLP_accel_vivado.gen/sources_1/bd/design_1/ipshared/a1a7/hdl/axi_crossbar_v2_1_vl_rfs.v:3791]
INFO: [Synth 8-6157] synthesizing module 'axi_crossbar_v2_1_37_splitter' [c:/Users/seanr/vitis_projects/Lab3_MLP_optimization/MLP_accel_vivado/MLP_accel_vivado.gen/sources_1/bd/design_1/ipshared/a1a7/hdl/axi_crossbar_v2_1_vl_rfs.v:4451]
INFO: [Synth 8-6155] done synthesizing module 'axi_crossbar_v2_1_37_splitter' (0#1) [c:/Users/seanr/vitis_projects/Lab3_MLP_optimization/MLP_accel_vivado/MLP_accel_vivado.gen/sources_1/bd/design_1/ipshared/a1a7/hdl/axi_crossbar_v2_1_vl_rfs.v:4451]
INFO: [Synth 8-6157] synthesizing module 'axi_crossbar_v2_1_37_wdata_router' [c:/Users/seanr/vitis_projects/Lab3_MLP_optimization/MLP_accel_vivado/MLP_accel_vivado.gen/sources_1/bd/design_1/ipshared/a1a7/hdl/axi_crossbar_v2_1_vl_rfs.v:4724]
INFO: [Synth 8-6157] synthesizing module 'axi_data_fifo_v2_1_35_axic_reg_srl_fifo' [c:/Users/seanr/vitis_projects/Lab3_MLP_optimization/MLP_accel_vivado/MLP_accel_vivado.gen/sources_1/bd/design_1/ipshared/4846/hdl/axi_data_fifo_v2_1_vl_rfs.v:884]
INFO: [Synth 8-6157] synthesizing module 'axi_data_fifo_v2_1_35_ndeep_srl__parameterized0' [c:/Users/seanr/vitis_projects/Lab3_MLP_optimization/MLP_accel_vivado/MLP_accel_vivado.gen/sources_1/bd/design_1/ipshared/4846/hdl/axi_data_fifo_v2_1_vl_rfs.v:1129]
INFO: [Synth 8-6155] done synthesizing module 'axi_data_fifo_v2_1_35_ndeep_srl__parameterized0' (0#1) [c:/Users/seanr/vitis_projects/Lab3_MLP_optimization/MLP_accel_vivado/MLP_accel_vivado.gen/sources_1/bd/design_1/ipshared/4846/hdl/axi_data_fifo_v2_1_vl_rfs.v:1129]
INFO: [Synth 8-155] case statement is not full and has no default [c:/Users/seanr/vitis_projects/Lab3_MLP_optimization/MLP_accel_vivado/MLP_accel_vivado.gen/sources_1/bd/design_1/ipshared/4846/hdl/axi_data_fifo_v2_1_vl_rfs.v:982]
INFO: [Synth 8-6155] done synthesizing module 'axi_data_fifo_v2_1_35_axic_reg_srl_fifo' (0#1) [c:/Users/seanr/vitis_projects/Lab3_MLP_optimization/MLP_accel_vivado/MLP_accel_vivado.gen/sources_1/bd/design_1/ipshared/4846/hdl/axi_data_fifo_v2_1_vl_rfs.v:884]
INFO: [Synth 8-6155] done synthesizing module 'axi_crossbar_v2_1_37_wdata_router' (0#1) [c:/Users/seanr/vitis_projects/Lab3_MLP_optimization/MLP_accel_vivado/MLP_accel_vivado.gen/sources_1/bd/design_1/ipshared/a1a7/hdl/axi_crossbar_v2_1_vl_rfs.v:4724]
INFO: [Synth 8-6157] synthesizing module 'axi_crossbar_v2_1_37_addr_decoder__parameterized0' [c:/Users/seanr/vitis_projects/Lab3_MLP_optimization/MLP_accel_vivado/MLP_accel_vivado.gen/sources_1/bd/design_1/ipshared/a1a7/hdl/axi_crossbar_v2_1_vl_rfs.v:790]
INFO: [Synth 8-6155] done synthesizing module 'axi_crossbar_v2_1_37_addr_decoder__parameterized0' (0#1) [c:/Users/seanr/vitis_projects/Lab3_MLP_optimization/MLP_accel_vivado/MLP_accel_vivado.gen/sources_1/bd/design_1/ipshared/a1a7/hdl/axi_crossbar_v2_1_vl_rfs.v:790]
INFO: [Synth 8-6157] synthesizing module 'axi_crossbar_v2_1_37_addr_decoder__parameterized1' [c:/Users/seanr/vitis_projects/Lab3_MLP_optimization/MLP_accel_vivado/MLP_accel_vivado.gen/sources_1/bd/design_1/ipshared/a1a7/hdl/axi_crossbar_v2_1_vl_rfs.v:790]
INFO: [Synth 8-6155] done synthesizing module 'axi_crossbar_v2_1_37_addr_decoder__parameterized1' (0#1) [c:/Users/seanr/vitis_projects/Lab3_MLP_optimization/MLP_accel_vivado/MLP_accel_vivado.gen/sources_1/bd/design_1/ipshared/a1a7/hdl/axi_crossbar_v2_1_vl_rfs.v:790]
INFO: [Synth 8-6157] synthesizing module 'axi_data_fifo_v2_1_35_axic_srl_fifo__parameterized0' [c:/Users/seanr/vitis_projects/Lab3_MLP_optimization/MLP_accel_vivado/MLP_accel_vivado.gen/sources_1/bd/design_1/ipshared/4846/hdl/axi_data_fifo_v2_1_vl_rfs.v:694]
INFO: [Synth 8-6157] synthesizing module 'axi_data_fifo_v2_1_35_ndeep_srl__parameterized1' [c:/Users/seanr/vitis_projects/Lab3_MLP_optimization/MLP_accel_vivado/MLP_accel_vivado.gen/sources_1/bd/design_1/ipshared/4846/hdl/axi_data_fifo_v2_1_vl_rfs.v:1129]
INFO: [Synth 8-6155] done synthesizing module 'axi_data_fifo_v2_1_35_ndeep_srl__parameterized1' (0#1) [c:/Users/seanr/vitis_projects/Lab3_MLP_optimization/MLP_accel_vivado/MLP_accel_vivado.gen/sources_1/bd/design_1/ipshared/4846/hdl/axi_data_fifo_v2_1_vl_rfs.v:1129]
INFO: [Synth 8-6155] done synthesizing module 'axi_data_fifo_v2_1_35_axic_srl_fifo__parameterized0' (0#1) [c:/Users/seanr/vitis_projects/Lab3_MLP_optimization/MLP_accel_vivado/MLP_accel_vivado.gen/sources_1/bd/design_1/ipshared/4846/hdl/axi_data_fifo_v2_1_vl_rfs.v:694]
INFO: [Synth 8-6157] synthesizing module 'axi_crossbar_v2_1_37_wdata_mux' [c:/Users/seanr/vitis_projects/Lab3_MLP_optimization/MLP_accel_vivado/MLP_accel_vivado.gen/sources_1/bd/design_1/ipshared/a1a7/hdl/axi_crossbar_v2_1_vl_rfs.v:4550]
INFO: [Synth 8-6157] synthesizing module 'axi_data_fifo_v2_1_35_axic_reg_srl_fifo__parameterized0' [c:/Users/seanr/vitis_projects/Lab3_MLP_optimization/MLP_accel_vivado/MLP_accel_vivado.gen/sources_1/bd/design_1/ipshared/4846/hdl/axi_data_fifo_v2_1_vl_rfs.v:884]
INFO: [Synth 8-155] case statement is not full and has no default [c:/Users/seanr/vitis_projects/Lab3_MLP_optimization/MLP_accel_vivado/MLP_accel_vivado.gen/sources_1/bd/design_1/ipshared/4846/hdl/axi_data_fifo_v2_1_vl_rfs.v:982]
INFO: [Synth 8-6155] done synthesizing module 'axi_data_fifo_v2_1_35_axic_reg_srl_fifo__parameterized0' (0#1) [c:/Users/seanr/vitis_projects/Lab3_MLP_optimization/MLP_accel_vivado/MLP_accel_vivado.gen/sources_1/bd/design_1/ipshared/4846/hdl/axi_data_fifo_v2_1_vl_rfs.v:884]
INFO: [Synth 8-6157] synthesizing module 'generic_baseblocks_v2_1_2_mux_enc__parameterized1' [c:/Users/seanr/vitis_projects/Lab3_MLP_optimization/MLP_accel_vivado/MLP_accel_vivado.gen/sources_1/bd/design_1/ipshared/0c28/hdl/generic_baseblocks_v2_1_vl_rfs.v:2436]
INFO: [Synth 8-6155] done synthesizing module 'generic_baseblocks_v2_1_2_mux_enc__parameterized1' (0#1) [c:/Users/seanr/vitis_projects/Lab3_MLP_optimization/MLP_accel_vivado/MLP_accel_vivado.gen/sources_1/bd/design_1/ipshared/0c28/hdl/generic_baseblocks_v2_1_vl_rfs.v:2436]
INFO: [Synth 8-6155] done synthesizing module 'axi_crossbar_v2_1_37_wdata_mux' (0#1) [c:/Users/seanr/vitis_projects/Lab3_MLP_optimization/MLP_accel_vivado/MLP_accel_vivado.gen/sources_1/bd/design_1/ipshared/a1a7/hdl/axi_crossbar_v2_1_vl_rfs.v:4550]
INFO: [Synth 8-6157] synthesizing module 'axi_register_slice_v2_1_35_axi_register_slice' [c:/Users/seanr/vitis_projects/Lab3_MLP_optimization/MLP_accel_vivado/MLP_accel_vivado.gen/sources_1/bd/design_1/ipshared/c5b7/hdl/axi_register_slice_v2_1_vl_rfs.v:3721]
INFO: [Synth 8-6157] synthesizing module 'axi_infrastructure_v1_1_0_axi2vector' [c:/Users/seanr/vitis_projects/Lab3_MLP_optimization/MLP_accel_vivado/MLP_accel_vivado.gen/sources_1/bd/design_1/ipshared/ec67/hdl/axi_infrastructure_v1_1_vl_rfs.v:59]
INFO: [Synth 8-6155] done synthesizing module 'axi_infrastructure_v1_1_0_axi2vector' (0#1) [c:/Users/seanr/vitis_projects/Lab3_MLP_optimization/MLP_accel_vivado/MLP_accel_vivado.gen/sources_1/bd/design_1/ipshared/ec67/hdl/axi_infrastructure_v1_1_vl_rfs.v:59]
INFO: [Synth 8-6157] synthesizing module 'axi_infrastructure_v1_1_0_vector2axi' [c:/Users/seanr/vitis_projects/Lab3_MLP_optimization/MLP_accel_vivado/MLP_accel_vivado.gen/sources_1/bd/design_1/ipshared/ec67/hdl/axi_infrastructure_v1_1_vl_rfs.v:473]
INFO: [Synth 8-6155] done synthesizing module 'axi_infrastructure_v1_1_0_vector2axi' (0#1) [c:/Users/seanr/vitis_projects/Lab3_MLP_optimization/MLP_accel_vivado/MLP_accel_vivado.gen/sources_1/bd/design_1/ipshared/ec67/hdl/axi_infrastructure_v1_1_vl_rfs.v:473]
INFO: [Synth 8-6157] synthesizing module 'axi_register_slice_v2_1_35_axic_register_slice' [c:/Users/seanr/vitis_projects/Lab3_MLP_optimization/MLP_accel_vivado/MLP_accel_vivado.gen/sources_1/bd/design_1/ipshared/c5b7/hdl/axi_register_slice_v2_1_vl_rfs.v:1492]
INFO: [Synth 8-6155] done synthesizing module 'axi_register_slice_v2_1_35_axic_register_slice' (0#1) [c:/Users/seanr/vitis_projects/Lab3_MLP_optimization/MLP_accel_vivado/MLP_accel_vivado.gen/sources_1/bd/design_1/ipshared/c5b7/hdl/axi_register_slice_v2_1_vl_rfs.v:1492]
INFO: [Synth 8-6157] synthesizing module 'axi_register_slice_v2_1_35_axic_register_slice__parameterized0' [c:/Users/seanr/vitis_projects/Lab3_MLP_optimization/MLP_accel_vivado/MLP_accel_vivado.gen/sources_1/bd/design_1/ipshared/c5b7/hdl/axi_register_slice_v2_1_vl_rfs.v:1492]
INFO: [Synth 8-6155] done synthesizing module 'axi_register_slice_v2_1_35_axic_register_slice__parameterized0' (0#1) [c:/Users/seanr/vitis_projects/Lab3_MLP_optimization/MLP_accel_vivado/MLP_accel_vivado.gen/sources_1/bd/design_1/ipshared/c5b7/hdl/axi_register_slice_v2_1_vl_rfs.v:1492]
INFO: [Synth 8-6157] synthesizing module 'axi_register_slice_v2_1_35_axic_register_slice__parameterized1' [c:/Users/seanr/vitis_projects/Lab3_MLP_optimization/MLP_accel_vivado/MLP_accel_vivado.gen/sources_1/bd/design_1/ipshared/c5b7/hdl/axi_register_slice_v2_1_vl_rfs.v:1492]
INFO: [Synth 8-6155] done synthesizing module 'axi_register_slice_v2_1_35_axic_register_slice__parameterized1' (0#1) [c:/Users/seanr/vitis_projects/Lab3_MLP_optimization/MLP_accel_vivado/MLP_accel_vivado.gen/sources_1/bd/design_1/ipshared/c5b7/hdl/axi_register_slice_v2_1_vl_rfs.v:1492]
INFO: [Synth 8-6157] synthesizing module 'axi_register_slice_v2_1_35_axic_register_slice__parameterized2' [c:/Users/seanr/vitis_projects/Lab3_MLP_optimization/MLP_accel_vivado/MLP_accel_vivado.gen/sources_1/bd/design_1/ipshared/c5b7/hdl/axi_register_slice_v2_1_vl_rfs.v:1492]
INFO: [Synth 8-6155] done synthesizing module 'axi_register_slice_v2_1_35_axic_register_slice__parameterized2' (0#1) [c:/Users/seanr/vitis_projects/Lab3_MLP_optimization/MLP_accel_vivado/MLP_accel_vivado.gen/sources_1/bd/design_1/ipshared/c5b7/hdl/axi_register_slice_v2_1_vl_rfs.v:1492]
INFO: [Synth 8-6155] done synthesizing module 'axi_register_slice_v2_1_35_axi_register_slice' (0#1) [c:/Users/seanr/vitis_projects/Lab3_MLP_optimization/MLP_accel_vivado/MLP_accel_vivado.gen/sources_1/bd/design_1/ipshared/c5b7/hdl/axi_register_slice_v2_1_vl_rfs.v:3721]
WARNING: [Synth 8-7071] port 'aclk2x' of module 'axi_register_slice_v2_1_35_axi_register_slice' is unconnected for instance 'reg_slice_mi' [c:/Users/seanr/vitis_projects/Lab3_MLP_optimization/MLP_accel_vivado/MLP_accel_vivado.gen/sources_1/bd/design_1/ipshared/a1a7/hdl/axi_crossbar_v2_1_vl_rfs.v:3116]
WARNING: [Synth 8-7023] instance 'reg_slice_mi' of module 'axi_register_slice_v2_1_35_axi_register_slice' has 93 connections declared, but only 92 given [c:/Users/seanr/vitis_projects/Lab3_MLP_optimization/MLP_accel_vivado/MLP_accel_vivado.gen/sources_1/bd/design_1/ipshared/a1a7/hdl/axi_crossbar_v2_1_vl_rfs.v:3116]
WARNING: [Synth 8-7071] port 'aclk2x' of module 'axi_register_slice_v2_1_35_axi_register_slice' is unconnected for instance 'reg_slice_mi' [c:/Users/seanr/vitis_projects/Lab3_MLP_optimization/MLP_accel_vivado/MLP_accel_vivado.gen/sources_1/bd/design_1/ipshared/a1a7/hdl/axi_crossbar_v2_1_vl_rfs.v:3116]
WARNING: [Synth 8-7023] instance 'reg_slice_mi' of module 'axi_register_slice_v2_1_35_axi_register_slice' has 93 connections declared, but only 92 given [c:/Users/seanr/vitis_projects/Lab3_MLP_optimization/MLP_accel_vivado/MLP_accel_vivado.gen/sources_1/bd/design_1/ipshared/a1a7/hdl/axi_crossbar_v2_1_vl_rfs.v:3116]
WARNING: [Synth 8-7071] port 'aclk2x' of module 'axi_register_slice_v2_1_35_axi_register_slice' is unconnected for instance 'reg_slice_mi' [c:/Users/seanr/vitis_projects/Lab3_MLP_optimization/MLP_accel_vivado/MLP_accel_vivado.gen/sources_1/bd/design_1/ipshared/a1a7/hdl/axi_crossbar_v2_1_vl_rfs.v:3116]
WARNING: [Synth 8-7023] instance 'reg_slice_mi' of module 'axi_register_slice_v2_1_35_axi_register_slice' has 93 connections declared, but only 92 given [c:/Users/seanr/vitis_projects/Lab3_MLP_optimization/MLP_accel_vivado/MLP_accel_vivado.gen/sources_1/bd/design_1/ipshared/a1a7/hdl/axi_crossbar_v2_1_vl_rfs.v:3116]
WARNING: [Synth 8-7071] port 'aclk2x' of module 'axi_register_slice_v2_1_35_axi_register_slice' is unconnected for instance 'reg_slice_mi' [c:/Users/seanr/vitis_projects/Lab3_MLP_optimization/MLP_accel_vivado/MLP_accel_vivado.gen/sources_1/bd/design_1/ipshared/a1a7/hdl/axi_crossbar_v2_1_vl_rfs.v:3116]
WARNING: [Synth 8-7023] instance 'reg_slice_mi' of module 'axi_register_slice_v2_1_35_axi_register_slice' has 93 connections declared, but only 92 given [c:/Users/seanr/vitis_projects/Lab3_MLP_optimization/MLP_accel_vivado/MLP_accel_vivado.gen/sources_1/bd/design_1/ipshared/a1a7/hdl/axi_crossbar_v2_1_vl_rfs.v:3116]
INFO: [Synth 8-6157] synthesizing module 'axi_crossbar_v2_1_37_addr_decoder__parameterized2' [c:/Users/seanr/vitis_projects/Lab3_MLP_optimization/MLP_accel_vivado/MLP_accel_vivado.gen/sources_1/bd/design_1/ipshared/a1a7/hdl/axi_crossbar_v2_1_vl_rfs.v:790]
INFO: [Synth 8-6155] done synthesizing module 'axi_crossbar_v2_1_37_addr_decoder__parameterized2' (0#1) [c:/Users/seanr/vitis_projects/Lab3_MLP_optimization/MLP_accel_vivado/MLP_accel_vivado.gen/sources_1/bd/design_1/ipshared/a1a7/hdl/axi_crossbar_v2_1_vl_rfs.v:790]
INFO: [Synth 8-6157] synthesizing module 'axi_data_fifo_v2_1_35_axic_srl_fifo__parameterized1' [c:/Users/seanr/vitis_projects/Lab3_MLP_optimization/MLP_accel_vivado/MLP_accel_vivado.gen/sources_1/bd/design_1/ipshared/4846/hdl/axi_data_fifo_v2_1_vl_rfs.v:694]
INFO: [Synth 8-6157] synthesizing module 'axi_data_fifo_v2_1_35_ndeep_srl__parameterized2' [c:/Users/seanr/vitis_projects/Lab3_MLP_optimization/MLP_accel_vivado/MLP_accel_vivado.gen/sources_1/bd/design_1/ipshared/4846/hdl/axi_data_fifo_v2_1_vl_rfs.v:1129]
INFO: [Synth 8-6155] done synthesizing module 'axi_data_fifo_v2_1_35_ndeep_srl__parameterized2' (0#1) [c:/Users/seanr/vitis_projects/Lab3_MLP_optimization/MLP_accel_vivado/MLP_accel_vivado.gen/sources_1/bd/design_1/ipshared/4846/hdl/axi_data_fifo_v2_1_vl_rfs.v:1129]
INFO: [Synth 8-6155] done synthesizing module 'axi_data_fifo_v2_1_35_axic_srl_fifo__parameterized1' (0#1) [c:/Users/seanr/vitis_projects/Lab3_MLP_optimization/MLP_accel_vivado/MLP_accel_vivado.gen/sources_1/bd/design_1/ipshared/4846/hdl/axi_data_fifo_v2_1_vl_rfs.v:694]
INFO: [Synth 8-6157] synthesizing module 'axi_crossbar_v2_1_37_wdata_mux__parameterized0' [c:/Users/seanr/vitis_projects/Lab3_MLP_optimization/MLP_accel_vivado/MLP_accel_vivado.gen/sources_1/bd/design_1/ipshared/a1a7/hdl/axi_crossbar_v2_1_vl_rfs.v:4550]
INFO: [Synth 8-6157] synthesizing module 'axi_data_fifo_v2_1_35_axic_reg_srl_fifo__parameterized1' [c:/Users/seanr/vitis_projects/Lab3_MLP_optimization/MLP_accel_vivado/MLP_accel_vivado.gen/sources_1/bd/design_1/ipshared/4846/hdl/axi_data_fifo_v2_1_vl_rfs.v:884]
INFO: [Synth 8-155] case statement is not full and has no default [c:/Users/seanr/vitis_projects/Lab3_MLP_optimization/MLP_accel_vivado/MLP_accel_vivado.gen/sources_1/bd/design_1/ipshared/4846/hdl/axi_data_fifo_v2_1_vl_rfs.v:982]
INFO: [Synth 8-6155] done synthesizing module 'axi_data_fifo_v2_1_35_axic_reg_srl_fifo__parameterized1' (0#1) [c:/Users/seanr/vitis_projects/Lab3_MLP_optimization/MLP_accel_vivado/MLP_accel_vivado.gen/sources_1/bd/design_1/ipshared/4846/hdl/axi_data_fifo_v2_1_vl_rfs.v:884]
INFO: [Synth 8-6155] done synthesizing module 'axi_crossbar_v2_1_37_wdata_mux__parameterized0' (0#1) [c:/Users/seanr/vitis_projects/Lab3_MLP_optimization/MLP_accel_vivado/MLP_accel_vivado.gen/sources_1/bd/design_1/ipshared/a1a7/hdl/axi_crossbar_v2_1_vl_rfs.v:4550]
WARNING: [Synth 8-7071] port 'aclk2x' of module 'axi_register_slice_v2_1_35_axi_register_slice' is unconnected for instance 'reg_slice_mi' [c:/Users/seanr/vitis_projects/Lab3_MLP_optimization/MLP_accel_vivado/MLP_accel_vivado.gen/sources_1/bd/design_1/ipshared/a1a7/hdl/axi_crossbar_v2_1_vl_rfs.v:3116]
WARNING: [Synth 8-7023] instance 'reg_slice_mi' of module 'axi_register_slice_v2_1_35_axi_register_slice' has 93 connections declared, but only 92 given [c:/Users/seanr/vitis_projects/Lab3_MLP_optimization/MLP_accel_vivado/MLP_accel_vivado.gen/sources_1/bd/design_1/ipshared/a1a7/hdl/axi_crossbar_v2_1_vl_rfs.v:3116]
INFO: [Synth 8-6157] synthesizing module 'axi_crossbar_v2_1_37_decerr_slave' [c:/Users/seanr/vitis_projects/Lab3_MLP_optimization/MLP_accel_vivado/MLP_accel_vivado.gen/sources_1/bd/design_1/ipshared/a1a7/hdl/axi_crossbar_v2_1_vl_rfs.v:3493]
INFO: [Synth 8-155] case statement is not full and has no default [c:/Users/seanr/vitis_projects/Lab3_MLP_optimization/MLP_accel_vivado/MLP_accel_vivado.gen/sources_1/bd/design_1/ipshared/a1a7/hdl/axi_crossbar_v2_1_vl_rfs.v:3626]
INFO: [Synth 8-6155] done synthesizing module 'axi_crossbar_v2_1_37_decerr_slave' (0#1) [c:/Users/seanr/vitis_projects/Lab3_MLP_optimization/MLP_accel_vivado/MLP_accel_vivado.gen/sources_1/bd/design_1/ipshared/a1a7/hdl/axi_crossbar_v2_1_vl_rfs.v:3493]
INFO: [Synth 8-6157] synthesizing module 'axi_crossbar_v2_1_37_addr_arbiter' [c:/Users/seanr/vitis_projects/Lab3_MLP_optimization/MLP_accel_vivado/MLP_accel_vivado.gen/sources_1/bd/design_1/ipshared/a1a7/hdl/axi_crossbar_v2_1_vl_rfs.v:420]
INFO: [Synth 8-6157] synthesizing module 'generic_baseblocks_v2_1_2_mux_enc__parameterized2' [c:/Users/seanr/vitis_projects/Lab3_MLP_optimization/MLP_accel_vivado/MLP_accel_vivado.gen/sources_1/bd/design_1/ipshared/0c28/hdl/generic_baseblocks_v2_1_vl_rfs.v:2436]
INFO: [Synth 8-6155] done synthesizing module 'generic_baseblocks_v2_1_2_mux_enc__parameterized2' (0#1) [c:/Users/seanr/vitis_projects/Lab3_MLP_optimization/MLP_accel_vivado/MLP_accel_vivado.gen/sources_1/bd/design_1/ipshared/0c28/hdl/generic_baseblocks_v2_1_vl_rfs.v:2436]
INFO: [Synth 8-6157] synthesizing module 'generic_baseblocks_v2_1_2_mux_enc__parameterized3' [c:/Users/seanr/vitis_projects/Lab3_MLP_optimization/MLP_accel_vivado/MLP_accel_vivado.gen/sources_1/bd/design_1/ipshared/0c28/hdl/generic_baseblocks_v2_1_vl_rfs.v:2436]
INFO: [Synth 8-6155] done synthesizing module 'generic_baseblocks_v2_1_2_mux_enc__parameterized3' (0#1) [c:/Users/seanr/vitis_projects/Lab3_MLP_optimization/MLP_accel_vivado/MLP_accel_vivado.gen/sources_1/bd/design_1/ipshared/0c28/hdl/generic_baseblocks_v2_1_vl_rfs.v:2436]
INFO: [Synth 8-6155] done synthesizing module 'axi_crossbar_v2_1_37_addr_arbiter' (0#1) [c:/Users/seanr/vitis_projects/Lab3_MLP_optimization/MLP_accel_vivado/MLP_accel_vivado.gen/sources_1/bd/design_1/ipshared/a1a7/hdl/axi_crossbar_v2_1_vl_rfs.v:420]
INFO: [Synth 8-6155] done synthesizing module 'axi_crossbar_v2_1_37_crossbar' (0#1) [c:/Users/seanr/vitis_projects/Lab3_MLP_optimization/MLP_accel_vivado/MLP_accel_vivado.gen/sources_1/bd/design_1/ipshared/a1a7/hdl/axi_crossbar_v2_1_vl_rfs.v:2232]
INFO: [Synth 8-6155] done synthesizing module 'axi_crossbar_v2_1_37_axi_crossbar' (0#1) [c:/Users/seanr/vitis_projects/Lab3_MLP_optimization/MLP_accel_vivado/MLP_accel_vivado.gen/sources_1/bd/design_1/ipshared/a1a7/hdl/axi_crossbar_v2_1_vl_rfs.v:4871]
INFO: [Synth 8-6155] done synthesizing module 'design_1_axi_mem_intercon_imp_xbar_0' (0#1) [c:/Users/seanr/vitis_projects/Lab3_MLP_optimization/MLP_accel_vivado/MLP_accel_vivado.gen/sources_1/bd/design_1/ip/design_1_axi_mem_intercon_imp_xbar_0/synth/design_1_axi_mem_intercon_imp_xbar_0.v:53]
WARNING: [Synth 8-6014] Unused sequential element areset_d1_reg was removed.  [c:/Users/seanr/vitis_projects/Lab3_MLP_optimization/MLP_accel_vivado/MLP_accel_vivado.gen/sources_1/bd/design_1/ipshared/4846/hdl/axi_data_fifo_v2_1_vl_rfs.v:747]
WARNING: [Synth 8-6014] Unused sequential element S_READY_i_reg was removed.  [c:/Users/seanr/vitis_projects/Lab3_MLP_optimization/MLP_accel_vivado/MLP_accel_vivado.gen/sources_1/bd/design_1/ipshared/4846/hdl/axi_data_fifo_v2_1_vl_rfs.v:786]
WARNING: [Synth 8-6014] Unused sequential element gen_multi_thread.gen_thread_loop[0].gen_debug_r_multi_thread.debug_r_beat_cnt_i_reg was removed.  [c:/Users/seanr/vitis_projects/Lab3_MLP_optimization/MLP_accel_vivado/MLP_accel_vivado.gen/sources_1/bd/design_1/ipshared/a1a7/hdl/axi_crossbar_v2_1_vl_rfs.v:4338]
WARNING: [Synth 8-6014] Unused sequential element gen_multi_thread.gen_thread_loop[1].gen_debug_r_multi_thread.debug_r_beat_cnt_i_reg was removed.  [c:/Users/seanr/vitis_projects/Lab3_MLP_optimization/MLP_accel_vivado/MLP_accel_vivado.gen/sources_1/bd/design_1/ipshared/a1a7/hdl/axi_crossbar_v2_1_vl_rfs.v:4338]
WARNING: [Synth 8-6014] Unused sequential element gen_single_thread.gen_debug_r_single_thread.debug_r_beat_cnt_i_reg was removed.  [c:/Users/seanr/vitis_projects/Lab3_MLP_optimization/MLP_accel_vivado/MLP_accel_vivado.gen/sources_1/bd/design_1/ipshared/a1a7/hdl/axi_crossbar_v2_1_vl_rfs.v:4184]
WARNING: [Synth 8-6014] Unused sequential element gen_single_thread.active_id_reg was removed.  [c:/Users/seanr/vitis_projects/Lab3_MLP_optimization/MLP_accel_vivado/MLP_accel_vivado.gen/sources_1/bd/design_1/ipshared/a1a7/hdl/axi_crossbar_v2_1_vl_rfs.v:4142]
WARNING: [Synth 8-6014] Unused sequential element gen_multi_thread.gen_thread_loop[0].gen_debug_r_multi_thread.debug_r_beat_cnt_i_reg was removed.  [c:/Users/seanr/vitis_projects/Lab3_MLP_optimization/MLP_accel_vivado/MLP_accel_vivado.gen/sources_1/bd/design_1/ipshared/a1a7/hdl/axi_crossbar_v2_1_vl_rfs.v:4338]
WARNING: [Synth 8-6014] Unused sequential element gen_multi_thread.gen_thread_loop[1].gen_debug_r_multi_thread.debug_r_beat_cnt_i_reg was removed.  [c:/Users/seanr/vitis_projects/Lab3_MLP_optimization/MLP_accel_vivado/MLP_accel_vivado.gen/sources_1/bd/design_1/ipshared/a1a7/hdl/axi_crossbar_v2_1_vl_rfs.v:4338]
WARNING: [Synth 8-6014] Unused sequential element areset_d1_reg was removed.  [c:/Users/seanr/vitis_projects/Lab3_MLP_optimization/MLP_accel_vivado/MLP_accel_vivado.gen/sources_1/bd/design_1/ipshared/4846/hdl/axi_data_fifo_v2_1_vl_rfs.v:747]
WARNING: [Synth 8-6014] Unused sequential element S_READY_i_reg was removed.  [c:/Users/seanr/vitis_projects/Lab3_MLP_optimization/MLP_accel_vivado/MLP_accel_vivado.gen/sources_1/bd/design_1/ipshared/4846/hdl/axi_data_fifo_v2_1_vl_rfs.v:786]
WARNING: [Synth 8-6014] Unused sequential element s_ready_i_reg was removed.  [c:/Users/seanr/vitis_projects/Lab3_MLP_optimization/MLP_accel_vivado/MLP_accel_vivado.gen/sources_1/bd/design_1/ipshared/4846/hdl/axi_data_fifo_v2_1_vl_rfs.v:1034]
WARNING: [Synth 8-6014] Unused sequential element areset_d1_reg was removed.  [c:/Users/seanr/vitis_projects/Lab3_MLP_optimization/MLP_accel_vivado/MLP_accel_vivado.gen/sources_1/bd/design_1/ipshared/4846/hdl/axi_data_fifo_v2_1_vl_rfs.v:747]
WARNING: [Synth 8-6014] Unused sequential element S_READY_i_reg was removed.  [c:/Users/seanr/vitis_projects/Lab3_MLP_optimization/MLP_accel_vivado/MLP_accel_vivado.gen/sources_1/bd/design_1/ipshared/4846/hdl/axi_data_fifo_v2_1_vl_rfs.v:786]
WARNING: [Synth 8-6014] Unused sequential element s_ready_i_reg was removed.  [c:/Users/seanr/vitis_projects/Lab3_MLP_optimization/MLP_accel_vivado/MLP_accel_vivado.gen/sources_1/bd/design_1/ipshared/4846/hdl/axi_data_fifo_v2_1_vl_rfs.v:1034]
WARNING: [Synth 8-6014] Unused sequential element gen_master_slots[0].gen_mi_write.gen_debug_w.debug_w_beat_cnt_i_reg was removed.  [c:/Users/seanr/vitis_projects/Lab3_MLP_optimization/MLP_accel_vivado/MLP_accel_vivado.gen/sources_1/bd/design_1/ipshared/a1a7/hdl/axi_crossbar_v2_1_vl_rfs.v:2991]
WARNING: [Synth 8-6014] Unused sequential element gen_master_slots[1].gen_mi_write.gen_debug_w.debug_w_beat_cnt_i_reg was removed.  [c:/Users/seanr/vitis_projects/Lab3_MLP_optimization/MLP_accel_vivado/MLP_accel_vivado.gen/sources_1/bd/design_1/ipshared/a1a7/hdl/axi_crossbar_v2_1_vl_rfs.v:2991]
WARNING: [Synth 8-6014] Unused sequential element gen_master_slots[2].gen_mi_write.gen_debug_w.debug_w_beat_cnt_i_reg was removed.  [c:/Users/seanr/vitis_projects/Lab3_MLP_optimization/MLP_accel_vivado/MLP_accel_vivado.gen/sources_1/bd/design_1/ipshared/a1a7/hdl/axi_crossbar_v2_1_vl_rfs.v:2991]
WARNING: [Synth 8-6014] Unused sequential element gen_master_slots[3].gen_mi_write.gen_debug_w.debug_w_beat_cnt_i_reg was removed.  [c:/Users/seanr/vitis_projects/Lab3_MLP_optimization/MLP_accel_vivado/MLP_accel_vivado.gen/sources_1/bd/design_1/ipshared/a1a7/hdl/axi_crossbar_v2_1_vl_rfs.v:2991]
WARNING: [Synth 8-6014] Unused sequential element gen_master_slots[4].gen_mi_write.gen_debug_w.debug_w_beat_cnt_i_reg was removed.  [c:/Users/seanr/vitis_projects/Lab3_MLP_optimization/MLP_accel_vivado/MLP_accel_vivado.gen/sources_1/bd/design_1/ipshared/a1a7/hdl/axi_crossbar_v2_1_vl_rfs.v:2991]
WARNING: [Synth 8-7129] Port ACLK in module axi_register_slice_v2_1_35_axic_register_slice is either unconnected or has no load
WARNING: [Synth 8-7129] Port ARESET in module axi_register_slice_v2_1_35_axic_register_slice is either unconnected or has no load
WARNING: [Synth 8-7129] Port ACLK in module axi_register_slice_v2_1_35_axic_register_slice__parameterized0 is either unconnected or has no load
WARNING: [Synth 8-7129] Port ARESET in module axi_register_slice_v2_1_35_axic_register_slice__parameterized0 is either unconnected or has no load
WARNING: [Synth 8-7129] Port m_axi_buser[0] in module axi_infrastructure_v1_1_0_vector2axi is either unconnected or has no load
WARNING: [Synth 8-7129] Port m_axi_ruser[0] in module axi_infrastructure_v1_1_0_vector2axi is either unconnected or has no load
WARNING: [Synth 8-7129] Port s_axi_awregion[3] in module axi_infrastructure_v1_1_0_axi2vector is either unconnected or has no load
WARNING: [Synth 8-7129] Port s_axi_awregion[2] in module axi_infrastructure_v1_1_0_axi2vector is either unconnected or has no load
WARNING: [Synth 8-7129] Port s_axi_awregion[1] in module axi_infrastructure_v1_1_0_axi2vector is either unconnected or has no load
WARNING: [Synth 8-7129] Port s_axi_awregion[0] in module axi_infrastructure_v1_1_0_axi2vector is either unconnected or has no load
WARNING: [Synth 8-7129] Port s_axi_awuser[0] in module axi_infrastructure_v1_1_0_axi2vector is either unconnected or has no load
WARNING: [Synth 8-7129] Port s_axi_wuser[0] in module axi_infrastructure_v1_1_0_axi2vector is either unconnected or has no load
WARNING: [Synth 8-7129] Port s_axi_arregion[3] in module axi_infrastructure_v1_1_0_axi2vector is either unconnected or has no load
WARNING: [Synth 8-7129] Port s_axi_arregion[2] in module axi_infrastructure_v1_1_0_axi2vector is either unconnected or has no load
WARNING: [Synth 8-7129] Port s_axi_arregion[1] in module axi_infrastructure_v1_1_0_axi2vector is either unconnected or has no load
WARNING: [Synth 8-7129] Port s_axi_arregion[0] in module axi_infrastructure_v1_1_0_axi2vector is either unconnected or has no load
WARNING: [Synth 8-7129] Port s_axi_aruser[0] in module axi_infrastructure_v1_1_0_axi2vector is either unconnected or has no load
WARNING: [Synth 8-7129] Port aclk2x in module axi_register_slice_v2_1_35_axi_register_slice is either unconnected or has no load
WARNING: [Synth 8-7129] Port ADDR[1] in module axi_crossbar_v2_1_37_addr_decoder is either unconnected or has no load
WARNING: [Synth 8-7129] Port ADDR[0] in module axi_crossbar_v2_1_37_addr_decoder is either unconnected or has no load
WARNING: [Synth 8-7129] Port S_ABURST[1] in module axi_crossbar_v2_1_37_si_transactor__parameterized2 is either unconnected or has no load
WARNING: [Synth 8-7129] Port S_ABURST[0] in module axi_crossbar_v2_1_37_si_transactor__parameterized2 is either unconnected or has no load
WARNING: [Synth 8-7129] Port S_ABURST[1] in module axi_crossbar_v2_1_37_si_transactor__parameterized1 is either unconnected or has no load
WARNING: [Synth 8-7129] Port S_ABURST[0] in module axi_crossbar_v2_1_37_si_transactor__parameterized1 is either unconnected or has no load
WARNING: [Synth 8-7129] Port S_ABURST[1] in module axi_crossbar_v2_1_37_si_transactor is either unconnected or has no load
WARNING: [Synth 8-7129] Port S_ABURST[0] in module axi_crossbar_v2_1_37_si_transactor is either unconnected or has no load
WARNING: [Synth 8-7129] Port S_AXI_AWID[8] in module axi_crossbar_v2_1_37_crossbar is either unconnected or has no load
WARNING: [Synth 8-7129] Port S_AXI_AWID[7] in module axi_crossbar_v2_1_37_crossbar is either unconnected or has no load
WARNING: [Synth 8-7129] Port S_AXI_AWID[6] in module axi_crossbar_v2_1_37_crossbar is either unconnected or has no load
WARNING: [Synth 8-7129] Port S_AXI_AWID[5] in module axi_crossbar_v2_1_37_crossbar is either unconnected or has no load
WARNING: [Synth 8-7129] Port S_AXI_AWID[4] in module axi_crossbar_v2_1_37_crossbar is either unconnected or has no load
WARNING: [Synth 8-7129] Port S_AXI_AWID[3] in module axi_crossbar_v2_1_37_crossbar is either unconnected or has no load
WARNING: [Synth 8-7129] Port S_AXI_AWID[2] in module axi_crossbar_v2_1_37_crossbar is either unconnected or has no load
WARNING: [Synth 8-7129] Port S_AXI_AWID[1] in module axi_crossbar_v2_1_37_crossbar is either unconnected or has no load
WARNING: [Synth 8-7129] Port S_AXI_AWID[0] in module axi_crossbar_v2_1_37_crossbar is either unconnected or has no load
WARNING: [Synth 8-7129] Port S_AXI_AWADDR[191] in module axi_crossbar_v2_1_37_crossbar is either unconnected or has no load
WARNING: [Synth 8-7129] Port S_AXI_AWADDR[190] in module axi_crossbar_v2_1_37_crossbar is either unconnected or has no load
WARNING: [Synth 8-7129] Port S_AXI_AWADDR[189] in module axi_crossbar_v2_1_37_crossbar is either unconnected or has no load
WARNING: [Synth 8-7129] Port S_AXI_AWADDR[188] in module axi_crossbar_v2_1_37_crossbar is either unconnected or has no load
WARNING: [Synth 8-7129] Port S_AXI_AWADDR[187] in module axi_crossbar_v2_1_37_crossbar is either unconnected or has no load
WARNING: [Synth 8-7129] Port S_AXI_AWADDR[186] in module axi_crossbar_v2_1_37_crossbar is either unconnected or has no load
WARNING: [Synth 8-7129] Port S_AXI_AWADDR[185] in module axi_crossbar_v2_1_37_crossbar is either unconnected or has no load
WARNING: [Synth 8-7129] Port S_AXI_AWADDR[184] in module axi_crossbar_v2_1_37_crossbar is either unconnected or has no load
WARNING: [Synth 8-7129] Port S_AXI_AWADDR[183] in module axi_crossbar_v2_1_37_crossbar is either unconnected or has no load
WARNING: [Synth 8-7129] Port S_AXI_AWADDR[182] in module axi_crossbar_v2_1_37_crossbar is either unconnected or has no load
WARNING: [Synth 8-7129] Port S_AXI_AWADDR[181] in module axi_crossbar_v2_1_37_crossbar is either unconnected or has no load
WARNING: [Synth 8-7129] Port S_AXI_AWADDR[180] in module axi_crossbar_v2_1_37_crossbar is either unconnected or has no load
WARNING: [Synth 8-7129] Port S_AXI_AWADDR[179] in module axi_crossbar_v2_1_37_crossbar is either unconnected or has no load
WARNING: [Synth 8-7129] Port S_AXI_AWADDR[178] in module axi_crossbar_v2_1_37_crossbar is either unconnected or has no load
WARNING: [Synth 8-7129] Port S_AXI_AWADDR[177] in module axi_crossbar_v2_1_37_crossbar is either unconnected or has no load
WARNING: [Synth 8-7129] Port S_AXI_AWADDR[176] in module axi_crossbar_v2_1_37_crossbar is either unconnected or has no load
WARNING: [Synth 8-7129] Port S_AXI_AWADDR[175] in module axi_crossbar_v2_1_37_crossbar is either unconnected or has no load
WARNING: [Synth 8-7129] Port S_AXI_AWADDR[174] in module axi_crossbar_v2_1_37_crossbar is either unconnected or has no load
WARNING: [Synth 8-7129] Port S_AXI_AWADDR[173] in module axi_crossbar_v2_1_37_crossbar is either unconnected or has no load
WARNING: [Synth 8-7129] Port S_AXI_AWADDR[172] in module axi_crossbar_v2_1_37_crossbar is either unconnected or has no load
WARNING: [Synth 8-7129] Port S_AXI_AWADDR[171] in module axi_crossbar_v2_1_37_crossbar is either unconnected or has no load
WARNING: [Synth 8-7129] Port S_AXI_AWADDR[170] in module axi_crossbar_v2_1_37_crossbar is either unconnected or has no load
WARNING: [Synth 8-7129] Port S_AXI_AWADDR[169] in module axi_crossbar_v2_1_37_crossbar is either unconnected or has no load
WARNING: [Synth 8-7129] Port S_AXI_AWADDR[168] in module axi_crossbar_v2_1_37_crossbar is either unconnected or has no load
WARNING: [Synth 8-7129] Port S_AXI_AWADDR[167] in module axi_crossbar_v2_1_37_crossbar is either unconnected or has no load
WARNING: [Synth 8-7129] Port S_AXI_AWADDR[166] in module axi_crossbar_v2_1_37_crossbar is either unconnected or has no load
WARNING: [Synth 8-7129] Port S_AXI_AWADDR[165] in module axi_crossbar_v2_1_37_crossbar is either unconnected or has no load
WARNING: [Synth 8-7129] Port S_AXI_AWADDR[164] in module axi_crossbar_v2_1_37_crossbar is either unconnected or has no load
WARNING: [Synth 8-7129] Port S_AXI_AWADDR[163] in module axi_crossbar_v2_1_37_crossbar is either unconnected or has no load
WARNING: [Synth 8-7129] Port S_AXI_AWADDR[162] in module axi_crossbar_v2_1_37_crossbar is either unconnected or has no load
WARNING: [Synth 8-7129] Port S_AXI_AWADDR[161] in module axi_crossbar_v2_1_37_crossbar is either unconnected or has no load
WARNING: [Synth 8-7129] Port S_AXI_AWADDR[160] in module axi_crossbar_v2_1_37_crossbar is either unconnected or has no load
WARNING: [Synth 8-7129] Port S_AXI_AWADDR[159] in module axi_crossbar_v2_1_37_crossbar is either unconnected or has no load
WARNING: [Synth 8-7129] Port S_AXI_AWADDR[158] in module axi_crossbar_v2_1_37_crossbar is either unconnected or has no load
WARNING: [Synth 8-7129] Port S_AXI_AWADDR[157] in module axi_crossbar_v2_1_37_crossbar is either unconnected or has no load
WARNING: [Synth 8-7129] Port S_AXI_AWADDR[156] in module axi_crossbar_v2_1_37_crossbar is either unconnected or has no load
WARNING: [Synth 8-7129] Port S_AXI_AWADDR[155] in module axi_crossbar_v2_1_37_crossbar is either unconnected or has no load
WARNING: [Synth 8-7129] Port S_AXI_AWADDR[154] in module axi_crossbar_v2_1_37_crossbar is either unconnected or has no load
WARNING: [Synth 8-7129] Port S_AXI_AWADDR[153] in module axi_crossbar_v2_1_37_crossbar is either unconnected or has no load
WARNING: [Synth 8-7129] Port S_AXI_AWADDR[152] in module axi_crossbar_v2_1_37_crossbar is either unconnected or has no load
WARNING: [Synth 8-7129] Port S_AXI_AWADDR[151] in module axi_crossbar_v2_1_37_crossbar is either unconnected or has no load
WARNING: [Synth 8-7129] Port S_AXI_AWADDR[150] in module axi_crossbar_v2_1_37_crossbar is either unconnected or has no load
WARNING: [Synth 8-7129] Port S_AXI_AWADDR[149] in module axi_crossbar_v2_1_37_crossbar is either unconnected or has no load
WARNING: [Synth 8-7129] Port S_AXI_AWADDR[148] in module axi_crossbar_v2_1_37_crossbar is either unconnected or has no load
WARNING: [Synth 8-7129] Port S_AXI_AWADDR[147] in module axi_crossbar_v2_1_37_crossbar is either unconnected or has no load
WARNING: [Synth 8-7129] Port S_AXI_AWADDR[146] in module axi_crossbar_v2_1_37_crossbar is either unconnected or has no load
WARNING: [Synth 8-7129] Port S_AXI_AWADDR[145] in module axi_crossbar_v2_1_37_crossbar is either unconnected or has no load
WARNING: [Synth 8-7129] Port S_AXI_AWADDR[144] in module axi_crossbar_v2_1_37_crossbar is either unconnected or has no load
WARNING: [Synth 8-7129] Port S_AXI_AWADDR[143] in module axi_crossbar_v2_1_37_crossbar is either unconnected or has no load
WARNING: [Synth 8-7129] Port S_AXI_AWADDR[142] in module axi_crossbar_v2_1_37_crossbar is either unconnected or has no load
WARNING: [Synth 8-7129] Port S_AXI_AWADDR[141] in module axi_crossbar_v2_1_37_crossbar is either unconnected or has no load
WARNING: [Synth 8-7129] Port S_AXI_AWADDR[140] in module axi_crossbar_v2_1_37_crossbar is either unconnected or has no load
WARNING: [Synth 8-7129] Port S_AXI_AWADDR[139] in module axi_crossbar_v2_1_37_crossbar is either unconnected or has no load
WARNING: [Synth 8-7129] Port S_AXI_AWADDR[138] in module axi_crossbar_v2_1_37_crossbar is either unconnected or has no load
WARNING: [Synth 8-7129] Port S_AXI_AWADDR[137] in module axi_crossbar_v2_1_37_crossbar is either unconnected or has no load
WARNING: [Synth 8-7129] Port S_AXI_AWADDR[136] in module axi_crossbar_v2_1_37_crossbar is either unconnected or has no load
WARNING: [Synth 8-7129] Port S_AXI_AWADDR[135] in module axi_crossbar_v2_1_37_crossbar is either unconnected or has no load
WARNING: [Synth 8-7129] Port S_AXI_AWADDR[134] in module axi_crossbar_v2_1_37_crossbar is either unconnected or has no load
WARNING: [Synth 8-7129] Port S_AXI_AWADDR[133] in module axi_crossbar_v2_1_37_crossbar is either unconnected or has no load
WARNING: [Synth 8-7129] Port S_AXI_AWADDR[132] in module axi_crossbar_v2_1_37_crossbar is either unconnected or has no load
WARNING: [Synth 8-7129] Port S_AXI_AWADDR[131] in module axi_crossbar_v2_1_37_crossbar is either unconnected or has no load
WARNING: [Synth 8-7129] Port S_AXI_AWADDR[130] in module axi_crossbar_v2_1_37_crossbar is either unconnected or has no load
WARNING: [Synth 8-7129] Port S_AXI_AWADDR[129] in module axi_crossbar_v2_1_37_crossbar is either unconnected or has no load
WARNING: [Synth 8-7129] Port S_AXI_AWADDR[128] in module axi_crossbar_v2_1_37_crossbar is either unconnected or has no load
WARNING: [Synth 8-7129] Port S_AXI_AWADDR[127] in module axi_crossbar_v2_1_37_crossbar is either unconnected or has no load
INFO: [Common 17-14] Message 'Synth 8-7129' appears 100 times and further instances of the messages will be disabled. Use the Tcl command set_msg_config to change the current settings.
---------------------------------------------------------------------------------
Finished RTL Elaboration : Time (s): cpu = 00:00:23 ; elapsed = 00:00:26 . Memory (MB): peak = 1540.582 ; gain = 775.688
---------------------------------------------------------------------------------
---------------------------------------------------------------------------------
Start Handling Custom Attributes
---------------------------------------------------------------------------------
---------------------------------------------------------------------------------
Finished Handling Custom Attributes : Time (s): cpu = 00:00:23 ; elapsed = 00:00:27 . Memory (MB): peak = 1540.582 ; gain = 775.688
---------------------------------------------------------------------------------
---------------------------------------------------------------------------------
Finished RTL Optimization Phase 1 : Time (s): cpu = 00:00:23 ; elapsed = 00:00:27 . Memory (MB): peak = 1540.582 ; gain = 775.688
---------------------------------------------------------------------------------
Netlist sorting complete. Time (s): cpu = 00:00:01 ; elapsed = 00:00:00.821 . Memory (MB): peak = 1540.582 ; gain = 0.000
INFO: [Netlist 29-17] Analyzing 1564 Unisim elements for replacement
INFO: [Netlist 29-28] Unisim Transformation completed in 0 CPU seconds
INFO: [Project 1-570] Preparing netlist for logic optimization

Processing XDC Constraints
Initializing timing engine
Parsing XDC File [c:/Users/seanr/vitis_projects/Lab3_MLP_optimization/MLP_accel_vivado/MLP_accel_vivado.gen/sources_1/bd/design_1/ip/design_1_axi_mem_intercon_imp_xbar_0/design_1_axi_mem_intercon_imp_xbar_0_ooc.xdc] for cell 'inst'
Finished Parsing XDC File [c:/Users/seanr/vitis_projects/Lab3_MLP_optimization/MLP_accel_vivado/MLP_accel_vivado.gen/sources_1/bd/design_1/ip/design_1_axi_mem_intercon_imp_xbar_0/design_1_axi_mem_intercon_imp_xbar_0_ooc.xdc] for cell 'inst'
Parsing XDC File [C:/Users/seanr/vitis_projects/Lab3_MLP_optimization/MLP_accel_vivado/MLP_accel_vivado.runs/design_1_axi_mem_intercon_imp_xbar_0_synth_1/dont_touch.xdc]
Finished Parsing XDC File [C:/Users/seanr/vitis_projects/Lab3_MLP_optimization/MLP_accel_vivado/MLP_accel_vivado.runs/design_1_axi_mem_intercon_imp_xbar_0_synth_1/dont_touch.xdc]
Completed Processing XDC Constraints

Netlist sorting complete. Time (s): cpu = 00:00:00 ; elapsed = 00:00:00.008 . Memory (MB): peak = 1540.934 ; gain = 0.000
INFO: [Project 1-111] Unisim Transformation Summary:
No Unisim elements were transformed.

Constraint Validation Runtime : Time (s): cpu = 00:00:01 ; elapsed = 00:00:00.430 . Memory (MB): peak = 1551.422 ; gain = 10.488
INFO: [Designutils 20-5008] Incremental synthesis strategy off
---------------------------------------------------------------------------------
Finished Constraint Validation : Time (s): cpu = 00:00:43 ; elapsed = 00:00:55 . Memory (MB): peak = 1551.422 ; gain = 786.527
---------------------------------------------------------------------------------
---------------------------------------------------------------------------------
Start Loading Part and Timing Information
---------------------------------------------------------------------------------
Loading part: xc7z020clg400-1
---------------------------------------------------------------------------------
Finished Loading Part and Timing Information : Time (s): cpu = 00:00:43 ; elapsed = 00:00:55 . Memory (MB): peak = 1551.422 ; gain = 786.527
---------------------------------------------------------------------------------
---------------------------------------------------------------------------------
Start Applying 'set_property' XDC Constraints
---------------------------------------------------------------------------------
---------------------------------------------------------------------------------
Finished applying 'set_property' XDC Constraints : Time (s): cpu = 00:00:43 ; elapsed = 00:00:55 . Memory (MB): peak = 1551.422 ; gain = 786.527
---------------------------------------------------------------------------------
INFO: [Synth 8-802] inferred FSM for state register 'state_reg' in module 'axi_data_fifo_v2_1_35_axic_reg_srl_fifo'
INFO: [Synth 8-802] inferred FSM for state register 'state_reg' in module 'axi_data_fifo_v2_1_35_axic_reg_srl_fifo__parameterized0'
INFO: [Synth 8-802] inferred FSM for state register 'state_reg' in module 'axi_data_fifo_v2_1_35_axic_reg_srl_fifo__parameterized1'
INFO: [Synth 8-802] inferred FSM for state register 'gen_axi.write_cs_reg' in module 'axi_crossbar_v2_1_37_decerr_slave'
---------------------------------------------------------------------------------------------------
                   State |                     New Encoding |                Previous Encoding 
---------------------------------------------------------------------------------------------------
                    ZERO |                              100 |                               10
                     ONE |                              010 |                               11
                     TWO |                              001 |                               01
---------------------------------------------------------------------------------------------------
INFO: [Synth 8-3354] encoded FSM with state register 'state_reg' using encoding 'one-hot' in module 'axi_data_fifo_v2_1_35_axic_reg_srl_fifo'
---------------------------------------------------------------------------------------------------
                   State |                     New Encoding |                Previous Encoding 
---------------------------------------------------------------------------------------------------
                    ZERO |                              100 |                               10
                     ONE |                              010 |                               11
                     TWO |                              001 |                               01
---------------------------------------------------------------------------------------------------
INFO: [Synth 8-3354] encoded FSM with state register 'state_reg' using encoding 'one-hot' in module 'axi_data_fifo_v2_1_35_axic_reg_srl_fifo__parameterized0'
---------------------------------------------------------------------------------------------------
                   State |                     New Encoding |                Previous Encoding 
---------------------------------------------------------------------------------------------------
                    ZERO |                              100 |                               10
                     ONE |                              010 |                               11
                     TWO |                              001 |                               01
---------------------------------------------------------------------------------------------------
INFO: [Synth 8-3354] encoded FSM with state register 'state_reg' using encoding 'one-hot' in module 'axi_data_fifo_v2_1_35_axic_reg_srl_fifo__parameterized1'
---------------------------------------------------------------------------------------------------
                   State |                     New Encoding |                Previous Encoding 
---------------------------------------------------------------------------------------------------
            P_WRITE_IDLE |                              001 |                               00
            P_WRITE_DATA |                              010 |                               01
            P_WRITE_RESP |                              100 |                               10
---------------------------------------------------------------------------------------------------
INFO: [Synth 8-3354] encoded FSM with state register 'gen_axi.write_cs_reg' using encoding 'one-hot' in module 'axi_crossbar_v2_1_37_decerr_slave'
---------------------------------------------------------------------------------
Finished RTL Optimization Phase 2 : Time (s): cpu = 00:00:45 ; elapsed = 00:00:58 . Memory (MB): peak = 1551.422 ; gain = 786.527
---------------------------------------------------------------------------------
---------------------------------------------------------------------------------
Start RTL Component Statistics 
---------------------------------------------------------------------------------
Detailed RTL Component Info : 
+---Adders : 
	   2 Input    8 Bit       Adders := 3     
	   2 Input    5 Bit       Adders := 17    
	   2 Input    4 Bit       Adders := 9     
	   2 Input    3 Bit       Adders := 12    
	   2 Input    2 Bit       Adders := 3     
	   2 Input    1 Bit       Adders := 4     
+---XORs : 
	   2 Input      1 Bit         XORs := 18    
+---Registers : 
	              518 Bit    Registers := 10    
	               98 Bit    Registers := 2     
	                8 Bit    Registers := 31    
	                5 Bit    Registers := 25    
	                4 Bit    Registers := 10    
	                3 Bit    Registers := 18    
	                2 Bit    Registers := 21    
	                1 Bit    Registers := 56    
+---Muxes : 
	   2 Input  518 Bit        Muxes := 10    
	   2 Input    8 Bit        Muxes := 1     
	   2 Input    5 Bit        Muxes := 4     
	   3 Input    5 Bit        Muxes := 6     
	   2 Input    4 Bit        Muxes := 22    
	   2 Input    3 Bit        Muxes := 27    
	   3 Input    3 Bit        Muxes := 6     
	   2 Input    2 Bit        Muxes := 37    
	   2 Input    1 Bit        Muxes := 141   
	   3 Input    1 Bit        Muxes := 26    
---------------------------------------------------------------------------------
Finished RTL Component Statistics 
---------------------------------------------------------------------------------
---------------------------------------------------------------------------------
Start Part Resource Summary
---------------------------------------------------------------------------------
Part Resources:
DSPs: 220 (col length:60)
BRAMs: 280 (col length: RAMB18 60 RAMB36 30)
---------------------------------------------------------------------------------
Finished Part Resource Summary
---------------------------------------------------------------------------------
---------------------------------------------------------------------------------
Start Cross Boundary and Area Optimization
---------------------------------------------------------------------------------
WARNING: [Synth 8-7080] Parallel synthesis criteria is not met
---------------------------------------------------------------------------------
Finished Cross Boundary and Area Optimization : Time (s): cpu = 00:01:23 ; elapsed = 00:01:45 . Memory (MB): peak = 1597.977 ; gain = 833.082
---------------------------------------------------------------------------------
---------------------------------------------------------------------------------
Start Applying XDC Timing Constraints
---------------------------------------------------------------------------------
---------------------------------------------------------------------------------
Finished Applying XDC Timing Constraints : Time (s): cpu = 00:01:33 ; elapsed = 00:02:00 . Memory (MB): peak = 1692.969 ; gain = 928.074
---------------------------------------------------------------------------------
---------------------------------------------------------------------------------
Start Timing Optimization
---------------------------------------------------------------------------------
---------------------------------------------------------------------------------
Finished Timing Optimization : Time (s): cpu = 00:01:53 ; elapsed = 00:02:25 . Memory (MB): peak = 1764.031 ; gain = 999.137
---------------------------------------------------------------------------------
---------------------------------------------------------------------------------
Start Technology Mapping
---------------------------------------------------------------------------------
---------------------------------------------------------------------------------
Finished Technology Mapping : Time (s): cpu = 00:02:00 ; elapsed = 00:02:33 . Memory (MB): peak = 1812.113 ; gain = 1047.219
---------------------------------------------------------------------------------
---------------------------------------------------------------------------------
Start IO Insertion
---------------------------------------------------------------------------------
---------------------------------------------------------------------------------
Start Flattening Before IO Insertion
---------------------------------------------------------------------------------
---------------------------------------------------------------------------------
Finished Flattening Before IO Insertion
---------------------------------------------------------------------------------
---------------------------------------------------------------------------------
Start Final Netlist Cleanup
---------------------------------------------------------------------------------
---------------------------------------------------------------------------------
Finished Final Netlist Cleanup
---------------------------------------------------------------------------------
---------------------------------------------------------------------------------
Finished IO Insertion : Time (s): cpu = 00:02:06 ; elapsed = 00:02:41 . Memory (MB): peak = 1955.867 ; gain = 1190.973
---------------------------------------------------------------------------------
---------------------------------------------------------------------------------
Start Renaming Generated Instances
---------------------------------------------------------------------------------
---------------------------------------------------------------------------------
Finished Renaming Generated Instances : Time (s): cpu = 00:02:06 ; elapsed = 00:02:41 . Memory (MB): peak = 1955.867 ; gain = 1190.973
---------------------------------------------------------------------------------
---------------------------------------------------------------------------------
Start Rebuilding User Hierarchy
---------------------------------------------------------------------------------
---------------------------------------------------------------------------------
Finished Rebuilding User Hierarchy : Time (s): cpu = 00:02:08 ; elapsed = 00:02:42 . Memory (MB): peak = 1955.867 ; gain = 1190.973
---------------------------------------------------------------------------------
---------------------------------------------------------------------------------
Start Renaming Generated Ports
---------------------------------------------------------------------------------
---------------------------------------------------------------------------------
Finished Renaming Generated Ports : Time (s): cpu = 00:02:08 ; elapsed = 00:02:43 . Memory (MB): peak = 1955.867 ; gain = 1190.973
---------------------------------------------------------------------------------
---------------------------------------------------------------------------------
Start Handling Custom Attributes
---------------------------------------------------------------------------------
---------------------------------------------------------------------------------
Finished Handling Custom Attributes : Time (s): cpu = 00:02:09 ; elapsed = 00:02:44 . Memory (MB): peak = 1957.434 ; gain = 1192.539
---------------------------------------------------------------------------------
---------------------------------------------------------------------------------
Start Renaming Generated Nets
---------------------------------------------------------------------------------
---------------------------------------------------------------------------------
Finished Renaming Generated Nets : Time (s): cpu = 00:02:09 ; elapsed = 00:02:44 . Memory (MB): peak = 1957.434 ; gain = 1192.539
---------------------------------------------------------------------------------
---------------------------------------------------------------------------------
Start Writing Synthesis Report
---------------------------------------------------------------------------------

Report BlackBoxes: 
+-+--------------+----------+
| |BlackBox name |Instances |
+-+--------------+----------+
+-+--------------+----------+

Report Cell Usage: 
+------+--------+------+
|      |Cell    |Count |
+------+--------+------+
|1     |LUT1    |    24|
|2     |LUT2    |   134|
|3     |LUT3    |  4467|
|4     |LUT4    |   100|
|5     |LUT5    |   270|
|6     |LUT6    |  1756|
|7     |MUXF7   |  1551|
|8     |SRLC32E |    13|
|9     |FDRE    |  4608|
|10    |FDSE    |    33|
+------+--------+------+
---------------------------------------------------------------------------------
Finished Writing Synthesis Report : Time (s): cpu = 00:02:09 ; elapsed = 00:02:44 . Memory (MB): peak = 1957.434 ; gain = 1192.539
---------------------------------------------------------------------------------
Synthesis finished with 0 errors, 0 critical warnings and 2143 warnings.
Synthesis Optimization Runtime : Time (s): cpu = 00:01:37 ; elapsed = 00:02:34 . Memory (MB): peak = 1957.434 ; gain = 1181.699
Synthesis Optimization Complete : Time (s): cpu = 00:02:10 ; elapsed = 00:02:44 . Memory (MB): peak = 1957.434 ; gain = 1192.539
INFO: [Project 1-571] Translating synthesized netlist
Netlist sorting complete. Time (s): cpu = 00:00:01 ; elapsed = 00:00:00.365 . Memory (MB): peak = 1962.676 ; gain = 0.082
INFO: [Netlist 29-17] Analyzing 1551 Unisim elements for replacement
INFO: [Netlist 29-28] Unisim Transformation completed in 0 CPU seconds
INFO: [Project 1-570] Preparing netlist for logic optimization
INFO: [Opt 31-138] Pushed 0 inverter(s) to 0 load pin(s).
Netlist sorting complete. Time (s): cpu = 00:00:00 ; elapsed = 00:00:00.005 . Memory (MB): peak = 1988.301 ; gain = 0.000
INFO: [Project 1-111] Unisim Transformation Summary:
No Unisim elements were transformed.

Synth Design complete | Checksum: f47556cb
INFO: [Common 17-83] Releasing license: Synthesis
127 Infos, 143 Warnings, 0 Critical Warnings and 0 Errors encountered.
synth_design completed successfully
synth_design: Time (s): cpu = 00:02:19 ; elapsed = 00:02:57 . Memory (MB): peak = 1988.301 ; gain = 1455.055
Write ShapeDB Complete: Time (s): cpu = 00:00:00 ; elapsed = 00:00:00.081 . Memory (MB): peak = 1988.301 ; gain = 0.000
INFO: [Common 17-1381] The checkpoint 'C:/Users/seanr/vitis_projects/Lab3_MLP_optimization/MLP_accel_vivado/MLP_accel_vivado.runs/design_1_axi_mem_intercon_imp_xbar_0_synth_1/design_1_axi_mem_intercon_imp_xbar_0.dcp' has been generated.
INFO: [Coretcl 2-1648] Added synthesis output to IP cache for IP design_1_axi_mem_intercon_imp_xbar_0, cache-ID = 5fd05c8c58737dac
INFO: [Coretcl 2-1174] Renamed 67 cell refs.
Write ShapeDB Complete: Time (s): cpu = 00:00:00 ; elapsed = 00:00:00.069 . Memory (MB): peak = 1988.301 ; gain = 0.000
INFO: [Common 17-1381] The checkpoint 'C:/Users/seanr/vitis_projects/Lab3_MLP_optimization/MLP_accel_vivado/MLP_accel_vivado.runs/design_1_axi_mem_intercon_imp_xbar_0_synth_1/design_1_axi_mem_intercon_imp_xbar_0.dcp' has been generated.
INFO: [Vivado 12-24828] Executing command : report_utilization -file design_1_axi_mem_intercon_imp_xbar_0_utilization_synth.rpt -pb design_1_axi_mem_intercon_imp_xbar_0_utilization_synth.pb
INFO: [Common 17-206] Exiting Vivado at Fri Apr 10 11:01:51 2026...
