2026-04-08 09:58:39 [debug] : --------------------------------------------------------------------------------- 
2026-04-08 09:58:39 [debug] : C:\Users\seanr\vitis_projects\Lab3_MLP_optimization\MLP_baseline 
2026-04-08 09:58:39 [debug] : --------------------------------------------------------------------------------- 
2026-04-08 09:58:39 [debug] : [Logger] Previous user logs are stored in the file - C:\Users\seanr\.Xilinx\Vitis\2025.1\logs\ide.log 
2026-04-08 09:58:39 [debug] : [Logger] Previous debug logs are stored in the file - C:\Users\seanr\.Xilinx\Vitis\2025.1\.wsdata\ide_verbose.log 
2026-04-08 09:58:39 [debug] : RIGEL SERVER 09:58:39 INFO  : created .gitignore file for the project C:\Users\seanr\vitis_projects\Lab3_MLP_optimization\MLP_baseline 
2026-04-08 09:58:39 [debug] : RIGEL SERVER 09:58:39 INFO  : Marking the target connection as default Local 
2026-04-08 09:58:39 [debug] : RIGEL SERVER 09:58:39 INFO  : Marking the target connection as default Linux Agent 
2026-04-08 09:58:39 [debug] : RIGEL SERVER 09:58:39 INFO  : Marking the target connection as default XRTServer 
2026-04-08 09:58:39 [debug] : RIGEL SERVER 09:58:39 INFO  : Marking the target connection as default LinuxEmulation 
2026-04-08 09:58:39 [debug] : RIGEL SERVER 09:58:39 INFO  : Marking the target connection as default QEMU 
2026-04-08 09:58:39 [debug] : [Application Examples Provider]  updating the embedded templates on workspace event. 
2026-04-08 09:58:39 [debug] : [Application Examples Provider] refresh requested. 
2026-04-08 09:58:39 [debug] : Received event from notification service: ON_DID_UPDATE_WORKSPACE. 
2026-04-08 09:58:39 [debug] : [Repository Server] Executing method:getEmbeddedExampleTemplateTree with connection:(object). {"0":"request:","1":{"wrappers_":null,"arrayIndexOffset_":-1,"array":[],"pivot_":1.7976931348623157e+308,"convertedPrimitiveFields_":{}}}
2026-04-08 09:58:39 [debug] : [Logger Client] log levelchanged to  {"0":"Info"}
2026-04-08 09:58:39 [debug] : [Logger UI]  Update Log Level  called 
2026-04-08 09:58:39 [debug] : [Application Examples Provider] common calling method requested. 
2026-04-08 09:58:39 [debug] : [Application Examples Provider] Repositories model update requested. 
2026-04-08 09:58:39 [debug] : [Application Examples Provider] Repositories model update completed. 
2026-04-08 09:58:39 [debug] : [ProjectCache] fetching projects for project-cache 
2026-04-08 09:58:39 [debug] : [Application Examples Provider] Templates model update requested. 
2026-04-08 09:58:39 [debug] : [Repository Service] Executing method:getEmbeddedExampleTemplateTree from frontend. {"0":"request:"}
2026-04-08 09:58:39 [debug] : Event posted using notification server in backend. {"0":{"wrappers_":{},"arrayIndexOffset_":-1,"array":["1353de82-a348-4256-bafc-6c4776dbc6ea",null,54,null,null,null,null,"refresh-summaries"],"pivot_":1.7976931348623157e+308,"convertedPrimitiveFields_":{}}}
2026-04-08 09:58:39 [debug] : Received event from notification service: ON_DID_REFRESH_WORKSPACE_SUMMARIES. 
2026-04-08 09:58:39 [debug] : RIGEL SERVER 09:58:39 INFO  : cmd.exe, /C, empyro.bat repo -st   C:\Xilinx\2025.1\Vitis\data\embeddedsw 
2026-04-08 09:58:39 [debug] : Received event from notification service: ON_STOP_ANALYSIS_PROGRESS. 
2026-04-08 09:58:39 [debug] : [ProjectDecorator] tree decoration updated 
2026-04-08 09:58:39 [debug] : [ProjectCache] Project location updated to undefined 
2026-04-08 09:58:39 [debug] : [ProjectDecorator] tree decoration updated 
2026-04-08 09:58:39 [debug] : [Logger UI]  Update Log Level success {"0":{"success":true,"error":""}}
2026-04-08 09:58:39 [debug] : MonacoEditorModel.fireDidChangeContent - enter - {
  "changes": [
    {
      "range": {
        "startLineNumber": 1,
        "startColumn": 1,
        "endLineNumber": 1,
        "endColumn": 1
      },
      "rangeLength": 0,
      "text": "{\r\n    \"clangd.fallbackFlags\": []\r\n}",
      "rangeOffset": 0,
      "forceMoveMarkers": false
    }
  ],
  "eol": "\r\n",
  "isEolChange": false,
  "versionId": 2,
  "isUndoing": false,
  "isRedoing": false,
  "isFlush": false
} {"0":"file:///c:/Users/seanr/vitis_projects/Lab3_MLP_optimization/MLP_baseline/_ide/settings.json"}
2026-04-08 09:58:39 [debug] : MonacoEditorModel.markAsDirty - enter {"0":"file:///c:/Users/seanr/vitis_projects/Lab3_MLP_optimization/MLP_baseline/_ide/settings.json"}
2026-04-08 09:58:39 [debug] : MonacoEditorModel.cancelSync {"0":"file:///c:/Users/seanr/vitis_projects/Lab3_MLP_optimization/MLP_baseline/_ide/settings.json"}
2026-04-08 09:58:39 [debug] : MonacoEditorModel.markAsDirty - exit {"0":"file:///c:/Users/seanr/vitis_projects/Lab3_MLP_optimization/MLP_baseline/_ide/settings.json"}
2026-04-08 09:58:39 [debug] : MonacoEditorModel.fireDidChangeContent - exit {"0":"file:///c:/Users/seanr/vitis_projects/Lab3_MLP_optimization/MLP_baseline/_ide/settings.json"}
2026-04-08 09:58:39 [debug] : MonacoEditorModel.cancelSave {"0":"file:///c:/Users/seanr/vitis_projects/Lab3_MLP_optimization/MLP_baseline/_ide/settings.json"}
2026-04-08 09:58:39 [debug] : MonacoEditorModel.cancelSave {"0":"file:///c:/Users/seanr/vitis_projects/Lab3_MLP_optimization/MLP_baseline/_ide/settings.json"}
2026-04-08 09:58:39 [debug] : MonacoEditorModel.cancelSync {"0":"file:///c:/Users/seanr/vitis_projects/Lab3_MLP_optimization/MLP_baseline/_ide/settings.json"}
2026-04-08 09:58:39 [debug] : MonacoEditorModel.cancelSave {"0":"file:///c:/Users/seanr/vitis_projects/Lab3_MLP_optimization/MLP_baseline/_ide/settings.json"}
2026-04-08 09:58:42 [debug] : RIGEL SERVER 09:58:42 INFO  : [INFO]: Initializing repositories 
2026-04-08 09:58:42 [debug] : RIGEL SERVER 09:58:42 INFO  : [INFO]: Successfully set the EmbeddedSW path, refer .repo.yaml for more details. 
2026-04-08 09:58:42 [debug] : RIGEL SERVER 09:58:42 INFO  : Successfully created repository data at C:\Users\seanr\vitis_projects\Lab3_MLP_optimization\MLP_baseline/_ide\.wsdata 
2026-04-08 09:58:42 [debug] : RIGEL SERVER 09:58:42 INFO  : cmd.exe, /C, empyro.bat get_template_data -d C:\Users\seanr\AppData\Local\Temp\rigel_lopper_seanr6587406345933665339 -r C:\Users\seanr\vitis_projects\Lab3_MLP_optimization\MLP_baseline\_ide\.wsdata\.repo.yaml 
2026-04-08 09:58:42 [debug] : RIGEL SERVER 09:58:42 INFO  : Embedded Template List generated successfully 
2026-04-08 09:58:42 [debug] : [Application Examples Provider] Templates model update completed. 
2026-04-08 09:58:42 [debug] : [Application Examples Provider] common calling method completed. 
2026-04-08 09:58:42 [debug] : [Application Examples Provider] refresh completed. 
2026-04-08 09:59:05 [debug] : socked closed 
2026-04-08 09:59:05 [debug] : closing connection for 1 
2026-04-08 09:59:05 [debug] : Closing channel on service path '/localization-server'. 
2026-04-08 09:59:05 [debug] : Closing channel on service path '/os'. 
2026-04-08 09:59:05 [debug] : Closing channel on service path '/services/commands'. 
2026-04-08 09:59:05 [debug] : Closing channel on service path '/services/keyboard'. 
2026-04-08 09:59:05 [debug] : Closing channel on service path '/services/logger'. 
2026-04-08 09:59:05 [debug] : Closing channel on service path '/services/messageService'. 
2026-04-08 09:59:05 [debug] : Closing channel on service path '/services/ChannelCloseService'. 
2026-04-08 09:59:05 [debug] : Closing channel on service path '/services/startup-workspace'. 
2026-04-08 09:59:05 [debug] : Closing channel on service path '/services/rigel-workspace'. 
2026-04-08 09:59:05 [debug] : Closing channel on service path '/services/remote-filesystem'. 
2026-04-08 09:59:05 [debug] : Closing channel on service path '/services/envs'. 
2026-04-08 09:59:05 [debug] : Closing channel on service path '/services/workspace'. 
2026-04-08 09:59:05 [debug] : Closing channel on service path '/services/stopwatch'. 
2026-04-08 09:59:05 [debug] : Closing channel on service path '/services/rigel-utils'. 
2026-04-08 09:59:05 [debug] : [Rigel Utils Server] Disposing objects in backend. 
2026-04-08 09:59:05 [debug] : Closing channel on service path '/services/application'. 
2026-04-08 09:59:05 [debug] : Closing channel on service path '/services/i18n'. 
2026-04-08 09:59:05 [debug] : Closing channel on service path '/services/quickInput'. 
2026-04-08 09:59:05 [debug] : Closing channel on service path '/services/project'. 
2026-04-08 09:59:05 [debug] : Closing channel on service path '/services/component'. 
2026-04-08 09:59:05 [debug] : Closing channel on service path '/services/feature-registry'. 
2026-04-08 09:59:05 [debug] : Closing channel on service path '/services/debugger'. 
2026-04-08 09:59:05 [debug] : Closing channel on service path '/services/debug'. 
2026-04-08 09:59:05 [debug] : Closing channel on service path '/services/shell-terminal'. 
2026-04-08 09:59:05 [debug] : Closing channel on service path '/services/quickPick'. 
2026-04-08 09:59:05 [debug] : Closing channel on service path '/services/task'. 
2026-04-08 09:59:05 [debug] : a client has disconnected - removed from list: 
2026-04-08 09:59:05 [debug] : Closing channel on service path '/services/search'. 
2026-04-08 09:59:05 [debug] : Closing channel on service path '/services/hostedPlugin'. 
2026-04-08 09:59:05 [debug] : Closing channel on service path '/services/plugin-ext'. 
2026-04-08 09:59:05 [debug] : Closing channel on service path '/services/plugin-paths'. 
2026-04-08 09:59:05 [debug] : Closing channel on service path '/services/vsx-environment'. 
2026-04-08 09:59:05 [debug] : Closing channel on service path '/services/request-service'. 
2026-04-08 09:59:05 [debug] : Closing channel on service path '/services/cli-preferences'. 
2026-04-08 09:59:05 [debug] : Closing channel on service path '/services/server'. 
2026-04-08 09:59:05 [debug] : Closing channel on service path '/services/repository'. 
2026-04-08 09:59:05 [debug] : [Repository Server] Disposing objects in backend. 
2026-04-08 09:59:05 [debug] : Closing channel on service path '/services/program_flash'. 
2026-04-08 09:59:05 [debug] : [Program Flash Server] Disposing objects in backend. 
2026-04-08 09:59:05 [debug] : Closing channel on service path '/services/build'. 
2026-04-08 09:59:05 [debug] : [Build Server] Disposing objects in backend. 
2026-04-08 09:59:05 [debug] : Closing channel on service path 'services/rigel-backend-helper'. 
2026-04-08 09:59:05 [debug] : Closing channel on service path '/services/aie'. 
2026-04-08 09:59:05 [debug] : [AIE Server] Disposing objects in backend. 
2026-04-08 09:59:05 [debug] : Closing channel on service path '/services/analysis'. 
2026-04-08 09:59:05 [debug] : Closing channel on service path '/services/notification'. 
2026-04-08 09:59:05 [debug] : Closing channel on service path '/services/recent-summaries'. 
2026-04-08 09:59:05 [debug] : Closing channel on service path '/services/platform'. 
2026-04-08 09:59:05 [debug] : Closing channel on service path '/services/hls/l1library/service'. 
2026-04-08 09:59:05 [debug] : Closing channel on service path '/services/elf-reader'. 
2026-04-08 09:59:05 [debug] : [Elf Reader Server] Disposing objects in backend. 
2026-04-08 09:59:05 [debug] : Closing channel on service path '/services/rigel_explorer'. 
2026-04-08 09:59:05 [debug] : Closing channel on service path '/services/linker-script'. 
2026-04-08 09:59:05 [debug] : Closing channel on service path '/services/rigel-logger'. 
2026-04-08 09:59:05 [debug] : [Logger Server] Disposing objects in backend. 
2026-04-08 09:59:05 [debug] : Closing channel on service path '/services/vitis-hls'. 
2026-04-08 09:59:05 [debug] : Closing channel on service path '/services/device'. 
2026-04-08 09:59:05 [debug] : Closing channel on service path '/services/vcxx'. 
2026-04-08 09:59:05 [debug] : [Rigel Vcxx Server] Disposing objects in backend. 
2026-04-08 09:59:05 [debug] : Closing channel on service path '/services/mini-browser-service'. 
2026-04-08 09:59:05 [debug] : Closing channel on service path '/services/hls/report'. 
2026-04-08 09:59:05 [debug] : Closing channel on service path '/services/hls/common/data/info'. 
2026-04-08 09:59:05 [debug] : Closing channel on service path '/services/flow_navigator'. 
2026-04-08 09:59:05 [debug] : Closing channel on service path '/services/hls/common/file/service'. 
2026-04-08 09:59:05 [debug] : Closing channel on service path '/services/hls/dataflow/info'. 
2026-04-08 09:59:05 [debug] : Closing channel on service path '/services/hls/directive'. 
2026-04-08 09:59:05 [debug] : Closing channel on service path '/services/hls_flow'. 
2026-04-08 09:59:05 [debug] : [Hls Flow Server] Disposing objects in backend. 
2026-04-08 09:59:05 [debug] : Closing channel on service path '/services/project-utils'. 
2026-04-08 09:59:05 [debug] : Closing channel on service path '/services/bootgen'. 
2026-04-08 09:59:05 [debug] : Closing channel on service path '/services/cdo-utils'. 
2026-04-08 09:59:05 [debug] : Closing channel on service path '/services/report-model'. 
2026-04-08 09:59:05 [debug] : Closing channel on service path '/services/hls/wave/open'. 
2026-04-08 09:59:05 [debug] : Closing channel on service path '/services/search-in-workspace'. 
2026-04-08 09:59:05 [debug] : Closing channel on service path '/services/keyStore'. 
2026-04-08 09:59:05 [debug] : Closing channel on service path '/services/languagePackService'. 
2026-04-08 09:59:06 [debug] : creating connection for 1 
2026-04-08 09:59:07 [debug] : [Workspace Server] Connection established from backend to the frontend client. 
2026-04-08 09:59:07 [debug] : [Rigel Utils Server] Connection established from backend to the frontend client. 
2026-04-08 09:59:07 [debug] : [Debugger Server] Connection established from backend to the frontend client. 
2026-04-08 09:59:07 [debug] : a client has connected - adding it to the list: 
2026-04-08 09:59:07 [debug] : [Repository Server] Connection established from backend to the frontend client. 
2026-04-08 09:59:07 [debug] : [Program Flash Server] Connection established from backend to the frontend client. 
2026-04-08 09:59:07 [debug] : [Build Server] Connection established from backend to the frontend client. 
2026-04-08 09:59:07 [debug] : [AIE Server] Connection established from backend to the frontend client. 
2026-04-08 09:59:07 [debug] : [Platform Server] Connection established from backend to the frontend client. 
2026-04-08 09:59:07 [debug] : [Elf Reader Server] Connection established from backend to the frontend client. 
2026-04-08 09:59:07 [debug] : [Logger Server] Connection established from backend to the frontend client. 
2026-04-08 09:59:07 [debug] : [Rigel Vcxx Server] Connection established from backend to the frontend client. 
2026-04-08 09:59:07 [debug] : [Hls Flow Server] Connection established from backend to the frontend client. 
2026-04-08 09:59:07 [debug] : [Workspace Server] Initializing the frontend client. 
2026-04-08 09:59:07 [debug] : [Rigel Utils Server] Initializing the frontend client. 
2026-04-08 09:59:07 [debug] : [Debugger Server] Initializing the frontend client. 
2026-04-08 09:59:07 [debug] : [Repository Server] Initializing the frontend client. 
2026-04-08 09:59:07 [debug] : [Logger Server] Initializing the frontend client. 
2026-04-08 09:59:07 [debug] : [Rigel Vcxx Server] Initializing the frontend client. 
2026-04-08 09:59:07 [debug] : [Hls Flow Server] Initializing the frontend client. 
2026-04-08 09:59:07 [debug] : getTasks(): about to return task information for 0 tasks 
2026-04-08 09:59:07 [debug] : [Repository Server] Executing method:listAppRepos with connection:(object). {"0":"request:","1":{"wrappers_":null,"arrayIndexOffset_":-1,"array":[],"pivot_":1.7976931348623157e+308,"convertedPrimitiveFields_":{}}}
2026-04-08 09:59:07 [debug] : [Repository Server] Executing method:listAppRepos with connection:(object). {"0":"request:","1":{"wrappers_":null,"arrayIndexOffset_":-1,"array":[],"pivot_":1.7976931348623157e+308,"convertedPrimitiveFields_":{}}}
2026-04-08 09:59:07 [debug] : [Repository Server] Executing method:listAppRepos with connection:(object). {"0":"request:","1":{"wrappers_":null,"arrayIndexOffset_":-1,"array":[],"pivot_":1.7976931348623157e+308,"convertedPrimitiveFields_":{}}}
2026-04-08 09:59:07 [debug] : [Repository Server] Executing method:listAieExampleRepos with connection:(object). {"0":"request:","1":{"wrappers_":null,"arrayIndexOffset_":-1,"array":[],"pivot_":1.7976931348623157e+308,"convertedPrimitiveFields_":{}}}
2026-04-08 09:59:07 [debug] : [Repository Server] Executing method:listHlsExampleRepos with connection:(object). {"0":"request:","1":{"wrappers_":null,"arrayIndexOffset_":-1,"array":[],"pivot_":1.7976931348623157e+308,"convertedPrimitiveFields_":{}}}
2026-04-08 09:59:07 [debug] : [Repository Server] Executing method:getEmbeddedExampleTemplateTree with connection:(object). {"0":"request:","1":{"wrappers_":null,"arrayIndexOffset_":-1,"array":[],"pivot_":1.7976931348623157e+308,"convertedPrimitiveFields_":{}}}
2026-04-08 09:59:07 [debug] : [Repository Server] Executed method:listAppRepos. {"0":"result:","1":[{"id":"vitis_examples","name":"Vitis Accel Examples Repository","description":"This repository contains examples to showcase various features of the Vitis tools and platforms. The examples illustrate specific scenarios related to host code and kernel programming through small working examples.","installDirectory":"C:/Xilinx/2025.1/Vitis/vitis_examples","localDirectory":"C:/Users/seanr/.Xilinx/Vitis/2025.1/vitis_examples","gitUrl":"https://github.com/Xilinx/Vitis_Accel_Examples.git","gitBranch":"2025.1","gitSubfoldersList":[],"type":2},{"id":"installed_examples","name":"Installed Examples Repository","description":"This repository contains some simple examples.","installDirectory":"C:/Xilinx/2025.1/Vitis/installed_examples","localDirectory":"C:/Xilinx/2025.1/Vitis/samples","gitUrl":"","gitBranch":"","gitSubfoldersList":[],"type":2},{"id":"vitis_libraries","name":"Vitis Accelerated Libraries Repository","description":"The Vitis software development platform includes an extensive set of open-source, performance-optimized libraries that offer out-of-the-box acceleration with minimal to zero-code changes to your existing applications.","installDirectory":"C:/Xilinx/2025.1/Vitis/vitis_libraries","localDirectory":"C:/Users/seanr/.Xilinx/Vitis/2025.1/vitis_libraries","gitUrl":"https://github.com/Xilinx/Vitis_Libraries.git","gitBranch":"2025.1","gitSubfoldersList":["blas","codec","data_analytics","data_compression","data_mover","database","dsp","graph","hpc","motor_control","quantitative_finance","security","solver","sparse","ultrasound","utils","vision"],"type":1}]}
2026-04-08 09:59:07 [debug] : [Repository Service] Executing method:listAppRepos from frontend. {"0":"request:"}
2026-04-08 09:59:07 [debug] : Frontend u.initialize: 1.9 ms [Finished 1.874 s after frontend start] 
2026-04-08 09:59:07 [debug] : Frontend $.initialize: 1.3 ms [Finished 1.876 s after frontend start] 
2026-04-08 09:59:07 [debug] : Frontend $.initialize: 0.0 ms [Finished 1.876 s after frontend start] 
2026-04-08 09:59:07 [debug] : Frontend n.initialize: 0.1 ms [Finished 1.876 s after frontend start] 
2026-04-08 09:59:07 [debug] : Frontend Object.initialize: 0.0 ms [Finished 1.876 s after frontend start] 
2026-04-08 09:59:07 [debug] : Frontend a.initialize: 0.0 ms [Finished 1.876 s after frontend start] 
2026-04-08 09:59:07 [debug] : Frontend _.initialize: 0.0 ms [Finished 1.876 s after frontend start] 
2026-04-08 09:59:07 [debug] : Frontend d.initialize: 0.0 ms [Finished 1.876 s after frontend start] 
2026-04-08 09:59:07 [debug] : Frontend _.initialize: 0.1 ms [Finished 1.876 s after frontend start] 
2026-04-08 09:59:07 [debug] : Frontend f.initialize: 0.0 ms [Finished 1.876 s after frontend start] 
2026-04-08 09:59:07 [debug] : Frontend y.initialize: 3.4 ms [Finished 1.879 s after frontend start] 
2026-04-08 09:59:07 [debug] : Frontend f.initialize: 0.0 ms [Finished 1.880 s after frontend start] 
2026-04-08 09:59:07 [debug] : Frontend d.initialize: 0.0 ms [Finished 1.880 s after frontend start] 
2026-04-08 09:59:07 [debug] : [Workspace Client] Initializaton completed. 
2026-04-08 09:59:07 [debug] : [Rigel Utils Client] Initializaton completed. 
2026-04-08 09:59:07 [debug] : [Debugger Client] Initializaton completed. 
2026-04-08 09:59:07 [debug] : [Repository Client] Initializaton completed. 
2026-04-08 09:59:07 [debug] : [Repository Client] Ready to accept calls from the UI widgets. 
2026-04-08 09:59:07 [debug] : [Application Examples Provider]  updating the model on initialization. 
2026-04-08 09:59:07 [debug] : [Application Examples Provider] refresh requested. 
2026-04-08 09:59:07 [debug] : [Application Examples Provider] refresh requested. 
2026-04-08 09:59:07 [debug] : [Application Examples Provider] refresh requested. 
2026-04-08 09:59:07 [debug] : [Application Examples Provider] refresh requested. 
2026-04-08 09:59:07 [debug] : [Repository Service] Executing method:listAppRepos from frontend. {"0":"request:"}
2026-04-08 09:59:07 [debug] : [Application Examples Provider] common calling method requested. 
2026-04-08 09:59:07 [debug] : [Application Examples Provider] Repositories model update requested. 
2026-04-08 09:59:07 [debug] : [Repository Service] Executing method:listAppRepos from frontend. {"0":"request:"}
2026-04-08 09:59:07 [debug] : [Application Examples Provider] common calling method requested. 
2026-04-08 09:59:07 [debug] : [Application Examples Provider] Repositories model update requested. 
2026-04-08 09:59:07 [debug] : [Repository Service] Executing method:listAieExampleRepos from frontend. {"0":"request:"}
2026-04-08 09:59:07 [debug] : [Application Examples Provider] common calling method requested. 
2026-04-08 09:59:07 [debug] : [Application Examples Provider] Repositories model update requested. 
2026-04-08 09:59:07 [debug] : [Repository Service] Executing method:listHlsExampleRepos from frontend. {"0":"request:"}
2026-04-08 09:59:07 [debug] : [Application Examples Provider] common calling method requested. 
2026-04-08 09:59:07 [debug] : [Application Examples Provider] Repositories model update requested. 
2026-04-08 09:59:07 [debug] : [Application Examples Provider] Repositories model update completed. 
2026-04-08 09:59:07 [debug] : [Application Examples Provider] Templates model update requested. 
2026-04-08 09:59:07 [debug] : [Repository Service] Executing method:getEmbeddedExampleTemplateTree from frontend. {"0":"request:"}
2026-04-08 09:59:07 [debug] : [Program Flash Client]  {"0":"Initializaton completed and program flash service is ready in the frontend to receive program flash logs."}
2026-04-08 09:59:07 [debug] : [Build Client] Initializaton completed and build service is ready in the frontend to receive build logs. 
2026-04-08 09:59:07 [debug] : [AIE Client] Initializaton completed and build service is ready in the frontend to receive build logs. 
2026-04-08 09:59:07 [debug] : Initializaton completed and build service is ready in the frontend to receive build logs. 
2026-04-08 09:59:07 [debug] : [Elf Reader Client] Initializaton completed. 
2026-04-08 09:59:07 [debug] : [Logger Client] Initializaton completed. 
2026-04-08 09:59:07 [debug] : [Rigel vcxx Client] Initializaton completed. 
2026-04-08 09:59:07 [debug] : [HLS Flow Client] Initialization completed. 
2026-04-08 09:59:07 [debug] : Frontend x.initialize took longer than the expected maximum 100 milliseconds: 262.1 ms [Finished 2.142 s after frontend start] 
2026-04-08 09:59:07 [debug] : Frontend n.initialize: 0.0 ms [Finished 2.142 s after frontend start] 
2026-04-08 09:59:07 [debug] : Frontend n.initialize: 0.1 ms [Finished 2.142 s after frontend start] 
2026-04-08 09:59:07 [debug] : [Program Flash Output] Adding listeners to program flash service. 
2026-04-08 09:59:07 [debug] : Frontend T.initialize: 0.5 ms [Finished 2.143 s after frontend start] 
2026-04-08 09:59:07 [debug] : [Program Device Output] Adding listeners to program device service. 
2026-04-08 09:59:07 [debug] : Frontend S.initialize: 0.3 ms [Finished 2.143 s after frontend start] 
2026-04-08 09:59:07 [debug] : [Build Output] Adding listeners to build service. 
2026-04-08 09:59:07 [debug] : Frontend z.initialize: 0.3 ms [Finished 2.144 s after frontend start] 
2026-04-08 09:59:07 [debug] : [Launch Menu] Adding listeners to manage launch session. 
2026-04-08 09:59:07 [debug] : [Debug Manager] A debug session listener is registered to receive launch events. 
2026-04-08 09:59:07 [debug] : Frontend X.initialize: 0.4 ms [Finished 2.144 s after frontend start] 
2026-04-08 09:59:07 [debug] : Frontend h.initialize: 0.1 ms [Finished 2.145 s after frontend start] 
2026-04-08 09:59:07 [debug] : Frontend $.initialize: 0.2 ms [Finished 2.145 s after frontend start] 
2026-04-08 09:59:07 [debug] : Frontend h.initialize: 0.0 ms [Finished 2.145 s after frontend start] 
2026-04-08 09:59:07 [debug] : Adding listeners to preference service. 
2026-04-08 09:59:07 [debug] : Frontend h.initialize: 0.1 ms [Finished 2.146 s after frontend start] 
2026-04-08 09:59:07 [debug] : [Platform Output] Adding listeners to build service. 
2026-04-08 09:59:07 [debug] : Frontend N.initialize: 0.5 ms [Finished 2.146 s after frontend start] 
2026-04-08 09:59:07 [debug] : Frontend h.initialize: 6.9 ms [Finished 2.153 s after frontend start] 
2026-04-08 09:59:07 [debug] : [Build Output] Adding listeners to build service. 
2026-04-08 09:59:07 [debug] : Frontend m.initialize: 0.6 ms [Finished 2.154 s after frontend start] 
2026-04-08 09:59:07 [debug] : Frontend d.initialize: 0.1 ms [Finished 2.155 s after frontend start] 
2026-04-08 09:59:07 [debug] : [HLS Output] Adding listeners to HLS service. 
2026-04-08 09:59:07 [debug] : Frontend m.initialize: 0.5 ms [Finished 2.155 s after frontend start] 
2026-04-08 09:59:07 [debug] : [Rigel Vcxx Server] Executing method:vcxx.hasVcxx with connection:(object). {"0":"request:"}
2026-04-08 09:59:07 [debug] : [Repository Service] Executing method:getAppRepoState from frontend. {"0":"request:","1":{"repoId":"vitis_libraries","repoType":1}}
2026-04-08 09:59:07 [debug] : [Repository Server] Executing method:getAppRepoState with connection:(object). {"0":"request:","1":{"repoId":"vitis_libraries","repoType":1}}
2026-04-08 09:59:07 [debug] : Event posted using notification server in backend. {"0":{"wrappers_":{},"arrayIndexOffset_":-1,"array":["e7662520-1e05-4f9b-86ac-dd8e9cf7cb93",null,53,null,null,null,null,"list-reports"],"pivot_":1.7976931348623157e+308,"convertedPrimitiveFields_":{}}}
2026-04-08 09:59:07 [debug] : [Repository Server] Executed method:listAppRepos. {"0":"result:","1":[{"id":"vitis_examples","name":"Vitis Accel Examples Repository","description":"This repository contains examples to showcase various features of the Vitis tools and platforms. The examples illustrate specific scenarios related to host code and kernel programming through small working examples.","installDirectory":"C:/Xilinx/2025.1/Vitis/vitis_examples","localDirectory":"C:/Users/seanr/.Xilinx/Vitis/2025.1/vitis_examples","gitUrl":"https://github.com/Xilinx/Vitis_Accel_Examples.git","gitBranch":"2025.1","gitSubfoldersList":[],"type":2},{"id":"installed_examples","name":"Installed Examples Repository","description":"This repository contains some simple examples.","installDirectory":"C:/Xilinx/2025.1/Vitis/installed_examples","localDirectory":"C:/Xilinx/2025.1/Vitis/samples","gitUrl":"","gitBranch":"","gitSubfoldersList":[],"type":2},{"id":"vitis_libraries","name":"Vitis Accelerated Libraries Repository","description":"The Vitis software development platform includes an extensive set of open-source, performance-optimized libraries that offer out-of-the-box acceleration with minimal to zero-code changes to your existing applications.","installDirectory":"C:/Xilinx/2025.1/Vitis/vitis_libraries","localDirectory":"C:/Users/seanr/.Xilinx/Vitis/2025.1/vitis_libraries","gitUrl":"https://github.com/Xilinx/Vitis_Libraries.git","gitBranch":"2025.1","gitSubfoldersList":["blas","codec","data_analytics","data_compression","data_mover","database","dsp","graph","hpc","motor_control","quantitative_finance","security","solver","sparse","ultrasound","utils","vision"],"type":1}]}
2026-04-08 09:59:07 [debug] : [Repository Server] Executed method:listAppRepos. {"0":"result:","1":[{"id":"vitis_examples","name":"Vitis Accel Examples Repository","description":"This repository contains examples to showcase various features of the Vitis tools and platforms. The examples illustrate specific scenarios related to host code and kernel programming through small working examples.","installDirectory":"C:/Xilinx/2025.1/Vitis/vitis_examples","localDirectory":"C:/Users/seanr/.Xilinx/Vitis/2025.1/vitis_examples","gitUrl":"https://github.com/Xilinx/Vitis_Accel_Examples.git","gitBranch":"2025.1","gitSubfoldersList":[],"type":2},{"id":"installed_examples","name":"Installed Examples Repository","description":"This repository contains some simple examples.","installDirectory":"C:/Xilinx/2025.1/Vitis/installed_examples","localDirectory":"C:/Xilinx/2025.1/Vitis/samples","gitUrl":"","gitBranch":"","gitSubfoldersList":[],"type":2},{"id":"vitis_libraries","name":"Vitis Accelerated Libraries Repository","description":"The Vitis software development platform includes an extensive set of open-source, performance-optimized libraries that offer out-of-the-box acceleration with minimal to zero-code changes to your existing applications.","installDirectory":"C:/Xilinx/2025.1/Vitis/vitis_libraries","localDirectory":"C:/Users/seanr/.Xilinx/Vitis/2025.1/vitis_libraries","gitUrl":"https://github.com/Xilinx/Vitis_Libraries.git","gitBranch":"2025.1","gitSubfoldersList":["blas","codec","data_analytics","data_compression","data_mover","database","dsp","graph","hpc","motor_control","quantitative_finance","security","solver","sparse","ultrasound","utils","vision"],"type":1}]}
2026-04-08 09:59:07 [debug] : [Repository Server] Executed method:listAieExampleRepos. {"0":"result:","1":[{"id":"installed_aie_examples","name":"Installed AI Engine Examples","description":"This repository contains some simple AI Engine examples.","installDirectory":"C:/Xilinx/2025.1/Vitis/installed_aie_examples","localDirectory":"C:/Xilinx/2025.1/Vitis/samples","gitUrl":"","gitBranch":"","gitSubfoldersList":[],"type":3},{"id":"vitis_libraries","name":"Vitis Accelerated Libraries Repository","description":"The Vitis software development platform includes an extensive set of open-source, performance-optimized libraries that offer out-of-the-box acceleration with minimal to zero-code changes to your existing applications.","installDirectory":"C:/Xilinx/2025.1/Vitis/vitis_libraries","localDirectory":"C:/Users/seanr/.Xilinx/Vitis/2025.1/vitis_libraries","gitUrl":"https://github.com/Xilinx/Vitis_Libraries.git","gitBranch":"2025.1","gitSubfoldersList":["blas","codec","data_analytics","data_compression","data_mover","database","dsp","graph","hpc","motor_control","quantitative_finance","security","solver","sparse","ultrasound","utils","vision"],"type":1}]}
2026-04-08 09:59:07 [debug] : RIGEL SERVER 09:59:07 INFO  : cmd.exe, /C, empyro.bat get_template_data -d C:\Users\seanr\AppData\Local\Temp\rigel_lopper_seanr15274896435541829837 -r C:\Users\seanr\vitis_projects\Lab3_MLP_optimization\MLP_baseline\_ide\.wsdata\.repo.yaml 
2026-04-08 09:59:07 [debug] : [Repository Server] Executed method:listHlsExampleRepos. {"0":"result:","1":[{"id":"vitis_hls_examples","name":"Vitis HLS Introductory Examples","description":"Basic examples for Vitis HLS.","installDirectory":"C:/Xilinx/2025.1/Vitis/vitis_hls_examples","localDirectory":"C:/Users/seanr/.Xilinx/Vitis/2025.1/vitis_hls_examples","gitUrl":"https://github.com/Xilinx/Vitis-HLS-Introductory-Examples.git","gitBranch":"2025.1","gitSubfoldersList":[],"type":4},{"id":"vitis_libraries","name":"Vitis Accelerated Libraries Repository","description":"The Vitis software development platform includes an extensive set of open-source, performance-optimized libraries that offer out-of-the-box acceleration with minimal to zero-code changes to your existing applications.","installDirectory":"C:/Xilinx/2025.1/Vitis/vitis_libraries","localDirectory":"C:/Users/seanr/.Xilinx/Vitis/2025.1/vitis_libraries","gitUrl":"https://github.com/Xilinx/Vitis_Libraries.git","gitBranch":"2025.1","gitSubfoldersList":["blas","codec","data_analytics","data_compression","data_mover","database","dsp","graph","hpc","motor_control","quantitative_finance","security","solver","sparse","ultrasound","utils","vision"],"type":1}]}
2026-04-08 09:59:07 [debug] : [Rigel Vcxx Server] Executed method:vcxx.hasVcxx. {"0":"result:","1":{"wrappers_":null,"arrayIndexOffset_":-1,"array":[true],"pivot_":1.7976931348623157e+308,"convertedPrimitiveFields_":{}}}
2026-04-08 09:59:07 [debug] : [Repository Server] Executed method:getAppRepoState. {"0":"result:","1":{"repoId":"","status":2}}
2026-04-08 09:59:07 [debug] : Frontend Q.configure: 33.5 ms [Finished 2.189 s after frontend start] 
2026-04-08 09:59:07 [debug] : Frontend l.configure: 0.0 ms [Finished 2.189 s after frontend start] 
2026-04-08 09:59:07 [debug] : Frontend u.configure: 0.3 ms [Finished 2.189 s after frontend start] 
2026-04-08 09:59:07 [debug] : [Repository Service] Executing method:getAppRepoState from frontend. {"0":"request:","1":{"repoId":"vitis_libraries","repoType":1}}
2026-04-08 09:59:07 [debug] : [Repository Service] Executing method:getAppRepoState from frontend. {"0":"request:","1":{"repoId":"vitis_examples","repoType":2}}
2026-04-08 09:59:07 [debug] : [Repository Service] Executing method:getAppRepoState from frontend. {"0":"request:","1":{"repoId":"vitis_libraries","repoType":1}}
2026-04-08 09:59:07 [debug] : [Repository Server] Executing method:getAppRepoState with connection:(object). {"0":"request:","1":{"repoId":"vitis_libraries","repoType":1}}
2026-04-08 09:59:07 [debug] : [Repository Server] Executing method:getAppRepoState with connection:(object). {"0":"request:","1":{"repoId":"vitis_examples","repoType":2}}
2026-04-08 09:59:07 [debug] : [Repository Server] Executing method:getAppRepoState with connection:(object). {"0":"request:","1":{"repoId":"vitis_libraries","repoType":1}}
2026-04-08 09:59:07 [debug] : Received event from notification service: ON_START_ANALYSIS_PROGRESS. 
2026-04-08 09:59:07 [debug] : [Repository Service] Executing method:getAppRepoState from frontend. {"0":"request:","1":{"repoId":"vitis_hls_examples","repoType":4}}
2026-04-08 09:59:07 [debug] : [Repository Server] Executing method:getAppRepoState with connection:(object). {"0":"request:","1":{"repoId":"vitis_hls_examples","repoType":4}}
2026-04-08 09:59:07 [debug] : Event posted using notification server in backend. {"0":{"wrappers_":{},"arrayIndexOffset_":-1,"array":["b1237722-ee1e-46a0-b394-4ee50c30d83f",null,54,null,null,null,null,"list-reports"],"pivot_":1.7976931348623157e+308,"convertedPrimitiveFields_":{}}}
2026-04-08 09:59:07 [debug] : [Repository Server] Executed method:getAppRepoState. {"0":"result:","1":{"repoId":"","status":2}}
2026-04-08 09:59:07 [debug] : [Repository Server] Executed method:getAppRepoState. {"0":"result:","1":{"repoId":"","status":2}}
2026-04-08 09:59:07 [debug] : [Repository Server] Executed method:getAppRepoState. {"0":"result:","1":{"repoId":"","status":2}}
2026-04-08 09:59:07 [debug] : [Repository Server] Executed method:getAppRepoState. {"0":"result:","1":{"repoId":"","status":2}}
2026-04-08 09:59:07 [debug] : Received event from notification service: ON_STOP_ANALYSIS_PROGRESS. 
2026-04-08 09:59:07 [debug] : [Application Examples Provider]  Application repository status:2 for id:vitis_examples 
2026-04-08 09:59:07 [debug] : [Repository Service] Executing method:getAppRepoState from frontend. {"0":"request:","1":{"repoId":"vitis_libraries","repoType":1}}
2026-04-08 09:59:07 [debug] : [Application Examples Provider]  Application repository status:2 for id:vitis_libraries 
2026-04-08 09:59:07 [debug] : [Application Examples Provider] installed_aie_examples:true 
2026-04-08 09:59:07 [debug] : [Application Examples Provider] vitis_libraries:false 
2026-04-08 09:59:07 [debug] : [Application Examples Provider] Repositories model update completed. 
2026-04-08 09:59:07 [debug] : [Application Examples Provider] Templates model update requested. 
2026-04-08 09:59:07 [debug] : [Repository Service] Executing method:getAieExampleTemplateTree from frontend. {"0":"request:"}
2026-04-08 09:59:07 [debug] : [Repository Server] Executing method:getAppRepoState with connection:(object). {"0":"request:","1":{"repoId":"vitis_libraries","repoType":1}}
2026-04-08 09:59:07 [debug] : [Repository Server] Executing method:getAieExampleTemplateTree with connection:(object). {"0":"request:","1":{"wrappers_":null,"arrayIndexOffset_":-1,"array":[],"pivot_":1.7976931348623157e+308,"convertedPrimitiveFields_":{}}}
2026-04-08 09:59:07 [debug] : [Application Examples Provider]  Application repository status:2 for id:vitis_hls_examples 
2026-04-08 09:59:07 [debug] : [Repository Service] Executing method:getAppRepoState from frontend. {"0":"request:","1":{"repoId":"vitis_libraries","repoType":1}}
2026-04-08 09:59:07 [debug] : [Repository Server] Executing method:getAppRepoState with connection:(object). {"0":"request:","1":{"repoId":"vitis_libraries","repoType":1}}
2026-04-08 09:59:07 [debug] : [Repository Server] Executed method:getAppRepoState. {"0":"result:","1":{"repoId":"","status":2}}
2026-04-08 09:59:07 [debug] : [Repository Server] Executed method:getAppRepoState. {"0":"result:","1":{"repoId":"","status":2}}
2026-04-08 09:59:07 [debug] : [Application Examples Provider]  Application repository status:2 for id:vitis_libraries 
2026-04-08 09:59:07 [debug] : [Application Examples Provider] vitis_hls_examples:false 
2026-04-08 09:59:07 [debug] : [Application Examples Provider] vitis_libraries:false 
2026-04-08 09:59:07 [debug] : [Application Examples Provider] Repositories model update completed. 
2026-04-08 09:59:07 [debug] : [Application Examples Provider] Templates model update requested. 
2026-04-08 09:59:07 [debug] : [Repository Service] Executing method:getHlsExampleTemplateTree from frontend. {"0":"request:"}
2026-04-08 09:59:07 [debug] : [Repository Server] Executing method:getHlsExampleTemplateTree with connection:(object). {"0":"request:","1":{"wrappers_":null,"arrayIndexOffset_":-1,"array":[],"pivot_":1.7976931348623157e+308,"convertedPrimitiveFields_":{}}}
2026-04-08 09:59:07 [debug] : [Application Examples Provider]  Application repository status:2 for id:vitis_libraries 
2026-04-08 09:59:07 [debug] : [Application Examples Provider] vitis_examples:false 
2026-04-08 09:59:07 [debug] : [Application Examples Provider] installed_examples:true 
2026-04-08 09:59:07 [debug] : [Application Examples Provider] vitis_libraries:false 
2026-04-08 09:59:07 [debug] : [Application Examples Provider] Repositories model update completed. 
2026-04-08 09:59:07 [debug] : [Application Examples Provider] Templates model update requested. 
2026-04-08 09:59:07 [debug] : [Repository Service] Executing method:getAppTemplateTree from frontend. {"0":"request:"}
2026-04-08 09:59:07 [debug] : [Repository Server] Executing method:getAppTemplateTree with connection:(object). {"0":"request:","1":{"wrappers_":{},"arrayIndexOffset_":-1,"array":[],"pivot_":1.7976931348623157e+308,"convertedPrimitiveFields_":{}}}
2026-04-08 09:59:07 [debug] : [Application Examples Provider] Templates model update completed. 
2026-04-08 09:59:07 [debug] : [Application Examples Provider] common calling method completed. 
2026-04-08 09:59:07 [debug] : [Application Examples Provider] refresh completed. 
2026-04-08 09:59:07 [debug] : [Application Examples Provider] Templates model update completed. 
2026-04-08 09:59:07 [debug] : [Application Examples Provider] common calling method completed. 
2026-04-08 09:59:07 [debug] : [Application Examples Provider] refresh completed. 
2026-04-08 09:59:07 [debug] : [Application Examples Provider] Templates model update completed. 
2026-04-08 09:59:07 [debug] : [Application Examples Provider] common calling method completed. 
2026-04-08 09:59:07 [debug] : [Application Examples Provider] refresh completed. 
2026-04-08 09:59:07 [debug] : [Workspace Server] In 'setWorkspace' with connection:[object Object] request:{"path":"C:\\Users\\seanr\\vitis_projects\\Lab3_MLP_optimization"} 
2026-04-08 09:59:07 [debug] : [Workspace Service] Initializaton completed. Updating workspace 'C:\Users\seanr\vitis_projects\Lab3_MLP_optimization' in the server from service. 
2026-04-08 09:59:07 [debug] : Frontend v.configure took longer than the expected maximum 100 milliseconds: 206.7 ms [Finished 2.397 s after frontend start] 
2026-04-08 09:59:07 [debug] : Frontend $.configure: 0.2 ms [Finished 2.397 s after frontend start] 
2026-04-08 09:59:07 [debug] : RIGEL SERVER 09:59:07 INFO  : updated workspace path: C:\Users\seanr\vitis_projects\Lab3_MLP_optimization 
2026-04-08 09:59:07 [debug] : Application UI init preferences 
2026-04-08 09:59:07 [debug] : [Bootgen Output] Adding listeners to bootgen service. 
2026-04-08 09:59:07 [debug] : A command editor.action.toggleStickyScroll is already registered. 
2026-04-08 09:59:07 [debug] : A command rigel.edit.config is already registered. 
2026-04-08 09:59:07 [debug] : Frontend commands.onStart: 33.8 ms [Finished 2.431 s after frontend start] 
2026-04-08 09:59:07 [debug] : Event posted using notification server in backend. {"0":{"wrappers_":{},"arrayIndexOffset_":-1,"array":["82855b76-9ec1-4c53-b402-19180b017819",null,53,null,null,null,null,"list-reports"],"pivot_":1.7976931348623157e+308,"convertedPrimitiveFields_":{}}}
