================================================================
== Vivado RTL Synthesis Results
================================================================
+ General Information:
    * Date:            Sat Apr 11 21:52:04 -0700 2026
    * Version:         2025.1 (Build 6135595 on May 21 2025)
    * Project:         baseline_blockedMM
    * Solution:        hls (Vivado IP Flow Target)
    * Product family:  zynq
    * Target device:   xc7z020-clg400-1


================================================================
== Run Constraints & Options
================================================================
+ Design Constraints & Options:
    * RTL Synthesis target clock:  15 ns
    * C-Synthesis target clock:    15 ns
    * C-Synthesis uncertainty:     27%

+ RTL Synthesis Options:
    * config_export -vivado_synth_strategy:     default
    * config_export -vivado_synth_design_args:  -directive sdx_optimization_effort_high

+ Reporting Options:
    * config_export -vivado_report_level:      2
    * config_export -vivado_max_timing_paths:  10


================================================================
== RTL Synthesis Resource Summary
================================================================
LUT:              28507
FF:               32199
DSP:              52
BRAM:             1
URAM:             0
SRL:              270


================================================================
== RTL Synthesis Timing Summary
================================================================
* Timing was met
+----------------+-------------+
| Timing         | Period (ns) |
+----------------+-------------+
| Target         | 15.000      |
| Post-Synthesis | 7.791       |
+----------------+-------------+


================================================================
== RTL Synthesis Resources
================================================================
+-----------------------------------------------+-------+-------+-----+------+------+-----+--------+------+---------+----------+--------+
| Name                                          | LUT   | FF    | DSP | BRAM | URAM | SRL | Pragma | Impl | Latency | Variable | Source |
+-----------------------------------------------+-------+-------+-----+------+------+-----+--------+------+---------+----------+--------+
| inst                                          | 28507 | 32199 | 52  | 1    |      |     |        |      |         |          |        |
|   (inst)                                      | 6895  | 21257 |     |      |      |     |        |      |         |          |        |
|   control_s_axi_U                             | 653   | 406   |     |      |      |     |        |      |         |          |        |
|   gmem_m_axi_U                                | 6189  | 1885  |     | 1    |      |     |        |      |         |          |        |
|   grp_MM_Pipeline_VITIS_LOOP_70_8_fu_7202     | 14770 | 8651  | 52  |      |      |     |        |      |         |          |        |
|     (grp_MM_Pipeline_VITIS_LOOP_70_8_fu_7202) | 6188  | 8649  | 16  |      |      |     |        |      |         |          |        |
|     mul_32ns_32s_62_1_1_U1                    | 106   |       | 2   |      |      |     |        |      |         |          |        |
|     mul_32s_32s_32_1_1_U10                    | 271   |       | 2   |      |      |     |        |      |         |          |        |
|     mul_32s_32s_32_1_1_U11                    | 271   |       | 2   |      |      |     |        |      |         |          |        |
|     mul_32s_32s_32_1_1_U12                    | 271   |       | 2   |      |      |     |        |      |         |          |        |
|     mul_32s_32s_32_1_1_U13                    | 271   |       | 2   |      |      |     |        |      |         |          |        |
|     mul_32s_32s_32_1_1_U14                    | 271   |       | 2   |      |      |     |        |      |         |          |        |
|     mul_32s_32s_32_1_1_U15                    | 271   |       | 2   |      |      |     |        |      |         |          |        |
|     mul_32s_32s_32_1_1_U16                    | 271   |       | 2   |      |      |     |        |      |         |          |        |
|     mul_32s_32s_32_1_1_U17                    | 271   |       | 2   |      |      |     |        |      |         |          |        |
|     mul_32s_32s_32_1_1_U2                     | 271   |       | 2   |      |      |     |        |      |         |          |        |
|     mul_32s_32s_32_1_1_U3                     | 271   |       | 2   |      |      |     |        |      |         |          |        |
|     mul_32s_32s_32_1_1_U4                     | 271   |       | 2   |      |      |     |        |      |         |          |        |
|     mul_32s_32s_32_1_1_U5                     |       |       |     |      |      |     |        |      |         |          |        |
|     mul_32s_32s_32_1_1_U6                     | 271   |       | 2   |      |      |     |        |      |         |          |        |
|     mul_32s_32s_32_1_1_U7                     | 271   |       | 2   |      |      |     |        |      |         |          |        |
|     mul_32s_32s_32_1_1_U8                     |       |       |     |      |      |     |        |      |         |          |        |
|     mul_32s_32s_32_1_1_U9                     | 271   |       | 2   |      |      |     |        |      |         |          |        |
+-----------------------------------------------+-------+-------+-----+------+------+-----+--------+------+---------+----------+--------+


================================================================
== RTL Synthesis Fail Fast
================================================================
+-----------------------------------------------------------+-----------+--------+--------+
| Criteria                                                  | Guideline | Actual | Status |
+-----------------------------------------------------------+-----------+--------+--------+
| LUT                                                       | 70%       | 53.58% | OK     |
| FD                                                        | 50%       | 30.26% | OK     |
| LUTRAM+SRL                                                | 25%       | 1.55%  | OK     |
| MUXF7                                                     | 15%       | 3.86%  | OK     |
| LUT Combining                                             | 20%       | 38.37% | REVIEW |
| DSP                                                       | 80%       | 23.64% | OK     |
| RAMB/FIFO                                                 | 80%       | 0.36%  | OK     |
| DSP+RAMB+URAM (Avg)                                       | 70%       | 12.00% | OK     |
| BUFGCE* + BUFGCTRL                                        | 24        | 0      | OK     |
| DONT_TOUCH (cells/nets)                                   | 0         | 0      | OK     |
| MARK_DEBUG (nets)                                         | 0         | 0      | OK     |
| Control Sets                                              | 998       | 145    | OK     |
| Average Fanout for modules > 100k cells                   | 4         | 2.64   | OK     |
| Max Average Fanout for modules > 100k cells               | 4         | 0      | OK     |
| Non-FD high fanout nets > 10k loads                       | 0         | 0      | OK     |
+-----------------------------------------------------------+-----------+--------+--------+
| TIMING-6 (No common primary clock between related clocks) | 0         | 0      | OK     |
| TIMING-7 (No common node between related clocks)          | 0         | 0      | OK     |
| TIMING-8 (No common period between related clocks)        | 0         | 0      | OK     |
| TIMING-14 (LUT on the clock tree)                         | 0         | 0      | OK     |
| TIMING-35 (No common node in paths with the same clock)   | 0         | 0      | OK     |
+-----------------------------------------------------------+-----------+--------+--------+
| Number of paths above max LUT budgeting (0.575ns)         | 0         | 0      | OK     |
| Number of paths above max Net budgeting (0.403ns)         | 0         | 0      | OK     |
+-----------------------------------------------------------+-----------+--------+--------+


================================================================
== RTL Synthesis Timing Paths
================================================================
* Timing was met
+-------+-------+----------------------------------------------------------------------------------+------------------------------------------------------------------------+--------------+------------+----------------+----------------+--------------+
| Path  | SLACK | STARTPOINT PIN                                                                   | ENDPOINT PIN                                                           | LOGIC LEVELS | MAX FANOUT | DATAPATH DELAY | DATAPATH LOGIC | DATAPATH NET |
|       |       |                                                                                  |                                                                        |              |            |                |          DELAY |        DELAY |
+-------+-------+----------------------------------------------------------------------------------+------------------------------------------------------------------------+--------------+------------+----------------+----------------+--------------+
| Path1 | 7.209 | grp_MM_Pipeline_VITIS_LOOP_70_8_fu_7202/mul_32s_32s_32_1_1_U5/tmp_product__0/CLK | grp_MM_Pipeline_VITIS_LOOP_70_8_fu_7202/mul_ln75_3_reg_13663_reg[29]/D |            6 |          2 |          7.816 |          6.952 |        0.864 |
| Path2 | 7.209 | grp_MM_Pipeline_VITIS_LOOP_70_8_fu_7202/mul_32s_32s_32_1_1_U8/tmp_product__0/CLK | grp_MM_Pipeline_VITIS_LOOP_70_8_fu_7202/mul_ln75_6_reg_13678_reg[29]/D |            6 |          2 |          7.816 |          6.952 |        0.864 |
| Path3 | 7.215 | grp_MM_Pipeline_VITIS_LOOP_70_8_fu_7202/mul_32s_32s_32_1_1_U5/tmp_product__0/CLK | grp_MM_Pipeline_VITIS_LOOP_70_8_fu_7202/mul_ln75_3_reg_13663_reg[31]/D |            6 |          2 |          7.810 |          6.946 |        0.864 |
| Path4 | 7.215 | grp_MM_Pipeline_VITIS_LOOP_70_8_fu_7202/mul_32s_32s_32_1_1_U8/tmp_product__0/CLK | grp_MM_Pipeline_VITIS_LOOP_70_8_fu_7202/mul_ln75_6_reg_13678_reg[31]/D |            6 |          2 |          7.810 |          6.946 |        0.864 |
| Path5 | 7.290 | grp_MM_Pipeline_VITIS_LOOP_70_8_fu_7202/mul_32s_32s_32_1_1_U5/tmp_product__0/CLK | grp_MM_Pipeline_VITIS_LOOP_70_8_fu_7202/mul_ln75_3_reg_13663_reg[30]/D |            6 |          2 |          7.735 |          6.871 |        0.864 |
+-------+-------+----------------------------------------------------------------------------------+------------------------------------------------------------------------+--------------+------------+----------------+----------------+--------------+

    +------------------------------------------------------------------------------------------------+----------------------+
    | Path1 Cells                                                                                    | Primitive Type       |
    +------------------------------------------------------------------------------------------------+----------------------+
    | grp_MM_Pipeline_VITIS_LOOP_70_8_fu_7202/mul_32s_32s_32_1_1_U5/tmp_product__0                   | MULT.dsp.DSP48E1     |
    | grp_MM_Pipeline_VITIS_LOOP_70_8_fu_7202/mul_32s_32s_32_1_1_U5/tmp_product__1                   | MULT.dsp.DSP48E1     |
    | grp_MM_Pipeline_VITIS_LOOP_70_8_fu_7202/mul_32s_32s_32_1_1_U5/mul_ln75_3_reg_13663[19]_i_4     | LUT.others.LUT2      |
    | grp_MM_Pipeline_VITIS_LOOP_70_8_fu_7202/mul_32s_32s_32_1_1_U5/mul_ln75_3_reg_13663_reg[19]_i_1 | CARRY.others.CARRY4  |
    | grp_MM_Pipeline_VITIS_LOOP_70_8_fu_7202/mul_32s_32s_32_1_1_U5/mul_ln75_3_reg_13663_reg[23]_i_1 | CARRY.others.CARRY4  |
    | grp_MM_Pipeline_VITIS_LOOP_70_8_fu_7202/mul_32s_32s_32_1_1_U5/mul_ln75_3_reg_13663_reg[27]_i_1 | CARRY.others.CARRY4  |
    | grp_MM_Pipeline_VITIS_LOOP_70_8_fu_7202/mul_32s_32s_32_1_1_U5/mul_ln75_3_reg_13663_reg[31]_i_1 | CARRY.others.CARRY4  |
    | grp_MM_Pipeline_VITIS_LOOP_70_8_fu_7202/mul_ln75_3_reg_13663_reg[29]                           | FLOP_LATCH.flop.FDRE |
    | grp_MM_Pipeline_VITIS_LOOP_70_8_fu_7202/mul_32s_32s_32_1_1_U8/tmp_product__0                   | MULT.dsp.DSP48E1     |
    | grp_MM_Pipeline_VITIS_LOOP_70_8_fu_7202/mul_32s_32s_32_1_1_U8/tmp_product__1                   | MULT.dsp.DSP48E1     |
    | grp_MM_Pipeline_VITIS_LOOP_70_8_fu_7202/mul_32s_32s_32_1_1_U8/mul_ln75_6_reg_13678[19]_i_4     | LUT.others.LUT2      |
    | grp_MM_Pipeline_VITIS_LOOP_70_8_fu_7202/mul_32s_32s_32_1_1_U8/mul_ln75_6_reg_13678_reg[19]_i_1 | CARRY.others.CARRY4  |
    | grp_MM_Pipeline_VITIS_LOOP_70_8_fu_7202/mul_32s_32s_32_1_1_U8/mul_ln75_6_reg_13678_reg[23]_i_1 | CARRY.others.CARRY4  |
    | grp_MM_Pipeline_VITIS_LOOP_70_8_fu_7202/mul_32s_32s_32_1_1_U8/mul_ln75_6_reg_13678_reg[27]_i_1 | CARRY.others.CARRY4  |
    | grp_MM_Pipeline_VITIS_LOOP_70_8_fu_7202/mul_32s_32s_32_1_1_U8/mul_ln75_6_reg_13678_reg[31]_i_1 | CARRY.others.CARRY4  |
    | grp_MM_Pipeline_VITIS_LOOP_70_8_fu_7202/mul_ln75_6_reg_13678_reg[29]                           | FLOP_LATCH.flop.FDRE |
    | grp_MM_Pipeline_VITIS_LOOP_70_8_fu_7202/mul_32s_32s_32_1_1_U5/tmp_product__0                   | MULT.dsp.DSP48E1     |
    | grp_MM_Pipeline_VITIS_LOOP_70_8_fu_7202/mul_32s_32s_32_1_1_U5/tmp_product__1                   | MULT.dsp.DSP48E1     |
    | grp_MM_Pipeline_VITIS_LOOP_70_8_fu_7202/mul_32s_32s_32_1_1_U5/mul_ln75_3_reg_13663[19]_i_4     | LUT.others.LUT2      |
    | grp_MM_Pipeline_VITIS_LOOP_70_8_fu_7202/mul_32s_32s_32_1_1_U5/mul_ln75_3_reg_13663_reg[19]_i_1 | CARRY.others.CARRY4  |
    | grp_MM_Pipeline_VITIS_LOOP_70_8_fu_7202/mul_32s_32s_32_1_1_U5/mul_ln75_3_reg_13663_reg[23]_i_1 | CARRY.others.CARRY4  |
    | grp_MM_Pipeline_VITIS_LOOP_70_8_fu_7202/mul_32s_32s_32_1_1_U5/mul_ln75_3_reg_13663_reg[27]_i_1 | CARRY.others.CARRY4  |
    | grp_MM_Pipeline_VITIS_LOOP_70_8_fu_7202/mul_32s_32s_32_1_1_U5/mul_ln75_3_reg_13663_reg[31]_i_1 | CARRY.others.CARRY4  |
    | grp_MM_Pipeline_VITIS_LOOP_70_8_fu_7202/mul_ln75_3_reg_13663_reg[31]                           | FLOP_LATCH.flop.FDRE |
    | grp_MM_Pipeline_VITIS_LOOP_70_8_fu_7202/mul_32s_32s_32_1_1_U8/tmp_product__0                   | MULT.dsp.DSP48E1     |
    | grp_MM_Pipeline_VITIS_LOOP_70_8_fu_7202/mul_32s_32s_32_1_1_U8/tmp_product__1                   | MULT.dsp.DSP48E1     |
    | grp_MM_Pipeline_VITIS_LOOP_70_8_fu_7202/mul_32s_32s_32_1_1_U8/mul_ln75_6_reg_13678[19]_i_4     | LUT.others.LUT2      |
    | grp_MM_Pipeline_VITIS_LOOP_70_8_fu_7202/mul_32s_32s_32_1_1_U8/mul_ln75_6_reg_13678_reg[19]_i_1 | CARRY.others.CARRY4  |
    | grp_MM_Pipeline_VITIS_LOOP_70_8_fu_7202/mul_32s_32s_32_1_1_U8/mul_ln75_6_reg_13678_reg[23]_i_1 | CARRY.others.CARRY4  |
    | grp_MM_Pipeline_VITIS_LOOP_70_8_fu_7202/mul_32s_32s_32_1_1_U8/mul_ln75_6_reg_13678_reg[27]_i_1 | CARRY.others.CARRY4  |
    | grp_MM_Pipeline_VITIS_LOOP_70_8_fu_7202/mul_32s_32s_32_1_1_U8/mul_ln75_6_reg_13678_reg[31]_i_1 | CARRY.others.CARRY4  |
    | grp_MM_Pipeline_VITIS_LOOP_70_8_fu_7202/mul_ln75_6_reg_13678_reg[31]                           | FLOP_LATCH.flop.FDRE |
    | grp_MM_Pipeline_VITIS_LOOP_70_8_fu_7202/mul_32s_32s_32_1_1_U5/tmp_product__0                   | MULT.dsp.DSP48E1     |
    | grp_MM_Pipeline_VITIS_LOOP_70_8_fu_7202/mul_32s_32s_32_1_1_U5/tmp_product__1                   | MULT.dsp.DSP48E1     |
    | grp_MM_Pipeline_VITIS_LOOP_70_8_fu_7202/mul_32s_32s_32_1_1_U5/mul_ln75_3_reg_13663[19]_i_4     | LUT.others.LUT2      |
    | grp_MM_Pipeline_VITIS_LOOP_70_8_fu_7202/mul_32s_32s_32_1_1_U5/mul_ln75_3_reg_13663_reg[19]_i_1 | CARRY.others.CARRY4  |
    | grp_MM_Pipeline_VITIS_LOOP_70_8_fu_7202/mul_32s_32s_32_1_1_U5/mul_ln75_3_reg_13663_reg[23]_i_1 | CARRY.others.CARRY4  |
    | grp_MM_Pipeline_VITIS_LOOP_70_8_fu_7202/mul_32s_32s_32_1_1_U5/mul_ln75_3_reg_13663_reg[27]_i_1 | CARRY.others.CARRY4  |
    | grp_MM_Pipeline_VITIS_LOOP_70_8_fu_7202/mul_32s_32s_32_1_1_U5/mul_ln75_3_reg_13663_reg[31]_i_1 | CARRY.others.CARRY4  |
    | grp_MM_Pipeline_VITIS_LOOP_70_8_fu_7202/mul_ln75_3_reg_13663_reg[30]                           | FLOP_LATCH.flop.FDRE |
    +------------------------------------------------------------------------------------------------+----------------------+

    +------------------------------------------------------------------------------------------------+----------------------+
    | Path2 Cells                                                                                    | Primitive Type       |
    +------------------------------------------------------------------------------------------------+----------------------+
    | grp_MM_Pipeline_VITIS_LOOP_70_8_fu_7202/mul_32s_32s_32_1_1_U5/tmp_product__0                   | MULT.dsp.DSP48E1     |
    | grp_MM_Pipeline_VITIS_LOOP_70_8_fu_7202/mul_32s_32s_32_1_1_U5/tmp_product__1                   | MULT.dsp.DSP48E1     |
    | grp_MM_Pipeline_VITIS_LOOP_70_8_fu_7202/mul_32s_32s_32_1_1_U5/mul_ln75_3_reg_13663[19]_i_4     | LUT.others.LUT2      |
    | grp_MM_Pipeline_VITIS_LOOP_70_8_fu_7202/mul_32s_32s_32_1_1_U5/mul_ln75_3_reg_13663_reg[19]_i_1 | CARRY.others.CARRY4  |
    | grp_MM_Pipeline_VITIS_LOOP_70_8_fu_7202/mul_32s_32s_32_1_1_U5/mul_ln75_3_reg_13663_reg[23]_i_1 | CARRY.others.CARRY4  |
    | grp_MM_Pipeline_VITIS_LOOP_70_8_fu_7202/mul_32s_32s_32_1_1_U5/mul_ln75_3_reg_13663_reg[27]_i_1 | CARRY.others.CARRY4  |
    | grp_MM_Pipeline_VITIS_LOOP_70_8_fu_7202/mul_32s_32s_32_1_1_U5/mul_ln75_3_reg_13663_reg[31]_i_1 | CARRY.others.CARRY4  |
    | grp_MM_Pipeline_VITIS_LOOP_70_8_fu_7202/mul_ln75_3_reg_13663_reg[29]                           | FLOP_LATCH.flop.FDRE |
    | grp_MM_Pipeline_VITIS_LOOP_70_8_fu_7202/mul_32s_32s_32_1_1_U8/tmp_product__0                   | MULT.dsp.DSP48E1     |
    | grp_MM_Pipeline_VITIS_LOOP_70_8_fu_7202/mul_32s_32s_32_1_1_U8/tmp_product__1                   | MULT.dsp.DSP48E1     |
    | grp_MM_Pipeline_VITIS_LOOP_70_8_fu_7202/mul_32s_32s_32_1_1_U8/mul_ln75_6_reg_13678[19]_i_4     | LUT.others.LUT2      |
    | grp_MM_Pipeline_VITIS_LOOP_70_8_fu_7202/mul_32s_32s_32_1_1_U8/mul_ln75_6_reg_13678_reg[19]_i_1 | CARRY.others.CARRY4  |
    | grp_MM_Pipeline_VITIS_LOOP_70_8_fu_7202/mul_32s_32s_32_1_1_U8/mul_ln75_6_reg_13678_reg[23]_i_1 | CARRY.others.CARRY4  |
    | grp_MM_Pipeline_VITIS_LOOP_70_8_fu_7202/mul_32s_32s_32_1_1_U8/mul_ln75_6_reg_13678_reg[27]_i_1 | CARRY.others.CARRY4  |
    | grp_MM_Pipeline_VITIS_LOOP_70_8_fu_7202/mul_32s_32s_32_1_1_U8/mul_ln75_6_reg_13678_reg[31]_i_1 | CARRY.others.CARRY4  |
    | grp_MM_Pipeline_VITIS_LOOP_70_8_fu_7202/mul_ln75_6_reg_13678_reg[29]                           | FLOP_LATCH.flop.FDRE |
    | grp_MM_Pipeline_VITIS_LOOP_70_8_fu_7202/mul_32s_32s_32_1_1_U5/tmp_product__0                   | MULT.dsp.DSP48E1     |
    | grp_MM_Pipeline_VITIS_LOOP_70_8_fu_7202/mul_32s_32s_32_1_1_U5/tmp_product__1                   | MULT.dsp.DSP48E1     |
    | grp_MM_Pipeline_VITIS_LOOP_70_8_fu_7202/mul_32s_32s_32_1_1_U5/mul_ln75_3_reg_13663[19]_i_4     | LUT.others.LUT2      |
    | grp_MM_Pipeline_VITIS_LOOP_70_8_fu_7202/mul_32s_32s_32_1_1_U5/mul_ln75_3_reg_13663_reg[19]_i_1 | CARRY.others.CARRY4  |
    | grp_MM_Pipeline_VITIS_LOOP_70_8_fu_7202/mul_32s_32s_32_1_1_U5/mul_ln75_3_reg_13663_reg[23]_i_1 | CARRY.others.CARRY4  |
    | grp_MM_Pipeline_VITIS_LOOP_70_8_fu_7202/mul_32s_32s_32_1_1_U5/mul_ln75_3_reg_13663_reg[27]_i_1 | CARRY.others.CARRY4  |
    | grp_MM_Pipeline_VITIS_LOOP_70_8_fu_7202/mul_32s_32s_32_1_1_U5/mul_ln75_3_reg_13663_reg[31]_i_1 | CARRY.others.CARRY4  |
    | grp_MM_Pipeline_VITIS_LOOP_70_8_fu_7202/mul_ln75_3_reg_13663_reg[31]                           | FLOP_LATCH.flop.FDRE |
    | grp_MM_Pipeline_VITIS_LOOP_70_8_fu_7202/mul_32s_32s_32_1_1_U8/tmp_product__0                   | MULT.dsp.DSP48E1     |
    | grp_MM_Pipeline_VITIS_LOOP_70_8_fu_7202/mul_32s_32s_32_1_1_U8/tmp_product__1                   | MULT.dsp.DSP48E1     |
    | grp_MM_Pipeline_VITIS_LOOP_70_8_fu_7202/mul_32s_32s_32_1_1_U8/mul_ln75_6_reg_13678[19]_i_4     | LUT.others.LUT2      |
    | grp_MM_Pipeline_VITIS_LOOP_70_8_fu_7202/mul_32s_32s_32_1_1_U8/mul_ln75_6_reg_13678_reg[19]_i_1 | CARRY.others.CARRY4  |
    | grp_MM_Pipeline_VITIS_LOOP_70_8_fu_7202/mul_32s_32s_32_1_1_U8/mul_ln75_6_reg_13678_reg[23]_i_1 | CARRY.others.CARRY4  |
    | grp_MM_Pipeline_VITIS_LOOP_70_8_fu_7202/mul_32s_32s_32_1_1_U8/mul_ln75_6_reg_13678_reg[27]_i_1 | CARRY.others.CARRY4  |
    | grp_MM_Pipeline_VITIS_LOOP_70_8_fu_7202/mul_32s_32s_32_1_1_U8/mul_ln75_6_reg_13678_reg[31]_i_1 | CARRY.others.CARRY4  |
    | grp_MM_Pipeline_VITIS_LOOP_70_8_fu_7202/mul_ln75_6_reg_13678_reg[31]                           | FLOP_LATCH.flop.FDRE |
    | grp_MM_Pipeline_VITIS_LOOP_70_8_fu_7202/mul_32s_32s_32_1_1_U5/tmp_product__0                   | MULT.dsp.DSP48E1     |
    | grp_MM_Pipeline_VITIS_LOOP_70_8_fu_7202/mul_32s_32s_32_1_1_U5/tmp_product__1                   | MULT.dsp.DSP48E1     |
    | grp_MM_Pipeline_VITIS_LOOP_70_8_fu_7202/mul_32s_32s_32_1_1_U5/mul_ln75_3_reg_13663[19]_i_4     | LUT.others.LUT2      |
    | grp_MM_Pipeline_VITIS_LOOP_70_8_fu_7202/mul_32s_32s_32_1_1_U5/mul_ln75_3_reg_13663_reg[19]_i_1 | CARRY.others.CARRY4  |
    | grp_MM_Pipeline_VITIS_LOOP_70_8_fu_7202/mul_32s_32s_32_1_1_U5/mul_ln75_3_reg_13663_reg[23]_i_1 | CARRY.others.CARRY4  |
    | grp_MM_Pipeline_VITIS_LOOP_70_8_fu_7202/mul_32s_32s_32_1_1_U5/mul_ln75_3_reg_13663_reg[27]_i_1 | CARRY.others.CARRY4  |
    | grp_MM_Pipeline_VITIS_LOOP_70_8_fu_7202/mul_32s_32s_32_1_1_U5/mul_ln75_3_reg_13663_reg[31]_i_1 | CARRY.others.CARRY4  |
    | grp_MM_Pipeline_VITIS_LOOP_70_8_fu_7202/mul_ln75_3_reg_13663_reg[30]                           | FLOP_LATCH.flop.FDRE |
    +------------------------------------------------------------------------------------------------+----------------------+

    +------------------------------------------------------------------------------------------------+----------------------+
    | Path3 Cells                                                                                    | Primitive Type       |
    +------------------------------------------------------------------------------------------------+----------------------+
    | grp_MM_Pipeline_VITIS_LOOP_70_8_fu_7202/mul_32s_32s_32_1_1_U5/tmp_product__0                   | MULT.dsp.DSP48E1     |
    | grp_MM_Pipeline_VITIS_LOOP_70_8_fu_7202/mul_32s_32s_32_1_1_U5/tmp_product__1                   | MULT.dsp.DSP48E1     |
    | grp_MM_Pipeline_VITIS_LOOP_70_8_fu_7202/mul_32s_32s_32_1_1_U5/mul_ln75_3_reg_13663[19]_i_4     | LUT.others.LUT2      |
    | grp_MM_Pipeline_VITIS_LOOP_70_8_fu_7202/mul_32s_32s_32_1_1_U5/mul_ln75_3_reg_13663_reg[19]_i_1 | CARRY.others.CARRY4  |
    | grp_MM_Pipeline_VITIS_LOOP_70_8_fu_7202/mul_32s_32s_32_1_1_U5/mul_ln75_3_reg_13663_reg[23]_i_1 | CARRY.others.CARRY4  |
    | grp_MM_Pipeline_VITIS_LOOP_70_8_fu_7202/mul_32s_32s_32_1_1_U5/mul_ln75_3_reg_13663_reg[27]_i_1 | CARRY.others.CARRY4  |
    | grp_MM_Pipeline_VITIS_LOOP_70_8_fu_7202/mul_32s_32s_32_1_1_U5/mul_ln75_3_reg_13663_reg[31]_i_1 | CARRY.others.CARRY4  |
    | grp_MM_Pipeline_VITIS_LOOP_70_8_fu_7202/mul_ln75_3_reg_13663_reg[29]                           | FLOP_LATCH.flop.FDRE |
    | grp_MM_Pipeline_VITIS_LOOP_70_8_fu_7202/mul_32s_32s_32_1_1_U8/tmp_product__0                   | MULT.dsp.DSP48E1     |
    | grp_MM_Pipeline_VITIS_LOOP_70_8_fu_7202/mul_32s_32s_32_1_1_U8/tmp_product__1                   | MULT.dsp.DSP48E1     |
    | grp_MM_Pipeline_VITIS_LOOP_70_8_fu_7202/mul_32s_32s_32_1_1_U8/mul_ln75_6_reg_13678[19]_i_4     | LUT.others.LUT2      |
    | grp_MM_Pipeline_VITIS_LOOP_70_8_fu_7202/mul_32s_32s_32_1_1_U8/mul_ln75_6_reg_13678_reg[19]_i_1 | CARRY.others.CARRY4  |
    | grp_MM_Pipeline_VITIS_LOOP_70_8_fu_7202/mul_32s_32s_32_1_1_U8/mul_ln75_6_reg_13678_reg[23]_i_1 | CARRY.others.CARRY4  |
    | grp_MM_Pipeline_VITIS_LOOP_70_8_fu_7202/mul_32s_32s_32_1_1_U8/mul_ln75_6_reg_13678_reg[27]_i_1 | CARRY.others.CARRY4  |
    | grp_MM_Pipeline_VITIS_LOOP_70_8_fu_7202/mul_32s_32s_32_1_1_U8/mul_ln75_6_reg_13678_reg[31]_i_1 | CARRY.others.CARRY4  |
    | grp_MM_Pipeline_VITIS_LOOP_70_8_fu_7202/mul_ln75_6_reg_13678_reg[29]                           | FLOP_LATCH.flop.FDRE |
    | grp_MM_Pipeline_VITIS_LOOP_70_8_fu_7202/mul_32s_32s_32_1_1_U5/tmp_product__0                   | MULT.dsp.DSP48E1     |
    | grp_MM_Pipeline_VITIS_LOOP_70_8_fu_7202/mul_32s_32s_32_1_1_U5/tmp_product__1                   | MULT.dsp.DSP48E1     |
    | grp_MM_Pipeline_VITIS_LOOP_70_8_fu_7202/mul_32s_32s_32_1_1_U5/mul_ln75_3_reg_13663[19]_i_4     | LUT.others.LUT2      |
    | grp_MM_Pipeline_VITIS_LOOP_70_8_fu_7202/mul_32s_32s_32_1_1_U5/mul_ln75_3_reg_13663_reg[19]_i_1 | CARRY.others.CARRY4  |
    | grp_MM_Pipeline_VITIS_LOOP_70_8_fu_7202/mul_32s_32s_32_1_1_U5/mul_ln75_3_reg_13663_reg[23]_i_1 | CARRY.others.CARRY4  |
    | grp_MM_Pipeline_VITIS_LOOP_70_8_fu_7202/mul_32s_32s_32_1_1_U5/mul_ln75_3_reg_13663_reg[27]_i_1 | CARRY.others.CARRY4  |
    | grp_MM_Pipeline_VITIS_LOOP_70_8_fu_7202/mul_32s_32s_32_1_1_U5/mul_ln75_3_reg_13663_reg[31]_i_1 | CARRY.others.CARRY4  |
    | grp_MM_Pipeline_VITIS_LOOP_70_8_fu_7202/mul_ln75_3_reg_13663_reg[31]                           | FLOP_LATCH.flop.FDRE |
    | grp_MM_Pipeline_VITIS_LOOP_70_8_fu_7202/mul_32s_32s_32_1_1_U8/tmp_product__0                   | MULT.dsp.DSP48E1     |
    | grp_MM_Pipeline_VITIS_LOOP_70_8_fu_7202/mul_32s_32s_32_1_1_U8/tmp_product__1                   | MULT.dsp.DSP48E1     |
    | grp_MM_Pipeline_VITIS_LOOP_70_8_fu_7202/mul_32s_32s_32_1_1_U8/mul_ln75_6_reg_13678[19]_i_4     | LUT.others.LUT2      |
    | grp_MM_Pipeline_VITIS_LOOP_70_8_fu_7202/mul_32s_32s_32_1_1_U8/mul_ln75_6_reg_13678_reg[19]_i_1 | CARRY.others.CARRY4  |
    | grp_MM_Pipeline_VITIS_LOOP_70_8_fu_7202/mul_32s_32s_32_1_1_U8/mul_ln75_6_reg_13678_reg[23]_i_1 | CARRY.others.CARRY4  |
    | grp_MM_Pipeline_VITIS_LOOP_70_8_fu_7202/mul_32s_32s_32_1_1_U8/mul_ln75_6_reg_13678_reg[27]_i_1 | CARRY.others.CARRY4  |
    | grp_MM_Pipeline_VITIS_LOOP_70_8_fu_7202/mul_32s_32s_32_1_1_U8/mul_ln75_6_reg_13678_reg[31]_i_1 | CARRY.others.CARRY4  |
    | grp_MM_Pipeline_VITIS_LOOP_70_8_fu_7202/mul_ln75_6_reg_13678_reg[31]                           | FLOP_LATCH.flop.FDRE |
    | grp_MM_Pipeline_VITIS_LOOP_70_8_fu_7202/mul_32s_32s_32_1_1_U5/tmp_product__0                   | MULT.dsp.DSP48E1     |
    | grp_MM_Pipeline_VITIS_LOOP_70_8_fu_7202/mul_32s_32s_32_1_1_U5/tmp_product__1                   | MULT.dsp.DSP48E1     |
    | grp_MM_Pipeline_VITIS_LOOP_70_8_fu_7202/mul_32s_32s_32_1_1_U5/mul_ln75_3_reg_13663[19]_i_4     | LUT.others.LUT2      |
    | grp_MM_Pipeline_VITIS_LOOP_70_8_fu_7202/mul_32s_32s_32_1_1_U5/mul_ln75_3_reg_13663_reg[19]_i_1 | CARRY.others.CARRY4  |
    | grp_MM_Pipeline_VITIS_LOOP_70_8_fu_7202/mul_32s_32s_32_1_1_U5/mul_ln75_3_reg_13663_reg[23]_i_1 | CARRY.others.CARRY4  |
    | grp_MM_Pipeline_VITIS_LOOP_70_8_fu_7202/mul_32s_32s_32_1_1_U5/mul_ln75_3_reg_13663_reg[27]_i_1 | CARRY.others.CARRY4  |
    | grp_MM_Pipeline_VITIS_LOOP_70_8_fu_7202/mul_32s_32s_32_1_1_U5/mul_ln75_3_reg_13663_reg[31]_i_1 | CARRY.others.CARRY4  |
    | grp_MM_Pipeline_VITIS_LOOP_70_8_fu_7202/mul_ln75_3_reg_13663_reg[30]                           | FLOP_LATCH.flop.FDRE |
    +------------------------------------------------------------------------------------------------+----------------------+

    +------------------------------------------------------------------------------------------------+----------------------+
    | Path4 Cells                                                                                    | Primitive Type       |
    +------------------------------------------------------------------------------------------------+----------------------+
    | grp_MM_Pipeline_VITIS_LOOP_70_8_fu_7202/mul_32s_32s_32_1_1_U5/tmp_product__0                   | MULT.dsp.DSP48E1     |
    | grp_MM_Pipeline_VITIS_LOOP_70_8_fu_7202/mul_32s_32s_32_1_1_U5/tmp_product__1                   | MULT.dsp.DSP48E1     |
    | grp_MM_Pipeline_VITIS_LOOP_70_8_fu_7202/mul_32s_32s_32_1_1_U5/mul_ln75_3_reg_13663[19]_i_4     | LUT.others.LUT2      |
    | grp_MM_Pipeline_VITIS_LOOP_70_8_fu_7202/mul_32s_32s_32_1_1_U5/mul_ln75_3_reg_13663_reg[19]_i_1 | CARRY.others.CARRY4  |
    | grp_MM_Pipeline_VITIS_LOOP_70_8_fu_7202/mul_32s_32s_32_1_1_U5/mul_ln75_3_reg_13663_reg[23]_i_1 | CARRY.others.CARRY4  |
    | grp_MM_Pipeline_VITIS_LOOP_70_8_fu_7202/mul_32s_32s_32_1_1_U5/mul_ln75_3_reg_13663_reg[27]_i_1 | CARRY.others.CARRY4  |
    | grp_MM_Pipeline_VITIS_LOOP_70_8_fu_7202/mul_32s_32s_32_1_1_U5/mul_ln75_3_reg_13663_reg[31]_i_1 | CARRY.others.CARRY4  |
    | grp_MM_Pipeline_VITIS_LOOP_70_8_fu_7202/mul_ln75_3_reg_13663_reg[29]                           | FLOP_LATCH.flop.FDRE |
    | grp_MM_Pipeline_VITIS_LOOP_70_8_fu_7202/mul_32s_32s_32_1_1_U8/tmp_product__0                   | MULT.dsp.DSP48E1     |
    | grp_MM_Pipeline_VITIS_LOOP_70_8_fu_7202/mul_32s_32s_32_1_1_U8/tmp_product__1                   | MULT.dsp.DSP48E1     |
    | grp_MM_Pipeline_VITIS_LOOP_70_8_fu_7202/mul_32s_32s_32_1_1_U8/mul_ln75_6_reg_13678[19]_i_4     | LUT.others.LUT2      |
    | grp_MM_Pipeline_VITIS_LOOP_70_8_fu_7202/mul_32s_32s_32_1_1_U8/mul_ln75_6_reg_13678_reg[19]_i_1 | CARRY.others.CARRY4  |
    | grp_MM_Pipeline_VITIS_LOOP_70_8_fu_7202/mul_32s_32s_32_1_1_U8/mul_ln75_6_reg_13678_reg[23]_i_1 | CARRY.others.CARRY4  |
    | grp_MM_Pipeline_VITIS_LOOP_70_8_fu_7202/mul_32s_32s_32_1_1_U8/mul_ln75_6_reg_13678_reg[27]_i_1 | CARRY.others.CARRY4  |
    | grp_MM_Pipeline_VITIS_LOOP_70_8_fu_7202/mul_32s_32s_32_1_1_U8/mul_ln75_6_reg_13678_reg[31]_i_1 | CARRY.others.CARRY4  |
    | grp_MM_Pipeline_VITIS_LOOP_70_8_fu_7202/mul_ln75_6_reg_13678_reg[29]                           | FLOP_LATCH.flop.FDRE |
    | grp_MM_Pipeline_VITIS_LOOP_70_8_fu_7202/mul_32s_32s_32_1_1_U5/tmp_product__0                   | MULT.dsp.DSP48E1     |
    | grp_MM_Pipeline_VITIS_LOOP_70_8_fu_7202/mul_32s_32s_32_1_1_U5/tmp_product__1                   | MULT.dsp.DSP48E1     |
    | grp_MM_Pipeline_VITIS_LOOP_70_8_fu_7202/mul_32s_32s_32_1_1_U5/mul_ln75_3_reg_13663[19]_i_4     | LUT.others.LUT2      |
    | grp_MM_Pipeline_VITIS_LOOP_70_8_fu_7202/mul_32s_32s_32_1_1_U5/mul_ln75_3_reg_13663_reg[19]_i_1 | CARRY.others.CARRY4  |
    | grp_MM_Pipeline_VITIS_LOOP_70_8_fu_7202/mul_32s_32s_32_1_1_U5/mul_ln75_3_reg_13663_reg[23]_i_1 | CARRY.others.CARRY4  |
    | grp_MM_Pipeline_VITIS_LOOP_70_8_fu_7202/mul_32s_32s_32_1_1_U5/mul_ln75_3_reg_13663_reg[27]_i_1 | CARRY.others.CARRY4  |
    | grp_MM_Pipeline_VITIS_LOOP_70_8_fu_7202/mul_32s_32s_32_1_1_U5/mul_ln75_3_reg_13663_reg[31]_i_1 | CARRY.others.CARRY4  |
    | grp_MM_Pipeline_VITIS_LOOP_70_8_fu_7202/mul_ln75_3_reg_13663_reg[31]                           | FLOP_LATCH.flop.FDRE |
    | grp_MM_Pipeline_VITIS_LOOP_70_8_fu_7202/mul_32s_32s_32_1_1_U8/tmp_product__0                   | MULT.dsp.DSP48E1     |
    | grp_MM_Pipeline_VITIS_LOOP_70_8_fu_7202/mul_32s_32s_32_1_1_U8/tmp_product__1                   | MULT.dsp.DSP48E1     |
    | grp_MM_Pipeline_VITIS_LOOP_70_8_fu_7202/mul_32s_32s_32_1_1_U8/mul_ln75_6_reg_13678[19]_i_4     | LUT.others.LUT2      |
    | grp_MM_Pipeline_VITIS_LOOP_70_8_fu_7202/mul_32s_32s_32_1_1_U8/mul_ln75_6_reg_13678_reg[19]_i_1 | CARRY.others.CARRY4  |
    | grp_MM_Pipeline_VITIS_LOOP_70_8_fu_7202/mul_32s_32s_32_1_1_U8/mul_ln75_6_reg_13678_reg[23]_i_1 | CARRY.others.CARRY4  |
    | grp_MM_Pipeline_VITIS_LOOP_70_8_fu_7202/mul_32s_32s_32_1_1_U8/mul_ln75_6_reg_13678_reg[27]_i_1 | CARRY.others.CARRY4  |
    | grp_MM_Pipeline_VITIS_LOOP_70_8_fu_7202/mul_32s_32s_32_1_1_U8/mul_ln75_6_reg_13678_reg[31]_i_1 | CARRY.others.CARRY4  |
    | grp_MM_Pipeline_VITIS_LOOP_70_8_fu_7202/mul_ln75_6_reg_13678_reg[31]                           | FLOP_LATCH.flop.FDRE |
    | grp_MM_Pipeline_VITIS_LOOP_70_8_fu_7202/mul_32s_32s_32_1_1_U5/tmp_product__0                   | MULT.dsp.DSP48E1     |
    | grp_MM_Pipeline_VITIS_LOOP_70_8_fu_7202/mul_32s_32s_32_1_1_U5/tmp_product__1                   | MULT.dsp.DSP48E1     |
    | grp_MM_Pipeline_VITIS_LOOP_70_8_fu_7202/mul_32s_32s_32_1_1_U5/mul_ln75_3_reg_13663[19]_i_4     | LUT.others.LUT2      |
    | grp_MM_Pipeline_VITIS_LOOP_70_8_fu_7202/mul_32s_32s_32_1_1_U5/mul_ln75_3_reg_13663_reg[19]_i_1 | CARRY.others.CARRY4  |
    | grp_MM_Pipeline_VITIS_LOOP_70_8_fu_7202/mul_32s_32s_32_1_1_U5/mul_ln75_3_reg_13663_reg[23]_i_1 | CARRY.others.CARRY4  |
    | grp_MM_Pipeline_VITIS_LOOP_70_8_fu_7202/mul_32s_32s_32_1_1_U5/mul_ln75_3_reg_13663_reg[27]_i_1 | CARRY.others.CARRY4  |
    | grp_MM_Pipeline_VITIS_LOOP_70_8_fu_7202/mul_32s_32s_32_1_1_U5/mul_ln75_3_reg_13663_reg[31]_i_1 | CARRY.others.CARRY4  |
    | grp_MM_Pipeline_VITIS_LOOP_70_8_fu_7202/mul_ln75_3_reg_13663_reg[30]                           | FLOP_LATCH.flop.FDRE |
    +------------------------------------------------------------------------------------------------+----------------------+

    +------------------------------------------------------------------------------------------------+----------------------+
    | Path5 Cells                                                                                    | Primitive Type       |
    +------------------------------------------------------------------------------------------------+----------------------+
    | grp_MM_Pipeline_VITIS_LOOP_70_8_fu_7202/mul_32s_32s_32_1_1_U5/tmp_product__0                   | MULT.dsp.DSP48E1     |
    | grp_MM_Pipeline_VITIS_LOOP_70_8_fu_7202/mul_32s_32s_32_1_1_U5/tmp_product__1                   | MULT.dsp.DSP48E1     |
    | grp_MM_Pipeline_VITIS_LOOP_70_8_fu_7202/mul_32s_32s_32_1_1_U5/mul_ln75_3_reg_13663[19]_i_4     | LUT.others.LUT2      |
    | grp_MM_Pipeline_VITIS_LOOP_70_8_fu_7202/mul_32s_32s_32_1_1_U5/mul_ln75_3_reg_13663_reg[19]_i_1 | CARRY.others.CARRY4  |
    | grp_MM_Pipeline_VITIS_LOOP_70_8_fu_7202/mul_32s_32s_32_1_1_U5/mul_ln75_3_reg_13663_reg[23]_i_1 | CARRY.others.CARRY4  |
    | grp_MM_Pipeline_VITIS_LOOP_70_8_fu_7202/mul_32s_32s_32_1_1_U5/mul_ln75_3_reg_13663_reg[27]_i_1 | CARRY.others.CARRY4  |
    | grp_MM_Pipeline_VITIS_LOOP_70_8_fu_7202/mul_32s_32s_32_1_1_U5/mul_ln75_3_reg_13663_reg[31]_i_1 | CARRY.others.CARRY4  |
    | grp_MM_Pipeline_VITIS_LOOP_70_8_fu_7202/mul_ln75_3_reg_13663_reg[29]                           | FLOP_LATCH.flop.FDRE |
    | grp_MM_Pipeline_VITIS_LOOP_70_8_fu_7202/mul_32s_32s_32_1_1_U8/tmp_product__0                   | MULT.dsp.DSP48E1     |
    | grp_MM_Pipeline_VITIS_LOOP_70_8_fu_7202/mul_32s_32s_32_1_1_U8/tmp_product__1                   | MULT.dsp.DSP48E1     |
    | grp_MM_Pipeline_VITIS_LOOP_70_8_fu_7202/mul_32s_32s_32_1_1_U8/mul_ln75_6_reg_13678[19]_i_4     | LUT.others.LUT2      |
    | grp_MM_Pipeline_VITIS_LOOP_70_8_fu_7202/mul_32s_32s_32_1_1_U8/mul_ln75_6_reg_13678_reg[19]_i_1 | CARRY.others.CARRY4  |
    | grp_MM_Pipeline_VITIS_LOOP_70_8_fu_7202/mul_32s_32s_32_1_1_U8/mul_ln75_6_reg_13678_reg[23]_i_1 | CARRY.others.CARRY4  |
    | grp_MM_Pipeline_VITIS_LOOP_70_8_fu_7202/mul_32s_32s_32_1_1_U8/mul_ln75_6_reg_13678_reg[27]_i_1 | CARRY.others.CARRY4  |
    | grp_MM_Pipeline_VITIS_LOOP_70_8_fu_7202/mul_32s_32s_32_1_1_U8/mul_ln75_6_reg_13678_reg[31]_i_1 | CARRY.others.CARRY4  |
    | grp_MM_Pipeline_VITIS_LOOP_70_8_fu_7202/mul_ln75_6_reg_13678_reg[29]                           | FLOP_LATCH.flop.FDRE |
    | grp_MM_Pipeline_VITIS_LOOP_70_8_fu_7202/mul_32s_32s_32_1_1_U5/tmp_product__0                   | MULT.dsp.DSP48E1     |
    | grp_MM_Pipeline_VITIS_LOOP_70_8_fu_7202/mul_32s_32s_32_1_1_U5/tmp_product__1                   | MULT.dsp.DSP48E1     |
    | grp_MM_Pipeline_VITIS_LOOP_70_8_fu_7202/mul_32s_32s_32_1_1_U5/mul_ln75_3_reg_13663[19]_i_4     | LUT.others.LUT2      |
    | grp_MM_Pipeline_VITIS_LOOP_70_8_fu_7202/mul_32s_32s_32_1_1_U5/mul_ln75_3_reg_13663_reg[19]_i_1 | CARRY.others.CARRY4  |
    | grp_MM_Pipeline_VITIS_LOOP_70_8_fu_7202/mul_32s_32s_32_1_1_U5/mul_ln75_3_reg_13663_reg[23]_i_1 | CARRY.others.CARRY4  |
    | grp_MM_Pipeline_VITIS_LOOP_70_8_fu_7202/mul_32s_32s_32_1_1_U5/mul_ln75_3_reg_13663_reg[27]_i_1 | CARRY.others.CARRY4  |
    | grp_MM_Pipeline_VITIS_LOOP_70_8_fu_7202/mul_32s_32s_32_1_1_U5/mul_ln75_3_reg_13663_reg[31]_i_1 | CARRY.others.CARRY4  |
    | grp_MM_Pipeline_VITIS_LOOP_70_8_fu_7202/mul_ln75_3_reg_13663_reg[31]                           | FLOP_LATCH.flop.FDRE |
    | grp_MM_Pipeline_VITIS_LOOP_70_8_fu_7202/mul_32s_32s_32_1_1_U8/tmp_product__0                   | MULT.dsp.DSP48E1     |
    | grp_MM_Pipeline_VITIS_LOOP_70_8_fu_7202/mul_32s_32s_32_1_1_U8/tmp_product__1                   | MULT.dsp.DSP48E1     |
    | grp_MM_Pipeline_VITIS_LOOP_70_8_fu_7202/mul_32s_32s_32_1_1_U8/mul_ln75_6_reg_13678[19]_i_4     | LUT.others.LUT2      |
    | grp_MM_Pipeline_VITIS_LOOP_70_8_fu_7202/mul_32s_32s_32_1_1_U8/mul_ln75_6_reg_13678_reg[19]_i_1 | CARRY.others.CARRY4  |
    | grp_MM_Pipeline_VITIS_LOOP_70_8_fu_7202/mul_32s_32s_32_1_1_U8/mul_ln75_6_reg_13678_reg[23]_i_1 | CARRY.others.CARRY4  |
    | grp_MM_Pipeline_VITIS_LOOP_70_8_fu_7202/mul_32s_32s_32_1_1_U8/mul_ln75_6_reg_13678_reg[27]_i_1 | CARRY.others.CARRY4  |
    | grp_MM_Pipeline_VITIS_LOOP_70_8_fu_7202/mul_32s_32s_32_1_1_U8/mul_ln75_6_reg_13678_reg[31]_i_1 | CARRY.others.CARRY4  |
    | grp_MM_Pipeline_VITIS_LOOP_70_8_fu_7202/mul_ln75_6_reg_13678_reg[31]                           | FLOP_LATCH.flop.FDRE |
    | grp_MM_Pipeline_VITIS_LOOP_70_8_fu_7202/mul_32s_32s_32_1_1_U5/tmp_product__0                   | MULT.dsp.DSP48E1     |
    | grp_MM_Pipeline_VITIS_LOOP_70_8_fu_7202/mul_32s_32s_32_1_1_U5/tmp_product__1                   | MULT.dsp.DSP48E1     |
    | grp_MM_Pipeline_VITIS_LOOP_70_8_fu_7202/mul_32s_32s_32_1_1_U5/mul_ln75_3_reg_13663[19]_i_4     | LUT.others.LUT2      |
    | grp_MM_Pipeline_VITIS_LOOP_70_8_fu_7202/mul_32s_32s_32_1_1_U5/mul_ln75_3_reg_13663_reg[19]_i_1 | CARRY.others.CARRY4  |
    | grp_MM_Pipeline_VITIS_LOOP_70_8_fu_7202/mul_32s_32s_32_1_1_U5/mul_ln75_3_reg_13663_reg[23]_i_1 | CARRY.others.CARRY4  |
    | grp_MM_Pipeline_VITIS_LOOP_70_8_fu_7202/mul_32s_32s_32_1_1_U5/mul_ln75_3_reg_13663_reg[27]_i_1 | CARRY.others.CARRY4  |
    | grp_MM_Pipeline_VITIS_LOOP_70_8_fu_7202/mul_32s_32s_32_1_1_U5/mul_ln75_3_reg_13663_reg[31]_i_1 | CARRY.others.CARRY4  |
    | grp_MM_Pipeline_VITIS_LOOP_70_8_fu_7202/mul_ln75_3_reg_13663_reg[30]                           | FLOP_LATCH.flop.FDRE |
    +------------------------------------------------------------------------------------------------+----------------------+


================================================================
== RTL Synthesis Vivado Reports
================================================================
+--------------------------+-----------------------------------------------------------+
| Report Type              | Report Location                                           |
+--------------------------+-----------------------------------------------------------+
| design_analysis          | impl/verilog/report/MM_design_analysis_synth.rpt          |
| failfast                 | impl/verilog/report/MM_failfast_synth.rpt                 |
| power                    | impl/verilog/report/MM_power_synth.rpt                    |
| timing                   | impl/verilog/report/MM_timing_synth.rpt                   |
| timing_paths             | impl/verilog/report/MM_timing_paths_synth.rpt             |
| utilization              | impl/verilog/report/MM_utilization_synth.rpt              |
| utilization_hierarchical | impl/verilog/report/MM_utilization_hierarchical_synth.rpt |
+--------------------------+-----------------------------------------------------------+


