================================================================
== Vivado Place & Route Results
================================================================
+ General Information:
    * Date:            Mon Apr 06 22:46:50 -0700 2026
    * Version:         2025.1 (Build 6135595 on May 21 2025)
    * Project:         baseline_blockedMM
    * Solution:        hls (Vivado IP Flow Target)
    * Product family:  zynq
    * Target device:   xc7z020-clg400-1


================================================================
== Run Constraints & Options
================================================================
+ Design Constraints & Options:
    * Place & Route target clock:  10 ns
    * C-Synthesis uncertainty:     27%

+ RTL Synthesis Options:
    * config_export -vivado_synth_strategy:     default
    * config_export -vivado_synth_design_args:  -directive sdx_optimization_effort_high

+ Place & Route Options:
    * config_export -vivado_impl_strategy:  default
    * config_export -vivado_phys_opt:       auto

+ Reporting Options:
    * config_export -vivado_report_level:      2
    * config_export -vivado_max_timing_paths:  10


================================================================
== Place & Route Resource Summary
================================================================
LUT:              2671
FF:               4192
DSP:              9
BRAM:             2
URAM:             0
SRL:              145


================================================================
== Place & Route Timing Summary
================================================================
* Timing was met
+----------------+-------------+
| Timing         | Period (ns) |
+----------------+-------------+
| Target         | 10.000      |
| Post-Synthesis | 5.745       |
| Post-Route     | 6.336       |
+----------------+-------------+


================================================================
== Place & Route Resources
================================================================
+--------------------------+------+------+-----+------+------+-----+--------+------+---------+----------+--------+
| Name                     | LUT  | FF   | DSP | BRAM | URAM | SRL | Pragma | Impl | Latency | Variable | Source |
+--------------------------+------+------+-----+------+------+-----+--------+------+---------+----------+--------+
| inst                     | 2671 | 4192 | 9   | 2    |      |     |        |      |         |          |        |
|   (inst)                 | 634  | 1947 |     |      |      |     |        |      |         |          |        |
|   AB_block_U             | 76   |      |     | 1    |      |     |        |      |         |          |        |
|   control_s_axi_U        | 622  | 406  |     |      |      |     |        |      |         |          |        |
|   gmem_m_axi_U           | 1263 | 1771 |     | 1    |      |     |        |      |         |          |        |
|   mul_32ns_32s_62_2_1_U1 |      |      |     |      |      |     |        |      |         |          |        |
|   mul_32s_32s_32_2_1_U2  |      |      |     |      |      |     |        |      |         |          |        |
|   mul_5ns_32s_37_2_1_U3  |      |      |     |      |      |     |        |      |         |          |        |
+--------------------------+------+------+-----+------+------+-----+--------+------+---------+----------+--------+


================================================================
== Place & Route Fail Fast
================================================================
+-----------------------------------------------------------+-----------+--------+--------+
| Criteria                                                  | Guideline | Actual | Status |
+-----------------------------------------------------------+-----------+--------+--------+
| LUT                                                       | 70%       | 5.02%  | OK     |
| FD                                                        | 50%       | 3.94%  | OK     |
| LUTRAM+SRL                                                | 25%       | 0.83%  | OK     |
| MUXF7                                                     | 15%       | 0.00%  | OK     |
| DSP                                                       | 80%       | 4.09%  | OK     |
| RAMB/FIFO                                                 | 80%       | 0.71%  | OK     |
| DSP+RAMB+URAM (Avg)                                       | 70%       | 2.40%  | OK     |
| BUFGCE* + BUFGCTRL                                        | 24        | 0      | OK     |
| DONT_TOUCH (cells/nets)                                   | 0         | 0      | OK     |
| MARK_DEBUG (nets)                                         | 0         | 0      | OK     |
| Control Sets                                              | 998       | 123    | OK     |
| Average Fanout for modules > 100k cells                   | 4         | 2.43   | OK     |
| Max Average Fanout for modules > 100k cells               | 4         | 0      | OK     |
| Non-FD high fanout nets > 10k loads                       | 0         | 0      | OK     |
+-----------------------------------------------------------+-----------+--------+--------+
| TIMING-6 (No common primary clock between related clocks) | 0         | 0      | OK     |
| TIMING-7 (No common node between related clocks)          | 0         | 0      | OK     |
| TIMING-8 (No common period between related clocks)        | 0         | 0      | OK     |
| TIMING-14 (LUT on the clock tree)                         | 0         | 0      | OK     |
| TIMING-35 (No common node in paths with the same clock)   | 0         | 0      | OK     |
+-----------------------------------------------------------+-----------+--------+--------+
| Number of paths above max LUT budgeting (0.575ns)         | 0         | 0      | OK     |
| Number of paths above max Net budgeting (0.403ns)         | 0         | 0      | OK     |
+-----------------------------------------------------------+-----------+--------+--------+


================================================================
== Place & Route Timing Paths
================================================================
* Timing was met
+-------+-------+------------------------------+-----------------------------+--------------+------------+----------------+----------------+--------------+
| Path  | SLACK | STARTPOINT PIN               | ENDPOINT PIN                | LOGIC LEVELS | MAX FANOUT | DATAPATH DELAY | DATAPATH LOGIC | DATAPATH NET |
|       |       |                              |                             |              |            |                |          DELAY |        DELAY |
+-------+-------+------------------------------+-----------------------------+--------------+------------+----------------+----------------+--------------+
| Path1 | 3.664 | zext_ln43_reg_1357_reg[13]/C | empty_50_reg_1404_reg[61]/D |           16 |          4 |          6.314 |          3.791 |        2.523 |
| Path2 | 3.775 | zext_ln43_reg_1357_reg[13]/C | empty_50_reg_1404_reg[60]/D |           16 |          4 |          6.203 |          3.680 |        2.523 |
| Path3 | 3.778 | zext_ln43_reg_1357_reg[13]/C | empty_50_reg_1404_reg[57]/D |           15 |          4 |          6.200 |          3.677 |        2.523 |
| Path4 | 3.798 | div2_reg_1251_reg[1]/C       | phi_mul19_fu_174_reg[32]/CE |            6 |         85 |          5.746 |          1.950 |        3.796 |
| Path5 | 3.798 | div2_reg_1251_reg[1]/C       | phi_mul19_fu_174_reg[33]/CE |            6 |         85 |          5.746 |          1.950 |        3.796 |
+-------+-------+------------------------------+-----------------------------+--------------+------------+----------------+----------------+--------------+

    +----------------------------------------------------------+----------------------+
    | Path1 Cells                                              | Primitive Type       |
    +----------------------------------------------------------+----------------------+
    | zext_ln43_reg_1357_reg[13]                               | FLOP_LATCH.flop.FDRE |
    | empty_50_reg_1404[15]_i_9                                | LUT.others.LUT2      |
    | empty_50_reg_1404_reg[15]_i_2                            | CARRY.others.CARRY4  |
    | empty_50_reg_1404_reg[19]_i_2                            | CARRY.others.CARRY4  |
    | empty_50_reg_1404_reg[23]_i_2                            | CARRY.others.CARRY4  |
    | empty_50_reg_1404_reg[27]_i_2                            | CARRY.others.CARRY4  |
    | empty_50_reg_1404_reg[31]_i_2                            | CARRY.others.CARRY4  |
    | empty_50_reg_1404_reg[35]_i_3                            | CARRY.others.CARRY4  |
    | empty_50_reg_1404[35]_i_6                                | LUT.others.LUT2      |
    | empty_50_reg_1404_reg[35]_i_1                            | CARRY.others.CARRY4  |
    | empty_50_reg_1404_reg[39]_i_1                            | CARRY.others.CARRY4  |
    | empty_50_reg_1404_reg[43]_i_1                            | CARRY.others.CARRY4  |
    | empty_50_reg_1404_reg[47]_i_1                            | CARRY.others.CARRY4  |
    | empty_50_reg_1404_reg[51]_i_1                            | CARRY.others.CARRY4  |
    | empty_50_reg_1404_reg[55]_i_1                            | CARRY.others.CARRY4  |
    | empty_50_reg_1404_reg[59]_i_1                            | CARRY.others.CARRY4  |
    | empty_50_reg_1404_reg[61]_i_1                            | CARRY.others.CARRY4  |
    | empty_50_reg_1404_reg[61]                                | FLOP_LATCH.flop.FDRE |
    | zext_ln43_reg_1357_reg[13]                               | FLOP_LATCH.flop.FDRE |
    | empty_50_reg_1404[15]_i_9                                | LUT.others.LUT2      |
    | empty_50_reg_1404_reg[15]_i_2                            | CARRY.others.CARRY4  |
    | empty_50_reg_1404_reg[19]_i_2                            | CARRY.others.CARRY4  |
    | empty_50_reg_1404_reg[23]_i_2                            | CARRY.others.CARRY4  |
    | empty_50_reg_1404_reg[27]_i_2                            | CARRY.others.CARRY4  |
    | empty_50_reg_1404_reg[31]_i_2                            | CARRY.others.CARRY4  |
    | empty_50_reg_1404_reg[35]_i_3                            | CARRY.others.CARRY4  |
    | empty_50_reg_1404[35]_i_6                                | LUT.others.LUT2      |
    | empty_50_reg_1404_reg[35]_i_1                            | CARRY.others.CARRY4  |
    | empty_50_reg_1404_reg[39]_i_1                            | CARRY.others.CARRY4  |
    | empty_50_reg_1404_reg[43]_i_1                            | CARRY.others.CARRY4  |
    | empty_50_reg_1404_reg[47]_i_1                            | CARRY.others.CARRY4  |
    | empty_50_reg_1404_reg[51]_i_1                            | CARRY.others.CARRY4  |
    | empty_50_reg_1404_reg[55]_i_1                            | CARRY.others.CARRY4  |
    | empty_50_reg_1404_reg[59]_i_1                            | CARRY.others.CARRY4  |
    | empty_50_reg_1404_reg[61]_i_1                            | CARRY.others.CARRY4  |
    | empty_50_reg_1404_reg[60]                                | FLOP_LATCH.flop.FDRE |
    | zext_ln43_reg_1357_reg[13]                               | FLOP_LATCH.flop.FDRE |
    | empty_50_reg_1404[15]_i_9                                | LUT.others.LUT2      |
    | empty_50_reg_1404_reg[15]_i_2                            | CARRY.others.CARRY4  |
    | empty_50_reg_1404_reg[19]_i_2                            | CARRY.others.CARRY4  |
    | empty_50_reg_1404_reg[23]_i_2                            | CARRY.others.CARRY4  |
    | empty_50_reg_1404_reg[27]_i_2                            | CARRY.others.CARRY4  |
    | empty_50_reg_1404_reg[31]_i_2                            | CARRY.others.CARRY4  |
    | empty_50_reg_1404_reg[35]_i_3                            | CARRY.others.CARRY4  |
    | empty_50_reg_1404[35]_i_6                                | LUT.others.LUT2      |
    | empty_50_reg_1404_reg[35]_i_1                            | CARRY.others.CARRY4  |
    | empty_50_reg_1404_reg[39]_i_1                            | CARRY.others.CARRY4  |
    | empty_50_reg_1404_reg[43]_i_1                            | CARRY.others.CARRY4  |
    | empty_50_reg_1404_reg[47]_i_1                            | CARRY.others.CARRY4  |
    | empty_50_reg_1404_reg[51]_i_1                            | CARRY.others.CARRY4  |
    | empty_50_reg_1404_reg[55]_i_1                            | CARRY.others.CARRY4  |
    | empty_50_reg_1404_reg[59]_i_1                            | CARRY.others.CARRY4  |
    | empty_50_reg_1404_reg[57]                                | FLOP_LATCH.flop.FDRE |
    | div2_reg_1251_reg[1]                                     | FLOP_LATCH.flop.FDRE |
    | gmem_m_axi_U/load_unit_0/fifo_rreq/ap_CS_fsm[3]_i_33     | LUT.others.LUT4      |
    | gmem_m_axi_U/load_unit_0/fifo_rreq/ap_CS_fsm_reg[3]_i_17 | CARRY.others.CARRY4  |
    | gmem_m_axi_U/load_unit_0/fifo_rreq/ap_CS_fsm_reg[3]_i_8  | CARRY.others.CARRY4  |
    | gmem_m_axi_U/load_unit_0/fifo_rreq/ap_CS_fsm_reg[3]_i_3  | CARRY.others.CARRY4  |
    | gmem_m_axi_U/load_unit_0/fifo_rreq/ap_CS_fsm_reg[3]_i_2  | CARRY.others.CARRY4  |
    | ib_fu_178[26]_i_2                                        | LUT.others.LUT2      |
    | phi_mul19_fu_174_reg[32]                                 | FLOP_LATCH.flop.FDRE |
    | div2_reg_1251_reg[1]                                     | FLOP_LATCH.flop.FDRE |
    | gmem_m_axi_U/load_unit_0/fifo_rreq/ap_CS_fsm[3]_i_33     | LUT.others.LUT4      |
    | gmem_m_axi_U/load_unit_0/fifo_rreq/ap_CS_fsm_reg[3]_i_17 | CARRY.others.CARRY4  |
    | gmem_m_axi_U/load_unit_0/fifo_rreq/ap_CS_fsm_reg[3]_i_8  | CARRY.others.CARRY4  |
    | gmem_m_axi_U/load_unit_0/fifo_rreq/ap_CS_fsm_reg[3]_i_3  | CARRY.others.CARRY4  |
    | gmem_m_axi_U/load_unit_0/fifo_rreq/ap_CS_fsm_reg[3]_i_2  | CARRY.others.CARRY4  |
    | ib_fu_178[26]_i_2                                        | LUT.others.LUT2      |
    | phi_mul19_fu_174_reg[33]                                 | FLOP_LATCH.flop.FDRE |
    +----------------------------------------------------------+----------------------+

    +----------------------------------------------------------+----------------------+
    | Path2 Cells                                              | Primitive Type       |
    +----------------------------------------------------------+----------------------+
    | zext_ln43_reg_1357_reg[13]                               | FLOP_LATCH.flop.FDRE |
    | empty_50_reg_1404[15]_i_9                                | LUT.others.LUT2      |
    | empty_50_reg_1404_reg[15]_i_2                            | CARRY.others.CARRY4  |
    | empty_50_reg_1404_reg[19]_i_2                            | CARRY.others.CARRY4  |
    | empty_50_reg_1404_reg[23]_i_2                            | CARRY.others.CARRY4  |
    | empty_50_reg_1404_reg[27]_i_2                            | CARRY.others.CARRY4  |
    | empty_50_reg_1404_reg[31]_i_2                            | CARRY.others.CARRY4  |
    | empty_50_reg_1404_reg[35]_i_3                            | CARRY.others.CARRY4  |
    | empty_50_reg_1404[35]_i_6                                | LUT.others.LUT2      |
    | empty_50_reg_1404_reg[35]_i_1                            | CARRY.others.CARRY4  |
    | empty_50_reg_1404_reg[39]_i_1                            | CARRY.others.CARRY4  |
    | empty_50_reg_1404_reg[43]_i_1                            | CARRY.others.CARRY4  |
    | empty_50_reg_1404_reg[47]_i_1                            | CARRY.others.CARRY4  |
    | empty_50_reg_1404_reg[51]_i_1                            | CARRY.others.CARRY4  |
    | empty_50_reg_1404_reg[55]_i_1                            | CARRY.others.CARRY4  |
    | empty_50_reg_1404_reg[59]_i_1                            | CARRY.others.CARRY4  |
    | empty_50_reg_1404_reg[61]_i_1                            | CARRY.others.CARRY4  |
    | empty_50_reg_1404_reg[61]                                | FLOP_LATCH.flop.FDRE |
    | zext_ln43_reg_1357_reg[13]                               | FLOP_LATCH.flop.FDRE |
    | empty_50_reg_1404[15]_i_9                                | LUT.others.LUT2      |
    | empty_50_reg_1404_reg[15]_i_2                            | CARRY.others.CARRY4  |
    | empty_50_reg_1404_reg[19]_i_2                            | CARRY.others.CARRY4  |
    | empty_50_reg_1404_reg[23]_i_2                            | CARRY.others.CARRY4  |
    | empty_50_reg_1404_reg[27]_i_2                            | CARRY.others.CARRY4  |
    | empty_50_reg_1404_reg[31]_i_2                            | CARRY.others.CARRY4  |
    | empty_50_reg_1404_reg[35]_i_3                            | CARRY.others.CARRY4  |
    | empty_50_reg_1404[35]_i_6                                | LUT.others.LUT2      |
    | empty_50_reg_1404_reg[35]_i_1                            | CARRY.others.CARRY4  |
    | empty_50_reg_1404_reg[39]_i_1                            | CARRY.others.CARRY4  |
    | empty_50_reg_1404_reg[43]_i_1                            | CARRY.others.CARRY4  |
    | empty_50_reg_1404_reg[47]_i_1                            | CARRY.others.CARRY4  |
    | empty_50_reg_1404_reg[51]_i_1                            | CARRY.others.CARRY4  |
    | empty_50_reg_1404_reg[55]_i_1                            | CARRY.others.CARRY4  |
    | empty_50_reg_1404_reg[59]_i_1                            | CARRY.others.CARRY4  |
    | empty_50_reg_1404_reg[61]_i_1                            | CARRY.others.CARRY4  |
    | empty_50_reg_1404_reg[60]                                | FLOP_LATCH.flop.FDRE |
    | zext_ln43_reg_1357_reg[13]                               | FLOP_LATCH.flop.FDRE |
    | empty_50_reg_1404[15]_i_9                                | LUT.others.LUT2      |
    | empty_50_reg_1404_reg[15]_i_2                            | CARRY.others.CARRY4  |
    | empty_50_reg_1404_reg[19]_i_2                            | CARRY.others.CARRY4  |
    | empty_50_reg_1404_reg[23]_i_2                            | CARRY.others.CARRY4  |
    | empty_50_reg_1404_reg[27]_i_2                            | CARRY.others.CARRY4  |
    | empty_50_reg_1404_reg[31]_i_2                            | CARRY.others.CARRY4  |
    | empty_50_reg_1404_reg[35]_i_3                            | CARRY.others.CARRY4  |
    | empty_50_reg_1404[35]_i_6                                | LUT.others.LUT2      |
    | empty_50_reg_1404_reg[35]_i_1                            | CARRY.others.CARRY4  |
    | empty_50_reg_1404_reg[39]_i_1                            | CARRY.others.CARRY4  |
    | empty_50_reg_1404_reg[43]_i_1                            | CARRY.others.CARRY4  |
    | empty_50_reg_1404_reg[47]_i_1                            | CARRY.others.CARRY4  |
    | empty_50_reg_1404_reg[51]_i_1                            | CARRY.others.CARRY4  |
    | empty_50_reg_1404_reg[55]_i_1                            | CARRY.others.CARRY4  |
    | empty_50_reg_1404_reg[59]_i_1                            | CARRY.others.CARRY4  |
    | empty_50_reg_1404_reg[57]                                | FLOP_LATCH.flop.FDRE |
    | div2_reg_1251_reg[1]                                     | FLOP_LATCH.flop.FDRE |
    | gmem_m_axi_U/load_unit_0/fifo_rreq/ap_CS_fsm[3]_i_33     | LUT.others.LUT4      |
    | gmem_m_axi_U/load_unit_0/fifo_rreq/ap_CS_fsm_reg[3]_i_17 | CARRY.others.CARRY4  |
    | gmem_m_axi_U/load_unit_0/fifo_rreq/ap_CS_fsm_reg[3]_i_8  | CARRY.others.CARRY4  |
    | gmem_m_axi_U/load_unit_0/fifo_rreq/ap_CS_fsm_reg[3]_i_3  | CARRY.others.CARRY4  |
    | gmem_m_axi_U/load_unit_0/fifo_rreq/ap_CS_fsm_reg[3]_i_2  | CARRY.others.CARRY4  |
    | ib_fu_178[26]_i_2                                        | LUT.others.LUT2      |
    | phi_mul19_fu_174_reg[32]                                 | FLOP_LATCH.flop.FDRE |
    | div2_reg_1251_reg[1]                                     | FLOP_LATCH.flop.FDRE |
    | gmem_m_axi_U/load_unit_0/fifo_rreq/ap_CS_fsm[3]_i_33     | LUT.others.LUT4      |
    | gmem_m_axi_U/load_unit_0/fifo_rreq/ap_CS_fsm_reg[3]_i_17 | CARRY.others.CARRY4  |
    | gmem_m_axi_U/load_unit_0/fifo_rreq/ap_CS_fsm_reg[3]_i_8  | CARRY.others.CARRY4  |
    | gmem_m_axi_U/load_unit_0/fifo_rreq/ap_CS_fsm_reg[3]_i_3  | CARRY.others.CARRY4  |
    | gmem_m_axi_U/load_unit_0/fifo_rreq/ap_CS_fsm_reg[3]_i_2  | CARRY.others.CARRY4  |
    | ib_fu_178[26]_i_2                                        | LUT.others.LUT2      |
    | phi_mul19_fu_174_reg[33]                                 | FLOP_LATCH.flop.FDRE |
    +----------------------------------------------------------+----------------------+

    +----------------------------------------------------------+----------------------+
    | Path3 Cells                                              | Primitive Type       |
    +----------------------------------------------------------+----------------------+
    | zext_ln43_reg_1357_reg[13]                               | FLOP_LATCH.flop.FDRE |
    | empty_50_reg_1404[15]_i_9                                | LUT.others.LUT2      |
    | empty_50_reg_1404_reg[15]_i_2                            | CARRY.others.CARRY4  |
    | empty_50_reg_1404_reg[19]_i_2                            | CARRY.others.CARRY4  |
    | empty_50_reg_1404_reg[23]_i_2                            | CARRY.others.CARRY4  |
    | empty_50_reg_1404_reg[27]_i_2                            | CARRY.others.CARRY4  |
    | empty_50_reg_1404_reg[31]_i_2                            | CARRY.others.CARRY4  |
    | empty_50_reg_1404_reg[35]_i_3                            | CARRY.others.CARRY4  |
    | empty_50_reg_1404[35]_i_6                                | LUT.others.LUT2      |
    | empty_50_reg_1404_reg[35]_i_1                            | CARRY.others.CARRY4  |
    | empty_50_reg_1404_reg[39]_i_1                            | CARRY.others.CARRY4  |
    | empty_50_reg_1404_reg[43]_i_1                            | CARRY.others.CARRY4  |
    | empty_50_reg_1404_reg[47]_i_1                            | CARRY.others.CARRY4  |
    | empty_50_reg_1404_reg[51]_i_1                            | CARRY.others.CARRY4  |
    | empty_50_reg_1404_reg[55]_i_1                            | CARRY.others.CARRY4  |
    | empty_50_reg_1404_reg[59]_i_1                            | CARRY.others.CARRY4  |
    | empty_50_reg_1404_reg[61]_i_1                            | CARRY.others.CARRY4  |
    | empty_50_reg_1404_reg[61]                                | FLOP_LATCH.flop.FDRE |
    | zext_ln43_reg_1357_reg[13]                               | FLOP_LATCH.flop.FDRE |
    | empty_50_reg_1404[15]_i_9                                | LUT.others.LUT2      |
    | empty_50_reg_1404_reg[15]_i_2                            | CARRY.others.CARRY4  |
    | empty_50_reg_1404_reg[19]_i_2                            | CARRY.others.CARRY4  |
    | empty_50_reg_1404_reg[23]_i_2                            | CARRY.others.CARRY4  |
    | empty_50_reg_1404_reg[27]_i_2                            | CARRY.others.CARRY4  |
    | empty_50_reg_1404_reg[31]_i_2                            | CARRY.others.CARRY4  |
    | empty_50_reg_1404_reg[35]_i_3                            | CARRY.others.CARRY4  |
    | empty_50_reg_1404[35]_i_6                                | LUT.others.LUT2      |
    | empty_50_reg_1404_reg[35]_i_1                            | CARRY.others.CARRY4  |
    | empty_50_reg_1404_reg[39]_i_1                            | CARRY.others.CARRY4  |
    | empty_50_reg_1404_reg[43]_i_1                            | CARRY.others.CARRY4  |
    | empty_50_reg_1404_reg[47]_i_1                            | CARRY.others.CARRY4  |
    | empty_50_reg_1404_reg[51]_i_1                            | CARRY.others.CARRY4  |
    | empty_50_reg_1404_reg[55]_i_1                            | CARRY.others.CARRY4  |
    | empty_50_reg_1404_reg[59]_i_1                            | CARRY.others.CARRY4  |
    | empty_50_reg_1404_reg[61]_i_1                            | CARRY.others.CARRY4  |
    | empty_50_reg_1404_reg[60]                                | FLOP_LATCH.flop.FDRE |
    | zext_ln43_reg_1357_reg[13]                               | FLOP_LATCH.flop.FDRE |
    | empty_50_reg_1404[15]_i_9                                | LUT.others.LUT2      |
    | empty_50_reg_1404_reg[15]_i_2                            | CARRY.others.CARRY4  |
    | empty_50_reg_1404_reg[19]_i_2                            | CARRY.others.CARRY4  |
    | empty_50_reg_1404_reg[23]_i_2                            | CARRY.others.CARRY4  |
    | empty_50_reg_1404_reg[27]_i_2                            | CARRY.others.CARRY4  |
    | empty_50_reg_1404_reg[31]_i_2                            | CARRY.others.CARRY4  |
    | empty_50_reg_1404_reg[35]_i_3                            | CARRY.others.CARRY4  |
    | empty_50_reg_1404[35]_i_6                                | LUT.others.LUT2      |
    | empty_50_reg_1404_reg[35]_i_1                            | CARRY.others.CARRY4  |
    | empty_50_reg_1404_reg[39]_i_1                            | CARRY.others.CARRY4  |
    | empty_50_reg_1404_reg[43]_i_1                            | CARRY.others.CARRY4  |
    | empty_50_reg_1404_reg[47]_i_1                            | CARRY.others.CARRY4  |
    | empty_50_reg_1404_reg[51]_i_1                            | CARRY.others.CARRY4  |
    | empty_50_reg_1404_reg[55]_i_1                            | CARRY.others.CARRY4  |
    | empty_50_reg_1404_reg[59]_i_1                            | CARRY.others.CARRY4  |
    | empty_50_reg_1404_reg[57]                                | FLOP_LATCH.flop.FDRE |
    | div2_reg_1251_reg[1]                                     | FLOP_LATCH.flop.FDRE |
    | gmem_m_axi_U/load_unit_0/fifo_rreq/ap_CS_fsm[3]_i_33     | LUT.others.LUT4      |
    | gmem_m_axi_U/load_unit_0/fifo_rreq/ap_CS_fsm_reg[3]_i_17 | CARRY.others.CARRY4  |
    | gmem_m_axi_U/load_unit_0/fifo_rreq/ap_CS_fsm_reg[3]_i_8  | CARRY.others.CARRY4  |
    | gmem_m_axi_U/load_unit_0/fifo_rreq/ap_CS_fsm_reg[3]_i_3  | CARRY.others.CARRY4  |
    | gmem_m_axi_U/load_unit_0/fifo_rreq/ap_CS_fsm_reg[3]_i_2  | CARRY.others.CARRY4  |
    | ib_fu_178[26]_i_2                                        | LUT.others.LUT2      |
    | phi_mul19_fu_174_reg[32]                                 | FLOP_LATCH.flop.FDRE |
    | div2_reg_1251_reg[1]                                     | FLOP_LATCH.flop.FDRE |
    | gmem_m_axi_U/load_unit_0/fifo_rreq/ap_CS_fsm[3]_i_33     | LUT.others.LUT4      |
    | gmem_m_axi_U/load_unit_0/fifo_rreq/ap_CS_fsm_reg[3]_i_17 | CARRY.others.CARRY4  |
    | gmem_m_axi_U/load_unit_0/fifo_rreq/ap_CS_fsm_reg[3]_i_8  | CARRY.others.CARRY4  |
    | gmem_m_axi_U/load_unit_0/fifo_rreq/ap_CS_fsm_reg[3]_i_3  | CARRY.others.CARRY4  |
    | gmem_m_axi_U/load_unit_0/fifo_rreq/ap_CS_fsm_reg[3]_i_2  | CARRY.others.CARRY4  |
    | ib_fu_178[26]_i_2                                        | LUT.others.LUT2      |
    | phi_mul19_fu_174_reg[33]                                 | FLOP_LATCH.flop.FDRE |
    +----------------------------------------------------------+----------------------+

    +----------------------------------------------------------+----------------------+
    | Path4 Cells                                              | Primitive Type       |
    +----------------------------------------------------------+----------------------+
    | zext_ln43_reg_1357_reg[13]                               | FLOP_LATCH.flop.FDRE |
    | empty_50_reg_1404[15]_i_9                                | LUT.others.LUT2      |
    | empty_50_reg_1404_reg[15]_i_2                            | CARRY.others.CARRY4  |
    | empty_50_reg_1404_reg[19]_i_2                            | CARRY.others.CARRY4  |
    | empty_50_reg_1404_reg[23]_i_2                            | CARRY.others.CARRY4  |
    | empty_50_reg_1404_reg[27]_i_2                            | CARRY.others.CARRY4  |
    | empty_50_reg_1404_reg[31]_i_2                            | CARRY.others.CARRY4  |
    | empty_50_reg_1404_reg[35]_i_3                            | CARRY.others.CARRY4  |
    | empty_50_reg_1404[35]_i_6                                | LUT.others.LUT2      |
    | empty_50_reg_1404_reg[35]_i_1                            | CARRY.others.CARRY4  |
    | empty_50_reg_1404_reg[39]_i_1                            | CARRY.others.CARRY4  |
    | empty_50_reg_1404_reg[43]_i_1                            | CARRY.others.CARRY4  |
    | empty_50_reg_1404_reg[47]_i_1                            | CARRY.others.CARRY4  |
    | empty_50_reg_1404_reg[51]_i_1                            | CARRY.others.CARRY4  |
    | empty_50_reg_1404_reg[55]_i_1                            | CARRY.others.CARRY4  |
    | empty_50_reg_1404_reg[59]_i_1                            | CARRY.others.CARRY4  |
    | empty_50_reg_1404_reg[61]_i_1                            | CARRY.others.CARRY4  |
    | empty_50_reg_1404_reg[61]                                | FLOP_LATCH.flop.FDRE |
    | zext_ln43_reg_1357_reg[13]                               | FLOP_LATCH.flop.FDRE |
    | empty_50_reg_1404[15]_i_9                                | LUT.others.LUT2      |
    | empty_50_reg_1404_reg[15]_i_2                            | CARRY.others.CARRY4  |
    | empty_50_reg_1404_reg[19]_i_2                            | CARRY.others.CARRY4  |
    | empty_50_reg_1404_reg[23]_i_2                            | CARRY.others.CARRY4  |
    | empty_50_reg_1404_reg[27]_i_2                            | CARRY.others.CARRY4  |
    | empty_50_reg_1404_reg[31]_i_2                            | CARRY.others.CARRY4  |
    | empty_50_reg_1404_reg[35]_i_3                            | CARRY.others.CARRY4  |
    | empty_50_reg_1404[35]_i_6                                | LUT.others.LUT2      |
    | empty_50_reg_1404_reg[35]_i_1                            | CARRY.others.CARRY4  |
    | empty_50_reg_1404_reg[39]_i_1                            | CARRY.others.CARRY4  |
    | empty_50_reg_1404_reg[43]_i_1                            | CARRY.others.CARRY4  |
    | empty_50_reg_1404_reg[47]_i_1                            | CARRY.others.CARRY4  |
    | empty_50_reg_1404_reg[51]_i_1                            | CARRY.others.CARRY4  |
    | empty_50_reg_1404_reg[55]_i_1                            | CARRY.others.CARRY4  |
    | empty_50_reg_1404_reg[59]_i_1                            | CARRY.others.CARRY4  |
    | empty_50_reg_1404_reg[61]_i_1                            | CARRY.others.CARRY4  |
    | empty_50_reg_1404_reg[60]                                | FLOP_LATCH.flop.FDRE |
    | zext_ln43_reg_1357_reg[13]                               | FLOP_LATCH.flop.FDRE |
    | empty_50_reg_1404[15]_i_9                                | LUT.others.LUT2      |
    | empty_50_reg_1404_reg[15]_i_2                            | CARRY.others.CARRY4  |
    | empty_50_reg_1404_reg[19]_i_2                            | CARRY.others.CARRY4  |
    | empty_50_reg_1404_reg[23]_i_2                            | CARRY.others.CARRY4  |
    | empty_50_reg_1404_reg[27]_i_2                            | CARRY.others.CARRY4  |
    | empty_50_reg_1404_reg[31]_i_2                            | CARRY.others.CARRY4  |
    | empty_50_reg_1404_reg[35]_i_3                            | CARRY.others.CARRY4  |
    | empty_50_reg_1404[35]_i_6                                | LUT.others.LUT2      |
    | empty_50_reg_1404_reg[35]_i_1                            | CARRY.others.CARRY4  |
    | empty_50_reg_1404_reg[39]_i_1                            | CARRY.others.CARRY4  |
    | empty_50_reg_1404_reg[43]_i_1                            | CARRY.others.CARRY4  |
    | empty_50_reg_1404_reg[47]_i_1                            | CARRY.others.CARRY4  |
    | empty_50_reg_1404_reg[51]_i_1                            | CARRY.others.CARRY4  |
    | empty_50_reg_1404_reg[55]_i_1                            | CARRY.others.CARRY4  |
    | empty_50_reg_1404_reg[59]_i_1                            | CARRY.others.CARRY4  |
    | empty_50_reg_1404_reg[57]                                | FLOP_LATCH.flop.FDRE |
    | div2_reg_1251_reg[1]                                     | FLOP_LATCH.flop.FDRE |
    | gmem_m_axi_U/load_unit_0/fifo_rreq/ap_CS_fsm[3]_i_33     | LUT.others.LUT4      |
    | gmem_m_axi_U/load_unit_0/fifo_rreq/ap_CS_fsm_reg[3]_i_17 | CARRY.others.CARRY4  |
    | gmem_m_axi_U/load_unit_0/fifo_rreq/ap_CS_fsm_reg[3]_i_8  | CARRY.others.CARRY4  |
    | gmem_m_axi_U/load_unit_0/fifo_rreq/ap_CS_fsm_reg[3]_i_3  | CARRY.others.CARRY4  |
    | gmem_m_axi_U/load_unit_0/fifo_rreq/ap_CS_fsm_reg[3]_i_2  | CARRY.others.CARRY4  |
    | ib_fu_178[26]_i_2                                        | LUT.others.LUT2      |
    | phi_mul19_fu_174_reg[32]                                 | FLOP_LATCH.flop.FDRE |
    | div2_reg_1251_reg[1]                                     | FLOP_LATCH.flop.FDRE |
    | gmem_m_axi_U/load_unit_0/fifo_rreq/ap_CS_fsm[3]_i_33     | LUT.others.LUT4      |
    | gmem_m_axi_U/load_unit_0/fifo_rreq/ap_CS_fsm_reg[3]_i_17 | CARRY.others.CARRY4  |
    | gmem_m_axi_U/load_unit_0/fifo_rreq/ap_CS_fsm_reg[3]_i_8  | CARRY.others.CARRY4  |
    | gmem_m_axi_U/load_unit_0/fifo_rreq/ap_CS_fsm_reg[3]_i_3  | CARRY.others.CARRY4  |
    | gmem_m_axi_U/load_unit_0/fifo_rreq/ap_CS_fsm_reg[3]_i_2  | CARRY.others.CARRY4  |
    | ib_fu_178[26]_i_2                                        | LUT.others.LUT2      |
    | phi_mul19_fu_174_reg[33]                                 | FLOP_LATCH.flop.FDRE |
    +----------------------------------------------------------+----------------------+

    +----------------------------------------------------------+----------------------+
    | Path5 Cells                                              | Primitive Type       |
    +----------------------------------------------------------+----------------------+
    | zext_ln43_reg_1357_reg[13]                               | FLOP_LATCH.flop.FDRE |
    | empty_50_reg_1404[15]_i_9                                | LUT.others.LUT2      |
    | empty_50_reg_1404_reg[15]_i_2                            | CARRY.others.CARRY4  |
    | empty_50_reg_1404_reg[19]_i_2                            | CARRY.others.CARRY4  |
    | empty_50_reg_1404_reg[23]_i_2                            | CARRY.others.CARRY4  |
    | empty_50_reg_1404_reg[27]_i_2                            | CARRY.others.CARRY4  |
    | empty_50_reg_1404_reg[31]_i_2                            | CARRY.others.CARRY4  |
    | empty_50_reg_1404_reg[35]_i_3                            | CARRY.others.CARRY4  |
    | empty_50_reg_1404[35]_i_6                                | LUT.others.LUT2      |
    | empty_50_reg_1404_reg[35]_i_1                            | CARRY.others.CARRY4  |
    | empty_50_reg_1404_reg[39]_i_1                            | CARRY.others.CARRY4  |
    | empty_50_reg_1404_reg[43]_i_1                            | CARRY.others.CARRY4  |
    | empty_50_reg_1404_reg[47]_i_1                            | CARRY.others.CARRY4  |
    | empty_50_reg_1404_reg[51]_i_1                            | CARRY.others.CARRY4  |
    | empty_50_reg_1404_reg[55]_i_1                            | CARRY.others.CARRY4  |
    | empty_50_reg_1404_reg[59]_i_1                            | CARRY.others.CARRY4  |
    | empty_50_reg_1404_reg[61]_i_1                            | CARRY.others.CARRY4  |
    | empty_50_reg_1404_reg[61]                                | FLOP_LATCH.flop.FDRE |
    | zext_ln43_reg_1357_reg[13]                               | FLOP_LATCH.flop.FDRE |
    | empty_50_reg_1404[15]_i_9                                | LUT.others.LUT2      |
    | empty_50_reg_1404_reg[15]_i_2                            | CARRY.others.CARRY4  |
    | empty_50_reg_1404_reg[19]_i_2                            | CARRY.others.CARRY4  |
    | empty_50_reg_1404_reg[23]_i_2                            | CARRY.others.CARRY4  |
    | empty_50_reg_1404_reg[27]_i_2                            | CARRY.others.CARRY4  |
    | empty_50_reg_1404_reg[31]_i_2                            | CARRY.others.CARRY4  |
    | empty_50_reg_1404_reg[35]_i_3                            | CARRY.others.CARRY4  |
    | empty_50_reg_1404[35]_i_6                                | LUT.others.LUT2      |
    | empty_50_reg_1404_reg[35]_i_1                            | CARRY.others.CARRY4  |
    | empty_50_reg_1404_reg[39]_i_1                            | CARRY.others.CARRY4  |
    | empty_50_reg_1404_reg[43]_i_1                            | CARRY.others.CARRY4  |
    | empty_50_reg_1404_reg[47]_i_1                            | CARRY.others.CARRY4  |
    | empty_50_reg_1404_reg[51]_i_1                            | CARRY.others.CARRY4  |
    | empty_50_reg_1404_reg[55]_i_1                            | CARRY.others.CARRY4  |
    | empty_50_reg_1404_reg[59]_i_1                            | CARRY.others.CARRY4  |
    | empty_50_reg_1404_reg[61]_i_1                            | CARRY.others.CARRY4  |
    | empty_50_reg_1404_reg[60]                                | FLOP_LATCH.flop.FDRE |
    | zext_ln43_reg_1357_reg[13]                               | FLOP_LATCH.flop.FDRE |
    | empty_50_reg_1404[15]_i_9                                | LUT.others.LUT2      |
    | empty_50_reg_1404_reg[15]_i_2                            | CARRY.others.CARRY4  |
    | empty_50_reg_1404_reg[19]_i_2                            | CARRY.others.CARRY4  |
    | empty_50_reg_1404_reg[23]_i_2                            | CARRY.others.CARRY4  |
    | empty_50_reg_1404_reg[27]_i_2                            | CARRY.others.CARRY4  |
    | empty_50_reg_1404_reg[31]_i_2                            | CARRY.others.CARRY4  |
    | empty_50_reg_1404_reg[35]_i_3                            | CARRY.others.CARRY4  |
    | empty_50_reg_1404[35]_i_6                                | LUT.others.LUT2      |
    | empty_50_reg_1404_reg[35]_i_1                            | CARRY.others.CARRY4  |
    | empty_50_reg_1404_reg[39]_i_1                            | CARRY.others.CARRY4  |
    | empty_50_reg_1404_reg[43]_i_1                            | CARRY.others.CARRY4  |
    | empty_50_reg_1404_reg[47]_i_1                            | CARRY.others.CARRY4  |
    | empty_50_reg_1404_reg[51]_i_1                            | CARRY.others.CARRY4  |
    | empty_50_reg_1404_reg[55]_i_1                            | CARRY.others.CARRY4  |
    | empty_50_reg_1404_reg[59]_i_1                            | CARRY.others.CARRY4  |
    | empty_50_reg_1404_reg[57]                                | FLOP_LATCH.flop.FDRE |
    | div2_reg_1251_reg[1]                                     | FLOP_LATCH.flop.FDRE |
    | gmem_m_axi_U/load_unit_0/fifo_rreq/ap_CS_fsm[3]_i_33     | LUT.others.LUT4      |
    | gmem_m_axi_U/load_unit_0/fifo_rreq/ap_CS_fsm_reg[3]_i_17 | CARRY.others.CARRY4  |
    | gmem_m_axi_U/load_unit_0/fifo_rreq/ap_CS_fsm_reg[3]_i_8  | CARRY.others.CARRY4  |
    | gmem_m_axi_U/load_unit_0/fifo_rreq/ap_CS_fsm_reg[3]_i_3  | CARRY.others.CARRY4  |
    | gmem_m_axi_U/load_unit_0/fifo_rreq/ap_CS_fsm_reg[3]_i_2  | CARRY.others.CARRY4  |
    | ib_fu_178[26]_i_2                                        | LUT.others.LUT2      |
    | phi_mul19_fu_174_reg[32]                                 | FLOP_LATCH.flop.FDRE |
    | div2_reg_1251_reg[1]                                     | FLOP_LATCH.flop.FDRE |
    | gmem_m_axi_U/load_unit_0/fifo_rreq/ap_CS_fsm[3]_i_33     | LUT.others.LUT4      |
    | gmem_m_axi_U/load_unit_0/fifo_rreq/ap_CS_fsm_reg[3]_i_17 | CARRY.others.CARRY4  |
    | gmem_m_axi_U/load_unit_0/fifo_rreq/ap_CS_fsm_reg[3]_i_8  | CARRY.others.CARRY4  |
    | gmem_m_axi_U/load_unit_0/fifo_rreq/ap_CS_fsm_reg[3]_i_3  | CARRY.others.CARRY4  |
    | gmem_m_axi_U/load_unit_0/fifo_rreq/ap_CS_fsm_reg[3]_i_2  | CARRY.others.CARRY4  |
    | ib_fu_178[26]_i_2                                        | LUT.others.LUT2      |
    | phi_mul19_fu_174_reg[33]                                 | FLOP_LATCH.flop.FDRE |
    +----------------------------------------------------------+----------------------+


================================================================
== Place & Route Vivado Reports
================================================================
+--------------------------+------------------------------------------------------------+
| Report Type              | Report Location                                            |
+--------------------------+------------------------------------------------------------+
| design_analysis          | impl/verilog/report/MM_design_analysis_routed.rpt          |
| failfast                 | impl/verilog/report/MM_failfast_routed.rpt                 |
| power                    | impl/verilog/report/MM_power_routed.rpt                    |
| status                   | impl/verilog/report/MM_status_routed.rpt                   |
| timing                   | impl/verilog/report/MM_timing_routed.rpt                   |
| timing_paths             | impl/verilog/report/MM_timing_paths_routed.rpt             |
| utilization              | impl/verilog/report/MM_utilization_routed.rpt              |
| utilization_hierarchical | impl/verilog/report/MM_utilization_hierarchical_routed.rpt |
+--------------------------+------------------------------------------------------------+


