

Implementation tool: Xilinx Vivado v.2025.1
Project:             baseline_blockedMM
Solution:            hls
Device target:       xc7z020-clg400-1
Report date:         Fri Apr 10 12:36:38 -0700 2026

#=== Post-Implementation Resource usage ===
SLICE:         1129
LUT:           2661
FF:            4085
DSP:              7
BRAM:             2
URAM:             0
LATCH:            0
SRL:            142
CLB:              0

#=== Final timing ===
CP required:                     10.000
CP achieved post-synthesis:      5.745
CP achieved post-implementation: 7.095
Timing met
