
*** Running vivado
    with args -log design_1_wrapper.vdi -applog -m64 -product Vivado -messageDb vivado.pb -mode batch -source design_1_wrapper.tcl -notrace



****** Vivado v2025.1 (64-bit)
  **** SW Build 6140274 on Thu May 22 00:12:29 MDT 2025
  **** IP Build 6138677 on Thu May 22 03:10:11 MDT 2025
  **** SharedData Build 6139179 on Tue May 20 17:58:58 MDT 2025
  **** Start of session at: Fri Apr 10 11:03:25 2026
    ** Copyright 1986-2022 Xilinx, Inc. All Rights Reserved.
    ** Copyright 2022-2025 Advanced Micro Devices, Inc. All Rights Reserved.

source design_1_wrapper.tcl -notrace
create_project: Time (s): cpu = 00:00:12 ; elapsed = 00:00:09 . Memory (MB): peak = 512.027 ; gain = 212.172
INFO: [IP_Flow 19-234] Refreshing IP repositories
INFO: [IP_Flow 19-1700] Loaded user IP repository 'c:/Users/seanr/vitis_projects/Lab3_MLP_optimization/baseline_blockedMM/baseline_blockedMM/hls/impl/ip'.
INFO: [IP_Flow 19-2313] Loaded Vivado IP repository 'C:/Xilinx/2025.1/Vivado/data/ip'.
WARNING: [IP_Flow 19-4995] The host OS only allows 260 characters in a normal path. The IP cache path is more than 80 characters. If you experience issues with IP caching, please consider changing the IP cache to a location with a shorter path. Alternately consider using the OS subst command to map part of the path to a drive letter. 
Current IP cache path is C:/Users/seanr/vitis_projects/Lab3_MLP_optimization/MLP_accel_vivado/MLP_accel_vivado.cache/ip 
Command: link_design -top design_1_wrapper -part xc7z020clg400-1
Design is defaulting to srcset: sources_1
Design is defaulting to constrset: constrs_1
INFO: [Device 21-403] Loading part xc7z020clg400-1
INFO: [Project 1-5699] Read binary netlist with skipMacroContent - 1
INFO: [Project 1-454] Reading design checkpoint 'c:/Users/seanr/vitis_projects/Lab3_MLP_optimization/MLP_accel_vivado/MLP_accel_vivado.gen/sources_1/bd/design_1/ip/design_1_MM_0_0/design_1_MM_0_0.dcp' for cell 'design_1_i/MM_0'
INFO: [Project 1-454] Reading design checkpoint 'c:/Users/seanr/vitis_projects/Lab3_MLP_optimization/MLP_accel_vivado/MLP_accel_vivado.gen/sources_1/bd/design_1/ip/design_1_axi_smc_0/design_1_axi_smc_0.dcp' for cell 'design_1_i/axi_smc'
INFO: [Project 1-454] Reading design checkpoint 'c:/Users/seanr/vitis_projects/Lab3_MLP_optimization/MLP_accel_vivado/MLP_accel_vivado.gen/sources_1/bd/design_1/ip/design_1_processing_system7_0_0/design_1_processing_system7_0_0.dcp' for cell 'design_1_i/processing_system7_0'
INFO: [Project 1-454] Reading design checkpoint 'c:/Users/seanr/vitis_projects/Lab3_MLP_optimization/MLP_accel_vivado/MLP_accel_vivado.gen/sources_1/bd/design_1/ip/design_1_rst_ps7_0_50M_0/design_1_rst_ps7_0_50M_0.dcp' for cell 'design_1_i/rst_ps7_0_50M'
INFO: [Project 1-454] Reading design checkpoint 'c:/Users/seanr/vitis_projects/Lab3_MLP_optimization/MLP_accel_vivado/MLP_accel_vivado.gen/sources_1/bd/design_1/ip/design_1_axi_mem_intercon_imp_xbar_0/design_1_axi_mem_intercon_imp_xbar_0.dcp' for cell 'design_1_i/axi_mem_intercon/xbar'
INFO: [Project 1-454] Reading design checkpoint 'c:/Users/seanr/vitis_projects/Lab3_MLP_optimization/MLP_accel_vivado/MLP_accel_vivado.gen/sources_1/bd/design_1/ip/design_1_axi_mem_intercon_imp_auto_ds_0/design_1_axi_mem_intercon_imp_auto_ds_0.dcp' for cell 'design_1_i/axi_mem_intercon/m00_couplers/auto_ds'
INFO: [Project 1-454] Reading design checkpoint 'c:/Users/seanr/vitis_projects/Lab3_MLP_optimization/MLP_accel_vivado/MLP_accel_vivado.gen/sources_1/bd/design_1/ip/design_1_axi_mem_intercon_imp_auto_ds_1/design_1_axi_mem_intercon_imp_auto_ds_1.dcp' for cell 'design_1_i/axi_mem_intercon/m01_couplers/auto_ds'
INFO: [Project 1-454] Reading design checkpoint 'c:/Users/seanr/vitis_projects/Lab3_MLP_optimization/MLP_accel_vivado/MLP_accel_vivado.gen/sources_1/bd/design_1/ip/design_1_axi_mem_intercon_imp_auto_ds_2/design_1_axi_mem_intercon_imp_auto_ds_2.dcp' for cell 'design_1_i/axi_mem_intercon/m02_couplers/auto_ds'
INFO: [Project 1-454] Reading design checkpoint 'c:/Users/seanr/vitis_projects/Lab3_MLP_optimization/MLP_accel_vivado/MLP_accel_vivado.gen/sources_1/bd/design_1/ip/design_1_axi_mem_intercon_imp_auto_ds_3/design_1_axi_mem_intercon_imp_auto_ds_3.dcp' for cell 'design_1_i/axi_mem_intercon/m03_couplers/auto_ds'
INFO: [Project 1-454] Reading design checkpoint 'c:/Users/seanr/vitis_projects/Lab3_MLP_optimization/MLP_accel_vivado/MLP_accel_vivado.gen/sources_1/bd/design_1/ip/design_1_axi_mem_intercon_imp_auto_pc_0/design_1_axi_mem_intercon_imp_auto_pc_0.dcp' for cell 'design_1_i/axi_mem_intercon/s00_couplers/auto_pc'
INFO: [Project 1-454] Reading design checkpoint 'c:/Users/seanr/vitis_projects/Lab3_MLP_optimization/MLP_accel_vivado/MLP_accel_vivado.gen/sources_1/bd/design_1/ip/design_1_axi_mem_intercon_imp_auto_pc_1/design_1_axi_mem_intercon_imp_auto_pc_1.dcp' for cell 'design_1_i/axi_mem_intercon/s01_couplers/auto_pc'
INFO: [Project 1-454] Reading design checkpoint 'c:/Users/seanr/vitis_projects/Lab3_MLP_optimization/MLP_accel_vivado/MLP_accel_vivado.gen/sources_1/bd/design_1/ip/design_1_axi_mem_intercon_imp_auto_pc_2/design_1_axi_mem_intercon_imp_auto_pc_2.dcp' for cell 'design_1_i/axi_mem_intercon/s02_couplers/auto_pc'
INFO: [Project 1-454] Reading design checkpoint 'c:/Users/seanr/vitis_projects/Lab3_MLP_optimization/MLP_accel_vivado/MLP_accel_vivado.gen/sources_1/bd/design_1/ip/design_1_axi_mem_intercon_imp_auto_us_0/design_1_axi_mem_intercon_imp_auto_us_0.dcp' for cell 'design_1_i/axi_mem_intercon/s02_couplers/auto_us'
INFO: [Project 1-454] Reading design checkpoint 'c:/Users/seanr/vitis_projects/Lab3_MLP_optimization/MLP_accel_vivado/MLP_accel_vivado.gen/sources_1/bd/design_1/ip/design_1_axi_mem_intercon_imp_auto_pc_3/design_1_axi_mem_intercon_imp_auto_pc_3.dcp' for cell 'design_1_i/axi_mem_intercon/s03_couplers/auto_pc'
Netlist sorting complete. Time (s): cpu = 00:00:01 ; elapsed = 00:00:02 . Memory (MB): peak = 996.660 ; gain = 0.000
INFO: [Netlist 29-17] Analyzing 5313 Unisim elements for replacement
INFO: [Netlist 29-28] Unisim Transformation completed in 0 CPU seconds
INFO: [Project 1-479] Netlist was created with Vivado 2025.1
INFO: [Project 1-570] Preparing netlist for logic optimization
Parsing XDC File [c:/Users/seanr/vitis_projects/Lab3_MLP_optimization/MLP_accel_vivado/MLP_accel_vivado.gen/sources_1/bd/design_1/ip/design_1_processing_system7_0_0/design_1_processing_system7_0_0.xdc] for cell 'design_1_i/processing_system7_0/inst'
Finished Parsing XDC File [c:/Users/seanr/vitis_projects/Lab3_MLP_optimization/MLP_accel_vivado/MLP_accel_vivado.gen/sources_1/bd/design_1/ip/design_1_processing_system7_0_0/design_1_processing_system7_0_0.xdc] for cell 'design_1_i/processing_system7_0/inst'
Parsing XDC File [c:/Users/seanr/vitis_projects/Lab3_MLP_optimization/MLP_accel_vivado/MLP_accel_vivado.gen/sources_1/bd/design_1/ip/design_1_axi_smc_0/bd_0/ip/ip_1/bd_afc3_psr_aclk_0_board.xdc] for cell 'design_1_i/axi_smc/inst/clk_map/psr_aclk/U0'
Finished Parsing XDC File [c:/Users/seanr/vitis_projects/Lab3_MLP_optimization/MLP_accel_vivado/MLP_accel_vivado.gen/sources_1/bd/design_1/ip/design_1_axi_smc_0/bd_0/ip/ip_1/bd_afc3_psr_aclk_0_board.xdc] for cell 'design_1_i/axi_smc/inst/clk_map/psr_aclk/U0'
Parsing XDC File [c:/Users/seanr/vitis_projects/Lab3_MLP_optimization/MLP_accel_vivado/MLP_accel_vivado.gen/sources_1/bd/design_1/ip/design_1_axi_smc_0/smartconnect.xdc] for cell 'design_1_i/axi_smc/inst'
Finished Parsing XDC File [c:/Users/seanr/vitis_projects/Lab3_MLP_optimization/MLP_accel_vivado/MLP_accel_vivado.gen/sources_1/bd/design_1/ip/design_1_axi_smc_0/smartconnect.xdc] for cell 'design_1_i/axi_smc/inst'
Parsing XDC File [c:/Users/seanr/vitis_projects/Lab3_MLP_optimization/MLP_accel_vivado/MLP_accel_vivado.gen/sources_1/bd/design_1/ip/design_1_rst_ps7_0_50M_0/design_1_rst_ps7_0_50M_0_board.xdc] for cell 'design_1_i/rst_ps7_0_50M/U0'
Finished Parsing XDC File [c:/Users/seanr/vitis_projects/Lab3_MLP_optimization/MLP_accel_vivado/MLP_accel_vivado.gen/sources_1/bd/design_1/ip/design_1_rst_ps7_0_50M_0/design_1_rst_ps7_0_50M_0_board.xdc] for cell 'design_1_i/rst_ps7_0_50M/U0'
Parsing XDC File [c:/Users/seanr/vitis_projects/Lab3_MLP_optimization/MLP_accel_vivado/MLP_accel_vivado.gen/sources_1/bd/design_1/ip/design_1_axi_mem_intercon_imp_auto_us_0/design_1_axi_mem_intercon_imp_auto_us_0_clocks.xdc] for cell 'design_1_i/axi_mem_intercon/s02_couplers/auto_us/inst'
Finished Parsing XDC File [c:/Users/seanr/vitis_projects/Lab3_MLP_optimization/MLP_accel_vivado/MLP_accel_vivado.gen/sources_1/bd/design_1/ip/design_1_axi_mem_intercon_imp_auto_us_0/design_1_axi_mem_intercon_imp_auto_us_0_clocks.xdc] for cell 'design_1_i/axi_mem_intercon/s02_couplers/auto_us/inst'
Parsing XDC File [c:/Users/seanr/vitis_projects/Lab3_MLP_optimization/MLP_accel_vivado/MLP_accel_vivado.gen/sources_1/bd/design_1/ip/design_1_axi_mem_intercon_imp_auto_ds_0/design_1_axi_mem_intercon_imp_auto_ds_0_clocks.xdc] for cell 'design_1_i/axi_mem_intercon/m00_couplers/auto_ds/inst'
Finished Parsing XDC File [c:/Users/seanr/vitis_projects/Lab3_MLP_optimization/MLP_accel_vivado/MLP_accel_vivado.gen/sources_1/bd/design_1/ip/design_1_axi_mem_intercon_imp_auto_ds_0/design_1_axi_mem_intercon_imp_auto_ds_0_clocks.xdc] for cell 'design_1_i/axi_mem_intercon/m00_couplers/auto_ds/inst'
Parsing XDC File [c:/Users/seanr/vitis_projects/Lab3_MLP_optimization/MLP_accel_vivado/MLP_accel_vivado.gen/sources_1/bd/design_1/ip/design_1_axi_mem_intercon_imp_auto_ds_1/design_1_axi_mem_intercon_imp_auto_ds_1_clocks.xdc] for cell 'design_1_i/axi_mem_intercon/m01_couplers/auto_ds/inst'
Finished Parsing XDC File [c:/Users/seanr/vitis_projects/Lab3_MLP_optimization/MLP_accel_vivado/MLP_accel_vivado.gen/sources_1/bd/design_1/ip/design_1_axi_mem_intercon_imp_auto_ds_1/design_1_axi_mem_intercon_imp_auto_ds_1_clocks.xdc] for cell 'design_1_i/axi_mem_intercon/m01_couplers/auto_ds/inst'
Parsing XDC File [c:/Users/seanr/vitis_projects/Lab3_MLP_optimization/MLP_accel_vivado/MLP_accel_vivado.gen/sources_1/bd/design_1/ip/design_1_axi_mem_intercon_imp_auto_ds_2/design_1_axi_mem_intercon_imp_auto_ds_2_clocks.xdc] for cell 'design_1_i/axi_mem_intercon/m02_couplers/auto_ds/inst'
Finished Parsing XDC File [c:/Users/seanr/vitis_projects/Lab3_MLP_optimization/MLP_accel_vivado/MLP_accel_vivado.gen/sources_1/bd/design_1/ip/design_1_axi_mem_intercon_imp_auto_ds_2/design_1_axi_mem_intercon_imp_auto_ds_2_clocks.xdc] for cell 'design_1_i/axi_mem_intercon/m02_couplers/auto_ds/inst'
Parsing XDC File [c:/Users/seanr/vitis_projects/Lab3_MLP_optimization/MLP_accel_vivado/MLP_accel_vivado.gen/sources_1/bd/design_1/ip/design_1_axi_mem_intercon_imp_auto_ds_3/design_1_axi_mem_intercon_imp_auto_ds_3_clocks.xdc] for cell 'design_1_i/axi_mem_intercon/m03_couplers/auto_ds/inst'
Finished Parsing XDC File [c:/Users/seanr/vitis_projects/Lab3_MLP_optimization/MLP_accel_vivado/MLP_accel_vivado.gen/sources_1/bd/design_1/ip/design_1_axi_mem_intercon_imp_auto_ds_3/design_1_axi_mem_intercon_imp_auto_ds_3_clocks.xdc] for cell 'design_1_i/axi_mem_intercon/m03_couplers/auto_ds/inst'
INFO: [Project 1-1714] 47 XPM XDC files have been applied to the design.
INFO: [Opt 31-138] Pushed 0 inverter(s) to 0 load pin(s).
Netlist sorting complete. Time (s): cpu = 00:00:00 ; elapsed = 00:00:00.044 . Memory (MB): peak = 1845.750 ; gain = 0.000
INFO: [Project 1-111] Unisim Transformation Summary:
  A total of 69 instances were transformed.
  RAM32M => RAM32M (RAMD32(x6), RAMS32(x2)): 62 instances
  RAM32X1D => RAM32X1D (RAMD32(x2)): 7 instances

26 Infos, 1 Warnings, 0 Critical Warnings and 0 Errors encountered.
link_design completed successfully
link_design: Time (s): cpu = 00:00:35 ; elapsed = 00:00:45 . Memory (MB): peak = 1845.750 ; gain = 1243.926
Command: opt_design
Attempting to get a license for feature 'Implementation' and/or device 'xc7z020'
INFO: [Common 17-349] Got license for feature 'Implementation' and/or device 'xc7z020'
Running DRC as a precondition to command opt_design

Starting DRC Task
INFO: [DRC 23-27] Running DRC with 2 threads
INFO: [Project 1-461] DRC finished with 0 Errors
INFO: [Project 1-462] Please refer to the DRC report (report_drc) for more information.

Time (s): cpu = 00:00:03 ; elapsed = 00:00:02 . Memory (MB): peak = 1845.750 ; gain = 0.000

Starting Cache Timing Information Task
INFO: [Timing 38-35] Done setting XDC timing constraints.
Ending Cache Timing Information Task | Checksum: 1b2f8f6c3

Time (s): cpu = 00:00:04 ; elapsed = 00:00:04 . Memory (MB): peak = 1845.750 ; gain = 0.000

Starting Logic Optimization Task

Phase 1 Initialization

Phase 1.1 Core Generation And Design Setup
Phase 1.1 Core Generation And Design Setup | Checksum: 1b2f8f6c3

Time (s): cpu = 00:00:00 ; elapsed = 00:00:00.125 . Memory (MB): peak = 2253.789 ; gain = 0.000

Phase 1.2 Setup Constraints And Sort Netlist
Phase 1.2 Setup Constraints And Sort Netlist | Checksum: 1b2f8f6c3

Time (s): cpu = 00:00:00 ; elapsed = 00:00:00.195 . Memory (MB): peak = 2253.789 ; gain = 0.000
Phase 1 Initialization | Checksum: 1b2f8f6c3

Time (s): cpu = 00:00:00 ; elapsed = 00:00:00.203 . Memory (MB): peak = 2253.789 ; gain = 0.000

Phase 2 Timer Update And Timing Data Collection

Phase 2.1 Timer Update
Phase 2.1 Timer Update | Checksum: 1b2f8f6c3

Time (s): cpu = 00:00:03 ; elapsed = 00:00:02 . Memory (MB): peak = 2253.789 ; gain = 0.000

Phase 2.2 Timing Data Collection
Phase 2.2 Timing Data Collection | Checksum: 1b2f8f6c3

Time (s): cpu = 00:00:03 ; elapsed = 00:00:03 . Memory (MB): peak = 2253.789 ; gain = 0.000
Phase 2 Timer Update And Timing Data Collection | Checksum: 1b2f8f6c3

Time (s): cpu = 00:00:03 ; elapsed = 00:00:03 . Memory (MB): peak = 2253.789 ; gain = 0.000

Phase 3 Retarget
INFO: [Opt 31-1851] Number of loadless carry chains removed were: 0
INFO: [Opt 31-1834] Total Chains To Be Transformed Were: 0 AND Number of Transformed insts Created are: 0
INFO: [Opt 31-1566] Pulled 6 inverters resulting in an inversion of 45 pins
INFO: [Opt 31-138] Pushed 11 inverter(s) to 77 load pin(s).
INFO: [Opt 31-49] Retargeted 0 cell(s).
Phase 3 Retarget | Checksum: 107ce837f

Time (s): cpu = 00:00:04 ; elapsed = 00:00:04 . Memory (MB): peak = 2253.789 ; gain = 0.000
Retarget | Checksum: 107ce837f
INFO: [Opt 31-389] Phase Retarget created 55 cells and removed 210 cells
INFO: [Opt 31-1021] In phase Retarget, 281 netlist objects are constrained preventing optimization. Please run opt_design with -debug_log to get more detail. 

Phase 4 Constant propagation
INFO: [Opt 31-138] Pushed 12 inverter(s) to 45 load pin(s).
Phase 4 Constant propagation | Checksum: 11e10e6ee

Time (s): cpu = 00:00:05 ; elapsed = 00:00:05 . Memory (MB): peak = 2253.789 ; gain = 0.000
Constant propagation | Checksum: 11e10e6ee
INFO: [Opt 31-389] Phase Constant propagation created 1357 cells and removed 3828 cells
INFO: [Opt 31-1021] In phase Constant propagation, 281 netlist objects are constrained preventing optimization. Please run opt_design with -debug_log to get more detail. 

Phase 5 Sweep
INFO: [Constraints 18-11670] Building netlist checker database with flags, 0x8
Done building netlist checker database: Time (s): cpu = 00:00:00 ; elapsed = 00:00:00.087 . Memory (MB): peak = 2253.789 ; gain = 0.000
INFO: [Constraints 18-11670] Building netlist checker database with flags, 0x8
Done building netlist checker database: Time (s): cpu = 00:00:00 ; elapsed = 00:00:00.083 . Memory (MB): peak = 2253.789 ; gain = 0.000
Phase 5 Sweep | Checksum: 7ba78b80

Time (s): cpu = 00:00:08 ; elapsed = 00:00:08 . Memory (MB): peak = 2253.789 ; gain = 0.000
Sweep | Checksum: 7ba78b80
INFO: [Opt 31-389] Phase Sweep created 0 cells and removed 1319 cells
INFO: [Opt 31-1021] In phase Sweep, 953 netlist objects are constrained preventing optimization. Please run opt_design with -debug_log to get more detail. 

Phase 6 BUFG optimization
Phase 6 BUFG optimization | Checksum: 7ba78b80

Time (s): cpu = 00:00:09 ; elapsed = 00:00:09 . Memory (MB): peak = 2253.789 ; gain = 0.000
BUFG optimization | Checksum: 7ba78b80
INFO: [Opt 31-662] Phase BUFG optimization created 0 cells of which 0 are BUFGs and removed 0 cells.

Phase 7 Shift Register Optimization
INFO: [Opt 31-1064] SRL Remap converted 0 SRLs to 0 registers and converted 0 registers of register chains to 0 SRLs
Phase 7 Shift Register Optimization | Checksum: 7ba78b80

Time (s): cpu = 00:00:09 ; elapsed = 00:00:09 . Memory (MB): peak = 2253.789 ; gain = 0.000
Shift Register Optimization | Checksum: 7ba78b80
INFO: [Opt 31-389] Phase Shift Register Optimization created 0 cells and removed 0 cells

Phase 8 Post Processing Netlist
Phase 8 Post Processing Netlist | Checksum: b3dbb89a

Time (s): cpu = 00:00:09 ; elapsed = 00:00:09 . Memory (MB): peak = 2253.789 ; gain = 0.000
Post Processing Netlist | Checksum: b3dbb89a
INFO: [Opt 31-389] Phase Post Processing Netlist created 0 cells and removed 0 cells
INFO: [Opt 31-1021] In phase Post Processing Netlist, 339 netlist objects are constrained preventing optimization. Please run opt_design with -debug_log to get more detail. 

Phase 9 Finalization

Phase 9.1 Finalizing Design Cores and Updating Shapes
Phase 9.1 Finalizing Design Cores and Updating Shapes | Checksum: 135cc1383

Time (s): cpu = 00:00:11 ; elapsed = 00:00:11 . Memory (MB): peak = 2253.789 ; gain = 0.000

Phase 9.2 Verifying Netlist Connectivity

Starting Connectivity Check Task

Time (s): cpu = 00:00:00 ; elapsed = 00:00:00.141 . Memory (MB): peak = 2253.789 ; gain = 0.000
Phase 9.2 Verifying Netlist Connectivity | Checksum: 135cc1383

Time (s): cpu = 00:00:11 ; elapsed = 00:00:11 . Memory (MB): peak = 2253.789 ; gain = 0.000
Phase 9 Finalization | Checksum: 135cc1383

Time (s): cpu = 00:00:11 ; elapsed = 00:00:11 . Memory (MB): peak = 2253.789 ; gain = 0.000
Opt_design Change Summary
=========================


-------------------------------------------------------------------------------------------------------------------------
|  Phase                        |  #Cells created  |  #Cells Removed  |  #Constrained objects preventing optimizations  |
-------------------------------------------------------------------------------------------------------------------------
|  Retarget                     |              55  |             210  |                                            281  |
|  Constant propagation         |            1357  |            3828  |                                            281  |
|  Sweep                        |               0  |            1319  |                                            953  |
|  BUFG optimization            |               0  |               0  |                                              0  |
|  Shift Register Optimization  |               0  |               0  |                                              0  |
|  Post Processing Netlist      |               0  |               0  |                                            339  |
-------------------------------------------------------------------------------------------------------------------------


Ending Logic Optimization Task | Checksum: 135cc1383

Time (s): cpu = 00:00:11 ; elapsed = 00:00:11 . Memory (MB): peak = 2253.789 ; gain = 0.000

Starting Power Optimization Task
INFO: [Pwropt 34-132] Skipping clock gating for clocks with a period < 2.00 ns.
INFO: [Pwropt 34-9] Applying IDT optimizations ...
INFO: [Pwropt 34-10] Applying ODC optimizations ...
INFO: [Timing 38-35] Done setting XDC timing constraints.
Running Vector-less Activity Propagation...

Finished Running Vector-less Activity Propagation


Starting PowerOpt Patch Enables Task
INFO: [Pwropt 34-162] WRITE_MODE attribute of 0 BRAM(s) out of a total of 41 has been updated to save power. Run report_power_opt to get a complete listing of the BRAMs updated.
INFO: [Pwropt 34-201] Structural ODC has moved 5 WE to EN ports
Number of BRAM Ports augmented: 46 newly gated: 41 Total Ports: 82
Ending PowerOpt Patch Enables Task | Checksum: e045cfbd

Time (s): cpu = 00:00:00 ; elapsed = 00:00:00.459 . Memory (MB): peak = 2563.098 ; gain = 0.000
Ending Power Optimization Task | Checksum: e045cfbd

Time (s): cpu = 00:00:23 ; elapsed = 00:00:15 . Memory (MB): peak = 2563.098 ; gain = 309.309

Starting Final Cleanup Task

Starting Logic Optimization Task
INFO: [Timing 38-35] Done setting XDC timing constraints.
Ending Logic Optimization Task | Checksum: 17d9dde64

Time (s): cpu = 00:00:08 ; elapsed = 00:00:07 . Memory (MB): peak = 2563.098 ; gain = 0.000
Ending Final Cleanup Task | Checksum: 17d9dde64

Time (s): cpu = 00:00:13 ; elapsed = 00:00:12 . Memory (MB): peak = 2563.098 ; gain = 0.000

Starting Netlist Obfuscation Task
Netlist sorting complete. Time (s): cpu = 00:00:00 ; elapsed = 00:00:00.038 . Memory (MB): peak = 2563.098 ; gain = 0.000
Ending Netlist Obfuscation Task | Checksum: 17d9dde64

Time (s): cpu = 00:00:00 ; elapsed = 00:00:00.050 . Memory (MB): peak = 2563.098 ; gain = 0.000
INFO: [Common 17-83] Releasing license: Implementation
58 Infos, 1 Warnings, 0 Critical Warnings and 0 Errors encountered.
opt_design completed successfully
opt_design: Time (s): cpu = 00:00:58 ; elapsed = 00:00:50 . Memory (MB): peak = 2563.098 ; gain = 717.348
INFO: [Vivado 12-24828] Executing command : report_drc -file design_1_wrapper_drc_opted.rpt -pb design_1_wrapper_drc_opted.pb -rpx design_1_wrapper_drc_opted.rpx
Command: report_drc -file design_1_wrapper_drc_opted.rpt -pb design_1_wrapper_drc_opted.pb -rpx design_1_wrapper_drc_opted.rpx
INFO: [IP_Flow 19-1839] IP Catalog is up to date.
INFO: [DRC 23-27] Running DRC with 2 threads
INFO: [Vivado_Tcl 2-168] The results of DRC are in file C:/Users/seanr/vitis_projects/Lab3_MLP_optimization/MLP_accel_vivado/MLP_accel_vivado.runs/impl_1/design_1_wrapper_drc_opted.rpt.
report_drc completed successfully
INFO: [Timing 38-480] Writing timing data to binary archive.
Wrote PlaceDB: Time (s): cpu = 00:00:01 ; elapsed = 00:00:00.068 . Memory (MB): peak = 2563.098 ; gain = 0.000
Wrote PulsedLatchDB: Time (s): cpu = 00:00:00 ; elapsed = 00:00:00.002 . Memory (MB): peak = 2563.098 ; gain = 0.000
Writing XDEF routing.
Writing XDEF routing logical nets.
Writing XDEF routing special nets.
Wrote RouteStorage: Time (s): cpu = 00:00:00 ; elapsed = 00:00:00.258 . Memory (MB): peak = 2563.098 ; gain = 0.000
Wrote Netlist Cache: Time (s): cpu = 00:00:00 ; elapsed = 00:00:00.004 . Memory (MB): peak = 2563.098 ; gain = 0.000
Wrote Device Cache: Time (s): cpu = 00:00:00 ; elapsed = 00:00:00.053 . Memory (MB): peak = 2563.098 ; gain = 0.000
Write Physdb Complete: Time (s): cpu = 00:00:01 ; elapsed = 00:00:00.426 . Memory (MB): peak = 2563.098 ; gain = 0.000
Write ShapeDB Complete: Time (s): cpu = 00:00:01 ; elapsed = 00:00:00.437 . Memory (MB): peak = 2563.098 ; gain = 0.000
INFO: [Common 17-1381] The checkpoint 'C:/Users/seanr/vitis_projects/Lab3_MLP_optimization/MLP_accel_vivado/MLP_accel_vivado.runs/impl_1/design_1_wrapper_opt.dcp' has been generated.
write_checkpoint: Time (s): cpu = 00:00:09 ; elapsed = 00:00:07 . Memory (MB): peak = 2563.098 ; gain = 0.000
Command: place_design
Attempting to get a license for feature 'Implementation' and/or device 'xc7z020'
INFO: [Common 17-349] Got license for feature 'Implementation' and/or device 'xc7z020'
INFO: [Common 17-83] Releasing license: Implementation
INFO: [DRC 23-27] Running DRC with 2 threads
INFO: [Vivado_Tcl 4-198] DRC finished with 0 Errors
INFO: [Vivado_Tcl 4-199] Please refer to the DRC report (report_drc) for more information.
Running DRC as a precondition to command place_design
INFO: [DRC 23-27] Running DRC with 2 threads
INFO: [Vivado_Tcl 4-198] DRC finished with 0 Errors
INFO: [Vivado_Tcl 4-199] Please refer to the DRC report (report_drc) for more information.
INFO: [Place 30-611] Multithreading enabled for place_design using a maximum of 2 CPUs

Starting Placer Task

Phase 1 Placer Initialization

Phase 1.1 Placer Initialization Netlist Sorting
Netlist sorting complete. Time (s): cpu = 00:00:00 ; elapsed = 00:00:00.049 . Memory (MB): peak = 2563.098 ; gain = 0.000
Phase 1.1 Placer Initialization Netlist Sorting | Checksum: 9562bdfd

Time (s): cpu = 00:00:00 ; elapsed = 00:00:00.070 . Memory (MB): peak = 2563.098 ; gain = 0.000
Netlist sorting complete. Time (s): cpu = 00:00:00 ; elapsed = 00:00:00.043 . Memory (MB): peak = 2563.098 ; gain = 0.000

Phase 1.2 IO Placement/ Clock Placement/ Build Placer Device
INFO: [Timing 38-35] Done setting XDC timing constraints.
Phase 1.2 IO Placement/ Clock Placement/ Build Placer Device | Checksum: 718e26bb

Time (s): cpu = 00:00:07 ; elapsed = 00:00:07 . Memory (MB): peak = 2563.098 ; gain = 0.000

Phase 1.3 Build Placer Netlist Model
Phase 1.3 Build Placer Netlist Model | Checksum: dc2792b2

Time (s): cpu = 00:00:27 ; elapsed = 00:00:23 . Memory (MB): peak = 2563.098 ; gain = 0.000

Phase 1.4 Constrain Clocks/Macros
Phase 1.4 Constrain Clocks/Macros | Checksum: dc2792b2

Time (s): cpu = 00:00:27 ; elapsed = 00:00:23 . Memory (MB): peak = 2563.098 ; gain = 0.000
Phase 1 Placer Initialization | Checksum: dc2792b2

Time (s): cpu = 00:00:27 ; elapsed = 00:00:24 . Memory (MB): peak = 2563.098 ; gain = 0.000

Phase 2 Global Placement

Phase 2.1 Floorplanning
Phase 2.1 Floorplanning | Checksum: f44bdbdd

Time (s): cpu = 00:00:34 ; elapsed = 00:00:29 . Memory (MB): peak = 2563.098 ; gain = 0.000

Phase 2.2 Update Timing before SLR Path Opt
Phase 2.2 Update Timing before SLR Path Opt | Checksum: 7d1e5c3d

Time (s): cpu = 00:00:40 ; elapsed = 00:00:33 . Memory (MB): peak = 2563.098 ; gain = 0.000

Phase 2.3 Post-Processing in Floorplanning
Phase 2.3 Post-Processing in Floorplanning | Checksum: 7d1e5c3d

Time (s): cpu = 00:00:41 ; elapsed = 00:00:33 . Memory (MB): peak = 2563.098 ; gain = 0.000

Phase 2.4 Global Place Phase1
Phase 2.4 Global Place Phase1 | Checksum: e499c717

Time (s): cpu = 00:01:27 ; elapsed = 00:01:08 . Memory (MB): peak = 2563.098 ; gain = 0.000

Phase 2.5 Global Place Phase2

Phase 2.5.1 UpdateTiming Before Physical Synthesis
Phase 2.5.1 UpdateTiming Before Physical Synthesis | Checksum: e499c717

Time (s): cpu = 00:01:34 ; elapsed = 00:01:12 . Memory (MB): peak = 2563.098 ; gain = 0.000

Phase 2.5.2 Physical Synthesis In Placer
INFO: [Physopt 32-1035] Found 0 LUTNM shape to break, 1981 LUT instances to create LUTNM shape
INFO: [Physopt 32-1044] Break lutnm for timing: one critical 0, two critical 0, total 0, new lutff created 0
INFO: [Physopt 32-1138] End 1 Pass. Optimized 748 nets or LUTs. Breaked 0 LUT, combined 748 existing LUTs and moved 0 existing LUT
INFO: [Physopt 32-65] No nets found for high-fanout optimization.
INFO: [Physopt 32-232] Optimized 0 net. Created 0 new instance.
INFO: [Physopt 32-775] End 1 Pass. Optimized 0 net or cell. Created 0 new cell, deleted 0 existing cell and moved 0 existing cell
INFO: [Physopt 32-670] No setup violation found.  DSP Register Optimization was not performed.
INFO: [Physopt 32-670] No setup violation found.  Shift Register to Pipeline Optimization was not performed.
INFO: [Physopt 32-670] No setup violation found.  Shift Register Optimization was not performed.
INFO: [Physopt 32-670] No setup violation found.  BRAM Register Optimization was not performed.
INFO: [Physopt 32-670] No setup violation found.  URAM Register Optimization was not performed.
INFO: [Physopt 32-949] No candidate nets found for dynamic/static region interface net replication
INFO: [Physopt 32-775] End 1 Pass. Optimized 0 net or cell. Created 0 new cell, deleted 0 existing cell and moved 0 existing cell
Netlist sorting complete. Time (s): cpu = 00:00:00 ; elapsed = 00:00:00.039 . Memory (MB): peak = 2563.098 ; gain = 0.000

Summary of Physical Synthesis Optimizations
============================================


-----------------------------------------------------------------------------------------------------------------------------------------------------------
|  Optimization                                     |  Added Cells  |  Removed Cells  |  Optimized Cells/Nets  |  Dont Touch  |  Iterations  |  Elapsed   |
-----------------------------------------------------------------------------------------------------------------------------------------------------------
|  LUT Combining                                    |            0  |            748  |                   748  |           0  |           1  |  00:00:02  |
|  Retime                                           |            0  |              0  |                     0  |           0  |           1  |  00:00:00  |
|  Very High Fanout                                 |            0  |              0  |                     0  |           0  |           1  |  00:00:01  |
|  DSP Register                                     |            0  |              0  |                     0  |           0  |           0  |  00:00:00  |
|  Shift Register to Pipeline                       |            0  |              0  |                     0  |           0  |           0  |  00:00:00  |
|  Shift Register                                   |            0  |              0  |                     0  |           0  |           0  |  00:00:00  |
|  BRAM Register                                    |            0  |              0  |                     0  |           0  |           0  |  00:00:00  |
|  URAM Register                                    |            0  |              0  |                     0  |           0  |           0  |  00:00:00  |
|  Dynamic/Static Region Interface Net Replication  |            0  |              0  |                     0  |           0  |           1  |  00:00:00  |
|  Total                                            |            0  |            748  |                   748  |           0  |           4  |  00:00:02  |
-----------------------------------------------------------------------------------------------------------------------------------------------------------


Phase 2.5.2 Physical Synthesis In Placer | Checksum: c89e19c4

Time (s): cpu = 00:01:43 ; elapsed = 00:01:20 . Memory (MB): peak = 2563.098 ; gain = 0.000
Phase 2.5 Global Place Phase2 | Checksum: 150a76b6a

Time (s): cpu = 00:01:50 ; elapsed = 00:01:26 . Memory (MB): peak = 2563.098 ; gain = 0.000
Phase 2 Global Placement | Checksum: 150a76b6a

Time (s): cpu = 00:01:50 ; elapsed = 00:01:26 . Memory (MB): peak = 2563.098 ; gain = 0.000

Phase 3 Detail Placement

Phase 3.1 Commit Multi Column Macros
Phase 3.1 Commit Multi Column Macros | Checksum: 1a213d48a

Time (s): cpu = 00:01:58 ; elapsed = 00:01:30 . Memory (MB): peak = 2563.098 ; gain = 0.000

Phase 3.2 Commit Most Macros & LUTRAMs
Phase 3.2 Commit Most Macros & LUTRAMs | Checksum: 1f53a0c72

Time (s): cpu = 00:02:11 ; elapsed = 00:01:41 . Memory (MB): peak = 2563.098 ; gain = 0.000

Phase 3.3 Area Swap Optimization
Phase 3.3 Area Swap Optimization | Checksum: 1249e2713

Time (s): cpu = 00:02:12 ; elapsed = 00:01:41 . Memory (MB): peak = 2563.098 ; gain = 0.000

Phase 3.4 Pipeline Register Optimization
Phase 3.4 Pipeline Register Optimization | Checksum: 19e366084

Time (s): cpu = 00:02:12 ; elapsed = 00:01:42 . Memory (MB): peak = 2563.098 ; gain = 0.000

Phase 3.5 Small Shape Detail Placement
Phase 3.5 Small Shape Detail Placement | Checksum: 1f1e28d56

Time (s): cpu = 00:02:34 ; elapsed = 00:02:09 . Memory (MB): peak = 2563.098 ; gain = 0.000

Phase 3.6 Re-assign LUT pins
Phase 3.6 Re-assign LUT pins | Checksum: 11a8a32e5

Time (s): cpu = 00:02:37 ; elapsed = 00:02:12 . Memory (MB): peak = 2563.098 ; gain = 0.000

Phase 3.7 Pipeline Register Optimization
Phase 3.7 Pipeline Register Optimization | Checksum: 106dfc1aa

Time (s): cpu = 00:02:37 ; elapsed = 00:02:12 . Memory (MB): peak = 2563.098 ; gain = 0.000
Phase 3 Detail Placement | Checksum: 106dfc1aa

Time (s): cpu = 00:02:38 ; elapsed = 00:02:13 . Memory (MB): peak = 2563.098 ; gain = 0.000

Phase 4 Post Placement Optimization and Clean-Up

Phase 4.1 Post Commit Optimization
INFO: [Timing 38-35] Done setting XDC timing constraints.

Phase 4.1.1 Post Placement Optimization
Post Placement Optimization Initialization | Checksum: 1df45ba30

Phase 4.1.1.1 BUFG Insertion

Starting Physical Synthesis Task

Phase 1 Physical Synthesis Initialization
INFO: [Physopt 32-721] Multithreading enabled for phys_opt_design using a maximum of 2 CPUs
INFO: [Physopt 32-619] Estimated Timing Summary | WNS=2.766 | TNS=0.000 |
Phase 1 Physical Synthesis Initialization | Checksum: 2721c9dc8

Time (s): cpu = 00:00:02 ; elapsed = 00:00:01 . Memory (MB): peak = 2563.098 ; gain = 0.000
INFO: [Place 46-33] Processed net design_1_i/MM_0/inst/gmem3_m_axi_U/store_unit_0/buff_wdata/U_fifo_srl/SR[0], BUFG insertion was skipped due to placement/routing conflicts.
INFO: [Place 46-56] BUFG insertion identified 1 candidate nets. Inserted BUFG: 0, Replicated BUFG Driver: 0, Skipped due to Placement/Routing Conflicts: 1, Skipped due to Timing Degradation: 0, Skipped due to netlist editing failed: 0.
Ending Physical Synthesis Task | Checksum: 21ac5f5f8

Time (s): cpu = 00:00:04 ; elapsed = 00:00:02 . Memory (MB): peak = 2563.098 ; gain = 0.000
Phase 4.1.1.1 BUFG Insertion | Checksum: 1df45ba30

Time (s): cpu = 00:03:01 ; elapsed = 00:02:30 . Memory (MB): peak = 2563.098 ; gain = 0.000

Phase 4.1.1.2 Post Placement Timing Optimization
INFO: [Place 30-746] Post Placement Timing Summary WNS=2.766. For the most accurate timing information please run report_timing.
Phase 4.1.1.2 Post Placement Timing Optimization | Checksum: 14e060bb8

Time (s): cpu = 00:03:01 ; elapsed = 00:02:31 . Memory (MB): peak = 2563.098 ; gain = 0.000

Time (s): cpu = 00:03:01 ; elapsed = 00:02:31 . Memory (MB): peak = 2563.098 ; gain = 0.000
Phase 4.1 Post Commit Optimization | Checksum: 14e060bb8

Time (s): cpu = 00:03:02 ; elapsed = 00:02:31 . Memory (MB): peak = 2563.098 ; gain = 0.000

Phase 4.2 Post Placement Cleanup
Phase 4.2 Post Placement Cleanup | Checksum: 14e060bb8

Time (s): cpu = 00:03:03 ; elapsed = 00:02:32 . Memory (MB): peak = 2563.098 ; gain = 0.000

Phase 4.3 Placer Reporting

Phase 4.3.1 Print Estimated Congestion
INFO: [Place 30-612] Post-Placement Estimated Congestion 
 ____________________________________________________
|           | Global Congestion | Short Congestion  |
| Direction | Region Size       | Region Size       |
|___________|___________________|___________________|
|      North|                2x2|                4x4|
|___________|___________________|___________________|
|      South|                2x2|                4x4|
|___________|___________________|___________________|
|       East|                4x4|                1x1|
|___________|___________________|___________________|
|       West|                4x4|                4x4|
|___________|___________________|___________________|

Phase 4.3.1 Print Estimated Congestion | Checksum: 14e060bb8

Time (s): cpu = 00:03:03 ; elapsed = 00:02:32 . Memory (MB): peak = 2563.098 ; gain = 0.000
Phase 4.3 Placer Reporting | Checksum: 14e060bb8

Time (s): cpu = 00:03:04 ; elapsed = 00:02:32 . Memory (MB): peak = 2563.098 ; gain = 0.000

Phase 4.4 Final Placement Cleanup
Netlist sorting complete. Time (s): cpu = 00:00:00 ; elapsed = 00:00:00.055 . Memory (MB): peak = 2563.098 ; gain = 0.000

Time (s): cpu = 00:03:04 ; elapsed = 00:02:33 . Memory (MB): peak = 2563.098 ; gain = 0.000
Phase 4 Post Placement Optimization and Clean-Up | Checksum: dbaf8086

Time (s): cpu = 00:03:04 ; elapsed = 00:02:33 . Memory (MB): peak = 2563.098 ; gain = 0.000
Ending Placer Task | Checksum: c0344a5f

Time (s): cpu = 00:03:05 ; elapsed = 00:02:33 . Memory (MB): peak = 2563.098 ; gain = 0.000
94 Infos, 1 Warnings, 0 Critical Warnings and 0 Errors encountered.
place_design completed successfully
place_design: Time (s): cpu = 00:03:11 ; elapsed = 00:02:37 . Memory (MB): peak = 2563.098 ; gain = 0.000
INFO: [Vivado 12-24838] Running report commands "report_control_sets, report_io, report_utilization" in parallel.
Running report generation with 2 threads.
INFO: [Vivado 12-24828] Executing command : report_io -file design_1_wrapper_io_placed.rpt
report_io: Time (s): cpu = 00:00:00 ; elapsed = 00:00:00.121 . Memory (MB): peak = 2563.098 ; gain = 0.000
INFO: [Vivado 12-24828] Executing command : report_control_sets -verbose -file design_1_wrapper_control_sets_placed.rpt
report_control_sets: Time (s): cpu = 00:00:00 ; elapsed = 00:00:00.209 . Memory (MB): peak = 2563.098 ; gain = 0.000
INFO: [Vivado 12-24828] Executing command : report_utilization -file design_1_wrapper_utilization_placed.rpt -pb design_1_wrapper_utilization_placed.pb
INFO: [Timing 38-480] Writing timing data to binary archive.
Write ShapeDB Complete: Time (s): cpu = 00:00:02 ; elapsed = 00:00:00.490 . Memory (MB): peak = 2563.098 ; gain = 0.000
Wrote PlaceDB: Time (s): cpu = 00:00:14 ; elapsed = 00:00:07 . Memory (MB): peak = 2563.098 ; gain = 0.000
Wrote PulsedLatchDB: Time (s): cpu = 00:00:00 ; elapsed = 00:00:00 . Memory (MB): peak = 2563.098 ; gain = 0.000
Writing XDEF routing.
Writing XDEF routing logical nets.
Writing XDEF routing special nets.
Wrote RouteStorage: Time (s): cpu = 00:00:00 ; elapsed = 00:00:00.108 . Memory (MB): peak = 2563.098 ; gain = 0.000
Wrote Netlist Cache: Time (s): cpu = 00:00:00 ; elapsed = 00:00:00.123 . Memory (MB): peak = 2563.098 ; gain = 0.000
Wrote Device Cache: Time (s): cpu = 00:00:00 ; elapsed = 00:00:00.022 . Memory (MB): peak = 2563.098 ; gain = 0.000
Write Physdb Complete: Time (s): cpu = 00:00:14 ; elapsed = 00:00:08 . Memory (MB): peak = 2563.098 ; gain = 0.000
INFO: [Common 17-1381] The checkpoint 'C:/Users/seanr/vitis_projects/Lab3_MLP_optimization/MLP_accel_vivado/MLP_accel_vivado.runs/impl_1/design_1_wrapper_placed.dcp' has been generated.
write_checkpoint: Time (s): cpu = 00:00:16 ; elapsed = 00:00:11 . Memory (MB): peak = 2563.098 ; gain = 0.000
Command: phys_opt_design
Attempting to get a license for feature 'Implementation' and/or device 'xc7z020'
INFO: [Common 17-349] Got license for feature 'Implementation' and/or device 'xc7z020'

Starting Initial Update Timing Task

Time (s): cpu = 00:00:15 ; elapsed = 00:00:10 . Memory (MB): peak = 2563.098 ; gain = 0.000
INFO: [Vivado_Tcl 4-2279] Estimated Timing Summary | WNS= 2.766 | TNS= 0.000 | 
INFO: [Vivado_Tcl 4-383] Design worst setup slack (WNS) is greater than or equal to 0.000 ns. All physical synthesis setup optimizations will be skipped.
INFO: [Vivado_Tcl 4-232] No setup violation found. The netlist was not modified.
INFO: [Common 17-83] Releasing license: Implementation
105 Infos, 1 Warnings, 0 Critical Warnings and 0 Errors encountered.
phys_opt_design completed successfully
phys_opt_design: Time (s): cpu = 00:00:15 ; elapsed = 00:00:11 . Memory (MB): peak = 2563.098 ; gain = 0.000
INFO: [Timing 38-480] Writing timing data to binary archive.
Write ShapeDB Complete: Time (s): cpu = 00:00:01 ; elapsed = 00:00:00.497 . Memory (MB): peak = 2579.363 ; gain = 16.266
Wrote PlaceDB: Time (s): cpu = 00:00:12 ; elapsed = 00:00:07 . Memory (MB): peak = 2582.812 ; gain = 19.715
Wrote PulsedLatchDB: Time (s): cpu = 00:00:00 ; elapsed = 00:00:00 . Memory (MB): peak = 2582.812 ; gain = 0.000
Writing XDEF routing.
Writing XDEF routing logical nets.
Writing XDEF routing special nets.
Wrote RouteStorage: Time (s): cpu = 00:00:01 ; elapsed = 00:00:00.113 . Memory (MB): peak = 2582.812 ; gain = 0.000
Wrote Netlist Cache: Time (s): cpu = 00:00:00 ; elapsed = 00:00:00.136 . Memory (MB): peak = 2582.812 ; gain = 0.000
Wrote Device Cache: Time (s): cpu = 00:00:00 ; elapsed = 00:00:00.019 . Memory (MB): peak = 2582.812 ; gain = 0.000
Write Physdb Complete: Time (s): cpu = 00:00:13 ; elapsed = 00:00:07 . Memory (MB): peak = 2582.812 ; gain = 19.715
INFO: [Common 17-1381] The checkpoint 'C:/Users/seanr/vitis_projects/Lab3_MLP_optimization/MLP_accel_vivado/MLP_accel_vivado.runs/impl_1/design_1_wrapper_physopt.dcp' has been generated.
write_checkpoint: Time (s): cpu = 00:00:15 ; elapsed = 00:00:10 . Memory (MB): peak = 2582.812 ; gain = 19.715
Command: route_design
Attempting to get a license for feature 'Implementation' and/or device 'xc7z020'
INFO: [Common 17-349] Got license for feature 'Implementation' and/or device 'xc7z020'


Starting Routing Task
INFO: [Route 35-254] Multithreading enabled for route_design using a maximum of 2 CPUs

Phase 1 Build RT Design
Checksum: PlaceDB: 3f6ac9df ConstDB: 0 ShapeSum: 6ad00d90 RouteDB: 15f972f0
Post Restoration Checksum: NetGraph: c14a403d | NumContArr: da9d7773 | Constraints: c2a8fa9d | Timing: c2a8fa9d
Phase 1 Build RT Design | Checksum: 32139acea

Time (s): cpu = 00:01:04 ; elapsed = 00:01:00 . Memory (MB): peak = 2666.840 ; gain = 84.027

Phase 2 Router Initialization

Phase 2.1 Fix Topology Constraints
Phase 2.1 Fix Topology Constraints | Checksum: 32139acea

Time (s): cpu = 00:01:05 ; elapsed = 00:01:00 . Memory (MB): peak = 2666.840 ; gain = 84.027

Phase 2.2 Pre Route Cleanup
Phase 2.2 Pre Route Cleanup | Checksum: 32139acea

Time (s): cpu = 00:01:05 ; elapsed = 00:01:01 . Memory (MB): peak = 2666.840 ; gain = 84.027
 Number of Nodes with overlaps = 0

Phase 2.3 Update Timing
Phase 2.3 Update Timing | Checksum: 1f8e3512f

Time (s): cpu = 00:01:30 ; elapsed = 00:01:18 . Memory (MB): peak = 2748.387 ; gain = 165.574
INFO: [Route 35-416] Intermediate Timing Summary | WNS=3.229  | TNS=0.000  | WHS=-0.227 | THS=-517.814|


Phase 2.4 Soft Constraint Pins - Fast Budgeting
Phase 2.4 Soft Constraint Pins - Fast Budgeting | Checksum: 1d81a91e5

Time (s): cpu = 00:01:45 ; elapsed = 00:01:28 . Memory (MB): peak = 2938.344 ; gain = 355.531

Router Utilization Summary
  Global Vertical Routing Utilization    = 0 %
  Global Horizontal Routing Utilization  = 0 %
  Routable Net Status*
  *Does not include unroutable nets such as driverless and loadless.
  Run report_route_status for detailed report.
  Number of Failed Nets               = 55427
    (Failed Nets is the sum of unrouted and partially routed nets)
  Number of Unrouted Nets             = 55427
  Number of Partially Routed Nets     = 0
  Number of Node Overlaps             = 0

Phase 2 Router Initialization | Checksum: 211a3a571

Time (s): cpu = 00:01:47 ; elapsed = 00:01:29 . Memory (MB): peak = 2938.344 ; gain = 355.531

Phase 3 Global Routing
Phase 3 Global Routing | Checksum: 211a3a571

Time (s): cpu = 00:01:47 ; elapsed = 00:01:29 . Memory (MB): peak = 2938.344 ; gain = 355.531

Phase 4 Initial Routing

Phase 4.1 Initial Net Routing Pass
Phase 4.1 Initial Net Routing Pass | Checksum: 290aafd17

Time (s): cpu = 00:02:15 ; elapsed = 00:01:46 . Memory (MB): peak = 2938.344 ; gain = 355.531
Phase 4 Initial Routing | Checksum: 290aafd17

Time (s): cpu = 00:02:15 ; elapsed = 00:01:46 . Memory (MB): peak = 2938.344 ; gain = 355.531

Phase 5 Rip-up And Reroute

Phase 5.1 Global Iteration 0
 Number of Nodes with overlaps = 5939
 Number of Nodes with overlaps = 275
 Number of Nodes with overlaps = 47
 Number of Nodes with overlaps = 16
 Number of Nodes with overlaps = 8
 Number of Nodes with overlaps = 2
 Number of Nodes with overlaps = 1
 Number of Nodes with overlaps = 0
INFO: [Route 35-416] Intermediate Timing Summary | WNS=2.437  | TNS=0.000  | WHS=N/A    | THS=N/A    |

Phase 5.1 Global Iteration 0 | Checksum: 2a6afcee9

Time (s): cpu = 00:03:37 ; elapsed = 00:02:53 . Memory (MB): peak = 2938.344 ; gain = 355.531

Phase 5.2 Global Iteration 1
 Number of Nodes with overlaps = 23
 Number of Nodes with overlaps = 0
INFO: [Route 35-416] Intermediate Timing Summary | WNS=2.437  | TNS=0.000  | WHS=N/A    | THS=N/A    |

Phase 5.2 Global Iteration 1 | Checksum: 30b1ae9c7

Time (s): cpu = 00:03:40 ; elapsed = 00:02:56 . Memory (MB): peak = 2938.344 ; gain = 355.531
Phase 5 Rip-up And Reroute | Checksum: 30b1ae9c7

Time (s): cpu = 00:03:40 ; elapsed = 00:02:56 . Memory (MB): peak = 2938.344 ; gain = 355.531

Phase 6 Delay and Skew Optimization

Phase 6.1 Delay CleanUp
Phase 6.1 Delay CleanUp | Checksum: 30b1ae9c7

Time (s): cpu = 00:03:41 ; elapsed = 00:02:56 . Memory (MB): peak = 2938.344 ; gain = 355.531

Phase 6.2 Clock Skew Optimization
Phase 6.2 Clock Skew Optimization | Checksum: 30b1ae9c7

Time (s): cpu = 00:03:41 ; elapsed = 00:02:56 . Memory (MB): peak = 2938.344 ; gain = 355.531
Phase 6 Delay and Skew Optimization | Checksum: 30b1ae9c7

Time (s): cpu = 00:03:41 ; elapsed = 00:02:56 . Memory (MB): peak = 2938.344 ; gain = 355.531

Phase 7 Post Hold Fix

Phase 7.1 Hold Fix Iter
INFO: [Route 35-416] Intermediate Timing Summary | WNS=2.493  | TNS=0.000  | WHS=0.018  | THS=0.000  |

Phase 7.1 Hold Fix Iter | Checksum: 29e2d014b

Time (s): cpu = 00:03:46 ; elapsed = 00:03:00 . Memory (MB): peak = 2938.344 ; gain = 355.531
Phase 7 Post Hold Fix | Checksum: 29e2d014b

Time (s): cpu = 00:03:46 ; elapsed = 00:03:00 . Memory (MB): peak = 2938.344 ; gain = 355.531

Phase 8 Route finalize

Router Utilization Summary
  Global Vertical Routing Utilization    = 17.2815 %
  Global Horizontal Routing Utilization  = 22.8578 %
  Routable Net Status*
  *Does not include unroutable nets such as driverless and loadless.
  Run report_route_status for detailed report.
  Number of Failed Nets               = 0
    (Failed Nets is the sum of unrouted and partially routed nets)
  Number of Unrouted Nets             = 0
  Number of Partially Routed Nets     = 0
  Number of Node Overlaps             = 0

Phase 8 Route finalize | Checksum: 29e2d014b

Time (s): cpu = 00:03:46 ; elapsed = 00:03:00 . Memory (MB): peak = 2938.344 ; gain = 355.531

Phase 9 Verifying routed nets

 Verification completed successfully
Phase 9 Verifying routed nets | Checksum: 29e2d014b

Time (s): cpu = 00:03:47 ; elapsed = 00:03:00 . Memory (MB): peak = 2938.344 ; gain = 355.531

Phase 10 Depositing Routes
Phase 10 Depositing Routes | Checksum: 1c99d82ee

Time (s): cpu = 00:03:54 ; elapsed = 00:03:06 . Memory (MB): peak = 2938.344 ; gain = 355.531

Phase 11 Post Process Routing
Phase 11 Post Process Routing | Checksum: 1c99d82ee

Time (s): cpu = 00:03:54 ; elapsed = 00:03:06 . Memory (MB): peak = 2938.344 ; gain = 355.531

Phase 12 Post Router Timing
INFO: [Route 35-57] Estimated Timing Summary | WNS=2.493  | TNS=0.000  | WHS=0.018  | THS=0.000  |

INFO: [Route 35-327] The final timing numbers are based on the router estimated timing analysis. For a complete and accurate timing signoff, please run report_timing_summary.
Phase 12 Post Router Timing | Checksum: 1c99d82ee

Time (s): cpu = 00:03:54 ; elapsed = 00:03:07 . Memory (MB): peak = 2938.344 ; gain = 355.531
Total Elapsed time in route_design: 186.657 secs

Phase 13 Post-Route Event Processing
Phase 13 Post-Route Event Processing | Checksum: 18c1d8ce7

Time (s): cpu = 00:03:55 ; elapsed = 00:03:07 . Memory (MB): peak = 2938.344 ; gain = 355.531
INFO: [Route 35-16] Router Completed Successfully
Ending Routing Task | Checksum: 18c1d8ce7

Time (s): cpu = 00:03:56 ; elapsed = 00:03:08 . Memory (MB): peak = 2938.344 ; gain = 355.531

Routing Is Done.
INFO: [Common 17-83] Releasing license: Implementation
117 Infos, 1 Warnings, 0 Critical Warnings and 0 Errors encountered.
route_design completed successfully
route_design: Time (s): cpu = 00:03:56 ; elapsed = 00:03:09 . Memory (MB): peak = 2938.344 ; gain = 355.531
INFO: [Vivado 12-24828] Executing command : report_drc -file design_1_wrapper_drc_routed.rpt -pb design_1_wrapper_drc_routed.pb -rpx design_1_wrapper_drc_routed.rpx
Command: report_drc -file design_1_wrapper_drc_routed.rpt -pb design_1_wrapper_drc_routed.pb -rpx design_1_wrapper_drc_routed.rpx
INFO: [IP_Flow 19-1839] IP Catalog is up to date.
INFO: [DRC 23-27] Running DRC with 2 threads
INFO: [Vivado_Tcl 2-168] The results of DRC are in file C:/Users/seanr/vitis_projects/Lab3_MLP_optimization/MLP_accel_vivado/MLP_accel_vivado.runs/impl_1/design_1_wrapper_drc_routed.rpt.
report_drc completed successfully
report_drc: Time (s): cpu = 00:00:21 ; elapsed = 00:00:13 . Memory (MB): peak = 2938.344 ; gain = 0.000
INFO: [Vivado 12-24828] Executing command : report_methodology -file design_1_wrapper_methodology_drc_routed.rpt -pb design_1_wrapper_methodology_drc_routed.pb -rpx design_1_wrapper_methodology_drc_routed.rpx
Command: report_methodology -file design_1_wrapper_methodology_drc_routed.rpt -pb design_1_wrapper_methodology_drc_routed.pb -rpx design_1_wrapper_methodology_drc_routed.rpx
INFO: [Timing 38-35] Done setting XDC timing constraints.
INFO: [DRC 23-133] Running Methodology with 2 threads
INFO: [Vivado_Tcl 2-1520] The results of Report Methodology are in file C:/Users/seanr/vitis_projects/Lab3_MLP_optimization/MLP_accel_vivado/MLP_accel_vivado.runs/impl_1/design_1_wrapper_methodology_drc_routed.rpt.
report_methodology completed successfully
report_drc: Time (s): cpu = 00:00:41 ; elapsed = 00:00:26 . Memory (MB): peak = 2939.117 ; gain = 0.773
INFO: [Vivado 12-24828] Executing command : report_timing_summary -max_paths 10 -routable_nets -report_unconstrained -file design_1_wrapper_timing_summary_routed.rpt -pb design_1_wrapper_timing_summary_routed.pb -rpx design_1_wrapper_timing_summary_routed.rpx -warn_on_violation 
INFO: [Timing 38-35] Done setting XDC timing constraints.
INFO: [Timing 38-91] UpdateTimingParams: Speed grade: -1, Delay Type: min_max.
INFO: [Timing 38-191] Multithreading enabled for timing update using a maximum of 2 CPUs
report_timing_summary: Time (s): cpu = 00:00:09 ; elapsed = 00:00:06 . Memory (MB): peak = 2939.117 ; gain = 0.000
INFO: [Vivado 12-24838] Running report commands "report_incremental_reuse, report_route_status" in parallel.
Running report generation with 2 threads.
INFO: [Vivado 12-24828] Executing command : report_incremental_reuse -file design_1_wrapper_incremental_reuse_routed.rpt
INFO: [Vivado_Tcl 4-1062] Incremental flow is disabled. No incremental reuse Info to report.
INFO: [Vivado 12-24828] Executing command : report_route_status -file design_1_wrapper_route_status.rpt -pb design_1_wrapper_route_status.pb
INFO: [Vivado 12-24828] Executing command : report_power -file design_1_wrapper_power_routed.rpt -pb design_1_wrapper_power_summary_routed.pb -rpx design_1_wrapper_power_routed.rpx
Command: report_power -file design_1_wrapper_power_routed.rpt -pb design_1_wrapper_power_summary_routed.pb -rpx design_1_wrapper_power_routed.rpx
Running Vector-less Activity Propagation...

Finished Running Vector-less Activity Propagation
134 Infos, 1 Warnings, 0 Critical Warnings and 0 Errors encountered.
report_power completed successfully
report_power: Time (s): cpu = 00:00:36 ; elapsed = 00:04:17 . Memory (MB): peak = 2977.289 ; gain = 34.598
INFO: [Vivado 12-24828] Executing command : report_clock_utilization -file design_1_wrapper_clock_utilization_routed.rpt
report_clock_utilization: Time (s): cpu = 00:00:06 ; elapsed = 00:00:08 . Memory (MB): peak = 2977.289 ; gain = 0.000
INFO: [Vivado 12-24828] Executing command : report_bus_skew -warn_on_violation -file design_1_wrapper_bus_skew_routed.rpt -pb design_1_wrapper_bus_skew_routed.pb -rpx design_1_wrapper_bus_skew_routed.rpx
INFO: [Timing 38-91] UpdateTimingParams: Speed grade: -1, Delay Type: min_max.
INFO: [Timing 38-191] Multithreading enabled for timing update using a maximum of 2 CPUs
generate_parallel_reports: Time (s): cpu = 00:01:54 ; elapsed = 00:05:12 . Memory (MB): peak = 2977.289 ; gain = 38.945
INFO: [Timing 38-480] Writing timing data to binary archive.
Write ShapeDB Complete: Time (s): cpu = 00:00:02 ; elapsed = 00:00:01 . Memory (MB): peak = 2999.973 ; gain = 19.809
Wrote PlaceDB: Time (s): cpu = 00:00:30 ; elapsed = 00:00:19 . Memory (MB): peak = 3009.980 ; gain = 29.816
Wrote PulsedLatchDB: Time (s): cpu = 00:00:00 ; elapsed = 00:00:00 . Memory (MB): peak = 3009.980 ; gain = 0.000
Writing XDEF routing.
Writing XDEF routing logical nets.
Writing XDEF routing special nets.
Wrote RouteStorage: Time (s): cpu = 00:00:03 ; elapsed = 00:00:02 . Memory (MB): peak = 3009.980 ; gain = 0.000
Wrote Netlist Cache: Time (s): cpu = 00:00:00 ; elapsed = 00:00:00.257 . Memory (MB): peak = 3009.980 ; gain = 0.000
Wrote Device Cache: Time (s): cpu = 00:00:01 ; elapsed = 00:00:00.043 . Memory (MB): peak = 3009.980 ; gain = 0.000
Write Physdb Complete: Time (s): cpu = 00:00:34 ; elapsed = 00:00:21 . Memory (MB): peak = 3009.980 ; gain = 29.816
INFO: [Common 17-1381] The checkpoint 'C:/Users/seanr/vitis_projects/Lab3_MLP_optimization/MLP_accel_vivado/MLP_accel_vivado.runs/impl_1/design_1_wrapper_routed.dcp' has been generated.
write_checkpoint: Time (s): cpu = 00:00:39 ; elapsed = 00:00:29 . Memory (MB): peak = 3009.980 ; gain = 32.691
Command: write_bitstream -force design_1_wrapper.bit
Attempting to get a license for feature 'Implementation' and/or device 'xc7z020'
INFO: [Common 17-349] Got license for feature 'Implementation' and/or device 'xc7z020'
Running DRC as a precondition to command write_bitstream
INFO: [IP_Flow 19-1839] IP Catalog is up to date.
INFO: [DRC 23-27] Running DRC with 2 threads
INFO: [Vivado 12-3199] DRC finished with 0 Errors
INFO: [Vivado 12-3200] Please refer to the DRC report (report_drc) for more information.
INFO: [Designutils 20-2272] Running write_bitstream with 2 threads.
Loading data files...
Loading site data...
Loading route data...
Processing options...
Creating bitmap...
Creating bitstream...
Writing bitstream ./design_1_wrapper.bit...
INFO: [Vivado 12-1842] Bitgen Completed Successfully.
INFO: [Project 1-1876] WebTalk data collection is mandatory when using a ULT device. To see the specific WebTalk data collected for your design, open the usage_statistics_webtalk.html or usage_statistics_webtalk.xml file in the implementation directory.
INFO: [Common 17-83] Releasing license: Implementation
149 Infos, 1 Warnings, 0 Critical Warnings and 0 Errors encountered.
write_bitstream completed successfully
write_bitstream: Time (s): cpu = 00:03:11 ; elapsed = 00:02:00 . Memory (MB): peak = 3496.605 ; gain = 486.625
INFO: [Common 17-206] Exiting Vivado at Fri Apr 10 11:19:32 2026...
