

================================================================
== Vitis HLS Report for 'Block_entry_gmem_rd_proc'
================================================================
* Date:           Sat Apr 11 17:34:15 2026

* Version:        2025.1 (Build 6135595 on May 21 2025)
* Project:        baseline_blockedMM
* Solution:       hls (Vivado IP Flow Target)
* Product family: zynq
* Target device:  xc7z020-clg400-1


================================================================
== Performance Estimates
================================================================
+ Timing: 
    * Summary: 
    +--------+----------+-----------+------------+
    |  Clock |  Target  | Estimated | Uncertainty|
    +--------+----------+-----------+------------+
    |ap_clk  |  15.00 ns|  10.950 ns|     4.05 ns|
    +--------+----------+-----------+------------+

+ Latency: 
    * Summary: 
    +---------+---------+-----------+-----------+---------+---------+---------+
    |  Latency (cycles) |   Latency (absolute)  |      Interval     | Pipeline|
    |   min   |   max   |    min    |    max    |   min   |   max   |   Type  |
    +---------+---------+-----------+-----------+---------+---------+---------+
    |  7240942|  7240942|  0.109 sec|  0.109 sec|  7240942|  7240942|       no|
    +---------+---------+-----------+-----------+---------+---------+---------+

    + Detail: 
        * Instance: 
        N/A

        * Loop: 
        N/A

============================================================
+ Verbose Summary: Synthesis Manager
============================================================
InlineROM: 1
ExposeGlobal: 0
============================================================
+ Verbose Summary: CDFG Model
============================================================
IsTopModel: 0
ResetActiveHigh: 1
IsCombinational: 2
IsDatapathOnly: 0
HasWiredReturn: 1
HasMFsm: 0
HasVarLatency: 1
IsPipeline: 0
IsRtlPipelined: 0
IsInstanceOverlapped: 0
IsDontTouch: 0
HasImplIP: 0
IsGatedGlobalClock: 0


============================================================
+ Verbose Summary: Schedule
============================================================
* Number of FSM states : 6
* Pipeline : 0
* Dataflow Pipeline: 0

* FSM state transitions: 
1 --> 2 
2 --> 3 
3 --> 4 
4 --> 5 
5 --> 6 
6 --> 

* FSM state operations: 

State 1 <SV = 0> <Delay = 9.06>
ST_1 : Operation 7 [1/1] (0.00ns)   --->   "%P_read = read i32 @_ssdm_op_Read.ap_auto.i32, i32 %P"   --->   Operation 7 'read' 'P_read' <Predicate = true> <Delay = 0.00>
ST_1 : Operation 8 [1/1] (0.00ns)   --->   "%M_read = read i32 @_ssdm_op_Read.ap_auto.i32, i32 %M"   --->   Operation 8 'read' 'M_read' <Predicate = true> <Delay = 0.00>
ST_1 : Operation 9 [1/1] (0.00ns)   --->   "%N_read = read i32 @_ssdm_op_Read.ap_auto.i32, i32 %N"   --->   Operation 9 'read' 'N_read' <Predicate = true> <Delay = 0.00>
ST_1 : Operation 10 [1/1] (0.00ns)   --->   "%AT_read = read i64 @_ssdm_op_Read.ap_auto.i64, i64 %AT"   --->   Operation 10 'read' 'AT_read' <Predicate = true> <Delay = 0.00>
ST_1 : Operation 11 [1/1] ( I:3.63ns O:3.63ns )   --->   "%write_ln0 = write void @_ssdm_op_Write.ap_fifo.i32P0A, i32 %P_c, i32 %P_read"   --->   Operation 11 'write' 'write_ln0' <Predicate = true> <Delay = 3.63> <CoreInst = "FIFO_SRL">   --->   Core 80 'FIFO_SRL' <Latency = 0> <II = 1> <Delay = 3.63> <Storage> <Opcode : 'read' 'write' 'nbread' 'nbwrite'> <Ports = 0> <Width = 32> <Depth = 2> <FIFO>
ST_1 : Operation 12 [1/1] ( I:3.63ns O:3.63ns )   --->   "%write_ln0 = write void @_ssdm_op_Write.ap_fifo.i32P0A, i32 %N_c, i32 %N_read"   --->   Operation 12 'write' 'write_ln0' <Predicate = true> <Delay = 3.63> <CoreInst = "FIFO_SRL">   --->   Core 80 'FIFO_SRL' <Latency = 0> <II = 1> <Delay = 3.63> <Storage> <Opcode : 'read' 'write' 'nbread' 'nbwrite'> <Ports = 0> <Width = 32> <Depth = 2> <FIFO>
ST_1 : Operation 13 [1/1] (0.00ns)   --->   "%B_stream = alloca i64 1"   --->   Operation 13 'alloca' 'B_stream' <Predicate = true> <Delay = 0.00> <CoreInst = "FIFO">   --->   Core 77 'FIFO' <Latency = 0> <II = 1> <Delay = 3.60> <Storage> <Opcode : 'read' 'write' 'nbread' 'nbwrite'> <Ports = 0> <Width = 512> <Depth = 32> <FIFO>
ST_1 : Operation 14 [1/1] (0.00ns)   --->   "%A_stream = alloca i64 1"   --->   Operation 14 'alloca' 'A_stream' <Predicate = true> <Delay = 0.00> <CoreInst = "FIFO">   --->   Core 77 'FIFO' <Latency = 0> <II = 1> <Delay = 3.60> <Storage> <Opcode : 'read' 'write' 'nbread' 'nbwrite'> <Ports = 0> <Width = 512> <Depth = 32> <FIFO>
ST_1 : Operation 15 [2/2] (9.06ns)   --->   "%call_ln192 = call void @readAtTiles, i512 %gmem, i64 %AT_read, i512 %A_stream, i32 %N_read, i32 %M_read, i32 %P_read" [../MLP_baseline/mm.cpp:192->../MLP_baseline/mm.cpp:192]   --->   Operation 15 'call' 'call_ln192' <Predicate = true> <Delay = 9.06> <CoreType = "Generic">   --->   Generic Core

State 2 <SV = 1> <Delay = 0.00>
ST_2 : Operation 16 [1/2] (0.00ns)   --->   "%call_ln192 = call void @readAtTiles, i512 %gmem, i64 %AT_read, i512 %A_stream, i32 %N_read, i32 %M_read, i32 %P_read" [../MLP_baseline/mm.cpp:192->../MLP_baseline/mm.cpp:192]   --->   Operation 16 'call' 'call_ln192' <Predicate = true> <Delay = 0.00> <CoreType = "Generic">   --->   Generic Core

State 3 <SV = 2> <Delay = 9.06>
ST_3 : Operation 17 [1/1] (0.00ns)   --->   "%B_read = read i64 @_ssdm_op_Read.ap_auto.i64, i64 %B"   --->   Operation 17 'read' 'B_read' <Predicate = true> <Delay = 0.00>
ST_3 : Operation 18 [2/2] (9.06ns)   --->   "%call_ln193 = call void @readBTiles, i512 %gmem, i64 %B_read, i512 %B_stream, i32 %N_read, i32 %M_read, i32 %P_read" [../MLP_baseline/mm.cpp:193->../MLP_baseline/mm.cpp:192]   --->   Operation 18 'call' 'call_ln193' <Predicate = true> <Delay = 9.06> <CoreType = "Generic">   --->   Generic Core

State 4 <SV = 3> <Delay = 0.00>
ST_4 : Operation 19 [1/2] (0.00ns)   --->   "%call_ln193 = call void @readBTiles, i512 %gmem, i64 %B_read, i512 %B_stream, i32 %N_read, i32 %M_read, i32 %P_read" [../MLP_baseline/mm.cpp:193->../MLP_baseline/mm.cpp:192]   --->   Operation 19 'call' 'call_ln193' <Predicate = true> <Delay = 0.00> <CoreType = "Generic">   --->   Generic Core

State 5 <SV = 4> <Delay = 9.06>
ST_5 : Operation 20 [1/1] (0.00ns)   --->   "%C_read = read i64 @_ssdm_op_Read.ap_auto.i64, i64 %C"   --->   Operation 20 'read' 'C_read' <Predicate = true> <Delay = 0.00>
ST_5 : Operation 21 [2/2] (9.06ns)   --->   "%call_ln194 = call void @computeTiles, i512 %A_stream, i512 %B_stream, i512 %gmem, i64 %C_read, i512 %AB_stream, i32 %N_read, i32 %M_read, i32 %P_read" [../MLP_baseline/mm.cpp:194->../MLP_baseline/mm.cpp:192]   --->   Operation 21 'call' 'call_ln194' <Predicate = true> <Delay = 9.06> <CoreType = "Generic">   --->   Generic Core

State 6 <SV = 5> <Delay = 2.43>
ST_6 : Operation 22 [1/1] (0.00ns)   --->   "%specinterface_ln0 = specinterface void @_ssdm_op_SpecInterface, i32 %P_c, void @ap_fifo_str, i32 0, i32 0, void @p_str, i32 0, i32 0, void @p_str, void @p_str, void @p_str, i32 2, i32 2, i32 16, i32 16, void @p_str, void @ScalarProp_str, i32 4294967295, i32 0, i32 0"   --->   Operation 22 'specinterface' 'specinterface_ln0' <Predicate = true> <Delay = 0.00>
ST_6 : Operation 23 [1/1] (0.00ns)   --->   "%specinterface_ln0 = specinterface void @_ssdm_op_SpecInterface, i32 %N_c, void @ap_fifo_str, i32 0, i32 0, void @p_str, i32 0, i32 0, void @p_str, void @p_str, void @p_str, i32 2, i32 2, i32 16, i32 16, void @p_str, void @ScalarProp_str, i32 4294967295, i32 0, i32 0"   --->   Operation 23 'specinterface' 'specinterface_ln0' <Predicate = true> <Delay = 0.00>
ST_6 : Operation 24 [1/1] (0.00ns)   --->   "%specinterface_ln0 = specinterface void @_ssdm_op_SpecInterface, i512 %AB_stream, void @empty_13, i32 0, i32 0, void @empty_17, i32 0, i32 0, void @empty_17, void @empty_17, void @empty_17, i32 0, i32 0, i32 0, i32 0, void @empty_17, void @empty_17, i32 4294967295, i32 0, i32 0"   --->   Operation 24 'specinterface' 'specinterface_ln0' <Predicate = true> <Delay = 0.00>
ST_6 : Operation 25 [1/1] (0.00ns)   --->   "%specinterface_ln0 = specinterface void @_ssdm_op_SpecInterface, i512 %gmem, void @empty_14, i32 0, i32 0, void @empty_17, i32 0, i32 802816, void @empty_18, void @empty, void @empty_17, i32 16, i32 16, i32 16, i32 16, void @empty_17, void @empty_17, i32 4294967295, i32 0, i32 0"   --->   Operation 25 'specinterface' 'specinterface_ln0' <Predicate = true> <Delay = 0.00>
ST_6 : Operation 26 [1/1] (0.00ns)   --->   "%empty = specchannel i32 @_ssdm_op_SpecChannel, void @B_stream_str, i32 1, void @p_str, void @p_str, i32 32, i32 32, i512 %B_stream, i512 %B_stream"   --->   Operation 26 'specchannel' 'empty' <Predicate = true> <Delay = 0.00>
ST_6 : Operation 27 [1/1] (0.00ns)   --->   "%empty_208 = specchannel i32 @_ssdm_op_SpecChannel, void @A_stream_str, i32 1, void @p_str, void @p_str, i32 32, i32 32, i512 %A_stream, i512 %A_stream"   --->   Operation 27 'specchannel' 'empty_208' <Predicate = true> <Delay = 0.00>
ST_6 : Operation 28 [1/1] (0.00ns)   --->   "%specinterface_ln0 = specinterface void @_ssdm_op_SpecInterface, i512 %A_stream, void @empty_13, i32 0, i32 0, void @empty_17, i32 0, i32 0, void @empty_17, void @empty_17, void @empty_17, i32 0, i32 0, i32 0, i32 0, void @empty_17, void @empty_17, i32 4294967295, i32 0, i32 0"   --->   Operation 28 'specinterface' 'specinterface_ln0' <Predicate = true> <Delay = 0.00>
ST_6 : Operation 29 [1/1] (0.00ns)   --->   "%specinterface_ln0 = specinterface void @_ssdm_op_SpecInterface, i512 %B_stream, void @empty_13, i32 0, i32 0, void @empty_17, i32 0, i32 0, void @empty_17, void @empty_17, void @empty_17, i32 0, i32 0, i32 0, i32 0, void @empty_17, void @empty_17, i32 4294967295, i32 0, i32 0"   --->   Operation 29 'specinterface' 'specinterface_ln0' <Predicate = true> <Delay = 0.00>
ST_6 : Operation 30 [1/2] (2.43ns)   --->   "%call_ln194 = call void @computeTiles, i512 %A_stream, i512 %B_stream, i512 %gmem, i64 %C_read, i512 %AB_stream, i32 %N_read, i32 %M_read, i32 %P_read" [../MLP_baseline/mm.cpp:194->../MLP_baseline/mm.cpp:192]   --->   Operation 30 'call' 'call_ln194' <Predicate = true> <Delay = 2.43> <CoreType = "Generic">   --->   Generic Core
ST_6 : Operation 31 [1/1] (0.00ns)   --->   "%ret_ln0 = ret"   --->   Operation 31 'ret' 'ret_ln0' <Predicate = true> <Delay = 0.00>


============================================================
+ Verbose Summary: Timing violations
============================================================
Target clock period: 15.000ns, clock uncertainty: 4.050ns.

 <State 1>: 9.060ns
The critical path consists of the following:
	wire read operation ('P_read') on port 'P' [14]  (0.000 ns)
	'call' operation 0 bit ('call_ln192', ../MLP_baseline/mm.cpp:192->../MLP_baseline/mm.cpp:192) to 'readAtTiles' [29]  (9.060 ns)

 <State 2>: 0.000ns
The critical path consists of the following:

 <State 3>: 9.060ns
The critical path consists of the following:
	wire read operation ('B_read') on port 'B' [13]  (0.000 ns)
	'call' operation 0 bit ('call_ln193', ../MLP_baseline/mm.cpp:193->../MLP_baseline/mm.cpp:192) to 'readBTiles' [30]  (9.060 ns)

 <State 4>: 0.000ns
The critical path consists of the following:

 <State 5>: 9.060ns
The critical path consists of the following:
	wire read operation ('C_read') on port 'C' [12]  (0.000 ns)
	'call' operation 0 bit ('call_ln194', ../MLP_baseline/mm.cpp:194->../MLP_baseline/mm.cpp:192) to 'computeTiles' [31]  (9.060 ns)

 <State 6>: 2.433ns
The critical path consists of the following:
	'call' operation 0 bit ('call_ln194', ../MLP_baseline/mm.cpp:194->../MLP_baseline/mm.cpp:192) to 'computeTiles' [31]  (2.433 ns)


============================================================
+ Verbose Summary: Binding
============================================================
N/A
* FSMD analyzer results:
  - Output states:
 - Input state : 
  - Chain level:
	State 1
	State 2
	State 3
	State 4
	State 5
	State 6


============================================================
+ Verbose Summary: Datapath Resource usage 
============================================================
N/A
