

================================================================
== Vitis HLS Report for 'Block_entry_gmem_rd_proc'
================================================================
* Date:           Sat Apr 11 17:34:15 2026

* Version:        2025.1 (Build 6135595 on May 21 2025)
* Project:        baseline_blockedMM
* Solution:       hls (Vivado IP Flow Target)
* Product family: zynq
* Target device:  xc7z020-clg400-1


================================================================
== Performance Estimates
================================================================
+ Timing: 
    * Summary: 
    +--------+----------+-----------+------------+
    |  Clock |  Target  | Estimated | Uncertainty|
    +--------+----------+-----------+------------+
    |ap_clk  |  15.00 ns|  10.950 ns|     4.05 ns|
    +--------+----------+-----------+------------+

+ Latency: 
    * Summary: 
    +---------+---------+-----------+-----------+---------+---------+---------+
    |  Latency (cycles) |   Latency (absolute)  |      Interval     | Pipeline|
    |   min   |   max   |    min    |    max    |   min   |   max   |   Type  |
    +---------+---------+-----------+-----------+---------+---------+---------+
    |  7240942|  7240942|  0.109 sec|  0.109 sec|  7240942|  7240942|       no|
    +---------+---------+-----------+-----------+---------+---------+---------+

    + Detail: 
        * Instance: 
        +-------------------------+--------------+---------+---------+-----------+-----------+---------+---------+---------+
        |                         |              |  Latency (cycles) |   Latency (absolute)  |      Interval     | Pipeline|
        |         Instance        |    Module    |   min   |   max   |    min    |    max    |   min   |   max   |   Type  |
        +-------------------------+--------------+---------+---------+-----------+-----------+---------+---------+---------+
        |grp_readAtTiles_fu_132   |readAtTiles   |   401428|   401428|   6.021 ms|   6.021 ms|   401428|   401428|       no|
        |grp_readBTiles_fu_147    |readBTiles    |   401428|   401428|   6.021 ms|   6.021 ms|   401428|   401428|       no|
        |grp_computeTiles_fu_159  |computeTiles  |  6438081|  6438081|  96.571 ms|  96.571 ms|  6438081|  6438081|       no|
        +-------------------------+--------------+---------+---------+-----------+-----------+---------+---------+---------+

        * Loop: 
        N/A

============================================================
+ Verbose Summary: Synthesis Manager
============================================================
InlineROM: 1
ExposeGlobal: 0
============================================================
+ Verbose Summary: CDFG Model
============================================================
IsTopModel: 0
ResetActiveHigh: 1
IsCombinational: 2
IsDatapathOnly: 0
HasWiredReturn: 1
HasMFsm: 0
HasVarLatency: 1
IsPipeline: 0
IsRtlPipelined: 0
IsInstanceOverlapped: 0
IsDontTouch: 0
HasImplIP: 0
IsGatedGlobalClock: 0


============================================================
+ Verbose Summary: Schedule
============================================================
* Number of FSM states : 6
* Pipeline : 0
* Dataflow Pipeline: 0

* FSM state transitions: 
1 --> 2 
2 --> 3 
3 --> 4 
4 --> 5 
5 --> 6 
6 --> 

* FSM state operations: 

State 1 <SV = 0> <Delay = 9.06>
ST_1 : Operation 7 [1/1] (0.00ns)   --->   "%P_read = read i32 @_ssdm_op_Read.ap_auto.i32, i32 %P"   --->   Operation 7 'read' 'P_read' <Predicate = true> <Delay = 0.00>
ST_1 : Operation 8 [1/1] (0.00ns)   --->   "%M_read = read i32 @_ssdm_op_Read.ap_auto.i32, i32 %M"   --->   Operation 8 'read' 'M_read' <Predicate = true> <Delay = 0.00>
ST_1 : Operation 9 [1/1] (0.00ns)   --->   "%N_read = read i32 @_ssdm_op_Read.ap_auto.i32, i32 %N"   --->   Operation 9 'read' 'N_read' <Predicate = true> <Delay = 0.00>
ST_1 : Operation 10 [1/1] (0.00ns)   --->   "%AT_read = read i64 @_ssdm_op_Read.ap_auto.i64, i64 %AT"   --->   Operation 10 'read' 'AT_read' <Predicate = true> <Delay = 0.00>
ST_1 : Operation 11 [1/1] ( I:3.63ns O:3.63ns )   --->   "%write_ln0 = write void @_ssdm_op_Write.ap_fifo.i32P0A, i32 %P_c, i32 %P_read"   --->   Operation 11 'write' 'write_ln0' <Predicate = true> <Delay = 3.63> <CoreInst = "FIFO_SRL">   --->   Core 80 'FIFO_SRL' <Latency = 0> <II = 1> <Delay = 3.63> <Storage> <Opcode : 'read' 'write' 'nbread' 'nbwrite'> <Ports = 0> <Width = 32> <Depth = 2> <FIFO>
ST_1 : Operation 12 [1/1] ( I:3.63ns O:3.63ns )   --->   "%write_ln0 = write void @_ssdm_op_Write.ap_fifo.i32P0A, i32 %N_c, i32 %N_read"   --->   Operation 12 'write' 'write_ln0' <Predicate = true> <Delay = 3.63> <CoreInst = "FIFO_SRL">   --->   Core 80 'FIFO_SRL' <Latency = 0> <II = 1> <Delay = 3.63> <Storage> <Opcode : 'read' 'write' 'nbread' 'nbwrite'> <Ports = 0> <Width = 32> <Depth = 2> <FIFO>
ST_1 : Operation 13 [1/1] (0.00ns)   --->   "%B_stream = alloca i64 1"   --->   Operation 13 'alloca' 'B_stream' <Predicate = true> <Delay = 0.00> <CoreInst = "FIFO">   --->   Core 77 'FIFO' <Latency = 0> <II = 1> <Delay = 3.60> <Storage> <Opcode : 'read' 'write' 'nbread' 'nbwrite'> <Ports = 0> <Width = 512> <Depth = 32> <FIFO>
ST_1 : Operation 14 [1/1] (0.00ns)   --->   "%A_stream = alloca i64 1"   --->   Operation 14 'alloca' 'A_stream' <Predicate = true> <Delay = 0.00> <CoreInst = "FIFO">   --->   Core 77 'FIFO' <Latency = 0> <II = 1> <Delay = 3.60> <Storage> <Opcode : 'read' 'write' 'nbread' 'nbwrite'> <Ports = 0> <Width = 512> <Depth = 32> <FIFO>
ST_1 : Operation 15 [2/2] (9.06ns)   --->   "%call_ln192 = call void @readAtTiles, i512 %gmem, i64 %AT_read, i512 %A_stream, i32 %N_read, i32 %M_read, i32 %P_read" [../MLP_baseline/mm.cpp:192->../MLP_baseline/mm.cpp:192]   --->   Operation 15 'call' 'call_ln192' <Predicate = true> <Delay = 9.06> <CoreType = "Generic">   --->   Generic Core

State 2 <SV = 1> <Delay = 0.00>
ST_2 : Operation 16 [1/2] (0.00ns)   --->   "%call_ln192 = call void @readAtTiles, i512 %gmem, i64 %AT_read, i512 %A_stream, i32 %N_read, i32 %M_read, i32 %P_read" [../MLP_baseline/mm.cpp:192->../MLP_baseline/mm.cpp:192]   --->   Operation 16 'call' 'call_ln192' <Predicate = true> <Delay = 0.00> <CoreType = "Generic">   --->   Generic Core

State 3 <SV = 2> <Delay = 9.06>
ST_3 : Operation 17 [1/1] (0.00ns)   --->   "%B_read = read i64 @_ssdm_op_Read.ap_auto.i64, i64 %B"   --->   Operation 17 'read' 'B_read' <Predicate = true> <Delay = 0.00>
ST_3 : Operation 18 [2/2] (9.06ns)   --->   "%call_ln193 = call void @readBTiles, i512 %gmem, i64 %B_read, i512 %B_stream, i32 %N_read, i32 %M_read, i32 %P_read" [../MLP_baseline/mm.cpp:193->../MLP_baseline/mm.cpp:192]   --->   Operation 18 'call' 'call_ln193' <Predicate = true> <Delay = 9.06> <CoreType = "Generic">   --->   Generic Core

State 4 <SV = 3> <Delay = 0.00>
ST_4 : Operation 19 [1/2] (0.00ns)   --->   "%call_ln193 = call void @readBTiles, i512 %gmem, i64 %B_read, i512 %B_stream, i32 %N_read, i32 %M_read, i32 %P_read" [../MLP_baseline/mm.cpp:193->../MLP_baseline/mm.cpp:192]   --->   Operation 19 'call' 'call_ln193' <Predicate = true> <Delay = 0.00> <CoreType = "Generic">   --->   Generic Core

State 5 <SV = 4> <Delay = 9.06>
ST_5 : Operation 20 [1/1] (0.00ns)   --->   "%C_read = read i64 @_ssdm_op_Read.ap_auto.i64, i64 %C"   --->   Operation 20 'read' 'C_read' <Predicate = true> <Delay = 0.00>
ST_5 : Operation 21 [2/2] (9.06ns)   --->   "%call_ln194 = call void @computeTiles, i512 %A_stream, i512 %B_stream, i512 %gmem, i64 %C_read, i512 %AB_stream, i32 %N_read, i32 %M_read, i32 %P_read" [../MLP_baseline/mm.cpp:194->../MLP_baseline/mm.cpp:192]   --->   Operation 21 'call' 'call_ln194' <Predicate = true> <Delay = 9.06> <CoreType = "Generic">   --->   Generic Core

State 6 <SV = 5> <Delay = 2.43>
ST_6 : Operation 22 [1/1] (0.00ns)   --->   "%specinterface_ln0 = specinterface void @_ssdm_op_SpecInterface, i32 %P_c, void @ap_fifo_str, i32 0, i32 0, void @p_str, i32 0, i32 0, void @p_str, void @p_str, void @p_str, i32 2, i32 2, i32 16, i32 16, void @p_str, void @ScalarProp_str, i32 4294967295, i32 0, i32 0"   --->   Operation 22 'specinterface' 'specinterface_ln0' <Predicate = true> <Delay = 0.00>
ST_6 : Operation 23 [1/1] (0.00ns)   --->   "%specinterface_ln0 = specinterface void @_ssdm_op_SpecInterface, i32 %N_c, void @ap_fifo_str, i32 0, i32 0, void @p_str, i32 0, i32 0, void @p_str, void @p_str, void @p_str, i32 2, i32 2, i32 16, i32 16, void @p_str, void @ScalarProp_str, i32 4294967295, i32 0, i32 0"   --->   Operation 23 'specinterface' 'specinterface_ln0' <Predicate = true> <Delay = 0.00>
ST_6 : Operation 24 [1/1] (0.00ns)   --->   "%specinterface_ln0 = specinterface void @_ssdm_op_SpecInterface, i512 %AB_stream, void @empty_13, i32 0, i32 0, void @empty_17, i32 0, i32 0, void @empty_17, void @empty_17, void @empty_17, i32 0, i32 0, i32 0, i32 0, void @empty_17, void @empty_17, i32 4294967295, i32 0, i32 0"   --->   Operation 24 'specinterface' 'specinterface_ln0' <Predicate = true> <Delay = 0.00>
ST_6 : Operation 25 [1/1] (0.00ns)   --->   "%specinterface_ln0 = specinterface void @_ssdm_op_SpecInterface, i512 %gmem, void @empty_14, i32 0, i32 0, void @empty_17, i32 0, i32 802816, void @empty_18, void @empty, void @empty_17, i32 16, i32 16, i32 16, i32 16, void @empty_17, void @empty_17, i32 4294967295, i32 0, i32 0"   --->   Operation 25 'specinterface' 'specinterface_ln0' <Predicate = true> <Delay = 0.00>
ST_6 : Operation 26 [1/1] (0.00ns)   --->   "%empty = specchannel i32 @_ssdm_op_SpecChannel, void @B_stream_str, i32 1, void @p_str, void @p_str, i32 32, i32 32, i512 %B_stream, i512 %B_stream"   --->   Operation 26 'specchannel' 'empty' <Predicate = true> <Delay = 0.00>
ST_6 : Operation 27 [1/1] (0.00ns)   --->   "%empty_208 = specchannel i32 @_ssdm_op_SpecChannel, void @A_stream_str, i32 1, void @p_str, void @p_str, i32 32, i32 32, i512 %A_stream, i512 %A_stream"   --->   Operation 27 'specchannel' 'empty_208' <Predicate = true> <Delay = 0.00>
ST_6 : Operation 28 [1/1] (0.00ns)   --->   "%specinterface_ln0 = specinterface void @_ssdm_op_SpecInterface, i512 %A_stream, void @empty_13, i32 0, i32 0, void @empty_17, i32 0, i32 0, void @empty_17, void @empty_17, void @empty_17, i32 0, i32 0, i32 0, i32 0, void @empty_17, void @empty_17, i32 4294967295, i32 0, i32 0"   --->   Operation 28 'specinterface' 'specinterface_ln0' <Predicate = true> <Delay = 0.00>
ST_6 : Operation 29 [1/1] (0.00ns)   --->   "%specinterface_ln0 = specinterface void @_ssdm_op_SpecInterface, i512 %B_stream, void @empty_13, i32 0, i32 0, void @empty_17, i32 0, i32 0, void @empty_17, void @empty_17, void @empty_17, i32 0, i32 0, i32 0, i32 0, void @empty_17, void @empty_17, i32 4294967295, i32 0, i32 0"   --->   Operation 29 'specinterface' 'specinterface_ln0' <Predicate = true> <Delay = 0.00>
ST_6 : Operation 30 [1/2] (2.43ns)   --->   "%call_ln194 = call void @computeTiles, i512 %A_stream, i512 %B_stream, i512 %gmem, i64 %C_read, i512 %AB_stream, i32 %N_read, i32 %M_read, i32 %P_read" [../MLP_baseline/mm.cpp:194->../MLP_baseline/mm.cpp:192]   --->   Operation 30 'call' 'call_ln194' <Predicate = true> <Delay = 2.43> <CoreType = "Generic">   --->   Generic Core
ST_6 : Operation 31 [1/1] (0.00ns)   --->   "%ret_ln0 = ret"   --->   Operation 31 'ret' 'ret_ln0' <Predicate = true> <Delay = 0.00>


============================================================
+ Verbose Summary: Binding
============================================================
STG Binding: 
---------------- STG Properties BEGIN ----------------
- Is combinational: 0
- Is one-state seq: 0
- Is datapath-only: 0
- Is pipelined: 0
- Is top level: 0
Port [ Return ] is wired: 1; IO mode=ap_ctrl_hs:ce=0
Port [ gmem]:  wired=1; compound=1; hidden=0; nouse=0; global=0; static=0; extern=0; dir=0; type=4; pingpong=0; private_global=0; IO mode=m_axi:ce=0
Port [ AT]:  wired=1; compound=0; hidden=0; nouse=0; global=0; static=0; extern=0; dir=0; type=0; pingpong=0; private_global=0; IO mode=ap_none:ce=0
Port [ N]:  wired=1; compound=0; hidden=0; nouse=0; global=0; static=0; extern=0; dir=0; type=0; pingpong=0; private_global=0; IO mode=ap_none:ce=0
Port [ M]:  wired=1; compound=0; hidden=0; nouse=0; global=0; static=0; extern=0; dir=0; type=0; pingpong=0; private_global=0; IO mode=ap_none:ce=0
Port [ P]:  wired=1; compound=0; hidden=0; nouse=0; global=0; static=0; extern=0; dir=0; type=0; pingpong=0; private_global=0; IO mode=ap_none:ce=0
Port [ B]:  wired=1; compound=0; hidden=0; nouse=0; global=0; static=0; extern=0; dir=0; type=0; pingpong=0; private_global=0; IO mode=ap_none:ce=0
Port [ C]:  wired=1; compound=0; hidden=0; nouse=0; global=0; static=0; extern=0; dir=0; type=0; pingpong=0; private_global=0; IO mode=ap_none:ce=0
Port [ AB_stream]:  wired=1; compound=1; hidden=0; nouse=0; global=0; static=0; extern=0; dir=1; type=3; pingpong=0; private_global=0; IO mode=ap_fifo:ce=0
Port [ N_c]:  wired=1; compound=1; hidden=0; nouse=0; global=0; static=0; extern=0; dir=1; type=3; pingpong=0; private_global=0; IO mode=ap_fifo:ce=0
Port [ P_c]:  wired=1; compound=1; hidden=0; nouse=0; global=0; static=0; extern=0; dir=1; type=3; pingpong=0; private_global=0; IO mode=ap_fifo:ce=0
---------------- STG Properties END ------------------

---------------- Datapath Model BEGIN ----------------

<LifeTime>
<method=bitvector/>
P_read            (read         ) [ 0011111]
M_read            (read         ) [ 0011111]
N_read            (read         ) [ 0011111]
AT_read           (read         ) [ 0010000]
write_ln0         (write        ) [ 0000000]
write_ln0         (write        ) [ 0000000]
B_stream          (alloca       ) [ 0011111]
A_stream          (alloca       ) [ 0111111]
call_ln192        (call         ) [ 0000000]
B_read            (read         ) [ 0000100]
call_ln193        (call         ) [ 0000000]
C_read            (read         ) [ 0000001]
specinterface_ln0 (specinterface) [ 0000000]
specinterface_ln0 (specinterface) [ 0000000]
specinterface_ln0 (specinterface) [ 0000000]
specinterface_ln0 (specinterface) [ 0000000]
empty             (specchannel  ) [ 0000000]
empty_208         (specchannel  ) [ 0000000]
specinterface_ln0 (specinterface) [ 0000000]
specinterface_ln0 (specinterface) [ 0000000]
call_ln194        (call         ) [ 0000000]
ret_ln0           (ret          ) [ 0000000]
</LifeTime>

<model>

<comp_list>
<comp id="0" class="1000" name="gmem">
<pin_list>
<pin id="1" dir="1" index="0" bw="1" slack="0"/>
</pin_list>
<bind>
<StgValue><ssdm name="gmem"/><MemPortTyVec>0 </MemPortTyVec>
</StgValue>
</bind>
</comp>

<comp id="2" class="1000" name="AT">
<pin_list>
<pin id="3" dir="1" index="0" bw="1" slack="0"/>
</pin_list>
<bind>
<StgValue><ssdm name="AT"/></StgValue>
</bind>
</comp>

<comp id="4" class="1000" name="N">
<pin_list>
<pin id="5" dir="1" index="0" bw="1" slack="0"/>
</pin_list>
<bind>
<StgValue><ssdm name="N"/></StgValue>
</bind>
</comp>

<comp id="6" class="1000" name="M">
<pin_list>
<pin id="7" dir="1" index="0" bw="1" slack="0"/>
</pin_list>
<bind>
<StgValue><ssdm name="M"/></StgValue>
</bind>
</comp>

<comp id="8" class="1000" name="P">
<pin_list>
<pin id="9" dir="1" index="0" bw="1" slack="0"/>
</pin_list>
<bind>
<StgValue><ssdm name="P"/></StgValue>
</bind>
</comp>

<comp id="10" class="1000" name="B">
<pin_list>
<pin id="11" dir="1" index="0" bw="1" slack="0"/>
</pin_list>
<bind>
<StgValue><ssdm name="B"/></StgValue>
</bind>
</comp>

<comp id="12" class="1000" name="C">
<pin_list>
<pin id="13" dir="1" index="0" bw="1" slack="0"/>
</pin_list>
<bind>
<StgValue><ssdm name="C"/></StgValue>
</bind>
</comp>

<comp id="14" class="1000" name="AB_stream">
<pin_list>
<pin id="15" dir="1" index="0" bw="1" slack="0"/>
</pin_list>
<bind>
<StgValue><ssdm name="AB_stream"/></StgValue>
</bind>
</comp>

<comp id="16" class="1000" name="N_c">
<pin_list>
<pin id="17" dir="1" index="0" bw="1" slack="0"/>
</pin_list>
<bind>
<StgValue><ssdm name="N_c"/></StgValue>
</bind>
</comp>

<comp id="18" class="1000" name="P_c">
<pin_list>
<pin id="19" dir="1" index="0" bw="1" slack="0"/>
</pin_list>
<bind>
<StgValue><ssdm name="P_c"/></StgValue>
</bind>
</comp>

<comp id="20" class="1001" name="const_20">
<pin_list>
<pin id="21" dir="1" index="0" bw="1" slack="0"/>
</pin_list>
<bind>
<StgValue><ssdm name="_ssdm_op_Read.ap_auto.i32"/></StgValue>
</bind>
</comp>

<comp id="22" class="1001" name="const_22">
<pin_list>
<pin id="23" dir="1" index="0" bw="1" slack="0"/>
</pin_list>
<bind>
<StgValue><ssdm name="_ssdm_op_Read.ap_auto.i64"/></StgValue>
</bind>
</comp>

<comp id="24" class="1001" name="const_24">
<pin_list>
<pin id="25" dir="1" index="0" bw="1" slack="0"/>
</pin_list>
<bind>
<StgValue><ssdm name="_ssdm_op_Write.ap_fifo.i32P0A"/></StgValue>
</bind>
</comp>

<comp id="26" class="1001" name="const_26">
<pin_list>
<pin id="27" dir="1" index="0" bw="1" slack="0"/>
</pin_list>
<bind>
<StgValue><ssdm name=""/></StgValue>
</bind>
</comp>

<comp id="28" class="1001" name="const_28">
<pin_list>
<pin id="29" dir="1" index="0" bw="1" slack="0"/>
</pin_list>
<bind>
<StgValue><ssdm name="readAtTiles"/></StgValue>
</bind>
</comp>

<comp id="30" class="1001" name="const_30">
<pin_list>
<pin id="31" dir="1" index="0" bw="1" slack="0"/>
</pin_list>
<bind>
<StgValue><ssdm name="readBTiles"/></StgValue>
</bind>
</comp>

<comp id="32" class="1001" name="const_32">
<pin_list>
<pin id="33" dir="1" index="0" bw="1" slack="0"/>
</pin_list>
<bind>
<StgValue><ssdm name="computeTiles"/></StgValue>
</bind>
</comp>

<comp id="34" class="1001" name="const_34">
<pin_list>
<pin id="35" dir="1" index="0" bw="1" slack="2147483647"/>
</pin_list>
<bind>
<StgValue><ssdm name="_ssdm_op_SpecInterface"/></StgValue>
</bind>
</comp>

<comp id="36" class="1001" name="const_36">
<pin_list>
<pin id="37" dir="1" index="0" bw="1" slack="2147483647"/>
</pin_list>
<bind>
<StgValue><ssdm name="ap_fifo_str"/></StgValue>
</bind>
</comp>

<comp id="38" class="1001" name="const_38">
<pin_list>
<pin id="39" dir="1" index="0" bw="1" slack="2147483647"/>
</pin_list>
<bind>
<StgValue><ssdm name=""/></StgValue>
</bind>
</comp>

<comp id="40" class="1001" name="const_40">
<pin_list>
<pin id="41" dir="1" index="0" bw="1" slack="2147483647"/>
</pin_list>
<bind>
<StgValue><ssdm name="p_str"/></StgValue>
</bind>
</comp>

<comp id="42" class="1001" name="const_42">
<pin_list>
<pin id="43" dir="1" index="0" bw="1" slack="2147483647"/>
</pin_list>
<bind>
<StgValue><ssdm name=""/></StgValue>
</bind>
</comp>

<comp id="44" class="1001" name="const_44">
<pin_list>
<pin id="45" dir="1" index="0" bw="1" slack="2147483647"/>
</pin_list>
<bind>
<StgValue><ssdm name=""/></StgValue>
</bind>
</comp>

<comp id="46" class="1001" name="const_46">
<pin_list>
<pin id="47" dir="1" index="0" bw="1" slack="2147483647"/>
</pin_list>
<bind>
<StgValue><ssdm name="ScalarProp_str"/></StgValue>
</bind>
</comp>

<comp id="48" class="1001" name="const_48">
<pin_list>
<pin id="49" dir="1" index="0" bw="1" slack="2147483647"/>
</pin_list>
<bind>
<StgValue><ssdm name=""/></StgValue>
</bind>
</comp>

<comp id="50" class="1001" name="const_50">
<pin_list>
<pin id="51" dir="1" index="0" bw="1" slack="2147483647"/>
</pin_list>
<bind>
<StgValue><ssdm name="empty_13"/></StgValue>
</bind>
</comp>

<comp id="52" class="1001" name="const_52">
<pin_list>
<pin id="53" dir="1" index="0" bw="1" slack="2147483647"/>
</pin_list>
<bind>
<StgValue><ssdm name="empty_17"/></StgValue>
</bind>
</comp>

<comp id="54" class="1001" name="const_54">
<pin_list>
<pin id="55" dir="1" index="0" bw="1" slack="2147483647"/>
</pin_list>
<bind>
<StgValue><ssdm name="empty_14"/></StgValue>
</bind>
</comp>

<comp id="56" class="1001" name="const_56">
<pin_list>
<pin id="57" dir="1" index="0" bw="1" slack="2147483647"/>
</pin_list>
<bind>
<StgValue><ssdm name=""/></StgValue>
</bind>
</comp>

<comp id="58" class="1001" name="const_58">
<pin_list>
<pin id="59" dir="1" index="0" bw="1" slack="2147483647"/>
</pin_list>
<bind>
<StgValue><ssdm name="empty_18"/></StgValue>
</bind>
</comp>

<comp id="60" class="1001" name="const_60">
<pin_list>
<pin id="61" dir="1" index="0" bw="1" slack="2147483647"/>
</pin_list>
<bind>
<StgValue><ssdm name="empty"/></StgValue>
</bind>
</comp>

<comp id="62" class="1001" name="const_62">
<pin_list>
<pin id="63" dir="1" index="0" bw="1" slack="2147483647"/>
</pin_list>
<bind>
<StgValue><ssdm name="_ssdm_op_SpecChannel"/></StgValue>
</bind>
</comp>

<comp id="64" class="1001" name="const_64">
<pin_list>
<pin id="65" dir="1" index="0" bw="1" slack="2147483647"/>
</pin_list>
<bind>
<StgValue><ssdm name="B_stream_str"/></StgValue>
</bind>
</comp>

<comp id="66" class="1001" name="const_66">
<pin_list>
<pin id="67" dir="1" index="0" bw="1" slack="2147483647"/>
</pin_list>
<bind>
<StgValue><ssdm name=""/></StgValue>
</bind>
</comp>

<comp id="68" class="1001" name="const_68">
<pin_list>
<pin id="69" dir="1" index="0" bw="1" slack="2147483647"/>
</pin_list>
<bind>
<StgValue><ssdm name=""/></StgValue>
</bind>
</comp>

<comp id="70" class="1001" name="const_70">
<pin_list>
<pin id="71" dir="1" index="0" bw="1" slack="2147483647"/>
</pin_list>
<bind>
<StgValue><ssdm name="A_stream_str"/></StgValue>
</bind>
</comp>

<comp id="72" class="1004" name="B_stream_fu_72">
<pin_list>
<pin id="73" dir="0" index="0" bw="1" slack="0"/>
<pin id="74" dir="1" index="1" bw="512" slack="2"/>
</pin_list>
<bind>
<opcode="alloca(26) " fcode="alloca"/>
<opset="B_stream/1 "/>
</bind>
</comp>

<comp id="76" class="1004" name="A_stream_fu_76">
<pin_list>
<pin id="77" dir="0" index="0" bw="1" slack="0"/>
<pin id="78" dir="1" index="1" bw="512" slack="0"/>
</pin_list>
<bind>
<opcode="alloca(26) " fcode="alloca"/>
<opset="A_stream/1 "/>
</bind>
</comp>

<comp id="80" class="1004" name="P_read_read_fu_80">
<pin_list>
<pin id="81" dir="0" index="0" bw="32" slack="0"/>
<pin id="82" dir="0" index="1" bw="32" slack="0"/>
<pin id="83" dir="1" index="2" bw="32" slack="0"/>
</pin_list>
<bind>
<opcode="read(1150) " fcode="read"/>
<opset="P_read/1 "/>
</bind>
</comp>

<comp id="86" class="1004" name="M_read_read_fu_86">
<pin_list>
<pin id="87" dir="0" index="0" bw="32" slack="0"/>
<pin id="88" dir="0" index="1" bw="32" slack="0"/>
<pin id="89" dir="1" index="2" bw="32" slack="0"/>
</pin_list>
<bind>
<opcode="read(1150) " fcode="read"/>
<opset="M_read/1 "/>
</bind>
</comp>

<comp id="92" class="1004" name="N_read_read_fu_92">
<pin_list>
<pin id="93" dir="0" index="0" bw="32" slack="0"/>
<pin id="94" dir="0" index="1" bw="32" slack="0"/>
<pin id="95" dir="1" index="2" bw="32" slack="0"/>
</pin_list>
<bind>
<opcode="read(1150) " fcode="read"/>
<opset="N_read/1 "/>
</bind>
</comp>

<comp id="98" class="1004" name="AT_read_read_fu_98">
<pin_list>
<pin id="99" dir="0" index="0" bw="64" slack="0"/>
<pin id="100" dir="0" index="1" bw="64" slack="0"/>
<pin id="101" dir="1" index="2" bw="64" slack="0"/>
</pin_list>
<bind>
<opcode="read(1150) " fcode="read"/>
<opset="AT_read/1 "/>
</bind>
</comp>

<comp id="104" class="1004" name="write_ln0_write_fu_104">
<pin_list>
<pin id="105" dir="0" index="0" bw="0" slack="0"/>
<pin id="106" dir="0" index="1" bw="32" slack="0"/>
<pin id="107" dir="0" index="2" bw="32" slack="0"/>
<pin id="108" dir="1" index="3" bw="0" slack="2147483647"/>
</pin_list>
<bind>
<opcode="write(1151) " fcode="write"/>
<opset="write_ln0/1 "/>
</bind>
</comp>

<comp id="112" class="1004" name="write_ln0_write_fu_112">
<pin_list>
<pin id="113" dir="0" index="0" bw="0" slack="0"/>
<pin id="114" dir="0" index="1" bw="32" slack="0"/>
<pin id="115" dir="0" index="2" bw="32" slack="0"/>
<pin id="116" dir="1" index="3" bw="0" slack="2147483647"/>
</pin_list>
<bind>
<opcode="write(1151) " fcode="write"/>
<opset="write_ln0/1 "/>
</bind>
</comp>

<comp id="120" class="1004" name="B_read_read_fu_120">
<pin_list>
<pin id="121" dir="0" index="0" bw="64" slack="0"/>
<pin id="122" dir="0" index="1" bw="64" slack="0"/>
<pin id="123" dir="1" index="2" bw="64" slack="0"/>
</pin_list>
<bind>
<opcode="read(1150) " fcode="read"/>
<opset="B_read/3 "/>
</bind>
</comp>

<comp id="126" class="1004" name="C_read_read_fu_126">
<pin_list>
<pin id="127" dir="0" index="0" bw="64" slack="0"/>
<pin id="128" dir="0" index="1" bw="64" slack="0"/>
<pin id="129" dir="1" index="2" bw="64" slack="0"/>
</pin_list>
<bind>
<opcode="read(1150) " fcode="read"/>
<opset="C_read/5 "/>
</bind>
</comp>

<comp id="132" class="1004" name="grp_readAtTiles_fu_132">
<pin_list>
<pin id="133" dir="0" index="0" bw="0" slack="0"/>
<pin id="134" dir="0" index="1" bw="512" slack="0"/>
<pin id="135" dir="0" index="2" bw="64" slack="0"/>
<pin id="136" dir="0" index="3" bw="512" slack="0"/>
<pin id="137" dir="0" index="4" bw="32" slack="0"/>
<pin id="138" dir="0" index="5" bw="32" slack="0"/>
<pin id="139" dir="0" index="6" bw="32" slack="0"/>
<pin id="140" dir="1" index="7" bw="0" slack="2147483647"/>
</pin_list>
<bind>
<opcode="call(48) " fcode="call"/>
<opset="call_ln192/1 "/>
</bind>
</comp>

<comp id="147" class="1004" name="grp_readBTiles_fu_147">
<pin_list>
<pin id="148" dir="0" index="0" bw="0" slack="0"/>
<pin id="149" dir="0" index="1" bw="512" slack="0"/>
<pin id="150" dir="0" index="2" bw="64" slack="0"/>
<pin id="151" dir="0" index="3" bw="512" slack="2"/>
<pin id="152" dir="0" index="4" bw="32" slack="2"/>
<pin id="153" dir="0" index="5" bw="32" slack="2"/>
<pin id="154" dir="0" index="6" bw="32" slack="2"/>
<pin id="155" dir="1" index="7" bw="0" slack="2147483647"/>
</pin_list>
<bind>
<opcode="call(48) " fcode="call"/>
<opset="call_ln193/3 "/>
</bind>
</comp>

<comp id="159" class="1004" name="grp_computeTiles_fu_159">
<pin_list>
<pin id="160" dir="0" index="0" bw="0" slack="0"/>
<pin id="161" dir="0" index="1" bw="512" slack="4"/>
<pin id="162" dir="0" index="2" bw="512" slack="4"/>
<pin id="163" dir="0" index="3" bw="512" slack="0"/>
<pin id="164" dir="0" index="4" bw="64" slack="0"/>
<pin id="165" dir="0" index="5" bw="512" slack="0"/>
<pin id="166" dir="0" index="6" bw="32" slack="4"/>
<pin id="167" dir="0" index="7" bw="32" slack="4"/>
<pin id="168" dir="0" index="8" bw="32" slack="4"/>
<pin id="169" dir="1" index="9" bw="0" slack="2147483647"/>
</pin_list>
<bind>
<opcode="call(48) " fcode="call"/>
<opset="call_ln194/5 "/>
</bind>
</comp>

<comp id="174" class="1005" name="P_read_reg_174">
<pin_list>
<pin id="175" dir="0" index="0" bw="32" slack="1"/>
<pin id="176" dir="1" index="1" bw="32" slack="1"/>
</pin_list>
<bind>
<opset="P_read "/>
</bind>
</comp>

<comp id="181" class="1005" name="M_read_reg_181">
<pin_list>
<pin id="182" dir="0" index="0" bw="32" slack="1"/>
<pin id="183" dir="1" index="1" bw="32" slack="1"/>
</pin_list>
<bind>
<opset="M_read "/>
</bind>
</comp>

<comp id="188" class="1005" name="N_read_reg_188">
<pin_list>
<pin id="189" dir="0" index="0" bw="32" slack="1"/>
<pin id="190" dir="1" index="1" bw="32" slack="1"/>
</pin_list>
<bind>
<opset="N_read "/>
</bind>
</comp>

<comp id="195" class="1005" name="AT_read_reg_195">
<pin_list>
<pin id="196" dir="0" index="0" bw="64" slack="1"/>
<pin id="197" dir="1" index="1" bw="64" slack="1"/>
</pin_list>
<bind>
<opset="AT_read "/>
</bind>
</comp>

<comp id="200" class="1005" name="B_stream_reg_200">
<pin_list>
<pin id="201" dir="0" index="0" bw="512" slack="2"/>
<pin id="202" dir="1" index="1" bw="512" slack="2"/>
</pin_list>
<bind>
<opset="B_stream "/>
</bind>
</comp>

<comp id="206" class="1005" name="A_stream_reg_206">
<pin_list>
<pin id="207" dir="0" index="0" bw="512" slack="0"/>
<pin id="208" dir="1" index="1" bw="512" slack="0"/>
</pin_list>
<bind>
<opset="A_stream "/>
</bind>
</comp>

<comp id="212" class="1005" name="B_read_reg_212">
<pin_list>
<pin id="213" dir="0" index="0" bw="64" slack="1"/>
<pin id="214" dir="1" index="1" bw="64" slack="1"/>
</pin_list>
<bind>
<opset="B_read "/>
</bind>
</comp>

<comp id="217" class="1005" name="C_read_reg_217">
<pin_list>
<pin id="218" dir="0" index="0" bw="64" slack="1"/>
<pin id="219" dir="1" index="1" bw="64" slack="1"/>
</pin_list>
<bind>
<opset="C_read "/>
</bind>
</comp>

</comp_list>

<net_list>
<net id="75"><net_src comp="26" pin="0"/><net_sink comp="72" pin=0"/></net>

<net id="79"><net_src comp="26" pin="0"/><net_sink comp="76" pin=0"/></net>

<net id="84"><net_src comp="20" pin="0"/><net_sink comp="80" pin=0"/></net>

<net id="85"><net_src comp="8" pin="0"/><net_sink comp="80" pin=1"/></net>

<net id="90"><net_src comp="20" pin="0"/><net_sink comp="86" pin=0"/></net>

<net id="91"><net_src comp="6" pin="0"/><net_sink comp="86" pin=1"/></net>

<net id="96"><net_src comp="20" pin="0"/><net_sink comp="92" pin=0"/></net>

<net id="97"><net_src comp="4" pin="0"/><net_sink comp="92" pin=1"/></net>

<net id="102"><net_src comp="22" pin="0"/><net_sink comp="98" pin=0"/></net>

<net id="103"><net_src comp="2" pin="0"/><net_sink comp="98" pin=1"/></net>

<net id="109"><net_src comp="24" pin="0"/><net_sink comp="104" pin=0"/></net>

<net id="110"><net_src comp="18" pin="0"/><net_sink comp="104" pin=1"/></net>

<net id="111"><net_src comp="80" pin="2"/><net_sink comp="104" pin=2"/></net>

<net id="117"><net_src comp="24" pin="0"/><net_sink comp="112" pin=0"/></net>

<net id="118"><net_src comp="16" pin="0"/><net_sink comp="112" pin=1"/></net>

<net id="119"><net_src comp="92" pin="2"/><net_sink comp="112" pin=2"/></net>

<net id="124"><net_src comp="22" pin="0"/><net_sink comp="120" pin=0"/></net>

<net id="125"><net_src comp="10" pin="0"/><net_sink comp="120" pin=1"/></net>

<net id="130"><net_src comp="22" pin="0"/><net_sink comp="126" pin=0"/></net>

<net id="131"><net_src comp="12" pin="0"/><net_sink comp="126" pin=1"/></net>

<net id="141"><net_src comp="28" pin="0"/><net_sink comp="132" pin=0"/></net>

<net id="142"><net_src comp="0" pin="0"/><net_sink comp="132" pin=1"/></net>

<net id="143"><net_src comp="98" pin="2"/><net_sink comp="132" pin=2"/></net>

<net id="144"><net_src comp="92" pin="2"/><net_sink comp="132" pin=4"/></net>

<net id="145"><net_src comp="86" pin="2"/><net_sink comp="132" pin=5"/></net>

<net id="146"><net_src comp="80" pin="2"/><net_sink comp="132" pin=6"/></net>

<net id="156"><net_src comp="30" pin="0"/><net_sink comp="147" pin=0"/></net>

<net id="157"><net_src comp="0" pin="0"/><net_sink comp="147" pin=1"/></net>

<net id="158"><net_src comp="120" pin="2"/><net_sink comp="147" pin=2"/></net>

<net id="170"><net_src comp="32" pin="0"/><net_sink comp="159" pin=0"/></net>

<net id="171"><net_src comp="0" pin="0"/><net_sink comp="159" pin=3"/></net>

<net id="172"><net_src comp="126" pin="2"/><net_sink comp="159" pin=4"/></net>

<net id="173"><net_src comp="14" pin="0"/><net_sink comp="159" pin=5"/></net>

<net id="177"><net_src comp="80" pin="2"/><net_sink comp="174" pin=0"/></net>

<net id="178"><net_src comp="174" pin="1"/><net_sink comp="132" pin=6"/></net>

<net id="179"><net_src comp="174" pin="1"/><net_sink comp="147" pin=6"/></net>

<net id="180"><net_src comp="174" pin="1"/><net_sink comp="159" pin=8"/></net>

<net id="184"><net_src comp="86" pin="2"/><net_sink comp="181" pin=0"/></net>

<net id="185"><net_src comp="181" pin="1"/><net_sink comp="132" pin=5"/></net>

<net id="186"><net_src comp="181" pin="1"/><net_sink comp="147" pin=5"/></net>

<net id="187"><net_src comp="181" pin="1"/><net_sink comp="159" pin=7"/></net>

<net id="191"><net_src comp="92" pin="2"/><net_sink comp="188" pin=0"/></net>

<net id="192"><net_src comp="188" pin="1"/><net_sink comp="132" pin=4"/></net>

<net id="193"><net_src comp="188" pin="1"/><net_sink comp="147" pin=4"/></net>

<net id="194"><net_src comp="188" pin="1"/><net_sink comp="159" pin=6"/></net>

<net id="198"><net_src comp="98" pin="2"/><net_sink comp="195" pin=0"/></net>

<net id="199"><net_src comp="195" pin="1"/><net_sink comp="132" pin=2"/></net>

<net id="203"><net_src comp="72" pin="1"/><net_sink comp="200" pin=0"/></net>

<net id="204"><net_src comp="200" pin="1"/><net_sink comp="147" pin=3"/></net>

<net id="205"><net_src comp="200" pin="1"/><net_sink comp="159" pin=2"/></net>

<net id="209"><net_src comp="76" pin="1"/><net_sink comp="206" pin=0"/></net>

<net id="210"><net_src comp="206" pin="1"/><net_sink comp="132" pin=3"/></net>

<net id="211"><net_src comp="206" pin="1"/><net_sink comp="159" pin=1"/></net>

<net id="215"><net_src comp="120" pin="2"/><net_sink comp="212" pin=0"/></net>

<net id="216"><net_src comp="212" pin="1"/><net_sink comp="147" pin=2"/></net>

<net id="220"><net_src comp="126" pin="2"/><net_sink comp="217" pin=0"/></net>

<net id="221"><net_src comp="217" pin="1"/><net_sink comp="159" pin=4"/></net>

</net_list>

</model> 
---------------- Datapath Model END ------------------

* FSMD analyzer results:
  - Output states:
	Port: AB_stream | {5 6 }
	Port: N_c | {1 }
	Port: P_c | {1 }
 - Input state : 
	Port: Block_entry_gmem_rd_proc : gmem | {1 2 3 4 5 6 }
	Port: Block_entry_gmem_rd_proc : AT | {1 }
	Port: Block_entry_gmem_rd_proc : N | {1 }
	Port: Block_entry_gmem_rd_proc : M | {1 }
	Port: Block_entry_gmem_rd_proc : P | {1 }
	Port: Block_entry_gmem_rd_proc : B | {3 }
	Port: Block_entry_gmem_rd_proc : C | {5 }
  - Chain level:
	State 1
		call_ln192 : 1
	State 2
	State 3
	State 4
	State 5
	State 6


============================================================
+ Verbose Summary: Datapath Resource usage 
============================================================

* Functional unit list:
|----------|-------------------------|---------|---------|---------|---------|
| Operation|     Functional Unit     |   DSP   |  Delay  |    FF   |   LUT   |
|----------|-------------------------|---------|---------|---------|---------|
|          |  grp_readAtTiles_fu_132 |    13   |  6.352  |   2472  |   1724  |
|   call   |  grp_readBTiles_fu_147  |    13   |  6.352  |   2472  |   1752  |
|          | grp_computeTiles_fu_159 |    48   |  5.269  |  45895  |  75870  |
|----------|-------------------------|---------|---------|---------|---------|
|          |    P_read_read_fu_80    |    0    |    0    |    0    |    0    |
|          |    M_read_read_fu_86    |    0    |    0    |    0    |    0    |
|   read   |    N_read_read_fu_92    |    0    |    0    |    0    |    0    |
|          |    AT_read_read_fu_98   |    0    |    0    |    0    |    0    |
|          |    B_read_read_fu_120   |    0    |    0    |    0    |    0    |
|          |    C_read_read_fu_126   |    0    |    0    |    0    |    0    |
|----------|-------------------------|---------|---------|---------|---------|
|   write  |  write_ln0_write_fu_104 |    0    |    0    |    0    |    0    |
|          |  write_ln0_write_fu_112 |    0    |    0    |    0    |    0    |
|----------|-------------------------|---------|---------|---------|---------|
|   Total  |                         |    74   |  17.973 |  50839  |  79346  |
|----------|-------------------------|---------|---------|---------|---------|

Memories:
N/A

* Register list:
+----------------+--------+
|                |   FF   |
+----------------+--------+
| AT_read_reg_195|   64   |
|A_stream_reg_206|   512  |
| B_read_reg_212 |   64   |
|B_stream_reg_200|   512  |
| C_read_reg_217 |   64   |
| M_read_reg_181 |   32   |
| N_read_reg_188 |   32   |
| P_read_reg_174 |   32   |
+----------------+--------+
|      Total     |  1312  |
+----------------+--------+

* Multiplexer (MUX) list: 
|-------------------------|------|------|------|--------||---------||---------||---------|
|           Comp          |  Pin | Size |  BW  | S x BW ||  Delay  ||    FF   ||   LUT   |
|-------------------------|------|------|------|--------||---------||---------||---------|
|  grp_readAtTiles_fu_132 |  p2  |   2  |  64  |   128  ||    0    ||    9    |
|  grp_readAtTiles_fu_132 |  p4  |   2  |  32  |   64   ||    0    ||    9    |
|  grp_readAtTiles_fu_132 |  p5  |   2  |  32  |   64   ||    0    ||    9    |
|  grp_readAtTiles_fu_132 |  p6  |   2  |  32  |   64   ||    0    ||    9    |
|  grp_readBTiles_fu_147  |  p2  |   2  |  64  |   128  ||    0    ||    9    |
| grp_computeTiles_fu_159 |  p4  |   2  |  64  |   128  ||    0    ||    9    |
|-------------------------|------|------|------|--------||---------||---------||---------|
|          Total          |      |      |      |   576  ||  9.528  ||    0    ||    54   |
|-------------------------|------|------|------|--------||---------||---------||---------|



* Summary:
+-----------+--------+--------+--------+--------+
|           |   DSP  |  Delay |   FF   |   LUT  |
+-----------+--------+--------+--------+--------+
|  Function |   74   |   17   |  50839 |  79346 |
|   Memory  |    -   |    -   |    -   |    -   |
|Multiplexer|    -   |    9   |    0   |   54   |
|  Register |    -   |    -   |  1312  |    -   |
+-----------+--------+--------+--------+--------+
|   Total   |   74   |   27   |  52151 |  79400 |
+-----------+--------+--------+--------+--------+
