

================================================================
== Vitis HLS Report for 'computeTiles_Pipeline_j_output_loop'
================================================================
* Date:           Thu Apr  9 09:15:09 2026

* Version:        2025.1 (Build 6135595 on May 21 2025)
* Project:        baseline_blockedMM
* Solution:       hls (Vivado IP Flow Target)
* Product family: zynq
* Target device:  xc7z020-clg400-1


================================================================
== Performance Estimates
================================================================
+ Timing: 
    * Summary: 
    +--------+----------+----------+------------+
    |  Clock |  Target  | Estimated| Uncertainty|
    +--------+----------+----------+------------+
    |ap_clk  |  15.00 ns|  7.532 ns|     4.05 ns|
    +--------+----------+----------+------------+

+ Latency: 
    * Summary: 
    +---------+---------+----------+----------+-----+-----+------------------------------------------------+
    |  Latency (cycles) |  Latency (absolute) |  Interval |                    Pipeline                    |
    |   min   |   max   |    min   |    max   | min | max |                      Type                      |
    +---------+---------+----------+----------+-----+-----+------------------------------------------------+
    |       18|       18|  0.270 us|  0.270 us|   17|   17|  loop auto-rewind stp (delay=0 clock cycles(s))|
    +---------+---------+----------+----------+-----+-----+------------------------------------------------+

    + Detail: 
        * Instance: 
        N/A

        * Loop: 
        +-----------------+---------+---------+----------+-----------+-----------+------+----------+
        |                 |  Latency (cycles) | Iteration|  Initiation Interval  | Trip |          |
        |    Loop Name    |   min   |   max   |  Latency |  achieved |   target  | Count| Pipelined|
        +-----------------+---------+---------+----------+-----------+-----------+------+----------+
        |- j_output_loop  |       16|       16|         2|          1|          1|    16|       yes|
        +-----------------+---------+---------+----------+-----------+-----------+------+----------+

============================================================
+ Verbose Summary: Synthesis Manager
============================================================
InlineROM: 1
ExposeGlobal: 0
============================================================
+ Verbose Summary: CDFG Model
============================================================
IsTopModel: 0
ResetActiveHigh: 1
IsCombinational: 0
IsDatapathOnly: 0
HasWiredReturn: 1
HasMFsm: 2
HasVarLatency: 1
IsPipeline: 0
IsRtlPipelined: 0
IsInstanceOverlapped: 0
IsDontTouch: 0
HasImplIP: 0
IsGatedGlobalClock: 0

+ Individual pipeline summary: 
  * Pipeline-0: initiation interval (II) = 1, depth = 2


============================================================
+ Verbose Summary: Schedule
============================================================
* Number of FSM states : 2
* Pipeline : 1
  Pipeline-0 : II = 1, D = 2, States = { 1 2 }
* Dataflow Pipeline: 0

* FSM state transitions: 
1 --> 2 
2 --> 

* FSM state operations: 

State 1 <SV = 0> <Delay = 7.53>
ST_1 : Operation 5 [1/1] (0.00ns)   --->   "%j = alloca i32 1" [C:/Xilinx/2025.1/Vitis/tps/mingw/8.3.0/win64.o/nt\lib\gcc\x86_64-w64-mingw32\8.3.0\include\c++\array:55->C:/Xilinx/2025.1/Vitis/tps/mingw/8.3.0/win64.o/nt\lib\gcc\x86_64-w64-mingw32\8.3.0\include\c++\array:186->../MLP_baseline/mm.cpp:107]   --->   Operation 5 'alloca' 'j' <Predicate = true> <Delay = 0.00>
ST_1 : Operation 6 [1/1] (0.00ns)   --->   "%specinterface_ln0 = specinterface void @_ssdm_op_SpecInterface, i512 %AB_stream, void @empty_10, i32 0, i32 0, void @empty_0, i32 0, i32 0, void @empty_0, void @empty_0, void @empty_0, i32 0, i32 0, i32 0, i32 0, void @empty_0, void @empty_0, i32 4294967295, i32 0, i32 0"   --->   Operation 6 'specinterface' 'specinterface_ln0' <Predicate = true> <Delay = 0.00>
ST_1 : Operation 7 [1/1] (0.00ns)   --->   "%AB_block_15_2_reload_read = read i512 @_ssdm_op_Read.ap_auto.i512, i512 %AB_block_15_2_reload" [../MLP_baseline/mm.cpp:57]   --->   Operation 7 'read' 'AB_block_15_2_reload_read' <Predicate = true> <Delay = 0.00>
ST_1 : Operation 8 [1/1] (0.00ns)   --->   "%AB_block_14_2_reload_read = read i512 @_ssdm_op_Read.ap_auto.i512, i512 %AB_block_14_2_reload" [../MLP_baseline/mm.cpp:57]   --->   Operation 8 'read' 'AB_block_14_2_reload_read' <Predicate = true> <Delay = 0.00>
ST_1 : Operation 9 [1/1] (0.00ns)   --->   "%AB_block_13_2_reload_read = read i512 @_ssdm_op_Read.ap_auto.i512, i512 %AB_block_13_2_reload" [../MLP_baseline/mm.cpp:57]   --->   Operation 9 'read' 'AB_block_13_2_reload_read' <Predicate = true> <Delay = 0.00>
ST_1 : Operation 10 [1/1] (0.00ns)   --->   "%AB_block_12_2_reload_read = read i512 @_ssdm_op_Read.ap_auto.i512, i512 %AB_block_12_2_reload" [../MLP_baseline/mm.cpp:57]   --->   Operation 10 'read' 'AB_block_12_2_reload_read' <Predicate = true> <Delay = 0.00>
ST_1 : Operation 11 [1/1] (0.00ns)   --->   "%AB_block_11_2_reload_read = read i512 @_ssdm_op_Read.ap_auto.i512, i512 %AB_block_11_2_reload" [../MLP_baseline/mm.cpp:57]   --->   Operation 11 'read' 'AB_block_11_2_reload_read' <Predicate = true> <Delay = 0.00>
ST_1 : Operation 12 [1/1] (0.00ns)   --->   "%AB_block_10_2_reload_read = read i512 @_ssdm_op_Read.ap_auto.i512, i512 %AB_block_10_2_reload" [../MLP_baseline/mm.cpp:57]   --->   Operation 12 'read' 'AB_block_10_2_reload_read' <Predicate = true> <Delay = 0.00>
ST_1 : Operation 13 [1/1] (0.00ns)   --->   "%AB_block_9_2_reload_read = read i512 @_ssdm_op_Read.ap_auto.i512, i512 %AB_block_9_2_reload" [../MLP_baseline/mm.cpp:57]   --->   Operation 13 'read' 'AB_block_9_2_reload_read' <Predicate = true> <Delay = 0.00>
ST_1 : Operation 14 [1/1] (0.00ns)   --->   "%AB_block_8_2_reload_read = read i512 @_ssdm_op_Read.ap_auto.i512, i512 %AB_block_8_2_reload" [../MLP_baseline/mm.cpp:57]   --->   Operation 14 'read' 'AB_block_8_2_reload_read' <Predicate = true> <Delay = 0.00>
ST_1 : Operation 15 [1/1] (0.00ns)   --->   "%AB_block_7_2_reload_read = read i512 @_ssdm_op_Read.ap_auto.i512, i512 %AB_block_7_2_reload" [../MLP_baseline/mm.cpp:57]   --->   Operation 15 'read' 'AB_block_7_2_reload_read' <Predicate = true> <Delay = 0.00>
ST_1 : Operation 16 [1/1] (0.00ns)   --->   "%AB_block_6_2_reload_read = read i512 @_ssdm_op_Read.ap_auto.i512, i512 %AB_block_6_2_reload" [../MLP_baseline/mm.cpp:57]   --->   Operation 16 'read' 'AB_block_6_2_reload_read' <Predicate = true> <Delay = 0.00>
ST_1 : Operation 17 [1/1] (0.00ns)   --->   "%AB_block_5_2_reload_read = read i512 @_ssdm_op_Read.ap_auto.i512, i512 %AB_block_5_2_reload" [../MLP_baseline/mm.cpp:57]   --->   Operation 17 'read' 'AB_block_5_2_reload_read' <Predicate = true> <Delay = 0.00>
ST_1 : Operation 18 [1/1] (0.00ns)   --->   "%AB_block_4_2_reload_read = read i512 @_ssdm_op_Read.ap_auto.i512, i512 %AB_block_4_2_reload" [../MLP_baseline/mm.cpp:57]   --->   Operation 18 'read' 'AB_block_4_2_reload_read' <Predicate = true> <Delay = 0.00>
ST_1 : Operation 19 [1/1] (0.00ns)   --->   "%AB_block_3_2_reload_read = read i512 @_ssdm_op_Read.ap_auto.i512, i512 %AB_block_3_2_reload" [../MLP_baseline/mm.cpp:57]   --->   Operation 19 'read' 'AB_block_3_2_reload_read' <Predicate = true> <Delay = 0.00>
ST_1 : Operation 20 [1/1] (0.00ns)   --->   "%AB_block_2_2_reload_read = read i512 @_ssdm_op_Read.ap_auto.i512, i512 %AB_block_2_2_reload" [../MLP_baseline/mm.cpp:57]   --->   Operation 20 'read' 'AB_block_2_2_reload_read' <Predicate = true> <Delay = 0.00>
ST_1 : Operation 21 [1/1] (0.00ns)   --->   "%AB_block_1_2_reload_read = read i512 @_ssdm_op_Read.ap_auto.i512, i512 %AB_block_1_2_reload" [../MLP_baseline/mm.cpp:57]   --->   Operation 21 'read' 'AB_block_1_2_reload_read' <Predicate = true> <Delay = 0.00>
ST_1 : Operation 22 [1/1] (0.00ns)   --->   "%AB_block_0_2_reload_read = read i512 @_ssdm_op_Read.ap_auto.i512, i512 %AB_block_0_2_reload" [../MLP_baseline/mm.cpp:57]   --->   Operation 22 'read' 'AB_block_0_2_reload_read' <Predicate = true> <Delay = 0.00>
ST_1 : Operation 23 [1/1] (1.58ns)   --->   "%store_ln55 = store i5 0, i5 %j" [C:/Xilinx/2025.1/Vitis/tps/mingw/8.3.0/win64.o/nt\lib\gcc\x86_64-w64-mingw32\8.3.0\include\c++\array:55->C:/Xilinx/2025.1/Vitis/tps/mingw/8.3.0/win64.o/nt\lib\gcc\x86_64-w64-mingw32\8.3.0\include\c++\array:186->../MLP_baseline/mm.cpp:107]   --->   Operation 23 'store' 'store_ln55' <Predicate = true> <Delay = 1.58>
ST_1 : Operation 24 [1/1] (0.00ns)   --->   "%br_ln0 = br void %i_output_loop"   --->   Operation 24 'br' 'br_ln0' <Predicate = true> <Delay = 0.00>
ST_1 : Operation 25 [1/1] (0.00ns)   --->   "%j_2 = load i5 %j" [../MLP_baseline/mm.cpp:100]   --->   Operation 25 'load' 'j_2' <Predicate = true> <Delay = 0.00>
ST_1 : Operation 26 [1/1] (1.78ns)   --->   "%icmp_ln100 = icmp_eq  i5 %j_2, i5 16" [../MLP_baseline/mm.cpp:100]   --->   Operation 26 'icmp' 'icmp_ln100' <Predicate = true> <Delay = 1.78> <CoreInst = "Cmp">   --->   Core 9 'Cmp' <Latency = 0> <II = 1> <Delay = 1.78> <FuncUnit> <Opcode : 'seteq' 'setne' 'setle' 'setge' 'setlt' 'setgt'> <InPorts = 2> <OutPorts = 1>
ST_1 : Operation 27 [1/1] (1.78ns)   --->   "%add_ln100 = add i5 %j_2, i5 1" [../MLP_baseline/mm.cpp:100]   --->   Operation 27 'add' 'add_ln100' <Predicate = true> <Delay = 1.78> <CoreInst = "Adder">   --->   Core 1 'Adder' <Latency = 0> <II = 1> <Delay = 1.78> <FuncUnit> <Opcode : 'add' 'sub'> <InPorts = 2> <OutPorts = 1>
ST_1 : Operation 28 [1/1] (0.00ns)   --->   "%br_ln100 = br i1 %icmp_ln100, void %i_output_loop.split, void %for.inc82.exitStub" [../MLP_baseline/mm.cpp:100]   --->   Operation 28 'br' 'br_ln100' <Predicate = true> <Delay = 0.00>
ST_1 : Operation 29 [1/1] (0.00ns)   --->   "%trunc_ln56 = trunc i5 %j_2" [C:/Xilinx/2025.1/Vitis/tps/mingw/8.3.0/win64.o/nt\lib\gcc\x86_64-w64-mingw32\8.3.0\include\c++\array:56->C:/Xilinx/2025.1/Vitis/tps/mingw/8.3.0/win64.o/nt\lib\gcc\x86_64-w64-mingw32\8.3.0\include\c++\array:186->../MLP_baseline/mm.cpp:107]   --->   Operation 29 'trunc' 'trunc_ln56' <Predicate = (!icmp_ln100)> <Delay = 0.00>
ST_1 : Operation 30 [1/1] (0.00ns)   --->   "%shl_ln = bitconcatenate i9 @_ssdm_op_BitConcatenate.i9.i4.i5, i4 %trunc_ln56, i5 0" [C:/Xilinx/2025.1/Vitis/tps/mingw/8.3.0/win64.o/nt\lib\gcc\x86_64-w64-mingw32\8.3.0\include\c++\array:56->C:/Xilinx/2025.1/Vitis/tps/mingw/8.3.0/win64.o/nt\lib\gcc\x86_64-w64-mingw32\8.3.0\include\c++\array:186->../MLP_baseline/mm.cpp:107]   --->   Operation 30 'bitconcatenate' 'shl_ln' <Predicate = (!icmp_ln100)> <Delay = 0.00>
ST_1 : Operation 31 [1/1] (0.00ns)   --->   "%zext_ln107 = zext i9 %shl_ln" [../MLP_baseline/mm.cpp:107]   --->   Operation 31 'zext' 'zext_ln107' <Predicate = (!icmp_ln100)> <Delay = 0.00>
ST_1 : Operation 32 [1/1] (5.94ns)   --->   "%lshr_ln107 = lshr i512 %AB_block_0_2_reload_read, i512 %zext_ln107" [../MLP_baseline/mm.cpp:107]   --->   Operation 32 'lshr' 'lshr_ln107' <Predicate = (!icmp_ln100)> <Delay = 5.94> <CoreInst = "Shifter">   --->   Core 75 'Shifter' <Latency = 0> <II = 1> <Delay = 5.94> <FuncUnit> <Opcode : 'shl' 'lshr' 'ashr'> <InPorts = 2> <OutPorts = 1>
ST_1 : Operation 33 [1/1] (0.00ns)   --->   "%trunc_ln107 = trunc i512 %lshr_ln107" [../MLP_baseline/mm.cpp:107]   --->   Operation 33 'trunc' 'trunc_ln107' <Predicate = (!icmp_ln100)> <Delay = 0.00>
ST_1 : Operation 34 [1/1] (5.94ns)   --->   "%lshr_ln107_1 = lshr i512 %AB_block_1_2_reload_read, i512 %zext_ln107" [../MLP_baseline/mm.cpp:107]   --->   Operation 34 'lshr' 'lshr_ln107_1' <Predicate = (!icmp_ln100)> <Delay = 5.94> <CoreInst = "Shifter">   --->   Core 75 'Shifter' <Latency = 0> <II = 1> <Delay = 5.94> <FuncUnit> <Opcode : 'shl' 'lshr' 'ashr'> <InPorts = 2> <OutPorts = 1>
ST_1 : Operation 35 [1/1] (0.00ns)   --->   "%trunc_ln107_1 = trunc i512 %lshr_ln107_1" [../MLP_baseline/mm.cpp:107]   --->   Operation 35 'trunc' 'trunc_ln107_1' <Predicate = (!icmp_ln100)> <Delay = 0.00>
ST_1 : Operation 36 [1/1] (5.94ns)   --->   "%lshr_ln107_2 = lshr i512 %AB_block_2_2_reload_read, i512 %zext_ln107" [../MLP_baseline/mm.cpp:107]   --->   Operation 36 'lshr' 'lshr_ln107_2' <Predicate = (!icmp_ln100)> <Delay = 5.94> <CoreInst = "Shifter">   --->   Core 75 'Shifter' <Latency = 0> <II = 1> <Delay = 5.94> <FuncUnit> <Opcode : 'shl' 'lshr' 'ashr'> <InPorts = 2> <OutPorts = 1>
ST_1 : Operation 37 [1/1] (0.00ns)   --->   "%trunc_ln107_2 = trunc i512 %lshr_ln107_2" [../MLP_baseline/mm.cpp:107]   --->   Operation 37 'trunc' 'trunc_ln107_2' <Predicate = (!icmp_ln100)> <Delay = 0.00>
ST_1 : Operation 38 [1/1] (5.94ns)   --->   "%lshr_ln107_3 = lshr i512 %AB_block_3_2_reload_read, i512 %zext_ln107" [../MLP_baseline/mm.cpp:107]   --->   Operation 38 'lshr' 'lshr_ln107_3' <Predicate = (!icmp_ln100)> <Delay = 5.94> <CoreInst = "Shifter">   --->   Core 75 'Shifter' <Latency = 0> <II = 1> <Delay = 5.94> <FuncUnit> <Opcode : 'shl' 'lshr' 'ashr'> <InPorts = 2> <OutPorts = 1>
ST_1 : Operation 39 [1/1] (0.00ns)   --->   "%trunc_ln107_3 = trunc i512 %lshr_ln107_3" [../MLP_baseline/mm.cpp:107]   --->   Operation 39 'trunc' 'trunc_ln107_3' <Predicate = (!icmp_ln100)> <Delay = 0.00>
ST_1 : Operation 40 [1/1] (5.94ns)   --->   "%lshr_ln107_4 = lshr i512 %AB_block_4_2_reload_read, i512 %zext_ln107" [../MLP_baseline/mm.cpp:107]   --->   Operation 40 'lshr' 'lshr_ln107_4' <Predicate = (!icmp_ln100)> <Delay = 5.94> <CoreInst = "Shifter">   --->   Core 75 'Shifter' <Latency = 0> <II = 1> <Delay = 5.94> <FuncUnit> <Opcode : 'shl' 'lshr' 'ashr'> <InPorts = 2> <OutPorts = 1>
ST_1 : Operation 41 [1/1] (0.00ns)   --->   "%trunc_ln107_4 = trunc i512 %lshr_ln107_4" [../MLP_baseline/mm.cpp:107]   --->   Operation 41 'trunc' 'trunc_ln107_4' <Predicate = (!icmp_ln100)> <Delay = 0.00>
ST_1 : Operation 42 [1/1] (5.94ns)   --->   "%lshr_ln107_5 = lshr i512 %AB_block_5_2_reload_read, i512 %zext_ln107" [../MLP_baseline/mm.cpp:107]   --->   Operation 42 'lshr' 'lshr_ln107_5' <Predicate = (!icmp_ln100)> <Delay = 5.94> <CoreInst = "Shifter">   --->   Core 75 'Shifter' <Latency = 0> <II = 1> <Delay = 5.94> <FuncUnit> <Opcode : 'shl' 'lshr' 'ashr'> <InPorts = 2> <OutPorts = 1>
ST_1 : Operation 43 [1/1] (0.00ns)   --->   "%trunc_ln107_5 = trunc i512 %lshr_ln107_5" [../MLP_baseline/mm.cpp:107]   --->   Operation 43 'trunc' 'trunc_ln107_5' <Predicate = (!icmp_ln100)> <Delay = 0.00>
ST_1 : Operation 44 [1/1] (5.94ns)   --->   "%lshr_ln107_6 = lshr i512 %AB_block_6_2_reload_read, i512 %zext_ln107" [../MLP_baseline/mm.cpp:107]   --->   Operation 44 'lshr' 'lshr_ln107_6' <Predicate = (!icmp_ln100)> <Delay = 5.94> <CoreInst = "Shifter">   --->   Core 75 'Shifter' <Latency = 0> <II = 1> <Delay = 5.94> <FuncUnit> <Opcode : 'shl' 'lshr' 'ashr'> <InPorts = 2> <OutPorts = 1>
ST_1 : Operation 45 [1/1] (0.00ns)   --->   "%trunc_ln107_6 = trunc i512 %lshr_ln107_6" [../MLP_baseline/mm.cpp:107]   --->   Operation 45 'trunc' 'trunc_ln107_6' <Predicate = (!icmp_ln100)> <Delay = 0.00>
ST_1 : Operation 46 [1/1] (5.94ns)   --->   "%lshr_ln107_7 = lshr i512 %AB_block_7_2_reload_read, i512 %zext_ln107" [../MLP_baseline/mm.cpp:107]   --->   Operation 46 'lshr' 'lshr_ln107_7' <Predicate = (!icmp_ln100)> <Delay = 5.94> <CoreInst = "Shifter">   --->   Core 75 'Shifter' <Latency = 0> <II = 1> <Delay = 5.94> <FuncUnit> <Opcode : 'shl' 'lshr' 'ashr'> <InPorts = 2> <OutPorts = 1>
ST_1 : Operation 47 [1/1] (0.00ns)   --->   "%trunc_ln107_7 = trunc i512 %lshr_ln107_7" [../MLP_baseline/mm.cpp:107]   --->   Operation 47 'trunc' 'trunc_ln107_7' <Predicate = (!icmp_ln100)> <Delay = 0.00>
ST_1 : Operation 48 [1/1] (5.94ns)   --->   "%lshr_ln107_8 = lshr i512 %AB_block_8_2_reload_read, i512 %zext_ln107" [../MLP_baseline/mm.cpp:107]   --->   Operation 48 'lshr' 'lshr_ln107_8' <Predicate = (!icmp_ln100)> <Delay = 5.94> <CoreInst = "Shifter">   --->   Core 75 'Shifter' <Latency = 0> <II = 1> <Delay = 5.94> <FuncUnit> <Opcode : 'shl' 'lshr' 'ashr'> <InPorts = 2> <OutPorts = 1>
ST_1 : Operation 49 [1/1] (0.00ns)   --->   "%trunc_ln107_8 = trunc i512 %lshr_ln107_8" [../MLP_baseline/mm.cpp:107]   --->   Operation 49 'trunc' 'trunc_ln107_8' <Predicate = (!icmp_ln100)> <Delay = 0.00>
ST_1 : Operation 50 [1/1] (5.94ns)   --->   "%lshr_ln107_9 = lshr i512 %AB_block_9_2_reload_read, i512 %zext_ln107" [../MLP_baseline/mm.cpp:107]   --->   Operation 50 'lshr' 'lshr_ln107_9' <Predicate = (!icmp_ln100)> <Delay = 5.94> <CoreInst = "Shifter">   --->   Core 75 'Shifter' <Latency = 0> <II = 1> <Delay = 5.94> <FuncUnit> <Opcode : 'shl' 'lshr' 'ashr'> <InPorts = 2> <OutPorts = 1>
ST_1 : Operation 51 [1/1] (0.00ns)   --->   "%trunc_ln107_9 = trunc i512 %lshr_ln107_9" [../MLP_baseline/mm.cpp:107]   --->   Operation 51 'trunc' 'trunc_ln107_9' <Predicate = (!icmp_ln100)> <Delay = 0.00>
ST_1 : Operation 52 [1/1] (5.94ns)   --->   "%lshr_ln107_10 = lshr i512 %AB_block_10_2_reload_read, i512 %zext_ln107" [../MLP_baseline/mm.cpp:107]   --->   Operation 52 'lshr' 'lshr_ln107_10' <Predicate = (!icmp_ln100)> <Delay = 5.94> <CoreInst = "Shifter">   --->   Core 75 'Shifter' <Latency = 0> <II = 1> <Delay = 5.94> <FuncUnit> <Opcode : 'shl' 'lshr' 'ashr'> <InPorts = 2> <OutPorts = 1>
ST_1 : Operation 53 [1/1] (0.00ns)   --->   "%trunc_ln107_10 = trunc i512 %lshr_ln107_10" [../MLP_baseline/mm.cpp:107]   --->   Operation 53 'trunc' 'trunc_ln107_10' <Predicate = (!icmp_ln100)> <Delay = 0.00>
ST_1 : Operation 54 [1/1] (5.94ns)   --->   "%lshr_ln107_11 = lshr i512 %AB_block_11_2_reload_read, i512 %zext_ln107" [../MLP_baseline/mm.cpp:107]   --->   Operation 54 'lshr' 'lshr_ln107_11' <Predicate = (!icmp_ln100)> <Delay = 5.94> <CoreInst = "Shifter">   --->   Core 75 'Shifter' <Latency = 0> <II = 1> <Delay = 5.94> <FuncUnit> <Opcode : 'shl' 'lshr' 'ashr'> <InPorts = 2> <OutPorts = 1>
ST_1 : Operation 55 [1/1] (0.00ns)   --->   "%trunc_ln107_11 = trunc i512 %lshr_ln107_11" [../MLP_baseline/mm.cpp:107]   --->   Operation 55 'trunc' 'trunc_ln107_11' <Predicate = (!icmp_ln100)> <Delay = 0.00>
ST_1 : Operation 56 [1/1] (5.94ns)   --->   "%lshr_ln107_12 = lshr i512 %AB_block_12_2_reload_read, i512 %zext_ln107" [../MLP_baseline/mm.cpp:107]   --->   Operation 56 'lshr' 'lshr_ln107_12' <Predicate = (!icmp_ln100)> <Delay = 5.94> <CoreInst = "Shifter">   --->   Core 75 'Shifter' <Latency = 0> <II = 1> <Delay = 5.94> <FuncUnit> <Opcode : 'shl' 'lshr' 'ashr'> <InPorts = 2> <OutPorts = 1>
ST_1 : Operation 57 [1/1] (0.00ns)   --->   "%trunc_ln107_12 = trunc i512 %lshr_ln107_12" [../MLP_baseline/mm.cpp:107]   --->   Operation 57 'trunc' 'trunc_ln107_12' <Predicate = (!icmp_ln100)> <Delay = 0.00>
ST_1 : Operation 58 [1/1] (5.94ns)   --->   "%lshr_ln107_13 = lshr i512 %AB_block_13_2_reload_read, i512 %zext_ln107" [../MLP_baseline/mm.cpp:107]   --->   Operation 58 'lshr' 'lshr_ln107_13' <Predicate = (!icmp_ln100)> <Delay = 5.94> <CoreInst = "Shifter">   --->   Core 75 'Shifter' <Latency = 0> <II = 1> <Delay = 5.94> <FuncUnit> <Opcode : 'shl' 'lshr' 'ashr'> <InPorts = 2> <OutPorts = 1>
ST_1 : Operation 59 [1/1] (0.00ns)   --->   "%trunc_ln107_13 = trunc i512 %lshr_ln107_13" [../MLP_baseline/mm.cpp:107]   --->   Operation 59 'trunc' 'trunc_ln107_13' <Predicate = (!icmp_ln100)> <Delay = 0.00>
ST_1 : Operation 60 [1/1] (5.94ns)   --->   "%lshr_ln107_14 = lshr i512 %AB_block_14_2_reload_read, i512 %zext_ln107" [../MLP_baseline/mm.cpp:107]   --->   Operation 60 'lshr' 'lshr_ln107_14' <Predicate = (!icmp_ln100)> <Delay = 5.94> <CoreInst = "Shifter">   --->   Core 75 'Shifter' <Latency = 0> <II = 1> <Delay = 5.94> <FuncUnit> <Opcode : 'shl' 'lshr' 'ashr'> <InPorts = 2> <OutPorts = 1>
ST_1 : Operation 61 [1/1] (0.00ns)   --->   "%trunc_ln107_14 = trunc i512 %lshr_ln107_14" [../MLP_baseline/mm.cpp:107]   --->   Operation 61 'trunc' 'trunc_ln107_14' <Predicate = (!icmp_ln100)> <Delay = 0.00>
ST_1 : Operation 62 [1/1] (5.94ns)   --->   "%lshr_ln107_15 = lshr i512 %AB_block_15_2_reload_read, i512 %zext_ln107" [../MLP_baseline/mm.cpp:107]   --->   Operation 62 'lshr' 'lshr_ln107_15' <Predicate = (!icmp_ln100)> <Delay = 5.94> <CoreInst = "Shifter">   --->   Core 75 'Shifter' <Latency = 0> <II = 1> <Delay = 5.94> <FuncUnit> <Opcode : 'shl' 'lshr' 'ashr'> <InPorts = 2> <OutPorts = 1>
ST_1 : Operation 63 [1/1] (0.00ns)   --->   "%trunc_ln107_15 = trunc i512 %lshr_ln107_15" [../MLP_baseline/mm.cpp:107]   --->   Operation 63 'trunc' 'trunc_ln107_15' <Predicate = (!icmp_ln100)> <Delay = 0.00>
ST_1 : Operation 64 [1/1] (1.58ns)   --->   "%store_ln55 = store i5 %add_ln100, i5 %j" [C:/Xilinx/2025.1/Vitis/tps/mingw/8.3.0/win64.o/nt\lib\gcc\x86_64-w64-mingw32\8.3.0\include\c++\array:55->C:/Xilinx/2025.1/Vitis/tps/mingw/8.3.0/win64.o/nt\lib\gcc\x86_64-w64-mingw32\8.3.0\include\c++\array:186->../MLP_baseline/mm.cpp:107]   --->   Operation 64 'store' 'store_ln55' <Predicate = (!icmp_ln100)> <Delay = 1.58>
ST_1 : Operation 71 [1/1] (1.58ns)   --->   "%ret_ln0 = ret"   --->   Operation 71 'ret' 'ret_ln0' <Predicate = (icmp_ln100)> <Delay = 1.58>

State 2 <SV = 1> <Delay = 3.60>
ST_2 : Operation 65 [1/1] (0.00ns)   --->   "%specpipeline_ln101 = specpipeline void @_ssdm_op_SpecPipeline, i32 1, i32 0, i32 0, i32 0, void @empty_0" [../MLP_baseline/mm.cpp:101]   --->   Operation 65 'specpipeline' 'specpipeline_ln101' <Predicate = true> <Delay = 0.00>
ST_2 : Operation 66 [1/1] (0.00ns)   --->   "%speclooptripcount_ln100 = speclooptripcount void @_ssdm_op_SpecLoopTripCount, i64 16, i64 16, i64 16" [../MLP_baseline/mm.cpp:100]   --->   Operation 66 'speclooptripcount' 'speclooptripcount_ln100' <Predicate = true> <Delay = 0.00>
ST_2 : Operation 67 [1/1] (0.00ns)   --->   "%specloopname_ln100 = specloopname void @_ssdm_op_SpecLoopName, void @empty" [../MLP_baseline/mm.cpp:100]   --->   Operation 67 'specloopname' 'specloopname_ln100' <Predicate = true> <Delay = 0.00>
ST_2 : Operation 68 [1/1] (0.00ns)   --->   "%p_0 = bitconcatenate i512 @_ssdm_op_BitConcatenate.i512.i32.i32.i32.i32.i32.i32.i32.i32.i32.i32.i32.i32.i32.i32.i32.i32, i32 %trunc_ln107_15, i32 %trunc_ln107_14, i32 %trunc_ln107_13, i32 %trunc_ln107_12, i32 %trunc_ln107_11, i32 %trunc_ln107_10, i32 %trunc_ln107_9, i32 %trunc_ln107_8, i32 %trunc_ln107_7, i32 %trunc_ln107_6, i32 %trunc_ln107_5, i32 %trunc_ln107_4, i32 %trunc_ln107_3, i32 %trunc_ln107_2, i32 %trunc_ln107_1, i32 %trunc_ln107" [../MLP_baseline/mm.cpp:110]   --->   Operation 68 'bitconcatenate' 'p_0' <Predicate = true> <Delay = 0.00>
ST_2 : Operation 69 [1/1] ( I:3.60ns O:3.60ns )   --->   "%write_ln110 = write void @_ssdm_op_Write.ap_fifo.volatile.i512P0A, i512 %AB_stream, i512 %p_0" [../MLP_baseline/mm.cpp:110]   --->   Operation 69 'write' 'write_ln110' <Predicate = true> <Delay = 3.60> <CoreInst = "FIFO">   --->   Core 77 'FIFO' <Latency = 0> <II = 1> <Delay = 3.60> <Storage> <Opcode : 'read' 'write' 'nbread' 'nbwrite'> <Ports = 0> <Width = 512> <Depth = 32> <FIFO>
ST_2 : Operation 70 [1/1] (0.00ns)   --->   "%br_ln100 = br void %i_output_loop" [../MLP_baseline/mm.cpp:100]   --->   Operation 70 'br' 'br_ln100' <Predicate = true> <Delay = 0.00>


============================================================
+ Verbose Summary: Timing violations
============================================================
Target clock period: 15.000ns, clock uncertainty: 4.050ns.

 <State 1>: 7.532ns
The critical path consists of the following:
	'store' operation 0 bit ('store_ln55', C:/Xilinx/2025.1/Vitis/tps/mingw/8.3.0/win64.o/nt\lib\gcc\x86_64-w64-mingw32\8.3.0\include\c++\array:55->C:/Xilinx/2025.1/Vitis/tps/mingw/8.3.0/win64.o/nt\lib\gcc\x86_64-w64-mingw32\8.3.0\include\c++\array:186->../MLP_baseline/mm.cpp:107) of constant 0 on local variable '__n', C:/Xilinx/2025.1/Vitis/tps/mingw/8.3.0/win64.o/nt\lib\gcc\x86_64-w64-mingw32\8.3.0\include\c++\array:55->C:/Xilinx/2025.1/Vitis/tps/mingw/8.3.0/win64.o/nt\lib\gcc\x86_64-w64-mingw32\8.3.0\include\c++\array:186->../MLP_baseline/mm.cpp:107 [36]  (1.588 ns)
	'load' operation 5 bit ('j', ../MLP_baseline/mm.cpp:100) on local variable '__n', C:/Xilinx/2025.1/Vitis/tps/mingw/8.3.0/win64.o/nt\lib\gcc\x86_64-w64-mingw32\8.3.0\include\c++\array:55->C:/Xilinx/2025.1/Vitis/tps/mingw/8.3.0/win64.o/nt\lib\gcc\x86_64-w64-mingw32\8.3.0\include\c++\array:186->../MLP_baseline/mm.cpp:107 [39]  (0.000 ns)
	'lshr' operation 512 bit ('lshr_ln107', ../MLP_baseline/mm.cpp:107) [50]  (5.944 ns)

 <State 2>: 3.607ns
The critical path consists of the following:
	fifo write operation ('write_ln110', ../MLP_baseline/mm.cpp:110) on port 'AB_stream' (../MLP_baseline/mm.cpp:110) [83]  (3.607 ns)


============================================================
+ Verbose Summary: Binding
============================================================
N/A
* FSMD analyzer results:
  - Output states:
 - Input state : 
  - Chain level:
	State 1
	State 2


============================================================
+ Verbose Summary: Datapath Resource usage 
============================================================
N/A
