

================================================================
== Vitis HLS Report for 'computeTiles'
================================================================
* Date:           Thu Apr  9 18:27:21 2026

* Version:        2025.2 (Build 6295257 on Nov 14 2025)
* Project:        baseline_blockedMM
* Solution:       hls (Vivado IP Flow Target)
* Product family: zynq
* Target device:  xc7z020-clg400-1


================================================================
== Performance Estimates
================================================================
+ Timing: 
    * Summary: 
    +--------+----------+-----------+------------+
    |  Clock |  Target  | Estimated | Uncertainty|
    +--------+----------+-----------+------------+
    |ap_clk  |  15.00 ns|  10.950 ns|     4.05 ns|
    +--------+----------+-----------+------------+

+ Latency: 
    * Summary: 
    +---------+---------+-----------+----------+-----+-----+---------+
    |  Latency (cycles) |  Latency (absolute)  |  Interval | Pipeline|
    |   min   |   max   |    min    |    max   | min | max |   Type  |
    +---------+---------+-----------+----------+-----+-----+---------+
    |        1|        ?|  15.000 ns|         ?|    1|    ?|       no|
    +---------+---------+-----------+----------+-----+-----+---------+

    + Detail: 
        * Instance: 
        N/A

        * Loop: 
        +-----------------+---------+---------------------+-------------------------+-----------+-----------+---------------+----------+
        |                 |        Latency (cycles)       |        Iteration        |  Initiation Interval  |      Trip     |          |
        |    Loop Name    |   min   |         max         |         Latency         |  achieved |   target  |     Count     | Pipelined|
        +-----------------+---------+---------------------+-------------------------+-----------+-----------+---------------+----------+
        |- i_BLOCK_loop   |        0|                    ?|  2 ~ 4611685956687233230|          -|          -|  0 ~ 134217727|        no|
        | + j_BLOCK_loop  |        0|  4611685956687233024|         49 ~ 34359738164|          -|          -|  0 ~ 134217727|        no|
        +-----------------+---------+---------------------+-------------------------+-----------+-----------+---------------+----------+

============================================================
+ Verbose Summary: Synthesis Manager
============================================================
InlineROM: 1
ExposeGlobal: 0
============================================================
+ Verbose Summary: CDFG Model
============================================================
IsTopModel: 0
ResetActiveHigh: 1
IsCombinational: 2
IsDatapathOnly: 0
HasWiredReturn: 1
HasMFsm: 0
HasVarLatency: 1
IsPipeline: 0
IsRtlPipelined: 0
IsInstanceOverlapped: 0
IsDontTouch: 0
HasImplIP: 0
IsGatedGlobalClock: 0


============================================================
+ Verbose Summary: Schedule
============================================================
* Number of FSM states : 31
* Pipeline : 0
* Dataflow Pipeline: 0

* FSM state transitions: 
1 --> 2 
2 --> 3 
3 --> 4 2 
4 --> 5 
5 --> 6 
6 --> 7 
7 --> 8 
8 --> 9 
9 --> 10 
10 --> 11 
11 --> 12 
12 --> 13 
13 --> 14 
14 --> 15 
15 --> 16 
16 --> 17 
17 --> 18 
18 --> 19 
19 --> 20 
20 --> 21 
21 --> 22 
22 --> 23 
23 --> 24 
24 --> 25 
25 --> 26 
26 --> 27 
27 --> 28 
28 --> 29 
29 --> 30 
30 --> 31 
31 --> 3 

* FSM state operations: 

State 1 <SV = 0> <Delay = 9.06>
ST_1 : Operation 32 [1/1] (0.00ns)   --->   "%ib = alloca i32 1" [../MLP_baseline/mm.cpp:65]   --->   Operation 32 'alloca' 'ib' <Predicate = true> <Delay = 0.00>
ST_1 : Operation 33 [1/1] (0.00ns)   --->   "%P_read = read i32 @_ssdm_op_Read.ap_auto.i32, i32 %P"   --->   Operation 33 'read' 'P_read' <Predicate = true> <Delay = 0.00>
ST_1 : Operation 34 [1/1] (0.00ns)   --->   "%M_read = read i32 @_ssdm_op_Read.ap_auto.i32, i32 %M"   --->   Operation 34 'read' 'M_read' <Predicate = true> <Delay = 0.00>
ST_1 : Operation 35 [1/1] (0.00ns)   --->   "%N_read = read i32 @_ssdm_op_Read.ap_auto.i32, i32 %N"   --->   Operation 35 'read' 'N_read' <Predicate = true> <Delay = 0.00>
ST_1 : Operation 36 [1/1] (0.00ns)   --->   "%C_read = read i64 @_ssdm_op_Read.ap_auto.i64, i64 %C"   --->   Operation 36 'read' 'C_read' <Predicate = true> <Delay = 0.00>
ST_1 : Operation 37 [1/1] (0.00ns)   --->   "%AB_block_16_loc = alloca i64 1"   --->   Operation 37 'alloca' 'AB_block_16_loc' <Predicate = true> <Delay = 0.00>
ST_1 : Operation 38 [1/1] (0.00ns)   --->   "%AB_block_17_loc = alloca i64 1"   --->   Operation 38 'alloca' 'AB_block_17_loc' <Predicate = true> <Delay = 0.00>
ST_1 : Operation 39 [1/1] (0.00ns)   --->   "%AB_block_18_loc = alloca i64 1"   --->   Operation 39 'alloca' 'AB_block_18_loc' <Predicate = true> <Delay = 0.00>
ST_1 : Operation 40 [1/1] (0.00ns)   --->   "%AB_block_19_loc = alloca i64 1"   --->   Operation 40 'alloca' 'AB_block_19_loc' <Predicate = true> <Delay = 0.00>
ST_1 : Operation 41 [1/1] (0.00ns)   --->   "%AB_block_20_loc = alloca i64 1"   --->   Operation 41 'alloca' 'AB_block_20_loc' <Predicate = true> <Delay = 0.00>
ST_1 : Operation 42 [1/1] (0.00ns)   --->   "%AB_block_21_loc = alloca i64 1"   --->   Operation 42 'alloca' 'AB_block_21_loc' <Predicate = true> <Delay = 0.00>
ST_1 : Operation 43 [1/1] (0.00ns)   --->   "%AB_block_22_loc = alloca i64 1"   --->   Operation 43 'alloca' 'AB_block_22_loc' <Predicate = true> <Delay = 0.00>
ST_1 : Operation 44 [1/1] (0.00ns)   --->   "%AB_block_23_loc = alloca i64 1"   --->   Operation 44 'alloca' 'AB_block_23_loc' <Predicate = true> <Delay = 0.00>
ST_1 : Operation 45 [1/1] (0.00ns)   --->   "%AB_block_24_loc = alloca i64 1"   --->   Operation 45 'alloca' 'AB_block_24_loc' <Predicate = true> <Delay = 0.00>
ST_1 : Operation 46 [1/1] (0.00ns)   --->   "%AB_block_25_loc = alloca i64 1"   --->   Operation 46 'alloca' 'AB_block_25_loc' <Predicate = true> <Delay = 0.00>
ST_1 : Operation 47 [1/1] (0.00ns)   --->   "%AB_block_26_loc = alloca i64 1"   --->   Operation 47 'alloca' 'AB_block_26_loc' <Predicate = true> <Delay = 0.00>
ST_1 : Operation 48 [1/1] (0.00ns)   --->   "%AB_block_27_loc = alloca i64 1"   --->   Operation 48 'alloca' 'AB_block_27_loc' <Predicate = true> <Delay = 0.00>
ST_1 : Operation 49 [1/1] (0.00ns)   --->   "%AB_block_28_loc = alloca i64 1"   --->   Operation 49 'alloca' 'AB_block_28_loc' <Predicate = true> <Delay = 0.00>
ST_1 : Operation 50 [1/1] (0.00ns)   --->   "%AB_block_29_loc = alloca i64 1"   --->   Operation 50 'alloca' 'AB_block_29_loc' <Predicate = true> <Delay = 0.00>
ST_1 : Operation 51 [1/1] (0.00ns)   --->   "%AB_block_30_loc = alloca i64 1"   --->   Operation 51 'alloca' 'AB_block_30_loc' <Predicate = true> <Delay = 0.00>
ST_1 : Operation 52 [1/1] (0.00ns)   --->   "%AB_block_31_loc = alloca i64 1"   --->   Operation 52 'alloca' 'AB_block_31_loc' <Predicate = true> <Delay = 0.00>
ST_1 : Operation 53 [1/1] (0.00ns)   --->   "%specinterface_ln0 = specinterface void @_ssdm_op_SpecInterface, i32 %P_c, void @ap_fifo_str, i32 0, i32 0, void @p_str, i32 0, i32 0, void @p_str, void @p_str, void @p_str, i32 2, i32 2, i32 16, i32 16, void @p_str, void @ScalarProp_str, i32 4294967295, i32 0, i32 0, i32 0"   --->   Operation 53 'specinterface' 'specinterface_ln0' <Predicate = true> <Delay = 0.00>
ST_1 : Operation 54 [1/1] ( I:3.63ns O:3.63ns )   --->   "%write_ln0 = write void @_ssdm_op_Write.ap_fifo.i32P0A, i32 %P_c, i32 %P_read"   --->   Operation 54 'write' 'write_ln0' <Predicate = true> <Delay = 3.63> <CoreInst = "FIFO_SRL">   --->   Core 80 'FIFO_SRL' <Latency = 0> <II = 1> <Delay = 3.63> <Storage> <Opcode : 'read' 'write' 'nbread' 'nbwrite'> <Ports = 0> <Width = 32> <Depth = 2> <FIFO>
ST_1 : Operation 55 [1/1] (0.00ns)   --->   "%specinterface_ln0 = specinterface void @_ssdm_op_SpecInterface, i32 %N_c, void @ap_fifo_str, i32 0, i32 0, void @p_str, i32 0, i32 0, void @p_str, void @p_str, void @p_str, i32 2, i32 2, i32 16, i32 16, void @p_str, void @ScalarProp_str, i32 4294967295, i32 0, i32 0, i32 0"   --->   Operation 55 'specinterface' 'specinterface_ln0' <Predicate = true> <Delay = 0.00>
ST_1 : Operation 56 [1/1] ( I:3.63ns O:3.63ns )   --->   "%write_ln0 = write void @_ssdm_op_Write.ap_fifo.i32P0A, i32 %N_c, i32 %N_read"   --->   Operation 56 'write' 'write_ln0' <Predicate = true> <Delay = 3.63> <CoreInst = "FIFO_SRL">   --->   Core 80 'FIFO_SRL' <Latency = 0> <II = 1> <Delay = 3.63> <Storage> <Opcode : 'read' 'write' 'nbread' 'nbwrite'> <Ports = 0> <Width = 32> <Depth = 2> <FIFO>
ST_1 : Operation 57 [1/1] (0.00ns)   --->   "%specinterface_ln0 = specinterface void @_ssdm_op_SpecInterface, i512 %AB_stream, void @empty_9, i32 0, i32 0, void @empty, i32 0, i32 0, void @empty, void @empty, void @empty, i32 0, i32 0, i32 0, i32 0, void @empty, void @empty, i32 4294967295, i32 0, i32 0, i32 0"   --->   Operation 57 'specinterface' 'specinterface_ln0' <Predicate = true> <Delay = 0.00>
ST_1 : Operation 58 [1/1] (0.00ns)   --->   "%specinterface_ln0 = specinterface void @_ssdm_op_SpecInterface, i512 %B_stream, void @empty_9, i32 0, i32 0, void @empty, i32 0, i32 0, void @empty, void @empty, void @empty, i32 0, i32 0, i32 0, i32 0, void @empty, void @empty, i32 4294967295, i32 0, i32 0, i32 0"   --->   Operation 58 'specinterface' 'specinterface_ln0' <Predicate = true> <Delay = 0.00>
ST_1 : Operation 59 [1/1] (0.00ns)   --->   "%specinterface_ln0 = specinterface void @_ssdm_op_SpecInterface, i512 %A_stream, void @empty_9, i32 0, i32 0, void @empty, i32 0, i32 0, void @empty, void @empty, void @empty, i32 0, i32 0, i32 0, i32 0, void @empty, void @empty, i32 4294967295, i32 0, i32 0, i32 0"   --->   Operation 59 'specinterface' 'specinterface_ln0' <Predicate = true> <Delay = 0.00>
ST_1 : Operation 60 [1/1] (0.00ns)   --->   "%specinterface_ln0 = specinterface void @_ssdm_op_SpecInterface, i32 %gmem2, void @empty_17, i32 0, i32 0, void @empty, i32 0, i32 64, void @empty_3, void @empty_1, void @empty, i32 16, i32 16, i32 16, i32 16, void @empty, void @empty, i32 4294967295, i32 0, i32 0, i32 4"   --->   Operation 60 'specinterface' 'specinterface_ln0' <Predicate = true> <Delay = 0.00>
ST_1 : Operation 61 [1/1] (0.00ns)   --->   "%tmp_29 = bitselect i1 @_ssdm_op_BitSelect.i1.i32.i32, i32 %N_read, i32 31" [../MLP_baseline/mm.cpp:65]   --->   Operation 61 'bitselect' 'tmp_29' <Predicate = true> <Delay = 0.00>
ST_1 : Operation 62 [1/1] (2.55ns)   --->   "%sub_ln65 = sub i32 0, i32 %N_read" [../MLP_baseline/mm.cpp:65]   --->   Operation 62 'sub' 'sub_ln65' <Predicate = true> <Delay = 2.55> <CoreInst = "Adder">   --->   Core 1 'Adder' <Latency = 0> <II = 1> <Delay = 2.55> <FuncUnit> <Opcode : 'add' 'sub'> <InPorts = 2> <OutPorts = 1>
ST_1 : Operation 63 [1/1] (0.00ns)   --->   "%tmp = partselect i28 @_ssdm_op_PartSelect.i28.i32.i32.i32, i32 %sub_ln65, i32 4, i32 31" [../MLP_baseline/mm.cpp:65]   --->   Operation 63 'partselect' 'tmp' <Predicate = true> <Delay = 0.00>
ST_1 : Operation 64 [1/1] (2.43ns)   --->   "%sub_ln65_1 = sub i28 0, i28 %tmp" [../MLP_baseline/mm.cpp:65]   --->   Operation 64 'sub' 'sub_ln65_1' <Predicate = true> <Delay = 2.43> <CoreInst = "Adder">   --->   Core 1 'Adder' <Latency = 0> <II = 1> <Delay = 2.43> <FuncUnit> <Opcode : 'add' 'sub'> <InPorts = 2> <OutPorts = 1>
ST_1 : Operation 65 [1/1] (0.00ns)   --->   "%tmp_s = partselect i28 @_ssdm_op_PartSelect.i28.i32.i32.i32, i32 %N_read, i32 4, i32 31" [../MLP_baseline/mm.cpp:65]   --->   Operation 65 'partselect' 'tmp_s' <Predicate = true> <Delay = 0.00>
ST_1 : Operation 66 [1/1] (0.83ns)   --->   "%select_ln65 = select i1 %tmp_29, i28 %sub_ln65_1, i28 %tmp_s" [../MLP_baseline/mm.cpp:65]   --->   Operation 66 'select' 'select_ln65' <Predicate = true> <Delay = 0.83> <CoreInst = "Sel">   --->   Core 73 'Sel' <Latency = 0> <II = 1> <Delay = 0.83> <FuncUnit> <Opcode : 'select'> <InPorts = 3> <OutPorts = 1>
ST_1 : Operation 67 [1/1] (0.00ns)   --->   "%tmp_30 = bitselect i1 @_ssdm_op_BitSelect.i1.i32.i32, i32 %P_read, i32 31" [../MLP_baseline/mm.cpp:67]   --->   Operation 67 'bitselect' 'tmp_30' <Predicate = true> <Delay = 0.00>
ST_1 : Operation 68 [1/1] (2.55ns)   --->   "%sub_ln67 = sub i32 0, i32 %P_read" [../MLP_baseline/mm.cpp:67]   --->   Operation 68 'sub' 'sub_ln67' <Predicate = true> <Delay = 2.55> <CoreInst = "Adder">   --->   Core 1 'Adder' <Latency = 0> <II = 1> <Delay = 2.55> <FuncUnit> <Opcode : 'add' 'sub'> <InPorts = 2> <OutPorts = 1>
ST_1 : Operation 69 [1/1] (0.00ns)   --->   "%tmp_16 = partselect i28 @_ssdm_op_PartSelect.i28.i32.i32.i32, i32 %sub_ln67, i32 4, i32 31" [../MLP_baseline/mm.cpp:67]   --->   Operation 69 'partselect' 'tmp_16' <Predicate = true> <Delay = 0.00>
ST_1 : Operation 70 [1/1] (2.43ns)   --->   "%sub_ln67_1 = sub i28 0, i28 %tmp_16" [../MLP_baseline/mm.cpp:67]   --->   Operation 70 'sub' 'sub_ln67_1' <Predicate = true> <Delay = 2.43> <CoreInst = "Adder">   --->   Core 1 'Adder' <Latency = 0> <II = 1> <Delay = 2.43> <FuncUnit> <Opcode : 'add' 'sub'> <InPorts = 2> <OutPorts = 1>
ST_1 : Operation 71 [1/1] (0.00ns)   --->   "%tmp_17 = partselect i28 @_ssdm_op_PartSelect.i28.i32.i32.i32, i32 %P_read, i32 4, i32 31" [../MLP_baseline/mm.cpp:67]   --->   Operation 71 'partselect' 'tmp_17' <Predicate = true> <Delay = 0.00>
ST_1 : Operation 72 [1/1] (0.83ns)   --->   "%select_ln67 = select i1 %tmp_30, i28 %sub_ln67_1, i28 %tmp_17" [../MLP_baseline/mm.cpp:67]   --->   Operation 72 'select' 'select_ln67' <Predicate = true> <Delay = 0.83> <CoreInst = "Sel">   --->   Core 73 'Sel' <Latency = 0> <II = 1> <Delay = 0.83> <FuncUnit> <Opcode : 'select'> <InPorts = 3> <OutPorts = 1>
ST_1 : Operation 73 [1/1] (0.00ns)   --->   "%tmp_31 = bitselect i1 @_ssdm_op_BitSelect.i1.i32.i32, i32 %M_read, i32 31" [../MLP_baseline/mm.cpp:80]   --->   Operation 73 'bitselect' 'tmp_31' <Predicate = true> <Delay = 0.00>
ST_1 : Operation 74 [1/1] (2.55ns)   --->   "%sub_ln80 = sub i32 0, i32 %M_read" [../MLP_baseline/mm.cpp:80]   --->   Operation 74 'sub' 'sub_ln80' <Predicate = true> <Delay = 2.55> <CoreInst = "Adder">   --->   Core 1 'Adder' <Latency = 0> <II = 1> <Delay = 2.55> <FuncUnit> <Opcode : 'add' 'sub'> <InPorts = 2> <OutPorts = 1>
ST_1 : Operation 75 [1/1] (0.00ns)   --->   "%tmp_18 = partselect i28 @_ssdm_op_PartSelect.i28.i32.i32.i32, i32 %sub_ln80, i32 4, i32 31" [../MLP_baseline/mm.cpp:80]   --->   Operation 75 'partselect' 'tmp_18' <Predicate = true> <Delay = 0.00>
ST_1 : Operation 76 [1/1] (2.43ns)   --->   "%sub_ln80_1 = sub i28 0, i28 %tmp_18" [../MLP_baseline/mm.cpp:80]   --->   Operation 76 'sub' 'sub_ln80_1' <Predicate = true> <Delay = 2.43> <CoreInst = "Adder">   --->   Core 1 'Adder' <Latency = 0> <II = 1> <Delay = 2.43> <FuncUnit> <Opcode : 'add' 'sub'> <InPorts = 2> <OutPorts = 1>
ST_1 : Operation 77 [1/1] (0.00ns)   --->   "%tmp_19 = partselect i28 @_ssdm_op_PartSelect.i28.i32.i32.i32, i32 %M_read, i32 4, i32 31" [../MLP_baseline/mm.cpp:80]   --->   Operation 77 'partselect' 'tmp_19' <Predicate = true> <Delay = 0.00>
ST_1 : Operation 78 [1/1] (0.83ns)   --->   "%select_ln80 = select i1 %tmp_31, i28 %sub_ln80_1, i28 %tmp_19" [../MLP_baseline/mm.cpp:80]   --->   Operation 78 'select' 'select_ln80' <Predicate = true> <Delay = 0.83> <CoreInst = "Sel">   --->   Core 73 'Sel' <Latency = 0> <II = 1> <Delay = 0.83> <FuncUnit> <Opcode : 'select'> <InPorts = 3> <OutPorts = 1>
ST_1 : Operation 79 [1/1] (0.00ns)   --->   "%empty = trunc i28 %select_ln80" [../MLP_baseline/mm.cpp:80]   --->   Operation 79 'trunc' 'empty' <Predicate = true> <Delay = 0.00>
ST_1 : Operation 80 [1/1] (2.43ns)   --->   "%empty_43 = icmp_sgt  i28 %select_ln80, i28 0" [../MLP_baseline/mm.cpp:80]   --->   Operation 80 'icmp' 'empty_43' <Predicate = true> <Delay = 2.43> <CoreInst = "Cmp">   --->   Core 9 'Cmp' <Latency = 0> <II = 1> <Delay = 2.43> <FuncUnit> <Opcode : 'seteq' 'setne' 'setle' 'setge' 'setlt' 'setgt'> <InPorts = 2> <OutPorts = 1>
ST_1 : Operation 81 [1/1] (0.80ns)   --->   "%empty_44 = select i1 %empty_43, i27 %empty, i27 0" [../MLP_baseline/mm.cpp:80]   --->   Operation 81 'select' 'empty_44' <Predicate = true> <Delay = 0.80> <CoreInst = "Sel">   --->   Core 73 'Sel' <Latency = 0> <II = 1> <Delay = 0.80> <FuncUnit> <Opcode : 'select'> <InPorts = 3> <OutPorts = 1>
ST_1 : Operation 82 [1/1] (0.00ns)   --->   "%tmp_20 = bitconcatenate i35 @_ssdm_op_BitConcatenate.i35.i27.i8, i27 %empty_44, i8 0" [../MLP_baseline/mm.cpp:80]   --->   Operation 82 'bitconcatenate' 'tmp_20' <Predicate = true> <Delay = 0.00>
ST_1 : Operation 83 [1/1] (1.58ns)   --->   "%store_ln65 = store i27 0, i27 %ib" [../MLP_baseline/mm.cpp:65]   --->   Operation 83 'store' 'store_ln65' <Predicate = true> <Delay = 1.58>
ST_1 : Operation 84 [1/1] (0.00ns)   --->   "%br_ln65 = br void %j_BLOCK_loop" [../MLP_baseline/mm.cpp:65]   --->   Operation 84 'br' 'br_ln65' <Predicate = true> <Delay = 0.00>

State 2 <SV = 1> <Delay = 4.02>
ST_2 : Operation 85 [1/1] (0.00ns)   --->   "%ib_1 = load i27 %ib" [../MLP_baseline/mm.cpp:65]   --->   Operation 85 'load' 'ib_1' <Predicate = true> <Delay = 0.00>
ST_2 : Operation 86 [1/1] (0.00ns)   --->   "%zext_ln65 = zext i27 %ib_1" [../MLP_baseline/mm.cpp:65]   --->   Operation 86 'zext' 'zext_ln65' <Predicate = true> <Delay = 0.00>
ST_2 : Operation 87 [1/1] (2.43ns)   --->   "%icmp_ln65 = icmp_slt  i28 %zext_ln65, i28 %select_ln65" [../MLP_baseline/mm.cpp:65]   --->   Operation 87 'icmp' 'icmp_ln65' <Predicate = true> <Delay = 2.43> <CoreInst = "Cmp">   --->   Core 9 'Cmp' <Latency = 0> <II = 1> <Delay = 2.43> <FuncUnit> <Opcode : 'seteq' 'setne' 'setle' 'setge' 'setlt' 'setgt'> <InPorts = 2> <OutPorts = 1>
ST_2 : Operation 88 [1/1] (2.40ns)   --->   "%add_ln65 = add i27 %ib_1, i27 1" [../MLP_baseline/mm.cpp:65]   --->   Operation 88 'add' 'add_ln65' <Predicate = true> <Delay = 2.40> <CoreInst = "Adder">   --->   Core 1 'Adder' <Latency = 0> <II = 1> <Delay = 2.40> <FuncUnit> <Opcode : 'add' 'sub'> <InPorts = 2> <OutPorts = 1>
ST_2 : Operation 89 [1/1] (0.00ns)   --->   "%br_ln65 = br i1 %icmp_ln65, void %for.end87, void %j_BLOCK_loop.split" [../MLP_baseline/mm.cpp:65]   --->   Operation 89 'br' 'br_ln65' <Predicate = true> <Delay = 0.00>
ST_2 : Operation 90 [1/1] (0.00ns)   --->   "%speclooptripcount_ln65 = speclooptripcount void @_ssdm_op_SpecLoopTripCount, i64 0, i64 134217727, i64 67108863" [../MLP_baseline/mm.cpp:65]   --->   Operation 90 'speclooptripcount' 'speclooptripcount_ln65' <Predicate = (icmp_ln65)> <Delay = 0.00>
ST_2 : Operation 91 [1/1] (0.00ns)   --->   "%specloopname_ln65 = specloopname void @_ssdm_op_SpecLoopName, void @empty_19" [../MLP_baseline/mm.cpp:65]   --->   Operation 91 'specloopname' 'specloopname_ln65' <Predicate = (icmp_ln65)> <Delay = 0.00>
ST_2 : Operation 92 [1/1] (0.00ns)   --->   "%shl_ln = bitconcatenate i33 @_ssdm_op_BitConcatenate.i33.i27.i6, i27 %ib_1, i6 0" [../MLP_baseline/mm.cpp:74]   --->   Operation 92 'bitconcatenate' 'shl_ln' <Predicate = (icmp_ln65)> <Delay = 0.00>
ST_2 : Operation 93 [1/1] (0.00ns)   --->   "%zext_ln74 = zext i33 %shl_ln" [../MLP_baseline/mm.cpp:74]   --->   Operation 93 'zext' 'zext_ln74' <Predicate = (icmp_ln65)> <Delay = 0.00>
ST_2 : Operation 94 [1/1] (3.52ns)   --->   "%add_ln74 = add i64 %zext_ln74, i64 %C_read" [../MLP_baseline/mm.cpp:74]   --->   Operation 94 'add' 'add_ln74' <Predicate = (icmp_ln65)> <Delay = 3.52> <CoreInst = "Adder">   --->   Core 1 'Adder' <Latency = 0> <II = 1> <Delay = 3.52> <FuncUnit> <Opcode : 'add' 'sub'> <InPorts = 2> <OutPorts = 1>
ST_2 : Operation 95 [1/1] (0.00ns)   --->   "%trunc_ln9 = partselect i62 @_ssdm_op_PartSelect.i62.i64.i32.i32, i64 %add_ln74, i32 2, i32 63" [../MLP_baseline/mm.cpp:74]   --->   Operation 95 'partselect' 'trunc_ln9' <Predicate = (icmp_ln65)> <Delay = 0.00>
ST_2 : Operation 96 [1/1] (0.00ns)   --->   "%sext_ln74 = sext i62 %trunc_ln9" [../MLP_baseline/mm.cpp:74]   --->   Operation 96 'sext' 'sext_ln74' <Predicate = (icmp_ln65)> <Delay = 0.00>
ST_2 : Operation 97 [1/1] (0.00ns)   --->   "%gmem2_addr = getelementptr i32 %gmem2, i64 %sext_ln74" [../MLP_baseline/mm.cpp:74]   --->   Operation 97 'getelementptr' 'gmem2_addr' <Predicate = (icmp_ln65)> <Delay = 0.00>
ST_2 : Operation 98 [1/1] (1.58ns)   --->   "%br_ln67 = br void %block_init_outer_loop" [../MLP_baseline/mm.cpp:67]   --->   Operation 98 'br' 'br_ln67' <Predicate = (icmp_ln65)> <Delay = 1.58>
ST_2 : Operation 99 [1/1] (0.00ns)   --->   "%ret_ln115 = ret" [../MLP_baseline/mm.cpp:115]   --->   Operation 99 'ret' 'ret_ln115' <Predicate = (!icmp_ln65)> <Delay = 0.00>

State 3 <SV = 2> <Delay = 4.02>
ST_3 : Operation 100 [1/1] (0.00ns)   --->   "%jb = phi i27 0, void %j_BLOCK_loop.split, i27 %add_ln67, void %block_init_outer_loop.split" [../MLP_baseline/mm.cpp:67]   --->   Operation 100 'phi' 'jb' <Predicate = true> <Delay = 0.00>
ST_3 : Operation 101 [1/1] (0.00ns)   --->   "%zext_ln67 = zext i27 %jb" [../MLP_baseline/mm.cpp:67]   --->   Operation 101 'zext' 'zext_ln67' <Predicate = true> <Delay = 0.00>
ST_3 : Operation 102 [1/1] (2.43ns)   --->   "%icmp_ln67 = icmp_slt  i28 %zext_ln67, i28 %select_ln67" [../MLP_baseline/mm.cpp:67]   --->   Operation 102 'icmp' 'icmp_ln67' <Predicate = true> <Delay = 2.43> <CoreInst = "Cmp">   --->   Core 9 'Cmp' <Latency = 0> <II = 1> <Delay = 2.43> <FuncUnit> <Opcode : 'seteq' 'setne' 'setle' 'setge' 'setlt' 'setgt'> <InPorts = 2> <OutPorts = 1>
ST_3 : Operation 103 [1/1] (2.40ns)   --->   "%add_ln67 = add i27 %jb, i27 1" [../MLP_baseline/mm.cpp:67]   --->   Operation 103 'add' 'add_ln67' <Predicate = true> <Delay = 2.40> <CoreInst = "Adder">   --->   Core 1 'Adder' <Latency = 0> <II = 1> <Delay = 2.40> <FuncUnit> <Opcode : 'add' 'sub'> <InPorts = 2> <OutPorts = 1>
ST_3 : Operation 104 [1/1] (0.00ns)   --->   "%br_ln67 = br i1 %icmp_ln67, void %for.inc85, void %block_init_outer_loop.split" [../MLP_baseline/mm.cpp:67]   --->   Operation 104 'br' 'br_ln67' <Predicate = true> <Delay = 0.00>
ST_3 : Operation 105 [1/1] (1.58ns)   --->   "%store_ln65 = store i27 %add_ln65, i27 %ib" [../MLP_baseline/mm.cpp:65]   --->   Operation 105 'store' 'store_ln65' <Predicate = (!icmp_ln67)> <Delay = 1.58>
ST_3 : Operation 106 [1/1] (0.00ns)   --->   "%br_ln65 = br void %j_BLOCK_loop" [../MLP_baseline/mm.cpp:65]   --->   Operation 106 'br' 'br_ln65' <Predicate = (!icmp_ln67)> <Delay = 0.00>

State 4 <SV = 3> <Delay = 0.00>
ST_4 : Operation 107 [8/8] (10.9ns)   --->   "%empty_45 = readreq i1 @_ssdm_op_ReadReq.m_axi.p1i32, i32 %gmem2_addr, i64 16" [../MLP_baseline/mm.cpp:74]   --->   Operation 107 'readreq' 'empty_45' <Predicate = true> <Delay = 10.9> <CoreInst = "m_axi">   --->   Core 111 'm_axi' <Latency = 6> <II = 1> <Delay = 1.00> <Adapter> <Opcode : 'readrequnaligned' 'writerequnaligned' 'read' 'write' 'readreq' 'writereq' 'writeresp'>

State 5 <SV = 4> <Delay = 0.00>
ST_5 : Operation 108 [7/8] (10.9ns)   --->   "%empty_45 = readreq i1 @_ssdm_op_ReadReq.m_axi.p1i32, i32 %gmem2_addr, i64 16" [../MLP_baseline/mm.cpp:74]   --->   Operation 108 'readreq' 'empty_45' <Predicate = true> <Delay = 10.9> <CoreInst = "m_axi">   --->   Core 111 'm_axi' <Latency = 6> <II = 1> <Delay = 1.00> <Adapter> <Opcode : 'readrequnaligned' 'writerequnaligned' 'read' 'write' 'readreq' 'writereq' 'writeresp'>

State 6 <SV = 5> <Delay = 0.00>
ST_6 : Operation 109 [6/8] (10.9ns)   --->   "%empty_45 = readreq i1 @_ssdm_op_ReadReq.m_axi.p1i32, i32 %gmem2_addr, i64 16" [../MLP_baseline/mm.cpp:74]   --->   Operation 109 'readreq' 'empty_45' <Predicate = true> <Delay = 10.9> <CoreInst = "m_axi">   --->   Core 111 'm_axi' <Latency = 6> <II = 1> <Delay = 1.00> <Adapter> <Opcode : 'readrequnaligned' 'writerequnaligned' 'read' 'write' 'readreq' 'writereq' 'writeresp'>

State 7 <SV = 6> <Delay = 0.00>
ST_7 : Operation 110 [5/8] (10.9ns)   --->   "%empty_45 = readreq i1 @_ssdm_op_ReadReq.m_axi.p1i32, i32 %gmem2_addr, i64 16" [../MLP_baseline/mm.cpp:74]   --->   Operation 110 'readreq' 'empty_45' <Predicate = true> <Delay = 10.9> <CoreInst = "m_axi">   --->   Core 111 'm_axi' <Latency = 6> <II = 1> <Delay = 1.00> <Adapter> <Opcode : 'readrequnaligned' 'writerequnaligned' 'read' 'write' 'readreq' 'writereq' 'writeresp'>

State 8 <SV = 7> <Delay = 0.00>
ST_8 : Operation 111 [4/8] (10.9ns)   --->   "%empty_45 = readreq i1 @_ssdm_op_ReadReq.m_axi.p1i32, i32 %gmem2_addr, i64 16" [../MLP_baseline/mm.cpp:74]   --->   Operation 111 'readreq' 'empty_45' <Predicate = true> <Delay = 10.9> <CoreInst = "m_axi">   --->   Core 111 'm_axi' <Latency = 6> <II = 1> <Delay = 1.00> <Adapter> <Opcode : 'readrequnaligned' 'writerequnaligned' 'read' 'write' 'readreq' 'writereq' 'writeresp'>

State 9 <SV = 8> <Delay = 0.00>
ST_9 : Operation 112 [3/8] (10.9ns)   --->   "%empty_45 = readreq i1 @_ssdm_op_ReadReq.m_axi.p1i32, i32 %gmem2_addr, i64 16" [../MLP_baseline/mm.cpp:74]   --->   Operation 112 'readreq' 'empty_45' <Predicate = true> <Delay = 10.9> <CoreInst = "m_axi">   --->   Core 111 'm_axi' <Latency = 6> <II = 1> <Delay = 1.00> <Adapter> <Opcode : 'readrequnaligned' 'writerequnaligned' 'read' 'write' 'readreq' 'writereq' 'writeresp'>

State 10 <SV = 9> <Delay = 0.00>
ST_10 : Operation 113 [2/8] (10.9ns)   --->   "%empty_45 = readreq i1 @_ssdm_op_ReadReq.m_axi.p1i32, i32 %gmem2_addr, i64 16" [../MLP_baseline/mm.cpp:74]   --->   Operation 113 'readreq' 'empty_45' <Predicate = true> <Delay = 10.9> <CoreInst = "m_axi">   --->   Core 111 'm_axi' <Latency = 6> <II = 1> <Delay = 1.00> <Adapter> <Opcode : 'readrequnaligned' 'writerequnaligned' 'read' 'write' 'readreq' 'writereq' 'writeresp'>

State 11 <SV = 10> <Delay = 10.9>
ST_11 : Operation 114 [1/8] ( I:10.9ns O:10.9ns )   --->   "%empty_45 = readreq i1 @_ssdm_op_ReadReq.m_axi.p1i32, i32 %gmem2_addr, i64 16" [../MLP_baseline/mm.cpp:74]   --->   Operation 114 'readreq' 'empty_45' <Predicate = true> <Delay = 10.9> <CoreInst = "m_axi">   --->   Core 111 'm_axi' <Latency = 6> <II = 1> <Delay = 1.00> <Adapter> <Opcode : 'readrequnaligned' 'writerequnaligned' 'read' 'write' 'readreq' 'writereq' 'writeresp'>

State 12 <SV = 11> <Delay = 10.9>
ST_12 : Operation 115 [1/1] ( I:10.9ns O:10.9ns )   --->   "%gmem2_addr_read = read i32 @_ssdm_op_Read.m_axi.i32.p1i32, i32 %gmem2_addr" [../MLP_baseline/mm.cpp:74]   --->   Operation 115 'read' 'gmem2_addr_read' <Predicate = true> <Delay = 10.9> <CoreInst = "m_axi">   --->   Core 111 'm_axi' <Latency = 3> <II = 1> <Delay = 1.00> <Adapter> <Opcode : 'readrequnaligned' 'writerequnaligned' 'read' 'write' 'readreq' 'writereq' 'writeresp'>

State 13 <SV = 12> <Delay = 10.9>
ST_13 : Operation 116 [1/1] ( I:10.9ns O:10.9ns )   --->   "%gmem2_addr_read_1 = read i32 @_ssdm_op_Read.m_axi.i32.p1i32, i32 %gmem2_addr" [../MLP_baseline/mm.cpp:74]   --->   Operation 116 'read' 'gmem2_addr_read_1' <Predicate = true> <Delay = 10.9> <CoreInst = "m_axi">   --->   Core 111 'm_axi' <Latency = 3> <II = 1> <Delay = 1.00> <Adapter> <Opcode : 'readrequnaligned' 'writerequnaligned' 'read' 'write' 'readreq' 'writereq' 'writeresp'>

State 14 <SV = 13> <Delay = 10.9>
ST_14 : Operation 117 [1/1] ( I:10.9ns O:10.9ns )   --->   "%gmem2_addr_read_2 = read i32 @_ssdm_op_Read.m_axi.i32.p1i32, i32 %gmem2_addr" [../MLP_baseline/mm.cpp:74]   --->   Operation 117 'read' 'gmem2_addr_read_2' <Predicate = true> <Delay = 10.9> <CoreInst = "m_axi">   --->   Core 111 'm_axi' <Latency = 3> <II = 1> <Delay = 1.00> <Adapter> <Opcode : 'readrequnaligned' 'writerequnaligned' 'read' 'write' 'readreq' 'writereq' 'writeresp'>

State 15 <SV = 14> <Delay = 10.9>
ST_15 : Operation 118 [1/1] ( I:10.9ns O:10.9ns )   --->   "%gmem2_addr_read_3 = read i32 @_ssdm_op_Read.m_axi.i32.p1i32, i32 %gmem2_addr" [../MLP_baseline/mm.cpp:74]   --->   Operation 118 'read' 'gmem2_addr_read_3' <Predicate = true> <Delay = 10.9> <CoreInst = "m_axi">   --->   Core 111 'm_axi' <Latency = 3> <II = 1> <Delay = 1.00> <Adapter> <Opcode : 'readrequnaligned' 'writerequnaligned' 'read' 'write' 'readreq' 'writereq' 'writeresp'>

State 16 <SV = 15> <Delay = 10.9>
ST_16 : Operation 119 [1/1] ( I:10.9ns O:10.9ns )   --->   "%gmem2_addr_read_4 = read i32 @_ssdm_op_Read.m_axi.i32.p1i32, i32 %gmem2_addr" [../MLP_baseline/mm.cpp:74]   --->   Operation 119 'read' 'gmem2_addr_read_4' <Predicate = true> <Delay = 10.9> <CoreInst = "m_axi">   --->   Core 111 'm_axi' <Latency = 3> <II = 1> <Delay = 1.00> <Adapter> <Opcode : 'readrequnaligned' 'writerequnaligned' 'read' 'write' 'readreq' 'writereq' 'writeresp'>

State 17 <SV = 16> <Delay = 10.9>
ST_17 : Operation 120 [1/1] ( I:10.9ns O:10.9ns )   --->   "%gmem2_addr_read_5 = read i32 @_ssdm_op_Read.m_axi.i32.p1i32, i32 %gmem2_addr" [../MLP_baseline/mm.cpp:74]   --->   Operation 120 'read' 'gmem2_addr_read_5' <Predicate = true> <Delay = 10.9> <CoreInst = "m_axi">   --->   Core 111 'm_axi' <Latency = 3> <II = 1> <Delay = 1.00> <Adapter> <Opcode : 'readrequnaligned' 'writerequnaligned' 'read' 'write' 'readreq' 'writereq' 'writeresp'>

State 18 <SV = 17> <Delay = 10.9>
ST_18 : Operation 121 [1/1] ( I:10.9ns O:10.9ns )   --->   "%gmem2_addr_read_6 = read i32 @_ssdm_op_Read.m_axi.i32.p1i32, i32 %gmem2_addr" [../MLP_baseline/mm.cpp:74]   --->   Operation 121 'read' 'gmem2_addr_read_6' <Predicate = true> <Delay = 10.9> <CoreInst = "m_axi">   --->   Core 111 'm_axi' <Latency = 3> <II = 1> <Delay = 1.00> <Adapter> <Opcode : 'readrequnaligned' 'writerequnaligned' 'read' 'write' 'readreq' 'writereq' 'writeresp'>

State 19 <SV = 18> <Delay = 10.9>
ST_19 : Operation 122 [1/1] ( I:10.9ns O:10.9ns )   --->   "%gmem2_addr_read_7 = read i32 @_ssdm_op_Read.m_axi.i32.p1i32, i32 %gmem2_addr" [../MLP_baseline/mm.cpp:74]   --->   Operation 122 'read' 'gmem2_addr_read_7' <Predicate = true> <Delay = 10.9> <CoreInst = "m_axi">   --->   Core 111 'm_axi' <Latency = 3> <II = 1> <Delay = 1.00> <Adapter> <Opcode : 'readrequnaligned' 'writerequnaligned' 'read' 'write' 'readreq' 'writereq' 'writeresp'>

State 20 <SV = 19> <Delay = 10.9>
ST_20 : Operation 123 [1/1] ( I:10.9ns O:10.9ns )   --->   "%gmem2_addr_read_8 = read i32 @_ssdm_op_Read.m_axi.i32.p1i32, i32 %gmem2_addr" [../MLP_baseline/mm.cpp:74]   --->   Operation 123 'read' 'gmem2_addr_read_8' <Predicate = true> <Delay = 10.9> <CoreInst = "m_axi">   --->   Core 111 'm_axi' <Latency = 3> <II = 1> <Delay = 1.00> <Adapter> <Opcode : 'readrequnaligned' 'writerequnaligned' 'read' 'write' 'readreq' 'writereq' 'writeresp'>

State 21 <SV = 20> <Delay = 10.9>
ST_21 : Operation 124 [1/1] ( I:10.9ns O:10.9ns )   --->   "%gmem2_addr_read_9 = read i32 @_ssdm_op_Read.m_axi.i32.p1i32, i32 %gmem2_addr" [../MLP_baseline/mm.cpp:74]   --->   Operation 124 'read' 'gmem2_addr_read_9' <Predicate = true> <Delay = 10.9> <CoreInst = "m_axi">   --->   Core 111 'm_axi' <Latency = 3> <II = 1> <Delay = 1.00> <Adapter> <Opcode : 'readrequnaligned' 'writerequnaligned' 'read' 'write' 'readreq' 'writereq' 'writeresp'>

State 22 <SV = 21> <Delay = 10.9>
ST_22 : Operation 125 [1/1] ( I:10.9ns O:10.9ns )   --->   "%gmem2_addr_read_10 = read i32 @_ssdm_op_Read.m_axi.i32.p1i32, i32 %gmem2_addr" [../MLP_baseline/mm.cpp:74]   --->   Operation 125 'read' 'gmem2_addr_read_10' <Predicate = true> <Delay = 10.9> <CoreInst = "m_axi">   --->   Core 111 'm_axi' <Latency = 3> <II = 1> <Delay = 1.00> <Adapter> <Opcode : 'readrequnaligned' 'writerequnaligned' 'read' 'write' 'readreq' 'writereq' 'writeresp'>

State 23 <SV = 22> <Delay = 10.9>
ST_23 : Operation 126 [1/1] ( I:10.9ns O:10.9ns )   --->   "%gmem2_addr_read_11 = read i32 @_ssdm_op_Read.m_axi.i32.p1i32, i32 %gmem2_addr" [../MLP_baseline/mm.cpp:74]   --->   Operation 126 'read' 'gmem2_addr_read_11' <Predicate = true> <Delay = 10.9> <CoreInst = "m_axi">   --->   Core 111 'm_axi' <Latency = 3> <II = 1> <Delay = 1.00> <Adapter> <Opcode : 'readrequnaligned' 'writerequnaligned' 'read' 'write' 'readreq' 'writereq' 'writeresp'>

State 24 <SV = 23> <Delay = 10.9>
ST_24 : Operation 127 [1/1] ( I:10.9ns O:10.9ns )   --->   "%gmem2_addr_read_12 = read i32 @_ssdm_op_Read.m_axi.i32.p1i32, i32 %gmem2_addr" [../MLP_baseline/mm.cpp:74]   --->   Operation 127 'read' 'gmem2_addr_read_12' <Predicate = true> <Delay = 10.9> <CoreInst = "m_axi">   --->   Core 111 'm_axi' <Latency = 3> <II = 1> <Delay = 1.00> <Adapter> <Opcode : 'readrequnaligned' 'writerequnaligned' 'read' 'write' 'readreq' 'writereq' 'writeresp'>

State 25 <SV = 24> <Delay = 10.9>
ST_25 : Operation 128 [1/1] ( I:10.9ns O:10.9ns )   --->   "%gmem2_addr_read_13 = read i32 @_ssdm_op_Read.m_axi.i32.p1i32, i32 %gmem2_addr" [../MLP_baseline/mm.cpp:74]   --->   Operation 128 'read' 'gmem2_addr_read_13' <Predicate = true> <Delay = 10.9> <CoreInst = "m_axi">   --->   Core 111 'm_axi' <Latency = 3> <II = 1> <Delay = 1.00> <Adapter> <Opcode : 'readrequnaligned' 'writerequnaligned' 'read' 'write' 'readreq' 'writereq' 'writeresp'>

State 26 <SV = 25> <Delay = 10.9>
ST_26 : Operation 129 [1/1] ( I:10.9ns O:10.9ns )   --->   "%gmem2_addr_read_14 = read i32 @_ssdm_op_Read.m_axi.i32.p1i32, i32 %gmem2_addr" [../MLP_baseline/mm.cpp:74]   --->   Operation 129 'read' 'gmem2_addr_read_14' <Predicate = true> <Delay = 10.9> <CoreInst = "m_axi">   --->   Core 111 'm_axi' <Latency = 3> <II = 1> <Delay = 1.00> <Adapter> <Opcode : 'readrequnaligned' 'writerequnaligned' 'read' 'write' 'readreq' 'writereq' 'writeresp'>

State 27 <SV = 26> <Delay = 10.9>
ST_27 : Operation 130 [1/1] ( I:10.9ns O:10.9ns )   --->   "%gmem2_addr_read_15 = read i32 @_ssdm_op_Read.m_axi.i32.p1i32, i32 %gmem2_addr" [../MLP_baseline/mm.cpp:74]   --->   Operation 130 'read' 'gmem2_addr_read_15' <Predicate = true> <Delay = 10.9> <CoreInst = "m_axi">   --->   Core 111 'm_axi' <Latency = 3> <II = 1> <Delay = 1.00> <Adapter> <Opcode : 'readrequnaligned' 'writerequnaligned' 'read' 'write' 'readreq' 'writereq' 'writeresp'>

State 28 <SV = 27> <Delay = 1.58>
ST_28 : Operation 131 [1/1] (0.00ns)   --->   "%AB_block = bitconcatenate i512 @_ssdm_op_BitConcatenate.i512.i32.i32.i32.i32.i32.i32.i32.i32.i32.i32.i32.i32.i32.i32.i32.i32, i32 %gmem2_addr_read, i32 %gmem2_addr_read, i32 %gmem2_addr_read, i32 %gmem2_addr_read, i32 %gmem2_addr_read, i32 %gmem2_addr_read, i32 %gmem2_addr_read, i32 %gmem2_addr_read, i32 %gmem2_addr_read, i32 %gmem2_addr_read, i32 %gmem2_addr_read, i32 %gmem2_addr_read, i32 %gmem2_addr_read, i32 %gmem2_addr_read, i32 %gmem2_addr_read, i32 %gmem2_addr_read" [../MLP_baseline/mm.cpp:74]   --->   Operation 131 'bitconcatenate' 'AB_block' <Predicate = true> <Delay = 0.00>
ST_28 : Operation 132 [1/1] (0.00ns)   --->   "%AB_block_1 = bitconcatenate i512 @_ssdm_op_BitConcatenate.i512.i32.i32.i32.i32.i32.i32.i32.i32.i32.i32.i32.i32.i32.i32.i32.i32, i32 %gmem2_addr_read_1, i32 %gmem2_addr_read_1, i32 %gmem2_addr_read_1, i32 %gmem2_addr_read_1, i32 %gmem2_addr_read_1, i32 %gmem2_addr_read_1, i32 %gmem2_addr_read_1, i32 %gmem2_addr_read_1, i32 %gmem2_addr_read_1, i32 %gmem2_addr_read_1, i32 %gmem2_addr_read_1, i32 %gmem2_addr_read_1, i32 %gmem2_addr_read_1, i32 %gmem2_addr_read_1, i32 %gmem2_addr_read_1, i32 %gmem2_addr_read_1" [../MLP_baseline/mm.cpp:74]   --->   Operation 132 'bitconcatenate' 'AB_block_1' <Predicate = true> <Delay = 0.00>
ST_28 : Operation 133 [1/1] (0.00ns)   --->   "%AB_block_2 = bitconcatenate i512 @_ssdm_op_BitConcatenate.i512.i32.i32.i32.i32.i32.i32.i32.i32.i32.i32.i32.i32.i32.i32.i32.i32, i32 %gmem2_addr_read_2, i32 %gmem2_addr_read_2, i32 %gmem2_addr_read_2, i32 %gmem2_addr_read_2, i32 %gmem2_addr_read_2, i32 %gmem2_addr_read_2, i32 %gmem2_addr_read_2, i32 %gmem2_addr_read_2, i32 %gmem2_addr_read_2, i32 %gmem2_addr_read_2, i32 %gmem2_addr_read_2, i32 %gmem2_addr_read_2, i32 %gmem2_addr_read_2, i32 %gmem2_addr_read_2, i32 %gmem2_addr_read_2, i32 %gmem2_addr_read_2" [../MLP_baseline/mm.cpp:74]   --->   Operation 133 'bitconcatenate' 'AB_block_2' <Predicate = true> <Delay = 0.00>
ST_28 : Operation 134 [1/1] (0.00ns)   --->   "%AB_block_3 = bitconcatenate i512 @_ssdm_op_BitConcatenate.i512.i32.i32.i32.i32.i32.i32.i32.i32.i32.i32.i32.i32.i32.i32.i32.i32, i32 %gmem2_addr_read_3, i32 %gmem2_addr_read_3, i32 %gmem2_addr_read_3, i32 %gmem2_addr_read_3, i32 %gmem2_addr_read_3, i32 %gmem2_addr_read_3, i32 %gmem2_addr_read_3, i32 %gmem2_addr_read_3, i32 %gmem2_addr_read_3, i32 %gmem2_addr_read_3, i32 %gmem2_addr_read_3, i32 %gmem2_addr_read_3, i32 %gmem2_addr_read_3, i32 %gmem2_addr_read_3, i32 %gmem2_addr_read_3, i32 %gmem2_addr_read_3" [../MLP_baseline/mm.cpp:74]   --->   Operation 134 'bitconcatenate' 'AB_block_3' <Predicate = true> <Delay = 0.00>
ST_28 : Operation 135 [1/1] (0.00ns)   --->   "%AB_block_4 = bitconcatenate i512 @_ssdm_op_BitConcatenate.i512.i32.i32.i32.i32.i32.i32.i32.i32.i32.i32.i32.i32.i32.i32.i32.i32, i32 %gmem2_addr_read_4, i32 %gmem2_addr_read_4, i32 %gmem2_addr_read_4, i32 %gmem2_addr_read_4, i32 %gmem2_addr_read_4, i32 %gmem2_addr_read_4, i32 %gmem2_addr_read_4, i32 %gmem2_addr_read_4, i32 %gmem2_addr_read_4, i32 %gmem2_addr_read_4, i32 %gmem2_addr_read_4, i32 %gmem2_addr_read_4, i32 %gmem2_addr_read_4, i32 %gmem2_addr_read_4, i32 %gmem2_addr_read_4, i32 %gmem2_addr_read_4" [../MLP_baseline/mm.cpp:74]   --->   Operation 135 'bitconcatenate' 'AB_block_4' <Predicate = true> <Delay = 0.00>
ST_28 : Operation 136 [1/1] (0.00ns)   --->   "%AB_block_5 = bitconcatenate i512 @_ssdm_op_BitConcatenate.i512.i32.i32.i32.i32.i32.i32.i32.i32.i32.i32.i32.i32.i32.i32.i32.i32, i32 %gmem2_addr_read_5, i32 %gmem2_addr_read_5, i32 %gmem2_addr_read_5, i32 %gmem2_addr_read_5, i32 %gmem2_addr_read_5, i32 %gmem2_addr_read_5, i32 %gmem2_addr_read_5, i32 %gmem2_addr_read_5, i32 %gmem2_addr_read_5, i32 %gmem2_addr_read_5, i32 %gmem2_addr_read_5, i32 %gmem2_addr_read_5, i32 %gmem2_addr_read_5, i32 %gmem2_addr_read_5, i32 %gmem2_addr_read_5, i32 %gmem2_addr_read_5" [../MLP_baseline/mm.cpp:74]   --->   Operation 136 'bitconcatenate' 'AB_block_5' <Predicate = true> <Delay = 0.00>
ST_28 : Operation 137 [1/1] (0.00ns)   --->   "%AB_block_6 = bitconcatenate i512 @_ssdm_op_BitConcatenate.i512.i32.i32.i32.i32.i32.i32.i32.i32.i32.i32.i32.i32.i32.i32.i32.i32, i32 %gmem2_addr_read_6, i32 %gmem2_addr_read_6, i32 %gmem2_addr_read_6, i32 %gmem2_addr_read_6, i32 %gmem2_addr_read_6, i32 %gmem2_addr_read_6, i32 %gmem2_addr_read_6, i32 %gmem2_addr_read_6, i32 %gmem2_addr_read_6, i32 %gmem2_addr_read_6, i32 %gmem2_addr_read_6, i32 %gmem2_addr_read_6, i32 %gmem2_addr_read_6, i32 %gmem2_addr_read_6, i32 %gmem2_addr_read_6, i32 %gmem2_addr_read_6" [../MLP_baseline/mm.cpp:74]   --->   Operation 137 'bitconcatenate' 'AB_block_6' <Predicate = true> <Delay = 0.00>
ST_28 : Operation 138 [1/1] (0.00ns)   --->   "%AB_block_7 = bitconcatenate i512 @_ssdm_op_BitConcatenate.i512.i32.i32.i32.i32.i32.i32.i32.i32.i32.i32.i32.i32.i32.i32.i32.i32, i32 %gmem2_addr_read_7, i32 %gmem2_addr_read_7, i32 %gmem2_addr_read_7, i32 %gmem2_addr_read_7, i32 %gmem2_addr_read_7, i32 %gmem2_addr_read_7, i32 %gmem2_addr_read_7, i32 %gmem2_addr_read_7, i32 %gmem2_addr_read_7, i32 %gmem2_addr_read_7, i32 %gmem2_addr_read_7, i32 %gmem2_addr_read_7, i32 %gmem2_addr_read_7, i32 %gmem2_addr_read_7, i32 %gmem2_addr_read_7, i32 %gmem2_addr_read_7" [../MLP_baseline/mm.cpp:74]   --->   Operation 138 'bitconcatenate' 'AB_block_7' <Predicate = true> <Delay = 0.00>
ST_28 : Operation 139 [1/1] (0.00ns)   --->   "%AB_block_8 = bitconcatenate i512 @_ssdm_op_BitConcatenate.i512.i32.i32.i32.i32.i32.i32.i32.i32.i32.i32.i32.i32.i32.i32.i32.i32, i32 %gmem2_addr_read_8, i32 %gmem2_addr_read_8, i32 %gmem2_addr_read_8, i32 %gmem2_addr_read_8, i32 %gmem2_addr_read_8, i32 %gmem2_addr_read_8, i32 %gmem2_addr_read_8, i32 %gmem2_addr_read_8, i32 %gmem2_addr_read_8, i32 %gmem2_addr_read_8, i32 %gmem2_addr_read_8, i32 %gmem2_addr_read_8, i32 %gmem2_addr_read_8, i32 %gmem2_addr_read_8, i32 %gmem2_addr_read_8, i32 %gmem2_addr_read_8" [../MLP_baseline/mm.cpp:74]   --->   Operation 139 'bitconcatenate' 'AB_block_8' <Predicate = true> <Delay = 0.00>
ST_28 : Operation 140 [1/1] (0.00ns)   --->   "%AB_block_9 = bitconcatenate i512 @_ssdm_op_BitConcatenate.i512.i32.i32.i32.i32.i32.i32.i32.i32.i32.i32.i32.i32.i32.i32.i32.i32, i32 %gmem2_addr_read_9, i32 %gmem2_addr_read_9, i32 %gmem2_addr_read_9, i32 %gmem2_addr_read_9, i32 %gmem2_addr_read_9, i32 %gmem2_addr_read_9, i32 %gmem2_addr_read_9, i32 %gmem2_addr_read_9, i32 %gmem2_addr_read_9, i32 %gmem2_addr_read_9, i32 %gmem2_addr_read_9, i32 %gmem2_addr_read_9, i32 %gmem2_addr_read_9, i32 %gmem2_addr_read_9, i32 %gmem2_addr_read_9, i32 %gmem2_addr_read_9" [../MLP_baseline/mm.cpp:74]   --->   Operation 140 'bitconcatenate' 'AB_block_9' <Predicate = true> <Delay = 0.00>
ST_28 : Operation 141 [1/1] (0.00ns)   --->   "%AB_block_33 = bitconcatenate i512 @_ssdm_op_BitConcatenate.i512.i32.i32.i32.i32.i32.i32.i32.i32.i32.i32.i32.i32.i32.i32.i32.i32, i32 %gmem2_addr_read_10, i32 %gmem2_addr_read_10, i32 %gmem2_addr_read_10, i32 %gmem2_addr_read_10, i32 %gmem2_addr_read_10, i32 %gmem2_addr_read_10, i32 %gmem2_addr_read_10, i32 %gmem2_addr_read_10, i32 %gmem2_addr_read_10, i32 %gmem2_addr_read_10, i32 %gmem2_addr_read_10, i32 %gmem2_addr_read_10, i32 %gmem2_addr_read_10, i32 %gmem2_addr_read_10, i32 %gmem2_addr_read_10, i32 %gmem2_addr_read_10" [../MLP_baseline/mm.cpp:74]   --->   Operation 141 'bitconcatenate' 'AB_block_33' <Predicate = true> <Delay = 0.00>
ST_28 : Operation 142 [1/1] (0.00ns)   --->   "%AB_block_34 = bitconcatenate i512 @_ssdm_op_BitConcatenate.i512.i32.i32.i32.i32.i32.i32.i32.i32.i32.i32.i32.i32.i32.i32.i32.i32, i32 %gmem2_addr_read_11, i32 %gmem2_addr_read_11, i32 %gmem2_addr_read_11, i32 %gmem2_addr_read_11, i32 %gmem2_addr_read_11, i32 %gmem2_addr_read_11, i32 %gmem2_addr_read_11, i32 %gmem2_addr_read_11, i32 %gmem2_addr_read_11, i32 %gmem2_addr_read_11, i32 %gmem2_addr_read_11, i32 %gmem2_addr_read_11, i32 %gmem2_addr_read_11, i32 %gmem2_addr_read_11, i32 %gmem2_addr_read_11, i32 %gmem2_addr_read_11" [../MLP_baseline/mm.cpp:74]   --->   Operation 142 'bitconcatenate' 'AB_block_34' <Predicate = true> <Delay = 0.00>
ST_28 : Operation 143 [1/1] (0.00ns)   --->   "%AB_block_35 = bitconcatenate i512 @_ssdm_op_BitConcatenate.i512.i32.i32.i32.i32.i32.i32.i32.i32.i32.i32.i32.i32.i32.i32.i32.i32, i32 %gmem2_addr_read_12, i32 %gmem2_addr_read_12, i32 %gmem2_addr_read_12, i32 %gmem2_addr_read_12, i32 %gmem2_addr_read_12, i32 %gmem2_addr_read_12, i32 %gmem2_addr_read_12, i32 %gmem2_addr_read_12, i32 %gmem2_addr_read_12, i32 %gmem2_addr_read_12, i32 %gmem2_addr_read_12, i32 %gmem2_addr_read_12, i32 %gmem2_addr_read_12, i32 %gmem2_addr_read_12, i32 %gmem2_addr_read_12, i32 %gmem2_addr_read_12" [../MLP_baseline/mm.cpp:74]   --->   Operation 143 'bitconcatenate' 'AB_block_35' <Predicate = true> <Delay = 0.00>
ST_28 : Operation 144 [1/1] (0.00ns)   --->   "%AB_block_36 = bitconcatenate i512 @_ssdm_op_BitConcatenate.i512.i32.i32.i32.i32.i32.i32.i32.i32.i32.i32.i32.i32.i32.i32.i32.i32, i32 %gmem2_addr_read_13, i32 %gmem2_addr_read_13, i32 %gmem2_addr_read_13, i32 %gmem2_addr_read_13, i32 %gmem2_addr_read_13, i32 %gmem2_addr_read_13, i32 %gmem2_addr_read_13, i32 %gmem2_addr_read_13, i32 %gmem2_addr_read_13, i32 %gmem2_addr_read_13, i32 %gmem2_addr_read_13, i32 %gmem2_addr_read_13, i32 %gmem2_addr_read_13, i32 %gmem2_addr_read_13, i32 %gmem2_addr_read_13, i32 %gmem2_addr_read_13" [../MLP_baseline/mm.cpp:74]   --->   Operation 144 'bitconcatenate' 'AB_block_36' <Predicate = true> <Delay = 0.00>
ST_28 : Operation 145 [1/1] (0.00ns)   --->   "%AB_block_37 = bitconcatenate i512 @_ssdm_op_BitConcatenate.i512.i32.i32.i32.i32.i32.i32.i32.i32.i32.i32.i32.i32.i32.i32.i32.i32, i32 %gmem2_addr_read_14, i32 %gmem2_addr_read_14, i32 %gmem2_addr_read_14, i32 %gmem2_addr_read_14, i32 %gmem2_addr_read_14, i32 %gmem2_addr_read_14, i32 %gmem2_addr_read_14, i32 %gmem2_addr_read_14, i32 %gmem2_addr_read_14, i32 %gmem2_addr_read_14, i32 %gmem2_addr_read_14, i32 %gmem2_addr_read_14, i32 %gmem2_addr_read_14, i32 %gmem2_addr_read_14, i32 %gmem2_addr_read_14, i32 %gmem2_addr_read_14" [../MLP_baseline/mm.cpp:74]   --->   Operation 145 'bitconcatenate' 'AB_block_37' <Predicate = true> <Delay = 0.00>
ST_28 : Operation 146 [1/1] (0.00ns)   --->   "%AB_block_38 = bitconcatenate i512 @_ssdm_op_BitConcatenate.i512.i32.i32.i32.i32.i32.i32.i32.i32.i32.i32.i32.i32.i32.i32.i32.i32, i32 %gmem2_addr_read_15, i32 %gmem2_addr_read_15, i32 %gmem2_addr_read_15, i32 %gmem2_addr_read_15, i32 %gmem2_addr_read_15, i32 %gmem2_addr_read_15, i32 %gmem2_addr_read_15, i32 %gmem2_addr_read_15, i32 %gmem2_addr_read_15, i32 %gmem2_addr_read_15, i32 %gmem2_addr_read_15, i32 %gmem2_addr_read_15, i32 %gmem2_addr_read_15, i32 %gmem2_addr_read_15, i32 %gmem2_addr_read_15, i32 %gmem2_addr_read_15" [../MLP_baseline/mm.cpp:74]   --->   Operation 146 'bitconcatenate' 'AB_block_38' <Predicate = true> <Delay = 0.00>
ST_28 : Operation 147 [2/2] (1.58ns)   --->   "%call_ln74 = call void @computeTiles_Pipeline_k_BLOCK_loop_k_loop_i_loop, i512 %AB_block_38, i512 %AB_block_37, i512 %AB_block_36, i512 %AB_block_35, i512 %AB_block_34, i512 %AB_block_33, i512 %AB_block_9, i512 %AB_block_8, i512 %AB_block_7, i512 %AB_block_6, i512 %AB_block_5, i512 %AB_block_4, i512 %AB_block_3, i512 %AB_block_2, i512 %AB_block_1, i512 %AB_block, i35 %tmp_20, i512 %A_stream, i512 %B_stream, i512 %AB_block_31_loc, i512 %AB_block_30_loc, i512 %AB_block_29_loc, i512 %AB_block_28_loc, i512 %AB_block_27_loc, i512 %AB_block_26_loc, i512 %AB_block_25_loc, i512 %AB_block_24_loc, i512 %AB_block_23_loc, i512 %AB_block_22_loc, i512 %AB_block_21_loc, i512 %AB_block_20_loc, i512 %AB_block_19_loc, i512 %AB_block_18_loc, i512 %AB_block_17_loc, i512 %AB_block_16_loc" [../MLP_baseline/mm.cpp:74]   --->   Operation 147 'call' 'call_ln74' <Predicate = true> <Delay = 1.58> <CoreType = "Generic">   --->   Generic Core

State 29 <SV = 28> <Delay = 0.00>
ST_29 : Operation 148 [1/2] (0.00ns)   --->   "%call_ln74 = call void @computeTiles_Pipeline_k_BLOCK_loop_k_loop_i_loop, i512 %AB_block_38, i512 %AB_block_37, i512 %AB_block_36, i512 %AB_block_35, i512 %AB_block_34, i512 %AB_block_33, i512 %AB_block_9, i512 %AB_block_8, i512 %AB_block_7, i512 %AB_block_6, i512 %AB_block_5, i512 %AB_block_4, i512 %AB_block_3, i512 %AB_block_2, i512 %AB_block_1, i512 %AB_block, i35 %tmp_20, i512 %A_stream, i512 %B_stream, i512 %AB_block_31_loc, i512 %AB_block_30_loc, i512 %AB_block_29_loc, i512 %AB_block_28_loc, i512 %AB_block_27_loc, i512 %AB_block_26_loc, i512 %AB_block_25_loc, i512 %AB_block_24_loc, i512 %AB_block_23_loc, i512 %AB_block_22_loc, i512 %AB_block_21_loc, i512 %AB_block_20_loc, i512 %AB_block_19_loc, i512 %AB_block_18_loc, i512 %AB_block_17_loc, i512 %AB_block_16_loc" [../MLP_baseline/mm.cpp:74]   --->   Operation 148 'call' 'call_ln74' <Predicate = true> <Delay = 0.00> <CoreType = "Generic">   --->   Generic Core

State 30 <SV = 29> <Delay = 5.94>
ST_30 : Operation 149 [1/1] (0.00ns)   --->   "%fence_ln100 = fence void @_ssdm_op_Fence, i512 %A_stream, i512 %B_stream, i32 4294967295, i512 %AB_stream, i32 0" [../MLP_baseline/mm.cpp:100]   --->   Operation 149 'fence' 'fence_ln100' <Predicate = true> <Delay = 0.00>
ST_30 : Operation 150 [1/1] (0.00ns)   --->   "%AB_block_31_loc_load = load i512 %AB_block_31_loc"   --->   Operation 150 'load' 'AB_block_31_loc_load' <Predicate = true> <Delay = 0.00>
ST_30 : Operation 151 [1/1] (0.00ns)   --->   "%AB_block_30_loc_load = load i512 %AB_block_30_loc"   --->   Operation 151 'load' 'AB_block_30_loc_load' <Predicate = true> <Delay = 0.00>
ST_30 : Operation 152 [1/1] (0.00ns)   --->   "%AB_block_29_loc_load = load i512 %AB_block_29_loc"   --->   Operation 152 'load' 'AB_block_29_loc_load' <Predicate = true> <Delay = 0.00>
ST_30 : Operation 153 [1/1] (0.00ns)   --->   "%AB_block_28_loc_load = load i512 %AB_block_28_loc"   --->   Operation 153 'load' 'AB_block_28_loc_load' <Predicate = true> <Delay = 0.00>
ST_30 : Operation 154 [1/1] (0.00ns)   --->   "%AB_block_27_loc_load = load i512 %AB_block_27_loc"   --->   Operation 154 'load' 'AB_block_27_loc_load' <Predicate = true> <Delay = 0.00>
ST_30 : Operation 155 [1/1] (0.00ns)   --->   "%AB_block_26_loc_load = load i512 %AB_block_26_loc"   --->   Operation 155 'load' 'AB_block_26_loc_load' <Predicate = true> <Delay = 0.00>
ST_30 : Operation 156 [1/1] (0.00ns)   --->   "%AB_block_25_loc_load = load i512 %AB_block_25_loc"   --->   Operation 156 'load' 'AB_block_25_loc_load' <Predicate = true> <Delay = 0.00>
ST_30 : Operation 157 [1/1] (0.00ns)   --->   "%AB_block_24_loc_load = load i512 %AB_block_24_loc"   --->   Operation 157 'load' 'AB_block_24_loc_load' <Predicate = true> <Delay = 0.00>
ST_30 : Operation 158 [1/1] (0.00ns)   --->   "%AB_block_23_loc_load = load i512 %AB_block_23_loc"   --->   Operation 158 'load' 'AB_block_23_loc_load' <Predicate = true> <Delay = 0.00>
ST_30 : Operation 159 [1/1] (0.00ns)   --->   "%AB_block_22_loc_load = load i512 %AB_block_22_loc"   --->   Operation 159 'load' 'AB_block_22_loc_load' <Predicate = true> <Delay = 0.00>
ST_30 : Operation 160 [1/1] (0.00ns)   --->   "%AB_block_21_loc_load = load i512 %AB_block_21_loc"   --->   Operation 160 'load' 'AB_block_21_loc_load' <Predicate = true> <Delay = 0.00>
ST_30 : Operation 161 [1/1] (0.00ns)   --->   "%AB_block_20_loc_load = load i512 %AB_block_20_loc"   --->   Operation 161 'load' 'AB_block_20_loc_load' <Predicate = true> <Delay = 0.00>
ST_30 : Operation 162 [1/1] (0.00ns)   --->   "%AB_block_19_loc_load = load i512 %AB_block_19_loc"   --->   Operation 162 'load' 'AB_block_19_loc_load' <Predicate = true> <Delay = 0.00>
ST_30 : Operation 163 [1/1] (0.00ns)   --->   "%AB_block_18_loc_load = load i512 %AB_block_18_loc"   --->   Operation 163 'load' 'AB_block_18_loc_load' <Predicate = true> <Delay = 0.00>
ST_30 : Operation 164 [1/1] (0.00ns)   --->   "%AB_block_17_loc_load = load i512 %AB_block_17_loc"   --->   Operation 164 'load' 'AB_block_17_loc_load' <Predicate = true> <Delay = 0.00>
ST_30 : Operation 165 [1/1] (0.00ns)   --->   "%AB_block_16_loc_load = load i512 %AB_block_16_loc"   --->   Operation 165 'load' 'AB_block_16_loc_load' <Predicate = true> <Delay = 0.00>
ST_30 : Operation 166 [1/1] (0.00ns)   --->   "%fence_ln100 = fence void @_ssdm_op_Fence, i512 %A_stream, i512 %B_stream, i32 4294967295, i512 %AB_stream, i32 0" [../MLP_baseline/mm.cpp:100]   --->   Operation 166 'fence' 'fence_ln100' <Predicate = true> <Delay = 0.00>
ST_30 : Operation 167 [2/2] (5.94ns)   --->   "%call_ln0 = call void @computeTiles_Pipeline_j_output_loop, i512 %AB_block_16_loc_load, i512 %AB_block_17_loc_load, i512 %AB_block_18_loc_load, i512 %AB_block_19_loc_load, i512 %AB_block_20_loc_load, i512 %AB_block_21_loc_load, i512 %AB_block_22_loc_load, i512 %AB_block_23_loc_load, i512 %AB_block_24_loc_load, i512 %AB_block_25_loc_load, i512 %AB_block_26_loc_load, i512 %AB_block_27_loc_load, i512 %AB_block_28_loc_load, i512 %AB_block_29_loc_load, i512 %AB_block_30_loc_load, i512 %AB_block_31_loc_load, i512 %AB_stream"   --->   Operation 167 'call' 'call_ln0' <Predicate = true> <Delay = 5.94> <CoreType = "Generic">   --->   Generic Core

State 31 <SV = 30> <Delay = 4.95>
ST_31 : Operation 168 [1/1] (0.00ns)   --->   "%speclooptripcount_ln67 = speclooptripcount void @_ssdm_op_SpecLoopTripCount, i64 0, i64 134217727, i64 67108863" [../MLP_baseline/mm.cpp:67]   --->   Operation 168 'speclooptripcount' 'speclooptripcount_ln67' <Predicate = true> <Delay = 0.00>
ST_31 : Operation 169 [1/1] (0.00ns)   --->   "%specloopname_ln67 = specloopname void @_ssdm_op_SpecLoopName, void @empty_18" [../MLP_baseline/mm.cpp:67]   --->   Operation 169 'specloopname' 'specloopname_ln67' <Predicate = true> <Delay = 0.00>
ST_31 : Operation 170 [1/2] (4.95ns)   --->   "%call_ln0 = call void @computeTiles_Pipeline_j_output_loop, i512 %AB_block_16_loc_load, i512 %AB_block_17_loc_load, i512 %AB_block_18_loc_load, i512 %AB_block_19_loc_load, i512 %AB_block_20_loc_load, i512 %AB_block_21_loc_load, i512 %AB_block_22_loc_load, i512 %AB_block_23_loc_load, i512 %AB_block_24_loc_load, i512 %AB_block_25_loc_load, i512 %AB_block_26_loc_load, i512 %AB_block_27_loc_load, i512 %AB_block_28_loc_load, i512 %AB_block_29_loc_load, i512 %AB_block_30_loc_load, i512 %AB_block_31_loc_load, i512 %AB_stream"   --->   Operation 170 'call' 'call_ln0' <Predicate = true> <Delay = 4.95> <CoreType = "Generic">   --->   Generic Core
ST_31 : Operation 171 [1/1] (0.00ns)   --->   "%br_ln67 = br void %block_init_outer_loop" [../MLP_baseline/mm.cpp:67]   --->   Operation 171 'br' 'br_ln67' <Predicate = true> <Delay = 0.00>


============================================================
+ Verbose Summary: Timing violations
============================================================
Target clock period: 15.000ns, clock uncertainty: 4.050ns.

 <State 1>: 9.060ns
The critical path consists of the following:
	wire read operation ('M_read') on port 'M' [13]  (0.000 ns)
	'sub' operation 32 bit ('sub_ln80', ../MLP_baseline/mm.cpp:80) [53]  (2.552 ns)
	'sub' operation 28 bit ('sub_ln80_1', ../MLP_baseline/mm.cpp:80) [55]  (2.433 ns)
	'select' operation 28 bit ('select_ln80', ../MLP_baseline/mm.cpp:80) [57]  (0.839 ns)
	'icmp' operation 1 bit ('empty_43', ../MLP_baseline/mm.cpp:80) [59]  (2.433 ns)
	'select' operation 27 bit ('empty_44', ../MLP_baseline/mm.cpp:80) [60]  (0.803 ns)

 <State 2>: 4.021ns
The critical path consists of the following:
	'load' operation 27 bit ('ib', ../MLP_baseline/mm.cpp:65) on local variable 'ib', ../MLP_baseline/mm.cpp:65 [65]  (0.000 ns)
	'add' operation 64 bit ('add_ln74', ../MLP_baseline/mm.cpp:74) [75]  (3.520 ns)
	blocking operation 0.50125 ns on control path)

 <State 3>: 4.021ns
The critical path consists of the following:
	'phi' operation 27 bit ('jb', ../MLP_baseline/mm.cpp:67) with incoming values : ('add_ln67', ../MLP_baseline/mm.cpp:67) [81]  (0.000 ns)
	'icmp' operation 1 bit ('icmp_ln67', ../MLP_baseline/mm.cpp:67) [83]  (2.433 ns)
	blocking operation 1.588 ns on control path)

 <State 4>: 0.000ns
The critical path consists of the following:

 <State 5>: 0.000ns
The critical path consists of the following:

 <State 6>: 0.000ns
The critical path consists of the following:

 <State 7>: 0.000ns
The critical path consists of the following:

 <State 8>: 0.000ns
The critical path consists of the following:

 <State 9>: 0.000ns
The critical path consists of the following:

 <State 10>: 0.000ns
The critical path consists of the following:

 <State 11>: 10.950ns
The critical path consists of the following:
	bus request operation ('empty_45', ../MLP_baseline/mm.cpp:74) on port 'gmem2' (../MLP_baseline/mm.cpp:74) [89]  (10.950 ns)

 <State 12>: 10.950ns
The critical path consists of the following:
	bus read operation ('gmem2_addr_read', ../MLP_baseline/mm.cpp:74) on port 'gmem2' (../MLP_baseline/mm.cpp:74) [90]  (10.950 ns)

 <State 13>: 10.950ns
The critical path consists of the following:
	bus read operation ('gmem2_addr_read_1', ../MLP_baseline/mm.cpp:74) on port 'gmem2' (../MLP_baseline/mm.cpp:74) [91]  (10.950 ns)

 <State 14>: 10.950ns
The critical path consists of the following:
	bus read operation ('gmem2_addr_read_2', ../MLP_baseline/mm.cpp:74) on port 'gmem2' (../MLP_baseline/mm.cpp:74) [92]  (10.950 ns)

 <State 15>: 10.950ns
The critical path consists of the following:
	bus read operation ('gmem2_addr_read_3', ../MLP_baseline/mm.cpp:74) on port 'gmem2' (../MLP_baseline/mm.cpp:74) [93]  (10.950 ns)

 <State 16>: 10.950ns
The critical path consists of the following:
	bus read operation ('gmem2_addr_read_4', ../MLP_baseline/mm.cpp:74) on port 'gmem2' (../MLP_baseline/mm.cpp:74) [94]  (10.950 ns)

 <State 17>: 10.950ns
The critical path consists of the following:
	bus read operation ('gmem2_addr_read_5', ../MLP_baseline/mm.cpp:74) on port 'gmem2' (../MLP_baseline/mm.cpp:74) [95]  (10.950 ns)

 <State 18>: 10.950ns
The critical path consists of the following:
	bus read operation ('gmem2_addr_read_6', ../MLP_baseline/mm.cpp:74) on port 'gmem2' (../MLP_baseline/mm.cpp:74) [96]  (10.950 ns)

 <State 19>: 10.950ns
The critical path consists of the following:
	bus read operation ('gmem2_addr_read_7', ../MLP_baseline/mm.cpp:74) on port 'gmem2' (../MLP_baseline/mm.cpp:74) [97]  (10.950 ns)

 <State 20>: 10.950ns
The critical path consists of the following:
	bus read operation ('gmem2_addr_read_8', ../MLP_baseline/mm.cpp:74) on port 'gmem2' (../MLP_baseline/mm.cpp:74) [98]  (10.950 ns)

 <State 21>: 10.950ns
The critical path consists of the following:
	bus read operation ('gmem2_addr_read_9', ../MLP_baseline/mm.cpp:74) on port 'gmem2' (../MLP_baseline/mm.cpp:74) [99]  (10.950 ns)

 <State 22>: 10.950ns
The critical path consists of the following:
	bus read operation ('gmem2_addr_read_10', ../MLP_baseline/mm.cpp:74) on port 'gmem2' (../MLP_baseline/mm.cpp:74) [100]  (10.950 ns)

 <State 23>: 10.950ns
The critical path consists of the following:
	bus read operation ('gmem2_addr_read_11', ../MLP_baseline/mm.cpp:74) on port 'gmem2' (../MLP_baseline/mm.cpp:74) [101]  (10.950 ns)

 <State 24>: 10.950ns
The critical path consists of the following:
	bus read operation ('gmem2_addr_read_12', ../MLP_baseline/mm.cpp:74) on port 'gmem2' (../MLP_baseline/mm.cpp:74) [102]  (10.950 ns)

 <State 25>: 10.950ns
The critical path consists of the following:
	bus read operation ('gmem2_addr_read_13', ../MLP_baseline/mm.cpp:74) on port 'gmem2' (../MLP_baseline/mm.cpp:74) [103]  (10.950 ns)

 <State 26>: 10.950ns
The critical path consists of the following:
	bus read operation ('gmem2_addr_read_14', ../MLP_baseline/mm.cpp:74) on port 'gmem2' (../MLP_baseline/mm.cpp:74) [104]  (10.950 ns)

 <State 27>: 10.950ns
The critical path consists of the following:
	bus read operation ('gmem2_addr_read_15', ../MLP_baseline/mm.cpp:74) on port 'gmem2' (../MLP_baseline/mm.cpp:74) [105]  (10.950 ns)

 <State 28>: 1.588ns
The critical path consists of the following:
	'call' operation ('call_ln74', ../MLP_baseline/mm.cpp:74) to 'computeTiles_Pipeline_k_BLOCK_loop_k_loop_i_loop' [122]  (1.588 ns)

 <State 29>: 0.000ns
The critical path consists of the following:

 <State 30>: 5.944ns
The critical path consists of the following:
	'load' operation 512 bit ('AB_block_31_loc_load') on local variable 'AB_block_31_loc' [124]  (0.000 ns)
	'call' operation ('call_ln0') to 'computeTiles_Pipeline_j_output_loop' [141]  (5.944 ns)

 <State 31>: 4.956ns
The critical path consists of the following:
	'call' operation ('call_ln0') to 'computeTiles_Pipeline_j_output_loop' [141]  (4.956 ns)


============================================================
+ Verbose Summary: Binding
============================================================
N/A
* FSMD analyzer results:
  - Output states:
 - Input state : 
  - Chain level:
	State 1
	State 2
	State 3
	State 4
	State 5
	State 6
	State 7
	State 8
	State 9
	State 10
	State 11
	State 12
	State 13
	State 14
	State 15
	State 16
	State 17
	State 18
	State 19
	State 20
	State 21
	State 22
	State 23
	State 24
	State 25
	State 26
	State 27
	State 28
	State 29
	State 30
	State 31


============================================================
+ Verbose Summary: Datapath Resource usage 
============================================================
N/A
