

================================================================
== Vitis HLS Report for 'computeTiles_Pipeline_j_output_loop'
================================================================
* Date:           Thu Apr  9 18:27:21 2026

* Version:        2025.2 (Build 6295257 on Nov 14 2025)
* Project:        baseline_blockedMM
* Solution:       hls (Vivado IP Flow Target)
* Product family: zynq
* Target device:  xc7z020-clg400-1


================================================================
== Performance Estimates
================================================================
+ Timing: 
    * Summary: 
    +--------+----------+----------+------------+
    |  Clock |  Target  | Estimated| Uncertainty|
    +--------+----------+----------+------------+
    |ap_clk  |  15.00 ns|  7.532 ns|     4.05 ns|
    +--------+----------+----------+------------+

+ Latency: 
    * Summary: 
    +---------+---------+----------+----------+-----+-----+-------------------+
    |  Latency (cycles) |  Latency (absolute) |  Interval |      Pipeline     |
    |   min   |   max   |    min   |    max   | min | max |        Type       |
    +---------+---------+----------+----------+-----+-----+-------------------+
    |       18|       18|  0.270 us|  0.270 us|    0|    0|  loop pipeline stp|
    +---------+---------+----------+----------+-----+-----+-------------------+

    + Detail: 
        * Instance: 
        N/A

        * Loop: 
        +-----------------+---------+---------+----------+-----------+-----------+------+----------+
        |                 |  Latency (cycles) | Iteration|  Initiation Interval  | Trip |          |
        |    Loop Name    |   min   |   max   |  Latency |  achieved |   target  | Count| Pipelined|
        +-----------------+---------+---------+----------+-----------+-----------+------+----------+
        |- j_output_loop  |       16|       16|         2|          1|          1|    16|       yes|
        +-----------------+---------+---------+----------+-----------+-----------+------+----------+

============================================================
+ Verbose Summary: Synthesis Manager
============================================================
InlineROM: 1
ExposeGlobal: 0
============================================================
+ Verbose Summary: CDFG Model
============================================================
IsTopModel: 0
ResetActiveHigh: 1
IsCombinational: 0
IsDatapathOnly: 0
HasWiredReturn: 1
HasMFsm: 2
HasVarLatency: 1
IsPipeline: 0
IsRtlPipelined: 0
IsInstanceOverlapped: 0
IsDontTouch: 0
HasImplIP: 0
IsGatedGlobalClock: 0

+ Individual pipeline summary: 
  * Pipeline-0: initiation interval (II) = 1, depth = 2


============================================================
+ Verbose Summary: Schedule
============================================================
* Number of FSM states : 2
* Pipeline : 1
  Pipeline-0 : II = 1, D = 2, States = { 1 2 }
* Dataflow Pipeline: 0

* FSM state transitions: 
1 --> 2 
2 --> 

* FSM state operations: 

State 1 <SV = 0> <Delay = 7.53>
ST_1 : Operation 5 [1/1] (0.00ns)   --->   "%j = alloca i32 1" [T:/AMDDesignTools/2025.2/Vitis/tps/mingw/8.3.0/win64.o/nt\lib\gcc\x86_64-w64-mingw32\8.3.0\include\c++\array:55->T:/AMDDesignTools/2025.2/Vitis/tps/mingw/8.3.0/win64.o/nt\lib\gcc\x86_64-w64-mingw32\8.3.0\include\c++\array:186->../MLP_baseline/mm.cpp:107]   --->   Operation 5 'alloca' 'j' <Predicate = true> <Delay = 0.00>
ST_1 : Operation 6 [1/1] (0.00ns)   --->   "%specinterface_ln0 = specinterface void @_ssdm_op_SpecInterface, i512 %AB_stream, void @empty_9, i32 0, i32 0, void @empty, i32 0, i32 0, void @empty, void @empty, void @empty, i32 0, i32 0, i32 0, i32 0, void @empty, void @empty, i32 4294967295, i32 0, i32 0, i32 0"   --->   Operation 6 'specinterface' 'specinterface_ln0' <Predicate = true> <Delay = 0.00>
ST_1 : Operation 7 [1/1] (0.00ns)   --->   "%AB_block_31_reload_read = read i512 @_ssdm_op_Read.ap_auto.i512, i512 %AB_block_31_reload" [../MLP_baseline/mm.cpp:55]   --->   Operation 7 'read' 'AB_block_31_reload_read' <Predicate = true> <Delay = 0.00>
ST_1 : Operation 8 [1/1] (0.00ns)   --->   "%AB_block_30_reload_read = read i512 @_ssdm_op_Read.ap_auto.i512, i512 %AB_block_30_reload" [../MLP_baseline/mm.cpp:55]   --->   Operation 8 'read' 'AB_block_30_reload_read' <Predicate = true> <Delay = 0.00>
ST_1 : Operation 9 [1/1] (0.00ns)   --->   "%AB_block_29_reload_read = read i512 @_ssdm_op_Read.ap_auto.i512, i512 %AB_block_29_reload" [../MLP_baseline/mm.cpp:55]   --->   Operation 9 'read' 'AB_block_29_reload_read' <Predicate = true> <Delay = 0.00>
ST_1 : Operation 10 [1/1] (0.00ns)   --->   "%AB_block_28_reload_read = read i512 @_ssdm_op_Read.ap_auto.i512, i512 %AB_block_28_reload" [../MLP_baseline/mm.cpp:55]   --->   Operation 10 'read' 'AB_block_28_reload_read' <Predicate = true> <Delay = 0.00>
ST_1 : Operation 11 [1/1] (0.00ns)   --->   "%AB_block_27_reload_read = read i512 @_ssdm_op_Read.ap_auto.i512, i512 %AB_block_27_reload" [../MLP_baseline/mm.cpp:55]   --->   Operation 11 'read' 'AB_block_27_reload_read' <Predicate = true> <Delay = 0.00>
ST_1 : Operation 12 [1/1] (0.00ns)   --->   "%AB_block_26_reload_read = read i512 @_ssdm_op_Read.ap_auto.i512, i512 %AB_block_26_reload" [../MLP_baseline/mm.cpp:55]   --->   Operation 12 'read' 'AB_block_26_reload_read' <Predicate = true> <Delay = 0.00>
ST_1 : Operation 13 [1/1] (0.00ns)   --->   "%AB_block_25_reload_read = read i512 @_ssdm_op_Read.ap_auto.i512, i512 %AB_block_25_reload" [../MLP_baseline/mm.cpp:55]   --->   Operation 13 'read' 'AB_block_25_reload_read' <Predicate = true> <Delay = 0.00>
ST_1 : Operation 14 [1/1] (0.00ns)   --->   "%AB_block_24_reload_read = read i512 @_ssdm_op_Read.ap_auto.i512, i512 %AB_block_24_reload" [../MLP_baseline/mm.cpp:55]   --->   Operation 14 'read' 'AB_block_24_reload_read' <Predicate = true> <Delay = 0.00>
ST_1 : Operation 15 [1/1] (0.00ns)   --->   "%AB_block_23_reload_read = read i512 @_ssdm_op_Read.ap_auto.i512, i512 %AB_block_23_reload" [../MLP_baseline/mm.cpp:55]   --->   Operation 15 'read' 'AB_block_23_reload_read' <Predicate = true> <Delay = 0.00>
ST_1 : Operation 16 [1/1] (0.00ns)   --->   "%AB_block_22_reload_read = read i512 @_ssdm_op_Read.ap_auto.i512, i512 %AB_block_22_reload" [../MLP_baseline/mm.cpp:55]   --->   Operation 16 'read' 'AB_block_22_reload_read' <Predicate = true> <Delay = 0.00>
ST_1 : Operation 17 [1/1] (0.00ns)   --->   "%AB_block_21_reload_read = read i512 @_ssdm_op_Read.ap_auto.i512, i512 %AB_block_21_reload" [../MLP_baseline/mm.cpp:55]   --->   Operation 17 'read' 'AB_block_21_reload_read' <Predicate = true> <Delay = 0.00>
ST_1 : Operation 18 [1/1] (0.00ns)   --->   "%AB_block_20_reload_read = read i512 @_ssdm_op_Read.ap_auto.i512, i512 %AB_block_20_reload" [../MLP_baseline/mm.cpp:55]   --->   Operation 18 'read' 'AB_block_20_reload_read' <Predicate = true> <Delay = 0.00>
ST_1 : Operation 19 [1/1] (0.00ns)   --->   "%AB_block_19_reload_read = read i512 @_ssdm_op_Read.ap_auto.i512, i512 %AB_block_19_reload" [../MLP_baseline/mm.cpp:55]   --->   Operation 19 'read' 'AB_block_19_reload_read' <Predicate = true> <Delay = 0.00>
ST_1 : Operation 20 [1/1] (0.00ns)   --->   "%AB_block_18_reload_read = read i512 @_ssdm_op_Read.ap_auto.i512, i512 %AB_block_18_reload" [../MLP_baseline/mm.cpp:55]   --->   Operation 20 'read' 'AB_block_18_reload_read' <Predicate = true> <Delay = 0.00>
ST_1 : Operation 21 [1/1] (0.00ns)   --->   "%AB_block_17_reload_read = read i512 @_ssdm_op_Read.ap_auto.i512, i512 %AB_block_17_reload" [../MLP_baseline/mm.cpp:55]   --->   Operation 21 'read' 'AB_block_17_reload_read' <Predicate = true> <Delay = 0.00>
ST_1 : Operation 22 [1/1] (0.00ns)   --->   "%AB_block_16_reload_read = read i512 @_ssdm_op_Read.ap_auto.i512, i512 %AB_block_16_reload" [../MLP_baseline/mm.cpp:55]   --->   Operation 22 'read' 'AB_block_16_reload_read' <Predicate = true> <Delay = 0.00>
ST_1 : Operation 23 [1/1] (1.58ns)   --->   "%store_ln55 = store i5 0, i5 %j" [T:/AMDDesignTools/2025.2/Vitis/tps/mingw/8.3.0/win64.o/nt\lib\gcc\x86_64-w64-mingw32\8.3.0\include\c++\array:55->T:/AMDDesignTools/2025.2/Vitis/tps/mingw/8.3.0/win64.o/nt\lib\gcc\x86_64-w64-mingw32\8.3.0\include\c++\array:186->../MLP_baseline/mm.cpp:107]   --->   Operation 23 'store' 'store_ln55' <Predicate = true> <Delay = 1.58>
ST_1 : Operation 24 [1/1] (0.00ns)   --->   "%br_ln0 = br void %i_output_loop"   --->   Operation 24 'br' 'br_ln0' <Predicate = true> <Delay = 0.00>
ST_1 : Operation 25 [1/1] (0.00ns)   --->   "%j_2 = load i5 %j" [../MLP_baseline/mm.cpp:100]   --->   Operation 25 'load' 'j_2' <Predicate = true> <Delay = 0.00>
ST_1 : Operation 26 [1/1] (1.78ns)   --->   "%icmp_ln100 = icmp_eq  i5 %j_2, i5 16" [../MLP_baseline/mm.cpp:100]   --->   Operation 26 'icmp' 'icmp_ln100' <Predicate = true> <Delay = 1.78> <CoreInst = "Cmp">   --->   Core 9 'Cmp' <Latency = 0> <II = 1> <Delay = 1.78> <FuncUnit> <Opcode : 'seteq' 'setne' 'setle' 'setge' 'setlt' 'setgt'> <InPorts = 2> <OutPorts = 1>
ST_1 : Operation 27 [1/1] (1.78ns)   --->   "%add_ln100 = add i5 %j_2, i5 1" [../MLP_baseline/mm.cpp:100]   --->   Operation 27 'add' 'add_ln100' <Predicate = true> <Delay = 1.78> <CoreInst = "Adder">   --->   Core 1 'Adder' <Latency = 0> <II = 1> <Delay = 1.78> <FuncUnit> <Opcode : 'add' 'sub'> <InPorts = 2> <OutPorts = 1>
ST_1 : Operation 28 [1/1] (0.00ns)   --->   "%br_ln100 = br i1 %icmp_ln100, void %i_output_loop.split, void %for.inc82.exitStub" [../MLP_baseline/mm.cpp:100]   --->   Operation 28 'br' 'br_ln100' <Predicate = true> <Delay = 0.00>
ST_1 : Operation 29 [1/1] (0.00ns)   --->   "%trunc_ln56 = trunc i5 %j_2" [T:/AMDDesignTools/2025.2/Vitis/tps/mingw/8.3.0/win64.o/nt\lib\gcc\x86_64-w64-mingw32\8.3.0\include\c++\array:56->T:/AMDDesignTools/2025.2/Vitis/tps/mingw/8.3.0/win64.o/nt\lib\gcc\x86_64-w64-mingw32\8.3.0\include\c++\array:186->../MLP_baseline/mm.cpp:107]   --->   Operation 29 'trunc' 'trunc_ln56' <Predicate = (!icmp_ln100)> <Delay = 0.00>
ST_1 : Operation 30 [1/1] (0.00ns)   --->   "%shl_ln1 = bitconcatenate i9 @_ssdm_op_BitConcatenate.i9.i4.i5, i4 %trunc_ln56, i5 0" [T:/AMDDesignTools/2025.2/Vitis/tps/mingw/8.3.0/win64.o/nt\lib\gcc\x86_64-w64-mingw32\8.3.0\include\c++\array:56->T:/AMDDesignTools/2025.2/Vitis/tps/mingw/8.3.0/win64.o/nt\lib\gcc\x86_64-w64-mingw32\8.3.0\include\c++\array:186->../MLP_baseline/mm.cpp:107]   --->   Operation 30 'bitconcatenate' 'shl_ln1' <Predicate = (!icmp_ln100)> <Delay = 0.00>
ST_1 : Operation 31 [1/1] (0.00ns)   --->   "%zext_ln107 = zext i9 %shl_ln1" [../MLP_baseline/mm.cpp:107]   --->   Operation 31 'zext' 'zext_ln107' <Predicate = (!icmp_ln100)> <Delay = 0.00>
ST_1 : Operation 32 [1/1] (5.94ns)   --->   "%lshr_ln107 = lshr i512 %AB_block_16_reload_read, i512 %zext_ln107" [../MLP_baseline/mm.cpp:107]   --->   Operation 32 'lshr' 'lshr_ln107' <Predicate = (!icmp_ln100)> <Delay = 5.94> <CoreInst = "Shifter">   --->   Core 75 'Shifter' <Latency = 0> <II = 1> <Delay = 5.94> <FuncUnit> <Opcode : 'shl' 'lshr' 'ashr'> <InPorts = 2> <OutPorts = 1>
ST_1 : Operation 33 [1/1] (0.00ns)   --->   "%trunc_ln107 = trunc i512 %lshr_ln107" [../MLP_baseline/mm.cpp:107]   --->   Operation 33 'trunc' 'trunc_ln107' <Predicate = (!icmp_ln100)> <Delay = 0.00>
ST_1 : Operation 34 [1/1] (5.94ns)   --->   "%lshr_ln107_1 = lshr i512 %AB_block_17_reload_read, i512 %zext_ln107" [../MLP_baseline/mm.cpp:107]   --->   Operation 34 'lshr' 'lshr_ln107_1' <Predicate = (!icmp_ln100)> <Delay = 5.94> <CoreInst = "Shifter">   --->   Core 75 'Shifter' <Latency = 0> <II = 1> <Delay = 5.94> <FuncUnit> <Opcode : 'shl' 'lshr' 'ashr'> <InPorts = 2> <OutPorts = 1>
ST_1 : Operation 35 [1/1] (0.00ns)   --->   "%trunc_ln107_1 = trunc i512 %lshr_ln107_1" [../MLP_baseline/mm.cpp:107]   --->   Operation 35 'trunc' 'trunc_ln107_1' <Predicate = (!icmp_ln100)> <Delay = 0.00>
ST_1 : Operation 36 [1/1] (5.94ns)   --->   "%lshr_ln107_2 = lshr i512 %AB_block_18_reload_read, i512 %zext_ln107" [../MLP_baseline/mm.cpp:107]   --->   Operation 36 'lshr' 'lshr_ln107_2' <Predicate = (!icmp_ln100)> <Delay = 5.94> <CoreInst = "Shifter">   --->   Core 75 'Shifter' <Latency = 0> <II = 1> <Delay = 5.94> <FuncUnit> <Opcode : 'shl' 'lshr' 'ashr'> <InPorts = 2> <OutPorts = 1>
ST_1 : Operation 37 [1/1] (0.00ns)   --->   "%trunc_ln107_2 = trunc i512 %lshr_ln107_2" [../MLP_baseline/mm.cpp:107]   --->   Operation 37 'trunc' 'trunc_ln107_2' <Predicate = (!icmp_ln100)> <Delay = 0.00>
ST_1 : Operation 38 [1/1] (5.94ns)   --->   "%lshr_ln107_3 = lshr i512 %AB_block_19_reload_read, i512 %zext_ln107" [../MLP_baseline/mm.cpp:107]   --->   Operation 38 'lshr' 'lshr_ln107_3' <Predicate = (!icmp_ln100)> <Delay = 5.94> <CoreInst = "Shifter">   --->   Core 75 'Shifter' <Latency = 0> <II = 1> <Delay = 5.94> <FuncUnit> <Opcode : 'shl' 'lshr' 'ashr'> <InPorts = 2> <OutPorts = 1>
ST_1 : Operation 39 [1/1] (0.00ns)   --->   "%trunc_ln107_3 = trunc i512 %lshr_ln107_3" [../MLP_baseline/mm.cpp:107]   --->   Operation 39 'trunc' 'trunc_ln107_3' <Predicate = (!icmp_ln100)> <Delay = 0.00>
ST_1 : Operation 40 [1/1] (5.94ns)   --->   "%lshr_ln107_4 = lshr i512 %AB_block_20_reload_read, i512 %zext_ln107" [../MLP_baseline/mm.cpp:107]   --->   Operation 40 'lshr' 'lshr_ln107_4' <Predicate = (!icmp_ln100)> <Delay = 5.94> <CoreInst = "Shifter">   --->   Core 75 'Shifter' <Latency = 0> <II = 1> <Delay = 5.94> <FuncUnit> <Opcode : 'shl' 'lshr' 'ashr'> <InPorts = 2> <OutPorts = 1>
ST_1 : Operation 41 [1/1] (0.00ns)   --->   "%trunc_ln107_4 = trunc i512 %lshr_ln107_4" [../MLP_baseline/mm.cpp:107]   --->   Operation 41 'trunc' 'trunc_ln107_4' <Predicate = (!icmp_ln100)> <Delay = 0.00>
ST_1 : Operation 42 [1/1] (5.94ns)   --->   "%lshr_ln107_5 = lshr i512 %AB_block_21_reload_read, i512 %zext_ln107" [../MLP_baseline/mm.cpp:107]   --->   Operation 42 'lshr' 'lshr_ln107_5' <Predicate = (!icmp_ln100)> <Delay = 5.94> <CoreInst = "Shifter">   --->   Core 75 'Shifter' <Latency = 0> <II = 1> <Delay = 5.94> <FuncUnit> <Opcode : 'shl' 'lshr' 'ashr'> <InPorts = 2> <OutPorts = 1>
ST_1 : Operation 43 [1/1] (0.00ns)   --->   "%trunc_ln107_5 = trunc i512 %lshr_ln107_5" [../MLP_baseline/mm.cpp:107]   --->   Operation 43 'trunc' 'trunc_ln107_5' <Predicate = (!icmp_ln100)> <Delay = 0.00>
ST_1 : Operation 44 [1/1] (5.94ns)   --->   "%lshr_ln107_6 = lshr i512 %AB_block_22_reload_read, i512 %zext_ln107" [../MLP_baseline/mm.cpp:107]   --->   Operation 44 'lshr' 'lshr_ln107_6' <Predicate = (!icmp_ln100)> <Delay = 5.94> <CoreInst = "Shifter">   --->   Core 75 'Shifter' <Latency = 0> <II = 1> <Delay = 5.94> <FuncUnit> <Opcode : 'shl' 'lshr' 'ashr'> <InPorts = 2> <OutPorts = 1>
ST_1 : Operation 45 [1/1] (0.00ns)   --->   "%trunc_ln107_6 = trunc i512 %lshr_ln107_6" [../MLP_baseline/mm.cpp:107]   --->   Operation 45 'trunc' 'trunc_ln107_6' <Predicate = (!icmp_ln100)> <Delay = 0.00>
ST_1 : Operation 46 [1/1] (5.94ns)   --->   "%lshr_ln107_7 = lshr i512 %AB_block_23_reload_read, i512 %zext_ln107" [../MLP_baseline/mm.cpp:107]   --->   Operation 46 'lshr' 'lshr_ln107_7' <Predicate = (!icmp_ln100)> <Delay = 5.94> <CoreInst = "Shifter">   --->   Core 75 'Shifter' <Latency = 0> <II = 1> <Delay = 5.94> <FuncUnit> <Opcode : 'shl' 'lshr' 'ashr'> <InPorts = 2> <OutPorts = 1>
ST_1 : Operation 47 [1/1] (0.00ns)   --->   "%trunc_ln107_7 = trunc i512 %lshr_ln107_7" [../MLP_baseline/mm.cpp:107]   --->   Operation 47 'trunc' 'trunc_ln107_7' <Predicate = (!icmp_ln100)> <Delay = 0.00>
ST_1 : Operation 48 [1/1] (5.94ns)   --->   "%lshr_ln107_8 = lshr i512 %AB_block_24_reload_read, i512 %zext_ln107" [../MLP_baseline/mm.cpp:107]   --->   Operation 48 'lshr' 'lshr_ln107_8' <Predicate = (!icmp_ln100)> <Delay = 5.94> <CoreInst = "Shifter">   --->   Core 75 'Shifter' <Latency = 0> <II = 1> <Delay = 5.94> <FuncUnit> <Opcode : 'shl' 'lshr' 'ashr'> <InPorts = 2> <OutPorts = 1>
ST_1 : Operation 49 [1/1] (0.00ns)   --->   "%trunc_ln107_8 = trunc i512 %lshr_ln107_8" [../MLP_baseline/mm.cpp:107]   --->   Operation 49 'trunc' 'trunc_ln107_8' <Predicate = (!icmp_ln100)> <Delay = 0.00>
ST_1 : Operation 50 [1/1] (5.94ns)   --->   "%lshr_ln107_9 = lshr i512 %AB_block_25_reload_read, i512 %zext_ln107" [../MLP_baseline/mm.cpp:107]   --->   Operation 50 'lshr' 'lshr_ln107_9' <Predicate = (!icmp_ln100)> <Delay = 5.94> <CoreInst = "Shifter">   --->   Core 75 'Shifter' <Latency = 0> <II = 1> <Delay = 5.94> <FuncUnit> <Opcode : 'shl' 'lshr' 'ashr'> <InPorts = 2> <OutPorts = 1>
ST_1 : Operation 51 [1/1] (0.00ns)   --->   "%trunc_ln107_9 = trunc i512 %lshr_ln107_9" [../MLP_baseline/mm.cpp:107]   --->   Operation 51 'trunc' 'trunc_ln107_9' <Predicate = (!icmp_ln100)> <Delay = 0.00>
ST_1 : Operation 52 [1/1] (5.94ns)   --->   "%lshr_ln107_10 = lshr i512 %AB_block_26_reload_read, i512 %zext_ln107" [../MLP_baseline/mm.cpp:107]   --->   Operation 52 'lshr' 'lshr_ln107_10' <Predicate = (!icmp_ln100)> <Delay = 5.94> <CoreInst = "Shifter">   --->   Core 75 'Shifter' <Latency = 0> <II = 1> <Delay = 5.94> <FuncUnit> <Opcode : 'shl' 'lshr' 'ashr'> <InPorts = 2> <OutPorts = 1>
ST_1 : Operation 53 [1/1] (0.00ns)   --->   "%trunc_ln107_10 = trunc i512 %lshr_ln107_10" [../MLP_baseline/mm.cpp:107]   --->   Operation 53 'trunc' 'trunc_ln107_10' <Predicate = (!icmp_ln100)> <Delay = 0.00>
ST_1 : Operation 54 [1/1] (5.94ns)   --->   "%lshr_ln107_11 = lshr i512 %AB_block_27_reload_read, i512 %zext_ln107" [../MLP_baseline/mm.cpp:107]   --->   Operation 54 'lshr' 'lshr_ln107_11' <Predicate = (!icmp_ln100)> <Delay = 5.94> <CoreInst = "Shifter">   --->   Core 75 'Shifter' <Latency = 0> <II = 1> <Delay = 5.94> <FuncUnit> <Opcode : 'shl' 'lshr' 'ashr'> <InPorts = 2> <OutPorts = 1>
ST_1 : Operation 55 [1/1] (0.00ns)   --->   "%trunc_ln107_11 = trunc i512 %lshr_ln107_11" [../MLP_baseline/mm.cpp:107]   --->   Operation 55 'trunc' 'trunc_ln107_11' <Predicate = (!icmp_ln100)> <Delay = 0.00>
ST_1 : Operation 56 [1/1] (5.94ns)   --->   "%lshr_ln107_12 = lshr i512 %AB_block_28_reload_read, i512 %zext_ln107" [../MLP_baseline/mm.cpp:107]   --->   Operation 56 'lshr' 'lshr_ln107_12' <Predicate = (!icmp_ln100)> <Delay = 5.94> <CoreInst = "Shifter">   --->   Core 75 'Shifter' <Latency = 0> <II = 1> <Delay = 5.94> <FuncUnit> <Opcode : 'shl' 'lshr' 'ashr'> <InPorts = 2> <OutPorts = 1>
ST_1 : Operation 57 [1/1] (0.00ns)   --->   "%trunc_ln107_12 = trunc i512 %lshr_ln107_12" [../MLP_baseline/mm.cpp:107]   --->   Operation 57 'trunc' 'trunc_ln107_12' <Predicate = (!icmp_ln100)> <Delay = 0.00>
ST_1 : Operation 58 [1/1] (5.94ns)   --->   "%lshr_ln107_13 = lshr i512 %AB_block_29_reload_read, i512 %zext_ln107" [../MLP_baseline/mm.cpp:107]   --->   Operation 58 'lshr' 'lshr_ln107_13' <Predicate = (!icmp_ln100)> <Delay = 5.94> <CoreInst = "Shifter">   --->   Core 75 'Shifter' <Latency = 0> <II = 1> <Delay = 5.94> <FuncUnit> <Opcode : 'shl' 'lshr' 'ashr'> <InPorts = 2> <OutPorts = 1>
ST_1 : Operation 59 [1/1] (0.00ns)   --->   "%trunc_ln107_13 = trunc i512 %lshr_ln107_13" [../MLP_baseline/mm.cpp:107]   --->   Operation 59 'trunc' 'trunc_ln107_13' <Predicate = (!icmp_ln100)> <Delay = 0.00>
ST_1 : Operation 60 [1/1] (5.94ns)   --->   "%lshr_ln107_14 = lshr i512 %AB_block_30_reload_read, i512 %zext_ln107" [../MLP_baseline/mm.cpp:107]   --->   Operation 60 'lshr' 'lshr_ln107_14' <Predicate = (!icmp_ln100)> <Delay = 5.94> <CoreInst = "Shifter">   --->   Core 75 'Shifter' <Latency = 0> <II = 1> <Delay = 5.94> <FuncUnit> <Opcode : 'shl' 'lshr' 'ashr'> <InPorts = 2> <OutPorts = 1>
ST_1 : Operation 61 [1/1] (0.00ns)   --->   "%trunc_ln107_14 = trunc i512 %lshr_ln107_14" [../MLP_baseline/mm.cpp:107]   --->   Operation 61 'trunc' 'trunc_ln107_14' <Predicate = (!icmp_ln100)> <Delay = 0.00>
ST_1 : Operation 62 [1/1] (5.94ns)   --->   "%lshr_ln107_15 = lshr i512 %AB_block_31_reload_read, i512 %zext_ln107" [../MLP_baseline/mm.cpp:107]   --->   Operation 62 'lshr' 'lshr_ln107_15' <Predicate = (!icmp_ln100)> <Delay = 5.94> <CoreInst = "Shifter">   --->   Core 75 'Shifter' <Latency = 0> <II = 1> <Delay = 5.94> <FuncUnit> <Opcode : 'shl' 'lshr' 'ashr'> <InPorts = 2> <OutPorts = 1>
ST_1 : Operation 63 [1/1] (0.00ns)   --->   "%trunc_ln107_15 = trunc i512 %lshr_ln107_15" [../MLP_baseline/mm.cpp:107]   --->   Operation 63 'trunc' 'trunc_ln107_15' <Predicate = (!icmp_ln100)> <Delay = 0.00>
ST_1 : Operation 64 [1/1] (1.58ns)   --->   "%store_ln55 = store i5 %add_ln100, i5 %j" [T:/AMDDesignTools/2025.2/Vitis/tps/mingw/8.3.0/win64.o/nt\lib\gcc\x86_64-w64-mingw32\8.3.0\include\c++\array:55->T:/AMDDesignTools/2025.2/Vitis/tps/mingw/8.3.0/win64.o/nt\lib\gcc\x86_64-w64-mingw32\8.3.0\include\c++\array:186->../MLP_baseline/mm.cpp:107]   --->   Operation 64 'store' 'store_ln55' <Predicate = (!icmp_ln100)> <Delay = 1.58>
ST_1 : Operation 71 [1/1] (1.58ns)   --->   "%ret_ln0 = ret"   --->   Operation 71 'ret' 'ret_ln0' <Predicate = (icmp_ln100)> <Delay = 1.58>

State 2 <SV = 1> <Delay = 3.60>
ST_2 : Operation 65 [1/1] (0.00ns)   --->   "%specpipeline_ln101 = specpipeline void @_ssdm_op_SpecPipeline, i32 1, i32 0, i32 0, i32 0, i32 4294967295, void @empty" [../MLP_baseline/mm.cpp:101]   --->   Operation 65 'specpipeline' 'specpipeline_ln101' <Predicate = true> <Delay = 0.00>
ST_2 : Operation 66 [1/1] (0.00ns)   --->   "%speclooptripcount_ln100 = speclooptripcount void @_ssdm_op_SpecLoopTripCount, i64 16, i64 16, i64 16" [../MLP_baseline/mm.cpp:100]   --->   Operation 66 'speclooptripcount' 'speclooptripcount_ln100' <Predicate = true> <Delay = 0.00>
ST_2 : Operation 67 [1/1] (0.00ns)   --->   "%specloopname_ln100 = specloopname void @_ssdm_op_SpecLoopName, void @empty_20" [../MLP_baseline/mm.cpp:100]   --->   Operation 67 'specloopname' 'specloopname_ln100' <Predicate = true> <Delay = 0.00>
ST_2 : Operation 68 [1/1] (0.00ns)   --->   "%p_0 = bitconcatenate i512 @_ssdm_op_BitConcatenate.i512.i32.i32.i32.i32.i32.i32.i32.i32.i32.i32.i32.i32.i32.i32.i32.i32, i32 %trunc_ln107_15, i32 %trunc_ln107_14, i32 %trunc_ln107_13, i32 %trunc_ln107_12, i32 %trunc_ln107_11, i32 %trunc_ln107_10, i32 %trunc_ln107_9, i32 %trunc_ln107_8, i32 %trunc_ln107_7, i32 %trunc_ln107_6, i32 %trunc_ln107_5, i32 %trunc_ln107_4, i32 %trunc_ln107_3, i32 %trunc_ln107_2, i32 %trunc_ln107_1, i32 %trunc_ln107" [../MLP_baseline/mm.cpp:110]   --->   Operation 68 'bitconcatenate' 'p_0' <Predicate = true> <Delay = 0.00>
ST_2 : Operation 69 [1/1] ( I:3.60ns O:3.60ns )   --->   "%write_ln110 = write void @_ssdm_op_Write.ap_fifo.volatile.i512P0A, i512 %AB_stream, i512 %p_0" [../MLP_baseline/mm.cpp:110]   --->   Operation 69 'write' 'write_ln110' <Predicate = true> <Delay = 3.60> <CoreInst = "FIFO">   --->   Core 77 'FIFO' <Latency = 0> <II = 1> <Delay = 3.60> <Storage> <Opcode : 'read' 'write' 'nbread' 'nbwrite'> <Ports = 0> <Width = 512> <Depth = 32> <FIFO>
ST_2 : Operation 70 [1/1] (0.00ns)   --->   "%br_ln100 = br void %i_output_loop" [../MLP_baseline/mm.cpp:100]   --->   Operation 70 'br' 'br_ln100' <Predicate = true> <Delay = 0.00>


============================================================
+ Verbose Summary: Binding
============================================================
STG Binding: 
---------------- STG Properties BEGIN ----------------
- Is combinational: 0
- Is one-state seq: 0
- Is datapath-only: 0
- Is pipelined: 0
- Is top level: 0
Port [ Return ] is wired: 1; IO mode=ap_ctrl_hs:ce=0
Port [ AB_block_16_reload]:  wired=1; compound=0; hidden=0; nouse=0; global=0; static=0; extern=0; dir=0; type=0; pingpong=0; private_global=0; IO mode=ap_none:ce=0
Port [ AB_block_17_reload]:  wired=1; compound=0; hidden=0; nouse=0; global=0; static=0; extern=0; dir=0; type=0; pingpong=0; private_global=0; IO mode=ap_none:ce=0
Port [ AB_block_18_reload]:  wired=1; compound=0; hidden=0; nouse=0; global=0; static=0; extern=0; dir=0; type=0; pingpong=0; private_global=0; IO mode=ap_none:ce=0
Port [ AB_block_19_reload]:  wired=1; compound=0; hidden=0; nouse=0; global=0; static=0; extern=0; dir=0; type=0; pingpong=0; private_global=0; IO mode=ap_none:ce=0
Port [ AB_block_20_reload]:  wired=1; compound=0; hidden=0; nouse=0; global=0; static=0; extern=0; dir=0; type=0; pingpong=0; private_global=0; IO mode=ap_none:ce=0
Port [ AB_block_21_reload]:  wired=1; compound=0; hidden=0; nouse=0; global=0; static=0; extern=0; dir=0; type=0; pingpong=0; private_global=0; IO mode=ap_none:ce=0
Port [ AB_block_22_reload]:  wired=1; compound=0; hidden=0; nouse=0; global=0; static=0; extern=0; dir=0; type=0; pingpong=0; private_global=0; IO mode=ap_none:ce=0
Port [ AB_block_23_reload]:  wired=1; compound=0; hidden=0; nouse=0; global=0; static=0; extern=0; dir=0; type=0; pingpong=0; private_global=0; IO mode=ap_none:ce=0
Port [ AB_block_24_reload]:  wired=1; compound=0; hidden=0; nouse=0; global=0; static=0; extern=0; dir=0; type=0; pingpong=0; private_global=0; IO mode=ap_none:ce=0
Port [ AB_block_25_reload]:  wired=1; compound=0; hidden=0; nouse=0; global=0; static=0; extern=0; dir=0; type=0; pingpong=0; private_global=0; IO mode=ap_none:ce=0
Port [ AB_block_26_reload]:  wired=1; compound=0; hidden=0; nouse=0; global=0; static=0; extern=0; dir=0; type=0; pingpong=0; private_global=0; IO mode=ap_none:ce=0
Port [ AB_block_27_reload]:  wired=1; compound=0; hidden=0; nouse=0; global=0; static=0; extern=0; dir=0; type=0; pingpong=0; private_global=0; IO mode=ap_none:ce=0
Port [ AB_block_28_reload]:  wired=1; compound=0; hidden=0; nouse=0; global=0; static=0; extern=0; dir=0; type=0; pingpong=0; private_global=0; IO mode=ap_none:ce=0
Port [ AB_block_29_reload]:  wired=1; compound=0; hidden=0; nouse=0; global=0; static=0; extern=0; dir=0; type=0; pingpong=0; private_global=0; IO mode=ap_none:ce=0
Port [ AB_block_30_reload]:  wired=1; compound=0; hidden=0; nouse=0; global=0; static=0; extern=0; dir=0; type=0; pingpong=0; private_global=0; IO mode=ap_none:ce=0
Port [ AB_block_31_reload]:  wired=1; compound=0; hidden=0; nouse=0; global=0; static=0; extern=0; dir=0; type=0; pingpong=0; private_global=0; IO mode=ap_none:ce=0
Port [ AB_stream]:  wired=1; compound=1; hidden=0; nouse=0; global=0; static=0; extern=0; dir=1; type=3; pingpong=0; private_global=0; IO mode=ap_fifo:ce=0
---------------- STG Properties END ------------------

---------------- Datapath Model BEGIN ----------------

<LifeTime>
<method=bitvector/>
j                       (alloca           ) [ 010]
specinterface_ln0       (specinterface    ) [ 000]
AB_block_31_reload_read (read             ) [ 000]
AB_block_30_reload_read (read             ) [ 000]
AB_block_29_reload_read (read             ) [ 000]
AB_block_28_reload_read (read             ) [ 000]
AB_block_27_reload_read (read             ) [ 000]
AB_block_26_reload_read (read             ) [ 000]
AB_block_25_reload_read (read             ) [ 000]
AB_block_24_reload_read (read             ) [ 000]
AB_block_23_reload_read (read             ) [ 000]
AB_block_22_reload_read (read             ) [ 000]
AB_block_21_reload_read (read             ) [ 000]
AB_block_20_reload_read (read             ) [ 000]
AB_block_19_reload_read (read             ) [ 000]
AB_block_18_reload_read (read             ) [ 000]
AB_block_17_reload_read (read             ) [ 000]
AB_block_16_reload_read (read             ) [ 000]
store_ln55              (store            ) [ 000]
br_ln0                  (br               ) [ 000]
j_2                     (load             ) [ 000]
icmp_ln100              (icmp             ) [ 010]
add_ln100               (add              ) [ 000]
br_ln100                (br               ) [ 000]
trunc_ln56              (trunc            ) [ 000]
shl_ln1                 (bitconcatenate   ) [ 000]
zext_ln107              (zext             ) [ 000]
lshr_ln107              (lshr             ) [ 000]
trunc_ln107             (trunc            ) [ 011]
lshr_ln107_1            (lshr             ) [ 000]
trunc_ln107_1           (trunc            ) [ 011]
lshr_ln107_2            (lshr             ) [ 000]
trunc_ln107_2           (trunc            ) [ 011]
lshr_ln107_3            (lshr             ) [ 000]
trunc_ln107_3           (trunc            ) [ 011]
lshr_ln107_4            (lshr             ) [ 000]
trunc_ln107_4           (trunc            ) [ 011]
lshr_ln107_5            (lshr             ) [ 000]
trunc_ln107_5           (trunc            ) [ 011]
lshr_ln107_6            (lshr             ) [ 000]
trunc_ln107_6           (trunc            ) [ 011]
lshr_ln107_7            (lshr             ) [ 000]
trunc_ln107_7           (trunc            ) [ 011]
lshr_ln107_8            (lshr             ) [ 000]
trunc_ln107_8           (trunc            ) [ 011]
lshr_ln107_9            (lshr             ) [ 000]
trunc_ln107_9           (trunc            ) [ 011]
lshr_ln107_10           (lshr             ) [ 000]
trunc_ln107_10          (trunc            ) [ 011]
lshr_ln107_11           (lshr             ) [ 000]
trunc_ln107_11          (trunc            ) [ 011]
lshr_ln107_12           (lshr             ) [ 000]
trunc_ln107_12          (trunc            ) [ 011]
lshr_ln107_13           (lshr             ) [ 000]
trunc_ln107_13          (trunc            ) [ 011]
lshr_ln107_14           (lshr             ) [ 000]
trunc_ln107_14          (trunc            ) [ 011]
lshr_ln107_15           (lshr             ) [ 000]
trunc_ln107_15          (trunc            ) [ 011]
store_ln55              (store            ) [ 000]
specpipeline_ln101      (specpipeline     ) [ 000]
speclooptripcount_ln100 (speclooptripcount) [ 000]
specloopname_ln100      (specloopname     ) [ 000]
p_0                     (bitconcatenate   ) [ 000]
write_ln110             (write            ) [ 000]
br_ln100                (br               ) [ 000]
ret_ln0                 (ret              ) [ 000]
</LifeTime>

<model>

<comp_list>
<comp id="0" class="1000" name="AB_block_16_reload">
<pin_list>
<pin id="1" dir="1" index="0" bw="1" slack="0"/>
</pin_list>
<bind>
<StgValue><ssdm name="AB_block_16_reload"/></StgValue>
</bind>
</comp>

<comp id="2" class="1000" name="AB_block_17_reload">
<pin_list>
<pin id="3" dir="1" index="0" bw="1" slack="0"/>
</pin_list>
<bind>
<StgValue><ssdm name="AB_block_17_reload"/></StgValue>
</bind>
</comp>

<comp id="4" class="1000" name="AB_block_18_reload">
<pin_list>
<pin id="5" dir="1" index="0" bw="1" slack="0"/>
</pin_list>
<bind>
<StgValue><ssdm name="AB_block_18_reload"/></StgValue>
</bind>
</comp>

<comp id="6" class="1000" name="AB_block_19_reload">
<pin_list>
<pin id="7" dir="1" index="0" bw="1" slack="0"/>
</pin_list>
<bind>
<StgValue><ssdm name="AB_block_19_reload"/></StgValue>
</bind>
</comp>

<comp id="8" class="1000" name="AB_block_20_reload">
<pin_list>
<pin id="9" dir="1" index="0" bw="1" slack="0"/>
</pin_list>
<bind>
<StgValue><ssdm name="AB_block_20_reload"/></StgValue>
</bind>
</comp>

<comp id="10" class="1000" name="AB_block_21_reload">
<pin_list>
<pin id="11" dir="1" index="0" bw="1" slack="0"/>
</pin_list>
<bind>
<StgValue><ssdm name="AB_block_21_reload"/></StgValue>
</bind>
</comp>

<comp id="12" class="1000" name="AB_block_22_reload">
<pin_list>
<pin id="13" dir="1" index="0" bw="1" slack="0"/>
</pin_list>
<bind>
<StgValue><ssdm name="AB_block_22_reload"/></StgValue>
</bind>
</comp>

<comp id="14" class="1000" name="AB_block_23_reload">
<pin_list>
<pin id="15" dir="1" index="0" bw="1" slack="0"/>
</pin_list>
<bind>
<StgValue><ssdm name="AB_block_23_reload"/></StgValue>
</bind>
</comp>

<comp id="16" class="1000" name="AB_block_24_reload">
<pin_list>
<pin id="17" dir="1" index="0" bw="1" slack="0"/>
</pin_list>
<bind>
<StgValue><ssdm name="AB_block_24_reload"/></StgValue>
</bind>
</comp>

<comp id="18" class="1000" name="AB_block_25_reload">
<pin_list>
<pin id="19" dir="1" index="0" bw="1" slack="0"/>
</pin_list>
<bind>
<StgValue><ssdm name="AB_block_25_reload"/></StgValue>
</bind>
</comp>

<comp id="20" class="1000" name="AB_block_26_reload">
<pin_list>
<pin id="21" dir="1" index="0" bw="1" slack="0"/>
</pin_list>
<bind>
<StgValue><ssdm name="AB_block_26_reload"/></StgValue>
</bind>
</comp>

<comp id="22" class="1000" name="AB_block_27_reload">
<pin_list>
<pin id="23" dir="1" index="0" bw="1" slack="0"/>
</pin_list>
<bind>
<StgValue><ssdm name="AB_block_27_reload"/></StgValue>
</bind>
</comp>

<comp id="24" class="1000" name="AB_block_28_reload">
<pin_list>
<pin id="25" dir="1" index="0" bw="1" slack="0"/>
</pin_list>
<bind>
<StgValue><ssdm name="AB_block_28_reload"/></StgValue>
</bind>
</comp>

<comp id="26" class="1000" name="AB_block_29_reload">
<pin_list>
<pin id="27" dir="1" index="0" bw="1" slack="0"/>
</pin_list>
<bind>
<StgValue><ssdm name="AB_block_29_reload"/></StgValue>
</bind>
</comp>

<comp id="28" class="1000" name="AB_block_30_reload">
<pin_list>
<pin id="29" dir="1" index="0" bw="1" slack="0"/>
</pin_list>
<bind>
<StgValue><ssdm name="AB_block_30_reload"/></StgValue>
</bind>
</comp>

<comp id="30" class="1000" name="AB_block_31_reload">
<pin_list>
<pin id="31" dir="1" index="0" bw="1" slack="0"/>
</pin_list>
<bind>
<StgValue><ssdm name="AB_block_31_reload"/></StgValue>
</bind>
</comp>

<comp id="32" class="1000" name="AB_stream">
<pin_list>
<pin id="33" dir="1" index="0" bw="1" slack="0"/>
</pin_list>
<bind>
<StgValue><ssdm name="AB_stream"/></StgValue>
</bind>
</comp>

<comp id="34" class="1001" name="const_34">
<pin_list>
<pin id="35" dir="1" index="0" bw="1" slack="0"/>
</pin_list>
<bind>
<StgValue><ssdm name=""/></StgValue>
</bind>
</comp>

<comp id="36" class="1001" name="const_36">
<pin_list>
<pin id="37" dir="1" index="0" bw="1" slack="2147483647"/>
</pin_list>
<bind>
<StgValue><ssdm name="_ssdm_op_SpecInterface"/></StgValue>
</bind>
</comp>

<comp id="38" class="1001" name="const_38">
<pin_list>
<pin id="39" dir="1" index="0" bw="1" slack="2147483647"/>
</pin_list>
<bind>
<StgValue><ssdm name="empty_9"/></StgValue>
</bind>
</comp>

<comp id="40" class="1001" name="const_40">
<pin_list>
<pin id="41" dir="1" index="0" bw="1" slack="2147483647"/>
</pin_list>
<bind>
<StgValue><ssdm name=""/></StgValue>
</bind>
</comp>

<comp id="42" class="1001" name="const_42">
<pin_list>
<pin id="43" dir="1" index="0" bw="1" slack="2147483647"/>
</pin_list>
<bind>
<StgValue><ssdm name="empty"/></StgValue>
</bind>
</comp>

<comp id="44" class="1001" name="const_44">
<pin_list>
<pin id="45" dir="1" index="0" bw="1" slack="2147483647"/>
</pin_list>
<bind>
<StgValue><ssdm name=""/></StgValue>
</bind>
</comp>

<comp id="46" class="1001" name="const_46">
<pin_list>
<pin id="47" dir="1" index="0" bw="1" slack="0"/>
</pin_list>
<bind>
<StgValue><ssdm name="_ssdm_op_Read.ap_auto.i512"/></StgValue>
</bind>
</comp>

<comp id="48" class="1001" name="const_48">
<pin_list>
<pin id="49" dir="1" index="0" bw="1" slack="0"/>
</pin_list>
<bind>
<StgValue><ssdm name=""/></StgValue>
</bind>
</comp>

<comp id="50" class="1001" name="const_50">
<pin_list>
<pin id="51" dir="1" index="0" bw="1" slack="0"/>
</pin_list>
<bind>
<StgValue><ssdm name=""/></StgValue>
</bind>
</comp>

<comp id="52" class="1001" name="const_52">
<pin_list>
<pin id="53" dir="1" index="0" bw="1" slack="0"/>
</pin_list>
<bind>
<StgValue><ssdm name=""/></StgValue>
</bind>
</comp>

<comp id="54" class="1001" name="const_54">
<pin_list>
<pin id="55" dir="1" index="0" bw="1" slack="0"/>
</pin_list>
<bind>
<StgValue><ssdm name="_ssdm_op_BitConcatenate.i9.i4.i5"/></StgValue>
</bind>
</comp>

<comp id="56" class="1001" name="const_56">
<pin_list>
<pin id="57" dir="1" index="0" bw="1" slack="2147483647"/>
</pin_list>
<bind>
<StgValue><ssdm name="_ssdm_op_SpecPipeline"/></StgValue>
</bind>
</comp>

<comp id="58" class="1001" name="const_58">
<pin_list>
<pin id="59" dir="1" index="0" bw="1" slack="2147483647"/>
</pin_list>
<bind>
<StgValue><ssdm name="_ssdm_op_SpecLoopTripCount"/></StgValue>
</bind>
</comp>

<comp id="60" class="1001" name="const_60">
<pin_list>
<pin id="61" dir="1" index="0" bw="1" slack="2147483647"/>
</pin_list>
<bind>
<StgValue><ssdm name=""/></StgValue>
</bind>
</comp>

<comp id="62" class="1001" name="const_62">
<pin_list>
<pin id="63" dir="1" index="0" bw="1" slack="2147483647"/>
</pin_list>
<bind>
<StgValue><ssdm name="_ssdm_op_SpecLoopName"/></StgValue>
</bind>
</comp>

<comp id="64" class="1001" name="const_64">
<pin_list>
<pin id="65" dir="1" index="0" bw="1" slack="2147483647"/>
</pin_list>
<bind>
<StgValue><ssdm name="empty_20"/></StgValue>
</bind>
</comp>

<comp id="66" class="1001" name="const_66">
<pin_list>
<pin id="67" dir="1" index="0" bw="1" slack="0"/>
</pin_list>
<bind>
<StgValue><ssdm name="_ssdm_op_BitConcatenate.i512.i32.i32.i32.i32.i32.i32.i32.i32.i32.i32.i32.i32.i32.i32.i32.i32"/></StgValue>
</bind>
</comp>

<comp id="68" class="1001" name="const_68">
<pin_list>
<pin id="69" dir="1" index="0" bw="1" slack="0"/>
</pin_list>
<bind>
<StgValue><ssdm name="_ssdm_op_Write.ap_fifo.volatile.i512P0A"/></StgValue>
</bind>
</comp>

<comp id="70" class="1004" name="j_fu_70">
<pin_list>
<pin id="71" dir="0" index="0" bw="1" slack="0"/>
<pin id="72" dir="1" index="1" bw="5" slack="0"/>
</pin_list>
<bind>
<opcode="alloca(26) " fcode="alloca"/>
<opset="j/1 "/>
</bind>
</comp>

<comp id="74" class="1004" name="AB_block_31_reload_read_read_fu_74">
<pin_list>
<pin id="75" dir="0" index="0" bw="512" slack="0"/>
<pin id="76" dir="0" index="1" bw="512" slack="0"/>
<pin id="77" dir="1" index="2" bw="512" slack="0"/>
</pin_list>
<bind>
<opcode="read(1150) " fcode="read"/>
<opset="AB_block_31_reload_read/1 "/>
</bind>
</comp>

<comp id="80" class="1004" name="AB_block_30_reload_read_read_fu_80">
<pin_list>
<pin id="81" dir="0" index="0" bw="512" slack="0"/>
<pin id="82" dir="0" index="1" bw="512" slack="0"/>
<pin id="83" dir="1" index="2" bw="512" slack="0"/>
</pin_list>
<bind>
<opcode="read(1150) " fcode="read"/>
<opset="AB_block_30_reload_read/1 "/>
</bind>
</comp>

<comp id="86" class="1004" name="AB_block_29_reload_read_read_fu_86">
<pin_list>
<pin id="87" dir="0" index="0" bw="512" slack="0"/>
<pin id="88" dir="0" index="1" bw="512" slack="0"/>
<pin id="89" dir="1" index="2" bw="512" slack="0"/>
</pin_list>
<bind>
<opcode="read(1150) " fcode="read"/>
<opset="AB_block_29_reload_read/1 "/>
</bind>
</comp>

<comp id="92" class="1004" name="AB_block_28_reload_read_read_fu_92">
<pin_list>
<pin id="93" dir="0" index="0" bw="512" slack="0"/>
<pin id="94" dir="0" index="1" bw="512" slack="0"/>
<pin id="95" dir="1" index="2" bw="512" slack="0"/>
</pin_list>
<bind>
<opcode="read(1150) " fcode="read"/>
<opset="AB_block_28_reload_read/1 "/>
</bind>
</comp>

<comp id="98" class="1004" name="AB_block_27_reload_read_read_fu_98">
<pin_list>
<pin id="99" dir="0" index="0" bw="512" slack="0"/>
<pin id="100" dir="0" index="1" bw="512" slack="0"/>
<pin id="101" dir="1" index="2" bw="512" slack="0"/>
</pin_list>
<bind>
<opcode="read(1150) " fcode="read"/>
<opset="AB_block_27_reload_read/1 "/>
</bind>
</comp>

<comp id="104" class="1004" name="AB_block_26_reload_read_read_fu_104">
<pin_list>
<pin id="105" dir="0" index="0" bw="512" slack="0"/>
<pin id="106" dir="0" index="1" bw="512" slack="0"/>
<pin id="107" dir="1" index="2" bw="512" slack="0"/>
</pin_list>
<bind>
<opcode="read(1150) " fcode="read"/>
<opset="AB_block_26_reload_read/1 "/>
</bind>
</comp>

<comp id="110" class="1004" name="AB_block_25_reload_read_read_fu_110">
<pin_list>
<pin id="111" dir="0" index="0" bw="512" slack="0"/>
<pin id="112" dir="0" index="1" bw="512" slack="0"/>
<pin id="113" dir="1" index="2" bw="512" slack="0"/>
</pin_list>
<bind>
<opcode="read(1150) " fcode="read"/>
<opset="AB_block_25_reload_read/1 "/>
</bind>
</comp>

<comp id="116" class="1004" name="AB_block_24_reload_read_read_fu_116">
<pin_list>
<pin id="117" dir="0" index="0" bw="512" slack="0"/>
<pin id="118" dir="0" index="1" bw="512" slack="0"/>
<pin id="119" dir="1" index="2" bw="512" slack="0"/>
</pin_list>
<bind>
<opcode="read(1150) " fcode="read"/>
<opset="AB_block_24_reload_read/1 "/>
</bind>
</comp>

<comp id="122" class="1004" name="AB_block_23_reload_read_read_fu_122">
<pin_list>
<pin id="123" dir="0" index="0" bw="512" slack="0"/>
<pin id="124" dir="0" index="1" bw="512" slack="0"/>
<pin id="125" dir="1" index="2" bw="512" slack="0"/>
</pin_list>
<bind>
<opcode="read(1150) " fcode="read"/>
<opset="AB_block_23_reload_read/1 "/>
</bind>
</comp>

<comp id="128" class="1004" name="AB_block_22_reload_read_read_fu_128">
<pin_list>
<pin id="129" dir="0" index="0" bw="512" slack="0"/>
<pin id="130" dir="0" index="1" bw="512" slack="0"/>
<pin id="131" dir="1" index="2" bw="512" slack="0"/>
</pin_list>
<bind>
<opcode="read(1150) " fcode="read"/>
<opset="AB_block_22_reload_read/1 "/>
</bind>
</comp>

<comp id="134" class="1004" name="AB_block_21_reload_read_read_fu_134">
<pin_list>
<pin id="135" dir="0" index="0" bw="512" slack="0"/>
<pin id="136" dir="0" index="1" bw="512" slack="0"/>
<pin id="137" dir="1" index="2" bw="512" slack="0"/>
</pin_list>
<bind>
<opcode="read(1150) " fcode="read"/>
<opset="AB_block_21_reload_read/1 "/>
</bind>
</comp>

<comp id="140" class="1004" name="AB_block_20_reload_read_read_fu_140">
<pin_list>
<pin id="141" dir="0" index="0" bw="512" slack="0"/>
<pin id="142" dir="0" index="1" bw="512" slack="0"/>
<pin id="143" dir="1" index="2" bw="512" slack="0"/>
</pin_list>
<bind>
<opcode="read(1150) " fcode="read"/>
<opset="AB_block_20_reload_read/1 "/>
</bind>
</comp>

<comp id="146" class="1004" name="AB_block_19_reload_read_read_fu_146">
<pin_list>
<pin id="147" dir="0" index="0" bw="512" slack="0"/>
<pin id="148" dir="0" index="1" bw="512" slack="0"/>
<pin id="149" dir="1" index="2" bw="512" slack="0"/>
</pin_list>
<bind>
<opcode="read(1150) " fcode="read"/>
<opset="AB_block_19_reload_read/1 "/>
</bind>
</comp>

<comp id="152" class="1004" name="AB_block_18_reload_read_read_fu_152">
<pin_list>
<pin id="153" dir="0" index="0" bw="512" slack="0"/>
<pin id="154" dir="0" index="1" bw="512" slack="0"/>
<pin id="155" dir="1" index="2" bw="512" slack="0"/>
</pin_list>
<bind>
<opcode="read(1150) " fcode="read"/>
<opset="AB_block_18_reload_read/1 "/>
</bind>
</comp>

<comp id="158" class="1004" name="AB_block_17_reload_read_read_fu_158">
<pin_list>
<pin id="159" dir="0" index="0" bw="512" slack="0"/>
<pin id="160" dir="0" index="1" bw="512" slack="0"/>
<pin id="161" dir="1" index="2" bw="512" slack="0"/>
</pin_list>
<bind>
<opcode="read(1150) " fcode="read"/>
<opset="AB_block_17_reload_read/1 "/>
</bind>
</comp>

<comp id="164" class="1004" name="AB_block_16_reload_read_read_fu_164">
<pin_list>
<pin id="165" dir="0" index="0" bw="512" slack="0"/>
<pin id="166" dir="0" index="1" bw="512" slack="0"/>
<pin id="167" dir="1" index="2" bw="512" slack="0"/>
</pin_list>
<bind>
<opcode="read(1150) " fcode="read"/>
<opset="AB_block_16_reload_read/1 "/>
</bind>
</comp>

<comp id="170" class="1004" name="write_ln110_write_fu_170">
<pin_list>
<pin id="171" dir="0" index="0" bw="0" slack="0"/>
<pin id="172" dir="0" index="1" bw="512" slack="0"/>
<pin id="173" dir="0" index="2" bw="512" slack="0"/>
<pin id="174" dir="1" index="3" bw="0" slack="2147483647"/>
</pin_list>
<bind>
<opcode="write(1151) " fcode="write"/>
<opset="write_ln110/2 "/>
</bind>
</comp>

<comp id="177" class="1004" name="store_ln55_store_fu_177">
<pin_list>
<pin id="178" dir="0" index="0" bw="1" slack="0"/>
<pin id="179" dir="0" index="1" bw="5" slack="0"/>
<pin id="180" dir="1" index="2" bw="0" slack="2147483647"/>
</pin_list>
<bind>
<opcode="store(28) " fcode="store"/>
<opset="store_ln55/1 "/>
</bind>
</comp>

<comp id="182" class="1004" name="j_2_load_fu_182">
<pin_list>
<pin id="183" dir="0" index="0" bw="5" slack="0"/>
<pin id="184" dir="1" index="1" bw="5" slack="0"/>
</pin_list>
<bind>
<opcode="load(27) " fcode="load"/>
<opset="j_2/1 "/>
</bind>
</comp>

<comp id="185" class="1004" name="icmp_ln100_fu_185">
<pin_list>
<pin id="186" dir="0" index="0" bw="5" slack="0"/>
<pin id="187" dir="0" index="1" bw="5" slack="0"/>
<pin id="188" dir="1" index="2" bw="1" slack="2147483647"/>
</pin_list>
<bind>
<opcode="icmp(45) " fcode="icmp"/>
<opset="icmp_ln100/1 "/>
</bind>
</comp>

<comp id="191" class="1004" name="add_ln100_fu_191">
<pin_list>
<pin id="192" dir="0" index="0" bw="5" slack="0"/>
<pin id="193" dir="0" index="1" bw="1" slack="0"/>
<pin id="194" dir="1" index="2" bw="5" slack="0"/>
</pin_list>
<bind>
<opcode="add(8) " fcode="add"/>
<opset="add_ln100/1 "/>
</bind>
</comp>

<comp id="197" class="1004" name="trunc_ln56_fu_197">
<pin_list>
<pin id="198" dir="0" index="0" bw="5" slack="0"/>
<pin id="199" dir="1" index="1" bw="4" slack="0"/>
</pin_list>
<bind>
<opcode="trunc(33) " fcode="trunc"/>
<opset="trunc_ln56/1 "/>
</bind>
</comp>

<comp id="201" class="1004" name="shl_ln1_fu_201">
<pin_list>
<pin id="202" dir="0" index="0" bw="9" slack="0"/>
<pin id="203" dir="0" index="1" bw="4" slack="0"/>
<pin id="204" dir="0" index="2" bw="1" slack="0"/>
<pin id="205" dir="1" index="3" bw="9" slack="0"/>
</pin_list>
<bind>
<opcode="bitconcatenate(1004) " fcode="bitconcatenate"/>
<opset="shl_ln1/1 "/>
</bind>
</comp>

<comp id="209" class="1004" name="zext_ln107_fu_209">
<pin_list>
<pin id="210" dir="0" index="0" bw="9" slack="0"/>
<pin id="211" dir="1" index="1" bw="512" slack="0"/>
</pin_list>
<bind>
<opcode="zext(34) " fcode="zext"/>
<opset="zext_ln107/1 "/>
</bind>
</comp>

<comp id="213" class="1004" name="lshr_ln107_fu_213">
<pin_list>
<pin id="214" dir="0" index="0" bw="512" slack="0"/>
<pin id="215" dir="0" index="1" bw="9" slack="0"/>
<pin id="216" dir="1" index="2" bw="512" slack="0"/>
</pin_list>
<bind>
<opcode="lshr(21) " fcode="lshr"/>
<opset="lshr_ln107/1 "/>
</bind>
</comp>

<comp id="219" class="1004" name="trunc_ln107_fu_219">
<pin_list>
<pin id="220" dir="0" index="0" bw="512" slack="0"/>
<pin id="221" dir="1" index="1" bw="32" slack="1"/>
</pin_list>
<bind>
<opcode="trunc(33) " fcode="trunc"/>
<opset="trunc_ln107/1 "/>
</bind>
</comp>

<comp id="223" class="1004" name="lshr_ln107_1_fu_223">
<pin_list>
<pin id="224" dir="0" index="0" bw="512" slack="0"/>
<pin id="225" dir="0" index="1" bw="9" slack="0"/>
<pin id="226" dir="1" index="2" bw="512" slack="0"/>
</pin_list>
<bind>
<opcode="lshr(21) " fcode="lshr"/>
<opset="lshr_ln107_1/1 "/>
</bind>
</comp>

<comp id="229" class="1004" name="trunc_ln107_1_fu_229">
<pin_list>
<pin id="230" dir="0" index="0" bw="512" slack="0"/>
<pin id="231" dir="1" index="1" bw="32" slack="1"/>
</pin_list>
<bind>
<opcode="trunc(33) " fcode="trunc"/>
<opset="trunc_ln107_1/1 "/>
</bind>
</comp>

<comp id="233" class="1004" name="lshr_ln107_2_fu_233">
<pin_list>
<pin id="234" dir="0" index="0" bw="512" slack="0"/>
<pin id="235" dir="0" index="1" bw="9" slack="0"/>
<pin id="236" dir="1" index="2" bw="512" slack="0"/>
</pin_list>
<bind>
<opcode="lshr(21) " fcode="lshr"/>
<opset="lshr_ln107_2/1 "/>
</bind>
</comp>

<comp id="239" class="1004" name="trunc_ln107_2_fu_239">
<pin_list>
<pin id="240" dir="0" index="0" bw="512" slack="0"/>
<pin id="241" dir="1" index="1" bw="32" slack="1"/>
</pin_list>
<bind>
<opcode="trunc(33) " fcode="trunc"/>
<opset="trunc_ln107_2/1 "/>
</bind>
</comp>

<comp id="243" class="1004" name="lshr_ln107_3_fu_243">
<pin_list>
<pin id="244" dir="0" index="0" bw="512" slack="0"/>
<pin id="245" dir="0" index="1" bw="9" slack="0"/>
<pin id="246" dir="1" index="2" bw="512" slack="0"/>
</pin_list>
<bind>
<opcode="lshr(21) " fcode="lshr"/>
<opset="lshr_ln107_3/1 "/>
</bind>
</comp>

<comp id="249" class="1004" name="trunc_ln107_3_fu_249">
<pin_list>
<pin id="250" dir="0" index="0" bw="512" slack="0"/>
<pin id="251" dir="1" index="1" bw="32" slack="1"/>
</pin_list>
<bind>
<opcode="trunc(33) " fcode="trunc"/>
<opset="trunc_ln107_3/1 "/>
</bind>
</comp>

<comp id="253" class="1004" name="lshr_ln107_4_fu_253">
<pin_list>
<pin id="254" dir="0" index="0" bw="512" slack="0"/>
<pin id="255" dir="0" index="1" bw="9" slack="0"/>
<pin id="256" dir="1" index="2" bw="512" slack="0"/>
</pin_list>
<bind>
<opcode="lshr(21) " fcode="lshr"/>
<opset="lshr_ln107_4/1 "/>
</bind>
</comp>

<comp id="259" class="1004" name="trunc_ln107_4_fu_259">
<pin_list>
<pin id="260" dir="0" index="0" bw="512" slack="0"/>
<pin id="261" dir="1" index="1" bw="32" slack="1"/>
</pin_list>
<bind>
<opcode="trunc(33) " fcode="trunc"/>
<opset="trunc_ln107_4/1 "/>
</bind>
</comp>

<comp id="263" class="1004" name="lshr_ln107_5_fu_263">
<pin_list>
<pin id="264" dir="0" index="0" bw="512" slack="0"/>
<pin id="265" dir="0" index="1" bw="9" slack="0"/>
<pin id="266" dir="1" index="2" bw="512" slack="0"/>
</pin_list>
<bind>
<opcode="lshr(21) " fcode="lshr"/>
<opset="lshr_ln107_5/1 "/>
</bind>
</comp>

<comp id="269" class="1004" name="trunc_ln107_5_fu_269">
<pin_list>
<pin id="270" dir="0" index="0" bw="512" slack="0"/>
<pin id="271" dir="1" index="1" bw="32" slack="1"/>
</pin_list>
<bind>
<opcode="trunc(33) " fcode="trunc"/>
<opset="trunc_ln107_5/1 "/>
</bind>
</comp>

<comp id="273" class="1004" name="lshr_ln107_6_fu_273">
<pin_list>
<pin id="274" dir="0" index="0" bw="512" slack="0"/>
<pin id="275" dir="0" index="1" bw="9" slack="0"/>
<pin id="276" dir="1" index="2" bw="512" slack="0"/>
</pin_list>
<bind>
<opcode="lshr(21) " fcode="lshr"/>
<opset="lshr_ln107_6/1 "/>
</bind>
</comp>

<comp id="279" class="1004" name="trunc_ln107_6_fu_279">
<pin_list>
<pin id="280" dir="0" index="0" bw="512" slack="0"/>
<pin id="281" dir="1" index="1" bw="32" slack="1"/>
</pin_list>
<bind>
<opcode="trunc(33) " fcode="trunc"/>
<opset="trunc_ln107_6/1 "/>
</bind>
</comp>

<comp id="283" class="1004" name="lshr_ln107_7_fu_283">
<pin_list>
<pin id="284" dir="0" index="0" bw="512" slack="0"/>
<pin id="285" dir="0" index="1" bw="9" slack="0"/>
<pin id="286" dir="1" index="2" bw="512" slack="0"/>
</pin_list>
<bind>
<opcode="lshr(21) " fcode="lshr"/>
<opset="lshr_ln107_7/1 "/>
</bind>
</comp>

<comp id="289" class="1004" name="trunc_ln107_7_fu_289">
<pin_list>
<pin id="290" dir="0" index="0" bw="512" slack="0"/>
<pin id="291" dir="1" index="1" bw="32" slack="1"/>
</pin_list>
<bind>
<opcode="trunc(33) " fcode="trunc"/>
<opset="trunc_ln107_7/1 "/>
</bind>
</comp>

<comp id="293" class="1004" name="lshr_ln107_8_fu_293">
<pin_list>
<pin id="294" dir="0" index="0" bw="512" slack="0"/>
<pin id="295" dir="0" index="1" bw="9" slack="0"/>
<pin id="296" dir="1" index="2" bw="512" slack="0"/>
</pin_list>
<bind>
<opcode="lshr(21) " fcode="lshr"/>
<opset="lshr_ln107_8/1 "/>
</bind>
</comp>

<comp id="299" class="1004" name="trunc_ln107_8_fu_299">
<pin_list>
<pin id="300" dir="0" index="0" bw="512" slack="0"/>
<pin id="301" dir="1" index="1" bw="32" slack="1"/>
</pin_list>
<bind>
<opcode="trunc(33) " fcode="trunc"/>
<opset="trunc_ln107_8/1 "/>
</bind>
</comp>

<comp id="303" class="1004" name="lshr_ln107_9_fu_303">
<pin_list>
<pin id="304" dir="0" index="0" bw="512" slack="0"/>
<pin id="305" dir="0" index="1" bw="9" slack="0"/>
<pin id="306" dir="1" index="2" bw="512" slack="0"/>
</pin_list>
<bind>
<opcode="lshr(21) " fcode="lshr"/>
<opset="lshr_ln107_9/1 "/>
</bind>
</comp>

<comp id="309" class="1004" name="trunc_ln107_9_fu_309">
<pin_list>
<pin id="310" dir="0" index="0" bw="512" slack="0"/>
<pin id="311" dir="1" index="1" bw="32" slack="1"/>
</pin_list>
<bind>
<opcode="trunc(33) " fcode="trunc"/>
<opset="trunc_ln107_9/1 "/>
</bind>
</comp>

<comp id="313" class="1004" name="lshr_ln107_10_fu_313">
<pin_list>
<pin id="314" dir="0" index="0" bw="512" slack="0"/>
<pin id="315" dir="0" index="1" bw="9" slack="0"/>
<pin id="316" dir="1" index="2" bw="512" slack="0"/>
</pin_list>
<bind>
<opcode="lshr(21) " fcode="lshr"/>
<opset="lshr_ln107_10/1 "/>
</bind>
</comp>

<comp id="319" class="1004" name="trunc_ln107_10_fu_319">
<pin_list>
<pin id="320" dir="0" index="0" bw="512" slack="0"/>
<pin id="321" dir="1" index="1" bw="32" slack="1"/>
</pin_list>
<bind>
<opcode="trunc(33) " fcode="trunc"/>
<opset="trunc_ln107_10/1 "/>
</bind>
</comp>

<comp id="323" class="1004" name="lshr_ln107_11_fu_323">
<pin_list>
<pin id="324" dir="0" index="0" bw="512" slack="0"/>
<pin id="325" dir="0" index="1" bw="9" slack="0"/>
<pin id="326" dir="1" index="2" bw="512" slack="0"/>
</pin_list>
<bind>
<opcode="lshr(21) " fcode="lshr"/>
<opset="lshr_ln107_11/1 "/>
</bind>
</comp>

<comp id="329" class="1004" name="trunc_ln107_11_fu_329">
<pin_list>
<pin id="330" dir="0" index="0" bw="512" slack="0"/>
<pin id="331" dir="1" index="1" bw="32" slack="1"/>
</pin_list>
<bind>
<opcode="trunc(33) " fcode="trunc"/>
<opset="trunc_ln107_11/1 "/>
</bind>
</comp>

<comp id="333" class="1004" name="lshr_ln107_12_fu_333">
<pin_list>
<pin id="334" dir="0" index="0" bw="512" slack="0"/>
<pin id="335" dir="0" index="1" bw="9" slack="0"/>
<pin id="336" dir="1" index="2" bw="512" slack="0"/>
</pin_list>
<bind>
<opcode="lshr(21) " fcode="lshr"/>
<opset="lshr_ln107_12/1 "/>
</bind>
</comp>

<comp id="339" class="1004" name="trunc_ln107_12_fu_339">
<pin_list>
<pin id="340" dir="0" index="0" bw="512" slack="0"/>
<pin id="341" dir="1" index="1" bw="32" slack="1"/>
</pin_list>
<bind>
<opcode="trunc(33) " fcode="trunc"/>
<opset="trunc_ln107_12/1 "/>
</bind>
</comp>

<comp id="343" class="1004" name="lshr_ln107_13_fu_343">
<pin_list>
<pin id="344" dir="0" index="0" bw="512" slack="0"/>
<pin id="345" dir="0" index="1" bw="9" slack="0"/>
<pin id="346" dir="1" index="2" bw="512" slack="0"/>
</pin_list>
<bind>
<opcode="lshr(21) " fcode="lshr"/>
<opset="lshr_ln107_13/1 "/>
</bind>
</comp>

<comp id="349" class="1004" name="trunc_ln107_13_fu_349">
<pin_list>
<pin id="350" dir="0" index="0" bw="512" slack="0"/>
<pin id="351" dir="1" index="1" bw="32" slack="1"/>
</pin_list>
<bind>
<opcode="trunc(33) " fcode="trunc"/>
<opset="trunc_ln107_13/1 "/>
</bind>
</comp>

<comp id="353" class="1004" name="lshr_ln107_14_fu_353">
<pin_list>
<pin id="354" dir="0" index="0" bw="512" slack="0"/>
<pin id="355" dir="0" index="1" bw="9" slack="0"/>
<pin id="356" dir="1" index="2" bw="512" slack="0"/>
</pin_list>
<bind>
<opcode="lshr(21) " fcode="lshr"/>
<opset="lshr_ln107_14/1 "/>
</bind>
</comp>

<comp id="359" class="1004" name="trunc_ln107_14_fu_359">
<pin_list>
<pin id="360" dir="0" index="0" bw="512" slack="0"/>
<pin id="361" dir="1" index="1" bw="32" slack="1"/>
</pin_list>
<bind>
<opcode="trunc(33) " fcode="trunc"/>
<opset="trunc_ln107_14/1 "/>
</bind>
</comp>

<comp id="363" class="1004" name="lshr_ln107_15_fu_363">
<pin_list>
<pin id="364" dir="0" index="0" bw="512" slack="0"/>
<pin id="365" dir="0" index="1" bw="9" slack="0"/>
<pin id="366" dir="1" index="2" bw="512" slack="0"/>
</pin_list>
<bind>
<opcode="lshr(21) " fcode="lshr"/>
<opset="lshr_ln107_15/1 "/>
</bind>
</comp>

<comp id="369" class="1004" name="trunc_ln107_15_fu_369">
<pin_list>
<pin id="370" dir="0" index="0" bw="512" slack="0"/>
<pin id="371" dir="1" index="1" bw="32" slack="1"/>
</pin_list>
<bind>
<opcode="trunc(33) " fcode="trunc"/>
<opset="trunc_ln107_15/1 "/>
</bind>
</comp>

<comp id="373" class="1004" name="store_ln55_store_fu_373">
<pin_list>
<pin id="374" dir="0" index="0" bw="5" slack="0"/>
<pin id="375" dir="0" index="1" bw="5" slack="0"/>
<pin id="376" dir="1" index="2" bw="0" slack="2147483647"/>
</pin_list>
<bind>
<opcode="store(28) " fcode="store"/>
<opset="store_ln55/1 "/>
</bind>
</comp>

<comp id="378" class="1004" name="p_0_fu_378">
<pin_list>
<pin id="379" dir="0" index="0" bw="512" slack="0"/>
<pin id="380" dir="0" index="1" bw="32" slack="1"/>
<pin id="381" dir="0" index="2" bw="32" slack="1"/>
<pin id="382" dir="0" index="3" bw="32" slack="1"/>
<pin id="383" dir="0" index="4" bw="32" slack="1"/>
<pin id="384" dir="0" index="5" bw="32" slack="1"/>
<pin id="385" dir="0" index="6" bw="32" slack="1"/>
<pin id="386" dir="0" index="7" bw="32" slack="1"/>
<pin id="387" dir="0" index="8" bw="32" slack="1"/>
<pin id="388" dir="0" index="9" bw="32" slack="1"/>
<pin id="389" dir="0" index="10" bw="32" slack="1"/>
<pin id="390" dir="0" index="11" bw="32" slack="1"/>
<pin id="391" dir="0" index="12" bw="32" slack="1"/>
<pin id="392" dir="0" index="13" bw="32" slack="1"/>
<pin id="393" dir="0" index="14" bw="32" slack="1"/>
<pin id="394" dir="0" index="15" bw="32" slack="1"/>
<pin id="395" dir="0" index="16" bw="32" slack="1"/>
<pin id="396" dir="1" index="17" bw="512" slack="0"/>
</pin_list>
<bind>
<opcode="bitconcatenate(1004) " fcode="bitconcatenate"/>
<opset="p_0/2 "/>
</bind>
</comp>

<comp id="399" class="1005" name="j_reg_399">
<pin_list>
<pin id="400" dir="0" index="0" bw="5" slack="0"/>
<pin id="401" dir="1" index="1" bw="5" slack="0"/>
</pin_list>
<bind>
<opset="j "/>
</bind>
</comp>

<comp id="409" class="1005" name="trunc_ln107_reg_409">
<pin_list>
<pin id="410" dir="0" index="0" bw="32" slack="1"/>
<pin id="411" dir="1" index="1" bw="32" slack="1"/>
</pin_list>
<bind>
<opset="trunc_ln107 "/>
</bind>
</comp>

<comp id="414" class="1005" name="trunc_ln107_1_reg_414">
<pin_list>
<pin id="415" dir="0" index="0" bw="32" slack="1"/>
<pin id="416" dir="1" index="1" bw="32" slack="1"/>
</pin_list>
<bind>
<opset="trunc_ln107_1 "/>
</bind>
</comp>

<comp id="419" class="1005" name="trunc_ln107_2_reg_419">
<pin_list>
<pin id="420" dir="0" index="0" bw="32" slack="1"/>
<pin id="421" dir="1" index="1" bw="32" slack="1"/>
</pin_list>
<bind>
<opset="trunc_ln107_2 "/>
</bind>
</comp>

<comp id="424" class="1005" name="trunc_ln107_3_reg_424">
<pin_list>
<pin id="425" dir="0" index="0" bw="32" slack="1"/>
<pin id="426" dir="1" index="1" bw="32" slack="1"/>
</pin_list>
<bind>
<opset="trunc_ln107_3 "/>
</bind>
</comp>

<comp id="429" class="1005" name="trunc_ln107_4_reg_429">
<pin_list>
<pin id="430" dir="0" index="0" bw="32" slack="1"/>
<pin id="431" dir="1" index="1" bw="32" slack="1"/>
</pin_list>
<bind>
<opset="trunc_ln107_4 "/>
</bind>
</comp>

<comp id="434" class="1005" name="trunc_ln107_5_reg_434">
<pin_list>
<pin id="435" dir="0" index="0" bw="32" slack="1"/>
<pin id="436" dir="1" index="1" bw="32" slack="1"/>
</pin_list>
<bind>
<opset="trunc_ln107_5 "/>
</bind>
</comp>

<comp id="439" class="1005" name="trunc_ln107_6_reg_439">
<pin_list>
<pin id="440" dir="0" index="0" bw="32" slack="1"/>
<pin id="441" dir="1" index="1" bw="32" slack="1"/>
</pin_list>
<bind>
<opset="trunc_ln107_6 "/>
</bind>
</comp>

<comp id="444" class="1005" name="trunc_ln107_7_reg_444">
<pin_list>
<pin id="445" dir="0" index="0" bw="32" slack="1"/>
<pin id="446" dir="1" index="1" bw="32" slack="1"/>
</pin_list>
<bind>
<opset="trunc_ln107_7 "/>
</bind>
</comp>

<comp id="449" class="1005" name="trunc_ln107_8_reg_449">
<pin_list>
<pin id="450" dir="0" index="0" bw="32" slack="1"/>
<pin id="451" dir="1" index="1" bw="32" slack="1"/>
</pin_list>
<bind>
<opset="trunc_ln107_8 "/>
</bind>
</comp>

<comp id="454" class="1005" name="trunc_ln107_9_reg_454">
<pin_list>
<pin id="455" dir="0" index="0" bw="32" slack="1"/>
<pin id="456" dir="1" index="1" bw="32" slack="1"/>
</pin_list>
<bind>
<opset="trunc_ln107_9 "/>
</bind>
</comp>

<comp id="459" class="1005" name="trunc_ln107_10_reg_459">
<pin_list>
<pin id="460" dir="0" index="0" bw="32" slack="1"/>
<pin id="461" dir="1" index="1" bw="32" slack="1"/>
</pin_list>
<bind>
<opset="trunc_ln107_10 "/>
</bind>
</comp>

<comp id="464" class="1005" name="trunc_ln107_11_reg_464">
<pin_list>
<pin id="465" dir="0" index="0" bw="32" slack="1"/>
<pin id="466" dir="1" index="1" bw="32" slack="1"/>
</pin_list>
<bind>
<opset="trunc_ln107_11 "/>
</bind>
</comp>

<comp id="469" class="1005" name="trunc_ln107_12_reg_469">
<pin_list>
<pin id="470" dir="0" index="0" bw="32" slack="1"/>
<pin id="471" dir="1" index="1" bw="32" slack="1"/>
</pin_list>
<bind>
<opset="trunc_ln107_12 "/>
</bind>
</comp>

<comp id="474" class="1005" name="trunc_ln107_13_reg_474">
<pin_list>
<pin id="475" dir="0" index="0" bw="32" slack="1"/>
<pin id="476" dir="1" index="1" bw="32" slack="1"/>
</pin_list>
<bind>
<opset="trunc_ln107_13 "/>
</bind>
</comp>

<comp id="479" class="1005" name="trunc_ln107_14_reg_479">
<pin_list>
<pin id="480" dir="0" index="0" bw="32" slack="1"/>
<pin id="481" dir="1" index="1" bw="32" slack="1"/>
</pin_list>
<bind>
<opset="trunc_ln107_14 "/>
</bind>
</comp>

<comp id="484" class="1005" name="trunc_ln107_15_reg_484">
<pin_list>
<pin id="485" dir="0" index="0" bw="32" slack="1"/>
<pin id="486" dir="1" index="1" bw="32" slack="1"/>
</pin_list>
<bind>
<opset="trunc_ln107_15 "/>
</bind>
</comp>

</comp_list>

<net_list>
<net id="73"><net_src comp="34" pin="0"/><net_sink comp="70" pin=0"/></net>

<net id="78"><net_src comp="46" pin="0"/><net_sink comp="74" pin=0"/></net>

<net id="79"><net_src comp="30" pin="0"/><net_sink comp="74" pin=1"/></net>

<net id="84"><net_src comp="46" pin="0"/><net_sink comp="80" pin=0"/></net>

<net id="85"><net_src comp="28" pin="0"/><net_sink comp="80" pin=1"/></net>

<net id="90"><net_src comp="46" pin="0"/><net_sink comp="86" pin=0"/></net>

<net id="91"><net_src comp="26" pin="0"/><net_sink comp="86" pin=1"/></net>

<net id="96"><net_src comp="46" pin="0"/><net_sink comp="92" pin=0"/></net>

<net id="97"><net_src comp="24" pin="0"/><net_sink comp="92" pin=1"/></net>

<net id="102"><net_src comp="46" pin="0"/><net_sink comp="98" pin=0"/></net>

<net id="103"><net_src comp="22" pin="0"/><net_sink comp="98" pin=1"/></net>

<net id="108"><net_src comp="46" pin="0"/><net_sink comp="104" pin=0"/></net>

<net id="109"><net_src comp="20" pin="0"/><net_sink comp="104" pin=1"/></net>

<net id="114"><net_src comp="46" pin="0"/><net_sink comp="110" pin=0"/></net>

<net id="115"><net_src comp="18" pin="0"/><net_sink comp="110" pin=1"/></net>

<net id="120"><net_src comp="46" pin="0"/><net_sink comp="116" pin=0"/></net>

<net id="121"><net_src comp="16" pin="0"/><net_sink comp="116" pin=1"/></net>

<net id="126"><net_src comp="46" pin="0"/><net_sink comp="122" pin=0"/></net>

<net id="127"><net_src comp="14" pin="0"/><net_sink comp="122" pin=1"/></net>

<net id="132"><net_src comp="46" pin="0"/><net_sink comp="128" pin=0"/></net>

<net id="133"><net_src comp="12" pin="0"/><net_sink comp="128" pin=1"/></net>

<net id="138"><net_src comp="46" pin="0"/><net_sink comp="134" pin=0"/></net>

<net id="139"><net_src comp="10" pin="0"/><net_sink comp="134" pin=1"/></net>

<net id="144"><net_src comp="46" pin="0"/><net_sink comp="140" pin=0"/></net>

<net id="145"><net_src comp="8" pin="0"/><net_sink comp="140" pin=1"/></net>

<net id="150"><net_src comp="46" pin="0"/><net_sink comp="146" pin=0"/></net>

<net id="151"><net_src comp="6" pin="0"/><net_sink comp="146" pin=1"/></net>

<net id="156"><net_src comp="46" pin="0"/><net_sink comp="152" pin=0"/></net>

<net id="157"><net_src comp="4" pin="0"/><net_sink comp="152" pin=1"/></net>

<net id="162"><net_src comp="46" pin="0"/><net_sink comp="158" pin=0"/></net>

<net id="163"><net_src comp="2" pin="0"/><net_sink comp="158" pin=1"/></net>

<net id="168"><net_src comp="46" pin="0"/><net_sink comp="164" pin=0"/></net>

<net id="169"><net_src comp="0" pin="0"/><net_sink comp="164" pin=1"/></net>

<net id="175"><net_src comp="68" pin="0"/><net_sink comp="170" pin=0"/></net>

<net id="176"><net_src comp="32" pin="0"/><net_sink comp="170" pin=1"/></net>

<net id="181"><net_src comp="48" pin="0"/><net_sink comp="177" pin=0"/></net>

<net id="189"><net_src comp="182" pin="1"/><net_sink comp="185" pin=0"/></net>

<net id="190"><net_src comp="50" pin="0"/><net_sink comp="185" pin=1"/></net>

<net id="195"><net_src comp="182" pin="1"/><net_sink comp="191" pin=0"/></net>

<net id="196"><net_src comp="52" pin="0"/><net_sink comp="191" pin=1"/></net>

<net id="200"><net_src comp="182" pin="1"/><net_sink comp="197" pin=0"/></net>

<net id="206"><net_src comp="54" pin="0"/><net_sink comp="201" pin=0"/></net>

<net id="207"><net_src comp="197" pin="1"/><net_sink comp="201" pin=1"/></net>

<net id="208"><net_src comp="48" pin="0"/><net_sink comp="201" pin=2"/></net>

<net id="212"><net_src comp="201" pin="3"/><net_sink comp="209" pin=0"/></net>

<net id="217"><net_src comp="164" pin="2"/><net_sink comp="213" pin=0"/></net>

<net id="218"><net_src comp="209" pin="1"/><net_sink comp="213" pin=1"/></net>

<net id="222"><net_src comp="213" pin="2"/><net_sink comp="219" pin=0"/></net>

<net id="227"><net_src comp="158" pin="2"/><net_sink comp="223" pin=0"/></net>

<net id="228"><net_src comp="209" pin="1"/><net_sink comp="223" pin=1"/></net>

<net id="232"><net_src comp="223" pin="2"/><net_sink comp="229" pin=0"/></net>

<net id="237"><net_src comp="152" pin="2"/><net_sink comp="233" pin=0"/></net>

<net id="238"><net_src comp="209" pin="1"/><net_sink comp="233" pin=1"/></net>

<net id="242"><net_src comp="233" pin="2"/><net_sink comp="239" pin=0"/></net>

<net id="247"><net_src comp="146" pin="2"/><net_sink comp="243" pin=0"/></net>

<net id="248"><net_src comp="209" pin="1"/><net_sink comp="243" pin=1"/></net>

<net id="252"><net_src comp="243" pin="2"/><net_sink comp="249" pin=0"/></net>

<net id="257"><net_src comp="140" pin="2"/><net_sink comp="253" pin=0"/></net>

<net id="258"><net_src comp="209" pin="1"/><net_sink comp="253" pin=1"/></net>

<net id="262"><net_src comp="253" pin="2"/><net_sink comp="259" pin=0"/></net>

<net id="267"><net_src comp="134" pin="2"/><net_sink comp="263" pin=0"/></net>

<net id="268"><net_src comp="209" pin="1"/><net_sink comp="263" pin=1"/></net>

<net id="272"><net_src comp="263" pin="2"/><net_sink comp="269" pin=0"/></net>

<net id="277"><net_src comp="128" pin="2"/><net_sink comp="273" pin=0"/></net>

<net id="278"><net_src comp="209" pin="1"/><net_sink comp="273" pin=1"/></net>

<net id="282"><net_src comp="273" pin="2"/><net_sink comp="279" pin=0"/></net>

<net id="287"><net_src comp="122" pin="2"/><net_sink comp="283" pin=0"/></net>

<net id="288"><net_src comp="209" pin="1"/><net_sink comp="283" pin=1"/></net>

<net id="292"><net_src comp="283" pin="2"/><net_sink comp="289" pin=0"/></net>

<net id="297"><net_src comp="116" pin="2"/><net_sink comp="293" pin=0"/></net>

<net id="298"><net_src comp="209" pin="1"/><net_sink comp="293" pin=1"/></net>

<net id="302"><net_src comp="293" pin="2"/><net_sink comp="299" pin=0"/></net>

<net id="307"><net_src comp="110" pin="2"/><net_sink comp="303" pin=0"/></net>

<net id="308"><net_src comp="209" pin="1"/><net_sink comp="303" pin=1"/></net>

<net id="312"><net_src comp="303" pin="2"/><net_sink comp="309" pin=0"/></net>

<net id="317"><net_src comp="104" pin="2"/><net_sink comp="313" pin=0"/></net>

<net id="318"><net_src comp="209" pin="1"/><net_sink comp="313" pin=1"/></net>

<net id="322"><net_src comp="313" pin="2"/><net_sink comp="319" pin=0"/></net>

<net id="327"><net_src comp="98" pin="2"/><net_sink comp="323" pin=0"/></net>

<net id="328"><net_src comp="209" pin="1"/><net_sink comp="323" pin=1"/></net>

<net id="332"><net_src comp="323" pin="2"/><net_sink comp="329" pin=0"/></net>

<net id="337"><net_src comp="92" pin="2"/><net_sink comp="333" pin=0"/></net>

<net id="338"><net_src comp="209" pin="1"/><net_sink comp="333" pin=1"/></net>

<net id="342"><net_src comp="333" pin="2"/><net_sink comp="339" pin=0"/></net>

<net id="347"><net_src comp="86" pin="2"/><net_sink comp="343" pin=0"/></net>

<net id="348"><net_src comp="209" pin="1"/><net_sink comp="343" pin=1"/></net>

<net id="352"><net_src comp="343" pin="2"/><net_sink comp="349" pin=0"/></net>

<net id="357"><net_src comp="80" pin="2"/><net_sink comp="353" pin=0"/></net>

<net id="358"><net_src comp="209" pin="1"/><net_sink comp="353" pin=1"/></net>

<net id="362"><net_src comp="353" pin="2"/><net_sink comp="359" pin=0"/></net>

<net id="367"><net_src comp="74" pin="2"/><net_sink comp="363" pin=0"/></net>

<net id="368"><net_src comp="209" pin="1"/><net_sink comp="363" pin=1"/></net>

<net id="372"><net_src comp="363" pin="2"/><net_sink comp="369" pin=0"/></net>

<net id="377"><net_src comp="191" pin="2"/><net_sink comp="373" pin=0"/></net>

<net id="397"><net_src comp="66" pin="0"/><net_sink comp="378" pin=0"/></net>

<net id="398"><net_src comp="378" pin="17"/><net_sink comp="170" pin=2"/></net>

<net id="402"><net_src comp="70" pin="1"/><net_sink comp="399" pin=0"/></net>

<net id="403"><net_src comp="399" pin="1"/><net_sink comp="177" pin=1"/></net>

<net id="404"><net_src comp="399" pin="1"/><net_sink comp="182" pin=0"/></net>

<net id="405"><net_src comp="399" pin="1"/><net_sink comp="373" pin=1"/></net>

<net id="412"><net_src comp="219" pin="1"/><net_sink comp="409" pin=0"/></net>

<net id="413"><net_src comp="409" pin="1"/><net_sink comp="378" pin=16"/></net>

<net id="417"><net_src comp="229" pin="1"/><net_sink comp="414" pin=0"/></net>

<net id="418"><net_src comp="414" pin="1"/><net_sink comp="378" pin=15"/></net>

<net id="422"><net_src comp="239" pin="1"/><net_sink comp="419" pin=0"/></net>

<net id="423"><net_src comp="419" pin="1"/><net_sink comp="378" pin=14"/></net>

<net id="427"><net_src comp="249" pin="1"/><net_sink comp="424" pin=0"/></net>

<net id="428"><net_src comp="424" pin="1"/><net_sink comp="378" pin=13"/></net>

<net id="432"><net_src comp="259" pin="1"/><net_sink comp="429" pin=0"/></net>

<net id="433"><net_src comp="429" pin="1"/><net_sink comp="378" pin=12"/></net>

<net id="437"><net_src comp="269" pin="1"/><net_sink comp="434" pin=0"/></net>

<net id="438"><net_src comp="434" pin="1"/><net_sink comp="378" pin=11"/></net>

<net id="442"><net_src comp="279" pin="1"/><net_sink comp="439" pin=0"/></net>

<net id="443"><net_src comp="439" pin="1"/><net_sink comp="378" pin=10"/></net>

<net id="447"><net_src comp="289" pin="1"/><net_sink comp="444" pin=0"/></net>

<net id="448"><net_src comp="444" pin="1"/><net_sink comp="378" pin=9"/></net>

<net id="452"><net_src comp="299" pin="1"/><net_sink comp="449" pin=0"/></net>

<net id="453"><net_src comp="449" pin="1"/><net_sink comp="378" pin=8"/></net>

<net id="457"><net_src comp="309" pin="1"/><net_sink comp="454" pin=0"/></net>

<net id="458"><net_src comp="454" pin="1"/><net_sink comp="378" pin=7"/></net>

<net id="462"><net_src comp="319" pin="1"/><net_sink comp="459" pin=0"/></net>

<net id="463"><net_src comp="459" pin="1"/><net_sink comp="378" pin=6"/></net>

<net id="467"><net_src comp="329" pin="1"/><net_sink comp="464" pin=0"/></net>

<net id="468"><net_src comp="464" pin="1"/><net_sink comp="378" pin=5"/></net>

<net id="472"><net_src comp="339" pin="1"/><net_sink comp="469" pin=0"/></net>

<net id="473"><net_src comp="469" pin="1"/><net_sink comp="378" pin=4"/></net>

<net id="477"><net_src comp="349" pin="1"/><net_sink comp="474" pin=0"/></net>

<net id="478"><net_src comp="474" pin="1"/><net_sink comp="378" pin=3"/></net>

<net id="482"><net_src comp="359" pin="1"/><net_sink comp="479" pin=0"/></net>

<net id="483"><net_src comp="479" pin="1"/><net_sink comp="378" pin=2"/></net>

<net id="487"><net_src comp="369" pin="1"/><net_sink comp="484" pin=0"/></net>

<net id="488"><net_src comp="484" pin="1"/><net_sink comp="378" pin=1"/></net>

</net_list>

</model> 
---------------- Datapath Model END ------------------

* FSMD analyzer results:
  - Output states:
	Port: AB_stream | {2 }
 - Input state : 
	Port: computeTiles_Pipeline_j_output_loop : AB_block_16_reload | {1 }
	Port: computeTiles_Pipeline_j_output_loop : AB_block_17_reload | {1 }
	Port: computeTiles_Pipeline_j_output_loop : AB_block_18_reload | {1 }
	Port: computeTiles_Pipeline_j_output_loop : AB_block_19_reload | {1 }
	Port: computeTiles_Pipeline_j_output_loop : AB_block_20_reload | {1 }
	Port: computeTiles_Pipeline_j_output_loop : AB_block_21_reload | {1 }
	Port: computeTiles_Pipeline_j_output_loop : AB_block_22_reload | {1 }
	Port: computeTiles_Pipeline_j_output_loop : AB_block_23_reload | {1 }
	Port: computeTiles_Pipeline_j_output_loop : AB_block_24_reload | {1 }
	Port: computeTiles_Pipeline_j_output_loop : AB_block_25_reload | {1 }
	Port: computeTiles_Pipeline_j_output_loop : AB_block_26_reload | {1 }
	Port: computeTiles_Pipeline_j_output_loop : AB_block_27_reload | {1 }
	Port: computeTiles_Pipeline_j_output_loop : AB_block_28_reload | {1 }
	Port: computeTiles_Pipeline_j_output_loop : AB_block_29_reload | {1 }
	Port: computeTiles_Pipeline_j_output_loop : AB_block_30_reload | {1 }
	Port: computeTiles_Pipeline_j_output_loop : AB_block_31_reload | {1 }
  - Chain level:
	State 1
		store_ln55 : 1
		j_2 : 1
		icmp_ln100 : 2
		add_ln100 : 2
		br_ln100 : 3
		trunc_ln56 : 2
		shl_ln1 : 3
		zext_ln107 : 4
		lshr_ln107 : 5
		trunc_ln107 : 6
		lshr_ln107_1 : 5
		trunc_ln107_1 : 6
		lshr_ln107_2 : 5
		trunc_ln107_2 : 6
		lshr_ln107_3 : 5
		trunc_ln107_3 : 6
		lshr_ln107_4 : 5
		trunc_ln107_4 : 6
		lshr_ln107_5 : 5
		trunc_ln107_5 : 6
		lshr_ln107_6 : 5
		trunc_ln107_6 : 6
		lshr_ln107_7 : 5
		trunc_ln107_7 : 6
		lshr_ln107_8 : 5
		trunc_ln107_8 : 6
		lshr_ln107_9 : 5
		trunc_ln107_9 : 6
		lshr_ln107_10 : 5
		trunc_ln107_10 : 6
		lshr_ln107_11 : 5
		trunc_ln107_11 : 6
		lshr_ln107_12 : 5
		trunc_ln107_12 : 6
		lshr_ln107_13 : 5
		trunc_ln107_13 : 6
		lshr_ln107_14 : 5
		trunc_ln107_14 : 6
		lshr_ln107_15 : 5
		trunc_ln107_15 : 6
		store_ln55 : 3
	State 2
		write_ln110 : 1


============================================================
+ Verbose Summary: Datapath Resource usage 
============================================================

* Functional unit list:
|----------|-------------------------------------|---------|---------|
| Operation|           Functional Unit           |    FF   |   LUT   |
|----------|-------------------------------------|---------|---------|
|          |          lshr_ln107_fu_213          |    0    |   2171  |
|          |         lshr_ln107_1_fu_223         |    0    |   2171  |
|          |         lshr_ln107_2_fu_233         |    0    |   2171  |
|          |         lshr_ln107_3_fu_243         |    0    |   2171  |
|          |         lshr_ln107_4_fu_253         |    0    |   2171  |
|          |         lshr_ln107_5_fu_263         |    0    |   2171  |
|          |         lshr_ln107_6_fu_273         |    0    |   2171  |
|   lshr   |         lshr_ln107_7_fu_283         |    0    |   2171  |
|          |         lshr_ln107_8_fu_293         |    0    |   2171  |
|          |         lshr_ln107_9_fu_303         |    0    |   2171  |
|          |         lshr_ln107_10_fu_313        |    0    |   2171  |
|          |         lshr_ln107_11_fu_323        |    0    |   2171  |
|          |         lshr_ln107_12_fu_333        |    0    |   2171  |
|          |         lshr_ln107_13_fu_343        |    0    |   2171  |
|          |         lshr_ln107_14_fu_353        |    0    |   2171  |
|          |         lshr_ln107_15_fu_363        |    0    |   2171  |
|----------|-------------------------------------|---------|---------|
|   icmp   |          icmp_ln100_fu_185          |    0    |    13   |
|----------|-------------------------------------|---------|---------|
|    add   |           add_ln100_fu_191          |    0    |    13   |
|----------|-------------------------------------|---------|---------|
|          |  AB_block_31_reload_read_read_fu_74 |    0    |    0    |
|          |  AB_block_30_reload_read_read_fu_80 |    0    |    0    |
|          |  AB_block_29_reload_read_read_fu_86 |    0    |    0    |
|          |  AB_block_28_reload_read_read_fu_92 |    0    |    0    |
|          |  AB_block_27_reload_read_read_fu_98 |    0    |    0    |
|          | AB_block_26_reload_read_read_fu_104 |    0    |    0    |
|          | AB_block_25_reload_read_read_fu_110 |    0    |    0    |
|   read   | AB_block_24_reload_read_read_fu_116 |    0    |    0    |
|          | AB_block_23_reload_read_read_fu_122 |    0    |    0    |
|          | AB_block_22_reload_read_read_fu_128 |    0    |    0    |
|          | AB_block_21_reload_read_read_fu_134 |    0    |    0    |
|          | AB_block_20_reload_read_read_fu_140 |    0    |    0    |
|          | AB_block_19_reload_read_read_fu_146 |    0    |    0    |
|          | AB_block_18_reload_read_read_fu_152 |    0    |    0    |
|          | AB_block_17_reload_read_read_fu_158 |    0    |    0    |
|          | AB_block_16_reload_read_read_fu_164 |    0    |    0    |
|----------|-------------------------------------|---------|---------|
|   write  |       write_ln110_write_fu_170      |    0    |    0    |
|----------|-------------------------------------|---------|---------|
|          |          trunc_ln56_fu_197          |    0    |    0    |
|          |          trunc_ln107_fu_219         |    0    |    0    |
|          |         trunc_ln107_1_fu_229        |    0    |    0    |
|          |         trunc_ln107_2_fu_239        |    0    |    0    |
|          |         trunc_ln107_3_fu_249        |    0    |    0    |
|          |         trunc_ln107_4_fu_259        |    0    |    0    |
|          |         trunc_ln107_5_fu_269        |    0    |    0    |
|          |         trunc_ln107_6_fu_279        |    0    |    0    |
|   trunc  |         trunc_ln107_7_fu_289        |    0    |    0    |
|          |         trunc_ln107_8_fu_299        |    0    |    0    |
|          |         trunc_ln107_9_fu_309        |    0    |    0    |
|          |        trunc_ln107_10_fu_319        |    0    |    0    |
|          |        trunc_ln107_11_fu_329        |    0    |    0    |
|          |        trunc_ln107_12_fu_339        |    0    |    0    |
|          |        trunc_ln107_13_fu_349        |    0    |    0    |
|          |        trunc_ln107_14_fu_359        |    0    |    0    |
|          |        trunc_ln107_15_fu_369        |    0    |    0    |
|----------|-------------------------------------|---------|---------|
|bitconcatenate|            shl_ln1_fu_201           |    0    |    0    |
|          |              p_0_fu_378             |    0    |    0    |
|----------|-------------------------------------|---------|---------|
|   zext   |          zext_ln107_fu_209          |    0    |    0    |
|----------|-------------------------------------|---------|---------|
|   Total  |                                     |    0    |  34762  |
|----------|-------------------------------------|---------|---------|

Memories:
N/A

* Register list:
+----------------------+--------+
|                      |   FF   |
+----------------------+--------+
|       j_reg_399      |    5   |
|trunc_ln107_10_reg_459|   32   |
|trunc_ln107_11_reg_464|   32   |
|trunc_ln107_12_reg_469|   32   |
|trunc_ln107_13_reg_474|   32   |
|trunc_ln107_14_reg_479|   32   |
|trunc_ln107_15_reg_484|   32   |
| trunc_ln107_1_reg_414|   32   |
| trunc_ln107_2_reg_419|   32   |
| trunc_ln107_3_reg_424|   32   |
| trunc_ln107_4_reg_429|   32   |
| trunc_ln107_5_reg_434|   32   |
| trunc_ln107_6_reg_439|   32   |
| trunc_ln107_7_reg_444|   32   |
| trunc_ln107_8_reg_449|   32   |
| trunc_ln107_9_reg_454|   32   |
|  trunc_ln107_reg_409 |   32   |
+----------------------+--------+
|         Total        |   517  |
+----------------------+--------+

* Multiplexer (MUX) list: 
|--------|------|------|------|--------|
|  Comp  |  Pin | Size |  BW  | S x BW |
|--------|------|------|------|--------|
|  Total |      |      |      |    0   |
|--------|------|------|------|--------|



* Summary:
+-----------+--------+--------+
|           |   FF   |   LUT  |
+-----------+--------+--------+
|  Function |    0   |  34762 |
|   Memory  |    -   |    -   |
|Multiplexer|    -   |    -   |
|  Register |   517  |    -   |
+-----------+--------+--------+
|   Total   |   517  |  34762 |
+-----------+--------+--------+
