

================================================================
== Vitis HLS Report for 'MM_Pipeline_VITIS_LOOP_46_6_VITIS_LOOP_47_7_VITIS_LOOP_50_8'
================================================================
* Date:           Sat Apr  4 16:08:43 2026

* Version:        2025.1 (Build 6135595 on May 21 2025)
* Project:        baseline_blockedMM
* Solution:       hls (Vivado IP Flow Target)
* Product family: zynq
* Target device:  xc7z020-clg400-1


================================================================
== Performance Estimates
================================================================
+ Timing: 
    * Summary: 
    +--------+----------+----------+------------+
    |  Clock |  Target  | Estimated| Uncertainty|
    +--------+----------+----------+------------+
    |ap_clk  |  10.00 ns|  7.300 ns|     2.70 ns|
    +--------+----------+----------+------------+

+ Latency: 
    * Summary: 
    +---------+---------+----------+----------+-----+-----+------------------------------------------------+
    |  Latency (cycles) |  Latency (absolute) |  Interval |                    Pipeline                    |
    |   min   |   max   |    min   |    max   | min | max |                      Type                      |
    +---------+---------+----------+----------+-----+-----+------------------------------------------------+
    |        ?|        ?|         ?|         ?|    0|    0|  loop auto-rewind stp (delay=0 clock cycles(s))|
    +---------+---------+----------+----------+-----+-----+------------------------------------------------+

    + Detail: 
        * Instance: 
        N/A

        * Loop: 
        +---------------------------------------------------+---------+---------+----------+-----------+-----------+------+----------+
        |                                                   |  Latency (cycles) | Iteration|  Initiation Interval  | Trip |          |
        |                     Loop Name                     |   min   |   max   |  Latency |  achieved |   target  | Count| Pipelined|
        +---------------------------------------------------+---------+---------+----------+-----------+-----------+------+----------+
        |- VITIS_LOOP_46_6_VITIS_LOOP_47_7_VITIS_LOOP_50_8  |        ?|        ?|        27|         16|          1|     ?|       yes|
        +---------------------------------------------------+---------+---------+----------+-----------+-----------+------+----------+

============================================================
+ Verbose Summary: Synthesis Manager
============================================================
InlineROM: 1
ExposeGlobal: 0
============================================================
+ Verbose Summary: CDFG Model
============================================================
IsTopModel: 0
ResetActiveHigh: 1
IsCombinational: 0
IsDatapathOnly: 0
HasWiredReturn: 1
HasMFsm: 2
HasVarLatency: 1
IsPipeline: 0
IsRtlPipelined: 0
IsInstanceOverlapped: 0
IsDontTouch: 0
HasImplIP: 0
IsGatedGlobalClock: 0

+ Individual pipeline summary: 
  * Pipeline-0: initiation interval (II) = 16, depth = 27


============================================================
+ Verbose Summary: Schedule
============================================================
* Number of FSM states : 27
* Pipeline : 1
  Pipeline-0 : II = 16, D = 27, States = { 1 2 3 4 5 6 7 8 9 10 11 12 13 14 15 16 17 18 19 20 21 22 23 24 25 26 27 }
* Dataflow Pipeline: 0

* FSM state transitions: 
1 --> 2 
2 --> 3 
3 --> 4 
4 --> 5 
5 --> 6 
6 --> 7 
7 --> 8 
8 --> 9 
9 --> 10 
10 --> 11 
11 --> 12 
12 --> 13 
13 --> 14 
14 --> 15 
15 --> 16 
16 --> 17 
17 --> 18 
18 --> 19 
19 --> 20 
20 --> 21 
21 --> 22 
22 --> 23 
23 --> 24 
24 --> 25 
25 --> 26 
26 --> 27 
27 --> 

* FSM state operations: 

State 1 <SV = 0> <Delay = 1.58>
ST_1 : Operation 30 [1/1] (0.00ns)   --->   "%k = alloca i32 1" [../MLP_baseline/mm.cpp:50]   --->   Operation 30 'alloca' 'k' <Predicate = true> <Delay = 0.00>
ST_1 : Operation 31 [1/1] (0.00ns)   --->   "%j = alloca i32 1" [../MLP_baseline/mm.cpp:47]   --->   Operation 31 'alloca' 'j' <Predicate = true> <Delay = 0.00>
ST_1 : Operation 32 [1/1] (0.00ns)   --->   "%indvar_flatten = alloca i32 1"   --->   Operation 32 'alloca' 'indvar_flatten' <Predicate = true> <Delay = 0.00>
ST_1 : Operation 33 [1/1] (0.00ns)   --->   "%i = alloca i32 1" [../MLP_baseline/mm.cpp:46]   --->   Operation 33 'alloca' 'i' <Predicate = true> <Delay = 0.00>
ST_1 : Operation 34 [1/1] (0.00ns)   --->   "%indvar_flatten69 = alloca i32 1"   --->   Operation 34 'alloca' 'indvar_flatten69' <Predicate = true> <Delay = 0.00>
ST_1 : Operation 35 [1/1] (0.00ns)   --->   "%B_read = read i64 @_ssdm_op_Read.ap_auto.i64, i64 %B"   --->   Operation 35 'read' 'B_read' <Predicate = true> <Delay = 0.00>
ST_1 : Operation 36 [1/1] (0.00ns)   --->   "%A_read = read i64 @_ssdm_op_Read.ap_auto.i64, i64 %A"   --->   Operation 36 'read' 'A_read' <Predicate = true> <Delay = 0.00>
ST_1 : Operation 37 [1/1] (0.00ns)   --->   "%ABC_read = read i64 @_ssdm_op_Read.ap_auto.i64, i64 %ABC"   --->   Operation 37 'read' 'ABC_read' <Predicate = true> <Delay = 0.00>
ST_1 : Operation 38 [1/1] (0.00ns)   --->   "%P_cast8_read = read i32 @_ssdm_op_Read.ap_auto.i32, i32 %P_cast8"   --->   Operation 38 'read' 'P_cast8_read' <Predicate = true> <Delay = 0.00>
ST_1 : Operation 39 [1/1] (0.00ns)   --->   "%sext_ln41_read = read i32 @_ssdm_op_Read.ap_auto.i32, i32 %sext_ln41"   --->   Operation 39 'read' 'sext_ln41_read' <Predicate = true> <Delay = 0.00>
ST_1 : Operation 40 [1/1] (0.00ns)   --->   "%sext_ln43_3_read = read i34 @_ssdm_op_Read.ap_auto.i34, i34 %sext_ln43_3"   --->   Operation 40 'read' 'sext_ln43_3_read' <Predicate = true> <Delay = 0.00>
ST_1 : Operation 41 [1/1] (0.00ns)   --->   "%mul_ln43_read = read i128 @_ssdm_op_Read.ap_auto.i128, i128 %mul_ln43"   --->   Operation 41 'read' 'mul_ln43_read' <Predicate = true> <Delay = 0.00>
ST_1 : Operation 42 [1/1] (0.00ns)   --->   "%mul_ln43_1_read = read i192 @_ssdm_op_Read.ap_auto.i192, i192 %mul_ln43_1"   --->   Operation 42 'read' 'mul_ln43_1_read' <Predicate = true> <Delay = 0.00>
ST_1 : Operation 43 [1/1] (0.00ns)   --->   "%zext_ln43_read = read i31 @_ssdm_op_Read.ap_auto.i31, i31 %zext_ln43"   --->   Operation 43 'read' 'zext_ln43_read' <Predicate = true> <Delay = 0.00>
ST_1 : Operation 44 [1/1] (0.00ns)   --->   "%zext_ln42_read = read i31 @_ssdm_op_Read.ap_auto.i31, i31 %zext_ln42"   --->   Operation 44 'read' 'zext_ln42_read' <Predicate = true> <Delay = 0.00>
ST_1 : Operation 45 [1/1] (0.00ns)   --->   "%zext_ln41_3_read = read i31 @_ssdm_op_Read.ap_auto.i31, i31 %zext_ln41_3"   --->   Operation 45 'read' 'zext_ln41_3_read' <Predicate = true> <Delay = 0.00>
ST_1 : Operation 46 [1/1] (0.00ns)   --->   "%P_cast8_cast = sext i32 %P_cast8_read"   --->   Operation 46 'sext' 'P_cast8_cast' <Predicate = true> <Delay = 0.00>
ST_1 : Operation 47 [1/1] (0.00ns)   --->   "%sext_ln41_cast = sext i32 %sext_ln41_read"   --->   Operation 47 'sext' 'sext_ln41_cast' <Predicate = true> <Delay = 0.00>
ST_1 : Operation 48 [1/1] (0.00ns)   --->   "%sext_ln43_3_cast = sext i34 %sext_ln43_3_read"   --->   Operation 48 'sext' 'sext_ln43_3_cast' <Predicate = true> <Delay = 0.00>
ST_1 : Operation 49 [1/1] (0.00ns)   --->   "%zext_ln43_cast1 = zext i31 %zext_ln43_read"   --->   Operation 49 'zext' 'zext_ln43_cast1' <Predicate = true> <Delay = 0.00>
ST_1 : Operation 50 [1/1] (0.00ns)   --->   "%zext_ln42_cast = zext i31 %zext_ln42_read"   --->   Operation 50 'zext' 'zext_ln42_cast' <Predicate = true> <Delay = 0.00>
ST_1 : Operation 51 [1/1] (0.00ns)   --->   "%zext_ln41_3_cast = zext i31 %zext_ln41_3_read"   --->   Operation 51 'zext' 'zext_ln41_3_cast' <Predicate = true> <Delay = 0.00>
ST_1 : Operation 52 [1/1] (0.00ns)   --->   "%zext_ln43_cast = zext i31 %zext_ln43_read"   --->   Operation 52 'zext' 'zext_ln43_cast' <Predicate = true> <Delay = 0.00>
ST_1 : Operation 53 [1/1] (0.00ns)   --->   "%specinterface_ln0 = specinterface void @_ssdm_op_SpecInterface, i32 %gmem, void @empty, i32 0, i32 0, void @empty_0, i32 0, i32 1024, void @empty_1, void @empty_2, void @empty_0, i32 16, i32 16, i32 16, i32 16, void @empty_0, void @empty_0, i32 4294967295, i32 0, i32 0"   --->   Operation 53 'specinterface' 'specinterface_ln0' <Predicate = true> <Delay = 0.00>
ST_1 : Operation 54 [1/1] (1.58ns)   --->   "%store_ln0 = store i192 0, i192 %indvar_flatten69"   --->   Operation 54 'store' 'store_ln0' <Predicate = true> <Delay = 1.58>
ST_1 : Operation 55 [1/1] (1.58ns)   --->   "%store_ln46 = store i64 %zext_ln41_3_cast, i64 %i" [../MLP_baseline/mm.cpp:46]   --->   Operation 55 'store' 'store_ln46' <Predicate = true> <Delay = 1.58>
ST_1 : Operation 56 [1/1] (1.58ns)   --->   "%store_ln0 = store i128 0, i128 %indvar_flatten"   --->   Operation 56 'store' 'store_ln0' <Predicate = true> <Delay = 1.58>
ST_1 : Operation 57 [1/1] (1.58ns)   --->   "%store_ln47 = store i64 %zext_ln42_cast, i64 %j" [../MLP_baseline/mm.cpp:47]   --->   Operation 57 'store' 'store_ln47' <Predicate = true> <Delay = 1.58>
ST_1 : Operation 58 [1/1] (1.58ns)   --->   "%store_ln50 = store i64 %zext_ln43_cast1, i64 %k" [../MLP_baseline/mm.cpp:50]   --->   Operation 58 'store' 'store_ln50' <Predicate = true> <Delay = 1.58>
ST_1 : Operation 59 [1/1] (0.00ns)   --->   "%br_ln0 = br void %for.cond39"   --->   Operation 59 'br' 'br_ln0' <Predicate = true> <Delay = 0.00>

State 2 <SV = 1> <Delay = 7.22>
ST_2 : Operation 60 [1/1] (0.00ns)   --->   "%indvar_flatten69_load = load i192 %indvar_flatten69" [../MLP_baseline/mm.cpp:46]   --->   Operation 60 'load' 'indvar_flatten69_load' <Predicate = true> <Delay = 0.00>
ST_2 : Operation 61 [1/1] (0.00ns)   --->   "%specbitsmap_ln0 = specbitsmap void @_ssdm_op_SpecBitsMap, i32 %gmem"   --->   Operation 61 'specbitsmap' 'specbitsmap_ln0' <Predicate = true> <Delay = 0.00>
ST_2 : Operation 62 [1/1] (7.22ns)   --->   "%icmp_ln46 = icmp_eq  i192 %indvar_flatten69_load, i192 %mul_ln43_1_read" [../MLP_baseline/mm.cpp:46]   --->   Operation 62 'icmp' 'icmp_ln46' <Predicate = true> <Delay = 7.22> <CoreInst = "Cmp">   --->   Core 9 'Cmp' <Latency = 0> <II = 1> <Delay = 7.22> <FuncUnit> <Opcode : 'seteq' 'setne' 'setle' 'setge' 'setlt' 'setgt'> <InPorts = 2> <OutPorts = 1>
ST_2 : Operation 63 [1/1] (7.22ns)   --->   "%add_ln46 = add i192 %indvar_flatten69_load, i192 1" [../MLP_baseline/mm.cpp:46]   --->   Operation 63 'add' 'add_ln46' <Predicate = true> <Delay = 7.22> <CoreInst = "Adder">   --->   Core 1 'Adder' <Latency = 0> <II = 1> <Delay = 7.22> <FuncUnit> <Opcode : 'add' 'sub'> <InPorts = 2> <OutPorts = 1>
ST_2 : Operation 64 [1/1] (0.00ns)   --->   "%br_ln46 = br i1 %icmp_ln46, void %for.inc67, void %for.inc70.exitStub" [../MLP_baseline/mm.cpp:46]   --->   Operation 64 'br' 'br_ln46' <Predicate = true> <Delay = 0.00>
ST_2 : Operation 65 [1/1] (0.00ns)   --->   "%k_load = load i64 %k" [../MLP_baseline/mm.cpp:50]   --->   Operation 65 'load' 'k_load' <Predicate = (!icmp_ln46)> <Delay = 0.00>
ST_2 : Operation 66 [1/1] (0.00ns)   --->   "%j_load = load i64 %j" [../MLP_baseline/mm.cpp:46]   --->   Operation 66 'load' 'j_load' <Predicate = (!icmp_ln46)> <Delay = 0.00>
ST_2 : Operation 67 [1/1] (0.00ns)   --->   "%indvar_flatten_load = load i128 %indvar_flatten" [../MLP_baseline/mm.cpp:47]   --->   Operation 67 'load' 'indvar_flatten_load' <Predicate = (!icmp_ln46)> <Delay = 0.00>
ST_2 : Operation 68 [1/1] (0.00ns)   --->   "%i_load = load i64 %i" [../MLP_baseline/mm.cpp:46]   --->   Operation 68 'load' 'i_load' <Predicate = (!icmp_ln46)> <Delay = 0.00>
ST_2 : Operation 69 [1/1] (5.35ns)   --->   "%icmp_ln47 = icmp_eq  i128 %indvar_flatten_load, i128 %mul_ln43_read" [../MLP_baseline/mm.cpp:47]   --->   Operation 69 'icmp' 'icmp_ln47' <Predicate = (!icmp_ln46)> <Delay = 5.35> <CoreInst = "Cmp">   --->   Core 9 'Cmp' <Latency = 0> <II = 1> <Delay = 5.35> <FuncUnit> <Opcode : 'seteq' 'setne' 'setle' 'setge' 'setlt' 'setgt'> <InPorts = 2> <OutPorts = 1>
ST_2 : Operation 70 [1/1] (1.48ns)   --->   "%select_ln46 = select i1 %icmp_ln47, i64 %zext_ln42_cast, i64 %j_load" [../MLP_baseline/mm.cpp:46]   --->   Operation 70 'select' 'select_ln46' <Predicate = (!icmp_ln46)> <Delay = 1.48> <CoreInst = "Sel">   --->   Core 73 'Sel' <Latency = 0> <II = 1> <Delay = 1.48> <FuncUnit> <Opcode : 'select'> <InPorts = 3> <OutPorts = 1>
ST_2 : Operation 71 [1/1] (2.63ns)   --->   "%icmp_ln50 = icmp_eq  i34 %zext_ln43_cast, i34 %sext_ln43_3_read" [../MLP_baseline/mm.cpp:50]   --->   Operation 71 'icmp' 'icmp_ln50' <Predicate = (!icmp_ln46)> <Delay = 2.63> <CoreInst = "Cmp">   --->   Core 9 'Cmp' <Latency = 0> <II = 1> <Delay = 2.63> <FuncUnit> <Opcode : 'seteq' 'setne' 'setle' 'setge' 'setlt' 'setgt'> <InPorts = 2> <OutPorts = 1>
ST_2 : Operation 72 [1/1] (3.52ns)   --->   "%icmp_ln50_1 = icmp_eq  i64 %k_load, i64 %sext_ln43_3_cast" [../MLP_baseline/mm.cpp:50]   --->   Operation 72 'icmp' 'icmp_ln50_1' <Predicate = (!icmp_ln46)> <Delay = 3.52> <CoreInst = "Cmp">   --->   Core 9 'Cmp' <Latency = 0> <II = 1> <Delay = 3.52> <FuncUnit> <Opcode : 'seteq' 'setne' 'setle' 'setge' 'setlt' 'setgt'> <InPorts = 2> <OutPorts = 1>
ST_2 : Operation 73 [1/1] (0.99ns)   --->   "%select_ln46_2 = select i1 %icmp_ln47, i1 %icmp_ln50, i1 %icmp_ln50_1" [../MLP_baseline/mm.cpp:46]   --->   Operation 73 'select' 'select_ln46_2' <Predicate = (!icmp_ln46)> <Delay = 0.99> <CoreInst = "Sel">   --->   Core 73 'Sel' <Latency = 0> <II = 1> <Delay = 0.99> <FuncUnit> <Opcode : 'select'> <InPorts = 3> <OutPorts = 1>
ST_2 : Operation 74 [1/1] (3.52ns)   --->   "%add_ln46_1 = add i64 %i_load, i64 1" [../MLP_baseline/mm.cpp:46]   --->   Operation 74 'add' 'add_ln46_1' <Predicate = (!icmp_ln46)> <Delay = 3.52> <CoreInst = "Adder">   --->   Core 1 'Adder' <Latency = 0> <II = 1> <Delay = 3.52> <FuncUnit> <Opcode : 'add' 'sub'> <InPorts = 2> <OutPorts = 1>
ST_2 : Operation 75 [1/1] (1.48ns)   --->   "%select_ln46_3 = select i1 %icmp_ln47, i64 %add_ln46_1, i64 %i_load" [../MLP_baseline/mm.cpp:46]   --->   Operation 75 'select' 'select_ln46_3' <Predicate = (!icmp_ln46)> <Delay = 1.48> <CoreInst = "Sel">   --->   Core 73 'Sel' <Latency = 0> <II = 1> <Delay = 1.48> <FuncUnit> <Opcode : 'select'> <InPorts = 3> <OutPorts = 1>
ST_2 : Operation 76 [1/1] (0.00ns)   --->   "%trunc_ln46 = trunc i64 %select_ln46_3" [../MLP_baseline/mm.cpp:46]   --->   Operation 76 'trunc' 'trunc_ln46' <Predicate = (!icmp_ln46)> <Delay = 0.00>
ST_2 : Operation 77 [1/1] (5.35ns)   --->   "%add_ln47_1 = add i128 %indvar_flatten_load, i128 1" [../MLP_baseline/mm.cpp:47]   --->   Operation 77 'add' 'add_ln47_1' <Predicate = (!icmp_ln46)> <Delay = 5.35> <CoreInst = "Adder">   --->   Core 1 'Adder' <Latency = 0> <II = 1> <Delay = 5.35> <FuncUnit> <Opcode : 'add' 'sub'> <InPorts = 2> <OutPorts = 1>

State 3 <SV = 2> <Delay = 6.85>
ST_3 : Operation 78 [1/1] (0.00ns) (grouped into LUT with out node k_1_mid2)   --->   "%select_ln46_1 = select i1 %icmp_ln47, i64 %zext_ln43_cast1, i64 %k_load" [../MLP_baseline/mm.cpp:46]   --->   Operation 78 'select' 'select_ln46_1' <Predicate = (!icmp_ln46 & !select_ln46_2)> <Delay = 0.00> <CoreInst = "Sel">   --->   Core 73 'Sel' <Latency = 0> <II = 1> <Delay = 1.48> <FuncUnit> <Opcode : 'select'> <InPorts = 3> <OutPorts = 1>
ST_3 : Operation 79 [1/1] (3.52ns)   --->   "%add_ln47 = add i64 %select_ln46, i64 1" [../MLP_baseline/mm.cpp:47]   --->   Operation 79 'add' 'add_ln47' <Predicate = (!icmp_ln46 & select_ln46_2)> <Delay = 3.52> <CoreInst = "Adder">   --->   Core 1 'Adder' <Latency = 0> <II = 1> <Delay = 3.52> <FuncUnit> <Opcode : 'add' 'sub'> <InPorts = 2> <OutPorts = 1>
ST_3 : Operation 80 [1/1] (1.48ns) (out node of the LUT)   --->   "%k_1_mid2 = select i1 %select_ln46_2, i64 %zext_ln43_cast1, i64 %select_ln46_1" [../MLP_baseline/mm.cpp:46]   --->   Operation 80 'select' 'k_1_mid2' <Predicate = (!icmp_ln46)> <Delay = 1.48> <CoreInst = "Sel">   --->   Core 73 'Sel' <Latency = 0> <II = 1> <Delay = 1.48> <FuncUnit> <Opcode : 'select'> <InPorts = 3> <OutPorts = 1>
ST_3 : Operation 81 [1/1] (1.48ns)   --->   "%select_ln47 = select i1 %select_ln46_2, i64 %add_ln47, i64 %select_ln46" [../MLP_baseline/mm.cpp:47]   --->   Operation 81 'select' 'select_ln47' <Predicate = (!icmp_ln46)> <Delay = 1.48> <CoreInst = "Sel">   --->   Core 73 'Sel' <Latency = 0> <II = 1> <Delay = 1.48> <FuncUnit> <Opcode : 'select'> <InPorts = 3> <OutPorts = 1>
ST_3 : Operation 82 [5/5] (6.85ns)   --->   "%empty = mul i62 %trunc_ln46, i62 %sext_ln41_cast" [../MLP_baseline/mm.cpp:46]   --->   Operation 82 'mul' 'empty' <Predicate = (!icmp_ln46)> <Delay = 6.85> <CoreInst = "Multiplier">   --->   Core 3 'Multiplier' <Latency = 4> <II = 1> <Delay = 6.85> <FuncUnit> <Opcode : 'mul'> <InPorts = 2> <OutPorts = 1>
ST_3 : Operation 83 [5/5] (6.85ns)   --->   "%empty_30 = mul i62 %trunc_ln46, i62 %P_cast8_cast" [../MLP_baseline/mm.cpp:46]   --->   Operation 83 'mul' 'empty_30' <Predicate = (!icmp_ln46)> <Delay = 6.85> <CoreInst = "Multiplier">   --->   Core 3 'Multiplier' <Latency = 4> <II = 1> <Delay = 6.85> <FuncUnit> <Opcode : 'mul'> <InPorts = 2> <OutPorts = 1>
ST_3 : Operation 84 [1/1] (0.00ns)   --->   "%trunc_ln47 = trunc i64 %select_ln47" [../MLP_baseline/mm.cpp:47]   --->   Operation 84 'trunc' 'trunc_ln47' <Predicate = (!icmp_ln46)> <Delay = 0.00>
ST_3 : Operation 85 [1/1] (0.00ns)   --->   "%trunc_ln50 = trunc i64 %k_1_mid2" [../MLP_baseline/mm.cpp:50]   --->   Operation 85 'trunc' 'trunc_ln50' <Predicate = (!icmp_ln46)> <Delay = 0.00>
ST_3 : Operation 86 [1/1] (1.92ns)   --->   "%select_ln47_1 = select i1 %icmp_ln47, i128 1, i128 %add_ln47_1" [../MLP_baseline/mm.cpp:47]   --->   Operation 86 'select' 'select_ln47_1' <Predicate = (!icmp_ln46)> <Delay = 1.92> <CoreInst = "Sel">   --->   Core 73 'Sel' <Latency = 0> <II = 1> <Delay = 1.92> <FuncUnit> <Opcode : 'select'> <InPorts = 3> <OutPorts = 1>
ST_3 : Operation 87 [1/1] (1.58ns)   --->   "%store_ln46 = store i192 %add_ln46, i192 %indvar_flatten69" [../MLP_baseline/mm.cpp:46]   --->   Operation 87 'store' 'store_ln46' <Predicate = (!icmp_ln46)> <Delay = 1.58>
ST_3 : Operation 88 [1/1] (1.58ns)   --->   "%store_ln46 = store i64 %select_ln46_3, i64 %i" [../MLP_baseline/mm.cpp:46]   --->   Operation 88 'store' 'store_ln46' <Predicate = (!icmp_ln46)> <Delay = 1.58>
ST_3 : Operation 89 [1/1] (1.58ns)   --->   "%store_ln47 = store i128 %select_ln47_1, i128 %indvar_flatten" [../MLP_baseline/mm.cpp:47]   --->   Operation 89 'store' 'store_ln47' <Predicate = (!icmp_ln46)> <Delay = 1.58>
ST_3 : Operation 90 [1/1] (1.58ns)   --->   "%store_ln47 = store i64 %select_ln47, i64 %j" [../MLP_baseline/mm.cpp:47]   --->   Operation 90 'store' 'store_ln47' <Predicate = (!icmp_ln46)> <Delay = 1.58>

State 4 <SV = 3> <Delay = 6.85>
ST_4 : Operation 91 [4/5] (6.85ns)   --->   "%empty = mul i62 %trunc_ln46, i62 %sext_ln41_cast" [../MLP_baseline/mm.cpp:46]   --->   Operation 91 'mul' 'empty' <Predicate = (!icmp_ln46)> <Delay = 6.85> <CoreInst = "Multiplier">   --->   Core 3 'Multiplier' <Latency = 4> <II = 1> <Delay = 6.85> <FuncUnit> <Opcode : 'mul'> <InPorts = 2> <OutPorts = 1>
ST_4 : Operation 92 [4/5] (6.85ns)   --->   "%empty_30 = mul i62 %trunc_ln46, i62 %P_cast8_cast" [../MLP_baseline/mm.cpp:46]   --->   Operation 92 'mul' 'empty_30' <Predicate = (!icmp_ln46)> <Delay = 6.85> <CoreInst = "Multiplier">   --->   Core 3 'Multiplier' <Latency = 4> <II = 1> <Delay = 6.85> <FuncUnit> <Opcode : 'mul'> <InPorts = 2> <OutPorts = 1>
ST_4 : Operation 93 [5/5] (6.85ns)   --->   "%mul_ln51 = mul i62 %trunc_ln50, i62 %P_cast8_cast" [../MLP_baseline/mm.cpp:51]   --->   Operation 93 'mul' 'mul_ln51' <Predicate = (!icmp_ln46)> <Delay = 6.85> <CoreInst = "Multiplier">   --->   Core 3 'Multiplier' <Latency = 4> <II = 1> <Delay = 6.85> <FuncUnit> <Opcode : 'mul'> <InPorts = 2> <OutPorts = 1>

State 5 <SV = 4> <Delay = 6.85>
ST_5 : Operation 94 [3/5] (6.85ns)   --->   "%empty = mul i62 %trunc_ln46, i62 %sext_ln41_cast" [../MLP_baseline/mm.cpp:46]   --->   Operation 94 'mul' 'empty' <Predicate = (!icmp_ln46)> <Delay = 6.85> <CoreInst = "Multiplier">   --->   Core 3 'Multiplier' <Latency = 4> <II = 1> <Delay = 6.85> <FuncUnit> <Opcode : 'mul'> <InPorts = 2> <OutPorts = 1>
ST_5 : Operation 95 [3/5] (6.85ns)   --->   "%empty_30 = mul i62 %trunc_ln46, i62 %P_cast8_cast" [../MLP_baseline/mm.cpp:46]   --->   Operation 95 'mul' 'empty_30' <Predicate = (!icmp_ln46)> <Delay = 6.85> <CoreInst = "Multiplier">   --->   Core 3 'Multiplier' <Latency = 4> <II = 1> <Delay = 6.85> <FuncUnit> <Opcode : 'mul'> <InPorts = 2> <OutPorts = 1>
ST_5 : Operation 96 [4/5] (6.85ns)   --->   "%mul_ln51 = mul i62 %trunc_ln50, i62 %P_cast8_cast" [../MLP_baseline/mm.cpp:51]   --->   Operation 96 'mul' 'mul_ln51' <Predicate = (!icmp_ln46)> <Delay = 6.85> <CoreInst = "Multiplier">   --->   Core 3 'Multiplier' <Latency = 4> <II = 1> <Delay = 6.85> <FuncUnit> <Opcode : 'mul'> <InPorts = 2> <OutPorts = 1>

State 6 <SV = 5> <Delay = 6.85>
ST_6 : Operation 97 [2/5] (6.85ns)   --->   "%empty = mul i62 %trunc_ln46, i62 %sext_ln41_cast" [../MLP_baseline/mm.cpp:46]   --->   Operation 97 'mul' 'empty' <Predicate = (!icmp_ln46)> <Delay = 6.85> <CoreInst = "Multiplier">   --->   Core 3 'Multiplier' <Latency = 4> <II = 1> <Delay = 6.85> <FuncUnit> <Opcode : 'mul'> <InPorts = 2> <OutPorts = 1>
ST_6 : Operation 98 [2/5] (6.85ns)   --->   "%empty_30 = mul i62 %trunc_ln46, i62 %P_cast8_cast" [../MLP_baseline/mm.cpp:46]   --->   Operation 98 'mul' 'empty_30' <Predicate = (!icmp_ln46)> <Delay = 6.85> <CoreInst = "Multiplier">   --->   Core 3 'Multiplier' <Latency = 4> <II = 1> <Delay = 6.85> <FuncUnit> <Opcode : 'mul'> <InPorts = 2> <OutPorts = 1>
ST_6 : Operation 99 [3/5] (6.85ns)   --->   "%mul_ln51 = mul i62 %trunc_ln50, i62 %P_cast8_cast" [../MLP_baseline/mm.cpp:51]   --->   Operation 99 'mul' 'mul_ln51' <Predicate = (!icmp_ln46)> <Delay = 6.85> <CoreInst = "Multiplier">   --->   Core 3 'Multiplier' <Latency = 4> <II = 1> <Delay = 6.85> <FuncUnit> <Opcode : 'mul'> <InPorts = 2> <OutPorts = 1>

State 7 <SV = 6> <Delay = 6.85>
ST_7 : Operation 100 [1/5] (6.85ns)   --->   "%empty = mul i62 %trunc_ln46, i62 %sext_ln41_cast" [../MLP_baseline/mm.cpp:46]   --->   Operation 100 'mul' 'empty' <Predicate = (!icmp_ln46)> <Delay = 6.85> <CoreInst = "Multiplier">   --->   Core 3 'Multiplier' <Latency = 4> <II = 1> <Delay = 6.85> <FuncUnit> <Opcode : 'mul'> <InPorts = 2> <OutPorts = 1>
ST_7 : Operation 101 [1/5] (6.85ns)   --->   "%empty_30 = mul i62 %trunc_ln46, i62 %P_cast8_cast" [../MLP_baseline/mm.cpp:46]   --->   Operation 101 'mul' 'empty_30' <Predicate = (!icmp_ln46)> <Delay = 6.85> <CoreInst = "Multiplier">   --->   Core 3 'Multiplier' <Latency = 4> <II = 1> <Delay = 6.85> <FuncUnit> <Opcode : 'mul'> <InPorts = 2> <OutPorts = 1>
ST_7 : Operation 102 [2/5] (6.85ns)   --->   "%mul_ln51 = mul i62 %trunc_ln50, i62 %P_cast8_cast" [../MLP_baseline/mm.cpp:51]   --->   Operation 102 'mul' 'mul_ln51' <Predicate = (!icmp_ln46)> <Delay = 6.85> <CoreInst = "Multiplier">   --->   Core 3 'Multiplier' <Latency = 4> <II = 1> <Delay = 6.85> <FuncUnit> <Opcode : 'mul'> <InPorts = 2> <OutPorts = 1>

State 8 <SV = 7> <Delay = 6.98>
ST_8 : Operation 103 [1/1] (3.46ns)   --->   "%empty_31 = add i62 %trunc_ln47, i62 %empty_30" [../MLP_baseline/mm.cpp:47]   --->   Operation 103 'add' 'empty_31' <Predicate = (!icmp_ln46)> <Delay = 3.46> <CoreInst = "Adder">   --->   Core 1 'Adder' <Latency = 0> <II = 1> <Delay = 3.46> <FuncUnit> <Opcode : 'add' 'sub'> <InPorts = 2> <OutPorts = 1>
ST_8 : Operation 104 [1/1] (0.00ns)   --->   "%tmp = bitconcatenate i64 @_ssdm_op_BitConcatenate.i64.i62.i2, i62 %empty_31, i2 0" [../MLP_baseline/mm.cpp:47]   --->   Operation 104 'bitconcatenate' 'tmp' <Predicate = (!icmp_ln46)> <Delay = 0.00>
ST_8 : Operation 105 [1/1] (3.52ns)   --->   "%empty_32 = add i64 %tmp, i64 %ABC_read" [../MLP_baseline/mm.cpp:47]   --->   Operation 105 'add' 'empty_32' <Predicate = (!icmp_ln46)> <Delay = 3.52> <CoreInst = "Adder">   --->   Core 1 'Adder' <Latency = 0> <II = 1> <Delay = 3.52> <FuncUnit> <Opcode : 'add' 'sub'> <InPorts = 2> <OutPorts = 1>
ST_8 : Operation 106 [1/1] (0.00ns)   --->   "%p_cast = partselect i62 @_ssdm_op_PartSelect.i62.i64.i32.i32, i64 %empty_32, i32 2, i32 63" [../MLP_baseline/mm.cpp:47]   --->   Operation 106 'partselect' 'p_cast' <Predicate = (!icmp_ln46)> <Delay = 0.00>
ST_8 : Operation 107 [1/1] (0.00ns)   --->   "%p_cast_cast = sext i62 %p_cast" [../MLP_baseline/mm.cpp:47]   --->   Operation 107 'sext' 'p_cast_cast' <Predicate = (!icmp_ln46)> <Delay = 0.00>
ST_8 : Operation 108 [1/1] (0.00ns)   --->   "%gmem_addr = getelementptr i32 %gmem, i64 %p_cast_cast" [../MLP_baseline/mm.cpp:47]   --->   Operation 108 'getelementptr' 'gmem_addr' <Predicate = (!icmp_ln46)> <Delay = 0.00>
ST_8 : Operation 109 [1/1] (3.46ns)   --->   "%add_ln51 = add i62 %trunc_ln50, i62 %empty" [../MLP_baseline/mm.cpp:51]   --->   Operation 109 'add' 'add_ln51' <Predicate = (!icmp_ln46)> <Delay = 3.46> <CoreInst = "Adder">   --->   Core 1 'Adder' <Latency = 0> <II = 1> <Delay = 3.46> <FuncUnit> <Opcode : 'add' 'sub'> <InPorts = 2> <OutPorts = 1>
ST_8 : Operation 110 [1/1] (0.00ns)   --->   "%shl_ln = bitconcatenate i64 @_ssdm_op_BitConcatenate.i64.i62.i2, i62 %add_ln51, i2 0" [../MLP_baseline/mm.cpp:51]   --->   Operation 110 'bitconcatenate' 'shl_ln' <Predicate = (!icmp_ln46)> <Delay = 0.00>
ST_8 : Operation 111 [1/1] (3.52ns)   --->   "%add_ln51_1 = add i64 %shl_ln, i64 %A_read" [../MLP_baseline/mm.cpp:51]   --->   Operation 111 'add' 'add_ln51_1' <Predicate = (!icmp_ln46)> <Delay = 3.52> <CoreInst = "Adder">   --->   Core 1 'Adder' <Latency = 0> <II = 1> <Delay = 3.52> <FuncUnit> <Opcode : 'add' 'sub'> <InPorts = 2> <OutPorts = 1>
ST_8 : Operation 112 [1/1] (0.00ns)   --->   "%trunc_ln4 = partselect i62 @_ssdm_op_PartSelect.i62.i64.i32.i32, i64 %add_ln51_1, i32 2, i32 63" [../MLP_baseline/mm.cpp:51]   --->   Operation 112 'partselect' 'trunc_ln4' <Predicate = (!icmp_ln46)> <Delay = 0.00>
ST_8 : Operation 113 [1/1] (0.00ns)   --->   "%sext_ln51 = sext i62 %trunc_ln4" [../MLP_baseline/mm.cpp:51]   --->   Operation 113 'sext' 'sext_ln51' <Predicate = (!icmp_ln46)> <Delay = 0.00>
ST_8 : Operation 114 [1/1] (0.00ns)   --->   "%gmem_addr_1 = getelementptr i32 %gmem, i64 %sext_ln51" [../MLP_baseline/mm.cpp:51]   --->   Operation 114 'getelementptr' 'gmem_addr_1' <Predicate = (!icmp_ln46)> <Delay = 0.00>
ST_8 : Operation 115 [1/5] (6.85ns)   --->   "%mul_ln51 = mul i62 %trunc_ln50, i62 %P_cast8_cast" [../MLP_baseline/mm.cpp:51]   --->   Operation 115 'mul' 'mul_ln51' <Predicate = (!icmp_ln46)> <Delay = 6.85> <CoreInst = "Multiplier">   --->   Core 3 'Multiplier' <Latency = 4> <II = 1> <Delay = 6.85> <FuncUnit> <Opcode : 'mul'> <InPorts = 2> <OutPorts = 1>

State 9 <SV = 8> <Delay = 7.30>
ST_9 : Operation 116 [8/8] (7.30ns)   --->   "%gmem_load_req = readreq i1 @_ssdm_op_ReadReq.m_axi.i32P1A, i32 %gmem_addr_1, i64 1" [../MLP_baseline/mm.cpp:51]   --->   Operation 116 'readreq' 'gmem_load_req' <Predicate = (!icmp_ln46)> <Delay = 7.30> <CoreInst = "m_axi">   --->   Core 111 'm_axi' <Latency = 6> <II = 1> <Delay = 1.00> <Adapter> <Opcode : 'read' 'write' 'readreq' 'writereq' 'writeresp'>
ST_9 : Operation 117 [1/1] (3.46ns)   --->   "%add_ln51_2 = add i62 %mul_ln51, i62 %trunc_ln47" [../MLP_baseline/mm.cpp:51]   --->   Operation 117 'add' 'add_ln51_2' <Predicate = (!icmp_ln46)> <Delay = 3.46> <CoreInst = "Adder">   --->   Core 1 'Adder' <Latency = 0> <II = 1> <Delay = 3.46> <FuncUnit> <Opcode : 'add' 'sub'> <InPorts = 2> <OutPorts = 1>
ST_9 : Operation 118 [1/1] (0.00ns)   --->   "%shl_ln51_1 = bitconcatenate i64 @_ssdm_op_BitConcatenate.i64.i62.i2, i62 %add_ln51_2, i2 0" [../MLP_baseline/mm.cpp:51]   --->   Operation 118 'bitconcatenate' 'shl_ln51_1' <Predicate = (!icmp_ln46)> <Delay = 0.00>
ST_9 : Operation 119 [1/1] (3.52ns)   --->   "%add_ln51_3 = add i64 %shl_ln51_1, i64 %B_read" [../MLP_baseline/mm.cpp:51]   --->   Operation 119 'add' 'add_ln51_3' <Predicate = (!icmp_ln46)> <Delay = 3.52> <CoreInst = "Adder">   --->   Core 1 'Adder' <Latency = 0> <II = 1> <Delay = 3.52> <FuncUnit> <Opcode : 'add' 'sub'> <InPorts = 2> <OutPorts = 1>
ST_9 : Operation 120 [1/1] (0.00ns)   --->   "%trunc_ln51_1 = partselect i62 @_ssdm_op_PartSelect.i62.i64.i32.i32, i64 %add_ln51_3, i32 2, i32 63" [../MLP_baseline/mm.cpp:51]   --->   Operation 120 'partselect' 'trunc_ln51_1' <Predicate = (!icmp_ln46)> <Delay = 0.00>
ST_9 : Operation 121 [1/1] (0.00ns)   --->   "%sext_ln51_1 = sext i62 %trunc_ln51_1" [../MLP_baseline/mm.cpp:51]   --->   Operation 121 'sext' 'sext_ln51_1' <Predicate = (!icmp_ln46)> <Delay = 0.00>
ST_9 : Operation 122 [1/1] (0.00ns)   --->   "%gmem_addr_2 = getelementptr i32 %gmem, i64 %sext_ln51_1" [../MLP_baseline/mm.cpp:51]   --->   Operation 122 'getelementptr' 'gmem_addr_2' <Predicate = (!icmp_ln46)> <Delay = 0.00>

State 10 <SV = 9> <Delay = 7.30>
ST_10 : Operation 123 [7/8] (7.30ns)   --->   "%gmem_load_req = readreq i1 @_ssdm_op_ReadReq.m_axi.i32P1A, i32 %gmem_addr_1, i64 1" [../MLP_baseline/mm.cpp:51]   --->   Operation 123 'readreq' 'gmem_load_req' <Predicate = (!icmp_ln46)> <Delay = 7.30> <CoreInst = "m_axi">   --->   Core 111 'm_axi' <Latency = 6> <II = 1> <Delay = 1.00> <Adapter> <Opcode : 'read' 'write' 'readreq' 'writereq' 'writeresp'>
ST_10 : Operation 124 [8/8] (7.30ns)   --->   "%gmem_load_1_req = readreq i1 @_ssdm_op_ReadReq.m_axi.i32P1A, i32 %gmem_addr_2, i64 1" [../MLP_baseline/mm.cpp:51]   --->   Operation 124 'readreq' 'gmem_load_1_req' <Predicate = (!icmp_ln46)> <Delay = 7.30> <CoreInst = "m_axi">   --->   Core 111 'm_axi' <Latency = 6> <II = 1> <Delay = 1.00> <Adapter> <Opcode : 'read' 'write' 'readreq' 'writereq' 'writeresp'>

State 11 <SV = 10> <Delay = 7.30>
ST_11 : Operation 125 [6/8] (7.30ns)   --->   "%gmem_load_req = readreq i1 @_ssdm_op_ReadReq.m_axi.i32P1A, i32 %gmem_addr_1, i64 1" [../MLP_baseline/mm.cpp:51]   --->   Operation 125 'readreq' 'gmem_load_req' <Predicate = (!icmp_ln46)> <Delay = 7.30> <CoreInst = "m_axi">   --->   Core 111 'm_axi' <Latency = 6> <II = 1> <Delay = 1.00> <Adapter> <Opcode : 'read' 'write' 'readreq' 'writereq' 'writeresp'>
ST_11 : Operation 126 [7/8] (7.30ns)   --->   "%gmem_load_1_req = readreq i1 @_ssdm_op_ReadReq.m_axi.i32P1A, i32 %gmem_addr_2, i64 1" [../MLP_baseline/mm.cpp:51]   --->   Operation 126 'readreq' 'gmem_load_1_req' <Predicate = (!icmp_ln46)> <Delay = 7.30> <CoreInst = "m_axi">   --->   Core 111 'm_axi' <Latency = 6> <II = 1> <Delay = 1.00> <Adapter> <Opcode : 'read' 'write' 'readreq' 'writereq' 'writeresp'>
ST_11 : Operation 164 [1/1] (1.58ns)   --->   "%ret_ln0 = ret"   --->   Operation 164 'ret' 'ret_ln0' <Predicate = (icmp_ln46)> <Delay = 1.58>

State 12 <SV = 11> <Delay = 7.30>
ST_12 : Operation 127 [5/8] (7.30ns)   --->   "%gmem_load_req = readreq i1 @_ssdm_op_ReadReq.m_axi.i32P1A, i32 %gmem_addr_1, i64 1" [../MLP_baseline/mm.cpp:51]   --->   Operation 127 'readreq' 'gmem_load_req' <Predicate = (!icmp_ln46)> <Delay = 7.30> <CoreInst = "m_axi">   --->   Core 111 'm_axi' <Latency = 6> <II = 1> <Delay = 1.00> <Adapter> <Opcode : 'read' 'write' 'readreq' 'writereq' 'writeresp'>
ST_12 : Operation 128 [6/8] (7.30ns)   --->   "%gmem_load_1_req = readreq i1 @_ssdm_op_ReadReq.m_axi.i32P1A, i32 %gmem_addr_2, i64 1" [../MLP_baseline/mm.cpp:51]   --->   Operation 128 'readreq' 'gmem_load_1_req' <Predicate = (!icmp_ln46)> <Delay = 7.30> <CoreInst = "m_axi">   --->   Core 111 'm_axi' <Latency = 6> <II = 1> <Delay = 1.00> <Adapter> <Opcode : 'read' 'write' 'readreq' 'writereq' 'writeresp'>
ST_12 : Operation 129 [8/8] (7.30ns)   --->   "%gmem_load_2_req = readreq i1 @_ssdm_op_ReadReq.m_axi.i32P1A, i32 %gmem_addr, i64 1" [../MLP_baseline/mm.cpp:51]   --->   Operation 129 'readreq' 'gmem_load_2_req' <Predicate = (!icmp_ln46)> <Delay = 7.30> <CoreInst = "m_axi">   --->   Core 111 'm_axi' <Latency = 6> <II = 1> <Delay = 1.00> <Adapter> <Opcode : 'read' 'write' 'readreq' 'writereq' 'writeresp'>

State 13 <SV = 12> <Delay = 7.30>
ST_13 : Operation 130 [4/8] (7.30ns)   --->   "%gmem_load_req = readreq i1 @_ssdm_op_ReadReq.m_axi.i32P1A, i32 %gmem_addr_1, i64 1" [../MLP_baseline/mm.cpp:51]   --->   Operation 130 'readreq' 'gmem_load_req' <Predicate = (!icmp_ln46)> <Delay = 7.30> <CoreInst = "m_axi">   --->   Core 111 'm_axi' <Latency = 6> <II = 1> <Delay = 1.00> <Adapter> <Opcode : 'read' 'write' 'readreq' 'writereq' 'writeresp'>
ST_13 : Operation 131 [5/8] (7.30ns)   --->   "%gmem_load_1_req = readreq i1 @_ssdm_op_ReadReq.m_axi.i32P1A, i32 %gmem_addr_2, i64 1" [../MLP_baseline/mm.cpp:51]   --->   Operation 131 'readreq' 'gmem_load_1_req' <Predicate = (!icmp_ln46)> <Delay = 7.30> <CoreInst = "m_axi">   --->   Core 111 'm_axi' <Latency = 6> <II = 1> <Delay = 1.00> <Adapter> <Opcode : 'read' 'write' 'readreq' 'writereq' 'writeresp'>
ST_13 : Operation 132 [7/8] (7.30ns)   --->   "%gmem_load_2_req = readreq i1 @_ssdm_op_ReadReq.m_axi.i32P1A, i32 %gmem_addr, i64 1" [../MLP_baseline/mm.cpp:51]   --->   Operation 132 'readreq' 'gmem_load_2_req' <Predicate = (!icmp_ln46)> <Delay = 7.30> <CoreInst = "m_axi">   --->   Core 111 'm_axi' <Latency = 6> <II = 1> <Delay = 1.00> <Adapter> <Opcode : 'read' 'write' 'readreq' 'writereq' 'writeresp'>

State 14 <SV = 13> <Delay = 7.30>
ST_14 : Operation 133 [3/8] (7.30ns)   --->   "%gmem_load_req = readreq i1 @_ssdm_op_ReadReq.m_axi.i32P1A, i32 %gmem_addr_1, i64 1" [../MLP_baseline/mm.cpp:51]   --->   Operation 133 'readreq' 'gmem_load_req' <Predicate = (!icmp_ln46)> <Delay = 7.30> <CoreInst = "m_axi">   --->   Core 111 'm_axi' <Latency = 6> <II = 1> <Delay = 1.00> <Adapter> <Opcode : 'read' 'write' 'readreq' 'writereq' 'writeresp'>
ST_14 : Operation 134 [4/8] (7.30ns)   --->   "%gmem_load_1_req = readreq i1 @_ssdm_op_ReadReq.m_axi.i32P1A, i32 %gmem_addr_2, i64 1" [../MLP_baseline/mm.cpp:51]   --->   Operation 134 'readreq' 'gmem_load_1_req' <Predicate = (!icmp_ln46)> <Delay = 7.30> <CoreInst = "m_axi">   --->   Core 111 'm_axi' <Latency = 6> <II = 1> <Delay = 1.00> <Adapter> <Opcode : 'read' 'write' 'readreq' 'writereq' 'writeresp'>
ST_14 : Operation 135 [6/8] (7.30ns)   --->   "%gmem_load_2_req = readreq i1 @_ssdm_op_ReadReq.m_axi.i32P1A, i32 %gmem_addr, i64 1" [../MLP_baseline/mm.cpp:51]   --->   Operation 135 'readreq' 'gmem_load_2_req' <Predicate = (!icmp_ln46)> <Delay = 7.30> <CoreInst = "m_axi">   --->   Core 111 'm_axi' <Latency = 6> <II = 1> <Delay = 1.00> <Adapter> <Opcode : 'read' 'write' 'readreq' 'writereq' 'writeresp'>

State 15 <SV = 14> <Delay = 7.30>
ST_15 : Operation 136 [2/8] (7.30ns)   --->   "%gmem_load_req = readreq i1 @_ssdm_op_ReadReq.m_axi.i32P1A, i32 %gmem_addr_1, i64 1" [../MLP_baseline/mm.cpp:51]   --->   Operation 136 'readreq' 'gmem_load_req' <Predicate = (!icmp_ln46)> <Delay = 7.30> <CoreInst = "m_axi">   --->   Core 111 'm_axi' <Latency = 6> <II = 1> <Delay = 1.00> <Adapter> <Opcode : 'read' 'write' 'readreq' 'writereq' 'writeresp'>
ST_15 : Operation 137 [3/8] (7.30ns)   --->   "%gmem_load_1_req = readreq i1 @_ssdm_op_ReadReq.m_axi.i32P1A, i32 %gmem_addr_2, i64 1" [../MLP_baseline/mm.cpp:51]   --->   Operation 137 'readreq' 'gmem_load_1_req' <Predicate = (!icmp_ln46)> <Delay = 7.30> <CoreInst = "m_axi">   --->   Core 111 'm_axi' <Latency = 6> <II = 1> <Delay = 1.00> <Adapter> <Opcode : 'read' 'write' 'readreq' 'writereq' 'writeresp'>
ST_15 : Operation 138 [5/8] (7.30ns)   --->   "%gmem_load_2_req = readreq i1 @_ssdm_op_ReadReq.m_axi.i32P1A, i32 %gmem_addr, i64 1" [../MLP_baseline/mm.cpp:51]   --->   Operation 138 'readreq' 'gmem_load_2_req' <Predicate = (!icmp_ln46)> <Delay = 7.30> <CoreInst = "m_axi">   --->   Core 111 'm_axi' <Latency = 6> <II = 1> <Delay = 1.00> <Adapter> <Opcode : 'read' 'write' 'readreq' 'writereq' 'writeresp'>

State 16 <SV = 15> <Delay = 7.30>
ST_16 : Operation 139 [1/8] (7.30ns)   --->   "%gmem_load_req = readreq i1 @_ssdm_op_ReadReq.m_axi.i32P1A, i32 %gmem_addr_1, i64 1" [../MLP_baseline/mm.cpp:51]   --->   Operation 139 'readreq' 'gmem_load_req' <Predicate = (!icmp_ln46)> <Delay = 7.30> <CoreInst = "m_axi">   --->   Core 111 'm_axi' <Latency = 6> <II = 1> <Delay = 1.00> <Adapter> <Opcode : 'read' 'write' 'readreq' 'writereq' 'writeresp'>
ST_16 : Operation 140 [2/8] (7.30ns)   --->   "%gmem_load_1_req = readreq i1 @_ssdm_op_ReadReq.m_axi.i32P1A, i32 %gmem_addr_2, i64 1" [../MLP_baseline/mm.cpp:51]   --->   Operation 140 'readreq' 'gmem_load_1_req' <Predicate = (!icmp_ln46)> <Delay = 7.30> <CoreInst = "m_axi">   --->   Core 111 'm_axi' <Latency = 6> <II = 1> <Delay = 1.00> <Adapter> <Opcode : 'read' 'write' 'readreq' 'writereq' 'writeresp'>
ST_16 : Operation 141 [4/8] (7.30ns)   --->   "%gmem_load_2_req = readreq i1 @_ssdm_op_ReadReq.m_axi.i32P1A, i32 %gmem_addr, i64 1" [../MLP_baseline/mm.cpp:51]   --->   Operation 141 'readreq' 'gmem_load_2_req' <Predicate = (!icmp_ln46)> <Delay = 7.30> <CoreInst = "m_axi">   --->   Core 111 'm_axi' <Latency = 6> <II = 1> <Delay = 1.00> <Adapter> <Opcode : 'read' 'write' 'readreq' 'writereq' 'writeresp'>

State 17 <SV = 16> <Delay = 7.30>
ST_17 : Operation 142 [1/1] (7.30ns)   --->   "%gmem_addr_1_read = read i32 @_ssdm_op_Read.m_axi.i32P1A, i32 %gmem_addr_1" [../MLP_baseline/mm.cpp:51]   --->   Operation 142 'read' 'gmem_addr_1_read' <Predicate = true> <Delay = 7.30> <CoreInst = "m_axi">   --->   Core 111 'm_axi' <Latency = 3> <II = 1> <Delay = 1.00> <Adapter> <Opcode : 'read' 'write' 'readreq' 'writereq' 'writeresp'>
ST_17 : Operation 143 [1/8] (7.30ns)   --->   "%gmem_load_1_req = readreq i1 @_ssdm_op_ReadReq.m_axi.i32P1A, i32 %gmem_addr_2, i64 1" [../MLP_baseline/mm.cpp:51]   --->   Operation 143 'readreq' 'gmem_load_1_req' <Predicate = true> <Delay = 7.30> <CoreInst = "m_axi">   --->   Core 111 'm_axi' <Latency = 6> <II = 1> <Delay = 1.00> <Adapter> <Opcode : 'read' 'write' 'readreq' 'writereq' 'writeresp'>
ST_17 : Operation 144 [3/8] (7.30ns)   --->   "%gmem_load_2_req = readreq i1 @_ssdm_op_ReadReq.m_axi.i32P1A, i32 %gmem_addr, i64 1" [../MLP_baseline/mm.cpp:51]   --->   Operation 144 'readreq' 'gmem_load_2_req' <Predicate = true> <Delay = 7.30> <CoreInst = "m_axi">   --->   Core 111 'm_axi' <Latency = 6> <II = 1> <Delay = 1.00> <Adapter> <Opcode : 'read' 'write' 'readreq' 'writereq' 'writeresp'>
ST_17 : Operation 145 [1/1] (3.52ns)   --->   "%add_ln50 = add i64 %k_1_mid2, i64 1" [../MLP_baseline/mm.cpp:50]   --->   Operation 145 'add' 'add_ln50' <Predicate = true> <Delay = 3.52> <CoreInst = "Adder">   --->   Core 1 'Adder' <Latency = 0> <II = 1> <Delay = 3.52> <FuncUnit> <Opcode : 'add' 'sub'> <InPorts = 2> <OutPorts = 1>
ST_17 : Operation 146 [1/1] (1.58ns)   --->   "%store_ln50 = store i64 %add_ln50, i64 %k" [../MLP_baseline/mm.cpp:50]   --->   Operation 146 'store' 'store_ln50' <Predicate = true> <Delay = 1.58>

State 18 <SV = 17> <Delay = 7.30>
ST_18 : Operation 147 [1/1] (7.30ns)   --->   "%gmem_addr_2_read = read i32 @_ssdm_op_Read.m_axi.i32P1A, i32 %gmem_addr_2" [../MLP_baseline/mm.cpp:51]   --->   Operation 147 'read' 'gmem_addr_2_read' <Predicate = true> <Delay = 7.30> <CoreInst = "m_axi">   --->   Core 111 'm_axi' <Latency = 3> <II = 1> <Delay = 1.00> <Adapter> <Opcode : 'read' 'write' 'readreq' 'writereq' 'writeresp'>
ST_18 : Operation 148 [2/8] (7.30ns)   --->   "%gmem_load_2_req = readreq i1 @_ssdm_op_ReadReq.m_axi.i32P1A, i32 %gmem_addr, i64 1" [../MLP_baseline/mm.cpp:51]   --->   Operation 148 'readreq' 'gmem_load_2_req' <Predicate = true> <Delay = 7.30> <CoreInst = "m_axi">   --->   Core 111 'm_axi' <Latency = 6> <II = 1> <Delay = 1.00> <Adapter> <Opcode : 'read' 'write' 'readreq' 'writereq' 'writeresp'>

State 19 <SV = 18> <Delay = 7.30>
ST_19 : Operation 149 [2/2] (6.91ns)   --->   "%mul_ln51_1 = mul i32 %gmem_addr_2_read, i32 %gmem_addr_1_read" [../MLP_baseline/mm.cpp:51]   --->   Operation 149 'mul' 'mul_ln51_1' <Predicate = true> <Delay = 6.91> <CoreInst = "Multiplier">   --->   Core 3 'Multiplier' <Latency = 1> <II = 1> <Delay = 6.91> <FuncUnit> <Opcode : 'mul'> <InPorts = 2> <OutPorts = 1>
ST_19 : Operation 150 [1/8] (7.30ns)   --->   "%gmem_load_2_req = readreq i1 @_ssdm_op_ReadReq.m_axi.i32P1A, i32 %gmem_addr, i64 1" [../MLP_baseline/mm.cpp:51]   --->   Operation 150 'readreq' 'gmem_load_2_req' <Predicate = true> <Delay = 7.30> <CoreInst = "m_axi">   --->   Core 111 'm_axi' <Latency = 6> <II = 1> <Delay = 1.00> <Adapter> <Opcode : 'read' 'write' 'readreq' 'writereq' 'writeresp'>

State 20 <SV = 19> <Delay = 7.30>
ST_20 : Operation 151 [1/2] (6.91ns)   --->   "%mul_ln51_1 = mul i32 %gmem_addr_2_read, i32 %gmem_addr_1_read" [../MLP_baseline/mm.cpp:51]   --->   Operation 151 'mul' 'mul_ln51_1' <Predicate = true> <Delay = 6.91> <CoreInst = "Multiplier">   --->   Core 3 'Multiplier' <Latency = 1> <II = 1> <Delay = 6.91> <FuncUnit> <Opcode : 'mul'> <InPorts = 2> <OutPorts = 1>
ST_20 : Operation 152 [1/1] (7.30ns)   --->   "%gmem_addr_read = read i32 @_ssdm_op_Read.m_axi.i32P1A, i32 %gmem_addr" [../MLP_baseline/mm.cpp:51]   --->   Operation 152 'read' 'gmem_addr_read' <Predicate = true> <Delay = 7.30> <CoreInst = "m_axi">   --->   Core 111 'm_axi' <Latency = 3> <II = 1> <Delay = 1.00> <Adapter> <Opcode : 'read' 'write' 'readreq' 'writereq' 'writeresp'>

State 21 <SV = 20> <Delay = 7.30>
ST_21 : Operation 153 [1/1] (2.55ns)   --->   "%add_ln51_4 = add i32 %gmem_addr_read, i32 %mul_ln51_1" [../MLP_baseline/mm.cpp:51]   --->   Operation 153 'add' 'add_ln51_4' <Predicate = true> <Delay = 2.55> <CoreInst = "Adder">   --->   Core 1 'Adder' <Latency = 0> <II = 1> <Delay = 2.55> <FuncUnit> <Opcode : 'add' 'sub'> <InPorts = 2> <OutPorts = 1>
ST_21 : Operation 154 [1/1] (7.30ns)   --->   "%gmem_addr_2_req = writereq i1 @_ssdm_op_WriteReq.m_axi.i32P1A, i32 %gmem_addr, i64 1" [../MLP_baseline/mm.cpp:51]   --->   Operation 154 'writereq' 'gmem_addr_2_req' <Predicate = true> <Delay = 7.30> <CoreInst = "m_axi">   --->   Core 111 'm_axi' <Latency = 9> <II = 1> <Delay = 1.00> <Adapter> <Opcode : 'read' 'write' 'readreq' 'writereq' 'writeresp'>

State 22 <SV = 21> <Delay = 7.30>
ST_22 : Operation 155 [1/1] (7.30ns)   --->   "%write_ln51 = write void @_ssdm_op_Write.m_axi.i32P1A, i32 %gmem_addr, i32 %add_ln51_4, i4 15" [../MLP_baseline/mm.cpp:51]   --->   Operation 155 'write' 'write_ln51' <Predicate = true> <Delay = 7.30> <CoreInst = "m_axi">   --->   Core 111 'm_axi' <Latency = 5> <II = 1> <Delay = 1.00> <Adapter> <Opcode : 'read' 'write' 'readreq' 'writereq' 'writeresp'>

State 23 <SV = 22> <Delay = 7.30>
ST_23 : Operation 156 [5/5] (7.30ns)   --->   "%gmem_addr_2_resp = writeresp i1 @_ssdm_op_WriteResp.m_axi.i32P1A, i32 %gmem_addr" [../MLP_baseline/mm.cpp:51]   --->   Operation 156 'writeresp' 'gmem_addr_2_resp' <Predicate = true> <Delay = 7.30> <CoreInst = "m_axi">   --->   Core 111 'm_axi' <Latency = 3> <II = 1> <Delay = 1.00> <Adapter> <Opcode : 'read' 'write' 'readreq' 'writereq' 'writeresp'>

State 24 <SV = 23> <Delay = 7.30>
ST_24 : Operation 157 [4/5] (7.30ns)   --->   "%gmem_addr_2_resp = writeresp i1 @_ssdm_op_WriteResp.m_axi.i32P1A, i32 %gmem_addr" [../MLP_baseline/mm.cpp:51]   --->   Operation 157 'writeresp' 'gmem_addr_2_resp' <Predicate = true> <Delay = 7.30> <CoreInst = "m_axi">   --->   Core 111 'm_axi' <Latency = 3> <II = 1> <Delay = 1.00> <Adapter> <Opcode : 'read' 'write' 'readreq' 'writereq' 'writeresp'>

State 25 <SV = 24> <Delay = 7.30>
ST_25 : Operation 158 [3/5] (7.30ns)   --->   "%gmem_addr_2_resp = writeresp i1 @_ssdm_op_WriteResp.m_axi.i32P1A, i32 %gmem_addr" [../MLP_baseline/mm.cpp:51]   --->   Operation 158 'writeresp' 'gmem_addr_2_resp' <Predicate = true> <Delay = 7.30> <CoreInst = "m_axi">   --->   Core 111 'm_axi' <Latency = 3> <II = 1> <Delay = 1.00> <Adapter> <Opcode : 'read' 'write' 'readreq' 'writereq' 'writeresp'>

State 26 <SV = 25> <Delay = 7.30>
ST_26 : Operation 159 [2/5] (7.30ns)   --->   "%gmem_addr_2_resp = writeresp i1 @_ssdm_op_WriteResp.m_axi.i32P1A, i32 %gmem_addr" [../MLP_baseline/mm.cpp:51]   --->   Operation 159 'writeresp' 'gmem_addr_2_resp' <Predicate = true> <Delay = 7.30> <CoreInst = "m_axi">   --->   Core 111 'm_axi' <Latency = 3> <II = 1> <Delay = 1.00> <Adapter> <Opcode : 'read' 'write' 'readreq' 'writereq' 'writeresp'>

State 27 <SV = 26> <Delay = 7.30>
ST_27 : Operation 160 [1/1] (0.00ns)   --->   "%specloopname_ln0 = specloopname void @_ssdm_op_SpecLoopName, void @VITIS_LOOP_46_6_VITIS_LOOP_47_7_VITIS_LOOP_50_8_str"   --->   Operation 160 'specloopname' 'specloopname_ln0' <Predicate = true> <Delay = 0.00>
ST_27 : Operation 161 [1/1] (0.00ns)   --->   "%specpipeline_ln51 = specpipeline void @_ssdm_op_SpecPipeline, i32 4294967295, i32 0, i32 0, i32 0, void @empty_0" [../MLP_baseline/mm.cpp:51]   --->   Operation 161 'specpipeline' 'specpipeline_ln51' <Predicate = true> <Delay = 0.00>
ST_27 : Operation 162 [1/5] (7.30ns)   --->   "%gmem_addr_2_resp = writeresp i1 @_ssdm_op_WriteResp.m_axi.i32P1A, i32 %gmem_addr" [../MLP_baseline/mm.cpp:51]   --->   Operation 162 'writeresp' 'gmem_addr_2_resp' <Predicate = true> <Delay = 7.30> <CoreInst = "m_axi">   --->   Core 111 'm_axi' <Latency = 3> <II = 1> <Delay = 1.00> <Adapter> <Opcode : 'read' 'write' 'readreq' 'writereq' 'writeresp'>
ST_27 : Operation 163 [1/1] (0.00ns)   --->   "%br_ln50 = br void %for.cond39" [../MLP_baseline/mm.cpp:50]   --->   Operation 163 'br' 'br_ln50' <Predicate = true> <Delay = 0.00>


============================================================
+ Verbose Summary: Timing violations
============================================================
Target clock period: 10.000ns, clock uncertainty: 2.700ns.

 <State 1>: 1.588ns
The critical path consists of the following:
	'store' operation 0 bit ('store_ln0') of constant 0 on local variable 'indvar_flatten69' [37]  (1.588 ns)

 <State 2>: 7.225ns
The critical path consists of the following:
	'load' operation 192 bit ('indvar_flatten69_load', ../MLP_baseline/mm.cpp:46) on local variable 'indvar_flatten69' [44]  (0.000 ns)
	'icmp' operation 1 bit ('icmp_ln46', ../MLP_baseline/mm.cpp:46) [46]  (7.225 ns)

 <State 3>: 6.857ns
The critical path consists of the following:
	'mul' operation 62 bit ('empty', ../MLP_baseline/mm.cpp:46) [67]  (6.857 ns)

 <State 4>: 6.857ns
The critical path consists of the following:
	'mul' operation 62 bit ('empty', ../MLP_baseline/mm.cpp:46) [67]  (6.857 ns)

 <State 5>: 6.857ns
The critical path consists of the following:
	'mul' operation 62 bit ('empty', ../MLP_baseline/mm.cpp:46) [67]  (6.857 ns)

 <State 6>: 6.857ns
The critical path consists of the following:
	'mul' operation 62 bit ('empty', ../MLP_baseline/mm.cpp:46) [67]  (6.857 ns)

 <State 7>: 6.857ns
The critical path consists of the following:
	'mul' operation 62 bit ('empty', ../MLP_baseline/mm.cpp:46) [67]  (6.857 ns)

 <State 8>: 6.989ns
The critical path consists of the following:
	'add' operation 62 bit ('empty_31', ../MLP_baseline/mm.cpp:47) [70]  (3.469 ns)
	'add' operation 64 bit ('empty_32', ../MLP_baseline/mm.cpp:47) [72]  (3.520 ns)

 <State 9>: 7.300ns
The critical path consists of the following:
	bus request operation ('gmem_load_req', ../MLP_baseline/mm.cpp:51) on port 'gmem' (../MLP_baseline/mm.cpp:51) [84]  (7.300 ns)

 <State 10>: 7.300ns
The critical path consists of the following:
	bus request operation ('gmem_load_req', ../MLP_baseline/mm.cpp:51) on port 'gmem' (../MLP_baseline/mm.cpp:51) [84]  (7.300 ns)

 <State 11>: 7.300ns
The critical path consists of the following:
	bus request operation ('gmem_load_req', ../MLP_baseline/mm.cpp:51) on port 'gmem' (../MLP_baseline/mm.cpp:51) [84]  (7.300 ns)

 <State 12>: 7.300ns
The critical path consists of the following:
	bus request operation ('gmem_load_req', ../MLP_baseline/mm.cpp:51) on port 'gmem' (../MLP_baseline/mm.cpp:51) [84]  (7.300 ns)

 <State 13>: 7.300ns
The critical path consists of the following:
	bus request operation ('gmem_load_req', ../MLP_baseline/mm.cpp:51) on port 'gmem' (../MLP_baseline/mm.cpp:51) [84]  (7.300 ns)

 <State 14>: 7.300ns
The critical path consists of the following:
	bus request operation ('gmem_load_req', ../MLP_baseline/mm.cpp:51) on port 'gmem' (../MLP_baseline/mm.cpp:51) [84]  (7.300 ns)

 <State 15>: 7.300ns
The critical path consists of the following:
	bus request operation ('gmem_load_req', ../MLP_baseline/mm.cpp:51) on port 'gmem' (../MLP_baseline/mm.cpp:51) [84]  (7.300 ns)

 <State 16>: 7.300ns
The critical path consists of the following:
	bus request operation ('gmem_load_req', ../MLP_baseline/mm.cpp:51) on port 'gmem' (../MLP_baseline/mm.cpp:51) [84]  (7.300 ns)

 <State 17>: 7.300ns
The critical path consists of the following:
	bus read operation ('gmem_addr_1_read', ../MLP_baseline/mm.cpp:51) on port 'gmem' (../MLP_baseline/mm.cpp:51) [85]  (7.300 ns)

 <State 18>: 7.300ns
The critical path consists of the following:
	bus read operation ('gmem_addr_2_read', ../MLP_baseline/mm.cpp:51) on port 'gmem' (../MLP_baseline/mm.cpp:51) [94]  (7.300 ns)

 <State 19>: 7.300ns
The critical path consists of the following:
	bus request operation ('gmem_load_2_req', ../MLP_baseline/mm.cpp:51) on port 'gmem' (../MLP_baseline/mm.cpp:51) [96]  (7.300 ns)

 <State 20>: 7.300ns
The critical path consists of the following:
	bus read operation ('gmem_addr_read', ../MLP_baseline/mm.cpp:51) on port 'gmem' (../MLP_baseline/mm.cpp:51) [97]  (7.300 ns)

 <State 21>: 7.300ns
The critical path consists of the following:
	bus request operation ('gmem_addr_2_req', ../MLP_baseline/mm.cpp:51) on port 'gmem' (../MLP_baseline/mm.cpp:51) [99]  (7.300 ns)

 <State 22>: 7.300ns
The critical path consists of the following:
	bus write operation ('write_ln51', ../MLP_baseline/mm.cpp:51) on port 'gmem' (../MLP_baseline/mm.cpp:51) [100]  (7.300 ns)

 <State 23>: 7.300ns
The critical path consists of the following:
	bus response operation ('gmem_addr_2_resp', ../MLP_baseline/mm.cpp:51) on port 'gmem' (../MLP_baseline/mm.cpp:51) [101]  (7.300 ns)

 <State 24>: 7.300ns
The critical path consists of the following:
	bus response operation ('gmem_addr_2_resp', ../MLP_baseline/mm.cpp:51) on port 'gmem' (../MLP_baseline/mm.cpp:51) [101]  (7.300 ns)

 <State 25>: 7.300ns
The critical path consists of the following:
	bus response operation ('gmem_addr_2_resp', ../MLP_baseline/mm.cpp:51) on port 'gmem' (../MLP_baseline/mm.cpp:51) [101]  (7.300 ns)

 <State 26>: 7.300ns
The critical path consists of the following:
	bus response operation ('gmem_addr_2_resp', ../MLP_baseline/mm.cpp:51) on port 'gmem' (../MLP_baseline/mm.cpp:51) [101]  (7.300 ns)

 <State 27>: 7.300ns
The critical path consists of the following:
	bus response operation ('gmem_addr_2_resp', ../MLP_baseline/mm.cpp:51) on port 'gmem' (../MLP_baseline/mm.cpp:51) [101]  (7.300 ns)


============================================================
+ Verbose Summary: Binding
============================================================
N/A
* FSMD analyzer results:
  - Output states:
 - Input state : 
  - Chain level:
	State 1
	State 2
	State 3
	State 4
	State 5
	State 6
	State 7
	State 8
	State 9
	State 10
	State 11
	State 12
	State 13
	State 14
	State 15
	State 16
	State 17
	State 18
	State 19
	State 20
	State 21
	State 22
	State 23
	State 24
	State 25
	State 26
	State 27


============================================================
+ Verbose Summary: Datapath Resource usage 
============================================================
N/A
