

================================================================
== Vitis HLS Report for 'readBTiles'
================================================================
* Date:           Thu Apr  9 09:15:12 2026

* Version:        2025.1 (Build 6135595 on May 21 2025)
* Project:        baseline_blockedMM
* Solution:       hls (Vivado IP Flow Target)
* Product family: zynq
* Target device:  xc7z020-clg400-1


================================================================
== Performance Estimates
================================================================
+ Timing: 
    * Summary: 
    +--------+----------+-----------+------------+
    |  Clock |  Target  | Estimated | Uncertainty|
    +--------+----------+-----------+------------+
    |ap_clk  |  15.00 ns|  10.950 ns|     4.05 ns|
    +--------+----------+-----------+------------+

+ Latency: 
    * Summary: 
    +---------+---------+----------+----------+-----+-----+---------+
    |  Latency (cycles) |  Latency (absolute) |  Interval | Pipeline|
    |   min   |   max   |    min   |    max   | min | max |   Type  |
    +---------+---------+----------+----------+-----+-----+---------+
    |        ?|        ?|         ?|         ?|    ?|    ?|       no|
    +---------+---------+----------+----------+-----+-----+---------+

    + Detail: 
        * Instance: 
        +-----------------------------------------------------------------------------+-------------------------------------------------------------------+---------+---------+----------+----------+-----+-----+------------------------------------------------+
        |                                                                             |                                                                   |  Latency (cycles) |  Latency (absolute) |  Interval |                    Pipeline                    |
        |                                   Instance                                  |                               Module                              |   min   |   max   |    min   |    max   | min | max |                      Type                      |
        +-----------------------------------------------------------------------------+-------------------------------------------------------------------+---------+---------+----------+----------+-----+-----+------------------------------------------------+
        |grp_readBTiles_Pipeline_i_BLOCK_loop_j_BLOCK_loop_k_BLOCK_loop_k_loop_fu_78  |readBTiles_Pipeline_i_BLOCK_loop_j_BLOCK_loop_k_BLOCK_loop_k_loop  |        ?|        ?|         ?|         ?|    0|    0|  loop auto-rewind stp (delay=0 clock cycles(s))|
        +-----------------------------------------------------------------------------+-------------------------------------------------------------------+---------+---------+----------+----------+-----+-----+------------------------------------------------+

        * Loop: 
        N/A



================================================================
== Utilization Estimates
================================================================
* Summary: 
+-----------------+---------+-----+--------+-------+-----+
|       Name      | BRAM_18K| DSP |   FF   |  LUT  | URAM|
+-----------------+---------+-----+--------+-------+-----+
|DSP              |        -|    -|       -|      -|    -|
|Expression       |        -|    -|       0|    494|    -|
|FIFO             |        -|    -|       -|      -|    -|
|Instance         |        -|   13|    1380|   1403|    -|
|Memory           |        -|    -|       -|      -|    -|
|Multiplexer      |        -|    -|       0|     46|    -|
|Register         |        -|    -|     355|      -|    -|
+-----------------+---------+-----+--------+-------+-----+
|Total            |        0|   13|    1735|   1943|    0|
+-----------------+---------+-----+--------+-------+-----+
|Available        |      280|  220|  106400|  53200|    0|
+-----------------+---------+-----+--------+-------+-----+
|Utilization (%)  |        0|    5|       1|      3|    0|
+-----------------+---------+-----+--------+-------+-----+

+ Detail: 
    * Instance: 
    +-----------------------------------------------------------------------------+-------------------------------------------------------------------+---------+----+------+------+-----+
    |                                   Instance                                  |                               Module                              | BRAM_18K| DSP|  FF  |  LUT | URAM|
    +-----------------------------------------------------------------------------+-------------------------------------------------------------------+---------+----+------+------+-----+
    |mul_27ns_31ns_58_1_1_U32                                                     |mul_27ns_31ns_58_1_1                                               |        0|   4|     0|    23|    0|
    |mul_27ns_58ns_85_2_1_U33                                                     |mul_27ns_58ns_85_2_1                                               |        0|   6|   221|   164|    0|
    |grp_readBTiles_Pipeline_i_BLOCK_loop_j_BLOCK_loop_k_BLOCK_loop_k_loop_fu_78  |readBTiles_Pipeline_i_BLOCK_loop_j_BLOCK_loop_k_BLOCK_loop_k_loop  |        0|   3|  1159|  1216|    0|
    +-----------------------------------------------------------------------------+-------------------------------------------------------------------+---------+----+------+------+-----+
    |Total                                                                        |                                                                   |        0|  13|  1380|  1403|    0|
    +-----------------------------------------------------------------------------+-------------------------------------------------------------------+---------+----+------+------+-----+

    * DSP: 
    N/A

    * Memory: 
    N/A

    * FIFO: 
    N/A

    * Expression: 
    +---------------------+----------+----+---+----+------------+------------+
    |    Variable Name    | Operation| DSP| FF| LUT| Bitwidth P0| Bitwidth P1|
    +---------------------+----------+----+---+----+------------+------------+
    |p_neg3_fu_109_p2     |         -|   0|  0|  39|           1|          32|
    |p_neg9_fu_241_p2     |         -|   0|  0|  39|           1|          32|
    |p_neg_fu_161_p2      |         -|   0|  0|  39|           1|          32|
    |p_neg_t11_fu_257_p2  |         -|   0|  0|  35|           1|          28|
    |p_neg_t5_fu_125_p2   |         -|   0|  0|  35|           1|          28|
    |p_neg_t_fu_177_p2    |         -|   0|  0|  35|           1|          28|
    |empty_41_fu_205_p2   |      icmp|   0|  0|  35|          28|           1|
    |empty_42_fu_219_p2   |      icmp|   0|  0|  35|          28|           1|
    |empty_43_fu_301_p2   |      icmp|   0|  0|  35|          28|           1|
    |ap_block_state1      |        or|   0|  0|   2|           1|           1|
    |div2_fu_141_p3       |    select|   0|  0|  28|           1|          28|
    |div7_fu_193_p3       |    select|   0|  0|  28|           1|          28|
    |div_fu_273_p3        |    select|   0|  0|  28|           1|          28|
    |smax23_fu_307_p3     |    select|   0|  0|  27|           1|          27|
    |smax2_fu_225_p3      |    select|   0|  0|  27|           1|          27|
    |smax_fu_211_p3       |    select|   0|  0|  27|           1|          27|
    +---------------------+----------+----+---+----+------------+------------+
    |Total                |          |   0|  0| 494|          97|         349|
    +---------------------+----------+----+---+----+------------+------------+

    * Multiplexer: 
    +-----------+----+-----------+-----+-----------+
    |    Name   | LUT| Input Size| Bits| Total Bits|
    +-----------+----+-----------+-----+-----------+
    |ap_NS_fsm  |  37|          7|    1|          7|
    |ap_done    |   9|          2|    1|          2|
    +-----------+----+-----------+-----+-----------+
    |Total      |  46|          9|    2|          9|
    +-----------+----+-----------+-----+-----------+

    * Register: 
    +------------------------------------------------------------------------------------------+----+----+-----+-----------+
    |                                           Name                                           | FF | LUT| Bits| Const Bits|
    +------------------------------------------------------------------------------------------+----+----+-----+-----------+
    |B_read_reg_370                                                                            |  64|   0|   64|          0|
    |P_read_reg_323                                                                            |  32|   0|   32|          0|
    |ap_CS_fsm                                                                                 |   6|   0|    6|          0|
    |ap_done_reg                                                                               |   1|   0|    1|          0|
    |bound28_reg_365                                                                           |  85|   0|   85|          0|
    |bound6_reg_344                                                                            |  58|   0|   58|          0|
    |grp_readBTiles_Pipeline_i_BLOCK_loop_j_BLOCK_loop_k_BLOCK_loop_k_loop_fu_78_ap_start_reg  |   1|   0|    1|          0|
    |smax23_reg_350                                                                            |  27|   0|   27|          0|
    |smax2_reg_334                                                                             |  27|   0|   27|          0|
    |smax_reg_328                                                                              |  27|   0|   27|          0|
    |tmp_3_reg_339                                                                             |  27|   0|   31|          4|
    +------------------------------------------------------------------------------------------+----+----+-----+-----------+
    |Total                                                                                     | 355|   0|  359|          4|
    +------------------------------------------------------------------------------------------+----+----+-----+-----------+



================================================================
== Interface
================================================================
* Summary: 
+-------------------------+-----+-----+------------+--------------+--------------+
|        RTL Ports        | Dir | Bits|  Protocol  | Source Object|    C Type    |
+-------------------------+-----+-----+------------+--------------+--------------+
|ap_clk                   |   in|    1|  ap_ctrl_hs|    readBTiles|  return value|
|ap_rst                   |   in|    1|  ap_ctrl_hs|    readBTiles|  return value|
|ap_start                 |   in|    1|  ap_ctrl_hs|    readBTiles|  return value|
|ap_done                  |  out|    1|  ap_ctrl_hs|    readBTiles|  return value|
|ap_continue              |   in|    1|  ap_ctrl_hs|    readBTiles|  return value|
|ap_idle                  |  out|    1|  ap_ctrl_hs|    readBTiles|  return value|
|ap_ready                 |  out|    1|  ap_ctrl_hs|    readBTiles|  return value|
|m_axi_gmem1_0_AWVALID    |  out|    1|       m_axi|         gmem1|       pointer|
|m_axi_gmem1_0_AWREADY    |   in|    1|       m_axi|         gmem1|       pointer|
|m_axi_gmem1_0_AWADDR     |  out|   64|       m_axi|         gmem1|       pointer|
|m_axi_gmem1_0_AWID       |  out|    1|       m_axi|         gmem1|       pointer|
|m_axi_gmem1_0_AWLEN      |  out|   32|       m_axi|         gmem1|       pointer|
|m_axi_gmem1_0_AWSIZE     |  out|    3|       m_axi|         gmem1|       pointer|
|m_axi_gmem1_0_AWBURST    |  out|    2|       m_axi|         gmem1|       pointer|
|m_axi_gmem1_0_AWLOCK     |  out|    2|       m_axi|         gmem1|       pointer|
|m_axi_gmem1_0_AWCACHE    |  out|    4|       m_axi|         gmem1|       pointer|
|m_axi_gmem1_0_AWPROT     |  out|    3|       m_axi|         gmem1|       pointer|
|m_axi_gmem1_0_AWQOS      |  out|    4|       m_axi|         gmem1|       pointer|
|m_axi_gmem1_0_AWREGION   |  out|    4|       m_axi|         gmem1|       pointer|
|m_axi_gmem1_0_AWUSER     |  out|    1|       m_axi|         gmem1|       pointer|
|m_axi_gmem1_0_WVALID     |  out|    1|       m_axi|         gmem1|       pointer|
|m_axi_gmem1_0_WREADY     |   in|    1|       m_axi|         gmem1|       pointer|
|m_axi_gmem1_0_WDATA      |  out|  512|       m_axi|         gmem1|       pointer|
|m_axi_gmem1_0_WSTRB      |  out|   64|       m_axi|         gmem1|       pointer|
|m_axi_gmem1_0_WLAST      |  out|    1|       m_axi|         gmem1|       pointer|
|m_axi_gmem1_0_WID        |  out|    1|       m_axi|         gmem1|       pointer|
|m_axi_gmem1_0_WUSER      |  out|    1|       m_axi|         gmem1|       pointer|
|m_axi_gmem1_0_ARVALID    |  out|    1|       m_axi|         gmem1|       pointer|
|m_axi_gmem1_0_ARREADY    |   in|    1|       m_axi|         gmem1|       pointer|
|m_axi_gmem1_0_ARADDR     |  out|   64|       m_axi|         gmem1|       pointer|
|m_axi_gmem1_0_ARID       |  out|    1|       m_axi|         gmem1|       pointer|
|m_axi_gmem1_0_ARLEN      |  out|   32|       m_axi|         gmem1|       pointer|
|m_axi_gmem1_0_ARSIZE     |  out|    3|       m_axi|         gmem1|       pointer|
|m_axi_gmem1_0_ARBURST    |  out|    2|       m_axi|         gmem1|       pointer|
|m_axi_gmem1_0_ARLOCK     |  out|    2|       m_axi|         gmem1|       pointer|
|m_axi_gmem1_0_ARCACHE    |  out|    4|       m_axi|         gmem1|       pointer|
|m_axi_gmem1_0_ARPROT     |  out|    3|       m_axi|         gmem1|       pointer|
|m_axi_gmem1_0_ARQOS      |  out|    4|       m_axi|         gmem1|       pointer|
|m_axi_gmem1_0_ARREGION   |  out|    4|       m_axi|         gmem1|       pointer|
|m_axi_gmem1_0_ARUSER     |  out|    1|       m_axi|         gmem1|       pointer|
|m_axi_gmem1_0_RVALID     |   in|    1|       m_axi|         gmem1|       pointer|
|m_axi_gmem1_0_RREADY     |  out|    1|       m_axi|         gmem1|       pointer|
|m_axi_gmem1_0_RDATA      |   in|  512|       m_axi|         gmem1|       pointer|
|m_axi_gmem1_0_RLAST      |   in|    1|       m_axi|         gmem1|       pointer|
|m_axi_gmem1_0_RID        |   in|    1|       m_axi|         gmem1|       pointer|
|m_axi_gmem1_0_RFIFONUM   |   in|    9|       m_axi|         gmem1|       pointer|
|m_axi_gmem1_0_RUSER      |   in|    1|       m_axi|         gmem1|       pointer|
|m_axi_gmem1_0_RRESP      |   in|    2|       m_axi|         gmem1|       pointer|
|m_axi_gmem1_0_BVALID     |   in|    1|       m_axi|         gmem1|       pointer|
|m_axi_gmem1_0_BREADY     |  out|    1|       m_axi|         gmem1|       pointer|
|m_axi_gmem1_0_BRESP      |   in|    2|       m_axi|         gmem1|       pointer|
|m_axi_gmem1_0_BID        |   in|    1|       m_axi|         gmem1|       pointer|
|m_axi_gmem1_0_BUSER      |   in|    1|       m_axi|         gmem1|       pointer|
|B                        |   in|   64|     ap_none|             B|        scalar|
|B_stream_din             |  out|  512|     ap_fifo|      B_stream|       pointer|
|B_stream_full_n          |   in|    1|     ap_fifo|      B_stream|       pointer|
|B_stream_write           |  out|    1|     ap_fifo|      B_stream|       pointer|
|B_stream_num_data_valid  |   in|    6|     ap_fifo|      B_stream|       pointer|
|B_stream_fifo_cap        |   in|    6|     ap_fifo|      B_stream|       pointer|
|N                        |   in|   32|     ap_none|             N|        scalar|
|M                        |   in|   32|     ap_none|             M|        scalar|
|P                        |   in|   32|     ap_none|             P|        scalar|
+-------------------------+-----+-----+------------+--------------+--------------+

============================================================
+ Verbose Summary: Synthesis Manager
============================================================
InlineROM: 1
ExposeGlobal: 0
============================================================
+ Verbose Summary: CDFG Model
============================================================
IsTopModel: 0
ResetActiveHigh: 1
IsCombinational: 2
IsDatapathOnly: 0
HasWiredReturn: 1
HasMFsm: 0
HasVarLatency: 1
IsPipeline: 0
IsRtlPipelined: 0
IsInstanceOverlapped: 0
IsDontTouch: 0
HasImplIP: 0
IsGatedGlobalClock: 0


============================================================
+ Verbose Summary: Schedule
============================================================
* Number of FSM states : 6
* Pipeline : 0
* Dataflow Pipeline: 0

* FSM state transitions: 
1 --> 2 
2 --> 3 
3 --> 4 
4 --> 5 
5 --> 6 
6 --> 

* FSM state operations: 

State 1 <SV = 0> <Delay = 9.06>
ST_1 : Operation 7 [1/1] (0.00ns)   --->   "%P_read = read i32 @_ssdm_op_Read.ap_auto.i32, i32 %P" [../MLP_baseline/mm.cpp:33]   --->   Operation 7 'read' 'P_read' <Predicate = true> <Delay = 0.00>
ST_1 : Operation 8 [1/1] (0.00ns)   --->   "%M_read = read i32 @_ssdm_op_Read.ap_auto.i32, i32 %M" [../MLP_baseline/mm.cpp:33]   --->   Operation 8 'read' 'M_read' <Predicate = true> <Delay = 0.00>
ST_1 : Operation 9 [1/1] (0.00ns)   --->   "%tmp_14 = bitselect i1 @_ssdm_op_BitSelect.i1.i32.i32, i32 %P_read, i32 31" [../MLP_baseline/mm.cpp:33]   --->   Operation 9 'bitselect' 'tmp_14' <Predicate = true> <Delay = 0.00>
ST_1 : Operation 10 [1/1] (2.55ns)   --->   "%p_neg3 = sub i32 0, i32 %P_read" [../MLP_baseline/mm.cpp:33]   --->   Operation 10 'sub' 'p_neg3' <Predicate = true> <Delay = 2.55> <CoreInst = "Adder">   --->   Core 1 'Adder' <Latency = 0> <II = 1> <Delay = 2.55> <FuncUnit> <Opcode : 'add' 'sub'> <InPorts = 2> <OutPorts = 1>
ST_1 : Operation 11 [1/1] (0.00ns)   --->   "%tmp_8 = partselect i28 @_ssdm_op_PartSelect.i28.i32.i32.i32, i32 %p_neg3, i32 4, i32 31" [../MLP_baseline/mm.cpp:33]   --->   Operation 11 'partselect' 'tmp_8' <Predicate = true> <Delay = 0.00>
ST_1 : Operation 12 [1/1] (2.43ns)   --->   "%p_neg_t5 = sub i28 0, i28 %tmp_8" [../MLP_baseline/mm.cpp:33]   --->   Operation 12 'sub' 'p_neg_t5' <Predicate = true> <Delay = 2.43> <CoreInst = "Adder">   --->   Core 1 'Adder' <Latency = 0> <II = 1> <Delay = 2.43> <FuncUnit> <Opcode : 'add' 'sub'> <InPorts = 2> <OutPorts = 1>
ST_1 : Operation 13 [1/1] (0.00ns)   --->   "%tmp_9 = partselect i28 @_ssdm_op_PartSelect.i28.i32.i32.i32, i32 %P_read, i32 4, i32 31" [../MLP_baseline/mm.cpp:33]   --->   Operation 13 'partselect' 'tmp_9' <Predicate = true> <Delay = 0.00>
ST_1 : Operation 14 [1/1] (0.83ns)   --->   "%div2 = select i1 %tmp_14, i28 %p_neg_t5, i28 %tmp_9" [../MLP_baseline/mm.cpp:33]   --->   Operation 14 'select' 'div2' <Predicate = true> <Delay = 0.83> <CoreInst = "Sel">   --->   Core 73 'Sel' <Latency = 0> <II = 1> <Delay = 0.83> <FuncUnit> <Opcode : 'select'> <InPorts = 3> <OutPorts = 1>
ST_1 : Operation 15 [1/1] (0.00ns)   --->   "%empty_39 = trunc i28 %div2" [../MLP_baseline/mm.cpp:33]   --->   Operation 15 'trunc' 'empty_39' <Predicate = true> <Delay = 0.00>
ST_1 : Operation 16 [1/1] (0.00ns)   --->   "%tmp_15 = bitselect i1 @_ssdm_op_BitSelect.i1.i32.i32, i32 %M_read, i32 31" [../MLP_baseline/mm.cpp:33]   --->   Operation 16 'bitselect' 'tmp_15' <Predicate = true> <Delay = 0.00>
ST_1 : Operation 17 [1/1] (2.55ns)   --->   "%p_neg = sub i32 0, i32 %M_read" [../MLP_baseline/mm.cpp:33]   --->   Operation 17 'sub' 'p_neg' <Predicate = true> <Delay = 2.55> <CoreInst = "Adder">   --->   Core 1 'Adder' <Latency = 0> <II = 1> <Delay = 2.55> <FuncUnit> <Opcode : 'add' 'sub'> <InPorts = 2> <OutPorts = 1>
ST_1 : Operation 18 [1/1] (0.00ns)   --->   "%tmp_s = partselect i28 @_ssdm_op_PartSelect.i28.i32.i32.i32, i32 %p_neg, i32 4, i32 31" [../MLP_baseline/mm.cpp:33]   --->   Operation 18 'partselect' 'tmp_s' <Predicate = true> <Delay = 0.00>
ST_1 : Operation 19 [1/1] (2.43ns)   --->   "%p_neg_t = sub i28 0, i28 %tmp_s" [../MLP_baseline/mm.cpp:33]   --->   Operation 19 'sub' 'p_neg_t' <Predicate = true> <Delay = 2.43> <CoreInst = "Adder">   --->   Core 1 'Adder' <Latency = 0> <II = 1> <Delay = 2.43> <FuncUnit> <Opcode : 'add' 'sub'> <InPorts = 2> <OutPorts = 1>
ST_1 : Operation 20 [1/1] (0.00ns)   --->   "%tmp_2 = partselect i28 @_ssdm_op_PartSelect.i28.i32.i32.i32, i32 %M_read, i32 4, i32 31" [../MLP_baseline/mm.cpp:33]   --->   Operation 20 'partselect' 'tmp_2' <Predicate = true> <Delay = 0.00>
ST_1 : Operation 21 [1/1] (0.83ns)   --->   "%div7 = select i1 %tmp_15, i28 %p_neg_t, i28 %tmp_2" [../MLP_baseline/mm.cpp:33]   --->   Operation 21 'select' 'div7' <Predicate = true> <Delay = 0.83> <CoreInst = "Sel">   --->   Core 73 'Sel' <Latency = 0> <II = 1> <Delay = 0.83> <FuncUnit> <Opcode : 'select'> <InPorts = 3> <OutPorts = 1>
ST_1 : Operation 22 [1/1] (0.00ns)   --->   "%empty_40 = trunc i28 %div7" [../MLP_baseline/mm.cpp:33]   --->   Operation 22 'trunc' 'empty_40' <Predicate = true> <Delay = 0.00>
ST_1 : Operation 23 [1/1] (2.43ns)   --->   "%empty_41 = icmp_sgt  i28 %div7, i28 0" [../MLP_baseline/mm.cpp:33]   --->   Operation 23 'icmp' 'empty_41' <Predicate = true> <Delay = 2.43> <CoreInst = "Cmp">   --->   Core 9 'Cmp' <Latency = 0> <II = 1> <Delay = 2.43> <FuncUnit> <Opcode : 'seteq' 'setne' 'setle' 'setge' 'setlt' 'setgt'> <InPorts = 2> <OutPorts = 1>
ST_1 : Operation 24 [1/1] (0.80ns)   --->   "%smax = select i1 %empty_41, i27 %empty_40, i27 0" [../MLP_baseline/mm.cpp:33]   --->   Operation 24 'select' 'smax' <Predicate = true> <Delay = 0.80> <CoreInst = "Sel">   --->   Core 73 'Sel' <Latency = 0> <II = 1> <Delay = 0.80> <FuncUnit> <Opcode : 'select'> <InPorts = 3> <OutPorts = 1>
ST_1 : Operation 25 [1/1] (2.43ns)   --->   "%empty_42 = icmp_sgt  i28 %div2, i28 0" [../MLP_baseline/mm.cpp:33]   --->   Operation 25 'icmp' 'empty_42' <Predicate = true> <Delay = 2.43> <CoreInst = "Cmp">   --->   Core 9 'Cmp' <Latency = 0> <II = 1> <Delay = 2.43> <FuncUnit> <Opcode : 'seteq' 'setne' 'setle' 'setge' 'setlt' 'setgt'> <InPorts = 2> <OutPorts = 1>
ST_1 : Operation 26 [1/1] (0.80ns)   --->   "%smax2 = select i1 %empty_42, i27 %empty_39, i27 0" [../MLP_baseline/mm.cpp:33]   --->   Operation 26 'select' 'smax2' <Predicate = true> <Delay = 0.80> <CoreInst = "Sel">   --->   Core 73 'Sel' <Latency = 0> <II = 1> <Delay = 0.80> <FuncUnit> <Opcode : 'select'> <InPorts = 3> <OutPorts = 1>

State 2 <SV = 1> <Delay = 9.06>
ST_2 : Operation 27 [1/1] (0.00ns)   --->   "%N_read = read i32 @_ssdm_op_Read.ap_auto.i32, i32 %N" [../MLP_baseline/mm.cpp:33]   --->   Operation 27 'read' 'N_read' <Predicate = true> <Delay = 0.00>
ST_2 : Operation 28 [1/1] (0.00ns)   --->   "%tmp_13 = bitselect i1 @_ssdm_op_BitSelect.i1.i32.i32, i32 %N_read, i32 31" [../MLP_baseline/mm.cpp:33]   --->   Operation 28 'bitselect' 'tmp_13' <Predicate = true> <Delay = 0.00>
ST_2 : Operation 29 [1/1] (2.55ns)   --->   "%p_neg9 = sub i32 0, i32 %N_read" [../MLP_baseline/mm.cpp:33]   --->   Operation 29 'sub' 'p_neg9' <Predicate = true> <Delay = 2.55> <CoreInst = "Adder">   --->   Core 1 'Adder' <Latency = 0> <II = 1> <Delay = 2.55> <FuncUnit> <Opcode : 'add' 'sub'> <InPorts = 2> <OutPorts = 1>
ST_2 : Operation 30 [1/1] (0.00ns)   --->   "%tmp = partselect i28 @_ssdm_op_PartSelect.i28.i32.i32.i32, i32 %p_neg9, i32 4, i32 31" [../MLP_baseline/mm.cpp:33]   --->   Operation 30 'partselect' 'tmp' <Predicate = true> <Delay = 0.00>
ST_2 : Operation 31 [1/1] (2.43ns)   --->   "%p_neg_t11 = sub i28 0, i28 %tmp" [../MLP_baseline/mm.cpp:33]   --->   Operation 31 'sub' 'p_neg_t11' <Predicate = true> <Delay = 2.43> <CoreInst = "Adder">   --->   Core 1 'Adder' <Latency = 0> <II = 1> <Delay = 2.43> <FuncUnit> <Opcode : 'add' 'sub'> <InPorts = 2> <OutPorts = 1>
ST_2 : Operation 32 [1/1] (0.00ns)   --->   "%tmp_7 = partselect i28 @_ssdm_op_PartSelect.i28.i32.i32.i32, i32 %N_read, i32 4, i32 31" [../MLP_baseline/mm.cpp:33]   --->   Operation 32 'partselect' 'tmp_7' <Predicate = true> <Delay = 0.00>
ST_2 : Operation 33 [1/1] (0.83ns)   --->   "%div = select i1 %tmp_13, i28 %p_neg_t11, i28 %tmp_7" [../MLP_baseline/mm.cpp:33]   --->   Operation 33 'select' 'div' <Predicate = true> <Delay = 0.83> <CoreInst = "Sel">   --->   Core 73 'Sel' <Latency = 0> <II = 1> <Delay = 0.83> <FuncUnit> <Opcode : 'select'> <InPorts = 3> <OutPorts = 1>
ST_2 : Operation 34 [1/1] (0.00ns)   --->   "%empty = trunc i28 %div" [../MLP_baseline/mm.cpp:33]   --->   Operation 34 'trunc' 'empty' <Predicate = true> <Delay = 0.00>
ST_2 : Operation 35 [1/1] (0.00ns)   --->   "%tmp_3 = bitconcatenate i31 @_ssdm_op_BitConcatenate.i31.i27.i4, i27 %smax, i4 0" [../MLP_baseline/mm.cpp:33]   --->   Operation 35 'bitconcatenate' 'tmp_3' <Predicate = true> <Delay = 0.00>
ST_2 : Operation 36 [1/1] (0.00ns)   --->   "%smax2_cast = zext i27 %smax2" [../MLP_baseline/mm.cpp:33]   --->   Operation 36 'zext' 'smax2_cast' <Predicate = true> <Delay = 0.00>
ST_2 : Operation 37 [1/1] (0.00ns)   --->   "%tmp_12_cast = zext i31 %tmp_3" [../MLP_baseline/mm.cpp:33]   --->   Operation 37 'zext' 'tmp_12_cast' <Predicate = true> <Delay = 0.00>
ST_2 : Operation 38 [1/1] (8.24ns)   --->   "%bound6 = mul i58 %smax2_cast, i58 %tmp_12_cast" [../MLP_baseline/mm.cpp:33]   --->   Operation 38 'mul' 'bound6' <Predicate = true> <Delay = 8.24> <CoreInst = "Multiplier">   --->   Core 3 'Multiplier' <Latency = 0> <II = 1> <Delay = 8.24> <FuncUnit> <Opcode : 'mul'> <InPorts = 2> <OutPorts = 1>
ST_2 : Operation 39 [1/1] (2.43ns)   --->   "%empty_43 = icmp_sgt  i28 %div, i28 0" [../MLP_baseline/mm.cpp:33]   --->   Operation 39 'icmp' 'empty_43' <Predicate = true> <Delay = 2.43> <CoreInst = "Cmp">   --->   Core 9 'Cmp' <Latency = 0> <II = 1> <Delay = 2.43> <FuncUnit> <Opcode : 'seteq' 'setne' 'setle' 'setge' 'setlt' 'setgt'> <InPorts = 2> <OutPorts = 1>
ST_2 : Operation 40 [1/1] (0.80ns)   --->   "%smax23 = select i1 %empty_43, i27 %empty, i27 0" [../MLP_baseline/mm.cpp:33]   --->   Operation 40 'select' 'smax23' <Predicate = true> <Delay = 0.80> <CoreInst = "Sel">   --->   Core 73 'Sel' <Latency = 0> <II = 1> <Delay = 0.80> <FuncUnit> <Opcode : 'select'> <InPorts = 3> <OutPorts = 1>

State 3 <SV = 2> <Delay = 9.38>
ST_3 : Operation 41 [1/1] (0.00ns)   --->   "%smax23_cast = zext i27 %smax23" [../MLP_baseline/mm.cpp:33]   --->   Operation 41 'zext' 'smax23_cast' <Predicate = true> <Delay = 0.00>
ST_3 : Operation 42 [1/1] (0.00ns)   --->   "%bound6_cast = zext i58 %bound6" [../MLP_baseline/mm.cpp:33]   --->   Operation 42 'zext' 'bound6_cast' <Predicate = true> <Delay = 0.00>
ST_3 : Operation 43 [2/2] (9.38ns)   --->   "%bound28 = mul i85 %smax23_cast, i85 %bound6_cast" [../MLP_baseline/mm.cpp:33]   --->   Operation 43 'mul' 'bound28' <Predicate = true> <Delay = 9.38> <CoreInst = "Multiplier">   --->   Core 3 'Multiplier' <Latency = 1> <II = 1> <Delay = 9.38> <FuncUnit> <Opcode : 'mul'> <InPorts = 2> <OutPorts = 1>

State 4 <SV = 3> <Delay = 9.38>
ST_4 : Operation 44 [1/2] (9.38ns)   --->   "%bound28 = mul i85 %smax23_cast, i85 %bound6_cast" [../MLP_baseline/mm.cpp:33]   --->   Operation 44 'mul' 'bound28' <Predicate = true> <Delay = 9.38> <CoreInst = "Multiplier">   --->   Core 3 'Multiplier' <Latency = 1> <II = 1> <Delay = 9.38> <FuncUnit> <Opcode : 'mul'> <InPorts = 2> <OutPorts = 1>

State 5 <SV = 4> <Delay = 0.00>
ST_5 : Operation 45 [1/1] (0.00ns)   --->   "%B_read = read i64 @_ssdm_op_Read.ap_auto.i64, i64 %B" [../MLP_baseline/mm.cpp:33]   --->   Operation 45 'read' 'B_read' <Predicate = true> <Delay = 0.00>
ST_5 : Operation 46 [2/2] (0.00ns)   --->   "%call_ln33 = call void @readBTiles_Pipeline_i_BLOCK_loop_j_BLOCK_loop_k_BLOCK_loop_k_loop, i85 %bound28, i58 %bound6, i27 %smax, i31 %tmp_3, i32 %P_read, i64 %B_read, i512 %gmem1, i512 %B_stream" [../MLP_baseline/mm.cpp:33]   --->   Operation 46 'call' 'call_ln33' <Predicate = true> <Delay = 0.00> <CoreType = "Generic">   --->   Generic Core

State 6 <SV = 5> <Delay = 0.00>
ST_6 : Operation 47 [1/1] (0.00ns)   --->   "%specinterface_ln0 = specinterface void @_ssdm_op_SpecInterface, i512 %B_stream, void @empty_10, i32 0, i32 0, void @empty_0, i32 0, i32 0, void @empty_0, void @empty_0, void @empty_0, i32 0, i32 0, i32 0, i32 0, void @empty_0, void @empty_0, i32 4294967295, i32 0, i32 0"   --->   Operation 47 'specinterface' 'specinterface_ln0' <Predicate = true> <Delay = 0.00>
ST_6 : Operation 48 [1/1] (0.00ns)   --->   "%specinterface_ln0 = specinterface void @_ssdm_op_SpecInterface, i512 %gmem1, void @empty_18, i32 0, i32 0, void @empty_0, i32 0, i32 64, void @empty_3, void @empty_2, void @empty_0, i32 16, i32 16, i32 16, i32 16, void @empty_0, void @empty_0, i32 4294967295, i32 0, i32 0"   --->   Operation 48 'specinterface' 'specinterface_ln0' <Predicate = true> <Delay = 0.00>
ST_6 : Operation 49 [1/2] (0.00ns)   --->   "%call_ln33 = call void @readBTiles_Pipeline_i_BLOCK_loop_j_BLOCK_loop_k_BLOCK_loop_k_loop, i85 %bound28, i58 %bound6, i27 %smax, i31 %tmp_3, i32 %P_read, i64 %B_read, i512 %gmem1, i512 %B_stream" [../MLP_baseline/mm.cpp:33]   --->   Operation 49 'call' 'call_ln33' <Predicate = true> <Delay = 0.00> <CoreType = "Generic">   --->   Generic Core
ST_6 : Operation 50 [1/1] (0.00ns)   --->   "%ret_ln52 = ret" [../MLP_baseline/mm.cpp:52]   --->   Operation 50 'ret' 'ret_ln52' <Predicate = true> <Delay = 0.00>


============================================================
+ Verbose Summary: Binding
============================================================
STG Binding: 
---------------- STG Properties BEGIN ----------------
- Is combinational: 0
- Is one-state seq: 0
- Is datapath-only: 0
- Is pipelined: 0
- Is top level: 0
Port [ Return ] is wired: 1; IO mode=ap_ctrl_hs:ce=0
Port [ gmem1]:  wired=1; compound=1; hidden=0; nouse=0; global=0; static=0; extern=0; dir=0; type=4; pingpong=0; private_global=0; IO mode=m_axi:ce=0
Port [ B]:  wired=1; compound=0; hidden=0; nouse=0; global=0; static=0; extern=0; dir=0; type=0; pingpong=0; private_global=0; IO mode=ap_none:ce=0
Port [ B_stream]:  wired=1; compound=1; hidden=0; nouse=0; global=0; static=0; extern=0; dir=1; type=3; pingpong=0; private_global=0; IO mode=ap_fifo:ce=0
Port [ N]:  wired=1; compound=0; hidden=0; nouse=0; global=0; static=0; extern=0; dir=0; type=0; pingpong=0; private_global=0; IO mode=ap_none:ce=0
Port [ M]:  wired=1; compound=0; hidden=0; nouse=0; global=0; static=0; extern=0; dir=0; type=0; pingpong=0; private_global=0; IO mode=ap_none:ce=0
Port [ P]:  wired=1; compound=0; hidden=0; nouse=0; global=0; static=0; extern=0; dir=0; type=0; pingpong=0; private_global=0; IO mode=ap_none:ce=0
---------------- STG Properties END ------------------

---------------- Datapath Model BEGIN ----------------

<LifeTime>
<method=bitvector/>
P_read            (read          ) [ 0011111]
M_read            (read          ) [ 0000000]
tmp_14            (bitselect     ) [ 0000000]
p_neg3            (sub           ) [ 0000000]
tmp_8             (partselect    ) [ 0000000]
p_neg_t5          (sub           ) [ 0000000]
tmp_9             (partselect    ) [ 0000000]
div2              (select        ) [ 0000000]
empty_39          (trunc         ) [ 0000000]
tmp_15            (bitselect     ) [ 0000000]
p_neg             (sub           ) [ 0000000]
tmp_s             (partselect    ) [ 0000000]
p_neg_t           (sub           ) [ 0000000]
tmp_2             (partselect    ) [ 0000000]
div7              (select        ) [ 0000000]
empty_40          (trunc         ) [ 0000000]
empty_41          (icmp          ) [ 0000000]
smax              (select        ) [ 0011111]
empty_42          (icmp          ) [ 0000000]
smax2             (select        ) [ 0010000]
N_read            (read          ) [ 0000000]
tmp_13            (bitselect     ) [ 0000000]
p_neg9            (sub           ) [ 0000000]
tmp               (partselect    ) [ 0000000]
p_neg_t11         (sub           ) [ 0000000]
tmp_7             (partselect    ) [ 0000000]
div               (select        ) [ 0000000]
empty             (trunc         ) [ 0000000]
tmp_3             (bitconcatenate) [ 0001111]
smax2_cast        (zext          ) [ 0000000]
tmp_12_cast       (zext          ) [ 0000000]
bound6            (mul           ) [ 0001111]
empty_43          (icmp          ) [ 0000000]
smax23            (select        ) [ 0001000]
smax23_cast       (zext          ) [ 0000100]
bound6_cast       (zext          ) [ 0000100]
bound28           (mul           ) [ 0000011]
B_read            (read          ) [ 0000001]
specinterface_ln0 (specinterface ) [ 0000000]
specinterface_ln0 (specinterface ) [ 0000000]
call_ln33         (call          ) [ 0000000]
ret_ln52          (ret           ) [ 0000000]
</LifeTime>

<model>

<comp_list>
<comp id="0" class="1000" name="gmem1">
<pin_list>
<pin id="1" dir="1" index="0" bw="1" slack="0"/>
</pin_list>
<bind>
<StgValue><ssdm name="gmem1"/><MemPortTyVec>0 </MemPortTyVec>
</StgValue>
</bind>
</comp>

<comp id="2" class="1000" name="B">
<pin_list>
<pin id="3" dir="1" index="0" bw="1" slack="0"/>
</pin_list>
<bind>
<StgValue><ssdm name="B"/></StgValue>
</bind>
</comp>

<comp id="4" class="1000" name="B_stream">
<pin_list>
<pin id="5" dir="1" index="0" bw="1" slack="0"/>
</pin_list>
<bind>
<StgValue><ssdm name="B_stream"/></StgValue>
</bind>
</comp>

<comp id="6" class="1000" name="N">
<pin_list>
<pin id="7" dir="1" index="0" bw="1" slack="0"/>
</pin_list>
<bind>
<StgValue><ssdm name="N"/></StgValue>
</bind>
</comp>

<comp id="8" class="1000" name="M">
<pin_list>
<pin id="9" dir="1" index="0" bw="1" slack="0"/>
</pin_list>
<bind>
<StgValue><ssdm name="M"/></StgValue>
</bind>
</comp>

<comp id="10" class="1000" name="P">
<pin_list>
<pin id="11" dir="1" index="0" bw="1" slack="0"/>
</pin_list>
<bind>
<StgValue><ssdm name="P"/></StgValue>
</bind>
</comp>

<comp id="12" class="1001" name="const_12">
<pin_list>
<pin id="13" dir="1" index="0" bw="1" slack="0"/>
</pin_list>
<bind>
<StgValue><ssdm name="_ssdm_op_Read.ap_auto.i32"/></StgValue>
</bind>
</comp>

<comp id="14" class="1001" name="const_14">
<pin_list>
<pin id="15" dir="1" index="0" bw="1" slack="0"/>
</pin_list>
<bind>
<StgValue><ssdm name="_ssdm_op_BitSelect.i1.i32.i32"/></StgValue>
</bind>
</comp>

<comp id="16" class="1001" name="const_16">
<pin_list>
<pin id="17" dir="1" index="0" bw="1" slack="0"/>
</pin_list>
<bind>
<StgValue><ssdm name=""/></StgValue>
</bind>
</comp>

<comp id="18" class="1001" name="const_18">
<pin_list>
<pin id="19" dir="1" index="0" bw="1" slack="0"/>
</pin_list>
<bind>
<StgValue><ssdm name=""/></StgValue>
</bind>
</comp>

<comp id="20" class="1001" name="const_20">
<pin_list>
<pin id="21" dir="1" index="0" bw="1" slack="0"/>
</pin_list>
<bind>
<StgValue><ssdm name="_ssdm_op_PartSelect.i28.i32.i32.i32"/></StgValue>
</bind>
</comp>

<comp id="22" class="1001" name="const_22">
<pin_list>
<pin id="23" dir="1" index="0" bw="1" slack="0"/>
</pin_list>
<bind>
<StgValue><ssdm name=""/></StgValue>
</bind>
</comp>

<comp id="24" class="1001" name="const_24">
<pin_list>
<pin id="25" dir="1" index="0" bw="1" slack="0"/>
</pin_list>
<bind>
<StgValue><ssdm name=""/></StgValue>
</bind>
</comp>

<comp id="26" class="1001" name="const_26">
<pin_list>
<pin id="27" dir="1" index="0" bw="1" slack="0"/>
</pin_list>
<bind>
<StgValue><ssdm name=""/></StgValue>
</bind>
</comp>

<comp id="28" class="1001" name="const_28">
<pin_list>
<pin id="29" dir="1" index="0" bw="1" slack="0"/>
</pin_list>
<bind>
<StgValue><ssdm name="_ssdm_op_BitConcatenate.i31.i27.i4"/></StgValue>
</bind>
</comp>

<comp id="30" class="1001" name="const_30">
<pin_list>
<pin id="31" dir="1" index="0" bw="1" slack="0"/>
</pin_list>
<bind>
<StgValue><ssdm name=""/></StgValue>
</bind>
</comp>

<comp id="32" class="1001" name="const_32">
<pin_list>
<pin id="33" dir="1" index="0" bw="1" slack="0"/>
</pin_list>
<bind>
<StgValue><ssdm name="_ssdm_op_Read.ap_auto.i64"/></StgValue>
</bind>
</comp>

<comp id="34" class="1001" name="const_34">
<pin_list>
<pin id="35" dir="1" index="0" bw="1" slack="0"/>
</pin_list>
<bind>
<StgValue><ssdm name="readBTiles_Pipeline_i_BLOCK_loop_j_BLOCK_loop_k_BLOCK_loop_k_loop"/></StgValue>
</bind>
</comp>

<comp id="36" class="1001" name="const_36">
<pin_list>
<pin id="37" dir="1" index="0" bw="1" slack="2147483647"/>
</pin_list>
<bind>
<StgValue><ssdm name="_ssdm_op_SpecInterface"/></StgValue>
</bind>
</comp>

<comp id="38" class="1001" name="const_38">
<pin_list>
<pin id="39" dir="1" index="0" bw="1" slack="2147483647"/>
</pin_list>
<bind>
<StgValue><ssdm name="empty_10"/></StgValue>
</bind>
</comp>

<comp id="40" class="1001" name="const_40">
<pin_list>
<pin id="41" dir="1" index="0" bw="1" slack="2147483647"/>
</pin_list>
<bind>
<StgValue><ssdm name="empty_0"/></StgValue>
</bind>
</comp>

<comp id="42" class="1001" name="const_42">
<pin_list>
<pin id="43" dir="1" index="0" bw="1" slack="2147483647"/>
</pin_list>
<bind>
<StgValue><ssdm name=""/></StgValue>
</bind>
</comp>

<comp id="44" class="1001" name="const_44">
<pin_list>
<pin id="45" dir="1" index="0" bw="1" slack="2147483647"/>
</pin_list>
<bind>
<StgValue><ssdm name="empty_18"/></StgValue>
</bind>
</comp>

<comp id="46" class="1001" name="const_46">
<pin_list>
<pin id="47" dir="1" index="0" bw="1" slack="2147483647"/>
</pin_list>
<bind>
<StgValue><ssdm name=""/></StgValue>
</bind>
</comp>

<comp id="48" class="1001" name="const_48">
<pin_list>
<pin id="49" dir="1" index="0" bw="1" slack="2147483647"/>
</pin_list>
<bind>
<StgValue><ssdm name="empty_3"/></StgValue>
</bind>
</comp>

<comp id="50" class="1001" name="const_50">
<pin_list>
<pin id="51" dir="1" index="0" bw="1" slack="2147483647"/>
</pin_list>
<bind>
<StgValue><ssdm name="empty_2"/></StgValue>
</bind>
</comp>

<comp id="52" class="1001" name="const_52">
<pin_list>
<pin id="53" dir="1" index="0" bw="1" slack="2147483647"/>
</pin_list>
<bind>
<StgValue><ssdm name=""/></StgValue>
</bind>
</comp>

<comp id="54" class="1004" name="P_read_read_fu_54">
<pin_list>
<pin id="55" dir="0" index="0" bw="32" slack="0"/>
<pin id="56" dir="0" index="1" bw="32" slack="0"/>
<pin id="57" dir="1" index="2" bw="32" slack="0"/>
</pin_list>
<bind>
<opcode="read(1150) " fcode="read"/>
<opset="P_read/1 "/>
</bind>
</comp>

<comp id="60" class="1004" name="M_read_read_fu_60">
<pin_list>
<pin id="61" dir="0" index="0" bw="32" slack="0"/>
<pin id="62" dir="0" index="1" bw="32" slack="0"/>
<pin id="63" dir="1" index="2" bw="32" slack="0"/>
</pin_list>
<bind>
<opcode="read(1150) " fcode="read"/>
<opset="M_read/1 "/>
</bind>
</comp>

<comp id="66" class="1004" name="N_read_read_fu_66">
<pin_list>
<pin id="67" dir="0" index="0" bw="32" slack="0"/>
<pin id="68" dir="0" index="1" bw="32" slack="0"/>
<pin id="69" dir="1" index="2" bw="32" slack="0"/>
</pin_list>
<bind>
<opcode="read(1150) " fcode="read"/>
<opset="N_read/2 "/>
</bind>
</comp>

<comp id="72" class="1004" name="B_read_read_fu_72">
<pin_list>
<pin id="73" dir="0" index="0" bw="64" slack="0"/>
<pin id="74" dir="0" index="1" bw="64" slack="0"/>
<pin id="75" dir="1" index="2" bw="64" slack="0"/>
</pin_list>
<bind>
<opcode="read(1150) " fcode="read"/>
<opset="B_read/5 "/>
</bind>
</comp>

<comp id="78" class="1004" name="grp_readBTiles_Pipeline_i_BLOCK_loop_j_BLOCK_loop_k_BLOCK_loop_k_loop_fu_78">
<pin_list>
<pin id="79" dir="0" index="0" bw="0" slack="0"/>
<pin id="80" dir="0" index="1" bw="85" slack="1"/>
<pin id="81" dir="0" index="2" bw="58" slack="3"/>
<pin id="82" dir="0" index="3" bw="27" slack="4"/>
<pin id="83" dir="0" index="4" bw="31" slack="3"/>
<pin id="84" dir="0" index="5" bw="32" slack="4"/>
<pin id="85" dir="0" index="6" bw="64" slack="0"/>
<pin id="86" dir="0" index="7" bw="512" slack="0"/>
<pin id="87" dir="0" index="8" bw="512" slack="0"/>
<pin id="88" dir="1" index="9" bw="0" slack="2147483647"/>
</pin_list>
<bind>
<opcode="call(48) " fcode="call"/>
<opset="call_ln33/5 "/>
</bind>
</comp>

<comp id="93" class="1004" name="bound6_fu_93">
<pin_list>
<pin id="94" dir="0" index="0" bw="27" slack="0"/>
<pin id="95" dir="0" index="1" bw="31" slack="0"/>
<pin id="96" dir="1" index="2" bw="58" slack="1"/>
</pin_list>
<bind>
<opcode="mul(12) " fcode="mul"/>
<opset="bound6/2 "/>
</bind>
</comp>

<comp id="97" class="1004" name="grp_fu_97">
<pin_list>
<pin id="98" dir="0" index="0" bw="27" slack="0"/>
<pin id="99" dir="0" index="1" bw="58" slack="0"/>
<pin id="100" dir="1" index="2" bw="85" slack="1"/>
</pin_list>
<bind>
<opcode="mul(12) " fcode="mul"/>
<opset="bound28/3 "/>
</bind>
</comp>

<comp id="101" class="1004" name="tmp_14_fu_101">
<pin_list>
<pin id="102" dir="0" index="0" bw="1" slack="0"/>
<pin id="103" dir="0" index="1" bw="32" slack="0"/>
<pin id="104" dir="0" index="2" bw="6" slack="0"/>
<pin id="105" dir="1" index="3" bw="1" slack="0"/>
</pin_list>
<bind>
<opcode="bitselect(1000) " fcode="bitselect"/>
<opset="tmp_14/1 "/>
</bind>
</comp>

<comp id="109" class="1004" name="p_neg3_fu_109">
<pin_list>
<pin id="110" dir="0" index="0" bw="1" slack="0"/>
<pin id="111" dir="0" index="1" bw="32" slack="0"/>
<pin id="112" dir="1" index="2" bw="32" slack="0"/>
</pin_list>
<bind>
<opcode="sub(10) " fcode="sub"/>
<opset="p_neg3/1 "/>
</bind>
</comp>

<comp id="115" class="1004" name="tmp_8_fu_115">
<pin_list>
<pin id="116" dir="0" index="0" bw="28" slack="0"/>
<pin id="117" dir="0" index="1" bw="32" slack="0"/>
<pin id="118" dir="0" index="2" bw="4" slack="0"/>
<pin id="119" dir="0" index="3" bw="6" slack="0"/>
<pin id="120" dir="1" index="4" bw="28" slack="0"/>
</pin_list>
<bind>
<opcode="partselect(1002) " fcode="partselect"/>
<opset="tmp_8/1 "/>
</bind>
</comp>

<comp id="125" class="1004" name="p_neg_t5_fu_125">
<pin_list>
<pin id="126" dir="0" index="0" bw="1" slack="0"/>
<pin id="127" dir="0" index="1" bw="28" slack="0"/>
<pin id="128" dir="1" index="2" bw="28" slack="0"/>
</pin_list>
<bind>
<opcode="sub(10) " fcode="sub"/>
<opset="p_neg_t5/1 "/>
</bind>
</comp>

<comp id="131" class="1004" name="tmp_9_fu_131">
<pin_list>
<pin id="132" dir="0" index="0" bw="28" slack="0"/>
<pin id="133" dir="0" index="1" bw="32" slack="0"/>
<pin id="134" dir="0" index="2" bw="4" slack="0"/>
<pin id="135" dir="0" index="3" bw="6" slack="0"/>
<pin id="136" dir="1" index="4" bw="28" slack="0"/>
</pin_list>
<bind>
<opcode="partselect(1002) " fcode="partselect"/>
<opset="tmp_9/1 "/>
</bind>
</comp>

<comp id="141" class="1004" name="div2_fu_141">
<pin_list>
<pin id="142" dir="0" index="0" bw="1" slack="0"/>
<pin id="143" dir="0" index="1" bw="28" slack="0"/>
<pin id="144" dir="0" index="2" bw="28" slack="0"/>
<pin id="145" dir="1" index="3" bw="28" slack="0"/>
</pin_list>
<bind>
<opcode="select(49) " fcode="select"/>
<opset="div2/1 "/>
</bind>
</comp>

<comp id="149" class="1004" name="empty_39_fu_149">
<pin_list>
<pin id="150" dir="0" index="0" bw="28" slack="0"/>
<pin id="151" dir="1" index="1" bw="27" slack="0"/>
</pin_list>
<bind>
<opcode="trunc(33) " fcode="trunc"/>
<opset="empty_39/1 "/>
</bind>
</comp>

<comp id="153" class="1004" name="tmp_15_fu_153">
<pin_list>
<pin id="154" dir="0" index="0" bw="1" slack="0"/>
<pin id="155" dir="0" index="1" bw="32" slack="0"/>
<pin id="156" dir="0" index="2" bw="6" slack="0"/>
<pin id="157" dir="1" index="3" bw="1" slack="0"/>
</pin_list>
<bind>
<opcode="bitselect(1000) " fcode="bitselect"/>
<opset="tmp_15/1 "/>
</bind>
</comp>

<comp id="161" class="1004" name="p_neg_fu_161">
<pin_list>
<pin id="162" dir="0" index="0" bw="1" slack="0"/>
<pin id="163" dir="0" index="1" bw="32" slack="0"/>
<pin id="164" dir="1" index="2" bw="32" slack="0"/>
</pin_list>
<bind>
<opcode="sub(10) " fcode="sub"/>
<opset="p_neg/1 "/>
</bind>
</comp>

<comp id="167" class="1004" name="tmp_s_fu_167">
<pin_list>
<pin id="168" dir="0" index="0" bw="28" slack="0"/>
<pin id="169" dir="0" index="1" bw="32" slack="0"/>
<pin id="170" dir="0" index="2" bw="4" slack="0"/>
<pin id="171" dir="0" index="3" bw="6" slack="0"/>
<pin id="172" dir="1" index="4" bw="28" slack="0"/>
</pin_list>
<bind>
<opcode="partselect(1002) " fcode="partselect"/>
<opset="tmp_s/1 "/>
</bind>
</comp>

<comp id="177" class="1004" name="p_neg_t_fu_177">
<pin_list>
<pin id="178" dir="0" index="0" bw="1" slack="0"/>
<pin id="179" dir="0" index="1" bw="28" slack="0"/>
<pin id="180" dir="1" index="2" bw="28" slack="0"/>
</pin_list>
<bind>
<opcode="sub(10) " fcode="sub"/>
<opset="p_neg_t/1 "/>
</bind>
</comp>

<comp id="183" class="1004" name="tmp_2_fu_183">
<pin_list>
<pin id="184" dir="0" index="0" bw="28" slack="0"/>
<pin id="185" dir="0" index="1" bw="32" slack="0"/>
<pin id="186" dir="0" index="2" bw="4" slack="0"/>
<pin id="187" dir="0" index="3" bw="6" slack="0"/>
<pin id="188" dir="1" index="4" bw="28" slack="0"/>
</pin_list>
<bind>
<opcode="partselect(1002) " fcode="partselect"/>
<opset="tmp_2/1 "/>
</bind>
</comp>

<comp id="193" class="1004" name="div7_fu_193">
<pin_list>
<pin id="194" dir="0" index="0" bw="1" slack="0"/>
<pin id="195" dir="0" index="1" bw="28" slack="0"/>
<pin id="196" dir="0" index="2" bw="28" slack="0"/>
<pin id="197" dir="1" index="3" bw="28" slack="0"/>
</pin_list>
<bind>
<opcode="select(49) " fcode="select"/>
<opset="div7/1 "/>
</bind>
</comp>

<comp id="201" class="1004" name="empty_40_fu_201">
<pin_list>
<pin id="202" dir="0" index="0" bw="28" slack="0"/>
<pin id="203" dir="1" index="1" bw="27" slack="0"/>
</pin_list>
<bind>
<opcode="trunc(33) " fcode="trunc"/>
<opset="empty_40/1 "/>
</bind>
</comp>

<comp id="205" class="1004" name="empty_41_fu_205">
<pin_list>
<pin id="206" dir="0" index="0" bw="28" slack="0"/>
<pin id="207" dir="0" index="1" bw="28" slack="0"/>
<pin id="208" dir="1" index="2" bw="1" slack="0"/>
</pin_list>
<bind>
<opcode="icmp(45) " fcode="icmp"/>
<opset="empty_41/1 "/>
</bind>
</comp>

<comp id="211" class="1004" name="smax_fu_211">
<pin_list>
<pin id="212" dir="0" index="0" bw="1" slack="0"/>
<pin id="213" dir="0" index="1" bw="27" slack="0"/>
<pin id="214" dir="0" index="2" bw="27" slack="0"/>
<pin id="215" dir="1" index="3" bw="27" slack="1"/>
</pin_list>
<bind>
<opcode="select(49) " fcode="select"/>
<opset="smax/1 "/>
</bind>
</comp>

<comp id="219" class="1004" name="empty_42_fu_219">
<pin_list>
<pin id="220" dir="0" index="0" bw="28" slack="0"/>
<pin id="221" dir="0" index="1" bw="28" slack="0"/>
<pin id="222" dir="1" index="2" bw="1" slack="0"/>
</pin_list>
<bind>
<opcode="icmp(45) " fcode="icmp"/>
<opset="empty_42/1 "/>
</bind>
</comp>

<comp id="225" class="1004" name="smax2_fu_225">
<pin_list>
<pin id="226" dir="0" index="0" bw="1" slack="0"/>
<pin id="227" dir="0" index="1" bw="27" slack="0"/>
<pin id="228" dir="0" index="2" bw="27" slack="0"/>
<pin id="229" dir="1" index="3" bw="27" slack="1"/>
</pin_list>
<bind>
<opcode="select(49) " fcode="select"/>
<opset="smax2/1 "/>
</bind>
</comp>

<comp id="233" class="1004" name="tmp_13_fu_233">
<pin_list>
<pin id="234" dir="0" index="0" bw="1" slack="0"/>
<pin id="235" dir="0" index="1" bw="32" slack="0"/>
<pin id="236" dir="0" index="2" bw="6" slack="0"/>
<pin id="237" dir="1" index="3" bw="1" slack="0"/>
</pin_list>
<bind>
<opcode="bitselect(1000) " fcode="bitselect"/>
<opset="tmp_13/2 "/>
</bind>
</comp>

<comp id="241" class="1004" name="p_neg9_fu_241">
<pin_list>
<pin id="242" dir="0" index="0" bw="1" slack="0"/>
<pin id="243" dir="0" index="1" bw="32" slack="0"/>
<pin id="244" dir="1" index="2" bw="32" slack="0"/>
</pin_list>
<bind>
<opcode="sub(10) " fcode="sub"/>
<opset="p_neg9/2 "/>
</bind>
</comp>

<comp id="247" class="1004" name="tmp_fu_247">
<pin_list>
<pin id="248" dir="0" index="0" bw="28" slack="0"/>
<pin id="249" dir="0" index="1" bw="32" slack="0"/>
<pin id="250" dir="0" index="2" bw="4" slack="0"/>
<pin id="251" dir="0" index="3" bw="6" slack="0"/>
<pin id="252" dir="1" index="4" bw="28" slack="0"/>
</pin_list>
<bind>
<opcode="partselect(1002) " fcode="partselect"/>
<opset="tmp/2 "/>
</bind>
</comp>

<comp id="257" class="1004" name="p_neg_t11_fu_257">
<pin_list>
<pin id="258" dir="0" index="0" bw="1" slack="0"/>
<pin id="259" dir="0" index="1" bw="28" slack="0"/>
<pin id="260" dir="1" index="2" bw="28" slack="0"/>
</pin_list>
<bind>
<opcode="sub(10) " fcode="sub"/>
<opset="p_neg_t11/2 "/>
</bind>
</comp>

<comp id="263" class="1004" name="tmp_7_fu_263">
<pin_list>
<pin id="264" dir="0" index="0" bw="28" slack="0"/>
<pin id="265" dir="0" index="1" bw="32" slack="0"/>
<pin id="266" dir="0" index="2" bw="4" slack="0"/>
<pin id="267" dir="0" index="3" bw="6" slack="0"/>
<pin id="268" dir="1" index="4" bw="28" slack="0"/>
</pin_list>
<bind>
<opcode="partselect(1002) " fcode="partselect"/>
<opset="tmp_7/2 "/>
</bind>
</comp>

<comp id="273" class="1004" name="div_fu_273">
<pin_list>
<pin id="274" dir="0" index="0" bw="1" slack="0"/>
<pin id="275" dir="0" index="1" bw="28" slack="0"/>
<pin id="276" dir="0" index="2" bw="28" slack="0"/>
<pin id="277" dir="1" index="3" bw="28" slack="0"/>
</pin_list>
<bind>
<opcode="select(49) " fcode="select"/>
<opset="div/2 "/>
</bind>
</comp>

<comp id="281" class="1004" name="empty_fu_281">
<pin_list>
<pin id="282" dir="0" index="0" bw="28" slack="0"/>
<pin id="283" dir="1" index="1" bw="27" slack="0"/>
</pin_list>
<bind>
<opcode="trunc(33) " fcode="trunc"/>
<opset="empty/2 "/>
</bind>
</comp>

<comp id="285" class="1004" name="tmp_3_fu_285">
<pin_list>
<pin id="286" dir="0" index="0" bw="31" slack="0"/>
<pin id="287" dir="0" index="1" bw="27" slack="1"/>
<pin id="288" dir="0" index="2" bw="1" slack="0"/>
<pin id="289" dir="1" index="3" bw="31" slack="0"/>
</pin_list>
<bind>
<opcode="bitconcatenate(1004) " fcode="bitconcatenate"/>
<opset="tmp_3/2 "/>
</bind>
</comp>

<comp id="292" class="1004" name="smax2_cast_fu_292">
<pin_list>
<pin id="293" dir="0" index="0" bw="27" slack="1"/>
<pin id="294" dir="1" index="1" bw="58" slack="0"/>
</pin_list>
<bind>
<opcode="zext(34) " fcode="zext"/>
<opset="smax2_cast/2 "/>
</bind>
</comp>

<comp id="296" class="1004" name="tmp_12_cast_fu_296">
<pin_list>
<pin id="297" dir="0" index="0" bw="31" slack="0"/>
<pin id="298" dir="1" index="1" bw="58" slack="0"/>
</pin_list>
<bind>
<opcode="zext(34) " fcode="zext"/>
<opset="tmp_12_cast/2 "/>
</bind>
</comp>

<comp id="301" class="1004" name="empty_43_fu_301">
<pin_list>
<pin id="302" dir="0" index="0" bw="28" slack="0"/>
<pin id="303" dir="0" index="1" bw="28" slack="0"/>
<pin id="304" dir="1" index="2" bw="1" slack="0"/>
</pin_list>
<bind>
<opcode="icmp(45) " fcode="icmp"/>
<opset="empty_43/2 "/>
</bind>
</comp>

<comp id="307" class="1004" name="smax23_fu_307">
<pin_list>
<pin id="308" dir="0" index="0" bw="1" slack="0"/>
<pin id="309" dir="0" index="1" bw="27" slack="0"/>
<pin id="310" dir="0" index="2" bw="27" slack="0"/>
<pin id="311" dir="1" index="3" bw="27" slack="1"/>
</pin_list>
<bind>
<opcode="select(49) " fcode="select"/>
<opset="smax23/2 "/>
</bind>
</comp>

<comp id="315" class="1004" name="smax23_cast_fu_315">
<pin_list>
<pin id="316" dir="0" index="0" bw="27" slack="1"/>
<pin id="317" dir="1" index="1" bw="85" slack="0"/>
</pin_list>
<bind>
<opcode="zext(34) " fcode="zext"/>
<opset="smax23_cast/3 "/>
</bind>
</comp>

<comp id="319" class="1004" name="bound6_cast_fu_319">
<pin_list>
<pin id="320" dir="0" index="0" bw="58" slack="1"/>
<pin id="321" dir="1" index="1" bw="85" slack="0"/>
</pin_list>
<bind>
<opcode="zext(34) " fcode="zext"/>
<opset="bound6_cast/3 "/>
</bind>
</comp>

<comp id="323" class="1005" name="P_read_reg_323">
<pin_list>
<pin id="324" dir="0" index="0" bw="32" slack="4"/>
<pin id="325" dir="1" index="1" bw="32" slack="4"/>
</pin_list>
<bind>
<opset="P_read "/>
</bind>
</comp>

<comp id="328" class="1005" name="smax_reg_328">
<pin_list>
<pin id="329" dir="0" index="0" bw="27" slack="1"/>
<pin id="330" dir="1" index="1" bw="27" slack="1"/>
</pin_list>
<bind>
<opset="smax "/>
</bind>
</comp>

<comp id="334" class="1005" name="smax2_reg_334">
<pin_list>
<pin id="335" dir="0" index="0" bw="27" slack="1"/>
<pin id="336" dir="1" index="1" bw="27" slack="1"/>
</pin_list>
<bind>
<opset="smax2 "/>
</bind>
</comp>

<comp id="339" class="1005" name="tmp_3_reg_339">
<pin_list>
<pin id="340" dir="0" index="0" bw="31" slack="3"/>
<pin id="341" dir="1" index="1" bw="31" slack="3"/>
</pin_list>
<bind>
<opset="tmp_3 "/>
</bind>
</comp>

<comp id="344" class="1005" name="bound6_reg_344">
<pin_list>
<pin id="345" dir="0" index="0" bw="58" slack="1"/>
<pin id="346" dir="1" index="1" bw="58" slack="1"/>
</pin_list>
<bind>
<opset="bound6 "/>
</bind>
</comp>

<comp id="350" class="1005" name="smax23_reg_350">
<pin_list>
<pin id="351" dir="0" index="0" bw="27" slack="1"/>
<pin id="352" dir="1" index="1" bw="27" slack="1"/>
</pin_list>
<bind>
<opset="smax23 "/>
</bind>
</comp>

<comp id="355" class="1005" name="smax23_cast_reg_355">
<pin_list>
<pin id="356" dir="0" index="0" bw="85" slack="1"/>
<pin id="357" dir="1" index="1" bw="85" slack="1"/>
</pin_list>
<bind>
<opset="smax23_cast "/>
</bind>
</comp>

<comp id="360" class="1005" name="bound6_cast_reg_360">
<pin_list>
<pin id="361" dir="0" index="0" bw="85" slack="1"/>
<pin id="362" dir="1" index="1" bw="85" slack="1"/>
</pin_list>
<bind>
<opset="bound6_cast "/>
</bind>
</comp>

<comp id="365" class="1005" name="bound28_reg_365">
<pin_list>
<pin id="366" dir="0" index="0" bw="85" slack="1"/>
<pin id="367" dir="1" index="1" bw="85" slack="1"/>
</pin_list>
<bind>
<opset="bound28 "/>
</bind>
</comp>

<comp id="370" class="1005" name="B_read_reg_370">
<pin_list>
<pin id="371" dir="0" index="0" bw="64" slack="1"/>
<pin id="372" dir="1" index="1" bw="64" slack="1"/>
</pin_list>
<bind>
<opset="B_read "/>
</bind>
</comp>

</comp_list>

<net_list>
<net id="58"><net_src comp="12" pin="0"/><net_sink comp="54" pin=0"/></net>

<net id="59"><net_src comp="10" pin="0"/><net_sink comp="54" pin=1"/></net>

<net id="64"><net_src comp="12" pin="0"/><net_sink comp="60" pin=0"/></net>

<net id="65"><net_src comp="8" pin="0"/><net_sink comp="60" pin=1"/></net>

<net id="70"><net_src comp="12" pin="0"/><net_sink comp="66" pin=0"/></net>

<net id="71"><net_src comp="6" pin="0"/><net_sink comp="66" pin=1"/></net>

<net id="76"><net_src comp="32" pin="0"/><net_sink comp="72" pin=0"/></net>

<net id="77"><net_src comp="2" pin="0"/><net_sink comp="72" pin=1"/></net>

<net id="89"><net_src comp="34" pin="0"/><net_sink comp="78" pin=0"/></net>

<net id="90"><net_src comp="72" pin="2"/><net_sink comp="78" pin=6"/></net>

<net id="91"><net_src comp="0" pin="0"/><net_sink comp="78" pin=7"/></net>

<net id="92"><net_src comp="4" pin="0"/><net_sink comp="78" pin=8"/></net>

<net id="106"><net_src comp="14" pin="0"/><net_sink comp="101" pin=0"/></net>

<net id="107"><net_src comp="54" pin="2"/><net_sink comp="101" pin=1"/></net>

<net id="108"><net_src comp="16" pin="0"/><net_sink comp="101" pin=2"/></net>

<net id="113"><net_src comp="18" pin="0"/><net_sink comp="109" pin=0"/></net>

<net id="114"><net_src comp="54" pin="2"/><net_sink comp="109" pin=1"/></net>

<net id="121"><net_src comp="20" pin="0"/><net_sink comp="115" pin=0"/></net>

<net id="122"><net_src comp="109" pin="2"/><net_sink comp="115" pin=1"/></net>

<net id="123"><net_src comp="22" pin="0"/><net_sink comp="115" pin=2"/></net>

<net id="124"><net_src comp="16" pin="0"/><net_sink comp="115" pin=3"/></net>

<net id="129"><net_src comp="24" pin="0"/><net_sink comp="125" pin=0"/></net>

<net id="130"><net_src comp="115" pin="4"/><net_sink comp="125" pin=1"/></net>

<net id="137"><net_src comp="20" pin="0"/><net_sink comp="131" pin=0"/></net>

<net id="138"><net_src comp="54" pin="2"/><net_sink comp="131" pin=1"/></net>

<net id="139"><net_src comp="22" pin="0"/><net_sink comp="131" pin=2"/></net>

<net id="140"><net_src comp="16" pin="0"/><net_sink comp="131" pin=3"/></net>

<net id="146"><net_src comp="101" pin="3"/><net_sink comp="141" pin=0"/></net>

<net id="147"><net_src comp="125" pin="2"/><net_sink comp="141" pin=1"/></net>

<net id="148"><net_src comp="131" pin="4"/><net_sink comp="141" pin=2"/></net>

<net id="152"><net_src comp="141" pin="3"/><net_sink comp="149" pin=0"/></net>

<net id="158"><net_src comp="14" pin="0"/><net_sink comp="153" pin=0"/></net>

<net id="159"><net_src comp="60" pin="2"/><net_sink comp="153" pin=1"/></net>

<net id="160"><net_src comp="16" pin="0"/><net_sink comp="153" pin=2"/></net>

<net id="165"><net_src comp="18" pin="0"/><net_sink comp="161" pin=0"/></net>

<net id="166"><net_src comp="60" pin="2"/><net_sink comp="161" pin=1"/></net>

<net id="173"><net_src comp="20" pin="0"/><net_sink comp="167" pin=0"/></net>

<net id="174"><net_src comp="161" pin="2"/><net_sink comp="167" pin=1"/></net>

<net id="175"><net_src comp="22" pin="0"/><net_sink comp="167" pin=2"/></net>

<net id="176"><net_src comp="16" pin="0"/><net_sink comp="167" pin=3"/></net>

<net id="181"><net_src comp="24" pin="0"/><net_sink comp="177" pin=0"/></net>

<net id="182"><net_src comp="167" pin="4"/><net_sink comp="177" pin=1"/></net>

<net id="189"><net_src comp="20" pin="0"/><net_sink comp="183" pin=0"/></net>

<net id="190"><net_src comp="60" pin="2"/><net_sink comp="183" pin=1"/></net>

<net id="191"><net_src comp="22" pin="0"/><net_sink comp="183" pin=2"/></net>

<net id="192"><net_src comp="16" pin="0"/><net_sink comp="183" pin=3"/></net>

<net id="198"><net_src comp="153" pin="3"/><net_sink comp="193" pin=0"/></net>

<net id="199"><net_src comp="177" pin="2"/><net_sink comp="193" pin=1"/></net>

<net id="200"><net_src comp="183" pin="4"/><net_sink comp="193" pin=2"/></net>

<net id="204"><net_src comp="193" pin="3"/><net_sink comp="201" pin=0"/></net>

<net id="209"><net_src comp="193" pin="3"/><net_sink comp="205" pin=0"/></net>

<net id="210"><net_src comp="24" pin="0"/><net_sink comp="205" pin=1"/></net>

<net id="216"><net_src comp="205" pin="2"/><net_sink comp="211" pin=0"/></net>

<net id="217"><net_src comp="201" pin="1"/><net_sink comp="211" pin=1"/></net>

<net id="218"><net_src comp="26" pin="0"/><net_sink comp="211" pin=2"/></net>

<net id="223"><net_src comp="141" pin="3"/><net_sink comp="219" pin=0"/></net>

<net id="224"><net_src comp="24" pin="0"/><net_sink comp="219" pin=1"/></net>

<net id="230"><net_src comp="219" pin="2"/><net_sink comp="225" pin=0"/></net>

<net id="231"><net_src comp="149" pin="1"/><net_sink comp="225" pin=1"/></net>

<net id="232"><net_src comp="26" pin="0"/><net_sink comp="225" pin=2"/></net>

<net id="238"><net_src comp="14" pin="0"/><net_sink comp="233" pin=0"/></net>

<net id="239"><net_src comp="66" pin="2"/><net_sink comp="233" pin=1"/></net>

<net id="240"><net_src comp="16" pin="0"/><net_sink comp="233" pin=2"/></net>

<net id="245"><net_src comp="18" pin="0"/><net_sink comp="241" pin=0"/></net>

<net id="246"><net_src comp="66" pin="2"/><net_sink comp="241" pin=1"/></net>

<net id="253"><net_src comp="20" pin="0"/><net_sink comp="247" pin=0"/></net>

<net id="254"><net_src comp="241" pin="2"/><net_sink comp="247" pin=1"/></net>

<net id="255"><net_src comp="22" pin="0"/><net_sink comp="247" pin=2"/></net>

<net id="256"><net_src comp="16" pin="0"/><net_sink comp="247" pin=3"/></net>

<net id="261"><net_src comp="24" pin="0"/><net_sink comp="257" pin=0"/></net>

<net id="262"><net_src comp="247" pin="4"/><net_sink comp="257" pin=1"/></net>

<net id="269"><net_src comp="20" pin="0"/><net_sink comp="263" pin=0"/></net>

<net id="270"><net_src comp="66" pin="2"/><net_sink comp="263" pin=1"/></net>

<net id="271"><net_src comp="22" pin="0"/><net_sink comp="263" pin=2"/></net>

<net id="272"><net_src comp="16" pin="0"/><net_sink comp="263" pin=3"/></net>

<net id="278"><net_src comp="233" pin="3"/><net_sink comp="273" pin=0"/></net>

<net id="279"><net_src comp="257" pin="2"/><net_sink comp="273" pin=1"/></net>

<net id="280"><net_src comp="263" pin="4"/><net_sink comp="273" pin=2"/></net>

<net id="284"><net_src comp="273" pin="3"/><net_sink comp="281" pin=0"/></net>

<net id="290"><net_src comp="28" pin="0"/><net_sink comp="285" pin=0"/></net>

<net id="291"><net_src comp="30" pin="0"/><net_sink comp="285" pin=2"/></net>

<net id="295"><net_src comp="292" pin="1"/><net_sink comp="93" pin=0"/></net>

<net id="299"><net_src comp="285" pin="3"/><net_sink comp="296" pin=0"/></net>

<net id="300"><net_src comp="296" pin="1"/><net_sink comp="93" pin=1"/></net>

<net id="305"><net_src comp="273" pin="3"/><net_sink comp="301" pin=0"/></net>

<net id="306"><net_src comp="24" pin="0"/><net_sink comp="301" pin=1"/></net>

<net id="312"><net_src comp="301" pin="2"/><net_sink comp="307" pin=0"/></net>

<net id="313"><net_src comp="281" pin="1"/><net_sink comp="307" pin=1"/></net>

<net id="314"><net_src comp="26" pin="0"/><net_sink comp="307" pin=2"/></net>

<net id="318"><net_src comp="315" pin="1"/><net_sink comp="97" pin=0"/></net>

<net id="322"><net_src comp="319" pin="1"/><net_sink comp="97" pin=1"/></net>

<net id="326"><net_src comp="54" pin="2"/><net_sink comp="323" pin=0"/></net>

<net id="327"><net_src comp="323" pin="1"/><net_sink comp="78" pin=5"/></net>

<net id="331"><net_src comp="211" pin="3"/><net_sink comp="328" pin=0"/></net>

<net id="332"><net_src comp="328" pin="1"/><net_sink comp="285" pin=1"/></net>

<net id="333"><net_src comp="328" pin="1"/><net_sink comp="78" pin=3"/></net>

<net id="337"><net_src comp="225" pin="3"/><net_sink comp="334" pin=0"/></net>

<net id="338"><net_src comp="334" pin="1"/><net_sink comp="292" pin=0"/></net>

<net id="342"><net_src comp="285" pin="3"/><net_sink comp="339" pin=0"/></net>

<net id="343"><net_src comp="339" pin="1"/><net_sink comp="78" pin=4"/></net>

<net id="347"><net_src comp="93" pin="2"/><net_sink comp="344" pin=0"/></net>

<net id="348"><net_src comp="344" pin="1"/><net_sink comp="319" pin=0"/></net>

<net id="349"><net_src comp="344" pin="1"/><net_sink comp="78" pin=2"/></net>

<net id="353"><net_src comp="307" pin="3"/><net_sink comp="350" pin=0"/></net>

<net id="354"><net_src comp="350" pin="1"/><net_sink comp="315" pin=0"/></net>

<net id="358"><net_src comp="315" pin="1"/><net_sink comp="355" pin=0"/></net>

<net id="359"><net_src comp="355" pin="1"/><net_sink comp="97" pin=0"/></net>

<net id="363"><net_src comp="319" pin="1"/><net_sink comp="360" pin=0"/></net>

<net id="364"><net_src comp="360" pin="1"/><net_sink comp="97" pin=1"/></net>

<net id="368"><net_src comp="97" pin="2"/><net_sink comp="365" pin=0"/></net>

<net id="369"><net_src comp="365" pin="1"/><net_sink comp="78" pin=1"/></net>

<net id="373"><net_src comp="72" pin="2"/><net_sink comp="370" pin=0"/></net>

<net id="374"><net_src comp="370" pin="1"/><net_sink comp="78" pin=6"/></net>

</net_list>

</model> 
---------------- Datapath Model END ------------------

* FSMD analyzer results:
  - Output states:
	Port: gmem1 | {}
	Port: B_stream | {5 6 }
 - Input state : 
	Port: readBTiles : gmem1 | {5 6 }
	Port: readBTiles : B | {5 }
	Port: readBTiles : N | {2 }
	Port: readBTiles : M | {1 }
	Port: readBTiles : P | {1 }
  - Chain level:
	State 1
		tmp_8 : 1
		p_neg_t5 : 2
		div2 : 3
		empty_39 : 4
		tmp_s : 1
		p_neg_t : 2
		div7 : 3
		empty_40 : 4
		empty_41 : 4
		smax : 5
		empty_42 : 4
		smax2 : 5
	State 2
		tmp : 1
		p_neg_t11 : 2
		div : 3
		empty : 4
		tmp_12_cast : 1
		bound6 : 2
		empty_43 : 4
		smax23 : 5
	State 3
		bound28 : 1
	State 4
	State 5
	State 6


============================================================
+ Verbose Summary: Datapath Resource usage 
============================================================

* Functional unit list:
|----------|-----------------------------------------------------------------------------|---------|---------|---------|---------|
| Operation|                               Functional Unit                               |   DSP   |  Delay  |    FF   |   LUT   |
|----------|-----------------------------------------------------------------------------|---------|---------|---------|---------|
|   call   | grp_readBTiles_Pipeline_i_BLOCK_loop_j_BLOCK_loop_k_BLOCK_loop_k_loop_fu_78 |    3    |  1.588  |   1730  |   1046  |
|----------|-----------------------------------------------------------------------------|---------|---------|---------|---------|
|    mul   |                                 bound6_fu_93                                |    4    |    0    |    0    |    23   |
|          |                                  grp_fu_97                                  |    6    |    0    |   221   |   164   |
|----------|-----------------------------------------------------------------------------|---------|---------|---------|---------|
|          |                                p_neg3_fu_109                                |    0    |    0    |    0    |    39   |
|          |                               p_neg_t5_fu_125                               |    0    |    0    |    0    |    35   |
|    sub   |                                 p_neg_fu_161                                |    0    |    0    |    0    |    39   |
|          |                                p_neg_t_fu_177                               |    0    |    0    |    0    |    35   |
|          |                                p_neg9_fu_241                                |    0    |    0    |    0    |    39   |
|          |                               p_neg_t11_fu_257                              |    0    |    0    |    0    |    35   |
|----------|-----------------------------------------------------------------------------|---------|---------|---------|---------|
|          |                                 div2_fu_141                                 |    0    |    0    |    0    |    28   |
|          |                                 div7_fu_193                                 |    0    |    0    |    0    |    28   |
|  select  |                                 smax_fu_211                                 |    0    |    0    |    0    |    27   |
|          |                                 smax2_fu_225                                |    0    |    0    |    0    |    27   |
|          |                                  div_fu_273                                 |    0    |    0    |    0    |    28   |
|          |                                smax23_fu_307                                |    0    |    0    |    0    |    27   |
|----------|-----------------------------------------------------------------------------|---------|---------|---------|---------|
|          |                               empty_41_fu_205                               |    0    |    0    |    0    |    35   |
|   icmp   |                               empty_42_fu_219                               |    0    |    0    |    0    |    35   |
|          |                               empty_43_fu_301                               |    0    |    0    |    0    |    35   |
|----------|-----------------------------------------------------------------------------|---------|---------|---------|---------|
|          |                              P_read_read_fu_54                              |    0    |    0    |    0    |    0    |
|   read   |                              M_read_read_fu_60                              |    0    |    0    |    0    |    0    |
|          |                              N_read_read_fu_66                              |    0    |    0    |    0    |    0    |
|          |                              B_read_read_fu_72                              |    0    |    0    |    0    |    0    |
|----------|-----------------------------------------------------------------------------|---------|---------|---------|---------|
|          |                                tmp_14_fu_101                                |    0    |    0    |    0    |    0    |
| bitselect|                                tmp_15_fu_153                                |    0    |    0    |    0    |    0    |
|          |                                tmp_13_fu_233                                |    0    |    0    |    0    |    0    |
|----------|-----------------------------------------------------------------------------|---------|---------|---------|---------|
|          |                                 tmp_8_fu_115                                |    0    |    0    |    0    |    0    |
|          |                                 tmp_9_fu_131                                |    0    |    0    |    0    |    0    |
|partselect|                                 tmp_s_fu_167                                |    0    |    0    |    0    |    0    |
|          |                                 tmp_2_fu_183                                |    0    |    0    |    0    |    0    |
|          |                                  tmp_fu_247                                 |    0    |    0    |    0    |    0    |
|          |                                 tmp_7_fu_263                                |    0    |    0    |    0    |    0    |
|----------|-----------------------------------------------------------------------------|---------|---------|---------|---------|
|          |                               empty_39_fu_149                               |    0    |    0    |    0    |    0    |
|   trunc  |                               empty_40_fu_201                               |    0    |    0    |    0    |    0    |
|          |                                 empty_fu_281                                |    0    |    0    |    0    |    0    |
|----------|-----------------------------------------------------------------------------|---------|---------|---------|---------|
|bitconcatenate|                                 tmp_3_fu_285                                |    0    |    0    |    0    |    0    |
|----------|-----------------------------------------------------------------------------|---------|---------|---------|---------|
|          |                              smax2_cast_fu_292                              |    0    |    0    |    0    |    0    |
|   zext   |                              tmp_12_cast_fu_296                             |    0    |    0    |    0    |    0    |
|          |                              smax23_cast_fu_315                             |    0    |    0    |    0    |    0    |
|          |                              bound6_cast_fu_319                             |    0    |    0    |    0    |    0    |
|----------|-----------------------------------------------------------------------------|---------|---------|---------|---------|
|   Total  |                                                                             |    13   |  1.588  |   1951  |   1725  |
|----------|-----------------------------------------------------------------------------|---------|---------|---------|---------|

Memories:
N/A

* Register list:
+-------------------+--------+
|                   |   FF   |
+-------------------+--------+
|   B_read_reg_370  |   64   |
|   P_read_reg_323  |   32   |
|  bound28_reg_365  |   85   |
|bound6_cast_reg_360|   85   |
|   bound6_reg_344  |   58   |
|smax23_cast_reg_355|   85   |
|   smax23_reg_350  |   27   |
|   smax2_reg_334   |   27   |
|    smax_reg_328   |   27   |
|   tmp_3_reg_339   |   31   |
+-------------------+--------+
|       Total       |   521  |
+-------------------+--------+

* Multiplexer (MUX) list: 
|-----------------------------------------------------------------------------|------|------|------|--------||---------||---------||---------|
|                                     Comp                                    |  Pin | Size |  BW  | S x BW ||  Delay  ||    FF   ||   LUT   |
|-----------------------------------------------------------------------------|------|------|------|--------||---------||---------||---------|
| grp_readBTiles_Pipeline_i_BLOCK_loop_j_BLOCK_loop_k_BLOCK_loop_k_loop_fu_78 |  p6  |   2  |  64  |   128  ||    0    ||    9    |
|                                  grp_fu_97                                  |  p0  |   2  |  27  |   54   ||    0    ||    9    |
|                                  grp_fu_97                                  |  p1  |   2  |  58  |   116  ||    0    ||    9    |
|-----------------------------------------------------------------------------|------|------|------|--------||---------||---------||---------|
|                                    Total                                    |      |      |      |   298  ||  4.764  ||    0    ||    27   |
|-----------------------------------------------------------------------------|------|------|------|--------||---------||---------||---------|



* Summary:
+-----------+--------+--------+--------+--------+
|           |   DSP  |  Delay |   FF   |   LUT  |
+-----------+--------+--------+--------+--------+
|  Function |   13   |    1   |  1951  |  1725  |
|   Memory  |    -   |    -   |    -   |    -   |
|Multiplexer|    -   |    4   |    0   |   27   |
|  Register |    -   |    -   |   521  |    -   |
+-----------+--------+--------+--------+--------+
|   Total   |   13   |    6   |  2472  |  1752  |
+-----------+--------+--------+--------+--------+
