

================================================================
== Vitis HLS Report for 'readAtTiles_Pipeline_i_BLOCK_loop_j_BLOCK_loop_k_BLOCK_loop_k_loop'
================================================================
* Date:           Sat Apr 11 17:34:12 2026

* Version:        2025.1 (Build 6135595 on May 21 2025)
* Project:        baseline_blockedMM
* Solution:       hls (Vivado IP Flow Target)
* Product family: zynq
* Target device:  xc7z020-clg400-1


================================================================
== Performance Estimates
================================================================
+ Timing: 
    * Summary: 
    +--------+----------+-----------+------------+
    |  Clock |  Target  | Estimated | Uncertainty|
    +--------+----------+-----------+------------+
    |ap_clk  |  15.00 ns|  10.950 ns|     4.05 ns|
    +--------+----------+-----------+------------+

+ Latency: 
    * Summary: 
    +---------+---------+----------+----------+--------+--------+------------------------------------------------+
    |  Latency (cycles) |  Latency (absolute) |     Interval    |                    Pipeline                    |
    |   min   |   max   |    min   |    max   |   min  |   max  |                      Type                      |
    +---------+---------+----------+----------+--------+--------+------------------------------------------------+
    |   401423|   401423|  6.021 ms|  6.021 ms|  401409|  401409|  loop auto-rewind stp (delay=0 clock cycles(s))|
    +---------+---------+----------+----------+--------+--------+------------------------------------------------+

    + Detail: 
        * Instance: 
        N/A

        * Loop: 
        +-------------------------------------------------+---------+---------+----------+-----------+-----------+--------+----------+
        |                                                 |  Latency (cycles) | Iteration|  Initiation Interval  |  Trip  |          |
        |                    Loop Name                    |   min   |   max   |  Latency |  achieved |   target  |  Count | Pipelined|
        +-------------------------------------------------+---------+---------+----------+-----------+-----------+--------+----------+
        |- i_BLOCK_loop_j_BLOCK_loop_k_BLOCK_loop_k_loop  |   401421|   401421|        15|          1|          1|  401408|       yes|
        +-------------------------------------------------+---------+---------+----------+-----------+-----------+--------+----------+

============================================================
+ Verbose Summary: Synthesis Manager
============================================================
InlineROM: 1
ExposeGlobal: 0
============================================================
+ Verbose Summary: CDFG Model
============================================================
IsTopModel: 0
ResetActiveHigh: 1
IsCombinational: 0
IsDatapathOnly: 0
HasWiredReturn: 1
HasMFsm: 2
HasVarLatency: 1
IsPipeline: 0
IsRtlPipelined: 0
IsInstanceOverlapped: 0
IsDontTouch: 0
HasImplIP: 0
IsGatedGlobalClock: 0

+ Individual pipeline summary: 
  * Pipeline-0: initiation interval (II) = 1, depth = 16


============================================================
+ Verbose Summary: Schedule
============================================================
* Number of FSM states : 16
* Pipeline : 1
  Pipeline-0 : II = 1, D = 16, States = { 1 2 3 4 5 6 7 8 9 10 11 12 13 14 15 16 }
* Dataflow Pipeline: 0

* FSM state transitions: 
1 --> 2 
2 --> 3 
3 --> 4 
4 --> 5 
5 --> 6 
6 --> 7 
7 --> 8 
8 --> 9 
9 --> 10 
10 --> 11 
11 --> 12 
12 --> 13 
13 --> 14 
14 --> 15 
15 --> 16 
16 --> 

* FSM state operations: 

State 1 <SV = 0> <Delay = 1.58>
ST_1 : Operation 18 [1/1] (0.00ns)   --->   "%k_01 = alloca i32 1" [../MLP_baseline/mm.cpp:21]   --->   Operation 18 'alloca' 'k_01' <Predicate = true> <Delay = 0.00>
ST_1 : Operation 19 [1/1] (0.00ns)   --->   "%kb = alloca i32 1" [../MLP_baseline/mm.cpp:18]   --->   Operation 19 'alloca' 'kb' <Predicate = true> <Delay = 0.00>
ST_1 : Operation 20 [1/1] (0.00ns)   --->   "%indvar_flatten = alloca i32 1"   --->   Operation 20 'alloca' 'indvar_flatten' <Predicate = true> <Delay = 0.00>
ST_1 : Operation 21 [1/1] (0.00ns)   --->   "%indvar_flatten17 = alloca i32 1"   --->   Operation 21 'alloca' 'indvar_flatten17' <Predicate = true> <Delay = 0.00>
ST_1 : Operation 22 [1/1] (0.00ns)   --->   "%ib = alloca i32 1" [../MLP_baseline/mm.cpp:12]   --->   Operation 22 'alloca' 'ib' <Predicate = true> <Delay = 0.00>
ST_1 : Operation 23 [1/1] (0.00ns)   --->   "%indvar_flatten49 = alloca i32 1"   --->   Operation 23 'alloca' 'indvar_flatten49' <Predicate = true> <Delay = 0.00>
ST_1 : Operation 24 [1/1] (0.00ns)   --->   "%AT_read = read i64 @_ssdm_op_Read.ap_auto.i64, i64 %AT"   --->   Operation 24 'read' 'AT_read' <Predicate = true> <Delay = 0.00>
ST_1 : Operation 25 [1/1] (0.00ns)   --->   "%N_read = read i32 @_ssdm_op_Read.ap_auto.i32, i32 %N"   --->   Operation 25 'read' 'N_read' <Predicate = true> <Delay = 0.00>
ST_1 : Operation 26 [1/1] (0.00ns)   --->   "%bound_read = read i31 @_ssdm_op_Read.ap_auto.i31, i31 %bound"   --->   Operation 26 'read' 'bound_read' <Predicate = true> <Delay = 0.00>
ST_1 : Operation 27 [1/1] (0.00ns)   --->   "%smax_read = read i27 @_ssdm_op_Read.ap_auto.i27, i27 %smax"   --->   Operation 27 'read' 'smax_read' <Predicate = true> <Delay = 0.00>
ST_1 : Operation 28 [1/1] (0.00ns)   --->   "%bound6_read = read i58 @_ssdm_op_Read.ap_auto.i58, i58 %bound6"   --->   Operation 28 'read' 'bound6_read' <Predicate = true> <Delay = 0.00>
ST_1 : Operation 29 [1/1] (0.00ns)   --->   "%bound25_read = read i85 @_ssdm_op_Read.ap_auto.i85, i85 %bound25"   --->   Operation 29 'read' 'bound25_read' <Predicate = true> <Delay = 0.00>
ST_1 : Operation 30 [1/1] (0.00ns)   --->   "%bound_cast = zext i31 %bound_read"   --->   Operation 30 'zext' 'bound_cast' <Predicate = true> <Delay = 0.00>
ST_1 : Operation 31 [1/1] (0.00ns)   --->   "%bound6_cast = zext i58 %bound6_read"   --->   Operation 31 'zext' 'bound6_cast' <Predicate = true> <Delay = 0.00>
ST_1 : Operation 32 [1/1] (0.00ns)   --->   "%specinterface_ln0 = specinterface void @_ssdm_op_SpecInterface, i512 %gmem, void @empty_14, i32 0, i32 0, void @empty_17, i32 0, i32 802816, void @empty_18, void @empty, void @empty_17, i32 16, i32 16, i32 16, i32 16, void @empty_17, void @empty_17, i32 4294967295, i32 0, i32 0"   --->   Operation 32 'specinterface' 'specinterface_ln0' <Predicate = true> <Delay = 0.00>
ST_1 : Operation 33 [1/1] (0.00ns)   --->   "%specinterface_ln0 = specinterface void @_ssdm_op_SpecInterface, i512 %A_stream, void @empty_13, i32 0, i32 0, void @empty_17, i32 0, i32 0, void @empty_17, void @empty_17, void @empty_17, i32 0, i32 0, i32 0, i32 0, void @empty_17, void @empty_17, i32 4294967295, i32 0, i32 0"   --->   Operation 33 'specinterface' 'specinterface_ln0' <Predicate = true> <Delay = 0.00>
ST_1 : Operation 34 [1/1] (1.58ns)   --->   "%store_ln0 = store i85 0, i85 %indvar_flatten49"   --->   Operation 34 'store' 'store_ln0' <Predicate = true> <Delay = 1.58>
ST_1 : Operation 35 [1/1] (1.58ns)   --->   "%store_ln12 = store i28 0, i28 %ib" [../MLP_baseline/mm.cpp:12]   --->   Operation 35 'store' 'store_ln12' <Predicate = true> <Delay = 1.58>
ST_1 : Operation 36 [1/1] (1.58ns)   --->   "%store_ln0 = store i63 0, i63 %indvar_flatten17"   --->   Operation 36 'store' 'store_ln0' <Predicate = true> <Delay = 1.58>
ST_1 : Operation 37 [1/1] (1.58ns)   --->   "%store_ln0 = store i34 0, i34 %indvar_flatten"   --->   Operation 37 'store' 'store_ln0' <Predicate = true> <Delay = 1.58>
ST_1 : Operation 38 [1/1] (1.58ns)   --->   "%store_ln18 = store i28 0, i28 %kb" [../MLP_baseline/mm.cpp:18]   --->   Operation 38 'store' 'store_ln18' <Predicate = true> <Delay = 1.58>
ST_1 : Operation 39 [1/1] (1.58ns)   --->   "%store_ln21 = store i5 0, i5 %k_01" [../MLP_baseline/mm.cpp:21]   --->   Operation 39 'store' 'store_ln21' <Predicate = true> <Delay = 1.58>
ST_1 : Operation 40 [1/1] (0.00ns)   --->   "%br_ln0 = br void %for.inc"   --->   Operation 40 'br' 'br_ln0' <Predicate = true> <Delay = 0.00>

State 2 <SV = 1> <Delay = 7.96>
ST_2 : Operation 41 [1/1] (0.00ns)   --->   "%indvar_flatten49_load = load i85 %indvar_flatten49" [../MLP_baseline/mm.cpp:12]   --->   Operation 41 'load' 'indvar_flatten49_load' <Predicate = true> <Delay = 0.00>
ST_2 : Operation 42 [1/1] (4.12ns)   --->   "%icmp_ln12 = icmp_eq  i85 %indvar_flatten49_load, i85 %bound25_read" [../MLP_baseline/mm.cpp:12]   --->   Operation 42 'icmp' 'icmp_ln12' <Predicate = true> <Delay = 4.12> <CoreInst = "Cmp">   --->   Core 9 'Cmp' <Latency = 0> <II = 1> <Delay = 4.12> <FuncUnit> <Opcode : 'seteq' 'setne' 'setle' 'setge' 'setlt' 'setgt'> <InPorts = 2> <OutPorts = 1>
ST_2 : Operation 43 [1/1] (4.12ns)   --->   "%add_ln12 = add i85 %indvar_flatten49_load, i85 1" [../MLP_baseline/mm.cpp:12]   --->   Operation 43 'add' 'add_ln12' <Predicate = true> <Delay = 4.12> <CoreInst = "Adder">   --->   Core 1 'Adder' <Latency = 0> <II = 1> <Delay = 4.12> <FuncUnit> <Opcode : 'add' 'sub'> <InPorts = 2> <OutPorts = 1>
ST_2 : Operation 44 [1/1] (0.00ns)   --->   "%br_ln12 = br i1 %icmp_ln12, void %for.inc25, void %for.end27.exitStub" [../MLP_baseline/mm.cpp:12]   --->   Operation 44 'br' 'br_ln12' <Predicate = true> <Delay = 0.00>
ST_2 : Operation 45 [1/1] (0.00ns)   --->   "%indvar_flatten_load = load i34 %indvar_flatten" [../MLP_baseline/mm.cpp:18]   --->   Operation 45 'load' 'indvar_flatten_load' <Predicate = (!icmp_ln12)> <Delay = 0.00>
ST_2 : Operation 46 [1/1] (0.00ns)   --->   "%indvar_flatten17_load = load i63 %indvar_flatten17" [../MLP_baseline/mm.cpp:15]   --->   Operation 46 'load' 'indvar_flatten17_load' <Predicate = (!icmp_ln12)> <Delay = 0.00>
ST_2 : Operation 47 [1/1] (3.49ns)   --->   "%icmp_ln15 = icmp_eq  i63 %indvar_flatten17_load, i63 %bound6_cast" [../MLP_baseline/mm.cpp:15]   --->   Operation 47 'icmp' 'icmp_ln15' <Predicate = (!icmp_ln12)> <Delay = 3.49> <CoreInst = "Cmp">   --->   Core 9 'Cmp' <Latency = 0> <II = 1> <Delay = 3.49> <FuncUnit> <Opcode : 'seteq' 'setne' 'setle' 'setge' 'setlt' 'setgt'> <InPorts = 2> <OutPorts = 1>
ST_2 : Operation 48 [1/1] (2.40ns)   --->   "%icmp_ln18 = icmp_eq  i27 %smax_read, i27 0" [../MLP_baseline/mm.cpp:18]   --->   Operation 48 'icmp' 'icmp_ln18' <Predicate = (!icmp_ln12)> <Delay = 2.40> <CoreInst = "Cmp">   --->   Core 9 'Cmp' <Latency = 0> <II = 1> <Delay = 2.40> <FuncUnit> <Opcode : 'seteq' 'setne' 'setle' 'setge' 'setlt' 'setgt'> <InPorts = 2> <OutPorts = 1>
ST_2 : Operation 49 [1/1] (2.63ns)   --->   "%icmp_ln18_1 = icmp_eq  i34 %indvar_flatten_load, i34 %bound_cast" [../MLP_baseline/mm.cpp:18]   --->   Operation 49 'icmp' 'icmp_ln18_1' <Predicate = (!icmp_ln12)> <Delay = 2.63> <CoreInst = "Cmp">   --->   Core 9 'Cmp' <Latency = 0> <II = 1> <Delay = 2.63> <FuncUnit> <Opcode : 'seteq' 'setne' 'setle' 'setge' 'setlt' 'setgt'> <InPorts = 2> <OutPorts = 1>
ST_2 : Operation 50 [1/1] (0.99ns)   --->   "%select_ln12 = select i1 %icmp_ln15, i1 %icmp_ln18, i1 %icmp_ln18_1" [../MLP_baseline/mm.cpp:12]   --->   Operation 50 'select' 'select_ln12' <Predicate = (!icmp_ln12)> <Delay = 0.99> <CoreInst = "Sel">   --->   Core 73 'Sel' <Latency = 0> <II = 1> <Delay = 0.99> <FuncUnit> <Opcode : 'select'> <InPorts = 3> <OutPorts = 1>
ST_2 : Operation 51 [1/1] (0.97ns)   --->   "%or_ln15 = or i1 %select_ln12, i1 %icmp_ln15" [../MLP_baseline/mm.cpp:15]   --->   Operation 51 'or' 'or_ln15' <Predicate = (!icmp_ln12)> <Delay = 0.97> <CoreInst = "LogicGate">   --->   Core 74 'LogicGate' <Latency = 0> <II = 1> <Delay = 0.97> <FuncUnit> <Opcode : 'and' 'or' 'xor'> <InPorts = 2> <OutPorts = 1>
ST_2 : Operation 52 [1/1] (2.63ns)   --->   "%add_ln18_1 = add i34 %indvar_flatten_load, i34 1" [../MLP_baseline/mm.cpp:18]   --->   Operation 52 'add' 'add_ln18_1' <Predicate = (!icmp_ln12)> <Delay = 2.63> <CoreInst = "Adder">   --->   Core 1 'Adder' <Latency = 0> <II = 1> <Delay = 2.63> <FuncUnit> <Opcode : 'add' 'sub'> <InPorts = 2> <OutPorts = 1>
ST_2 : Operation 53 [1/1] (0.91ns)   --->   "%select_ln18_2 = select i1 %or_ln15, i34 1, i34 %add_ln18_1" [../MLP_baseline/mm.cpp:18]   --->   Operation 53 'select' 'select_ln18_2' <Predicate = (!icmp_ln12)> <Delay = 0.91> <CoreInst = "Sel">   --->   Core 73 'Sel' <Latency = 0> <II = 1> <Delay = 0.91> <FuncUnit> <Opcode : 'select'> <InPorts = 3> <OutPorts = 1>
ST_2 : Operation 54 [1/1] (3.49ns)   --->   "%add_ln15 = add i63 %indvar_flatten17_load, i63 1" [../MLP_baseline/mm.cpp:15]   --->   Operation 54 'add' 'add_ln15' <Predicate = (!icmp_ln12)> <Delay = 3.49> <CoreInst = "Adder">   --->   Core 1 'Adder' <Latency = 0> <II = 1> <Delay = 3.49> <FuncUnit> <Opcode : 'add' 'sub'> <InPorts = 2> <OutPorts = 1>
ST_2 : Operation 55 [1/1] (1.41ns)   --->   "%select_ln15_1 = select i1 %icmp_ln15, i63 1, i63 %add_ln15" [../MLP_baseline/mm.cpp:15]   --->   Operation 55 'select' 'select_ln15_1' <Predicate = (!icmp_ln12)> <Delay = 1.41> <CoreInst = "Sel">   --->   Core 73 'Sel' <Latency = 0> <II = 1> <Delay = 1.41> <FuncUnit> <Opcode : 'select'> <InPorts = 3> <OutPorts = 1>
ST_2 : Operation 56 [1/1] (1.58ns)   --->   "%store_ln12 = store i85 %add_ln12, i85 %indvar_flatten49" [../MLP_baseline/mm.cpp:12]   --->   Operation 56 'store' 'store_ln12' <Predicate = (!icmp_ln12)> <Delay = 1.58>
ST_2 : Operation 57 [1/1] (1.58ns)   --->   "%store_ln15 = store i63 %select_ln15_1, i63 %indvar_flatten17" [../MLP_baseline/mm.cpp:15]   --->   Operation 57 'store' 'store_ln15' <Predicate = (!icmp_ln12)> <Delay = 1.58>
ST_2 : Operation 58 [1/1] (1.58ns)   --->   "%store_ln18 = store i34 %select_ln18_2, i34 %indvar_flatten" [../MLP_baseline/mm.cpp:18]   --->   Operation 58 'store' 'store_ln18' <Predicate = (!icmp_ln12)> <Delay = 1.58>

State 3 <SV = 2> <Delay = 7.34>
ST_3 : Operation 59 [1/1] (0.00ns)   --->   "%k_01_load = load i5 %k_01" [../MLP_baseline/mm.cpp:21]   --->   Operation 59 'load' 'k_01_load' <Predicate = true> <Delay = 0.00>
ST_3 : Operation 60 [1/1] (0.00ns)   --->   "%kb_load = load i28 %kb" [../MLP_baseline/mm.cpp:15]   --->   Operation 60 'load' 'kb_load' <Predicate = (!or_ln15)> <Delay = 0.00>
ST_3 : Operation 61 [1/1] (0.00ns) (grouped into LUT with out node and_ln15)   --->   "%xor_ln12 = xor i1 %icmp_ln15, i1 1" [../MLP_baseline/mm.cpp:12]   --->   Operation 61 'xor' 'xor_ln12' <Predicate = true> <Delay = 0.00> <CoreInst = "LogicGate">   --->   Core 74 'LogicGate' <Latency = 0> <II = 1> <Delay = 0.97> <FuncUnit> <Opcode : 'and' 'or' 'xor'> <InPorts = 2> <OutPorts = 1>
ST_3 : Operation 62 [1/1] (1.78ns)   --->   "%icmp_ln21 = icmp_eq  i5 %k_01_load, i5 16" [../MLP_baseline/mm.cpp:21]   --->   Operation 62 'icmp' 'icmp_ln21' <Predicate = true> <Delay = 1.78> <CoreInst = "Cmp">   --->   Core 9 'Cmp' <Latency = 0> <II = 1> <Delay = 1.78> <FuncUnit> <Opcode : 'seteq' 'setne' 'setle' 'setge' 'setlt' 'setgt'> <InPorts = 2> <OutPorts = 1>
ST_3 : Operation 63 [1/1] (0.83ns)   --->   "%select_ln15 = select i1 %or_ln15, i28 0, i28 %kb_load" [../MLP_baseline/mm.cpp:15]   --->   Operation 63 'select' 'select_ln15' <Predicate = true> <Delay = 0.83> <CoreInst = "Sel">   --->   Core 73 'Sel' <Latency = 0> <II = 1> <Delay = 0.83> <FuncUnit> <Opcode : 'select'> <InPorts = 3> <OutPorts = 1>
ST_3 : Operation 64 [1/1] (0.00ns) (grouped into LUT with out node and_ln15)   --->   "%xor_ln15 = xor i1 %select_ln12, i1 1" [../MLP_baseline/mm.cpp:15]   --->   Operation 64 'xor' 'xor_ln15' <Predicate = true> <Delay = 0.00> <CoreInst = "LogicGate">   --->   Core 74 'LogicGate' <Latency = 0> <II = 1> <Delay = 0.97> <FuncUnit> <Opcode : 'and' 'or' 'xor'> <InPorts = 2> <OutPorts = 1>
ST_3 : Operation 65 [1/1] (0.00ns) (grouped into LUT with out node and_ln15)   --->   "%and_ln12 = and i1 %xor_ln15, i1 %xor_ln12" [../MLP_baseline/mm.cpp:12]   --->   Operation 65 'and' 'and_ln12' <Predicate = true> <Delay = 0.00> <CoreInst = "LogicGate">   --->   Core 74 'LogicGate' <Latency = 0> <II = 1> <Delay = 0.97> <FuncUnit> <Opcode : 'and' 'or' 'xor'> <InPorts = 2> <OutPorts = 1>
ST_3 : Operation 66 [1/1] (0.97ns) (out node of the LUT)   --->   "%and_ln15 = and i1 %and_ln12, i1 %icmp_ln21" [../MLP_baseline/mm.cpp:15]   --->   Operation 66 'and' 'and_ln15' <Predicate = true> <Delay = 0.97> <CoreInst = "LogicGate">   --->   Core 74 'LogicGate' <Latency = 0> <II = 1> <Delay = 0.97> <FuncUnit> <Opcode : 'and' 'or' 'xor'> <InPorts = 2> <OutPorts = 1>
ST_3 : Operation 67 [1/1] (2.43ns)   --->   "%kb_4 = add i28 %select_ln15, i28 1" [../MLP_baseline/mm.cpp:18]   --->   Operation 67 'add' 'kb_4' <Predicate = true> <Delay = 2.43> <CoreInst = "Adder">   --->   Core 1 'Adder' <Latency = 0> <II = 1> <Delay = 2.43> <FuncUnit> <Opcode : 'add' 'sub'> <InPorts = 2> <OutPorts = 1>
ST_3 : Operation 68 [1/1] (0.00ns) (grouped into LUT with out node select_ln18)   --->   "%or_ln18 = or i1 %and_ln15, i1 %select_ln12" [../MLP_baseline/mm.cpp:18]   --->   Operation 68 'or' 'or_ln18' <Predicate = true> <Delay = 0.00> <CoreInst = "LogicGate">   --->   Core 74 'LogicGate' <Latency = 0> <II = 1> <Delay = 0.97> <FuncUnit> <Opcode : 'and' 'or' 'xor'> <InPorts = 2> <OutPorts = 1>
ST_3 : Operation 69 [1/1] (0.00ns) (grouped into LUT with out node select_ln18)   --->   "%or_ln18_1 = or i1 %or_ln18, i1 %icmp_ln15" [../MLP_baseline/mm.cpp:18]   --->   Operation 69 'or' 'or_ln18_1' <Predicate = true> <Delay = 0.00> <CoreInst = "LogicGate">   --->   Core 74 'LogicGate' <Latency = 0> <II = 1> <Delay = 0.97> <FuncUnit> <Opcode : 'and' 'or' 'xor'> <InPorts = 2> <OutPorts = 1>
ST_3 : Operation 70 [1/1] (1.21ns) (out node of the LUT)   --->   "%select_ln18 = select i1 %or_ln18_1, i5 0, i5 %k_01_load" [../MLP_baseline/mm.cpp:18]   --->   Operation 70 'select' 'select_ln18' <Predicate = true> <Delay = 1.21> <CoreInst = "Sel">   --->   Core 73 'Sel' <Latency = 0> <II = 1> <Delay = 1.21> <FuncUnit> <Opcode : 'select'> <InPorts = 3> <OutPorts = 1>
ST_3 : Operation 71 [1/1] (0.83ns)   --->   "%select_ln18_1 = select i1 %and_ln15, i28 %kb_4, i28 %select_ln15" [../MLP_baseline/mm.cpp:18]   --->   Operation 71 'select' 'select_ln18_1' <Predicate = true> <Delay = 0.83> <CoreInst = "Sel">   --->   Core 73 'Sel' <Latency = 0> <II = 1> <Delay = 0.83> <FuncUnit> <Opcode : 'select'> <InPorts = 3> <OutPorts = 1>
ST_3 : Operation 72 [1/1] (0.00ns)   --->   "%mul = bitconcatenate i32 @_ssdm_op_BitConcatenate.i32.i28.i4, i28 %select_ln18_1, i4 0" [../MLP_baseline/mm.cpp:18]   --->   Operation 72 'bitconcatenate' 'mul' <Predicate = true> <Delay = 0.00>
ST_3 : Operation 73 [1/1] (0.00ns)   --->   "%zext_ln21 = zext i5 %select_ln18" [../MLP_baseline/mm.cpp:21]   --->   Operation 73 'zext' 'zext_ln21' <Predicate = true> <Delay = 0.00>
ST_3 : Operation 74 [1/1] (2.55ns)   --->   "%add_ln23 = add i32 %mul, i32 %zext_ln21" [../MLP_baseline/mm.cpp:23]   --->   Operation 74 'add' 'add_ln23' <Predicate = true> <Delay = 2.55> <CoreInst = "Adder">   --->   Core 1 'Adder' <Latency = 0> <II = 1> <Delay = 2.55> <FuncUnit> <Opcode : 'add' 'sub'> <InPorts = 2> <OutPorts = 1>
ST_3 : Operation 75 [1/1] (1.78ns)   --->   "%k = add i5 %select_ln18, i5 1" [../MLP_baseline/mm.cpp:21]   --->   Operation 75 'add' 'k' <Predicate = true> <Delay = 1.78> <CoreInst = "Adder">   --->   Core 1 'Adder' <Latency = 0> <II = 1> <Delay = 1.78> <FuncUnit> <Opcode : 'add' 'sub'> <InPorts = 2> <OutPorts = 1>
ST_3 : Operation 76 [1/1] (1.58ns)   --->   "%store_ln18 = store i28 %select_ln18_1, i28 %kb" [../MLP_baseline/mm.cpp:18]   --->   Operation 76 'store' 'store_ln18' <Predicate = true> <Delay = 1.58>
ST_3 : Operation 77 [1/1] (1.58ns)   --->   "%store_ln21 = store i5 %k, i5 %k_01" [../MLP_baseline/mm.cpp:21]   --->   Operation 77 'store' 'store_ln21' <Predicate = true> <Delay = 1.58>

State 4 <SV = 3> <Delay = 8.51>
ST_4 : Operation 78 [1/1] (8.51ns)   --->   "%mul_ln23 = mul i32 %add_ln23, i32 %N_read" [../MLP_baseline/mm.cpp:23]   --->   Operation 78 'mul' 'mul_ln23' <Predicate = true> <Delay = 8.51> <CoreInst = "Multiplier">   --->   Core 3 'Multiplier' <Latency = 0> <II = 1> <Delay = 8.51> <FuncUnit> <Opcode : 'mul'> <InPorts = 2> <OutPorts = 1>

State 5 <SV = 4> <Delay = 5.82>
ST_5 : Operation 79 [1/1] (0.00ns)   --->   "%ib_load = load i28 %ib" [../MLP_baseline/mm.cpp:12]   --->   Operation 79 'load' 'ib_load' <Predicate = true> <Delay = 0.00>
ST_5 : Operation 80 [1/1] (2.43ns)   --->   "%add_ln12_1 = add i28 %ib_load, i28 1" [../MLP_baseline/mm.cpp:12]   --->   Operation 80 'add' 'add_ln12_1' <Predicate = (icmp_ln15)> <Delay = 2.43> <CoreInst = "Adder">   --->   Core 1 'Adder' <Latency = 0> <II = 1> <Delay = 2.43> <FuncUnit> <Opcode : 'add' 'sub'> <InPorts = 2> <OutPorts = 1>
ST_5 : Operation 81 [1/1] (0.83ns)   --->   "%select_ln12_1 = select i1 %icmp_ln15, i28 %add_ln12_1, i28 %ib_load" [../MLP_baseline/mm.cpp:12]   --->   Operation 81 'select' 'select_ln12_1' <Predicate = true> <Delay = 0.83> <CoreInst = "Sel">   --->   Core 73 'Sel' <Latency = 0> <II = 1> <Delay = 0.83> <FuncUnit> <Opcode : 'select'> <InPorts = 3> <OutPorts = 1>
ST_5 : Operation 82 [1/1] (0.00ns)   --->   "%mul3 = bitconcatenate i32 @_ssdm_op_BitConcatenate.i32.i28.i4, i28 %select_ln12_1, i4 0" [../MLP_baseline/mm.cpp:12]   --->   Operation 82 'bitconcatenate' 'mul3' <Predicate = true> <Delay = 0.00>
ST_5 : Operation 83 [1/1] (2.55ns)   --->   "%add_ln23_1 = add i32 %mul_ln23, i32 %mul3" [../MLP_baseline/mm.cpp:23]   --->   Operation 83 'add' 'add_ln23_1' <Predicate = true> <Delay = 2.55> <CoreInst = "Adder">   --->   Core 1 'Adder' <Latency = 0> <II = 1> <Delay = 2.55> <FuncUnit> <Opcode : 'add' 'sub'> <InPorts = 2> <OutPorts = 1>
ST_5 : Operation 84 [1/1] (1.58ns)   --->   "%store_ln12 = store i28 %select_ln12_1, i28 %ib" [../MLP_baseline/mm.cpp:12]   --->   Operation 84 'store' 'store_ln12' <Predicate = true> <Delay = 1.58>

State 6 <SV = 5> <Delay = 8.50>
ST_6 : Operation 85 [1/1] (0.00ns) (grouped into LUT with out node add_ln23_2)   --->   "%tmp = bitselect i1 @_ssdm_op_BitSelect.i1.i32.i32, i32 %add_ln23_1, i32 31" [../MLP_baseline/mm.cpp:23]   --->   Operation 85 'bitselect' 'tmp' <Predicate = true> <Delay = 0.00>
ST_6 : Operation 86 [1/1] (2.55ns)   --->   "%sub_ln23 = sub i32 0, i32 %add_ln23_1" [../MLP_baseline/mm.cpp:23]   --->   Operation 86 'sub' 'sub_ln23' <Predicate = true> <Delay = 2.55> <CoreInst = "Adder">   --->   Core 1 'Adder' <Latency = 0> <II = 1> <Delay = 2.55> <FuncUnit> <Opcode : 'add' 'sub'> <InPorts = 2> <OutPorts = 1>
ST_6 : Operation 87 [1/1] (0.00ns)   --->   "%tmp_s = partselect i28 @_ssdm_op_PartSelect.i28.i32.i32.i32, i32 %sub_ln23, i32 4, i32 31" [../MLP_baseline/mm.cpp:23]   --->   Operation 87 'partselect' 'tmp_s' <Predicate = true> <Delay = 0.00>
ST_6 : Operation 88 [1/1] (2.43ns)   --->   "%sub_ln23_1 = sub i28 0, i28 %tmp_s" [../MLP_baseline/mm.cpp:23]   --->   Operation 88 'sub' 'sub_ln23_1' <Predicate = true> <Delay = 2.43> <CoreInst = "Adder">   --->   Core 1 'Adder' <Latency = 0> <II = 1> <Delay = 2.43> <FuncUnit> <Opcode : 'add' 'sub'> <InPorts = 2> <OutPorts = 1>
ST_6 : Operation 89 [1/1] (0.00ns) (grouped into LUT with out node add_ln23_2)   --->   "%tmp_4 = partselect i28 @_ssdm_op_PartSelect.i28.i32.i32.i32, i32 %add_ln23_1, i32 4, i32 31" [../MLP_baseline/mm.cpp:23]   --->   Operation 89 'partselect' 'tmp_4' <Predicate = true> <Delay = 0.00>
ST_6 : Operation 90 [1/1] (0.00ns) (grouped into LUT with out node add_ln23_2)   --->   "%select_ln23 = select i1 %tmp, i28 %sub_ln23_1, i28 %tmp_4" [../MLP_baseline/mm.cpp:23]   --->   Operation 90 'select' 'select_ln23' <Predicate = true> <Delay = 0.00> <CoreInst = "Sel">   --->   Core 73 'Sel' <Latency = 0> <II = 1> <Delay = 0.83> <FuncUnit> <Opcode : 'select'> <InPorts = 3> <OutPorts = 1>
ST_6 : Operation 91 [1/1] (0.00ns) (grouped into LUT with out node add_ln23_2)   --->   "%shl_ln = bitconcatenate i34 @_ssdm_op_BitConcatenate.i34.i28.i6, i28 %select_ln23, i6 0" [../MLP_baseline/mm.cpp:23]   --->   Operation 91 'bitconcatenate' 'shl_ln' <Predicate = true> <Delay = 0.00>
ST_6 : Operation 92 [1/1] (0.00ns) (grouped into LUT with out node add_ln23_2)   --->   "%sext_ln23 = sext i34 %shl_ln" [../MLP_baseline/mm.cpp:23]   --->   Operation 92 'sext' 'sext_ln23' <Predicate = true> <Delay = 0.00>
ST_6 : Operation 93 [1/1] (3.52ns) (out node of the LUT)   --->   "%add_ln23_2 = add i64 %sext_ln23, i64 %AT_read" [../MLP_baseline/mm.cpp:23]   --->   Operation 93 'add' 'add_ln23_2' <Predicate = true> <Delay = 3.52> <CoreInst = "Adder">   --->   Core 1 'Adder' <Latency = 0> <II = 1> <Delay = 3.52> <FuncUnit> <Opcode : 'add' 'sub'> <InPorts = 2> <OutPorts = 1>
ST_6 : Operation 94 [1/1] (0.00ns)   --->   "%trunc_ln23_1 = partselect i58 @_ssdm_op_PartSelect.i58.i64.i32.i32, i64 %add_ln23_2, i32 6, i32 63" [../MLP_baseline/mm.cpp:23]   --->   Operation 94 'partselect' 'trunc_ln23_1' <Predicate = true> <Delay = 0.00>

State 7 <SV = 6> <Delay = 10.9>
ST_7 : Operation 95 [1/1] (0.00ns)   --->   "%sext_ln23_1 = sext i58 %trunc_ln23_1" [../MLP_baseline/mm.cpp:23]   --->   Operation 95 'sext' 'sext_ln23_1' <Predicate = true> <Delay = 0.00>
ST_7 : Operation 96 [1/1] (0.00ns)   --->   "%gmem_addr = getelementptr i512 %gmem, i64 %sext_ln23_1" [../MLP_baseline/mm.cpp:23]   --->   Operation 96 'getelementptr' 'gmem_addr' <Predicate = true> <Delay = 0.00>
ST_7 : Operation 97 [8/8] (10.9ns)   --->   "%gmem_load_req = readreq i1 @_ssdm_op_ReadReq.m_axi.i512P1A, i512 %gmem_addr, i64 1" [../MLP_baseline/mm.cpp:23]   --->   Operation 97 'readreq' 'gmem_load_req' <Predicate = true> <Delay = 10.9> <CoreInst = "m_axi">   --->   Core 111 'm_axi' <Latency = 6> <II = 1> <Delay = 1.00> <Adapter> <Opcode : 'read' 'write' 'readreq' 'writereq' 'writeresp'>

State 8 <SV = 7> <Delay = 10.9>
ST_8 : Operation 98 [7/8] (10.9ns)   --->   "%gmem_load_req = readreq i1 @_ssdm_op_ReadReq.m_axi.i512P1A, i512 %gmem_addr, i64 1" [../MLP_baseline/mm.cpp:23]   --->   Operation 98 'readreq' 'gmem_load_req' <Predicate = true> <Delay = 10.9> <CoreInst = "m_axi">   --->   Core 111 'm_axi' <Latency = 6> <II = 1> <Delay = 1.00> <Adapter> <Opcode : 'read' 'write' 'readreq' 'writereq' 'writeresp'>

State 9 <SV = 8> <Delay = 10.9>
ST_9 : Operation 99 [6/8] (10.9ns)   --->   "%gmem_load_req = readreq i1 @_ssdm_op_ReadReq.m_axi.i512P1A, i512 %gmem_addr, i64 1" [../MLP_baseline/mm.cpp:23]   --->   Operation 99 'readreq' 'gmem_load_req' <Predicate = true> <Delay = 10.9> <CoreInst = "m_axi">   --->   Core 111 'm_axi' <Latency = 6> <II = 1> <Delay = 1.00> <Adapter> <Opcode : 'read' 'write' 'readreq' 'writereq' 'writeresp'>

State 10 <SV = 9> <Delay = 10.9>
ST_10 : Operation 100 [5/8] (10.9ns)   --->   "%gmem_load_req = readreq i1 @_ssdm_op_ReadReq.m_axi.i512P1A, i512 %gmem_addr, i64 1" [../MLP_baseline/mm.cpp:23]   --->   Operation 100 'readreq' 'gmem_load_req' <Predicate = true> <Delay = 10.9> <CoreInst = "m_axi">   --->   Core 111 'm_axi' <Latency = 6> <II = 1> <Delay = 1.00> <Adapter> <Opcode : 'read' 'write' 'readreq' 'writereq' 'writeresp'>

State 11 <SV = 10> <Delay = 10.9>
ST_11 : Operation 101 [4/8] (10.9ns)   --->   "%gmem_load_req = readreq i1 @_ssdm_op_ReadReq.m_axi.i512P1A, i512 %gmem_addr, i64 1" [../MLP_baseline/mm.cpp:23]   --->   Operation 101 'readreq' 'gmem_load_req' <Predicate = true> <Delay = 10.9> <CoreInst = "m_axi">   --->   Core 111 'm_axi' <Latency = 6> <II = 1> <Delay = 1.00> <Adapter> <Opcode : 'read' 'write' 'readreq' 'writereq' 'writeresp'>

State 12 <SV = 11> <Delay = 10.9>
ST_12 : Operation 102 [3/8] (10.9ns)   --->   "%gmem_load_req = readreq i1 @_ssdm_op_ReadReq.m_axi.i512P1A, i512 %gmem_addr, i64 1" [../MLP_baseline/mm.cpp:23]   --->   Operation 102 'readreq' 'gmem_load_req' <Predicate = true> <Delay = 10.9> <CoreInst = "m_axi">   --->   Core 111 'm_axi' <Latency = 6> <II = 1> <Delay = 1.00> <Adapter> <Opcode : 'read' 'write' 'readreq' 'writereq' 'writeresp'>

State 13 <SV = 12> <Delay = 10.9>
ST_13 : Operation 103 [2/8] (10.9ns)   --->   "%gmem_load_req = readreq i1 @_ssdm_op_ReadReq.m_axi.i512P1A, i512 %gmem_addr, i64 1" [../MLP_baseline/mm.cpp:23]   --->   Operation 103 'readreq' 'gmem_load_req' <Predicate = true> <Delay = 10.9> <CoreInst = "m_axi">   --->   Core 111 'm_axi' <Latency = 6> <II = 1> <Delay = 1.00> <Adapter> <Opcode : 'read' 'write' 'readreq' 'writereq' 'writeresp'>

State 14 <SV = 13> <Delay = 10.9>
ST_14 : Operation 104 [1/8] (10.9ns)   --->   "%gmem_load_req = readreq i1 @_ssdm_op_ReadReq.m_axi.i512P1A, i512 %gmem_addr, i64 1" [../MLP_baseline/mm.cpp:23]   --->   Operation 104 'readreq' 'gmem_load_req' <Predicate = true> <Delay = 10.9> <CoreInst = "m_axi">   --->   Core 111 'm_axi' <Latency = 6> <II = 1> <Delay = 1.00> <Adapter> <Opcode : 'read' 'write' 'readreq' 'writereq' 'writeresp'>

State 15 <SV = 14> <Delay = 10.9>
ST_15 : Operation 105 [1/1] (10.9ns)   --->   "%gmem_addr_read = read i512 @_ssdm_op_Read.m_axi.i512P1A, i512 %gmem_addr" [../MLP_baseline/mm.cpp:23]   --->   Operation 105 'read' 'gmem_addr_read' <Predicate = true> <Delay = 10.9> <CoreInst = "m_axi">   --->   Core 111 'm_axi' <Latency = 3> <II = 1> <Delay = 1.00> <Adapter> <Opcode : 'read' 'write' 'readreq' 'writereq' 'writeresp'>
ST_15 : Operation 111 [1/1] (1.58ns)   --->   "%ret_ln0 = ret"   --->   Operation 111 'ret' 'ret_ln0' <Predicate = (icmp_ln12)> <Delay = 1.58>

State 16 <SV = 15> <Delay = 3.60>
ST_16 : Operation 106 [1/1] (0.00ns)   --->   "%specloopname_ln0 = specloopname void @_ssdm_op_SpecLoopName, void @i_BLOCK_loop_j_BLOCK_loop_k_BLOCK_loop_k_loop_str"   --->   Operation 106 'specloopname' 'specloopname_ln0' <Predicate = true> <Delay = 0.00>
ST_16 : Operation 107 [1/1] (0.00ns)   --->   "%speclooptripcount_ln0 = speclooptripcount void @_ssdm_op_SpecLoopTripCount, i64 401408, i64 401408, i64 401408"   --->   Operation 107 'speclooptripcount' 'speclooptripcount_ln0' <Predicate = true> <Delay = 0.00>
ST_16 : Operation 108 [1/1] (0.00ns)   --->   "%specpipeline_ln22 = specpipeline void @_ssdm_op_SpecPipeline, i32 1, i32 0, i32 0, i32 0, void @empty_17" [../MLP_baseline/mm.cpp:22]   --->   Operation 108 'specpipeline' 'specpipeline_ln22' <Predicate = true> <Delay = 0.00>
ST_16 : Operation 109 [1/1] ( I:3.60ns O:3.60ns )   --->   "%write_ln24 = write void @_ssdm_op_Write.ap_fifo.volatile.i512P0A, i512 %A_stream, i512 %gmem_addr_read" [../MLP_baseline/mm.cpp:24]   --->   Operation 109 'write' 'write_ln24' <Predicate = true> <Delay = 3.60> <CoreInst = "FIFO">   --->   Core 77 'FIFO' <Latency = 0> <II = 1> <Delay = 3.60> <Storage> <Opcode : 'read' 'write' 'nbread' 'nbwrite'> <Ports = 0> <Width = 512> <Depth = 32> <FIFO>
ST_16 : Operation 110 [1/1] (0.00ns)   --->   "%br_ln21 = br void %for.inc" [../MLP_baseline/mm.cpp:21]   --->   Operation 110 'br' 'br_ln21' <Predicate = true> <Delay = 0.00>


============================================================
+ Verbose Summary: Timing violations
============================================================
Target clock period: 15.000ns, clock uncertainty: 4.050ns.

 <State 1>: 1.588ns
The critical path consists of the following:
	'alloca' operation 85 bit ('indvar_flatten49') [14]  (0.000 ns)
	'store' operation 0 bit ('store_ln0') of constant 0 on local variable 'indvar_flatten49' [25]  (1.588 ns)

 <State 2>: 7.967ns
The critical path consists of the following:
	'load' operation 63 bit ('indvar_flatten17_load', ../MLP_baseline/mm.cpp:15) on local variable 'indvar_flatten17' [41]  (0.000 ns)
	'icmp' operation 1 bit ('icmp_ln15', ../MLP_baseline/mm.cpp:15) [45]  (3.494 ns)
	'select' operation 1 bit ('select_ln12', ../MLP_baseline/mm.cpp:12) [50]  (0.993 ns)
	'or' operation 1 bit ('or_ln15', ../MLP_baseline/mm.cpp:15) [53]  (0.978 ns)
	'select' operation 34 bit ('select_ln18_2', ../MLP_baseline/mm.cpp:18) [87]  (0.914 ns)
	'store' operation 0 bit ('store_ln18', ../MLP_baseline/mm.cpp:18) of variable 'select_ln18_2', ../MLP_baseline/mm.cpp:18 on local variable 'indvar_flatten' [93]  (1.588 ns)

 <State 3>: 7.341ns
The critical path consists of the following:
	'load' operation 5 bit ('k_01_load', ../MLP_baseline/mm.cpp:21) on local variable 'k', ../MLP_baseline/mm.cpp:21 [38]  (0.000 ns)
	'icmp' operation 1 bit ('icmp_ln21', ../MLP_baseline/mm.cpp:21) [47]  (1.780 ns)
	'and' operation 1 bit ('and_ln15', ../MLP_baseline/mm.cpp:15) [57]  (0.978 ns)
	'or' operation 1 bit ('or_ln18', ../MLP_baseline/mm.cpp:18) [59]  (0.000 ns)
	'or' operation 1 bit ('or_ln18_1', ../MLP_baseline/mm.cpp:18) [60]  (0.000 ns)
	'select' operation 5 bit ('select_ln18', ../MLP_baseline/mm.cpp:18) [61]  (1.215 ns)
	'add' operation 5 bit ('k', ../MLP_baseline/mm.cpp:21) [85]  (1.780 ns)
	'store' operation 0 bit ('store_ln21', ../MLP_baseline/mm.cpp:21) of variable 'k', ../MLP_baseline/mm.cpp:21 on local variable 'k', ../MLP_baseline/mm.cpp:21 [95]  (1.588 ns)

 <State 4>: 8.510ns
The critical path consists of the following:
	'mul' operation 32 bit ('mul_ln23', ../MLP_baseline/mm.cpp:23) [68]  (8.510 ns)

 <State 5>: 5.824ns
The critical path consists of the following:
	'load' operation 28 bit ('ib_load', ../MLP_baseline/mm.cpp:12) on local variable 'ib', ../MLP_baseline/mm.cpp:12 [42]  (0.000 ns)
	'add' operation 28 bit ('add_ln12_1', ../MLP_baseline/mm.cpp:12) [51]  (2.433 ns)
	'select' operation 28 bit ('select_ln12_1', ../MLP_baseline/mm.cpp:12) [52]  (0.839 ns)
	'add' operation 32 bit ('add_ln23_1', ../MLP_baseline/mm.cpp:23) [69]  (2.552 ns)

 <State 6>: 8.505ns
The critical path consists of the following:
	'sub' operation 32 bit ('sub_ln23', ../MLP_baseline/mm.cpp:23) [71]  (2.552 ns)
	'sub' operation 28 bit ('sub_ln23_1', ../MLP_baseline/mm.cpp:23) [73]  (2.433 ns)
	'select' operation 28 bit ('select_ln23', ../MLP_baseline/mm.cpp:23) [75]  (0.000 ns)
	'add' operation 64 bit ('add_ln23_2', ../MLP_baseline/mm.cpp:23) [78]  (3.520 ns)

 <State 7>: 10.950ns
The critical path consists of the following:
	'getelementptr' operation 512 bit ('gmem_addr', ../MLP_baseline/mm.cpp:23) [81]  (0.000 ns)
	bus request operation ('gmem_load_req', ../MLP_baseline/mm.cpp:23) on port 'gmem' (../MLP_baseline/mm.cpp:23) [82]  (10.950 ns)

 <State 8>: 10.950ns
The critical path consists of the following:
	bus request operation ('gmem_load_req', ../MLP_baseline/mm.cpp:23) on port 'gmem' (../MLP_baseline/mm.cpp:23) [82]  (10.950 ns)

 <State 9>: 10.950ns
The critical path consists of the following:
	bus request operation ('gmem_load_req', ../MLP_baseline/mm.cpp:23) on port 'gmem' (../MLP_baseline/mm.cpp:23) [82]  (10.950 ns)

 <State 10>: 10.950ns
The critical path consists of the following:
	bus request operation ('gmem_load_req', ../MLP_baseline/mm.cpp:23) on port 'gmem' (../MLP_baseline/mm.cpp:23) [82]  (10.950 ns)

 <State 11>: 10.950ns
The critical path consists of the following:
	bus request operation ('gmem_load_req', ../MLP_baseline/mm.cpp:23) on port 'gmem' (../MLP_baseline/mm.cpp:23) [82]  (10.950 ns)

 <State 12>: 10.950ns
The critical path consists of the following:
	bus request operation ('gmem_load_req', ../MLP_baseline/mm.cpp:23) on port 'gmem' (../MLP_baseline/mm.cpp:23) [82]  (10.950 ns)

 <State 13>: 10.950ns
The critical path consists of the following:
	bus request operation ('gmem_load_req', ../MLP_baseline/mm.cpp:23) on port 'gmem' (../MLP_baseline/mm.cpp:23) [82]  (10.950 ns)

 <State 14>: 10.950ns
The critical path consists of the following:
	bus request operation ('gmem_load_req', ../MLP_baseline/mm.cpp:23) on port 'gmem' (../MLP_baseline/mm.cpp:23) [82]  (10.950 ns)

 <State 15>: 10.950ns
The critical path consists of the following:
	bus read operation ('gmem_addr_read', ../MLP_baseline/mm.cpp:23) on port 'gmem' (../MLP_baseline/mm.cpp:23) [83]  (10.950 ns)

 <State 16>: 3.607ns
The critical path consists of the following:
	fifo write operation ('write_ln24', ../MLP_baseline/mm.cpp:24) on port 'A_stream' (../MLP_baseline/mm.cpp:24) [84]  (3.607 ns)


============================================================
+ Verbose Summary: Binding
============================================================
N/A
* FSMD analyzer results:
  - Output states:
 - Input state : 
  - Chain level:
	State 1
	State 2
	State 3
	State 4
	State 5
	State 6
	State 7
	State 8
	State 9
	State 10
	State 11
	State 12
	State 13
	State 14
	State 15
	State 16


============================================================
+ Verbose Summary: Datapath Resource usage 
============================================================
N/A
