

================================================================
== Vitis HLS Report for 'readAtTiles'
================================================================
* Date:           Thu Apr  9 18:27:19 2026

* Version:        2025.2 (Build 6295257 on Nov 14 2025)
* Project:        baseline_blockedMM
* Solution:       hls (Vivado IP Flow Target)
* Product family: zynq
* Target device:  xc7z020-clg400-1


================================================================
== Performance Estimates
================================================================
+ Timing: 
    * Summary: 
    +--------+----------+-----------+------------+
    |  Clock |  Target  | Estimated | Uncertainty|
    +--------+----------+-----------+------------+
    |ap_clk  |  15.00 ns|  10.950 ns|     4.05 ns|
    +--------+----------+-----------+------------+

+ Latency: 
    * Summary: 
    +---------+---------+----------+----------+-----+-----+---------+
    |  Latency (cycles) |  Latency (absolute) |  Interval | Pipeline|
    |   min   |   max   |    min   |    max   | min | max |   Type  |
    +---------+---------+----------+----------+-----+-----+---------+
    |        ?|        ?|         ?|         ?|    ?|    ?|       no|
    +---------+---------+----------+----------+-----+-----+---------+

    + Detail: 
        * Instance: 
        +------------------------------------------------------------------------------+--------------------------------------------------------------------+---------+---------+----------+----------+-----+-----+-------------------+
        |                                                                              |                                                                    |  Latency (cycles) |  Latency (absolute) |  Interval |      Pipeline     |
        |                                   Instance                                   |                               Module                               |   min   |   max   |    min   |    max   | min | max |        Type       |
        +------------------------------------------------------------------------------+--------------------------------------------------------------------+---------+---------+----------+----------+-----+-----+-------------------+
        |grp_readAtTiles_Pipeline_i_BLOCK_loop_j_BLOCK_loop_k_BLOCK_loop_k_loop_fu_80  |readAtTiles_Pipeline_i_BLOCK_loop_j_BLOCK_loop_k_BLOCK_loop_k_loop  |        ?|        ?|         ?|         ?|    0|    0|  loop pipeline stp|
        +------------------------------------------------------------------------------+--------------------------------------------------------------------+---------+---------+----------+----------+-----+-----+-------------------+

        * Loop: 
        N/A

============================================================
+ Verbose Summary: Synthesis Manager
============================================================
InlineROM: 1
ExposeGlobal: 0
============================================================
+ Verbose Summary: CDFG Model
============================================================
IsTopModel: 0
ResetActiveHigh: 1
IsCombinational: 2
IsDatapathOnly: 0
HasWiredReturn: 1
HasMFsm: 0
HasVarLatency: 1
IsPipeline: 0
IsRtlPipelined: 0
IsInstanceOverlapped: 0
IsDontTouch: 0
HasImplIP: 0
IsGatedGlobalClock: 0


============================================================
+ Verbose Summary: Schedule
============================================================
* Number of FSM states : 6
* Pipeline : 0
* Dataflow Pipeline: 0

* FSM state transitions: 
1 --> 2 
2 --> 3 
3 --> 4 
4 --> 5 
5 --> 6 
6 --> 

* FSM state operations: 

State 1 <SV = 0> <Delay = 9.06>
ST_1 : Operation 7 [1/1] (0.00ns)   --->   "%P_read = read i32 @_ssdm_op_Read.ap_auto.i32, i32 %P" [../MLP_baseline/mm.cpp:5]   --->   Operation 7 'read' 'P_read' <Predicate = true> <Delay = 0.00>
ST_1 : Operation 8 [1/1] (0.00ns)   --->   "%M_read = read i32 @_ssdm_op_Read.ap_auto.i32, i32 %M" [../MLP_baseline/mm.cpp:5]   --->   Operation 8 'read' 'M_read' <Predicate = true> <Delay = 0.00>
ST_1 : Operation 9 [1/1] (0.00ns)   --->   "%tmp_22 = bitselect i1 @_ssdm_op_BitSelect.i1.i32.i32, i32 %P_read, i32 31" [../MLP_baseline/mm.cpp:14]   --->   Operation 9 'bitselect' 'tmp_22' <Predicate = true> <Delay = 0.00>
ST_1 : Operation 10 [1/1] (2.55ns)   --->   "%sub_ln14 = sub i32 0, i32 %P_read" [../MLP_baseline/mm.cpp:14]   --->   Operation 10 'sub' 'sub_ln14' <Predicate = true> <Delay = 2.55> <CoreInst = "Adder">   --->   Core 1 'Adder' <Latency = 0> <II = 1> <Delay = 2.55> <FuncUnit> <Opcode : 'add' 'sub'> <InPorts = 2> <OutPorts = 1>
ST_1 : Operation 11 [1/1] (0.00ns)   --->   "%tmp_5 = partselect i28 @_ssdm_op_PartSelect.i28.i32.i32.i32, i32 %sub_ln14, i32 4, i32 31" [../MLP_baseline/mm.cpp:14]   --->   Operation 11 'partselect' 'tmp_5' <Predicate = true> <Delay = 0.00>
ST_1 : Operation 12 [1/1] (2.43ns)   --->   "%sub_ln14_1 = sub i28 0, i28 %tmp_5" [../MLP_baseline/mm.cpp:14]   --->   Operation 12 'sub' 'sub_ln14_1' <Predicate = true> <Delay = 2.43> <CoreInst = "Adder">   --->   Core 1 'Adder' <Latency = 0> <II = 1> <Delay = 2.43> <FuncUnit> <Opcode : 'add' 'sub'> <InPorts = 2> <OutPorts = 1>
ST_1 : Operation 13 [1/1] (0.00ns)   --->   "%tmp_6 = partselect i28 @_ssdm_op_PartSelect.i28.i32.i32.i32, i32 %P_read, i32 4, i32 31" [../MLP_baseline/mm.cpp:14]   --->   Operation 13 'partselect' 'tmp_6' <Predicate = true> <Delay = 0.00>
ST_1 : Operation 14 [1/1] (0.83ns)   --->   "%select_ln14 = select i1 %tmp_22, i28 %sub_ln14_1, i28 %tmp_6" [../MLP_baseline/mm.cpp:14]   --->   Operation 14 'select' 'select_ln14' <Predicate = true> <Delay = 0.83> <CoreInst = "Sel">   --->   Core 73 'Sel' <Latency = 0> <II = 1> <Delay = 0.83> <FuncUnit> <Opcode : 'select'> <InPorts = 3> <OutPorts = 1>
ST_1 : Operation 15 [1/1] (0.00ns)   --->   "%trunc_ln16 = trunc i28 %select_ln14" [../MLP_baseline/mm.cpp:16]   --->   Operation 15 'trunc' 'trunc_ln16' <Predicate = true> <Delay = 0.00>
ST_1 : Operation 16 [1/1] (0.00ns)   --->   "%tmp_23 = bitselect i1 @_ssdm_op_BitSelect.i1.i32.i32, i32 %M_read, i32 31" [../MLP_baseline/mm.cpp:16]   --->   Operation 16 'bitselect' 'tmp_23' <Predicate = true> <Delay = 0.00>
ST_1 : Operation 17 [1/1] (2.55ns)   --->   "%sub_ln16 = sub i32 0, i32 %M_read" [../MLP_baseline/mm.cpp:16]   --->   Operation 17 'sub' 'sub_ln16' <Predicate = true> <Delay = 2.55> <CoreInst = "Adder">   --->   Core 1 'Adder' <Latency = 0> <II = 1> <Delay = 2.55> <FuncUnit> <Opcode : 'add' 'sub'> <InPorts = 2> <OutPorts = 1>
ST_1 : Operation 18 [1/1] (0.00ns)   --->   "%tmp_7 = partselect i28 @_ssdm_op_PartSelect.i28.i32.i32.i32, i32 %sub_ln16, i32 4, i32 31" [../MLP_baseline/mm.cpp:16]   --->   Operation 18 'partselect' 'tmp_7' <Predicate = true> <Delay = 0.00>
ST_1 : Operation 19 [1/1] (2.43ns)   --->   "%sub_ln16_1 = sub i28 0, i28 %tmp_7" [../MLP_baseline/mm.cpp:16]   --->   Operation 19 'sub' 'sub_ln16_1' <Predicate = true> <Delay = 2.43> <CoreInst = "Adder">   --->   Core 1 'Adder' <Latency = 0> <II = 1> <Delay = 2.43> <FuncUnit> <Opcode : 'add' 'sub'> <InPorts = 2> <OutPorts = 1>
ST_1 : Operation 20 [1/1] (0.00ns)   --->   "%tmp_8 = partselect i28 @_ssdm_op_PartSelect.i28.i32.i32.i32, i32 %M_read, i32 4, i32 31" [../MLP_baseline/mm.cpp:16]   --->   Operation 20 'partselect' 'tmp_8' <Predicate = true> <Delay = 0.00>
ST_1 : Operation 21 [1/1] (0.83ns)   --->   "%select_ln16 = select i1 %tmp_23, i28 %sub_ln16_1, i28 %tmp_8" [../MLP_baseline/mm.cpp:16]   --->   Operation 21 'select' 'select_ln16' <Predicate = true> <Delay = 0.83> <CoreInst = "Sel">   --->   Core 73 'Sel' <Latency = 0> <II = 1> <Delay = 0.83> <FuncUnit> <Opcode : 'select'> <InPorts = 3> <OutPorts = 1>
ST_1 : Operation 22 [1/1] (0.00ns)   --->   "%empty = trunc i28 %select_ln16" [../MLP_baseline/mm.cpp:16]   --->   Operation 22 'trunc' 'empty' <Predicate = true> <Delay = 0.00>
ST_1 : Operation 23 [1/1] (2.43ns)   --->   "%empty_40 = icmp_sgt  i28 %select_ln16, i28 0" [../MLP_baseline/mm.cpp:16]   --->   Operation 23 'icmp' 'empty_40' <Predicate = true> <Delay = 2.43> <CoreInst = "Cmp">   --->   Core 9 'Cmp' <Latency = 0> <II = 1> <Delay = 2.43> <FuncUnit> <Opcode : 'seteq' 'setne' 'setle' 'setge' 'setlt' 'setgt'> <InPorts = 2> <OutPorts = 1>
ST_1 : Operation 24 [1/1] (0.80ns)   --->   "%smax = select i1 %empty_40, i27 %empty, i27 0" [../MLP_baseline/mm.cpp:16]   --->   Operation 24 'select' 'smax' <Predicate = true> <Delay = 0.80> <CoreInst = "Sel">   --->   Core 73 'Sel' <Latency = 0> <II = 1> <Delay = 0.80> <FuncUnit> <Opcode : 'select'> <InPorts = 3> <OutPorts = 1>
ST_1 : Operation 25 [1/1] (2.43ns)   --->   "%empty_41 = icmp_sgt  i28 %select_ln14, i28 0" [../MLP_baseline/mm.cpp:14]   --->   Operation 25 'icmp' 'empty_41' <Predicate = true> <Delay = 2.43> <CoreInst = "Cmp">   --->   Core 9 'Cmp' <Latency = 0> <II = 1> <Delay = 2.43> <FuncUnit> <Opcode : 'seteq' 'setne' 'setle' 'setge' 'setlt' 'setgt'> <InPorts = 2> <OutPorts = 1>
ST_1 : Operation 26 [1/1] (0.80ns)   --->   "%smax2 = select i1 %empty_41, i27 %trunc_ln16, i27 0" [../MLP_baseline/mm.cpp:14]   --->   Operation 26 'select' 'smax2' <Predicate = true> <Delay = 0.80> <CoreInst = "Sel">   --->   Core 73 'Sel' <Latency = 0> <II = 1> <Delay = 0.80> <FuncUnit> <Opcode : 'select'> <InPorts = 3> <OutPorts = 1>

State 2 <SV = 1> <Delay = 9.06>
ST_2 : Operation 27 [1/1] (0.00ns)   --->   "%N_read = read i32 @_ssdm_op_Read.ap_auto.i32, i32 %N" [../MLP_baseline/mm.cpp:5]   --->   Operation 27 'read' 'N_read' <Predicate = true> <Delay = 0.00>
ST_2 : Operation 28 [1/1] (0.00ns)   --->   "%tmp_21 = bitselect i1 @_ssdm_op_BitSelect.i1.i32.i32, i32 %N_read, i32 31" [../MLP_baseline/mm.cpp:12]   --->   Operation 28 'bitselect' 'tmp_21' <Predicate = true> <Delay = 0.00>
ST_2 : Operation 29 [1/1] (2.55ns)   --->   "%sub_ln12 = sub i32 0, i32 %N_read" [../MLP_baseline/mm.cpp:12]   --->   Operation 29 'sub' 'sub_ln12' <Predicate = true> <Delay = 2.55> <CoreInst = "Adder">   --->   Core 1 'Adder' <Latency = 0> <II = 1> <Delay = 2.55> <FuncUnit> <Opcode : 'add' 'sub'> <InPorts = 2> <OutPorts = 1>
ST_2 : Operation 30 [1/1] (0.00ns)   --->   "%tmp = partselect i28 @_ssdm_op_PartSelect.i28.i32.i32.i32, i32 %sub_ln12, i32 4, i32 31" [../MLP_baseline/mm.cpp:12]   --->   Operation 30 'partselect' 'tmp' <Predicate = true> <Delay = 0.00>
ST_2 : Operation 31 [1/1] (2.43ns)   --->   "%sub_ln12_1 = sub i28 0, i28 %tmp" [../MLP_baseline/mm.cpp:12]   --->   Operation 31 'sub' 'sub_ln12_1' <Predicate = true> <Delay = 2.43> <CoreInst = "Adder">   --->   Core 1 'Adder' <Latency = 0> <II = 1> <Delay = 2.43> <FuncUnit> <Opcode : 'add' 'sub'> <InPorts = 2> <OutPorts = 1>
ST_2 : Operation 32 [1/1] (0.00ns)   --->   "%tmp_s = partselect i28 @_ssdm_op_PartSelect.i28.i32.i32.i32, i32 %N_read, i32 4, i32 31" [../MLP_baseline/mm.cpp:12]   --->   Operation 32 'partselect' 'tmp_s' <Predicate = true> <Delay = 0.00>
ST_2 : Operation 33 [1/1] (0.83ns)   --->   "%select_ln12 = select i1 %tmp_21, i28 %sub_ln12_1, i28 %tmp_s" [../MLP_baseline/mm.cpp:12]   --->   Operation 33 'select' 'select_ln12' <Predicate = true> <Delay = 0.83> <CoreInst = "Sel">   --->   Core 73 'Sel' <Latency = 0> <II = 1> <Delay = 0.83> <FuncUnit> <Opcode : 'select'> <InPorts = 3> <OutPorts = 1>
ST_2 : Operation 34 [1/1] (0.00ns)   --->   "%trunc_ln14 = trunc i28 %select_ln12" [../MLP_baseline/mm.cpp:14]   --->   Operation 34 'trunc' 'trunc_ln14' <Predicate = true> <Delay = 0.00>
ST_2 : Operation 35 [1/1] (0.00ns)   --->   "%tmp_9 = bitconcatenate i31 @_ssdm_op_BitConcatenate.i31.i27.i4, i27 %smax, i4 0" [../MLP_baseline/mm.cpp:16]   --->   Operation 35 'bitconcatenate' 'tmp_9' <Predicate = true> <Delay = 0.00>
ST_2 : Operation 36 [1/1] (0.00ns)   --->   "%smax2_cast = zext i27 %smax2" [../MLP_baseline/mm.cpp:14]   --->   Operation 36 'zext' 'smax2_cast' <Predicate = true> <Delay = 0.00>
ST_2 : Operation 37 [1/1] (0.00ns)   --->   "%tmp_20_cast = zext i31 %tmp_9" [../MLP_baseline/mm.cpp:16]   --->   Operation 37 'zext' 'tmp_20_cast' <Predicate = true> <Delay = 0.00>
ST_2 : Operation 38 [1/1] (8.24ns)   --->   "%bound6 = mul i58 %smax2_cast, i58 %tmp_20_cast" [../MLP_baseline/mm.cpp:14]   --->   Operation 38 'mul' 'bound6' <Predicate = true> <Delay = 8.24> <CoreInst = "Multiplier">   --->   Core 3 'Multiplier' <Latency = 0> <II = 1> <Delay = 8.24> <FuncUnit> <Opcode : 'mul'> <InPorts = 2> <OutPorts = 1>
ST_2 : Operation 39 [1/1] (2.43ns)   --->   "%empty_42 = icmp_sgt  i28 %select_ln12, i28 0" [../MLP_baseline/mm.cpp:12]   --->   Operation 39 'icmp' 'empty_42' <Predicate = true> <Delay = 2.43> <CoreInst = "Cmp">   --->   Core 9 'Cmp' <Latency = 0> <II = 1> <Delay = 2.43> <FuncUnit> <Opcode : 'seteq' 'setne' 'setle' 'setge' 'setlt' 'setgt'> <InPorts = 2> <OutPorts = 1>
ST_2 : Operation 40 [1/1] (0.80ns)   --->   "%smax20 = select i1 %empty_42, i27 %trunc_ln14, i27 0" [../MLP_baseline/mm.cpp:12]   --->   Operation 40 'select' 'smax20' <Predicate = true> <Delay = 0.80> <CoreInst = "Sel">   --->   Core 73 'Sel' <Latency = 0> <II = 1> <Delay = 0.80> <FuncUnit> <Opcode : 'select'> <InPorts = 3> <OutPorts = 1>

State 3 <SV = 2> <Delay = 9.38>
ST_3 : Operation 41 [1/1] (0.00ns)   --->   "%smax20_cast = zext i27 %smax20" [../MLP_baseline/mm.cpp:12]   --->   Operation 41 'zext' 'smax20_cast' <Predicate = true> <Delay = 0.00>
ST_3 : Operation 42 [1/1] (0.00ns)   --->   "%bound6_cast = zext i58 %bound6" [../MLP_baseline/mm.cpp:14]   --->   Operation 42 'zext' 'bound6_cast' <Predicate = true> <Delay = 0.00>
ST_3 : Operation 43 [2/2] (9.38ns)   --->   "%bound25 = mul i85 %smax20_cast, i85 %bound6_cast" [../MLP_baseline/mm.cpp:12]   --->   Operation 43 'mul' 'bound25' <Predicate = true> <Delay = 9.38> <CoreInst = "Multiplier">   --->   Core 3 'Multiplier' <Latency = 1> <II = 1> <Delay = 9.38> <FuncUnit> <Opcode : 'mul'> <InPorts = 2> <OutPorts = 1>

State 4 <SV = 3> <Delay = 9.38>
ST_4 : Operation 44 [1/2] (9.38ns)   --->   "%bound25 = mul i85 %smax20_cast, i85 %bound6_cast" [../MLP_baseline/mm.cpp:12]   --->   Operation 44 'mul' 'bound25' <Predicate = true> <Delay = 9.38> <CoreInst = "Multiplier">   --->   Core 3 'Multiplier' <Latency = 1> <II = 1> <Delay = 9.38> <FuncUnit> <Opcode : 'mul'> <InPorts = 2> <OutPorts = 1>

State 5 <SV = 4> <Delay = 0.00>
ST_5 : Operation 45 [1/1] (0.00ns)   --->   "%AT_read = read i64 @_ssdm_op_Read.ap_auto.i64, i64 %AT" [../MLP_baseline/mm.cpp:5]   --->   Operation 45 'read' 'AT_read' <Predicate = true> <Delay = 0.00>
ST_5 : Operation 46 [2/2] (0.00ns)   --->   "%call_ln12 = call void @readAtTiles_Pipeline_i_BLOCK_loop_j_BLOCK_loop_k_BLOCK_loop_k_loop, i85 %bound25, i58 %bound6, i27 %smax, i31 %tmp_9, i32 %N_read, i64 %AT_read, i512 %gmem0, i512 %A_stream" [../MLP_baseline/mm.cpp:12]   --->   Operation 46 'call' 'call_ln12' <Predicate = true> <Delay = 0.00> <CoreType = "Generic">   --->   Generic Core

State 6 <SV = 5> <Delay = 0.00>
ST_6 : Operation 47 [1/1] (0.00ns)   --->   "%specinterface_ln0 = specinterface void @_ssdm_op_SpecInterface, i512 %A_stream, void @empty_9, i32 0, i32 0, void @empty, i32 0, i32 0, void @empty, void @empty, void @empty, i32 0, i32 0, i32 0, i32 0, void @empty, void @empty, i32 4294967295, i32 0, i32 0, i32 0"   --->   Operation 47 'specinterface' 'specinterface_ln0' <Predicate = true> <Delay = 0.00>
ST_6 : Operation 48 [1/1] (0.00ns)   --->   "%specinterface_ln0 = specinterface void @_ssdm_op_SpecInterface, i512 %gmem0, void @empty_17, i32 0, i32 0, void @empty, i32 0, i32 50176, void @empty_0, void @empty_1, void @empty, i32 16, i32 16, i32 16, i32 16, void @empty, void @empty, i32 4294967295, i32 0, i32 0, i32 64"   --->   Operation 48 'specinterface' 'specinterface_ln0' <Predicate = true> <Delay = 0.00>
ST_6 : Operation 49 [1/2] (0.00ns)   --->   "%call_ln12 = call void @readAtTiles_Pipeline_i_BLOCK_loop_j_BLOCK_loop_k_BLOCK_loop_k_loop, i85 %bound25, i58 %bound6, i27 %smax, i31 %tmp_9, i32 %N_read, i64 %AT_read, i512 %gmem0, i512 %A_stream" [../MLP_baseline/mm.cpp:12]   --->   Operation 49 'call' 'call_ln12' <Predicate = true> <Delay = 0.00> <CoreType = "Generic">   --->   Generic Core
ST_6 : Operation 50 [1/1] (0.00ns)   --->   "%ret_ln28 = ret" [../MLP_baseline/mm.cpp:28]   --->   Operation 50 'ret' 'ret_ln28' <Predicate = true> <Delay = 0.00>


============================================================
+ Verbose Summary: Binding
============================================================
STG Binding: 
---------------- STG Properties BEGIN ----------------
- Is combinational: 0
- Is one-state seq: 0
- Is datapath-only: 0
- Is pipelined: 0
- Is top level: 0
Port [ Return ] is wired: 1; IO mode=ap_ctrl_hs:ce=0
Port [ gmem0]:  wired=1; compound=1; hidden=0; nouse=0; global=0; static=0; extern=0; dir=0; type=4; pingpong=0; private_global=0; IO mode=m_axi:ce=0
Port [ AT]:  wired=1; compound=0; hidden=0; nouse=0; global=0; static=0; extern=0; dir=0; type=0; pingpong=0; private_global=0; IO mode=ap_none:ce=0
Port [ A_stream]:  wired=1; compound=1; hidden=0; nouse=0; global=0; static=0; extern=0; dir=1; type=3; pingpong=0; private_global=0; IO mode=ap_fifo:ce=0
Port [ N]:  wired=1; compound=0; hidden=0; nouse=0; global=0; static=0; extern=0; dir=0; type=0; pingpong=0; private_global=0; IO mode=ap_none:ce=0
Port [ M]:  wired=1; compound=0; hidden=0; nouse=0; global=0; static=0; extern=0; dir=0; type=0; pingpong=0; private_global=0; IO mode=ap_none:ce=0
Port [ P]:  wired=1; compound=0; hidden=0; nouse=0; global=0; static=0; extern=0; dir=0; type=0; pingpong=0; private_global=0; IO mode=ap_none:ce=0
---------------- STG Properties END ------------------

---------------- Datapath Model BEGIN ----------------

<LifeTime>
<method=bitvector/>
P_read            (read          ) [ 0000000]
M_read            (read          ) [ 0000000]
tmp_22            (bitselect     ) [ 0000000]
sub_ln14          (sub           ) [ 0000000]
tmp_5             (partselect    ) [ 0000000]
sub_ln14_1        (sub           ) [ 0000000]
tmp_6             (partselect    ) [ 0000000]
select_ln14       (select        ) [ 0000000]
trunc_ln16        (trunc         ) [ 0000000]
tmp_23            (bitselect     ) [ 0000000]
sub_ln16          (sub           ) [ 0000000]
tmp_7             (partselect    ) [ 0000000]
sub_ln16_1        (sub           ) [ 0000000]
tmp_8             (partselect    ) [ 0000000]
select_ln16       (select        ) [ 0000000]
empty             (trunc         ) [ 0000000]
empty_40          (icmp          ) [ 0000000]
smax              (select        ) [ 0011111]
empty_41          (icmp          ) [ 0000000]
smax2             (select        ) [ 0010000]
N_read            (read          ) [ 0001111]
tmp_21            (bitselect     ) [ 0000000]
sub_ln12          (sub           ) [ 0000000]
tmp               (partselect    ) [ 0000000]
sub_ln12_1        (sub           ) [ 0000000]
tmp_s             (partselect    ) [ 0000000]
select_ln12       (select        ) [ 0000000]
trunc_ln14        (trunc         ) [ 0000000]
tmp_9             (bitconcatenate) [ 0001111]
smax2_cast        (zext          ) [ 0000000]
tmp_20_cast       (zext          ) [ 0000000]
bound6            (mul           ) [ 0001111]
empty_42          (icmp          ) [ 0000000]
smax20            (select        ) [ 0001000]
smax20_cast       (zext          ) [ 0000100]
bound6_cast       (zext          ) [ 0000100]
bound25           (mul           ) [ 0000011]
AT_read           (read          ) [ 0000001]
specinterface_ln0 (specinterface ) [ 0000000]
specinterface_ln0 (specinterface ) [ 0000000]
call_ln12         (call          ) [ 0000000]
ret_ln28          (ret           ) [ 0000000]
</LifeTime>

<model>

<comp_list>
<comp id="0" class="1000" name="gmem0">
<pin_list>
<pin id="1" dir="1" index="0" bw="1" slack="0"/>
</pin_list>
<bind>
<StgValue><ssdm name="gmem0"/><MemPortTyVec>0 </MemPortTyVec>
</StgValue>
</bind>
</comp>

<comp id="2" class="1000" name="AT">
<pin_list>
<pin id="3" dir="1" index="0" bw="1" slack="0"/>
</pin_list>
<bind>
<StgValue><ssdm name="AT"/></StgValue>
</bind>
</comp>

<comp id="4" class="1000" name="A_stream">
<pin_list>
<pin id="5" dir="1" index="0" bw="1" slack="0"/>
</pin_list>
<bind>
<StgValue><ssdm name="A_stream"/></StgValue>
</bind>
</comp>

<comp id="6" class="1000" name="N">
<pin_list>
<pin id="7" dir="1" index="0" bw="1" slack="0"/>
</pin_list>
<bind>
<StgValue><ssdm name="N"/></StgValue>
</bind>
</comp>

<comp id="8" class="1000" name="M">
<pin_list>
<pin id="9" dir="1" index="0" bw="1" slack="0"/>
</pin_list>
<bind>
<StgValue><ssdm name="M"/></StgValue>
</bind>
</comp>

<comp id="10" class="1000" name="P">
<pin_list>
<pin id="11" dir="1" index="0" bw="1" slack="0"/>
</pin_list>
<bind>
<StgValue><ssdm name="P"/></StgValue>
</bind>
</comp>

<comp id="12" class="1001" name="const_12">
<pin_list>
<pin id="13" dir="1" index="0" bw="1" slack="0"/>
</pin_list>
<bind>
<StgValue><ssdm name="_ssdm_op_Read.ap_auto.i32"/></StgValue>
</bind>
</comp>

<comp id="14" class="1001" name="const_14">
<pin_list>
<pin id="15" dir="1" index="0" bw="1" slack="0"/>
</pin_list>
<bind>
<StgValue><ssdm name="_ssdm_op_BitSelect.i1.i32.i32"/></StgValue>
</bind>
</comp>

<comp id="16" class="1001" name="const_16">
<pin_list>
<pin id="17" dir="1" index="0" bw="1" slack="0"/>
</pin_list>
<bind>
<StgValue><ssdm name=""/></StgValue>
</bind>
</comp>

<comp id="18" class="1001" name="const_18">
<pin_list>
<pin id="19" dir="1" index="0" bw="1" slack="0"/>
</pin_list>
<bind>
<StgValue><ssdm name=""/></StgValue>
</bind>
</comp>

<comp id="20" class="1001" name="const_20">
<pin_list>
<pin id="21" dir="1" index="0" bw="1" slack="0"/>
</pin_list>
<bind>
<StgValue><ssdm name="_ssdm_op_PartSelect.i28.i32.i32.i32"/></StgValue>
</bind>
</comp>

<comp id="22" class="1001" name="const_22">
<pin_list>
<pin id="23" dir="1" index="0" bw="1" slack="0"/>
</pin_list>
<bind>
<StgValue><ssdm name=""/></StgValue>
</bind>
</comp>

<comp id="24" class="1001" name="const_24">
<pin_list>
<pin id="25" dir="1" index="0" bw="1" slack="0"/>
</pin_list>
<bind>
<StgValue><ssdm name=""/></StgValue>
</bind>
</comp>

<comp id="26" class="1001" name="const_26">
<pin_list>
<pin id="27" dir="1" index="0" bw="1" slack="0"/>
</pin_list>
<bind>
<StgValue><ssdm name=""/></StgValue>
</bind>
</comp>

<comp id="28" class="1001" name="const_28">
<pin_list>
<pin id="29" dir="1" index="0" bw="1" slack="0"/>
</pin_list>
<bind>
<StgValue><ssdm name="_ssdm_op_BitConcatenate.i31.i27.i4"/></StgValue>
</bind>
</comp>

<comp id="30" class="1001" name="const_30">
<pin_list>
<pin id="31" dir="1" index="0" bw="1" slack="0"/>
</pin_list>
<bind>
<StgValue><ssdm name=""/></StgValue>
</bind>
</comp>

<comp id="32" class="1001" name="const_32">
<pin_list>
<pin id="33" dir="1" index="0" bw="1" slack="0"/>
</pin_list>
<bind>
<StgValue><ssdm name="_ssdm_op_Read.ap_auto.i64"/></StgValue>
</bind>
</comp>

<comp id="34" class="1001" name="const_34">
<pin_list>
<pin id="35" dir="1" index="0" bw="1" slack="0"/>
</pin_list>
<bind>
<StgValue><ssdm name="readAtTiles_Pipeline_i_BLOCK_loop_j_BLOCK_loop_k_BLOCK_loop_k_loop"/></StgValue>
</bind>
</comp>

<comp id="36" class="1001" name="const_36">
<pin_list>
<pin id="37" dir="1" index="0" bw="1" slack="2147483647"/>
</pin_list>
<bind>
<StgValue><ssdm name="_ssdm_op_SpecInterface"/></StgValue>
</bind>
</comp>

<comp id="38" class="1001" name="const_38">
<pin_list>
<pin id="39" dir="1" index="0" bw="1" slack="2147483647"/>
</pin_list>
<bind>
<StgValue><ssdm name="empty_9"/></StgValue>
</bind>
</comp>

<comp id="40" class="1001" name="const_40">
<pin_list>
<pin id="41" dir="1" index="0" bw="1" slack="2147483647"/>
</pin_list>
<bind>
<StgValue><ssdm name="empty"/></StgValue>
</bind>
</comp>

<comp id="42" class="1001" name="const_42">
<pin_list>
<pin id="43" dir="1" index="0" bw="1" slack="2147483647"/>
</pin_list>
<bind>
<StgValue><ssdm name=""/></StgValue>
</bind>
</comp>

<comp id="44" class="1001" name="const_44">
<pin_list>
<pin id="45" dir="1" index="0" bw="1" slack="2147483647"/>
</pin_list>
<bind>
<StgValue><ssdm name="empty_17"/></StgValue>
</bind>
</comp>

<comp id="46" class="1001" name="const_46">
<pin_list>
<pin id="47" dir="1" index="0" bw="1" slack="2147483647"/>
</pin_list>
<bind>
<StgValue><ssdm name=""/></StgValue>
</bind>
</comp>

<comp id="48" class="1001" name="const_48">
<pin_list>
<pin id="49" dir="1" index="0" bw="1" slack="2147483647"/>
</pin_list>
<bind>
<StgValue><ssdm name="empty_0"/></StgValue>
</bind>
</comp>

<comp id="50" class="1001" name="const_50">
<pin_list>
<pin id="51" dir="1" index="0" bw="1" slack="2147483647"/>
</pin_list>
<bind>
<StgValue><ssdm name="empty_1"/></StgValue>
</bind>
</comp>

<comp id="52" class="1001" name="const_52">
<pin_list>
<pin id="53" dir="1" index="0" bw="1" slack="2147483647"/>
</pin_list>
<bind>
<StgValue><ssdm name=""/></StgValue>
</bind>
</comp>

<comp id="54" class="1001" name="const_54">
<pin_list>
<pin id="55" dir="1" index="0" bw="1" slack="2147483647"/>
</pin_list>
<bind>
<StgValue><ssdm name=""/></StgValue>
</bind>
</comp>

<comp id="56" class="1004" name="P_read_read_fu_56">
<pin_list>
<pin id="57" dir="0" index="0" bw="32" slack="0"/>
<pin id="58" dir="0" index="1" bw="32" slack="0"/>
<pin id="59" dir="1" index="2" bw="32" slack="0"/>
</pin_list>
<bind>
<opcode="read(1150) " fcode="read"/>
<opset="P_read/1 "/>
</bind>
</comp>

<comp id="62" class="1004" name="M_read_read_fu_62">
<pin_list>
<pin id="63" dir="0" index="0" bw="32" slack="0"/>
<pin id="64" dir="0" index="1" bw="32" slack="0"/>
<pin id="65" dir="1" index="2" bw="32" slack="0"/>
</pin_list>
<bind>
<opcode="read(1150) " fcode="read"/>
<opset="M_read/1 "/>
</bind>
</comp>

<comp id="68" class="1004" name="N_read_read_fu_68">
<pin_list>
<pin id="69" dir="0" index="0" bw="32" slack="0"/>
<pin id="70" dir="0" index="1" bw="32" slack="0"/>
<pin id="71" dir="1" index="2" bw="32" slack="0"/>
</pin_list>
<bind>
<opcode="read(1150) " fcode="read"/>
<opset="N_read/2 "/>
</bind>
</comp>

<comp id="74" class="1004" name="AT_read_read_fu_74">
<pin_list>
<pin id="75" dir="0" index="0" bw="64" slack="0"/>
<pin id="76" dir="0" index="1" bw="64" slack="0"/>
<pin id="77" dir="1" index="2" bw="64" slack="0"/>
</pin_list>
<bind>
<opcode="read(1150) " fcode="read"/>
<opset="AT_read/5 "/>
</bind>
</comp>

<comp id="80" class="1004" name="grp_readAtTiles_Pipeline_i_BLOCK_loop_j_BLOCK_loop_k_BLOCK_loop_k_loop_fu_80">
<pin_list>
<pin id="81" dir="0" index="0" bw="0" slack="0"/>
<pin id="82" dir="0" index="1" bw="85" slack="1"/>
<pin id="83" dir="0" index="2" bw="58" slack="3"/>
<pin id="84" dir="0" index="3" bw="27" slack="4"/>
<pin id="85" dir="0" index="4" bw="31" slack="3"/>
<pin id="86" dir="0" index="5" bw="32" slack="3"/>
<pin id="87" dir="0" index="6" bw="64" slack="0"/>
<pin id="88" dir="0" index="7" bw="512" slack="0"/>
<pin id="89" dir="0" index="8" bw="512" slack="0"/>
<pin id="90" dir="1" index="9" bw="0" slack="2147483647"/>
</pin_list>
<bind>
<opcode="call(48) " fcode="call"/>
<opset="call_ln12/5 "/>
</bind>
</comp>

<comp id="95" class="1004" name="bound6_fu_95">
<pin_list>
<pin id="96" dir="0" index="0" bw="27" slack="0"/>
<pin id="97" dir="0" index="1" bw="31" slack="0"/>
<pin id="98" dir="1" index="2" bw="58" slack="1"/>
</pin_list>
<bind>
<opcode="mul(12) " fcode="mul"/>
<opset="bound6/2 "/>
</bind>
</comp>

<comp id="99" class="1004" name="grp_fu_99">
<pin_list>
<pin id="100" dir="0" index="0" bw="27" slack="0"/>
<pin id="101" dir="0" index="1" bw="58" slack="0"/>
<pin id="102" dir="1" index="2" bw="85" slack="1"/>
</pin_list>
<bind>
<opcode="mul(12) " fcode="mul"/>
<opset="bound25/3 "/>
</bind>
</comp>

<comp id="103" class="1004" name="tmp_22_fu_103">
<pin_list>
<pin id="104" dir="0" index="0" bw="1" slack="0"/>
<pin id="105" dir="0" index="1" bw="32" slack="0"/>
<pin id="106" dir="0" index="2" bw="6" slack="0"/>
<pin id="107" dir="1" index="3" bw="1" slack="0"/>
</pin_list>
<bind>
<opcode="bitselect(1000) " fcode="bitselect"/>
<opset="tmp_22/1 "/>
</bind>
</comp>

<comp id="111" class="1004" name="sub_ln14_fu_111">
<pin_list>
<pin id="112" dir="0" index="0" bw="1" slack="0"/>
<pin id="113" dir="0" index="1" bw="32" slack="0"/>
<pin id="114" dir="1" index="2" bw="32" slack="0"/>
</pin_list>
<bind>
<opcode="sub(10) " fcode="sub"/>
<opset="sub_ln14/1 "/>
</bind>
</comp>

<comp id="117" class="1004" name="tmp_5_fu_117">
<pin_list>
<pin id="118" dir="0" index="0" bw="28" slack="0"/>
<pin id="119" dir="0" index="1" bw="32" slack="0"/>
<pin id="120" dir="0" index="2" bw="4" slack="0"/>
<pin id="121" dir="0" index="3" bw="6" slack="0"/>
<pin id="122" dir="1" index="4" bw="28" slack="0"/>
</pin_list>
<bind>
<opcode="partselect(1002) " fcode="partselect"/>
<opset="tmp_5/1 "/>
</bind>
</comp>

<comp id="127" class="1004" name="sub_ln14_1_fu_127">
<pin_list>
<pin id="128" dir="0" index="0" bw="1" slack="0"/>
<pin id="129" dir="0" index="1" bw="28" slack="0"/>
<pin id="130" dir="1" index="2" bw="28" slack="0"/>
</pin_list>
<bind>
<opcode="sub(10) " fcode="sub"/>
<opset="sub_ln14_1/1 "/>
</bind>
</comp>

<comp id="133" class="1004" name="tmp_6_fu_133">
<pin_list>
<pin id="134" dir="0" index="0" bw="28" slack="0"/>
<pin id="135" dir="0" index="1" bw="32" slack="0"/>
<pin id="136" dir="0" index="2" bw="4" slack="0"/>
<pin id="137" dir="0" index="3" bw="6" slack="0"/>
<pin id="138" dir="1" index="4" bw="28" slack="0"/>
</pin_list>
<bind>
<opcode="partselect(1002) " fcode="partselect"/>
<opset="tmp_6/1 "/>
</bind>
</comp>

<comp id="143" class="1004" name="select_ln14_fu_143">
<pin_list>
<pin id="144" dir="0" index="0" bw="1" slack="0"/>
<pin id="145" dir="0" index="1" bw="28" slack="0"/>
<pin id="146" dir="0" index="2" bw="28" slack="0"/>
<pin id="147" dir="1" index="3" bw="28" slack="0"/>
</pin_list>
<bind>
<opcode="select(49) " fcode="select"/>
<opset="select_ln14/1 "/>
</bind>
</comp>

<comp id="151" class="1004" name="trunc_ln16_fu_151">
<pin_list>
<pin id="152" dir="0" index="0" bw="28" slack="0"/>
<pin id="153" dir="1" index="1" bw="27" slack="0"/>
</pin_list>
<bind>
<opcode="trunc(33) " fcode="trunc"/>
<opset="trunc_ln16/1 "/>
</bind>
</comp>

<comp id="155" class="1004" name="tmp_23_fu_155">
<pin_list>
<pin id="156" dir="0" index="0" bw="1" slack="0"/>
<pin id="157" dir="0" index="1" bw="32" slack="0"/>
<pin id="158" dir="0" index="2" bw="6" slack="0"/>
<pin id="159" dir="1" index="3" bw="1" slack="0"/>
</pin_list>
<bind>
<opcode="bitselect(1000) " fcode="bitselect"/>
<opset="tmp_23/1 "/>
</bind>
</comp>

<comp id="163" class="1004" name="sub_ln16_fu_163">
<pin_list>
<pin id="164" dir="0" index="0" bw="1" slack="0"/>
<pin id="165" dir="0" index="1" bw="32" slack="0"/>
<pin id="166" dir="1" index="2" bw="32" slack="0"/>
</pin_list>
<bind>
<opcode="sub(10) " fcode="sub"/>
<opset="sub_ln16/1 "/>
</bind>
</comp>

<comp id="169" class="1004" name="tmp_7_fu_169">
<pin_list>
<pin id="170" dir="0" index="0" bw="28" slack="0"/>
<pin id="171" dir="0" index="1" bw="32" slack="0"/>
<pin id="172" dir="0" index="2" bw="4" slack="0"/>
<pin id="173" dir="0" index="3" bw="6" slack="0"/>
<pin id="174" dir="1" index="4" bw="28" slack="0"/>
</pin_list>
<bind>
<opcode="partselect(1002) " fcode="partselect"/>
<opset="tmp_7/1 "/>
</bind>
</comp>

<comp id="179" class="1004" name="sub_ln16_1_fu_179">
<pin_list>
<pin id="180" dir="0" index="0" bw="1" slack="0"/>
<pin id="181" dir="0" index="1" bw="28" slack="0"/>
<pin id="182" dir="1" index="2" bw="28" slack="0"/>
</pin_list>
<bind>
<opcode="sub(10) " fcode="sub"/>
<opset="sub_ln16_1/1 "/>
</bind>
</comp>

<comp id="185" class="1004" name="tmp_8_fu_185">
<pin_list>
<pin id="186" dir="0" index="0" bw="28" slack="0"/>
<pin id="187" dir="0" index="1" bw="32" slack="0"/>
<pin id="188" dir="0" index="2" bw="4" slack="0"/>
<pin id="189" dir="0" index="3" bw="6" slack="0"/>
<pin id="190" dir="1" index="4" bw="28" slack="0"/>
</pin_list>
<bind>
<opcode="partselect(1002) " fcode="partselect"/>
<opset="tmp_8/1 "/>
</bind>
</comp>

<comp id="195" class="1004" name="select_ln16_fu_195">
<pin_list>
<pin id="196" dir="0" index="0" bw="1" slack="0"/>
<pin id="197" dir="0" index="1" bw="28" slack="0"/>
<pin id="198" dir="0" index="2" bw="28" slack="0"/>
<pin id="199" dir="1" index="3" bw="28" slack="0"/>
</pin_list>
<bind>
<opcode="select(49) " fcode="select"/>
<opset="select_ln16/1 "/>
</bind>
</comp>

<comp id="203" class="1004" name="empty_fu_203">
<pin_list>
<pin id="204" dir="0" index="0" bw="28" slack="0"/>
<pin id="205" dir="1" index="1" bw="27" slack="0"/>
</pin_list>
<bind>
<opcode="trunc(33) " fcode="trunc"/>
<opset="empty/1 "/>
</bind>
</comp>

<comp id="207" class="1004" name="empty_40_fu_207">
<pin_list>
<pin id="208" dir="0" index="0" bw="28" slack="0"/>
<pin id="209" dir="0" index="1" bw="1" slack="0"/>
<pin id="210" dir="1" index="2" bw="1" slack="0"/>
</pin_list>
<bind>
<opcode="icmp(45) " fcode="icmp"/>
<opset="empty_40/1 "/>
</bind>
</comp>

<comp id="213" class="1004" name="smax_fu_213">
<pin_list>
<pin id="214" dir="0" index="0" bw="1" slack="0"/>
<pin id="215" dir="0" index="1" bw="27" slack="0"/>
<pin id="216" dir="0" index="2" bw="1" slack="0"/>
<pin id="217" dir="1" index="3" bw="27" slack="1"/>
</pin_list>
<bind>
<opcode="select(49) " fcode="select"/>
<opset="smax/1 "/>
</bind>
</comp>

<comp id="221" class="1004" name="empty_41_fu_221">
<pin_list>
<pin id="222" dir="0" index="0" bw="28" slack="0"/>
<pin id="223" dir="0" index="1" bw="1" slack="0"/>
<pin id="224" dir="1" index="2" bw="1" slack="0"/>
</pin_list>
<bind>
<opcode="icmp(45) " fcode="icmp"/>
<opset="empty_41/1 "/>
</bind>
</comp>

<comp id="227" class="1004" name="smax2_fu_227">
<pin_list>
<pin id="228" dir="0" index="0" bw="1" slack="0"/>
<pin id="229" dir="0" index="1" bw="27" slack="0"/>
<pin id="230" dir="0" index="2" bw="1" slack="0"/>
<pin id="231" dir="1" index="3" bw="27" slack="1"/>
</pin_list>
<bind>
<opcode="select(49) " fcode="select"/>
<opset="smax2/1 "/>
</bind>
</comp>

<comp id="235" class="1004" name="tmp_21_fu_235">
<pin_list>
<pin id="236" dir="0" index="0" bw="1" slack="0"/>
<pin id="237" dir="0" index="1" bw="32" slack="0"/>
<pin id="238" dir="0" index="2" bw="6" slack="0"/>
<pin id="239" dir="1" index="3" bw="1" slack="0"/>
</pin_list>
<bind>
<opcode="bitselect(1000) " fcode="bitselect"/>
<opset="tmp_21/2 "/>
</bind>
</comp>

<comp id="243" class="1004" name="sub_ln12_fu_243">
<pin_list>
<pin id="244" dir="0" index="0" bw="1" slack="0"/>
<pin id="245" dir="0" index="1" bw="32" slack="0"/>
<pin id="246" dir="1" index="2" bw="32" slack="0"/>
</pin_list>
<bind>
<opcode="sub(10) " fcode="sub"/>
<opset="sub_ln12/2 "/>
</bind>
</comp>

<comp id="249" class="1004" name="tmp_fu_249">
<pin_list>
<pin id="250" dir="0" index="0" bw="28" slack="0"/>
<pin id="251" dir="0" index="1" bw="32" slack="0"/>
<pin id="252" dir="0" index="2" bw="4" slack="0"/>
<pin id="253" dir="0" index="3" bw="6" slack="0"/>
<pin id="254" dir="1" index="4" bw="28" slack="0"/>
</pin_list>
<bind>
<opcode="partselect(1002) " fcode="partselect"/>
<opset="tmp/2 "/>
</bind>
</comp>

<comp id="259" class="1004" name="sub_ln12_1_fu_259">
<pin_list>
<pin id="260" dir="0" index="0" bw="1" slack="0"/>
<pin id="261" dir="0" index="1" bw="28" slack="0"/>
<pin id="262" dir="1" index="2" bw="28" slack="0"/>
</pin_list>
<bind>
<opcode="sub(10) " fcode="sub"/>
<opset="sub_ln12_1/2 "/>
</bind>
</comp>

<comp id="265" class="1004" name="tmp_s_fu_265">
<pin_list>
<pin id="266" dir="0" index="0" bw="28" slack="0"/>
<pin id="267" dir="0" index="1" bw="32" slack="0"/>
<pin id="268" dir="0" index="2" bw="4" slack="0"/>
<pin id="269" dir="0" index="3" bw="6" slack="0"/>
<pin id="270" dir="1" index="4" bw="28" slack="0"/>
</pin_list>
<bind>
<opcode="partselect(1002) " fcode="partselect"/>
<opset="tmp_s/2 "/>
</bind>
</comp>

<comp id="275" class="1004" name="select_ln12_fu_275">
<pin_list>
<pin id="276" dir="0" index="0" bw="1" slack="0"/>
<pin id="277" dir="0" index="1" bw="28" slack="0"/>
<pin id="278" dir="0" index="2" bw="28" slack="0"/>
<pin id="279" dir="1" index="3" bw="28" slack="0"/>
</pin_list>
<bind>
<opcode="select(49) " fcode="select"/>
<opset="select_ln12/2 "/>
</bind>
</comp>

<comp id="283" class="1004" name="trunc_ln14_fu_283">
<pin_list>
<pin id="284" dir="0" index="0" bw="28" slack="0"/>
<pin id="285" dir="1" index="1" bw="27" slack="0"/>
</pin_list>
<bind>
<opcode="trunc(33) " fcode="trunc"/>
<opset="trunc_ln14/2 "/>
</bind>
</comp>

<comp id="287" class="1004" name="tmp_9_fu_287">
<pin_list>
<pin id="288" dir="0" index="0" bw="31" slack="0"/>
<pin id="289" dir="0" index="1" bw="27" slack="1"/>
<pin id="290" dir="0" index="2" bw="1" slack="0"/>
<pin id="291" dir="1" index="3" bw="31" slack="0"/>
</pin_list>
<bind>
<opcode="bitconcatenate(1004) " fcode="bitconcatenate"/>
<opset="tmp_9/2 "/>
</bind>
</comp>

<comp id="294" class="1004" name="smax2_cast_fu_294">
<pin_list>
<pin id="295" dir="0" index="0" bw="27" slack="1"/>
<pin id="296" dir="1" index="1" bw="58" slack="0"/>
</pin_list>
<bind>
<opcode="zext(34) " fcode="zext"/>
<opset="smax2_cast/2 "/>
</bind>
</comp>

<comp id="298" class="1004" name="tmp_20_cast_fu_298">
<pin_list>
<pin id="299" dir="0" index="0" bw="31" slack="0"/>
<pin id="300" dir="1" index="1" bw="58" slack="0"/>
</pin_list>
<bind>
<opcode="zext(34) " fcode="zext"/>
<opset="tmp_20_cast/2 "/>
</bind>
</comp>

<comp id="303" class="1004" name="empty_42_fu_303">
<pin_list>
<pin id="304" dir="0" index="0" bw="28" slack="0"/>
<pin id="305" dir="0" index="1" bw="1" slack="0"/>
<pin id="306" dir="1" index="2" bw="1" slack="0"/>
</pin_list>
<bind>
<opcode="icmp(45) " fcode="icmp"/>
<opset="empty_42/2 "/>
</bind>
</comp>

<comp id="309" class="1004" name="smax20_fu_309">
<pin_list>
<pin id="310" dir="0" index="0" bw="1" slack="0"/>
<pin id="311" dir="0" index="1" bw="27" slack="0"/>
<pin id="312" dir="0" index="2" bw="1" slack="0"/>
<pin id="313" dir="1" index="3" bw="27" slack="1"/>
</pin_list>
<bind>
<opcode="select(49) " fcode="select"/>
<opset="smax20/2 "/>
</bind>
</comp>

<comp id="317" class="1004" name="smax20_cast_fu_317">
<pin_list>
<pin id="318" dir="0" index="0" bw="27" slack="1"/>
<pin id="319" dir="1" index="1" bw="85" slack="0"/>
</pin_list>
<bind>
<opcode="zext(34) " fcode="zext"/>
<opset="smax20_cast/3 "/>
</bind>
</comp>

<comp id="321" class="1004" name="bound6_cast_fu_321">
<pin_list>
<pin id="322" dir="0" index="0" bw="58" slack="1"/>
<pin id="323" dir="1" index="1" bw="85" slack="0"/>
</pin_list>
<bind>
<opcode="zext(34) " fcode="zext"/>
<opset="bound6_cast/3 "/>
</bind>
</comp>

<comp id="325" class="1005" name="smax_reg_325">
<pin_list>
<pin id="326" dir="0" index="0" bw="27" slack="1"/>
<pin id="327" dir="1" index="1" bw="27" slack="1"/>
</pin_list>
<bind>
<opset="smax "/>
</bind>
</comp>

<comp id="331" class="1005" name="smax2_reg_331">
<pin_list>
<pin id="332" dir="0" index="0" bw="27" slack="1"/>
<pin id="333" dir="1" index="1" bw="27" slack="1"/>
</pin_list>
<bind>
<opset="smax2 "/>
</bind>
</comp>

<comp id="336" class="1005" name="N_read_reg_336">
<pin_list>
<pin id="337" dir="0" index="0" bw="32" slack="3"/>
<pin id="338" dir="1" index="1" bw="32" slack="3"/>
</pin_list>
<bind>
<opset="N_read "/>
</bind>
</comp>

<comp id="341" class="1005" name="tmp_9_reg_341">
<pin_list>
<pin id="342" dir="0" index="0" bw="31" slack="3"/>
<pin id="343" dir="1" index="1" bw="31" slack="3"/>
</pin_list>
<bind>
<opset="tmp_9 "/>
</bind>
</comp>

<comp id="346" class="1005" name="bound6_reg_346">
<pin_list>
<pin id="347" dir="0" index="0" bw="58" slack="1"/>
<pin id="348" dir="1" index="1" bw="58" slack="1"/>
</pin_list>
<bind>
<opset="bound6 "/>
</bind>
</comp>

<comp id="352" class="1005" name="smax20_reg_352">
<pin_list>
<pin id="353" dir="0" index="0" bw="27" slack="1"/>
<pin id="354" dir="1" index="1" bw="27" slack="1"/>
</pin_list>
<bind>
<opset="smax20 "/>
</bind>
</comp>

<comp id="357" class="1005" name="smax20_cast_reg_357">
<pin_list>
<pin id="358" dir="0" index="0" bw="85" slack="1"/>
<pin id="359" dir="1" index="1" bw="85" slack="1"/>
</pin_list>
<bind>
<opset="smax20_cast "/>
</bind>
</comp>

<comp id="362" class="1005" name="bound6_cast_reg_362">
<pin_list>
<pin id="363" dir="0" index="0" bw="85" slack="1"/>
<pin id="364" dir="1" index="1" bw="85" slack="1"/>
</pin_list>
<bind>
<opset="bound6_cast "/>
</bind>
</comp>

<comp id="367" class="1005" name="bound25_reg_367">
<pin_list>
<pin id="368" dir="0" index="0" bw="85" slack="1"/>
<pin id="369" dir="1" index="1" bw="85" slack="1"/>
</pin_list>
<bind>
<opset="bound25 "/>
</bind>
</comp>

<comp id="372" class="1005" name="AT_read_reg_372">
<pin_list>
<pin id="373" dir="0" index="0" bw="64" slack="1"/>
<pin id="374" dir="1" index="1" bw="64" slack="1"/>
</pin_list>
<bind>
<opset="AT_read "/>
</bind>
</comp>

</comp_list>

<net_list>
<net id="60"><net_src comp="12" pin="0"/><net_sink comp="56" pin=0"/></net>

<net id="61"><net_src comp="10" pin="0"/><net_sink comp="56" pin=1"/></net>

<net id="66"><net_src comp="12" pin="0"/><net_sink comp="62" pin=0"/></net>

<net id="67"><net_src comp="8" pin="0"/><net_sink comp="62" pin=1"/></net>

<net id="72"><net_src comp="12" pin="0"/><net_sink comp="68" pin=0"/></net>

<net id="73"><net_src comp="6" pin="0"/><net_sink comp="68" pin=1"/></net>

<net id="78"><net_src comp="32" pin="0"/><net_sink comp="74" pin=0"/></net>

<net id="79"><net_src comp="2" pin="0"/><net_sink comp="74" pin=1"/></net>

<net id="91"><net_src comp="34" pin="0"/><net_sink comp="80" pin=0"/></net>

<net id="92"><net_src comp="74" pin="2"/><net_sink comp="80" pin=6"/></net>

<net id="93"><net_src comp="0" pin="0"/><net_sink comp="80" pin=7"/></net>

<net id="94"><net_src comp="4" pin="0"/><net_sink comp="80" pin=8"/></net>

<net id="108"><net_src comp="14" pin="0"/><net_sink comp="103" pin=0"/></net>

<net id="109"><net_src comp="56" pin="2"/><net_sink comp="103" pin=1"/></net>

<net id="110"><net_src comp="16" pin="0"/><net_sink comp="103" pin=2"/></net>

<net id="115"><net_src comp="18" pin="0"/><net_sink comp="111" pin=0"/></net>

<net id="116"><net_src comp="56" pin="2"/><net_sink comp="111" pin=1"/></net>

<net id="123"><net_src comp="20" pin="0"/><net_sink comp="117" pin=0"/></net>

<net id="124"><net_src comp="111" pin="2"/><net_sink comp="117" pin=1"/></net>

<net id="125"><net_src comp="22" pin="0"/><net_sink comp="117" pin=2"/></net>

<net id="126"><net_src comp="16" pin="0"/><net_sink comp="117" pin=3"/></net>

<net id="131"><net_src comp="24" pin="0"/><net_sink comp="127" pin=0"/></net>

<net id="132"><net_src comp="117" pin="4"/><net_sink comp="127" pin=1"/></net>

<net id="139"><net_src comp="20" pin="0"/><net_sink comp="133" pin=0"/></net>

<net id="140"><net_src comp="56" pin="2"/><net_sink comp="133" pin=1"/></net>

<net id="141"><net_src comp="22" pin="0"/><net_sink comp="133" pin=2"/></net>

<net id="142"><net_src comp="16" pin="0"/><net_sink comp="133" pin=3"/></net>

<net id="148"><net_src comp="103" pin="3"/><net_sink comp="143" pin=0"/></net>

<net id="149"><net_src comp="127" pin="2"/><net_sink comp="143" pin=1"/></net>

<net id="150"><net_src comp="133" pin="4"/><net_sink comp="143" pin=2"/></net>

<net id="154"><net_src comp="143" pin="3"/><net_sink comp="151" pin=0"/></net>

<net id="160"><net_src comp="14" pin="0"/><net_sink comp="155" pin=0"/></net>

<net id="161"><net_src comp="62" pin="2"/><net_sink comp="155" pin=1"/></net>

<net id="162"><net_src comp="16" pin="0"/><net_sink comp="155" pin=2"/></net>

<net id="167"><net_src comp="18" pin="0"/><net_sink comp="163" pin=0"/></net>

<net id="168"><net_src comp="62" pin="2"/><net_sink comp="163" pin=1"/></net>

<net id="175"><net_src comp="20" pin="0"/><net_sink comp="169" pin=0"/></net>

<net id="176"><net_src comp="163" pin="2"/><net_sink comp="169" pin=1"/></net>

<net id="177"><net_src comp="22" pin="0"/><net_sink comp="169" pin=2"/></net>

<net id="178"><net_src comp="16" pin="0"/><net_sink comp="169" pin=3"/></net>

<net id="183"><net_src comp="24" pin="0"/><net_sink comp="179" pin=0"/></net>

<net id="184"><net_src comp="169" pin="4"/><net_sink comp="179" pin=1"/></net>

<net id="191"><net_src comp="20" pin="0"/><net_sink comp="185" pin=0"/></net>

<net id="192"><net_src comp="62" pin="2"/><net_sink comp="185" pin=1"/></net>

<net id="193"><net_src comp="22" pin="0"/><net_sink comp="185" pin=2"/></net>

<net id="194"><net_src comp="16" pin="0"/><net_sink comp="185" pin=3"/></net>

<net id="200"><net_src comp="155" pin="3"/><net_sink comp="195" pin=0"/></net>

<net id="201"><net_src comp="179" pin="2"/><net_sink comp="195" pin=1"/></net>

<net id="202"><net_src comp="185" pin="4"/><net_sink comp="195" pin=2"/></net>

<net id="206"><net_src comp="195" pin="3"/><net_sink comp="203" pin=0"/></net>

<net id="211"><net_src comp="195" pin="3"/><net_sink comp="207" pin=0"/></net>

<net id="212"><net_src comp="24" pin="0"/><net_sink comp="207" pin=1"/></net>

<net id="218"><net_src comp="207" pin="2"/><net_sink comp="213" pin=0"/></net>

<net id="219"><net_src comp="203" pin="1"/><net_sink comp="213" pin=1"/></net>

<net id="220"><net_src comp="26" pin="0"/><net_sink comp="213" pin=2"/></net>

<net id="225"><net_src comp="143" pin="3"/><net_sink comp="221" pin=0"/></net>

<net id="226"><net_src comp="24" pin="0"/><net_sink comp="221" pin=1"/></net>

<net id="232"><net_src comp="221" pin="2"/><net_sink comp="227" pin=0"/></net>

<net id="233"><net_src comp="151" pin="1"/><net_sink comp="227" pin=1"/></net>

<net id="234"><net_src comp="26" pin="0"/><net_sink comp="227" pin=2"/></net>

<net id="240"><net_src comp="14" pin="0"/><net_sink comp="235" pin=0"/></net>

<net id="241"><net_src comp="68" pin="2"/><net_sink comp="235" pin=1"/></net>

<net id="242"><net_src comp="16" pin="0"/><net_sink comp="235" pin=2"/></net>

<net id="247"><net_src comp="18" pin="0"/><net_sink comp="243" pin=0"/></net>

<net id="248"><net_src comp="68" pin="2"/><net_sink comp="243" pin=1"/></net>

<net id="255"><net_src comp="20" pin="0"/><net_sink comp="249" pin=0"/></net>

<net id="256"><net_src comp="243" pin="2"/><net_sink comp="249" pin=1"/></net>

<net id="257"><net_src comp="22" pin="0"/><net_sink comp="249" pin=2"/></net>

<net id="258"><net_src comp="16" pin="0"/><net_sink comp="249" pin=3"/></net>

<net id="263"><net_src comp="24" pin="0"/><net_sink comp="259" pin=0"/></net>

<net id="264"><net_src comp="249" pin="4"/><net_sink comp="259" pin=1"/></net>

<net id="271"><net_src comp="20" pin="0"/><net_sink comp="265" pin=0"/></net>

<net id="272"><net_src comp="68" pin="2"/><net_sink comp="265" pin=1"/></net>

<net id="273"><net_src comp="22" pin="0"/><net_sink comp="265" pin=2"/></net>

<net id="274"><net_src comp="16" pin="0"/><net_sink comp="265" pin=3"/></net>

<net id="280"><net_src comp="235" pin="3"/><net_sink comp="275" pin=0"/></net>

<net id="281"><net_src comp="259" pin="2"/><net_sink comp="275" pin=1"/></net>

<net id="282"><net_src comp="265" pin="4"/><net_sink comp="275" pin=2"/></net>

<net id="286"><net_src comp="275" pin="3"/><net_sink comp="283" pin=0"/></net>

<net id="292"><net_src comp="28" pin="0"/><net_sink comp="287" pin=0"/></net>

<net id="293"><net_src comp="30" pin="0"/><net_sink comp="287" pin=2"/></net>

<net id="297"><net_src comp="294" pin="1"/><net_sink comp="95" pin=0"/></net>

<net id="301"><net_src comp="287" pin="3"/><net_sink comp="298" pin=0"/></net>

<net id="302"><net_src comp="298" pin="1"/><net_sink comp="95" pin=1"/></net>

<net id="307"><net_src comp="275" pin="3"/><net_sink comp="303" pin=0"/></net>

<net id="308"><net_src comp="24" pin="0"/><net_sink comp="303" pin=1"/></net>

<net id="314"><net_src comp="303" pin="2"/><net_sink comp="309" pin=0"/></net>

<net id="315"><net_src comp="283" pin="1"/><net_sink comp="309" pin=1"/></net>

<net id="316"><net_src comp="26" pin="0"/><net_sink comp="309" pin=2"/></net>

<net id="320"><net_src comp="317" pin="1"/><net_sink comp="99" pin=0"/></net>

<net id="324"><net_src comp="321" pin="1"/><net_sink comp="99" pin=1"/></net>

<net id="328"><net_src comp="213" pin="3"/><net_sink comp="325" pin=0"/></net>

<net id="329"><net_src comp="325" pin="1"/><net_sink comp="287" pin=1"/></net>

<net id="330"><net_src comp="325" pin="1"/><net_sink comp="80" pin=3"/></net>

<net id="334"><net_src comp="227" pin="3"/><net_sink comp="331" pin=0"/></net>

<net id="335"><net_src comp="331" pin="1"/><net_sink comp="294" pin=0"/></net>

<net id="339"><net_src comp="68" pin="2"/><net_sink comp="336" pin=0"/></net>

<net id="340"><net_src comp="336" pin="1"/><net_sink comp="80" pin=5"/></net>

<net id="344"><net_src comp="287" pin="3"/><net_sink comp="341" pin=0"/></net>

<net id="345"><net_src comp="341" pin="1"/><net_sink comp="80" pin=4"/></net>

<net id="349"><net_src comp="95" pin="2"/><net_sink comp="346" pin=0"/></net>

<net id="350"><net_src comp="346" pin="1"/><net_sink comp="321" pin=0"/></net>

<net id="351"><net_src comp="346" pin="1"/><net_sink comp="80" pin=2"/></net>

<net id="355"><net_src comp="309" pin="3"/><net_sink comp="352" pin=0"/></net>

<net id="356"><net_src comp="352" pin="1"/><net_sink comp="317" pin=0"/></net>

<net id="360"><net_src comp="317" pin="1"/><net_sink comp="357" pin=0"/></net>

<net id="361"><net_src comp="357" pin="1"/><net_sink comp="99" pin=0"/></net>

<net id="365"><net_src comp="321" pin="1"/><net_sink comp="362" pin=0"/></net>

<net id="366"><net_src comp="362" pin="1"/><net_sink comp="99" pin=1"/></net>

<net id="370"><net_src comp="99" pin="2"/><net_sink comp="367" pin=0"/></net>

<net id="371"><net_src comp="367" pin="1"/><net_sink comp="80" pin=1"/></net>

<net id="375"><net_src comp="74" pin="2"/><net_sink comp="372" pin=0"/></net>

<net id="376"><net_src comp="372" pin="1"/><net_sink comp="80" pin=6"/></net>

</net_list>

</model> 
---------------- Datapath Model END ------------------

* FSMD analyzer results:
  - Output states:
	Port: A_stream | {5 6 }
 - Input state : 
	Port: readAtTiles : gmem0 | {5 6 }
	Port: readAtTiles : AT | {5 }
	Port: readAtTiles : N | {2 }
	Port: readAtTiles : M | {1 }
	Port: readAtTiles : P | {1 }
  - Chain level:
	State 1
		tmp_5 : 1
		sub_ln14_1 : 2
		select_ln14 : 3
		trunc_ln16 : 4
		tmp_7 : 1
		sub_ln16_1 : 2
		select_ln16 : 3
		empty : 4
		empty_40 : 4
		smax : 5
		empty_41 : 4
		smax2 : 5
	State 2
		tmp : 1
		sub_ln12_1 : 2
		select_ln12 : 3
		trunc_ln14 : 4
		tmp_20_cast : 1
		bound6 : 2
		empty_42 : 4
		smax20 : 5
	State 3
		bound25 : 1
	State 4
	State 5
	State 6


============================================================
+ Verbose Summary: Datapath Resource usage 
============================================================

* Functional unit list:
|----------|------------------------------------------------------------------------------|---------|---------|---------|---------|
| Operation|                                Functional Unit                               |   DSP   |  Delay  |    FF   |   LUT   |
|----------|------------------------------------------------------------------------------|---------|---------|---------|---------|
|   call   | grp_readAtTiles_Pipeline_i_BLOCK_loop_j_BLOCK_loop_k_BLOCK_loop_k_loop_fu_80 |    3    |  1.588  |   1730  |   1018  |
|----------|------------------------------------------------------------------------------|---------|---------|---------|---------|
|    mul   |                                 bound6_fu_95                                 |    4    |    0    |    0    |    23   |
|          |                                   grp_fu_99                                  |    6    |    0    |   221   |   164   |
|----------|------------------------------------------------------------------------------|---------|---------|---------|---------|
|          |                                sub_ln14_fu_111                               |    0    |    0    |    0    |    39   |
|          |                               sub_ln14_1_fu_127                              |    0    |    0    |    0    |    35   |
|    sub   |                                sub_ln16_fu_163                               |    0    |    0    |    0    |    39   |
|          |                               sub_ln16_1_fu_179                              |    0    |    0    |    0    |    35   |
|          |                                sub_ln12_fu_243                               |    0    |    0    |    0    |    39   |
|          |                               sub_ln12_1_fu_259                              |    0    |    0    |    0    |    35   |
|----------|------------------------------------------------------------------------------|---------|---------|---------|---------|
|          |                              select_ln14_fu_143                              |    0    |    0    |    0    |    28   |
|          |                              select_ln16_fu_195                              |    0    |    0    |    0    |    28   |
|  select  |                                  smax_fu_213                                 |    0    |    0    |    0    |    27   |
|          |                                 smax2_fu_227                                 |    0    |    0    |    0    |    27   |
|          |                              select_ln12_fu_275                              |    0    |    0    |    0    |    28   |
|          |                                 smax20_fu_309                                |    0    |    0    |    0    |    27   |
|----------|------------------------------------------------------------------------------|---------|---------|---------|---------|
|          |                                empty_40_fu_207                               |    0    |    0    |    0    |    35   |
|   icmp   |                                empty_41_fu_221                               |    0    |    0    |    0    |    35   |
|          |                                empty_42_fu_303                               |    0    |    0    |    0    |    35   |
|----------|------------------------------------------------------------------------------|---------|---------|---------|---------|
|          |                               P_read_read_fu_56                              |    0    |    0    |    0    |    0    |
|   read   |                               M_read_read_fu_62                              |    0    |    0    |    0    |    0    |
|          |                               N_read_read_fu_68                              |    0    |    0    |    0    |    0    |
|          |                              AT_read_read_fu_74                              |    0    |    0    |    0    |    0    |
|----------|------------------------------------------------------------------------------|---------|---------|---------|---------|
|          |                                 tmp_22_fu_103                                |    0    |    0    |    0    |    0    |
| bitselect|                                 tmp_23_fu_155                                |    0    |    0    |    0    |    0    |
|          |                                 tmp_21_fu_235                                |    0    |    0    |    0    |    0    |
|----------|------------------------------------------------------------------------------|---------|---------|---------|---------|
|          |                                 tmp_5_fu_117                                 |    0    |    0    |    0    |    0    |
|          |                                 tmp_6_fu_133                                 |    0    |    0    |    0    |    0    |
|partselect|                                 tmp_7_fu_169                                 |    0    |    0    |    0    |    0    |
|          |                                 tmp_8_fu_185                                 |    0    |    0    |    0    |    0    |
|          |                                  tmp_fu_249                                  |    0    |    0    |    0    |    0    |
|          |                                 tmp_s_fu_265                                 |    0    |    0    |    0    |    0    |
|----------|------------------------------------------------------------------------------|---------|---------|---------|---------|
|          |                               trunc_ln16_fu_151                              |    0    |    0    |    0    |    0    |
|   trunc  |                                 empty_fu_203                                 |    0    |    0    |    0    |    0    |
|          |                               trunc_ln14_fu_283                              |    0    |    0    |    0    |    0    |
|----------|------------------------------------------------------------------------------|---------|---------|---------|---------|
|bitconcatenate|                                 tmp_9_fu_287                                 |    0    |    0    |    0    |    0    |
|----------|------------------------------------------------------------------------------|---------|---------|---------|---------|
|          |                               smax2_cast_fu_294                              |    0    |    0    |    0    |    0    |
|   zext   |                              tmp_20_cast_fu_298                              |    0    |    0    |    0    |    0    |
|          |                              smax20_cast_fu_317                              |    0    |    0    |    0    |    0    |
|          |                              bound6_cast_fu_321                              |    0    |    0    |    0    |    0    |
|----------|------------------------------------------------------------------------------|---------|---------|---------|---------|
|   Total  |                                                                              |    13   |  1.588  |   1951  |   1697  |
|----------|------------------------------------------------------------------------------|---------|---------|---------|---------|

Memories:
N/A

* Register list:
+-------------------+--------+
|                   |   FF   |
+-------------------+--------+
|  AT_read_reg_372  |   64   |
|   N_read_reg_336  |   32   |
|  bound25_reg_367  |   85   |
|bound6_cast_reg_362|   85   |
|   bound6_reg_346  |   58   |
|smax20_cast_reg_357|   85   |
|   smax20_reg_352  |   27   |
|   smax2_reg_331   |   27   |
|    smax_reg_325   |   27   |
|   tmp_9_reg_341   |   31   |
+-------------------+--------+
|       Total       |   521  |
+-------------------+--------+

* Multiplexer (MUX) list: 
|------------------------------------------------------------------------------|------|------|------|--------||---------||---------||---------|
|                                     Comp                                     |  Pin | Size |  BW  | S x BW ||  Delay  ||    FF   ||   LUT   |
|------------------------------------------------------------------------------|------|------|------|--------||---------||---------||---------|
| grp_readAtTiles_Pipeline_i_BLOCK_loop_j_BLOCK_loop_k_BLOCK_loop_k_loop_fu_80 |  p6  |   2  |  64  |   128  ||    0    ||    9    |
|                                   grp_fu_99                                  |  p0  |   2  |  27  |   54   ||    0    ||    9    |
|                                   grp_fu_99                                  |  p1  |   2  |  58  |   116  ||    0    ||    9    |
|------------------------------------------------------------------------------|------|------|------|--------||---------||---------||---------|
|                                     Total                                    |      |      |      |   298  ||  4.764  ||    0    ||    27   |
|------------------------------------------------------------------------------|------|------|------|--------||---------||---------||---------|



* Summary:
+-----------+--------+--------+--------+--------+
|           |   DSP  |  Delay |   FF   |   LUT  |
+-----------+--------+--------+--------+--------+
|  Function |   13   |    1   |  1951  |  1697  |
|   Memory  |    -   |    -   |    -   |    -   |
|Multiplexer|    -   |    4   |    0   |   27   |
|  Register |    -   |    -   |   521  |    -   |
+-----------+--------+--------+--------+--------+
|   Total   |   13   |    6   |  2472  |  1724  |
+-----------+--------+--------+--------+--------+
