

================================================================
== Vitis HLS Report for 'readBTiles_Pipeline_i_BLOCK_loop_j_BLOCK_loop_k_BLOCK_loop_k_loop'
================================================================
* Date:           Sat Apr 11 17:34:12 2026

* Version:        2025.1 (Build 6135595 on May 21 2025)
* Project:        baseline_blockedMM
* Solution:       hls (Vivado IP Flow Target)
* Product family: zynq
* Target device:  xc7z020-clg400-1


================================================================
== Performance Estimates
================================================================
+ Timing: 
    * Summary: 
    +--------+----------+-----------+------------+
    |  Clock |  Target  | Estimated | Uncertainty|
    +--------+----------+-----------+------------+
    |ap_clk  |  15.00 ns|  10.950 ns|     4.05 ns|
    +--------+----------+-----------+------------+

+ Latency: 
    * Summary: 
    +---------+---------+----------+----------+--------+--------+------------------------------------------------+
    |  Latency (cycles) |  Latency (absolute) |     Interval    |                    Pipeline                    |
    |   min   |   max   |    min   |    max   |   min  |   max  |                      Type                      |
    +---------+---------+----------+----------+--------+--------+------------------------------------------------+
    |   401423|   401423|  6.021 ms|  6.021 ms|  401409|  401409|  loop auto-rewind stp (delay=0 clock cycles(s))|
    +---------+---------+----------+----------+--------+--------+------------------------------------------------+

    + Detail: 
        * Instance: 
        N/A

        * Loop: 
        +-------------------------------------------------+---------+---------+----------+-----------+-----------+--------+----------+
        |                                                 |  Latency (cycles) | Iteration|  Initiation Interval  |  Trip  |          |
        |                    Loop Name                    |   min   |   max   |  Latency |  achieved |   target  |  Count | Pipelined|
        +-------------------------------------------------+---------+---------+----------+-----------+-----------+--------+----------+
        |- i_BLOCK_loop_j_BLOCK_loop_k_BLOCK_loop_k_loop  |   401421|   401421|        15|          1|          1|  401408|       yes|
        +-------------------------------------------------+---------+---------+----------+-----------+-----------+--------+----------+

============================================================
+ Verbose Summary: Synthesis Manager
============================================================
InlineROM: 1
ExposeGlobal: 0
============================================================
+ Verbose Summary: CDFG Model
============================================================
IsTopModel: 0
ResetActiveHigh: 1
IsCombinational: 0
IsDatapathOnly: 0
HasWiredReturn: 1
HasMFsm: 2
HasVarLatency: 1
IsPipeline: 0
IsRtlPipelined: 0
IsInstanceOverlapped: 0
IsDontTouch: 0
HasImplIP: 0
IsGatedGlobalClock: 0

+ Individual pipeline summary: 
  * Pipeline-0: initiation interval (II) = 1, depth = 16


============================================================
+ Verbose Summary: Schedule
============================================================
* Number of FSM states : 16
* Pipeline : 1
  Pipeline-0 : II = 1, D = 16, States = { 1 2 3 4 5 6 7 8 9 10 11 12 13 14 15 16 }
* Dataflow Pipeline: 0

* FSM state transitions: 
1 --> 2 
2 --> 3 
3 --> 4 
4 --> 5 
5 --> 6 
6 --> 7 
7 --> 8 
8 --> 9 
9 --> 10 
10 --> 11 
11 --> 12 
12 --> 13 
13 --> 14 
14 --> 15 
15 --> 16 
16 --> 

* FSM state operations: 

State 1 <SV = 0> <Delay = 1.58>
ST_1 : Operation 18 [1/1] (0.00ns)   --->   "%k = alloca i32 1" [../MLP_baseline/mm.cpp:50]   --->   Operation 18 'alloca' 'k' <Predicate = true> <Delay = 0.00>
ST_1 : Operation 19 [1/1] (0.00ns)   --->   "%kb = alloca i32 1" [../MLP_baseline/mm.cpp:47]   --->   Operation 19 'alloca' 'kb' <Predicate = true> <Delay = 0.00>
ST_1 : Operation 20 [1/1] (0.00ns)   --->   "%indvar_flatten = alloca i32 1"   --->   Operation 20 'alloca' 'indvar_flatten' <Predicate = true> <Delay = 0.00>
ST_1 : Operation 21 [1/1] (0.00ns)   --->   "%jb = alloca i32 1" [../MLP_baseline/mm.cpp:44]   --->   Operation 21 'alloca' 'jb' <Predicate = true> <Delay = 0.00>
ST_1 : Operation 22 [1/1] (0.00ns)   --->   "%indvar_flatten20 = alloca i32 1"   --->   Operation 22 'alloca' 'indvar_flatten20' <Predicate = true> <Delay = 0.00>
ST_1 : Operation 23 [1/1] (0.00ns)   --->   "%indvar_flatten51 = alloca i32 1"   --->   Operation 23 'alloca' 'indvar_flatten51' <Predicate = true> <Delay = 0.00>
ST_1 : Operation 24 [1/1] (0.00ns)   --->   "%B_read = read i64 @_ssdm_op_Read.ap_auto.i64, i64 %B"   --->   Operation 24 'read' 'B_read' <Predicate = true> <Delay = 0.00>
ST_1 : Operation 25 [1/1] (0.00ns)   --->   "%P_read = read i32 @_ssdm_op_Read.ap_auto.i32, i32 %P"   --->   Operation 25 'read' 'P_read' <Predicate = true> <Delay = 0.00>
ST_1 : Operation 26 [1/1] (0.00ns)   --->   "%bound_read = read i31 @_ssdm_op_Read.ap_auto.i31, i31 %bound"   --->   Operation 26 'read' 'bound_read' <Predicate = true> <Delay = 0.00>
ST_1 : Operation 27 [1/1] (0.00ns)   --->   "%smax_read = read i27 @_ssdm_op_Read.ap_auto.i27, i27 %smax"   --->   Operation 27 'read' 'smax_read' <Predicate = true> <Delay = 0.00>
ST_1 : Operation 28 [1/1] (0.00ns)   --->   "%bound6_read = read i58 @_ssdm_op_Read.ap_auto.i58, i58 %bound6"   --->   Operation 28 'read' 'bound6_read' <Predicate = true> <Delay = 0.00>
ST_1 : Operation 29 [1/1] (0.00ns)   --->   "%bound28_read = read i85 @_ssdm_op_Read.ap_auto.i85, i85 %bound28"   --->   Operation 29 'read' 'bound28_read' <Predicate = true> <Delay = 0.00>
ST_1 : Operation 30 [1/1] (0.00ns)   --->   "%bound_cast = zext i31 %bound_read"   --->   Operation 30 'zext' 'bound_cast' <Predicate = true> <Delay = 0.00>
ST_1 : Operation 31 [1/1] (0.00ns)   --->   "%bound6_cast = zext i58 %bound6_read"   --->   Operation 31 'zext' 'bound6_cast' <Predicate = true> <Delay = 0.00>
ST_1 : Operation 32 [1/1] (0.00ns)   --->   "%specinterface_ln0 = specinterface void @_ssdm_op_SpecInterface, i512 %gmem, void @empty_14, i32 0, i32 0, void @empty_17, i32 0, i32 802816, void @empty_18, void @empty, void @empty_17, i32 16, i32 16, i32 16, i32 16, void @empty_17, void @empty_17, i32 4294967295, i32 0, i32 0"   --->   Operation 32 'specinterface' 'specinterface_ln0' <Predicate = true> <Delay = 0.00>
ST_1 : Operation 33 [1/1] (0.00ns)   --->   "%specinterface_ln0 = specinterface void @_ssdm_op_SpecInterface, i512 %B_stream, void @empty_13, i32 0, i32 0, void @empty_17, i32 0, i32 0, void @empty_17, void @empty_17, void @empty_17, i32 0, i32 0, i32 0, i32 0, void @empty_17, void @empty_17, i32 4294967295, i32 0, i32 0"   --->   Operation 33 'specinterface' 'specinterface_ln0' <Predicate = true> <Delay = 0.00>
ST_1 : Operation 34 [1/1] (1.58ns)   --->   "%store_ln0 = store i85 0, i85 %indvar_flatten51"   --->   Operation 34 'store' 'store_ln0' <Predicate = true> <Delay = 1.58>
ST_1 : Operation 35 [1/1] (1.58ns)   --->   "%store_ln0 = store i63 0, i63 %indvar_flatten20"   --->   Operation 35 'store' 'store_ln0' <Predicate = true> <Delay = 1.58>
ST_1 : Operation 36 [1/1] (1.58ns)   --->   "%store_ln44 = store i28 0, i28 %jb" [../MLP_baseline/mm.cpp:44]   --->   Operation 36 'store' 'store_ln44' <Predicate = true> <Delay = 1.58>
ST_1 : Operation 37 [1/1] (1.58ns)   --->   "%store_ln0 = store i34 0, i34 %indvar_flatten"   --->   Operation 37 'store' 'store_ln0' <Predicate = true> <Delay = 1.58>
ST_1 : Operation 38 [1/1] (1.58ns)   --->   "%store_ln47 = store i28 0, i28 %kb" [../MLP_baseline/mm.cpp:47]   --->   Operation 38 'store' 'store_ln47' <Predicate = true> <Delay = 1.58>
ST_1 : Operation 39 [1/1] (1.58ns)   --->   "%store_ln50 = store i5 0, i5 %k" [../MLP_baseline/mm.cpp:50]   --->   Operation 39 'store' 'store_ln50' <Predicate = true> <Delay = 1.58>
ST_1 : Operation 40 [1/1] (0.00ns)   --->   "%br_ln0 = br void %for.inc"   --->   Operation 40 'br' 'br_ln0' <Predicate = true> <Delay = 0.00>

State 2 <SV = 1> <Delay = 7.96>
ST_2 : Operation 41 [1/1] (0.00ns)   --->   "%indvar_flatten51_load = load i85 %indvar_flatten51" [../MLP_baseline/mm.cpp:41]   --->   Operation 41 'load' 'indvar_flatten51_load' <Predicate = true> <Delay = 0.00>
ST_2 : Operation 42 [1/1] (4.12ns)   --->   "%icmp_ln41 = icmp_eq  i85 %indvar_flatten51_load, i85 %bound28_read" [../MLP_baseline/mm.cpp:41]   --->   Operation 42 'icmp' 'icmp_ln41' <Predicate = true> <Delay = 4.12> <CoreInst = "Cmp">   --->   Core 9 'Cmp' <Latency = 0> <II = 1> <Delay = 4.12> <FuncUnit> <Opcode : 'seteq' 'setne' 'setle' 'setge' 'setlt' 'setgt'> <InPorts = 2> <OutPorts = 1>
ST_2 : Operation 43 [1/1] (4.12ns)   --->   "%add_ln41 = add i85 %indvar_flatten51_load, i85 1" [../MLP_baseline/mm.cpp:41]   --->   Operation 43 'add' 'add_ln41' <Predicate = true> <Delay = 4.12> <CoreInst = "Adder">   --->   Core 1 'Adder' <Latency = 0> <II = 1> <Delay = 4.12> <FuncUnit> <Opcode : 'add' 'sub'> <InPorts = 2> <OutPorts = 1>
ST_2 : Operation 44 [1/1] (0.00ns)   --->   "%br_ln41 = br i1 %icmp_ln41, void %for.inc25, void %for.end27.exitStub" [../MLP_baseline/mm.cpp:41]   --->   Operation 44 'br' 'br_ln41' <Predicate = true> <Delay = 0.00>
ST_2 : Operation 45 [1/1] (0.00ns)   --->   "%indvar_flatten_load = load i34 %indvar_flatten" [../MLP_baseline/mm.cpp:47]   --->   Operation 45 'load' 'indvar_flatten_load' <Predicate = (!icmp_ln41)> <Delay = 0.00>
ST_2 : Operation 46 [1/1] (0.00ns)   --->   "%indvar_flatten20_load = load i63 %indvar_flatten20" [../MLP_baseline/mm.cpp:44]   --->   Operation 46 'load' 'indvar_flatten20_load' <Predicate = (!icmp_ln41)> <Delay = 0.00>
ST_2 : Operation 47 [1/1] (3.49ns)   --->   "%icmp_ln44 = icmp_eq  i63 %indvar_flatten20_load, i63 %bound6_cast" [../MLP_baseline/mm.cpp:44]   --->   Operation 47 'icmp' 'icmp_ln44' <Predicate = (!icmp_ln41)> <Delay = 3.49> <CoreInst = "Cmp">   --->   Core 9 'Cmp' <Latency = 0> <II = 1> <Delay = 3.49> <FuncUnit> <Opcode : 'seteq' 'setne' 'setle' 'setge' 'setlt' 'setgt'> <InPorts = 2> <OutPorts = 1>
ST_2 : Operation 48 [1/1] (2.40ns)   --->   "%icmp_ln47 = icmp_eq  i27 %smax_read, i27 0" [../MLP_baseline/mm.cpp:47]   --->   Operation 48 'icmp' 'icmp_ln47' <Predicate = (!icmp_ln41)> <Delay = 2.40> <CoreInst = "Cmp">   --->   Core 9 'Cmp' <Latency = 0> <II = 1> <Delay = 2.40> <FuncUnit> <Opcode : 'seteq' 'setne' 'setle' 'setge' 'setlt' 'setgt'> <InPorts = 2> <OutPorts = 1>
ST_2 : Operation 49 [1/1] (2.63ns)   --->   "%icmp_ln47_1 = icmp_eq  i34 %indvar_flatten_load, i34 %bound_cast" [../MLP_baseline/mm.cpp:47]   --->   Operation 49 'icmp' 'icmp_ln47_1' <Predicate = (!icmp_ln41)> <Delay = 2.63> <CoreInst = "Cmp">   --->   Core 9 'Cmp' <Latency = 0> <II = 1> <Delay = 2.63> <FuncUnit> <Opcode : 'seteq' 'setne' 'setle' 'setge' 'setlt' 'setgt'> <InPorts = 2> <OutPorts = 1>
ST_2 : Operation 50 [1/1] (0.99ns)   --->   "%select_ln41_1 = select i1 %icmp_ln44, i1 %icmp_ln47, i1 %icmp_ln47_1" [../MLP_baseline/mm.cpp:41]   --->   Operation 50 'select' 'select_ln41_1' <Predicate = (!icmp_ln41)> <Delay = 0.99> <CoreInst = "Sel">   --->   Core 73 'Sel' <Latency = 0> <II = 1> <Delay = 0.99> <FuncUnit> <Opcode : 'select'> <InPorts = 3> <OutPorts = 1>
ST_2 : Operation 51 [1/1] (0.97ns)   --->   "%or_ln44 = or i1 %select_ln41_1, i1 %icmp_ln44" [../MLP_baseline/mm.cpp:44]   --->   Operation 51 'or' 'or_ln44' <Predicate = (!icmp_ln41)> <Delay = 0.97> <CoreInst = "LogicGate">   --->   Core 74 'LogicGate' <Latency = 0> <II = 1> <Delay = 0.97> <FuncUnit> <Opcode : 'and' 'or' 'xor'> <InPorts = 2> <OutPorts = 1>
ST_2 : Operation 52 [1/1] (2.63ns)   --->   "%add_ln47_1 = add i34 %indvar_flatten_load, i34 1" [../MLP_baseline/mm.cpp:47]   --->   Operation 52 'add' 'add_ln47_1' <Predicate = (!icmp_ln41)> <Delay = 2.63> <CoreInst = "Adder">   --->   Core 1 'Adder' <Latency = 0> <II = 1> <Delay = 2.63> <FuncUnit> <Opcode : 'add' 'sub'> <InPorts = 2> <OutPorts = 1>
ST_2 : Operation 53 [1/1] (0.91ns)   --->   "%select_ln47_2 = select i1 %or_ln44, i34 1, i34 %add_ln47_1" [../MLP_baseline/mm.cpp:47]   --->   Operation 53 'select' 'select_ln47_2' <Predicate = (!icmp_ln41)> <Delay = 0.91> <CoreInst = "Sel">   --->   Core 73 'Sel' <Latency = 0> <II = 1> <Delay = 0.91> <FuncUnit> <Opcode : 'select'> <InPorts = 3> <OutPorts = 1>
ST_2 : Operation 54 [1/1] (3.49ns)   --->   "%add_ln44_1 = add i63 %indvar_flatten20_load, i63 1" [../MLP_baseline/mm.cpp:44]   --->   Operation 54 'add' 'add_ln44_1' <Predicate = (!icmp_ln41)> <Delay = 3.49> <CoreInst = "Adder">   --->   Core 1 'Adder' <Latency = 0> <II = 1> <Delay = 3.49> <FuncUnit> <Opcode : 'add' 'sub'> <InPorts = 2> <OutPorts = 1>
ST_2 : Operation 55 [1/1] (1.41ns)   --->   "%select_ln44_2 = select i1 %icmp_ln44, i63 1, i63 %add_ln44_1" [../MLP_baseline/mm.cpp:44]   --->   Operation 55 'select' 'select_ln44_2' <Predicate = (!icmp_ln41)> <Delay = 1.41> <CoreInst = "Sel">   --->   Core 73 'Sel' <Latency = 0> <II = 1> <Delay = 1.41> <FuncUnit> <Opcode : 'select'> <InPorts = 3> <OutPorts = 1>
ST_2 : Operation 56 [1/1] (1.58ns)   --->   "%store_ln41 = store i85 %add_ln41, i85 %indvar_flatten51" [../MLP_baseline/mm.cpp:41]   --->   Operation 56 'store' 'store_ln41' <Predicate = (!icmp_ln41)> <Delay = 1.58>
ST_2 : Operation 57 [1/1] (1.58ns)   --->   "%store_ln44 = store i63 %select_ln44_2, i63 %indvar_flatten20" [../MLP_baseline/mm.cpp:44]   --->   Operation 57 'store' 'store_ln44' <Predicate = (!icmp_ln41)> <Delay = 1.58>
ST_2 : Operation 58 [1/1] (1.58ns)   --->   "%store_ln47 = store i34 %select_ln47_2, i34 %indvar_flatten" [../MLP_baseline/mm.cpp:47]   --->   Operation 58 'store' 'store_ln47' <Predicate = (!icmp_ln41)> <Delay = 1.58>

State 3 <SV = 2> <Delay = 7.34>
ST_3 : Operation 59 [1/1] (0.00ns)   --->   "%k_load = load i5 %k" [../MLP_baseline/mm.cpp:50]   --->   Operation 59 'load' 'k_load' <Predicate = true> <Delay = 0.00>
ST_3 : Operation 60 [1/1] (0.00ns)   --->   "%kb_load = load i28 %kb" [../MLP_baseline/mm.cpp:44]   --->   Operation 60 'load' 'kb_load' <Predicate = (!or_ln44)> <Delay = 0.00>
ST_3 : Operation 61 [1/1] (0.00ns) (grouped into LUT with out node and_ln44)   --->   "%xor_ln41 = xor i1 %icmp_ln44, i1 1" [../MLP_baseline/mm.cpp:41]   --->   Operation 61 'xor' 'xor_ln41' <Predicate = true> <Delay = 0.00> <CoreInst = "LogicGate">   --->   Core 74 'LogicGate' <Latency = 0> <II = 1> <Delay = 0.97> <FuncUnit> <Opcode : 'and' 'or' 'xor'> <InPorts = 2> <OutPorts = 1>
ST_3 : Operation 62 [1/1] (1.78ns)   --->   "%icmp_ln50 = icmp_eq  i5 %k_load, i5 16" [../MLP_baseline/mm.cpp:50]   --->   Operation 62 'icmp' 'icmp_ln50' <Predicate = true> <Delay = 1.78> <CoreInst = "Cmp">   --->   Core 9 'Cmp' <Latency = 0> <II = 1> <Delay = 1.78> <FuncUnit> <Opcode : 'seteq' 'setne' 'setle' 'setge' 'setlt' 'setgt'> <InPorts = 2> <OutPorts = 1>
ST_3 : Operation 63 [1/1] (0.83ns)   --->   "%select_ln44 = select i1 %or_ln44, i28 0, i28 %kb_load" [../MLP_baseline/mm.cpp:44]   --->   Operation 63 'select' 'select_ln44' <Predicate = true> <Delay = 0.83> <CoreInst = "Sel">   --->   Core 73 'Sel' <Latency = 0> <II = 1> <Delay = 0.83> <FuncUnit> <Opcode : 'select'> <InPorts = 3> <OutPorts = 1>
ST_3 : Operation 64 [1/1] (0.00ns) (grouped into LUT with out node and_ln44)   --->   "%xor_ln44 = xor i1 %select_ln41_1, i1 1" [../MLP_baseline/mm.cpp:44]   --->   Operation 64 'xor' 'xor_ln44' <Predicate = true> <Delay = 0.00> <CoreInst = "LogicGate">   --->   Core 74 'LogicGate' <Latency = 0> <II = 1> <Delay = 0.97> <FuncUnit> <Opcode : 'and' 'or' 'xor'> <InPorts = 2> <OutPorts = 1>
ST_3 : Operation 65 [1/1] (0.00ns) (grouped into LUT with out node and_ln44)   --->   "%and_ln41 = and i1 %xor_ln44, i1 %xor_ln41" [../MLP_baseline/mm.cpp:41]   --->   Operation 65 'and' 'and_ln41' <Predicate = true> <Delay = 0.00> <CoreInst = "LogicGate">   --->   Core 74 'LogicGate' <Latency = 0> <II = 1> <Delay = 0.97> <FuncUnit> <Opcode : 'and' 'or' 'xor'> <InPorts = 2> <OutPorts = 1>
ST_3 : Operation 66 [1/1] (0.97ns) (out node of the LUT)   --->   "%and_ln44 = and i1 %and_ln41, i1 %icmp_ln50" [../MLP_baseline/mm.cpp:44]   --->   Operation 66 'and' 'and_ln44' <Predicate = true> <Delay = 0.97> <CoreInst = "LogicGate">   --->   Core 74 'LogicGate' <Latency = 0> <II = 1> <Delay = 0.97> <FuncUnit> <Opcode : 'and' 'or' 'xor'> <InPorts = 2> <OutPorts = 1>
ST_3 : Operation 67 [1/1] (2.43ns)   --->   "%kb_2 = add i28 %select_ln44, i28 1" [../MLP_baseline/mm.cpp:47]   --->   Operation 67 'add' 'kb_2' <Predicate = true> <Delay = 2.43> <CoreInst = "Adder">   --->   Core 1 'Adder' <Latency = 0> <II = 1> <Delay = 2.43> <FuncUnit> <Opcode : 'add' 'sub'> <InPorts = 2> <OutPorts = 1>
ST_3 : Operation 68 [1/1] (0.00ns) (grouped into LUT with out node select_ln47)   --->   "%or_ln47 = or i1 %and_ln44, i1 %select_ln41_1" [../MLP_baseline/mm.cpp:47]   --->   Operation 68 'or' 'or_ln47' <Predicate = true> <Delay = 0.00> <CoreInst = "LogicGate">   --->   Core 74 'LogicGate' <Latency = 0> <II = 1> <Delay = 0.97> <FuncUnit> <Opcode : 'and' 'or' 'xor'> <InPorts = 2> <OutPorts = 1>
ST_3 : Operation 69 [1/1] (0.00ns) (grouped into LUT with out node select_ln47)   --->   "%or_ln47_1 = or i1 %or_ln47, i1 %icmp_ln44" [../MLP_baseline/mm.cpp:47]   --->   Operation 69 'or' 'or_ln47_1' <Predicate = true> <Delay = 0.00> <CoreInst = "LogicGate">   --->   Core 74 'LogicGate' <Latency = 0> <II = 1> <Delay = 0.97> <FuncUnit> <Opcode : 'and' 'or' 'xor'> <InPorts = 2> <OutPorts = 1>
ST_3 : Operation 70 [1/1] (1.21ns) (out node of the LUT)   --->   "%select_ln47 = select i1 %or_ln47_1, i5 0, i5 %k_load" [../MLP_baseline/mm.cpp:47]   --->   Operation 70 'select' 'select_ln47' <Predicate = true> <Delay = 1.21> <CoreInst = "Sel">   --->   Core 73 'Sel' <Latency = 0> <II = 1> <Delay = 1.21> <FuncUnit> <Opcode : 'select'> <InPorts = 3> <OutPorts = 1>
ST_3 : Operation 71 [1/1] (0.83ns)   --->   "%select_ln47_1 = select i1 %and_ln44, i28 %kb_2, i28 %select_ln44" [../MLP_baseline/mm.cpp:47]   --->   Operation 71 'select' 'select_ln47_1' <Predicate = true> <Delay = 0.83> <CoreInst = "Sel">   --->   Core 73 'Sel' <Latency = 0> <II = 1> <Delay = 0.83> <FuncUnit> <Opcode : 'select'> <InPorts = 3> <OutPorts = 1>
ST_3 : Operation 72 [1/1] (0.00ns)   --->   "%mul = bitconcatenate i32 @_ssdm_op_BitConcatenate.i32.i28.i4, i28 %select_ln47_1, i4 0" [../MLP_baseline/mm.cpp:47]   --->   Operation 72 'bitconcatenate' 'mul' <Predicate = true> <Delay = 0.00>
ST_3 : Operation 73 [1/1] (0.00ns)   --->   "%zext_ln50 = zext i5 %select_ln47" [../MLP_baseline/mm.cpp:50]   --->   Operation 73 'zext' 'zext_ln50' <Predicate = true> <Delay = 0.00>
ST_3 : Operation 74 [1/1] (2.55ns)   --->   "%add_ln52 = add i32 %mul, i32 %zext_ln50" [../MLP_baseline/mm.cpp:52]   --->   Operation 74 'add' 'add_ln52' <Predicate = true> <Delay = 2.55> <CoreInst = "Adder">   --->   Core 1 'Adder' <Latency = 0> <II = 1> <Delay = 2.55> <FuncUnit> <Opcode : 'add' 'sub'> <InPorts = 2> <OutPorts = 1>
ST_3 : Operation 75 [1/1] (1.78ns)   --->   "%k_1 = add i5 %select_ln47, i5 1" [../MLP_baseline/mm.cpp:50]   --->   Operation 75 'add' 'k_1' <Predicate = true> <Delay = 1.78> <CoreInst = "Adder">   --->   Core 1 'Adder' <Latency = 0> <II = 1> <Delay = 1.78> <FuncUnit> <Opcode : 'add' 'sub'> <InPorts = 2> <OutPorts = 1>
ST_3 : Operation 76 [1/1] (1.58ns)   --->   "%store_ln47 = store i28 %select_ln47_1, i28 %kb" [../MLP_baseline/mm.cpp:47]   --->   Operation 76 'store' 'store_ln47' <Predicate = true> <Delay = 1.58>
ST_3 : Operation 77 [1/1] (1.58ns)   --->   "%store_ln50 = store i5 %k_1, i5 %k" [../MLP_baseline/mm.cpp:50]   --->   Operation 77 'store' 'store_ln50' <Predicate = true> <Delay = 1.58>

State 4 <SV = 3> <Delay = 8.51>
ST_4 : Operation 78 [1/1] (8.51ns)   --->   "%mul_ln52 = mul i32 %add_ln52, i32 %P_read" [../MLP_baseline/mm.cpp:52]   --->   Operation 78 'mul' 'mul_ln52' <Predicate = true> <Delay = 8.51> <CoreInst = "Multiplier">   --->   Core 3 'Multiplier' <Latency = 0> <II = 1> <Delay = 8.51> <FuncUnit> <Opcode : 'mul'> <InPorts = 2> <OutPorts = 1>

State 5 <SV = 4> <Delay = 6.66>
ST_5 : Operation 79 [1/1] (0.00ns)   --->   "%jb_load = load i28 %jb" [../MLP_baseline/mm.cpp:41]   --->   Operation 79 'load' 'jb_load' <Predicate = (!icmp_ln44)> <Delay = 0.00>
ST_5 : Operation 80 [1/1] (0.83ns)   --->   "%select_ln41 = select i1 %icmp_ln44, i28 0, i28 %jb_load" [../MLP_baseline/mm.cpp:41]   --->   Operation 80 'select' 'select_ln41' <Predicate = true> <Delay = 0.83> <CoreInst = "Sel">   --->   Core 73 'Sel' <Latency = 0> <II = 1> <Delay = 0.83> <FuncUnit> <Opcode : 'select'> <InPorts = 3> <OutPorts = 1>
ST_5 : Operation 81 [1/1] (2.43ns)   --->   "%jb_4 = add i28 %select_ln41, i28 1" [../MLP_baseline/mm.cpp:44]   --->   Operation 81 'add' 'jb_4' <Predicate = (select_ln41_1)> <Delay = 2.43> <CoreInst = "Adder">   --->   Core 1 'Adder' <Latency = 0> <II = 1> <Delay = 2.43> <FuncUnit> <Opcode : 'add' 'sub'> <InPorts = 2> <OutPorts = 1>
ST_5 : Operation 82 [1/1] (0.83ns)   --->   "%select_ln44_1 = select i1 %select_ln41_1, i28 %jb_4, i28 %select_ln41" [../MLP_baseline/mm.cpp:44]   --->   Operation 82 'select' 'select_ln44_1' <Predicate = true> <Delay = 0.83> <CoreInst = "Sel">   --->   Core 73 'Sel' <Latency = 0> <II = 1> <Delay = 0.83> <FuncUnit> <Opcode : 'select'> <InPorts = 3> <OutPorts = 1>
ST_5 : Operation 83 [1/1] (0.00ns)   --->   "%mul2 = bitconcatenate i32 @_ssdm_op_BitConcatenate.i32.i28.i4, i28 %select_ln44_1, i4 0" [../MLP_baseline/mm.cpp:44]   --->   Operation 83 'bitconcatenate' 'mul2' <Predicate = true> <Delay = 0.00>
ST_5 : Operation 84 [1/1] (2.55ns)   --->   "%add_ln52_1 = add i32 %mul_ln52, i32 %mul2" [../MLP_baseline/mm.cpp:52]   --->   Operation 84 'add' 'add_ln52_1' <Predicate = true> <Delay = 2.55> <CoreInst = "Adder">   --->   Core 1 'Adder' <Latency = 0> <II = 1> <Delay = 2.55> <FuncUnit> <Opcode : 'add' 'sub'> <InPorts = 2> <OutPorts = 1>
ST_5 : Operation 85 [1/1] (1.58ns)   --->   "%store_ln44 = store i28 %select_ln44_1, i28 %jb" [../MLP_baseline/mm.cpp:44]   --->   Operation 85 'store' 'store_ln44' <Predicate = true> <Delay = 1.58>

State 6 <SV = 5> <Delay = 8.50>
ST_6 : Operation 86 [1/1] (0.00ns) (grouped into LUT with out node add_ln52_2)   --->   "%tmp = bitselect i1 @_ssdm_op_BitSelect.i1.i32.i32, i32 %add_ln52_1, i32 31" [../MLP_baseline/mm.cpp:52]   --->   Operation 86 'bitselect' 'tmp' <Predicate = true> <Delay = 0.00>
ST_6 : Operation 87 [1/1] (2.55ns)   --->   "%sub_ln52 = sub i32 0, i32 %add_ln52_1" [../MLP_baseline/mm.cpp:52]   --->   Operation 87 'sub' 'sub_ln52' <Predicate = true> <Delay = 2.55> <CoreInst = "Adder">   --->   Core 1 'Adder' <Latency = 0> <II = 1> <Delay = 2.55> <FuncUnit> <Opcode : 'add' 'sub'> <InPorts = 2> <OutPorts = 1>
ST_6 : Operation 88 [1/1] (0.00ns)   --->   "%tmp_s = partselect i28 @_ssdm_op_PartSelect.i28.i32.i32.i32, i32 %sub_ln52, i32 4, i32 31" [../MLP_baseline/mm.cpp:52]   --->   Operation 88 'partselect' 'tmp_s' <Predicate = true> <Delay = 0.00>
ST_6 : Operation 89 [1/1] (2.43ns)   --->   "%sub_ln52_1 = sub i28 0, i28 %tmp_s" [../MLP_baseline/mm.cpp:52]   --->   Operation 89 'sub' 'sub_ln52_1' <Predicate = true> <Delay = 2.43> <CoreInst = "Adder">   --->   Core 1 'Adder' <Latency = 0> <II = 1> <Delay = 2.43> <FuncUnit> <Opcode : 'add' 'sub'> <InPorts = 2> <OutPorts = 1>
ST_6 : Operation 90 [1/1] (0.00ns) (grouped into LUT with out node add_ln52_2)   --->   "%tmp_1 = partselect i28 @_ssdm_op_PartSelect.i28.i32.i32.i32, i32 %add_ln52_1, i32 4, i32 31" [../MLP_baseline/mm.cpp:52]   --->   Operation 90 'partselect' 'tmp_1' <Predicate = true> <Delay = 0.00>
ST_6 : Operation 91 [1/1] (0.00ns) (grouped into LUT with out node add_ln52_2)   --->   "%select_ln52 = select i1 %tmp, i28 %sub_ln52_1, i28 %tmp_1" [../MLP_baseline/mm.cpp:52]   --->   Operation 91 'select' 'select_ln52' <Predicate = true> <Delay = 0.00> <CoreInst = "Sel">   --->   Core 73 'Sel' <Latency = 0> <II = 1> <Delay = 0.83> <FuncUnit> <Opcode : 'select'> <InPorts = 3> <OutPorts = 1>
ST_6 : Operation 92 [1/1] (0.00ns) (grouped into LUT with out node add_ln52_2)   --->   "%shl_ln = bitconcatenate i34 @_ssdm_op_BitConcatenate.i34.i28.i6, i28 %select_ln52, i6 0" [../MLP_baseline/mm.cpp:52]   --->   Operation 92 'bitconcatenate' 'shl_ln' <Predicate = true> <Delay = 0.00>
ST_6 : Operation 93 [1/1] (0.00ns) (grouped into LUT with out node add_ln52_2)   --->   "%sext_ln52 = sext i34 %shl_ln" [../MLP_baseline/mm.cpp:52]   --->   Operation 93 'sext' 'sext_ln52' <Predicate = true> <Delay = 0.00>
ST_6 : Operation 94 [1/1] (3.52ns) (out node of the LUT)   --->   "%add_ln52_2 = add i64 %sext_ln52, i64 %B_read" [../MLP_baseline/mm.cpp:52]   --->   Operation 94 'add' 'add_ln52_2' <Predicate = true> <Delay = 3.52> <CoreInst = "Adder">   --->   Core 1 'Adder' <Latency = 0> <II = 1> <Delay = 3.52> <FuncUnit> <Opcode : 'add' 'sub'> <InPorts = 2> <OutPorts = 1>
ST_6 : Operation 95 [1/1] (0.00ns)   --->   "%trunc_ln52_1 = partselect i58 @_ssdm_op_PartSelect.i58.i64.i32.i32, i64 %add_ln52_2, i32 6, i32 63" [../MLP_baseline/mm.cpp:52]   --->   Operation 95 'partselect' 'trunc_ln52_1' <Predicate = true> <Delay = 0.00>

State 7 <SV = 6> <Delay = 10.9>
ST_7 : Operation 96 [1/1] (0.00ns)   --->   "%sext_ln52_1 = sext i58 %trunc_ln52_1" [../MLP_baseline/mm.cpp:52]   --->   Operation 96 'sext' 'sext_ln52_1' <Predicate = true> <Delay = 0.00>
ST_7 : Operation 97 [1/1] (0.00ns)   --->   "%gmem_addr = getelementptr i512 %gmem, i64 %sext_ln52_1" [../MLP_baseline/mm.cpp:52]   --->   Operation 97 'getelementptr' 'gmem_addr' <Predicate = true> <Delay = 0.00>
ST_7 : Operation 98 [8/8] (10.9ns)   --->   "%gmem_load_req = readreq i1 @_ssdm_op_ReadReq.m_axi.i512P1A, i512 %gmem_addr, i64 1" [../MLP_baseline/mm.cpp:52]   --->   Operation 98 'readreq' 'gmem_load_req' <Predicate = true> <Delay = 10.9> <CoreInst = "m_axi">   --->   Core 111 'm_axi' <Latency = 6> <II = 1> <Delay = 1.00> <Adapter> <Opcode : 'read' 'write' 'readreq' 'writereq' 'writeresp'>

State 8 <SV = 7> <Delay = 10.9>
ST_8 : Operation 99 [7/8] (10.9ns)   --->   "%gmem_load_req = readreq i1 @_ssdm_op_ReadReq.m_axi.i512P1A, i512 %gmem_addr, i64 1" [../MLP_baseline/mm.cpp:52]   --->   Operation 99 'readreq' 'gmem_load_req' <Predicate = true> <Delay = 10.9> <CoreInst = "m_axi">   --->   Core 111 'm_axi' <Latency = 6> <II = 1> <Delay = 1.00> <Adapter> <Opcode : 'read' 'write' 'readreq' 'writereq' 'writeresp'>

State 9 <SV = 8> <Delay = 10.9>
ST_9 : Operation 100 [6/8] (10.9ns)   --->   "%gmem_load_req = readreq i1 @_ssdm_op_ReadReq.m_axi.i512P1A, i512 %gmem_addr, i64 1" [../MLP_baseline/mm.cpp:52]   --->   Operation 100 'readreq' 'gmem_load_req' <Predicate = true> <Delay = 10.9> <CoreInst = "m_axi">   --->   Core 111 'm_axi' <Latency = 6> <II = 1> <Delay = 1.00> <Adapter> <Opcode : 'read' 'write' 'readreq' 'writereq' 'writeresp'>

State 10 <SV = 9> <Delay = 10.9>
ST_10 : Operation 101 [5/8] (10.9ns)   --->   "%gmem_load_req = readreq i1 @_ssdm_op_ReadReq.m_axi.i512P1A, i512 %gmem_addr, i64 1" [../MLP_baseline/mm.cpp:52]   --->   Operation 101 'readreq' 'gmem_load_req' <Predicate = true> <Delay = 10.9> <CoreInst = "m_axi">   --->   Core 111 'm_axi' <Latency = 6> <II = 1> <Delay = 1.00> <Adapter> <Opcode : 'read' 'write' 'readreq' 'writereq' 'writeresp'>

State 11 <SV = 10> <Delay = 10.9>
ST_11 : Operation 102 [4/8] (10.9ns)   --->   "%gmem_load_req = readreq i1 @_ssdm_op_ReadReq.m_axi.i512P1A, i512 %gmem_addr, i64 1" [../MLP_baseline/mm.cpp:52]   --->   Operation 102 'readreq' 'gmem_load_req' <Predicate = true> <Delay = 10.9> <CoreInst = "m_axi">   --->   Core 111 'm_axi' <Latency = 6> <II = 1> <Delay = 1.00> <Adapter> <Opcode : 'read' 'write' 'readreq' 'writereq' 'writeresp'>

State 12 <SV = 11> <Delay = 10.9>
ST_12 : Operation 103 [3/8] (10.9ns)   --->   "%gmem_load_req = readreq i1 @_ssdm_op_ReadReq.m_axi.i512P1A, i512 %gmem_addr, i64 1" [../MLP_baseline/mm.cpp:52]   --->   Operation 103 'readreq' 'gmem_load_req' <Predicate = true> <Delay = 10.9> <CoreInst = "m_axi">   --->   Core 111 'm_axi' <Latency = 6> <II = 1> <Delay = 1.00> <Adapter> <Opcode : 'read' 'write' 'readreq' 'writereq' 'writeresp'>

State 13 <SV = 12> <Delay = 10.9>
ST_13 : Operation 104 [2/8] (10.9ns)   --->   "%gmem_load_req = readreq i1 @_ssdm_op_ReadReq.m_axi.i512P1A, i512 %gmem_addr, i64 1" [../MLP_baseline/mm.cpp:52]   --->   Operation 104 'readreq' 'gmem_load_req' <Predicate = true> <Delay = 10.9> <CoreInst = "m_axi">   --->   Core 111 'm_axi' <Latency = 6> <II = 1> <Delay = 1.00> <Adapter> <Opcode : 'read' 'write' 'readreq' 'writereq' 'writeresp'>

State 14 <SV = 13> <Delay = 10.9>
ST_14 : Operation 105 [1/8] (10.9ns)   --->   "%gmem_load_req = readreq i1 @_ssdm_op_ReadReq.m_axi.i512P1A, i512 %gmem_addr, i64 1" [../MLP_baseline/mm.cpp:52]   --->   Operation 105 'readreq' 'gmem_load_req' <Predicate = true> <Delay = 10.9> <CoreInst = "m_axi">   --->   Core 111 'm_axi' <Latency = 6> <II = 1> <Delay = 1.00> <Adapter> <Opcode : 'read' 'write' 'readreq' 'writereq' 'writeresp'>

State 15 <SV = 14> <Delay = 10.9>
ST_15 : Operation 106 [1/1] (10.9ns)   --->   "%gmem_addr_read = read i512 @_ssdm_op_Read.m_axi.i512P1A, i512 %gmem_addr" [../MLP_baseline/mm.cpp:52]   --->   Operation 106 'read' 'gmem_addr_read' <Predicate = true> <Delay = 10.9> <CoreInst = "m_axi">   --->   Core 111 'm_axi' <Latency = 3> <II = 1> <Delay = 1.00> <Adapter> <Opcode : 'read' 'write' 'readreq' 'writereq' 'writeresp'>
ST_15 : Operation 112 [1/1] (1.58ns)   --->   "%ret_ln0 = ret"   --->   Operation 112 'ret' 'ret_ln0' <Predicate = (icmp_ln41)> <Delay = 1.58>

State 16 <SV = 15> <Delay = 3.60>
ST_16 : Operation 107 [1/1] (0.00ns)   --->   "%specloopname_ln0 = specloopname void @_ssdm_op_SpecLoopName, void @i_BLOCK_loop_j_BLOCK_loop_k_BLOCK_loop_k_loop_str"   --->   Operation 107 'specloopname' 'specloopname_ln0' <Predicate = true> <Delay = 0.00>
ST_16 : Operation 108 [1/1] (0.00ns)   --->   "%speclooptripcount_ln0 = speclooptripcount void @_ssdm_op_SpecLoopTripCount, i64 401408, i64 401408, i64 401408"   --->   Operation 108 'speclooptripcount' 'speclooptripcount_ln0' <Predicate = true> <Delay = 0.00>
ST_16 : Operation 109 [1/1] (0.00ns)   --->   "%specpipeline_ln51 = specpipeline void @_ssdm_op_SpecPipeline, i32 1, i32 0, i32 0, i32 0, void @empty_17" [../MLP_baseline/mm.cpp:51]   --->   Operation 109 'specpipeline' 'specpipeline_ln51' <Predicate = true> <Delay = 0.00>
ST_16 : Operation 110 [1/1] ( I:3.60ns O:3.60ns )   --->   "%write_ln53 = write void @_ssdm_op_Write.ap_fifo.volatile.i512P0A, i512 %B_stream, i512 %gmem_addr_read" [../MLP_baseline/mm.cpp:53]   --->   Operation 110 'write' 'write_ln53' <Predicate = true> <Delay = 3.60> <CoreInst = "FIFO">   --->   Core 77 'FIFO' <Latency = 0> <II = 1> <Delay = 3.60> <Storage> <Opcode : 'read' 'write' 'nbread' 'nbwrite'> <Ports = 0> <Width = 512> <Depth = 32> <FIFO>
ST_16 : Operation 111 [1/1] (0.00ns)   --->   "%br_ln50 = br void %for.inc" [../MLP_baseline/mm.cpp:50]   --->   Operation 111 'br' 'br_ln50' <Predicate = true> <Delay = 0.00>


============================================================
+ Verbose Summary: Timing violations
============================================================
Target clock period: 15.000ns, clock uncertainty: 4.050ns.

 <State 1>: 1.588ns
The critical path consists of the following:
	'alloca' operation 85 bit ('indvar_flatten51') [14]  (0.000 ns)
	'store' operation 0 bit ('store_ln0') of constant 0 on local variable 'indvar_flatten51' [25]  (1.588 ns)

 <State 2>: 7.967ns
The critical path consists of the following:
	'load' operation 63 bit ('indvar_flatten20_load', ../MLP_baseline/mm.cpp:44) on local variable 'indvar_flatten20' [42]  (0.000 ns)
	'icmp' operation 1 bit ('icmp_ln44', ../MLP_baseline/mm.cpp:44) [45]  (3.494 ns)
	'select' operation 1 bit ('select_ln41_1', ../MLP_baseline/mm.cpp:41) [51]  (0.993 ns)
	'or' operation 1 bit ('or_ln44', ../MLP_baseline/mm.cpp:44) [53]  (0.978 ns)
	'select' operation 34 bit ('select_ln47_2', ../MLP_baseline/mm.cpp:47) [88]  (0.914 ns)
	'store' operation 0 bit ('store_ln47', ../MLP_baseline/mm.cpp:47) of variable 'select_ln47_2', ../MLP_baseline/mm.cpp:47 on local variable 'indvar_flatten' [94]  (1.588 ns)

 <State 3>: 7.341ns
The critical path consists of the following:
	'load' operation 5 bit ('k_load', ../MLP_baseline/mm.cpp:50) on local variable 'k', ../MLP_baseline/mm.cpp:50 [38]  (0.000 ns)
	'icmp' operation 1 bit ('icmp_ln50', ../MLP_baseline/mm.cpp:50) [48]  (1.780 ns)
	'and' operation 1 bit ('and_ln44', ../MLP_baseline/mm.cpp:44) [57]  (0.978 ns)
	'or' operation 1 bit ('or_ln47', ../MLP_baseline/mm.cpp:47) [60]  (0.000 ns)
	'or' operation 1 bit ('or_ln47_1', ../MLP_baseline/mm.cpp:47) [61]  (0.000 ns)
	'select' operation 5 bit ('select_ln47', ../MLP_baseline/mm.cpp:47) [62]  (1.215 ns)
	'add' operation 5 bit ('k', ../MLP_baseline/mm.cpp:50) [86]  (1.780 ns)
	'store' operation 0 bit ('store_ln50', ../MLP_baseline/mm.cpp:50) of variable 'k', ../MLP_baseline/mm.cpp:50 on local variable 'k', ../MLP_baseline/mm.cpp:50 [96]  (1.588 ns)

 <State 4>: 8.510ns
The critical path consists of the following:
	'mul' operation 32 bit ('mul_ln52', ../MLP_baseline/mm.cpp:52) [69]  (8.510 ns)

 <State 5>: 6.663ns
The critical path consists of the following:
	'load' operation 28 bit ('jb_load', ../MLP_baseline/mm.cpp:41) on local variable 'jb', ../MLP_baseline/mm.cpp:44 [41]  (0.000 ns)
	'select' operation 28 bit ('select_ln41', ../MLP_baseline/mm.cpp:41) [46]  (0.839 ns)
	'add' operation 28 bit ('jb_4', ../MLP_baseline/mm.cpp:44) [52]  (2.433 ns)
	'select' operation 28 bit ('select_ln44_1', ../MLP_baseline/mm.cpp:44) [58]  (0.839 ns)
	'add' operation 32 bit ('add_ln52_1', ../MLP_baseline/mm.cpp:52) [70]  (2.552 ns)

 <State 6>: 8.505ns
The critical path consists of the following:
	'sub' operation 32 bit ('sub_ln52', ../MLP_baseline/mm.cpp:52) [72]  (2.552 ns)
	'sub' operation 28 bit ('sub_ln52_1', ../MLP_baseline/mm.cpp:52) [74]  (2.433 ns)
	'select' operation 28 bit ('select_ln52', ../MLP_baseline/mm.cpp:52) [76]  (0.000 ns)
	'add' operation 64 bit ('add_ln52_2', ../MLP_baseline/mm.cpp:52) [79]  (3.520 ns)

 <State 7>: 10.950ns
The critical path consists of the following:
	'getelementptr' operation 512 bit ('gmem_addr', ../MLP_baseline/mm.cpp:52) [82]  (0.000 ns)
	bus request operation ('gmem_load_req', ../MLP_baseline/mm.cpp:52) on port 'gmem' (../MLP_baseline/mm.cpp:52) [83]  (10.950 ns)

 <State 8>: 10.950ns
The critical path consists of the following:
	bus request operation ('gmem_load_req', ../MLP_baseline/mm.cpp:52) on port 'gmem' (../MLP_baseline/mm.cpp:52) [83]  (10.950 ns)

 <State 9>: 10.950ns
The critical path consists of the following:
	bus request operation ('gmem_load_req', ../MLP_baseline/mm.cpp:52) on port 'gmem' (../MLP_baseline/mm.cpp:52) [83]  (10.950 ns)

 <State 10>: 10.950ns
The critical path consists of the following:
	bus request operation ('gmem_load_req', ../MLP_baseline/mm.cpp:52) on port 'gmem' (../MLP_baseline/mm.cpp:52) [83]  (10.950 ns)

 <State 11>: 10.950ns
The critical path consists of the following:
	bus request operation ('gmem_load_req', ../MLP_baseline/mm.cpp:52) on port 'gmem' (../MLP_baseline/mm.cpp:52) [83]  (10.950 ns)

 <State 12>: 10.950ns
The critical path consists of the following:
	bus request operation ('gmem_load_req', ../MLP_baseline/mm.cpp:52) on port 'gmem' (../MLP_baseline/mm.cpp:52) [83]  (10.950 ns)

 <State 13>: 10.950ns
The critical path consists of the following:
	bus request operation ('gmem_load_req', ../MLP_baseline/mm.cpp:52) on port 'gmem' (../MLP_baseline/mm.cpp:52) [83]  (10.950 ns)

 <State 14>: 10.950ns
The critical path consists of the following:
	bus request operation ('gmem_load_req', ../MLP_baseline/mm.cpp:52) on port 'gmem' (../MLP_baseline/mm.cpp:52) [83]  (10.950 ns)

 <State 15>: 10.950ns
The critical path consists of the following:
	bus read operation ('gmem_addr_read', ../MLP_baseline/mm.cpp:52) on port 'gmem' (../MLP_baseline/mm.cpp:52) [84]  (10.950 ns)

 <State 16>: 3.607ns
The critical path consists of the following:
	fifo write operation ('write_ln53', ../MLP_baseline/mm.cpp:53) on port 'B_stream' (../MLP_baseline/mm.cpp:53) [85]  (3.607 ns)


============================================================
+ Verbose Summary: Binding
============================================================
N/A
* FSMD analyzer results:
  - Output states:
 - Input state : 
  - Chain level:
	State 1
	State 2
	State 3
	State 4
	State 5
	State 6
	State 7
	State 8
	State 9
	State 10
	State 11
	State 12
	State 13
	State 14
	State 15
	State 16


============================================================
+ Verbose Summary: Datapath Resource usage 
============================================================
N/A
