

================================================================
== Vitis HLS Report for 'readBTiles'
================================================================
* Date:           Thu Apr  9 18:27:19 2026

* Version:        2025.2 (Build 6295257 on Nov 14 2025)
* Project:        baseline_blockedMM
* Solution:       hls (Vivado IP Flow Target)
* Product family: zynq
* Target device:  xc7z020-clg400-1


================================================================
== Performance Estimates
================================================================
+ Timing: 
    * Summary: 
    +--------+----------+-----------+------------+
    |  Clock |  Target  | Estimated | Uncertainty|
    +--------+----------+-----------+------------+
    |ap_clk  |  15.00 ns|  10.950 ns|     4.05 ns|
    +--------+----------+-----------+------------+

+ Latency: 
    * Summary: 
    +---------+---------+----------+----------+-----+-----+---------+
    |  Latency (cycles) |  Latency (absolute) |  Interval | Pipeline|
    |   min   |   max   |    min   |    max   | min | max |   Type  |
    +---------+---------+----------+----------+-----+-----+---------+
    |        ?|        ?|         ?|         ?|    ?|    ?|       no|
    +---------+---------+----------+----------+-----+-----+---------+

    + Detail: 
        * Instance: 
        N/A

        * Loop: 
        N/A

============================================================
+ Verbose Summary: Synthesis Manager
============================================================
InlineROM: 1
ExposeGlobal: 0
============================================================
+ Verbose Summary: CDFG Model
============================================================
IsTopModel: 0
ResetActiveHigh: 1
IsCombinational: 2
IsDatapathOnly: 0
HasWiredReturn: 1
HasMFsm: 0
HasVarLatency: 1
IsPipeline: 0
IsRtlPipelined: 0
IsInstanceOverlapped: 0
IsDontTouch: 0
HasImplIP: 0
IsGatedGlobalClock: 0


============================================================
+ Verbose Summary: Schedule
============================================================
* Number of FSM states : 6
* Pipeline : 0
* Dataflow Pipeline: 0

* FSM state transitions: 
1 --> 2 
2 --> 3 
3 --> 4 
4 --> 5 
5 --> 6 
6 --> 

* FSM state operations: 

State 1 <SV = 0> <Delay = 9.06>
ST_1 : Operation 7 [1/1] (0.00ns)   --->   "%P_read = read i32 @_ssdm_op_Read.ap_auto.i32, i32 %P" [../MLP_baseline/mm.cpp:31]   --->   Operation 7 'read' 'P_read' <Predicate = true> <Delay = 0.00>
ST_1 : Operation 8 [1/1] (0.00ns)   --->   "%M_read = read i32 @_ssdm_op_Read.ap_auto.i32, i32 %M" [../MLP_baseline/mm.cpp:31]   --->   Operation 8 'read' 'M_read' <Predicate = true> <Delay = 0.00>
ST_1 : Operation 9 [1/1] (0.00ns)   --->   "%tmp_14 = bitselect i1 @_ssdm_op_BitSelect.i1.i32.i32, i32 %P_read, i32 31" [../MLP_baseline/mm.cpp:40]   --->   Operation 9 'bitselect' 'tmp_14' <Predicate = true> <Delay = 0.00>
ST_1 : Operation 10 [1/1] (2.55ns)   --->   "%sub_ln40 = sub i32 0, i32 %P_read" [../MLP_baseline/mm.cpp:40]   --->   Operation 10 'sub' 'sub_ln40' <Predicate = true> <Delay = 2.55> <CoreInst = "Adder">   --->   Core 1 'Adder' <Latency = 0> <II = 1> <Delay = 2.55> <FuncUnit> <Opcode : 'add' 'sub'> <InPorts = 2> <OutPorts = 1>
ST_1 : Operation 11 [1/1] (0.00ns)   --->   "%tmp_8 = partselect i28 @_ssdm_op_PartSelect.i28.i32.i32.i32, i32 %sub_ln40, i32 4, i32 31" [../MLP_baseline/mm.cpp:40]   --->   Operation 11 'partselect' 'tmp_8' <Predicate = true> <Delay = 0.00>
ST_1 : Operation 12 [1/1] (2.43ns)   --->   "%sub_ln40_1 = sub i28 0, i28 %tmp_8" [../MLP_baseline/mm.cpp:40]   --->   Operation 12 'sub' 'sub_ln40_1' <Predicate = true> <Delay = 2.43> <CoreInst = "Adder">   --->   Core 1 'Adder' <Latency = 0> <II = 1> <Delay = 2.43> <FuncUnit> <Opcode : 'add' 'sub'> <InPorts = 2> <OutPorts = 1>
ST_1 : Operation 13 [1/1] (0.00ns)   --->   "%tmp_9 = partselect i28 @_ssdm_op_PartSelect.i28.i32.i32.i32, i32 %P_read, i32 4, i32 31" [../MLP_baseline/mm.cpp:40]   --->   Operation 13 'partselect' 'tmp_9' <Predicate = true> <Delay = 0.00>
ST_1 : Operation 14 [1/1] (0.83ns)   --->   "%select_ln40 = select i1 %tmp_14, i28 %sub_ln40_1, i28 %tmp_9" [../MLP_baseline/mm.cpp:40]   --->   Operation 14 'select' 'select_ln40' <Predicate = true> <Delay = 0.83> <CoreInst = "Sel">   --->   Core 73 'Sel' <Latency = 0> <II = 1> <Delay = 0.83> <FuncUnit> <Opcode : 'select'> <InPorts = 3> <OutPorts = 1>
ST_1 : Operation 15 [1/1] (0.00ns)   --->   "%trunc_ln42 = trunc i28 %select_ln40" [../MLP_baseline/mm.cpp:42]   --->   Operation 15 'trunc' 'trunc_ln42' <Predicate = true> <Delay = 0.00>
ST_1 : Operation 16 [1/1] (0.00ns)   --->   "%tmp_15 = bitselect i1 @_ssdm_op_BitSelect.i1.i32.i32, i32 %M_read, i32 31" [../MLP_baseline/mm.cpp:42]   --->   Operation 16 'bitselect' 'tmp_15' <Predicate = true> <Delay = 0.00>
ST_1 : Operation 17 [1/1] (2.55ns)   --->   "%sub_ln42 = sub i32 0, i32 %M_read" [../MLP_baseline/mm.cpp:42]   --->   Operation 17 'sub' 'sub_ln42' <Predicate = true> <Delay = 2.55> <CoreInst = "Adder">   --->   Core 1 'Adder' <Latency = 0> <II = 1> <Delay = 2.55> <FuncUnit> <Opcode : 'add' 'sub'> <InPorts = 2> <OutPorts = 1>
ST_1 : Operation 18 [1/1] (0.00ns)   --->   "%tmp_s = partselect i28 @_ssdm_op_PartSelect.i28.i32.i32.i32, i32 %sub_ln42, i32 4, i32 31" [../MLP_baseline/mm.cpp:42]   --->   Operation 18 'partselect' 'tmp_s' <Predicate = true> <Delay = 0.00>
ST_1 : Operation 19 [1/1] (2.43ns)   --->   "%sub_ln42_1 = sub i28 0, i28 %tmp_s" [../MLP_baseline/mm.cpp:42]   --->   Operation 19 'sub' 'sub_ln42_1' <Predicate = true> <Delay = 2.43> <CoreInst = "Adder">   --->   Core 1 'Adder' <Latency = 0> <II = 1> <Delay = 2.43> <FuncUnit> <Opcode : 'add' 'sub'> <InPorts = 2> <OutPorts = 1>
ST_1 : Operation 20 [1/1] (0.00ns)   --->   "%tmp_2 = partselect i28 @_ssdm_op_PartSelect.i28.i32.i32.i32, i32 %M_read, i32 4, i32 31" [../MLP_baseline/mm.cpp:42]   --->   Operation 20 'partselect' 'tmp_2' <Predicate = true> <Delay = 0.00>
ST_1 : Operation 21 [1/1] (0.83ns)   --->   "%select_ln42 = select i1 %tmp_15, i28 %sub_ln42_1, i28 %tmp_2" [../MLP_baseline/mm.cpp:42]   --->   Operation 21 'select' 'select_ln42' <Predicate = true> <Delay = 0.83> <CoreInst = "Sel">   --->   Core 73 'Sel' <Latency = 0> <II = 1> <Delay = 0.83> <FuncUnit> <Opcode : 'select'> <InPorts = 3> <OutPorts = 1>
ST_1 : Operation 22 [1/1] (0.00ns)   --->   "%empty = trunc i28 %select_ln42" [../MLP_baseline/mm.cpp:42]   --->   Operation 22 'trunc' 'empty' <Predicate = true> <Delay = 0.00>
ST_1 : Operation 23 [1/1] (2.43ns)   --->   "%empty_37 = icmp_sgt  i28 %select_ln42, i28 0" [../MLP_baseline/mm.cpp:42]   --->   Operation 23 'icmp' 'empty_37' <Predicate = true> <Delay = 2.43> <CoreInst = "Cmp">   --->   Core 9 'Cmp' <Latency = 0> <II = 1> <Delay = 2.43> <FuncUnit> <Opcode : 'seteq' 'setne' 'setle' 'setge' 'setlt' 'setgt'> <InPorts = 2> <OutPorts = 1>
ST_1 : Operation 24 [1/1] (0.80ns)   --->   "%smax = select i1 %empty_37, i27 %empty, i27 0" [../MLP_baseline/mm.cpp:42]   --->   Operation 24 'select' 'smax' <Predicate = true> <Delay = 0.80> <CoreInst = "Sel">   --->   Core 73 'Sel' <Latency = 0> <II = 1> <Delay = 0.80> <FuncUnit> <Opcode : 'select'> <InPorts = 3> <OutPorts = 1>
ST_1 : Operation 25 [1/1] (2.43ns)   --->   "%empty_38 = icmp_sgt  i28 %select_ln40, i28 0" [../MLP_baseline/mm.cpp:40]   --->   Operation 25 'icmp' 'empty_38' <Predicate = true> <Delay = 2.43> <CoreInst = "Cmp">   --->   Core 9 'Cmp' <Latency = 0> <II = 1> <Delay = 2.43> <FuncUnit> <Opcode : 'seteq' 'setne' 'setle' 'setge' 'setlt' 'setgt'> <InPorts = 2> <OutPorts = 1>
ST_1 : Operation 26 [1/1] (0.80ns)   --->   "%smax2 = select i1 %empty_38, i27 %trunc_ln42, i27 0" [../MLP_baseline/mm.cpp:40]   --->   Operation 26 'select' 'smax2' <Predicate = true> <Delay = 0.80> <CoreInst = "Sel">   --->   Core 73 'Sel' <Latency = 0> <II = 1> <Delay = 0.80> <FuncUnit> <Opcode : 'select'> <InPorts = 3> <OutPorts = 1>

State 2 <SV = 1> <Delay = 9.06>
ST_2 : Operation 27 [1/1] (0.00ns)   --->   "%N_read = read i32 @_ssdm_op_Read.ap_auto.i32, i32 %N" [../MLP_baseline/mm.cpp:31]   --->   Operation 27 'read' 'N_read' <Predicate = true> <Delay = 0.00>
ST_2 : Operation 28 [1/1] (0.00ns)   --->   "%tmp_13 = bitselect i1 @_ssdm_op_BitSelect.i1.i32.i32, i32 %N_read, i32 31" [../MLP_baseline/mm.cpp:38]   --->   Operation 28 'bitselect' 'tmp_13' <Predicate = true> <Delay = 0.00>
ST_2 : Operation 29 [1/1] (2.55ns)   --->   "%sub_ln38 = sub i32 0, i32 %N_read" [../MLP_baseline/mm.cpp:38]   --->   Operation 29 'sub' 'sub_ln38' <Predicate = true> <Delay = 2.55> <CoreInst = "Adder">   --->   Core 1 'Adder' <Latency = 0> <II = 1> <Delay = 2.55> <FuncUnit> <Opcode : 'add' 'sub'> <InPorts = 2> <OutPorts = 1>
ST_2 : Operation 30 [1/1] (0.00ns)   --->   "%tmp = partselect i28 @_ssdm_op_PartSelect.i28.i32.i32.i32, i32 %sub_ln38, i32 4, i32 31" [../MLP_baseline/mm.cpp:38]   --->   Operation 30 'partselect' 'tmp' <Predicate = true> <Delay = 0.00>
ST_2 : Operation 31 [1/1] (2.43ns)   --->   "%sub_ln38_1 = sub i28 0, i28 %tmp" [../MLP_baseline/mm.cpp:38]   --->   Operation 31 'sub' 'sub_ln38_1' <Predicate = true> <Delay = 2.43> <CoreInst = "Adder">   --->   Core 1 'Adder' <Latency = 0> <II = 1> <Delay = 2.43> <FuncUnit> <Opcode : 'add' 'sub'> <InPorts = 2> <OutPorts = 1>
ST_2 : Operation 32 [1/1] (0.00ns)   --->   "%tmp_7 = partselect i28 @_ssdm_op_PartSelect.i28.i32.i32.i32, i32 %N_read, i32 4, i32 31" [../MLP_baseline/mm.cpp:38]   --->   Operation 32 'partselect' 'tmp_7' <Predicate = true> <Delay = 0.00>
ST_2 : Operation 33 [1/1] (0.83ns)   --->   "%select_ln38 = select i1 %tmp_13, i28 %sub_ln38_1, i28 %tmp_7" [../MLP_baseline/mm.cpp:38]   --->   Operation 33 'select' 'select_ln38' <Predicate = true> <Delay = 0.83> <CoreInst = "Sel">   --->   Core 73 'Sel' <Latency = 0> <II = 1> <Delay = 0.83> <FuncUnit> <Opcode : 'select'> <InPorts = 3> <OutPorts = 1>
ST_2 : Operation 34 [1/1] (0.00ns)   --->   "%trunc_ln40 = trunc i28 %select_ln38" [../MLP_baseline/mm.cpp:40]   --->   Operation 34 'trunc' 'trunc_ln40' <Predicate = true> <Delay = 0.00>
ST_2 : Operation 35 [1/1] (0.00ns)   --->   "%tmp_3 = bitconcatenate i31 @_ssdm_op_BitConcatenate.i31.i27.i4, i27 %smax, i4 0" [../MLP_baseline/mm.cpp:42]   --->   Operation 35 'bitconcatenate' 'tmp_3' <Predicate = true> <Delay = 0.00>
ST_2 : Operation 36 [1/1] (0.00ns)   --->   "%smax2_cast = zext i27 %smax2" [../MLP_baseline/mm.cpp:40]   --->   Operation 36 'zext' 'smax2_cast' <Predicate = true> <Delay = 0.00>
ST_2 : Operation 37 [1/1] (0.00ns)   --->   "%tmp_12_cast = zext i31 %tmp_3" [../MLP_baseline/mm.cpp:42]   --->   Operation 37 'zext' 'tmp_12_cast' <Predicate = true> <Delay = 0.00>
ST_2 : Operation 38 [1/1] (8.24ns)   --->   "%bound6 = mul i58 %smax2_cast, i58 %tmp_12_cast" [../MLP_baseline/mm.cpp:40]   --->   Operation 38 'mul' 'bound6' <Predicate = true> <Delay = 8.24> <CoreInst = "Multiplier">   --->   Core 3 'Multiplier' <Latency = 0> <II = 1> <Delay = 8.24> <FuncUnit> <Opcode : 'mul'> <InPorts = 2> <OutPorts = 1>
ST_2 : Operation 39 [1/1] (2.43ns)   --->   "%empty_39 = icmp_sgt  i28 %select_ln38, i28 0" [../MLP_baseline/mm.cpp:38]   --->   Operation 39 'icmp' 'empty_39' <Predicate = true> <Delay = 2.43> <CoreInst = "Cmp">   --->   Core 9 'Cmp' <Latency = 0> <II = 1> <Delay = 2.43> <FuncUnit> <Opcode : 'seteq' 'setne' 'setle' 'setge' 'setlt' 'setgt'> <InPorts = 2> <OutPorts = 1>
ST_2 : Operation 40 [1/1] (0.80ns)   --->   "%smax23 = select i1 %empty_39, i27 %trunc_ln40, i27 0" [../MLP_baseline/mm.cpp:38]   --->   Operation 40 'select' 'smax23' <Predicate = true> <Delay = 0.80> <CoreInst = "Sel">   --->   Core 73 'Sel' <Latency = 0> <II = 1> <Delay = 0.80> <FuncUnit> <Opcode : 'select'> <InPorts = 3> <OutPorts = 1>

State 3 <SV = 2> <Delay = 9.38>
ST_3 : Operation 41 [1/1] (0.00ns)   --->   "%smax23_cast = zext i27 %smax23" [../MLP_baseline/mm.cpp:38]   --->   Operation 41 'zext' 'smax23_cast' <Predicate = true> <Delay = 0.00>
ST_3 : Operation 42 [1/1] (0.00ns)   --->   "%bound6_cast = zext i58 %bound6" [../MLP_baseline/mm.cpp:40]   --->   Operation 42 'zext' 'bound6_cast' <Predicate = true> <Delay = 0.00>
ST_3 : Operation 43 [2/2] (9.38ns)   --->   "%bound28 = mul i85 %smax23_cast, i85 %bound6_cast" [../MLP_baseline/mm.cpp:38]   --->   Operation 43 'mul' 'bound28' <Predicate = true> <Delay = 9.38> <CoreInst = "Multiplier">   --->   Core 3 'Multiplier' <Latency = 1> <II = 1> <Delay = 9.38> <FuncUnit> <Opcode : 'mul'> <InPorts = 2> <OutPorts = 1>

State 4 <SV = 3> <Delay = 9.38>
ST_4 : Operation 44 [1/2] (9.38ns)   --->   "%bound28 = mul i85 %smax23_cast, i85 %bound6_cast" [../MLP_baseline/mm.cpp:38]   --->   Operation 44 'mul' 'bound28' <Predicate = true> <Delay = 9.38> <CoreInst = "Multiplier">   --->   Core 3 'Multiplier' <Latency = 1> <II = 1> <Delay = 9.38> <FuncUnit> <Opcode : 'mul'> <InPorts = 2> <OutPorts = 1>

State 5 <SV = 4> <Delay = 0.00>
ST_5 : Operation 45 [1/1] (0.00ns)   --->   "%B_read = read i64 @_ssdm_op_Read.ap_auto.i64, i64 %B" [../MLP_baseline/mm.cpp:31]   --->   Operation 45 'read' 'B_read' <Predicate = true> <Delay = 0.00>
ST_5 : Operation 46 [2/2] (0.00ns)   --->   "%call_ln38 = call void @readBTiles_Pipeline_i_BLOCK_loop_j_BLOCK_loop_k_BLOCK_loop_k_loop, i85 %bound28, i58 %bound6, i27 %smax, i31 %tmp_3, i32 %P_read, i64 %B_read, i512 %gmem1, i512 %B_stream" [../MLP_baseline/mm.cpp:38]   --->   Operation 46 'call' 'call_ln38' <Predicate = true> <Delay = 0.00> <CoreType = "Generic">   --->   Generic Core

State 6 <SV = 5> <Delay = 0.00>
ST_6 : Operation 47 [1/1] (0.00ns)   --->   "%specinterface_ln0 = specinterface void @_ssdm_op_SpecInterface, i512 %B_stream, void @empty_9, i32 0, i32 0, void @empty, i32 0, i32 0, void @empty, void @empty, void @empty, i32 0, i32 0, i32 0, i32 0, void @empty, void @empty, i32 4294967295, i32 0, i32 0, i32 0"   --->   Operation 47 'specinterface' 'specinterface_ln0' <Predicate = true> <Delay = 0.00>
ST_6 : Operation 48 [1/1] (0.00ns)   --->   "%specinterface_ln0 = specinterface void @_ssdm_op_SpecInterface, i512 %gmem1, void @empty_17, i32 0, i32 0, void @empty, i32 0, i32 6272, void @empty_2, void @empty_1, void @empty, i32 16, i32 16, i32 16, i32 16, void @empty, void @empty, i32 4294967295, i32 0, i32 0, i32 64"   --->   Operation 48 'specinterface' 'specinterface_ln0' <Predicate = true> <Delay = 0.00>
ST_6 : Operation 49 [1/2] (0.00ns)   --->   "%call_ln38 = call void @readBTiles_Pipeline_i_BLOCK_loop_j_BLOCK_loop_k_BLOCK_loop_k_loop, i85 %bound28, i58 %bound6, i27 %smax, i31 %tmp_3, i32 %P_read, i64 %B_read, i512 %gmem1, i512 %B_stream" [../MLP_baseline/mm.cpp:38]   --->   Operation 49 'call' 'call_ln38' <Predicate = true> <Delay = 0.00> <CoreType = "Generic">   --->   Generic Core
ST_6 : Operation 50 [1/1] (0.00ns)   --->   "%ret_ln52 = ret" [../MLP_baseline/mm.cpp:52]   --->   Operation 50 'ret' 'ret_ln52' <Predicate = true> <Delay = 0.00>


============================================================
+ Verbose Summary: Timing violations
============================================================
Target clock period: 15.000ns, clock uncertainty: 4.050ns.

 <State 1>: 9.060ns
The critical path consists of the following:
	wire read operation ('M_read', ../MLP_baseline/mm.cpp:31) on port 'M' (../MLP_baseline/mm.cpp:31) [10]  (0.000 ns)
	'sub' operation 32 bit ('sub_ln42', ../MLP_baseline/mm.cpp:42) [28]  (2.552 ns)
	'sub' operation 28 bit ('sub_ln42_1', ../MLP_baseline/mm.cpp:42) [30]  (2.433 ns)
	'select' operation 28 bit ('select_ln42', ../MLP_baseline/mm.cpp:42) [32]  (0.839 ns)
	'icmp' operation 1 bit ('empty_37', ../MLP_baseline/mm.cpp:42) [34]  (2.433 ns)
	'select' operation 27 bit ('smax', ../MLP_baseline/mm.cpp:42) [35]  (0.803 ns)

 <State 2>: 9.060ns
The critical path consists of the following:
	wire read operation ('N_read', ../MLP_baseline/mm.cpp:31) on port 'N' (../MLP_baseline/mm.cpp:31) [11]  (0.000 ns)
	'sub' operation 32 bit ('sub_ln38', ../MLP_baseline/mm.cpp:38) [14]  (2.552 ns)
	'sub' operation 28 bit ('sub_ln38_1', ../MLP_baseline/mm.cpp:38) [16]  (2.433 ns)
	'select' operation 28 bit ('select_ln38', ../MLP_baseline/mm.cpp:38) [18]  (0.839 ns)
	'icmp' operation 1 bit ('empty_39', ../MLP_baseline/mm.cpp:38) [42]  (2.433 ns)
	'select' operation 27 bit ('smax23', ../MLP_baseline/mm.cpp:38) [43]  (0.803 ns)

 <State 3>: 9.388ns
The critical path consists of the following:
	'mul' operation 85 bit ('bound28', ../MLP_baseline/mm.cpp:38) [46]  (9.388 ns)

 <State 4>: 9.388ns
The critical path consists of the following:
	'mul' operation 85 bit ('bound28', ../MLP_baseline/mm.cpp:38) [46]  (9.388 ns)

 <State 5>: 0.000ns
The critical path consists of the following:

 <State 6>: 0.000ns
The critical path consists of the following:


============================================================
+ Verbose Summary: Binding
============================================================
N/A
* FSMD analyzer results:
  - Output states:
 - Input state : 
  - Chain level:
	State 1
	State 2
	State 3
	State 4
	State 5
	State 6


============================================================
+ Verbose Summary: Datapath Resource usage 
============================================================
N/A
