

================================================================
== Vitis HLS Report for 'readAtTiles'
================================================================
* Date:           Thu Apr  9 09:15:06 2026

* Version:        2025.1 (Build 6135595 on May 21 2025)
* Project:        baseline_blockedMM
* Solution:       hls (Vivado IP Flow Target)
* Product family: zynq
* Target device:  xc7z020-clg400-1


================================================================
== Performance Estimates
================================================================
+ Timing: 
    * Summary: 
    +--------+----------+-----------+------------+
    |  Clock |  Target  | Estimated | Uncertainty|
    +--------+----------+-----------+------------+
    |ap_clk  |  15.00 ns|  10.950 ns|     4.05 ns|
    +--------+----------+-----------+------------+

+ Latency: 
    * Summary: 
    +---------+---------+----------+----------+-----+-----+---------+
    |  Latency (cycles) |  Latency (absolute) |  Interval | Pipeline|
    |   min   |   max   |    min   |    max   | min | max |   Type  |
    +---------+---------+----------+----------+-----+-----+---------+
    |        ?|        ?|         ?|         ?|    ?|    ?|       no|
    +---------+---------+----------+----------+-----+-----+---------+

    + Detail: 
        * Instance: 
        N/A

        * Loop: 
        N/A

============================================================
+ Verbose Summary: Synthesis Manager
============================================================
InlineROM: 1
ExposeGlobal: 0
============================================================
+ Verbose Summary: CDFG Model
============================================================
IsTopModel: 0
ResetActiveHigh: 1
IsCombinational: 2
IsDatapathOnly: 0
HasWiredReturn: 1
HasMFsm: 0
HasVarLatency: 1
IsPipeline: 0
IsRtlPipelined: 0
IsInstanceOverlapped: 0
IsDontTouch: 0
HasImplIP: 0
IsGatedGlobalClock: 0


============================================================
+ Verbose Summary: Schedule
============================================================
* Number of FSM states : 6
* Pipeline : 0
* Dataflow Pipeline: 0

* FSM state transitions: 
1 --> 2 
2 --> 3 
3 --> 4 
4 --> 5 
5 --> 6 
6 --> 

* FSM state operations: 

State 1 <SV = 0> <Delay = 9.06>
ST_1 : Operation 7 [1/1] (0.00ns)   --->   "%P_read = read i32 @_ssdm_op_Read.ap_auto.i32, i32 %P" [../MLP_baseline/mm.cpp:7]   --->   Operation 7 'read' 'P_read' <Predicate = true> <Delay = 0.00>
ST_1 : Operation 8 [1/1] (0.00ns)   --->   "%M_read = read i32 @_ssdm_op_Read.ap_auto.i32, i32 %M" [../MLP_baseline/mm.cpp:7]   --->   Operation 8 'read' 'M_read' <Predicate = true> <Delay = 0.00>
ST_1 : Operation 9 [1/1] (0.00ns)   --->   "%tmp_22 = bitselect i1 @_ssdm_op_BitSelect.i1.i32.i32, i32 %P_read, i32 31" [../MLP_baseline/mm.cpp:7]   --->   Operation 9 'bitselect' 'tmp_22' <Predicate = true> <Delay = 0.00>
ST_1 : Operation 10 [1/1] (2.55ns)   --->   "%p_neg3 = sub i32 0, i32 %P_read" [../MLP_baseline/mm.cpp:7]   --->   Operation 10 'sub' 'p_neg3' <Predicate = true> <Delay = 2.55> <CoreInst = "Adder">   --->   Core 1 'Adder' <Latency = 0> <II = 1> <Delay = 2.55> <FuncUnit> <Opcode : 'add' 'sub'> <InPorts = 2> <OutPorts = 1>
ST_1 : Operation 11 [1/1] (0.00ns)   --->   "%tmp_5 = partselect i28 @_ssdm_op_PartSelect.i28.i32.i32.i32, i32 %p_neg3, i32 4, i32 31" [../MLP_baseline/mm.cpp:7]   --->   Operation 11 'partselect' 'tmp_5' <Predicate = true> <Delay = 0.00>
ST_1 : Operation 12 [1/1] (2.43ns)   --->   "%p_neg_t5 = sub i28 0, i28 %tmp_5" [../MLP_baseline/mm.cpp:7]   --->   Operation 12 'sub' 'p_neg_t5' <Predicate = true> <Delay = 2.43> <CoreInst = "Adder">   --->   Core 1 'Adder' <Latency = 0> <II = 1> <Delay = 2.43> <FuncUnit> <Opcode : 'add' 'sub'> <InPorts = 2> <OutPorts = 1>
ST_1 : Operation 13 [1/1] (0.00ns)   --->   "%tmp_6 = partselect i28 @_ssdm_op_PartSelect.i28.i32.i32.i32, i32 %P_read, i32 4, i32 31" [../MLP_baseline/mm.cpp:7]   --->   Operation 13 'partselect' 'tmp_6' <Predicate = true> <Delay = 0.00>
ST_1 : Operation 14 [1/1] (0.83ns)   --->   "%div2 = select i1 %tmp_22, i28 %p_neg_t5, i28 %tmp_6" [../MLP_baseline/mm.cpp:7]   --->   Operation 14 'select' 'div2' <Predicate = true> <Delay = 0.83> <CoreInst = "Sel">   --->   Core 73 'Sel' <Latency = 0> <II = 1> <Delay = 0.83> <FuncUnit> <Opcode : 'select'> <InPorts = 3> <OutPorts = 1>
ST_1 : Operation 15 [1/1] (0.00ns)   --->   "%empty_44 = trunc i28 %div2" [../MLP_baseline/mm.cpp:7]   --->   Operation 15 'trunc' 'empty_44' <Predicate = true> <Delay = 0.00>
ST_1 : Operation 16 [1/1] (0.00ns)   --->   "%tmp_23 = bitselect i1 @_ssdm_op_BitSelect.i1.i32.i32, i32 %M_read, i32 31" [../MLP_baseline/mm.cpp:7]   --->   Operation 16 'bitselect' 'tmp_23' <Predicate = true> <Delay = 0.00>
ST_1 : Operation 17 [1/1] (2.55ns)   --->   "%p_neg = sub i32 0, i32 %M_read" [../MLP_baseline/mm.cpp:7]   --->   Operation 17 'sub' 'p_neg' <Predicate = true> <Delay = 2.55> <CoreInst = "Adder">   --->   Core 1 'Adder' <Latency = 0> <II = 1> <Delay = 2.55> <FuncUnit> <Opcode : 'add' 'sub'> <InPorts = 2> <OutPorts = 1>
ST_1 : Operation 18 [1/1] (0.00ns)   --->   "%tmp_7 = partselect i28 @_ssdm_op_PartSelect.i28.i32.i32.i32, i32 %p_neg, i32 4, i32 31" [../MLP_baseline/mm.cpp:7]   --->   Operation 18 'partselect' 'tmp_7' <Predicate = true> <Delay = 0.00>
ST_1 : Operation 19 [1/1] (2.43ns)   --->   "%p_neg_t = sub i28 0, i28 %tmp_7" [../MLP_baseline/mm.cpp:7]   --->   Operation 19 'sub' 'p_neg_t' <Predicate = true> <Delay = 2.43> <CoreInst = "Adder">   --->   Core 1 'Adder' <Latency = 0> <II = 1> <Delay = 2.43> <FuncUnit> <Opcode : 'add' 'sub'> <InPorts = 2> <OutPorts = 1>
ST_1 : Operation 20 [1/1] (0.00ns)   --->   "%tmp_8 = partselect i28 @_ssdm_op_PartSelect.i28.i32.i32.i32, i32 %M_read, i32 4, i32 31" [../MLP_baseline/mm.cpp:7]   --->   Operation 20 'partselect' 'tmp_8' <Predicate = true> <Delay = 0.00>
ST_1 : Operation 21 [1/1] (0.83ns)   --->   "%div7 = select i1 %tmp_23, i28 %p_neg_t, i28 %tmp_8" [../MLP_baseline/mm.cpp:7]   --->   Operation 21 'select' 'div7' <Predicate = true> <Delay = 0.83> <CoreInst = "Sel">   --->   Core 73 'Sel' <Latency = 0> <II = 1> <Delay = 0.83> <FuncUnit> <Opcode : 'select'> <InPorts = 3> <OutPorts = 1>
ST_1 : Operation 22 [1/1] (0.00ns)   --->   "%empty_45 = trunc i28 %div7" [../MLP_baseline/mm.cpp:7]   --->   Operation 22 'trunc' 'empty_45' <Predicate = true> <Delay = 0.00>
ST_1 : Operation 23 [1/1] (2.43ns)   --->   "%empty_46 = icmp_sgt  i28 %div7, i28 0" [../MLP_baseline/mm.cpp:7]   --->   Operation 23 'icmp' 'empty_46' <Predicate = true> <Delay = 2.43> <CoreInst = "Cmp">   --->   Core 9 'Cmp' <Latency = 0> <II = 1> <Delay = 2.43> <FuncUnit> <Opcode : 'seteq' 'setne' 'setle' 'setge' 'setlt' 'setgt'> <InPorts = 2> <OutPorts = 1>
ST_1 : Operation 24 [1/1] (0.80ns)   --->   "%smax = select i1 %empty_46, i27 %empty_45, i27 0" [../MLP_baseline/mm.cpp:7]   --->   Operation 24 'select' 'smax' <Predicate = true> <Delay = 0.80> <CoreInst = "Sel">   --->   Core 73 'Sel' <Latency = 0> <II = 1> <Delay = 0.80> <FuncUnit> <Opcode : 'select'> <InPorts = 3> <OutPorts = 1>
ST_1 : Operation 25 [1/1] (2.43ns)   --->   "%empty_47 = icmp_sgt  i28 %div2, i28 0" [../MLP_baseline/mm.cpp:7]   --->   Operation 25 'icmp' 'empty_47' <Predicate = true> <Delay = 2.43> <CoreInst = "Cmp">   --->   Core 9 'Cmp' <Latency = 0> <II = 1> <Delay = 2.43> <FuncUnit> <Opcode : 'seteq' 'setne' 'setle' 'setge' 'setlt' 'setgt'> <InPorts = 2> <OutPorts = 1>
ST_1 : Operation 26 [1/1] (0.80ns)   --->   "%smax2 = select i1 %empty_47, i27 %empty_44, i27 0" [../MLP_baseline/mm.cpp:7]   --->   Operation 26 'select' 'smax2' <Predicate = true> <Delay = 0.80> <CoreInst = "Sel">   --->   Core 73 'Sel' <Latency = 0> <II = 1> <Delay = 0.80> <FuncUnit> <Opcode : 'select'> <InPorts = 3> <OutPorts = 1>

State 2 <SV = 1> <Delay = 9.06>
ST_2 : Operation 27 [1/1] (0.00ns)   --->   "%N_read = read i32 @_ssdm_op_Read.ap_auto.i32, i32 %N" [../MLP_baseline/mm.cpp:7]   --->   Operation 27 'read' 'N_read' <Predicate = true> <Delay = 0.00>
ST_2 : Operation 28 [1/1] (0.00ns)   --->   "%tmp_21 = bitselect i1 @_ssdm_op_BitSelect.i1.i32.i32, i32 %N_read, i32 31" [../MLP_baseline/mm.cpp:7]   --->   Operation 28 'bitselect' 'tmp_21' <Predicate = true> <Delay = 0.00>
ST_2 : Operation 29 [1/1] (2.55ns)   --->   "%p_neg9 = sub i32 0, i32 %N_read" [../MLP_baseline/mm.cpp:7]   --->   Operation 29 'sub' 'p_neg9' <Predicate = true> <Delay = 2.55> <CoreInst = "Adder">   --->   Core 1 'Adder' <Latency = 0> <II = 1> <Delay = 2.55> <FuncUnit> <Opcode : 'add' 'sub'> <InPorts = 2> <OutPorts = 1>
ST_2 : Operation 30 [1/1] (0.00ns)   --->   "%tmp = partselect i28 @_ssdm_op_PartSelect.i28.i32.i32.i32, i32 %p_neg9, i32 4, i32 31" [../MLP_baseline/mm.cpp:7]   --->   Operation 30 'partselect' 'tmp' <Predicate = true> <Delay = 0.00>
ST_2 : Operation 31 [1/1] (2.43ns)   --->   "%p_neg_t11 = sub i28 0, i28 %tmp" [../MLP_baseline/mm.cpp:7]   --->   Operation 31 'sub' 'p_neg_t11' <Predicate = true> <Delay = 2.43> <CoreInst = "Adder">   --->   Core 1 'Adder' <Latency = 0> <II = 1> <Delay = 2.43> <FuncUnit> <Opcode : 'add' 'sub'> <InPorts = 2> <OutPorts = 1>
ST_2 : Operation 32 [1/1] (0.00ns)   --->   "%tmp_s = partselect i28 @_ssdm_op_PartSelect.i28.i32.i32.i32, i32 %N_read, i32 4, i32 31" [../MLP_baseline/mm.cpp:7]   --->   Operation 32 'partselect' 'tmp_s' <Predicate = true> <Delay = 0.00>
ST_2 : Operation 33 [1/1] (0.83ns)   --->   "%div = select i1 %tmp_21, i28 %p_neg_t11, i28 %tmp_s" [../MLP_baseline/mm.cpp:7]   --->   Operation 33 'select' 'div' <Predicate = true> <Delay = 0.83> <CoreInst = "Sel">   --->   Core 73 'Sel' <Latency = 0> <II = 1> <Delay = 0.83> <FuncUnit> <Opcode : 'select'> <InPorts = 3> <OutPorts = 1>
ST_2 : Operation 34 [1/1] (0.00ns)   --->   "%empty = trunc i28 %div" [../MLP_baseline/mm.cpp:7]   --->   Operation 34 'trunc' 'empty' <Predicate = true> <Delay = 0.00>
ST_2 : Operation 35 [1/1] (0.00ns)   --->   "%tmp_9 = bitconcatenate i31 @_ssdm_op_BitConcatenate.i31.i27.i4, i27 %smax, i4 0" [../MLP_baseline/mm.cpp:7]   --->   Operation 35 'bitconcatenate' 'tmp_9' <Predicate = true> <Delay = 0.00>
ST_2 : Operation 36 [1/1] (0.00ns)   --->   "%smax2_cast = zext i27 %smax2" [../MLP_baseline/mm.cpp:7]   --->   Operation 36 'zext' 'smax2_cast' <Predicate = true> <Delay = 0.00>
ST_2 : Operation 37 [1/1] (0.00ns)   --->   "%tmp_20_cast = zext i31 %tmp_9" [../MLP_baseline/mm.cpp:7]   --->   Operation 37 'zext' 'tmp_20_cast' <Predicate = true> <Delay = 0.00>
ST_2 : Operation 38 [1/1] (8.24ns)   --->   "%bound6 = mul i58 %smax2_cast, i58 %tmp_20_cast" [../MLP_baseline/mm.cpp:7]   --->   Operation 38 'mul' 'bound6' <Predicate = true> <Delay = 8.24> <CoreInst = "Multiplier">   --->   Core 3 'Multiplier' <Latency = 0> <II = 1> <Delay = 8.24> <FuncUnit> <Opcode : 'mul'> <InPorts = 2> <OutPorts = 1>
ST_2 : Operation 39 [1/1] (2.43ns)   --->   "%empty_48 = icmp_sgt  i28 %div, i28 0" [../MLP_baseline/mm.cpp:7]   --->   Operation 39 'icmp' 'empty_48' <Predicate = true> <Delay = 2.43> <CoreInst = "Cmp">   --->   Core 9 'Cmp' <Latency = 0> <II = 1> <Delay = 2.43> <FuncUnit> <Opcode : 'seteq' 'setne' 'setle' 'setge' 'setlt' 'setgt'> <InPorts = 2> <OutPorts = 1>
ST_2 : Operation 40 [1/1] (0.80ns)   --->   "%smax20 = select i1 %empty_48, i27 %empty, i27 0" [../MLP_baseline/mm.cpp:7]   --->   Operation 40 'select' 'smax20' <Predicate = true> <Delay = 0.80> <CoreInst = "Sel">   --->   Core 73 'Sel' <Latency = 0> <II = 1> <Delay = 0.80> <FuncUnit> <Opcode : 'select'> <InPorts = 3> <OutPorts = 1>

State 3 <SV = 2> <Delay = 9.38>
ST_3 : Operation 41 [1/1] (0.00ns)   --->   "%smax20_cast = zext i27 %smax20" [../MLP_baseline/mm.cpp:7]   --->   Operation 41 'zext' 'smax20_cast' <Predicate = true> <Delay = 0.00>
ST_3 : Operation 42 [1/1] (0.00ns)   --->   "%bound6_cast = zext i58 %bound6" [../MLP_baseline/mm.cpp:7]   --->   Operation 42 'zext' 'bound6_cast' <Predicate = true> <Delay = 0.00>
ST_3 : Operation 43 [2/2] (9.38ns)   --->   "%bound25 = mul i85 %smax20_cast, i85 %bound6_cast" [../MLP_baseline/mm.cpp:7]   --->   Operation 43 'mul' 'bound25' <Predicate = true> <Delay = 9.38> <CoreInst = "Multiplier">   --->   Core 3 'Multiplier' <Latency = 1> <II = 1> <Delay = 9.38> <FuncUnit> <Opcode : 'mul'> <InPorts = 2> <OutPorts = 1>

State 4 <SV = 3> <Delay = 9.38>
ST_4 : Operation 44 [1/2] (9.38ns)   --->   "%bound25 = mul i85 %smax20_cast, i85 %bound6_cast" [../MLP_baseline/mm.cpp:7]   --->   Operation 44 'mul' 'bound25' <Predicate = true> <Delay = 9.38> <CoreInst = "Multiplier">   --->   Core 3 'Multiplier' <Latency = 1> <II = 1> <Delay = 9.38> <FuncUnit> <Opcode : 'mul'> <InPorts = 2> <OutPorts = 1>

State 5 <SV = 4> <Delay = 0.00>
ST_5 : Operation 45 [1/1] (0.00ns)   --->   "%AT_read = read i64 @_ssdm_op_Read.ap_auto.i64, i64 %AT" [../MLP_baseline/mm.cpp:7]   --->   Operation 45 'read' 'AT_read' <Predicate = true> <Delay = 0.00>
ST_5 : Operation 46 [2/2] (0.00ns)   --->   "%call_ln7 = call void @readAtTiles_Pipeline_i_BLOCK_loop_j_BLOCK_loop_k_BLOCK_loop_k_loop, i85 %bound25, i58 %bound6, i27 %smax, i31 %tmp_9, i32 %N_read, i64 %AT_read, i512 %gmem0, i512 %A_stream" [../MLP_baseline/mm.cpp:7]   --->   Operation 46 'call' 'call_ln7' <Predicate = true> <Delay = 0.00> <CoreType = "Generic">   --->   Generic Core

State 6 <SV = 5> <Delay = 0.00>
ST_6 : Operation 47 [1/1] (0.00ns)   --->   "%specinterface_ln0 = specinterface void @_ssdm_op_SpecInterface, i512 %A_stream, void @empty_10, i32 0, i32 0, void @empty_0, i32 0, i32 0, void @empty_0, void @empty_0, void @empty_0, i32 0, i32 0, i32 0, i32 0, void @empty_0, void @empty_0, i32 4294967295, i32 0, i32 0"   --->   Operation 47 'specinterface' 'specinterface_ln0' <Predicate = true> <Delay = 0.00>
ST_6 : Operation 48 [1/1] (0.00ns)   --->   "%specinterface_ln0 = specinterface void @_ssdm_op_SpecInterface, i512 %gmem0, void @empty_18, i32 0, i32 0, void @empty_0, i32 0, i32 64, void @empty_1, void @empty_2, void @empty_0, i32 16, i32 16, i32 16, i32 16, void @empty_0, void @empty_0, i32 4294967295, i32 0, i32 0"   --->   Operation 48 'specinterface' 'specinterface_ln0' <Predicate = true> <Delay = 0.00>
ST_6 : Operation 49 [1/2] (0.00ns)   --->   "%call_ln7 = call void @readAtTiles_Pipeline_i_BLOCK_loop_j_BLOCK_loop_k_BLOCK_loop_k_loop, i85 %bound25, i58 %bound6, i27 %smax, i31 %tmp_9, i32 %N_read, i64 %AT_read, i512 %gmem0, i512 %A_stream" [../MLP_baseline/mm.cpp:7]   --->   Operation 49 'call' 'call_ln7' <Predicate = true> <Delay = 0.00> <CoreType = "Generic">   --->   Generic Core
ST_6 : Operation 50 [1/1] (0.00ns)   --->   "%ret_ln28 = ret" [../MLP_baseline/mm.cpp:28]   --->   Operation 50 'ret' 'ret_ln28' <Predicate = true> <Delay = 0.00>


============================================================
+ Verbose Summary: Timing violations
============================================================
Target clock period: 15.000ns, clock uncertainty: 4.050ns.

 <State 1>: 9.060ns
The critical path consists of the following:
	wire read operation ('M_read', ../MLP_baseline/mm.cpp:7) on port 'M' (../MLP_baseline/mm.cpp:7) [10]  (0.000 ns)
	'sub' operation 32 bit ('p_neg', ../MLP_baseline/mm.cpp:7) [28]  (2.552 ns)
	'sub' operation 28 bit ('p_neg_t', ../MLP_baseline/mm.cpp:7) [30]  (2.433 ns)
	'select' operation 28 bit ('div7', ../MLP_baseline/mm.cpp:7) [32]  (0.839 ns)
	'icmp' operation 1 bit ('empty_46', ../MLP_baseline/mm.cpp:7) [34]  (2.433 ns)
	'select' operation 27 bit ('smax', ../MLP_baseline/mm.cpp:7) [35]  (0.803 ns)

 <State 2>: 9.060ns
The critical path consists of the following:
	wire read operation ('N_read', ../MLP_baseline/mm.cpp:7) on port 'N' (../MLP_baseline/mm.cpp:7) [11]  (0.000 ns)
	'sub' operation 32 bit ('p_neg9', ../MLP_baseline/mm.cpp:7) [14]  (2.552 ns)
	'sub' operation 28 bit ('p_neg_t11', ../MLP_baseline/mm.cpp:7) [16]  (2.433 ns)
	'select' operation 28 bit ('div', ../MLP_baseline/mm.cpp:7) [18]  (0.839 ns)
	'icmp' operation 1 bit ('empty_48', ../MLP_baseline/mm.cpp:7) [42]  (2.433 ns)
	'select' operation 27 bit ('smax20', ../MLP_baseline/mm.cpp:7) [43]  (0.803 ns)

 <State 3>: 9.388ns
The critical path consists of the following:
	'mul' operation 85 bit ('bound25', ../MLP_baseline/mm.cpp:7) [46]  (9.388 ns)

 <State 4>: 9.388ns
The critical path consists of the following:
	'mul' operation 85 bit ('bound25', ../MLP_baseline/mm.cpp:7) [46]  (9.388 ns)

 <State 5>: 0.000ns
The critical path consists of the following:

 <State 6>: 0.000ns
The critical path consists of the following:


============================================================
+ Verbose Summary: Binding
============================================================
N/A
* FSMD analyzer results:
  - Output states:
 - Input state : 
  - Chain level:
	State 1
	State 2
	State 3
	State 4
	State 5
	State 6


============================================================
+ Verbose Summary: Datapath Resource usage 
============================================================
N/A
