

================================================================
== Vitis HLS Report for 'writeTiles_Pipeline_i_BLOCK_loop_j_BLOCK_loop_j_output_loop'
================================================================
* Date:           Thu Apr  9 18:27:23 2026

* Version:        2025.2 (Build 6295257 on Nov 14 2025)
* Project:        baseline_blockedMM
* Solution:       hls (Vivado IP Flow Target)
* Product family: zynq
* Target device:  xc7z020-clg400-1


================================================================
== Performance Estimates
================================================================
+ Timing: 
    * Summary: 
    +--------+----------+-----------+------------+
    |  Clock |  Target  | Estimated | Uncertainty|
    +--------+----------+-----------+------------+
    |ap_clk  |  15.00 ns|  10.950 ns|     4.05 ns|
    +--------+----------+-----------+------------+

+ Latency: 
    * Summary: 
    +---------+--------------------+-----------+-------------+-----+-----+-------------------+
    |       Latency (cycles)       |    Latency (absolute)   |  Interval |      Pipeline     |
    |   min   |         max        |    min    |     max     | min | max |        Type       |
    +---------+--------------------+-----------+-------------+-----+-----+-------------------+
    |        2|  288230371856744480|  30.000 ns|  4.3e+09 sec|    0|    0|  loop pipeline stp|
    +---------+--------------------+-----------+-------------+-----+-----+-------------------+

    + Detail: 
        * Instance: 
        N/A

        * Loop: 
        +-------------------------------------------+---------+--------------------+----------+-----------+-----------+------------------------+----------+
        |                                           |       Latency (cycles)       | Iteration|  Initiation Interval  |          Trip          |          |
        |                 Loop Name                 |   min   |         max        |  Latency |  achieved |   target  |          Count         | Pipelined|
        +-------------------------------------------+---------+--------------------+----------+-----------+-----------+------------------------+----------+
        |- i_BLOCK_loop_j_BLOCK_loop_j_output_loop  |        0|  288230371856744480|        11|          1|          1|  0 ~ 288230371856744464|       yes|
        +-------------------------------------------+---------+--------------------+----------+-----------+-----------+------------------------+----------+

============================================================
+ Verbose Summary: Synthesis Manager
============================================================
InlineROM: 1
ExposeGlobal: 0
============================================================
+ Verbose Summary: CDFG Model
============================================================
IsTopModel: 0
ResetActiveHigh: 1
IsCombinational: 0
IsDatapathOnly: 0
HasWiredReturn: 1
HasMFsm: 2
HasVarLatency: 1
IsPipeline: 0
IsRtlPipelined: 0
IsInstanceOverlapped: 0
IsDontTouch: 0
HasImplIP: 0
IsGatedGlobalClock: 0

+ Individual pipeline summary: 
  * Pipeline-0: initiation interval (II) = 1, depth = 12


============================================================
+ Verbose Summary: Schedule
============================================================
* Number of FSM states : 12
* Pipeline : 1
  Pipeline-0 : II = 1, D = 12, States = { 1 2 3 4 5 6 7 8 9 10 11 12 }
* Dataflow Pipeline: 0

* FSM state transitions: 
1 --> 2 
2 --> 3 
3 --> 4 
4 --> 5 
5 --> 6 
6 --> 7 
7 --> 8 
8 --> 9 
9 --> 10 
10 --> 11 
11 --> 12 
12 --> 

* FSM state operations: 

State 1 <SV = 0> <Delay = 1.58>
ST_1 : Operation 14 [1/1] (0.00ns)   --->   "%j = alloca i32 1" [../MLP_baseline/mm.cpp:127]   --->   Operation 14 'alloca' 'j' <Predicate = true> <Delay = 0.00>
ST_1 : Operation 15 [1/1] (0.00ns)   --->   "%jb = alloca i32 1" [../MLP_baseline/mm.cpp:125]   --->   Operation 15 'alloca' 'jb' <Predicate = true> <Delay = 0.00>
ST_1 : Operation 16 [1/1] (0.00ns)   --->   "%indvar_flatten = alloca i32 1"   --->   Operation 16 'alloca' 'indvar_flatten' <Predicate = true> <Delay = 0.00>
ST_1 : Operation 17 [1/1] (0.00ns)   --->   "%ib = alloca i32 1" [../MLP_baseline/mm.cpp:123]   --->   Operation 17 'alloca' 'ib' <Predicate = true> <Delay = 0.00>
ST_1 : Operation 18 [1/1] (0.00ns)   --->   "%indvar_flatten20 = alloca i32 1"   --->   Operation 18 'alloca' 'indvar_flatten20' <Predicate = true> <Delay = 0.00>
ST_1 : Operation 19 [1/1] (0.00ns)   --->   "%specinterface_ln0 = specinterface void @_ssdm_op_SpecInterface, i512 %gmem3, void @empty_17, i32 0, i32 0, void @empty, i32 0, i32 8192, void @empty_21, void @empty_1, void @empty, i32 16, i32 16, i32 16, i32 16, void @empty, void @empty, i32 4294967295, i32 0, i32 0, i32 64"   --->   Operation 19 'specinterface' 'specinterface_ln0' <Predicate = true> <Delay = 0.00>
ST_1 : Operation 20 [1/1] (0.00ns)   --->   "%specinterface_ln0 = specinterface void @_ssdm_op_SpecInterface, i512 %AB_stream, void @empty_9, i32 0, i32 0, void @empty, i32 0, i32 0, void @empty, void @empty, void @empty, i32 0, i32 0, i32 0, i32 0, void @empty, void @empty, i32 4294967295, i32 0, i32 0, i32 0"   --->   Operation 20 'specinterface' 'specinterface_ln0' <Predicate = true> <Delay = 0.00>
ST_1 : Operation 21 [1/1] (0.00ns)   --->   "%ABC_1_read = read i64 @_ssdm_op_Read.ap_auto.i64, i64 %ABC_1" [../MLP_baseline/mm.cpp:118]   --->   Operation 21 'read' 'ABC_1_read' <Predicate = true> <Delay = 0.00>
ST_1 : Operation 22 [1/1] (0.00ns)   --->   "%N_1_read = read i32 @_ssdm_op_Read.ap_auto.i32, i32 %N_1" [../MLP_baseline/mm.cpp:118]   --->   Operation 22 'read' 'N_1_read' <Predicate = true> <Delay = 0.00>
ST_1 : Operation 23 [1/1] (0.00ns)   --->   "%bound6_read = read i58 @_ssdm_op_Read.ap_auto.i58, i58 %bound6" [../MLP_baseline/mm.cpp:118]   --->   Operation 23 'read' 'bound6_read' <Predicate = true> <Delay = 0.00>
ST_1 : Operation 24 [1/1] (0.00ns)   --->   "%tmp_4_read = read i31 @_ssdm_op_Read.ap_auto.i31, i31 %tmp_4" [../MLP_baseline/mm.cpp:118]   --->   Operation 24 'read' 'tmp_4_read' <Predicate = true> <Delay = 0.00>
ST_1 : Operation 25 [1/1] (0.00ns)   --->   "%bound = zext i31 %tmp_4_read" [../MLP_baseline/mm.cpp:118]   --->   Operation 25 'zext' 'bound' <Predicate = true> <Delay = 0.00>
ST_1 : Operation 26 [1/1] (1.58ns)   --->   "%store_ln0 = store i58 0, i58 %indvar_flatten20"   --->   Operation 26 'store' 'store_ln0' <Predicate = true> <Delay = 1.58>
ST_1 : Operation 27 [1/1] (1.58ns)   --->   "%store_ln123 = store i28 0, i28 %ib" [../MLP_baseline/mm.cpp:123]   --->   Operation 27 'store' 'store_ln123' <Predicate = true> <Delay = 1.58>
ST_1 : Operation 28 [1/1] (1.58ns)   --->   "%store_ln0 = store i34 0, i34 %indvar_flatten"   --->   Operation 28 'store' 'store_ln0' <Predicate = true> <Delay = 1.58>
ST_1 : Operation 29 [1/1] (1.58ns)   --->   "%store_ln125 = store i28 0, i28 %jb" [../MLP_baseline/mm.cpp:125]   --->   Operation 29 'store' 'store_ln125' <Predicate = true> <Delay = 1.58>
ST_1 : Operation 30 [1/1] (1.58ns)   --->   "%store_ln127 = store i5 0, i5 %j" [../MLP_baseline/mm.cpp:127]   --->   Operation 30 'store' 'store_ln127' <Predicate = true> <Delay = 1.58>
ST_1 : Operation 31 [1/1] (0.00ns)   --->   "%br_ln123 = br void %for.inc" [../MLP_baseline/mm.cpp:123]   --->   Operation 31 'br' 'br_ln123' <Predicate = true> <Delay = 0.00>

State 2 <SV = 1> <Delay = 9.29>
ST_2 : Operation 32 [1/1] (0.00ns)   --->   "%indvar_flatten20_load = load i58 %indvar_flatten20" [../MLP_baseline/mm.cpp:123]   --->   Operation 32 'load' 'indvar_flatten20_load' <Predicate = true> <Delay = 0.00>
ST_2 : Operation 33 [1/1] (3.36ns)   --->   "%icmp_ln123 = icmp_eq  i58 %indvar_flatten20_load, i58 %bound6_read" [../MLP_baseline/mm.cpp:123]   --->   Operation 33 'icmp' 'icmp_ln123' <Predicate = true> <Delay = 3.36> <CoreInst = "Cmp">   --->   Core 9 'Cmp' <Latency = 0> <II = 1> <Delay = 3.36> <FuncUnit> <Opcode : 'seteq' 'setne' 'setle' 'setge' 'setlt' 'setgt'> <InPorts = 2> <OutPorts = 1>
ST_2 : Operation 34 [1/1] (0.00ns)   --->   "%br_ln123 = br i1 %icmp_ln123, void %for.inc17, void %for.end19.exitStub" [../MLP_baseline/mm.cpp:123]   --->   Operation 34 'br' 'br_ln123' <Predicate = true> <Delay = 0.00>
ST_2 : Operation 35 [1/1] (0.00ns)   --->   "%j_load = load i5 %j" [../MLP_baseline/mm.cpp:127]   --->   Operation 35 'load' 'j_load' <Predicate = (!icmp_ln123)> <Delay = 0.00>
ST_2 : Operation 36 [1/1] (0.00ns)   --->   "%jb_load = load i28 %jb" [../MLP_baseline/mm.cpp:123]   --->   Operation 36 'load' 'jb_load' <Predicate = (!icmp_ln123)> <Delay = 0.00>
ST_2 : Operation 37 [1/1] (0.00ns)   --->   "%indvar_flatten_load = load i34 %indvar_flatten" [../MLP_baseline/mm.cpp:125]   --->   Operation 37 'load' 'indvar_flatten_load' <Predicate = (!icmp_ln123)> <Delay = 0.00>
ST_2 : Operation 38 [1/1] (3.36ns)   --->   "%add_ln123 = add i58 %indvar_flatten20_load, i58 1" [../MLP_baseline/mm.cpp:123]   --->   Operation 38 'add' 'add_ln123' <Predicate = (!icmp_ln123)> <Delay = 3.36> <CoreInst = "Adder">   --->   Core 1 'Adder' <Latency = 0> <II = 1> <Delay = 3.36> <FuncUnit> <Opcode : 'add' 'sub'> <InPorts = 2> <OutPorts = 1>
ST_2 : Operation 39 [1/1] (2.63ns)   --->   "%icmp_ln125 = icmp_eq  i34 %indvar_flatten_load, i34 %bound" [../MLP_baseline/mm.cpp:125]   --->   Operation 39 'icmp' 'icmp_ln125' <Predicate = (!icmp_ln123)> <Delay = 2.63> <CoreInst = "Cmp">   --->   Core 9 'Cmp' <Latency = 0> <II = 1> <Delay = 2.63> <FuncUnit> <Opcode : 'seteq' 'setne' 'setle' 'setge' 'setlt' 'setgt'> <InPorts = 2> <OutPorts = 1>
ST_2 : Operation 40 [1/1] (0.83ns)   --->   "%select_ln123 = select i1 %icmp_ln125, i28 0, i28 %jb_load" [../MLP_baseline/mm.cpp:123]   --->   Operation 40 'select' 'select_ln123' <Predicate = (!icmp_ln123)> <Delay = 0.83> <CoreInst = "Sel">   --->   Core 73 'Sel' <Latency = 0> <II = 1> <Delay = 0.83> <FuncUnit> <Opcode : 'select'> <InPorts = 3> <OutPorts = 1>
ST_2 : Operation 41 [1/1] (0.00ns) (grouped into LUT with out node and_ln123)   --->   "%xor_ln123 = xor i1 %icmp_ln125, i1 1" [../MLP_baseline/mm.cpp:123]   --->   Operation 41 'xor' 'xor_ln123' <Predicate = (!icmp_ln123)> <Delay = 0.00> <CoreInst = "LogicGate">   --->   Core 74 'LogicGate' <Latency = 0> <II = 1> <Delay = 0.97> <FuncUnit> <Opcode : 'and' 'or' 'xor'> <InPorts = 2> <OutPorts = 1>
ST_2 : Operation 42 [1/1] (1.78ns)   --->   "%icmp_ln127 = icmp_eq  i5 %j_load, i5 16" [../MLP_baseline/mm.cpp:127]   --->   Operation 42 'icmp' 'icmp_ln127' <Predicate = (!icmp_ln123)> <Delay = 1.78> <CoreInst = "Cmp">   --->   Core 9 'Cmp' <Latency = 0> <II = 1> <Delay = 1.78> <FuncUnit> <Opcode : 'seteq' 'setne' 'setle' 'setge' 'setlt' 'setgt'> <InPorts = 2> <OutPorts = 1>
ST_2 : Operation 43 [1/1] (0.97ns) (out node of the LUT)   --->   "%and_ln123 = and i1 %icmp_ln127, i1 %xor_ln123" [../MLP_baseline/mm.cpp:123]   --->   Operation 43 'and' 'and_ln123' <Predicate = (!icmp_ln123)> <Delay = 0.97> <CoreInst = "LogicGate">   --->   Core 74 'LogicGate' <Latency = 0> <II = 1> <Delay = 0.97> <FuncUnit> <Opcode : 'and' 'or' 'xor'> <InPorts = 2> <OutPorts = 1>
ST_2 : Operation 44 [1/1] (2.43ns)   --->   "%jb_2 = add i28 %select_ln123, i28 1" [../MLP_baseline/mm.cpp:125]   --->   Operation 44 'add' 'jb_2' <Predicate = (!icmp_ln123)> <Delay = 2.43> <CoreInst = "Adder">   --->   Core 1 'Adder' <Latency = 0> <II = 1> <Delay = 2.43> <FuncUnit> <Opcode : 'add' 'sub'> <InPorts = 2> <OutPorts = 1>
ST_2 : Operation 45 [1/1] (0.00ns) (grouped into LUT with out node select_ln125)   --->   "%or_ln125 = or i1 %and_ln123, i1 %icmp_ln125" [../MLP_baseline/mm.cpp:125]   --->   Operation 45 'or' 'or_ln125' <Predicate = (!icmp_ln123)> <Delay = 0.00> <CoreInst = "LogicGate">   --->   Core 74 'LogicGate' <Latency = 0> <II = 1> <Delay = 0.97> <FuncUnit> <Opcode : 'and' 'or' 'xor'> <InPorts = 2> <OutPorts = 1>
ST_2 : Operation 46 [1/1] (1.21ns) (out node of the LUT)   --->   "%select_ln125 = select i1 %or_ln125, i5 0, i5 %j_load" [../MLP_baseline/mm.cpp:125]   --->   Operation 46 'select' 'select_ln125' <Predicate = (!icmp_ln123)> <Delay = 1.21> <CoreInst = "Sel">   --->   Core 73 'Sel' <Latency = 0> <II = 1> <Delay = 1.21> <FuncUnit> <Opcode : 'select'> <InPorts = 3> <OutPorts = 1>
ST_2 : Operation 47 [1/1] (0.83ns)   --->   "%select_ln125_1 = select i1 %and_ln123, i28 %jb_2, i28 %select_ln123" [../MLP_baseline/mm.cpp:125]   --->   Operation 47 'select' 'select_ln125_1' <Predicate = (!icmp_ln123)> <Delay = 0.83> <CoreInst = "Sel">   --->   Core 73 'Sel' <Latency = 0> <II = 1> <Delay = 0.83> <FuncUnit> <Opcode : 'select'> <InPorts = 3> <OutPorts = 1>
ST_2 : Operation 48 [1/1] (0.00ns)   --->   "%shl_ln130_1 = bitconcatenate i32 @_ssdm_op_BitConcatenate.i32.i28.i4, i28 %select_ln125_1, i4 0" [../MLP_baseline/mm.cpp:130]   --->   Operation 48 'bitconcatenate' 'shl_ln130_1' <Predicate = (!icmp_ln123)> <Delay = 0.00>
ST_2 : Operation 49 [1/1] (0.00ns)   --->   "%zext_ln127 = zext i5 %select_ln125" [../MLP_baseline/mm.cpp:127]   --->   Operation 49 'zext' 'zext_ln127' <Predicate = (!icmp_ln123)> <Delay = 0.00>
ST_2 : Operation 50 [1/1] (2.55ns)   --->   "%add_ln130 = add i32 %shl_ln130_1, i32 %zext_ln127" [../MLP_baseline/mm.cpp:130]   --->   Operation 50 'add' 'add_ln130' <Predicate = (!icmp_ln123)> <Delay = 2.55> <CoreInst = "Adder">   --->   Core 1 'Adder' <Latency = 0> <II = 1> <Delay = 2.55> <FuncUnit> <Opcode : 'add' 'sub'> <InPorts = 2> <OutPorts = 1>
ST_2 : Operation 51 [1/1] (1.78ns)   --->   "%j_1 = add i5 %select_ln125, i5 1" [../MLP_baseline/mm.cpp:127]   --->   Operation 51 'add' 'j_1' <Predicate = (!icmp_ln123)> <Delay = 1.78> <CoreInst = "Adder">   --->   Core 1 'Adder' <Latency = 0> <II = 1> <Delay = 1.78> <FuncUnit> <Opcode : 'add' 'sub'> <InPorts = 2> <OutPorts = 1>
ST_2 : Operation 52 [1/1] (2.63ns)   --->   "%add_ln125_1 = add i34 %indvar_flatten_load, i34 1" [../MLP_baseline/mm.cpp:125]   --->   Operation 52 'add' 'add_ln125_1' <Predicate = (!icmp_ln123)> <Delay = 2.63> <CoreInst = "Adder">   --->   Core 1 'Adder' <Latency = 0> <II = 1> <Delay = 2.63> <FuncUnit> <Opcode : 'add' 'sub'> <InPorts = 2> <OutPorts = 1>
ST_2 : Operation 53 [1/1] (0.91ns)   --->   "%select_ln125_2 = select i1 %icmp_ln125, i34 1, i34 %add_ln125_1" [../MLP_baseline/mm.cpp:125]   --->   Operation 53 'select' 'select_ln125_2' <Predicate = (!icmp_ln123)> <Delay = 0.91> <CoreInst = "Sel">   --->   Core 73 'Sel' <Latency = 0> <II = 1> <Delay = 0.91> <FuncUnit> <Opcode : 'select'> <InPorts = 3> <OutPorts = 1>
ST_2 : Operation 54 [1/1] (1.58ns)   --->   "%store_ln123 = store i58 %add_ln123, i58 %indvar_flatten20" [../MLP_baseline/mm.cpp:123]   --->   Operation 54 'store' 'store_ln123' <Predicate = (!icmp_ln123)> <Delay = 1.58>
ST_2 : Operation 55 [1/1] (1.58ns)   --->   "%store_ln125 = store i34 %select_ln125_2, i34 %indvar_flatten" [../MLP_baseline/mm.cpp:125]   --->   Operation 55 'store' 'store_ln125' <Predicate = (!icmp_ln123)> <Delay = 1.58>
ST_2 : Operation 56 [1/1] (1.58ns)   --->   "%store_ln125 = store i28 %select_ln125_1, i28 %jb" [../MLP_baseline/mm.cpp:125]   --->   Operation 56 'store' 'store_ln125' <Predicate = (!icmp_ln123)> <Delay = 1.58>
ST_2 : Operation 57 [1/1] (1.58ns)   --->   "%store_ln127 = store i5 %j_1, i5 %j" [../MLP_baseline/mm.cpp:127]   --->   Operation 57 'store' 'store_ln127' <Predicate = (!icmp_ln123)> <Delay = 1.58>

State 3 <SV = 2> <Delay = 8.51>
ST_3 : Operation 58 [1/1] (8.51ns)   --->   "%mul_ln130 = mul i32 %N_1_read, i32 %add_ln130" [../MLP_baseline/mm.cpp:130]   --->   Operation 58 'mul' 'mul_ln130' <Predicate = true> <Delay = 8.51> <CoreInst = "Multiplier">   --->   Core 3 'Multiplier' <Latency = 0> <II = 1> <Delay = 8.51> <FuncUnit> <Opcode : 'mul'> <InPorts = 2> <OutPorts = 1>

State 4 <SV = 3> <Delay = 5.82>
ST_4 : Operation 59 [1/1] (0.00ns)   --->   "%ib_load = load i28 %ib" [../MLP_baseline/mm.cpp:123]   --->   Operation 59 'load' 'ib_load' <Predicate = true> <Delay = 0.00>
ST_4 : Operation 60 [1/1] (2.43ns)   --->   "%add_ln123_1 = add i28 %ib_load, i28 1" [../MLP_baseline/mm.cpp:123]   --->   Operation 60 'add' 'add_ln123_1' <Predicate = (icmp_ln125)> <Delay = 2.43> <CoreInst = "Adder">   --->   Core 1 'Adder' <Latency = 0> <II = 1> <Delay = 2.43> <FuncUnit> <Opcode : 'add' 'sub'> <InPorts = 2> <OutPorts = 1>
ST_4 : Operation 61 [1/1] (0.83ns)   --->   "%select_ln123_1 = select i1 %icmp_ln125, i28 %add_ln123_1, i28 %ib_load" [../MLP_baseline/mm.cpp:123]   --->   Operation 61 'select' 'select_ln123_1' <Predicate = true> <Delay = 0.83> <CoreInst = "Sel">   --->   Core 73 'Sel' <Latency = 0> <II = 1> <Delay = 0.83> <FuncUnit> <Opcode : 'select'> <InPorts = 3> <OutPorts = 1>
ST_4 : Operation 62 [1/1] (0.00ns)   --->   "%shl_ln = bitconcatenate i32 @_ssdm_op_BitConcatenate.i32.i28.i4, i28 %select_ln123_1, i4 0" [../MLP_baseline/mm.cpp:130]   --->   Operation 62 'bitconcatenate' 'shl_ln' <Predicate = true> <Delay = 0.00>
ST_4 : Operation 63 [1/1] (2.55ns)   --->   "%add_ln130_1 = add i32 %mul_ln130, i32 %shl_ln" [../MLP_baseline/mm.cpp:130]   --->   Operation 63 'add' 'add_ln130_1' <Predicate = true> <Delay = 2.55> <CoreInst = "Adder">   --->   Core 1 'Adder' <Latency = 0> <II = 1> <Delay = 2.55> <FuncUnit> <Opcode : 'add' 'sub'> <InPorts = 2> <OutPorts = 1>
ST_4 : Operation 64 [1/1] (1.58ns)   --->   "%store_ln123 = store i28 %select_ln123_1, i28 %ib" [../MLP_baseline/mm.cpp:123]   --->   Operation 64 'store' 'store_ln123' <Predicate = true> <Delay = 1.58>

State 5 <SV = 4> <Delay = 8.50>
ST_5 : Operation 65 [1/1] (0.00ns) (grouped into LUT with out node add_ln130_2)   --->   "%tmp = bitselect i1 @_ssdm_op_BitSelect.i1.i32.i32, i32 %add_ln130_1, i32 31" [../MLP_baseline/mm.cpp:130]   --->   Operation 65 'bitselect' 'tmp' <Predicate = true> <Delay = 0.00>
ST_5 : Operation 66 [1/1] (2.55ns)   --->   "%sub_ln130 = sub i32 0, i32 %add_ln130_1" [../MLP_baseline/mm.cpp:130]   --->   Operation 66 'sub' 'sub_ln130' <Predicate = true> <Delay = 2.55> <CoreInst = "Adder">   --->   Core 1 'Adder' <Latency = 0> <II = 1> <Delay = 2.55> <FuncUnit> <Opcode : 'add' 'sub'> <InPorts = 2> <OutPorts = 1>
ST_5 : Operation 67 [1/1] (0.00ns)   --->   "%tmp_5 = partselect i28 @_ssdm_op_PartSelect.i28.i32.i32.i32, i32 %sub_ln130, i32 4, i32 31" [../MLP_baseline/mm.cpp:130]   --->   Operation 67 'partselect' 'tmp_5' <Predicate = true> <Delay = 0.00>
ST_5 : Operation 68 [1/1] (2.43ns)   --->   "%sub_ln130_1 = sub i28 0, i28 %tmp_5" [../MLP_baseline/mm.cpp:130]   --->   Operation 68 'sub' 'sub_ln130_1' <Predicate = true> <Delay = 2.43> <CoreInst = "Adder">   --->   Core 1 'Adder' <Latency = 0> <II = 1> <Delay = 2.43> <FuncUnit> <Opcode : 'add' 'sub'> <InPorts = 2> <OutPorts = 1>
ST_5 : Operation 69 [1/1] (0.00ns) (grouped into LUT with out node add_ln130_2)   --->   "%tmp_6 = partselect i28 @_ssdm_op_PartSelect.i28.i32.i32.i32, i32 %add_ln130_1, i32 4, i32 31" [../MLP_baseline/mm.cpp:130]   --->   Operation 69 'partselect' 'tmp_6' <Predicate = true> <Delay = 0.00>
ST_5 : Operation 70 [1/1] (0.00ns) (grouped into LUT with out node add_ln130_2)   --->   "%select_ln130 = select i1 %tmp, i28 %sub_ln130_1, i28 %tmp_6" [../MLP_baseline/mm.cpp:130]   --->   Operation 70 'select' 'select_ln130' <Predicate = true> <Delay = 0.00> <CoreInst = "Sel">   --->   Core 73 'Sel' <Latency = 0> <II = 1> <Delay = 0.83> <FuncUnit> <Opcode : 'select'> <InPorts = 3> <OutPorts = 1>
ST_5 : Operation 71 [1/1] (0.00ns) (grouped into LUT with out node add_ln130_2)   --->   "%shl_ln130_2 = bitconcatenate i34 @_ssdm_op_BitConcatenate.i34.i28.i6, i28 %select_ln130, i6 0" [../MLP_baseline/mm.cpp:130]   --->   Operation 71 'bitconcatenate' 'shl_ln130_2' <Predicate = true> <Delay = 0.00>
ST_5 : Operation 72 [1/1] (0.00ns) (grouped into LUT with out node add_ln130_2)   --->   "%sext_ln130 = sext i34 %shl_ln130_2" [../MLP_baseline/mm.cpp:130]   --->   Operation 72 'sext' 'sext_ln130' <Predicate = true> <Delay = 0.00>
ST_5 : Operation 73 [1/1] (3.52ns) (out node of the LUT)   --->   "%add_ln130_2 = add i64 %ABC_1_read, i64 %sext_ln130" [../MLP_baseline/mm.cpp:130]   --->   Operation 73 'add' 'add_ln130_2' <Predicate = true> <Delay = 3.52> <CoreInst = "Adder">   --->   Core 1 'Adder' <Latency = 0> <II = 1> <Delay = 3.52> <FuncUnit> <Opcode : 'add' 'sub'> <InPorts = 2> <OutPorts = 1>
ST_5 : Operation 74 [1/1] (0.00ns)   --->   "%trunc_ln130_1 = partselect i58 @_ssdm_op_PartSelect.i58.i64.i32.i32, i64 %add_ln130_2, i32 6, i32 63" [../MLP_baseline/mm.cpp:130]   --->   Operation 74 'partselect' 'trunc_ln130_1' <Predicate = true> <Delay = 0.00>

State 6 <SV = 5> <Delay = 10.9>
ST_6 : Operation 75 [1/1] ( I:3.60ns O:3.60ns )   --->   "%AB_stream_read = read i512 @_ssdm_op_Read.ap_fifo.volatile.i512P0A, i512 %AB_stream" [../MLP_baseline/mm.cpp:129]   --->   Operation 75 'read' 'AB_stream_read' <Predicate = true> <Delay = 3.60> <CoreInst = "FIFO">   --->   Core 77 'FIFO' <Latency = 0> <II = 1> <Delay = 3.60> <Storage> <Opcode : 'read' 'write' 'nbread' 'nbwrite'> <Ports = 0> <Width = 512> <Depth = 32> <FIFO>
ST_6 : Operation 76 [1/1] (0.00ns)   --->   "%sext_ln130_1 = sext i58 %trunc_ln130_1" [../MLP_baseline/mm.cpp:130]   --->   Operation 76 'sext' 'sext_ln130_1' <Predicate = true> <Delay = 0.00>
ST_6 : Operation 77 [1/1] (0.00ns)   --->   "%gmem3_addr = getelementptr i512 %gmem3, i64 %sext_ln130_1" [../MLP_baseline/mm.cpp:130]   --->   Operation 77 'getelementptr' 'gmem3_addr' <Predicate = true> <Delay = 0.00>
ST_6 : Operation 78 [1/1] ( I:10.9ns O:10.9ns )   --->   "%gmem3_addr_req = writereq i1 @_ssdm_op_WriteReq.m_axi.i512P1A, i512 %gmem3_addr, i64 1" [../MLP_baseline/mm.cpp:130]   --->   Operation 78 'writereq' 'gmem3_addr_req' <Predicate = true> <Delay = 10.9> <CoreInst = "m_axi">   --->   Core 111 'm_axi' <Latency = 9> <II = 1> <Delay = 1.00> <Adapter> <Opcode : 'readrequnaligned' 'writerequnaligned' 'read' 'write' 'readreq' 'writereq' 'writeresp'>

State 7 <SV = 6> <Delay = 10.9>
ST_7 : Operation 79 [1/1] ( I:10.9ns O:10.9ns )   --->   "%write_ln130 = write void @_ssdm_op_Write.m_axi.i512P1A, i512 %gmem3_addr, i512 %AB_stream_read, i64 18446744073709551615" [../MLP_baseline/mm.cpp:130]   --->   Operation 79 'write' 'write_ln130' <Predicate = true> <Delay = 10.9> <CoreInst = "m_axi">   --->   Core 111 'm_axi' <Latency = 5> <II = 1> <Delay = 1.00> <Adapter> <Opcode : 'readrequnaligned' 'writerequnaligned' 'read' 'write' 'readreq' 'writereq' 'writeresp'>

State 8 <SV = 7> <Delay = 0.00>
ST_8 : Operation 80 [5/5] (10.9ns)   --->   "%gmem3_addr_resp = writeresp i1 @_ssdm_op_WriteResp.m_axi.i512P1A, i512 %gmem3_addr" [../MLP_baseline/mm.cpp:130]   --->   Operation 80 'writeresp' 'gmem3_addr_resp' <Predicate = true> <Delay = 10.9> <CoreInst = "m_axi">   --->   Core 111 'm_axi' <Latency = 3> <II = 1> <Delay = 1.00> <Adapter> <Opcode : 'readrequnaligned' 'writerequnaligned' 'read' 'write' 'readreq' 'writereq' 'writeresp'>

State 9 <SV = 8> <Delay = 0.00>
ST_9 : Operation 81 [4/5] (10.9ns)   --->   "%gmem3_addr_resp = writeresp i1 @_ssdm_op_WriteResp.m_axi.i512P1A, i512 %gmem3_addr" [../MLP_baseline/mm.cpp:130]   --->   Operation 81 'writeresp' 'gmem3_addr_resp' <Predicate = true> <Delay = 10.9> <CoreInst = "m_axi">   --->   Core 111 'm_axi' <Latency = 3> <II = 1> <Delay = 1.00> <Adapter> <Opcode : 'readrequnaligned' 'writerequnaligned' 'read' 'write' 'readreq' 'writereq' 'writeresp'>

State 10 <SV = 9> <Delay = 0.00>
ST_10 : Operation 82 [3/5] (10.9ns)   --->   "%gmem3_addr_resp = writeresp i1 @_ssdm_op_WriteResp.m_axi.i512P1A, i512 %gmem3_addr" [../MLP_baseline/mm.cpp:130]   --->   Operation 82 'writeresp' 'gmem3_addr_resp' <Predicate = true> <Delay = 10.9> <CoreInst = "m_axi">   --->   Core 111 'm_axi' <Latency = 3> <II = 1> <Delay = 1.00> <Adapter> <Opcode : 'readrequnaligned' 'writerequnaligned' 'read' 'write' 'readreq' 'writereq' 'writeresp'>

State 11 <SV = 10> <Delay = 1.58>
ST_11 : Operation 83 [2/5] (10.9ns)   --->   "%gmem3_addr_resp = writeresp i1 @_ssdm_op_WriteResp.m_axi.i512P1A, i512 %gmem3_addr" [../MLP_baseline/mm.cpp:130]   --->   Operation 83 'writeresp' 'gmem3_addr_resp' <Predicate = true> <Delay = 10.9> <CoreInst = "m_axi">   --->   Core 111 'm_axi' <Latency = 3> <II = 1> <Delay = 1.00> <Adapter> <Opcode : 'readrequnaligned' 'writerequnaligned' 'read' 'write' 'readreq' 'writereq' 'writeresp'>
ST_11 : Operation 89 [1/1] (1.58ns)   --->   "%ret_ln0 = ret"   --->   Operation 89 'ret' 'ret_ln0' <Predicate = (icmp_ln123)> <Delay = 1.58>

State 12 <SV = 11> <Delay = 10.9>
ST_12 : Operation 84 [1/1] (0.00ns)   --->   "%specloopname_ln0 = specloopname void @_ssdm_op_SpecLoopName, void @i_BLOCK_loop_j_BLOCK_loop_j_output_loop_str"   --->   Operation 84 'specloopname' 'specloopname_ln0' <Predicate = true> <Delay = 0.00>
ST_12 : Operation 85 [1/1] (0.00ns)   --->   "%speclooptripcount_ln0 = speclooptripcount void @_ssdm_op_SpecLoopTripCount, i64 0, i64 288230371856744464, i64 72057591890444304"   --->   Operation 85 'speclooptripcount' 'speclooptripcount_ln0' <Predicate = true> <Delay = 0.00>
ST_12 : Operation 86 [1/1] (0.00ns)   --->   "%specpipeline_ln128 = specpipeline void @_ssdm_op_SpecPipeline, i32 1, i32 0, i32 0, i32 0, i32 4294967295, void @empty" [../MLP_baseline/mm.cpp:128]   --->   Operation 86 'specpipeline' 'specpipeline_ln128' <Predicate = true> <Delay = 0.00>
ST_12 : Operation 87 [1/5] ( I:10.9ns O:10.9ns )   --->   "%gmem3_addr_resp = writeresp i1 @_ssdm_op_WriteResp.m_axi.i512P1A, i512 %gmem3_addr" [../MLP_baseline/mm.cpp:130]   --->   Operation 87 'writeresp' 'gmem3_addr_resp' <Predicate = true> <Delay = 10.9> <CoreInst = "m_axi">   --->   Core 111 'm_axi' <Latency = 3> <II = 1> <Delay = 1.00> <Adapter> <Opcode : 'readrequnaligned' 'writerequnaligned' 'read' 'write' 'readreq' 'writereq' 'writeresp'>
ST_12 : Operation 88 [1/1] (0.00ns)   --->   "%br_ln127 = br void %for.inc" [../MLP_baseline/mm.cpp:127]   --->   Operation 88 'br' 'br_ln127' <Predicate = true> <Delay = 0.00>


============================================================
+ Verbose Summary: Binding
============================================================
STG Binding: 
---------------- STG Properties BEGIN ----------------
- Is combinational: 0
- Is one-state seq: 0
- Is datapath-only: 0
- Is pipelined: 0
- Is top level: 0
Port [ Return ] is wired: 1; IO mode=ap_ctrl_hs:ce=0
Port [ tmp_4]:  wired=1; compound=0; hidden=0; nouse=0; global=0; static=0; extern=0; dir=0; type=0; pingpong=0; private_global=0; IO mode=ap_none:ce=0
Port [ bound6]:  wired=1; compound=0; hidden=0; nouse=0; global=0; static=0; extern=0; dir=0; type=0; pingpong=0; private_global=0; IO mode=ap_none:ce=0
Port [ AB_stream]:  wired=1; compound=1; hidden=0; nouse=0; global=0; static=0; extern=0; dir=0; type=3; pingpong=0; private_global=0; IO mode=ap_fifo:ce=0
Port [ N_1]:  wired=1; compound=0; hidden=0; nouse=0; global=0; static=0; extern=0; dir=0; type=0; pingpong=0; private_global=0; IO mode=ap_none:ce=0
Port [ ABC_1]:  wired=1; compound=0; hidden=0; nouse=0; global=0; static=0; extern=0; dir=0; type=0; pingpong=0; private_global=0; IO mode=ap_none:ce=0
Port [ gmem3]:  wired=1; compound=1; hidden=0; nouse=0; global=0; static=0; extern=0; dir=1; type=4; pingpong=0; private_global=0; IO mode=m_axi:ce=0
---------------- STG Properties END ------------------

---------------- Datapath Model BEGIN ----------------

<LifeTime>
<method=bitvector/>
j                     (alloca           ) [ 0110000000000]
jb                    (alloca           ) [ 0110000000000]
indvar_flatten        (alloca           ) [ 0110000000000]
ib                    (alloca           ) [ 0111100000000]
indvar_flatten20      (alloca           ) [ 0110000000000]
specinterface_ln0     (specinterface    ) [ 0000000000000]
specinterface_ln0     (specinterface    ) [ 0000000000000]
ABC_1_read            (read             ) [ 0111110000000]
N_1_read              (read             ) [ 0111000000000]
bound6_read           (read             ) [ 0110000000000]
tmp_4_read            (read             ) [ 0000000000000]
bound                 (zext             ) [ 0110000000000]
store_ln0             (store            ) [ 0000000000000]
store_ln123           (store            ) [ 0000000000000]
store_ln0             (store            ) [ 0000000000000]
store_ln125           (store            ) [ 0000000000000]
store_ln127           (store            ) [ 0000000000000]
br_ln123              (br               ) [ 0000000000000]
indvar_flatten20_load (load             ) [ 0000000000000]
icmp_ln123            (icmp             ) [ 0111111111110]
br_ln123              (br               ) [ 0000000000000]
j_load                (load             ) [ 0000000000000]
jb_load               (load             ) [ 0000000000000]
indvar_flatten_load   (load             ) [ 0000000000000]
add_ln123             (add              ) [ 0000000000000]
icmp_ln125            (icmp             ) [ 0101100000000]
select_ln123          (select           ) [ 0000000000000]
xor_ln123             (xor              ) [ 0000000000000]
icmp_ln127            (icmp             ) [ 0000000000000]
and_ln123             (and              ) [ 0000000000000]
jb_2                  (add              ) [ 0000000000000]
or_ln125              (or               ) [ 0000000000000]
select_ln125          (select           ) [ 0000000000000]
select_ln125_1        (select           ) [ 0000000000000]
shl_ln130_1           (bitconcatenate   ) [ 0000000000000]
zext_ln127            (zext             ) [ 0000000000000]
add_ln130             (add              ) [ 0101000000000]
j_1                   (add              ) [ 0000000000000]
add_ln125_1           (add              ) [ 0000000000000]
select_ln125_2        (select           ) [ 0000000000000]
store_ln123           (store            ) [ 0000000000000]
store_ln125           (store            ) [ 0000000000000]
store_ln125           (store            ) [ 0000000000000]
store_ln127           (store            ) [ 0000000000000]
mul_ln130             (mul              ) [ 0100100000000]
ib_load               (load             ) [ 0000000000000]
add_ln123_1           (add              ) [ 0000000000000]
select_ln123_1        (select           ) [ 0000000000000]
shl_ln                (bitconcatenate   ) [ 0000000000000]
add_ln130_1           (add              ) [ 0100010000000]
store_ln123           (store            ) [ 0000000000000]
tmp                   (bitselect        ) [ 0000000000000]
sub_ln130             (sub              ) [ 0000000000000]
tmp_5                 (partselect       ) [ 0000000000000]
sub_ln130_1           (sub              ) [ 0000000000000]
tmp_6                 (partselect       ) [ 0000000000000]
select_ln130          (select           ) [ 0000000000000]
shl_ln130_2           (bitconcatenate   ) [ 0000000000000]
sext_ln130            (sext             ) [ 0000000000000]
add_ln130_2           (add              ) [ 0000000000000]
trunc_ln130_1         (partselect       ) [ 0100001000000]
AB_stream_read        (read             ) [ 0100000100000]
sext_ln130_1          (sext             ) [ 0000000000000]
gmem3_addr            (getelementptr    ) [ 0100000111111]
gmem3_addr_req        (writereq         ) [ 0000000000000]
write_ln130           (write            ) [ 0000000000000]
specloopname_ln0      (specloopname     ) [ 0000000000000]
speclooptripcount_ln0 (speclooptripcount) [ 0000000000000]
specpipeline_ln128    (specpipeline     ) [ 0000000000000]
gmem3_addr_resp       (writeresp        ) [ 0000000000000]
br_ln127              (br               ) [ 0000000000000]
ret_ln0               (ret              ) [ 0000000000000]
</LifeTime>

<model>

<comp_list>
<comp id="0" class="1000" name="tmp_4">
<pin_list>
<pin id="1" dir="1" index="0" bw="1" slack="0"/>
</pin_list>
<bind>
<StgValue><ssdm name="tmp_4"/></StgValue>
</bind>
</comp>

<comp id="2" class="1000" name="bound6">
<pin_list>
<pin id="3" dir="1" index="0" bw="1" slack="0"/>
</pin_list>
<bind>
<StgValue><ssdm name="bound6"/></StgValue>
</bind>
</comp>

<comp id="4" class="1000" name="AB_stream">
<pin_list>
<pin id="5" dir="1" index="0" bw="1" slack="0"/>
</pin_list>
<bind>
<StgValue><ssdm name="AB_stream"/></StgValue>
</bind>
</comp>

<comp id="6" class="1000" name="N_1">
<pin_list>
<pin id="7" dir="1" index="0" bw="1" slack="0"/>
</pin_list>
<bind>
<StgValue><ssdm name="N_1"/></StgValue>
</bind>
</comp>

<comp id="8" class="1000" name="ABC_1">
<pin_list>
<pin id="9" dir="1" index="0" bw="1" slack="0"/>
</pin_list>
<bind>
<StgValue><ssdm name="ABC_1"/></StgValue>
</bind>
</comp>

<comp id="10" class="1000" name="gmem3">
<pin_list>
<pin id="11" dir="1" index="0" bw="1" slack="0"/>
</pin_list>
<bind>
<StgValue><ssdm name="gmem3"/><MemPortTyVec>1 </MemPortTyVec>
</StgValue>
</bind>
</comp>

<comp id="12" class="1001" name="const_12">
<pin_list>
<pin id="13" dir="1" index="0" bw="1" slack="0"/>
</pin_list>
<bind>
<StgValue><ssdm name=""/></StgValue>
</bind>
</comp>

<comp id="14" class="1001" name="const_14">
<pin_list>
<pin id="15" dir="1" index="0" bw="1" slack="2147483647"/>
</pin_list>
<bind>
<StgValue><ssdm name="_ssdm_op_SpecInterface"/></StgValue>
</bind>
</comp>

<comp id="16" class="1001" name="const_16">
<pin_list>
<pin id="17" dir="1" index="0" bw="1" slack="2147483647"/>
</pin_list>
<bind>
<StgValue><ssdm name="empty_17"/></StgValue>
</bind>
</comp>

<comp id="18" class="1001" name="const_18">
<pin_list>
<pin id="19" dir="1" index="0" bw="1" slack="0"/>
</pin_list>
<bind>
<StgValue><ssdm name=""/></StgValue>
</bind>
</comp>

<comp id="20" class="1001" name="const_20">
<pin_list>
<pin id="21" dir="1" index="0" bw="1" slack="2147483647"/>
</pin_list>
<bind>
<StgValue><ssdm name="empty"/></StgValue>
</bind>
</comp>

<comp id="22" class="1001" name="const_22">
<pin_list>
<pin id="23" dir="1" index="0" bw="1" slack="2147483647"/>
</pin_list>
<bind>
<StgValue><ssdm name=""/></StgValue>
</bind>
</comp>

<comp id="24" class="1001" name="const_24">
<pin_list>
<pin id="25" dir="1" index="0" bw="1" slack="2147483647"/>
</pin_list>
<bind>
<StgValue><ssdm name="empty_21"/></StgValue>
</bind>
</comp>

<comp id="26" class="1001" name="const_26">
<pin_list>
<pin id="27" dir="1" index="0" bw="1" slack="2147483647"/>
</pin_list>
<bind>
<StgValue><ssdm name="empty_1"/></StgValue>
</bind>
</comp>

<comp id="28" class="1001" name="const_28">
<pin_list>
<pin id="29" dir="1" index="0" bw="1" slack="2147483647"/>
</pin_list>
<bind>
<StgValue><ssdm name=""/></StgValue>
</bind>
</comp>

<comp id="30" class="1001" name="const_30">
<pin_list>
<pin id="31" dir="1" index="0" bw="1" slack="2147483647"/>
</pin_list>
<bind>
<StgValue><ssdm name=""/></StgValue>
</bind>
</comp>

<comp id="32" class="1001" name="const_32">
<pin_list>
<pin id="33" dir="1" index="0" bw="1" slack="2147483647"/>
</pin_list>
<bind>
<StgValue><ssdm name=""/></StgValue>
</bind>
</comp>

<comp id="34" class="1001" name="const_34">
<pin_list>
<pin id="35" dir="1" index="0" bw="1" slack="2147483647"/>
</pin_list>
<bind>
<StgValue><ssdm name="empty_9"/></StgValue>
</bind>
</comp>

<comp id="36" class="1001" name="const_36">
<pin_list>
<pin id="37" dir="1" index="0" bw="1" slack="0"/>
</pin_list>
<bind>
<StgValue><ssdm name="_ssdm_op_Read.ap_auto.i64"/></StgValue>
</bind>
</comp>

<comp id="38" class="1001" name="const_38">
<pin_list>
<pin id="39" dir="1" index="0" bw="1" slack="0"/>
</pin_list>
<bind>
<StgValue><ssdm name="_ssdm_op_Read.ap_auto.i32"/></StgValue>
</bind>
</comp>

<comp id="40" class="1001" name="const_40">
<pin_list>
<pin id="41" dir="1" index="0" bw="1" slack="0"/>
</pin_list>
<bind>
<StgValue><ssdm name="_ssdm_op_Read.ap_auto.i58"/></StgValue>
</bind>
</comp>

<comp id="42" class="1001" name="const_42">
<pin_list>
<pin id="43" dir="1" index="0" bw="1" slack="0"/>
</pin_list>
<bind>
<StgValue><ssdm name="_ssdm_op_Read.ap_auto.i31"/></StgValue>
</bind>
</comp>

<comp id="44" class="1001" name="const_44">
<pin_list>
<pin id="45" dir="1" index="0" bw="1" slack="0"/>
</pin_list>
<bind>
<StgValue><ssdm name=""/></StgValue>
</bind>
</comp>

<comp id="46" class="1001" name="const_46">
<pin_list>
<pin id="47" dir="1" index="0" bw="1" slack="0"/>
</pin_list>
<bind>
<StgValue><ssdm name=""/></StgValue>
</bind>
</comp>

<comp id="48" class="1001" name="const_48">
<pin_list>
<pin id="49" dir="1" index="0" bw="1" slack="0"/>
</pin_list>
<bind>
<StgValue><ssdm name=""/></StgValue>
</bind>
</comp>

<comp id="50" class="1001" name="const_50">
<pin_list>
<pin id="51" dir="1" index="0" bw="1" slack="0"/>
</pin_list>
<bind>
<StgValue><ssdm name=""/></StgValue>
</bind>
</comp>

<comp id="52" class="1001" name="const_52">
<pin_list>
<pin id="53" dir="1" index="0" bw="1" slack="0"/>
</pin_list>
<bind>
<StgValue><ssdm name=""/></StgValue>
</bind>
</comp>

<comp id="54" class="1001" name="const_54">
<pin_list>
<pin id="55" dir="1" index="0" bw="1" slack="0"/>
</pin_list>
<bind>
<StgValue><ssdm name=""/></StgValue>
</bind>
</comp>

<comp id="56" class="1001" name="const_56">
<pin_list>
<pin id="57" dir="1" index="0" bw="1" slack="0"/>
</pin_list>
<bind>
<StgValue><ssdm name=""/></StgValue>
</bind>
</comp>

<comp id="58" class="1001" name="const_58">
<pin_list>
<pin id="59" dir="1" index="0" bw="1" slack="0"/>
</pin_list>
<bind>
<StgValue><ssdm name=""/></StgValue>
</bind>
</comp>

<comp id="60" class="1001" name="const_60">
<pin_list>
<pin id="61" dir="1" index="0" bw="1" slack="0"/>
</pin_list>
<bind>
<StgValue><ssdm name="_ssdm_op_BitConcatenate.i32.i28.i4"/></StgValue>
</bind>
</comp>

<comp id="62" class="1001" name="const_62">
<pin_list>
<pin id="63" dir="1" index="0" bw="1" slack="0"/>
</pin_list>
<bind>
<StgValue><ssdm name=""/></StgValue>
</bind>
</comp>

<comp id="64" class="1001" name="const_64">
<pin_list>
<pin id="65" dir="1" index="0" bw="1" slack="0"/>
</pin_list>
<bind>
<StgValue><ssdm name=""/></StgValue>
</bind>
</comp>

<comp id="66" class="1001" name="const_66">
<pin_list>
<pin id="67" dir="1" index="0" bw="1" slack="0"/>
</pin_list>
<bind>
<StgValue><ssdm name=""/></StgValue>
</bind>
</comp>

<comp id="68" class="1001" name="const_68">
<pin_list>
<pin id="69" dir="1" index="0" bw="1" slack="0"/>
</pin_list>
<bind>
<StgValue><ssdm name="_ssdm_op_BitSelect.i1.i32.i32"/></StgValue>
</bind>
</comp>

<comp id="70" class="1001" name="const_70">
<pin_list>
<pin id="71" dir="1" index="0" bw="1" slack="0"/>
</pin_list>
<bind>
<StgValue><ssdm name=""/></StgValue>
</bind>
</comp>

<comp id="72" class="1001" name="const_72">
<pin_list>
<pin id="73" dir="1" index="0" bw="1" slack="0"/>
</pin_list>
<bind>
<StgValue><ssdm name="_ssdm_op_PartSelect.i28.i32.i32.i32"/></StgValue>
</bind>
</comp>

<comp id="74" class="1001" name="const_74">
<pin_list>
<pin id="75" dir="1" index="0" bw="1" slack="0"/>
</pin_list>
<bind>
<StgValue><ssdm name=""/></StgValue>
</bind>
</comp>

<comp id="76" class="1001" name="const_76">
<pin_list>
<pin id="77" dir="1" index="0" bw="1" slack="0"/>
</pin_list>
<bind>
<StgValue><ssdm name="_ssdm_op_BitConcatenate.i34.i28.i6"/></StgValue>
</bind>
</comp>

<comp id="78" class="1001" name="const_78">
<pin_list>
<pin id="79" dir="1" index="0" bw="1" slack="0"/>
</pin_list>
<bind>
<StgValue><ssdm name=""/></StgValue>
</bind>
</comp>

<comp id="80" class="1001" name="const_80">
<pin_list>
<pin id="81" dir="1" index="0" bw="1" slack="0"/>
</pin_list>
<bind>
<StgValue><ssdm name="_ssdm_op_PartSelect.i58.i64.i32.i32"/></StgValue>
</bind>
</comp>

<comp id="82" class="1001" name="const_82">
<pin_list>
<pin id="83" dir="1" index="0" bw="1" slack="0"/>
</pin_list>
<bind>
<StgValue><ssdm name=""/></StgValue>
</bind>
</comp>

<comp id="84" class="1001" name="const_84">
<pin_list>
<pin id="85" dir="1" index="0" bw="1" slack="0"/>
</pin_list>
<bind>
<StgValue><ssdm name=""/></StgValue>
</bind>
</comp>

<comp id="86" class="1001" name="const_86">
<pin_list>
<pin id="87" dir="1" index="0" bw="1" slack="0"/>
</pin_list>
<bind>
<StgValue><ssdm name="_ssdm_op_Read.ap_fifo.volatile.i512P0A"/></StgValue>
</bind>
</comp>

<comp id="88" class="1001" name="const_88">
<pin_list>
<pin id="89" dir="1" index="0" bw="1" slack="0"/>
</pin_list>
<bind>
<StgValue><ssdm name="_ssdm_op_WriteReq.m_axi.i512P1A"/></StgValue>
</bind>
</comp>

<comp id="90" class="1001" name="const_90">
<pin_list>
<pin id="91" dir="1" index="0" bw="1" slack="0"/>
</pin_list>
<bind>
<StgValue><ssdm name=""/></StgValue>
</bind>
</comp>

<comp id="92" class="1001" name="const_92">
<pin_list>
<pin id="93" dir="1" index="0" bw="1" slack="0"/>
</pin_list>
<bind>
<StgValue><ssdm name="_ssdm_op_Write.m_axi.i512P1A"/></StgValue>
</bind>
</comp>

<comp id="94" class="1001" name="const_94">
<pin_list>
<pin id="95" dir="1" index="0" bw="1" slack="0"/>
</pin_list>
<bind>
<StgValue><ssdm name=""/></StgValue>
</bind>
</comp>

<comp id="96" class="1001" name="const_96">
<pin_list>
<pin id="97" dir="1" index="0" bw="1" slack="0"/>
</pin_list>
<bind>
<StgValue><ssdm name="_ssdm_op_WriteResp.m_axi.i512P1A"/></StgValue>
</bind>
</comp>

<comp id="98" class="1001" name="const_98">
<pin_list>
<pin id="99" dir="1" index="0" bw="1" slack="2147483647"/>
</pin_list>
<bind>
<StgValue><ssdm name="_ssdm_op_SpecLoopName"/></StgValue>
</bind>
</comp>

<comp id="100" class="1001" name="const_100">
<pin_list>
<pin id="101" dir="1" index="0" bw="1" slack="2147483647"/>
</pin_list>
<bind>
<StgValue><ssdm name="i_BLOCK_loop_j_BLOCK_loop_j_output_loop_str"/></StgValue>
</bind>
</comp>

<comp id="102" class="1001" name="const_102">
<pin_list>
<pin id="103" dir="1" index="0" bw="1" slack="2147483647"/>
</pin_list>
<bind>
<StgValue><ssdm name="_ssdm_op_SpecLoopTripCount"/></StgValue>
</bind>
</comp>

<comp id="104" class="1001" name="const_104">
<pin_list>
<pin id="105" dir="1" index="0" bw="1" slack="2147483647"/>
</pin_list>
<bind>
<StgValue><ssdm name=""/></StgValue>
</bind>
</comp>

<comp id="106" class="1001" name="const_106">
<pin_list>
<pin id="107" dir="1" index="0" bw="1" slack="2147483647"/>
</pin_list>
<bind>
<StgValue><ssdm name=""/></StgValue>
</bind>
</comp>

<comp id="108" class="1001" name="const_108">
<pin_list>
<pin id="109" dir="1" index="0" bw="1" slack="2147483647"/>
</pin_list>
<bind>
<StgValue><ssdm name=""/></StgValue>
</bind>
</comp>

<comp id="110" class="1001" name="const_110">
<pin_list>
<pin id="111" dir="1" index="0" bw="1" slack="2147483647"/>
</pin_list>
<bind>
<StgValue><ssdm name="_ssdm_op_SpecPipeline"/></StgValue>
</bind>
</comp>

<comp id="112" class="1004" name="j_fu_112">
<pin_list>
<pin id="113" dir="0" index="0" bw="1" slack="0"/>
<pin id="114" dir="1" index="1" bw="5" slack="0"/>
</pin_list>
<bind>
<opcode="alloca(26) " fcode="alloca"/>
<opset="j/1 "/>
</bind>
</comp>

<comp id="116" class="1004" name="jb_fu_116">
<pin_list>
<pin id="117" dir="0" index="0" bw="1" slack="0"/>
<pin id="118" dir="1" index="1" bw="28" slack="0"/>
</pin_list>
<bind>
<opcode="alloca(26) " fcode="alloca"/>
<opset="jb/1 "/>
</bind>
</comp>

<comp id="120" class="1004" name="indvar_flatten_fu_120">
<pin_list>
<pin id="121" dir="0" index="0" bw="1" slack="0"/>
<pin id="122" dir="1" index="1" bw="34" slack="0"/>
</pin_list>
<bind>
<opcode="alloca(26) " fcode="alloca"/>
<opset="indvar_flatten/1 "/>
</bind>
</comp>

<comp id="124" class="1004" name="ib_fu_124">
<pin_list>
<pin id="125" dir="0" index="0" bw="1" slack="0"/>
<pin id="126" dir="1" index="1" bw="28" slack="0"/>
</pin_list>
<bind>
<opcode="alloca(26) " fcode="alloca"/>
<opset="ib/1 "/>
</bind>
</comp>

<comp id="128" class="1004" name="indvar_flatten20_fu_128">
<pin_list>
<pin id="129" dir="0" index="0" bw="1" slack="0"/>
<pin id="130" dir="1" index="1" bw="58" slack="0"/>
</pin_list>
<bind>
<opcode="alloca(26) " fcode="alloca"/>
<opset="indvar_flatten20/1 "/>
</bind>
</comp>

<comp id="132" class="1004" name="ABC_1_read_read_fu_132">
<pin_list>
<pin id="133" dir="0" index="0" bw="64" slack="0"/>
<pin id="134" dir="0" index="1" bw="64" slack="0"/>
<pin id="135" dir="1" index="2" bw="64" slack="4"/>
</pin_list>
<bind>
<opcode="read(1150) " fcode="read"/>
<opset="ABC_1_read/1 "/>
</bind>
</comp>

<comp id="138" class="1004" name="N_1_read_read_fu_138">
<pin_list>
<pin id="139" dir="0" index="0" bw="32" slack="0"/>
<pin id="140" dir="0" index="1" bw="32" slack="0"/>
<pin id="141" dir="1" index="2" bw="32" slack="2"/>
</pin_list>
<bind>
<opcode="read(1150) " fcode="read"/>
<opset="N_1_read/1 "/>
</bind>
</comp>

<comp id="144" class="1004" name="bound6_read_read_fu_144">
<pin_list>
<pin id="145" dir="0" index="0" bw="58" slack="0"/>
<pin id="146" dir="0" index="1" bw="58" slack="0"/>
<pin id="147" dir="1" index="2" bw="58" slack="1"/>
</pin_list>
<bind>
<opcode="read(1150) " fcode="read"/>
<opset="bound6_read/1 "/>
</bind>
</comp>

<comp id="150" class="1004" name="tmp_4_read_read_fu_150">
<pin_list>
<pin id="151" dir="0" index="0" bw="31" slack="0"/>
<pin id="152" dir="0" index="1" bw="31" slack="0"/>
<pin id="153" dir="1" index="2" bw="31" slack="0"/>
</pin_list>
<bind>
<opcode="read(1150) " fcode="read"/>
<opset="tmp_4_read/1 "/>
</bind>
</comp>

<comp id="156" class="1004" name="AB_stream_read_read_fu_156">
<pin_list>
<pin id="157" dir="0" index="0" bw="512" slack="0"/>
<pin id="158" dir="0" index="1" bw="512" slack="0"/>
<pin id="159" dir="1" index="2" bw="512" slack="1"/>
</pin_list>
<bind>
<opcode="read(1150) " fcode="read"/>
<opset="AB_stream_read/6 "/>
</bind>
</comp>

<comp id="162" class="1004" name="gmem3_addr_req_writereq_fu_162">
<pin_list>
<pin id="163" dir="0" index="0" bw="1" slack="0"/>
<pin id="164" dir="0" index="1" bw="512" slack="0"/>
<pin id="165" dir="0" index="2" bw="1" slack="0"/>
<pin id="166" dir="1" index="3" bw="1" slack="2147483647"/>
</pin_list>
<bind>
<opcode="writereq(1155) " fcode="writereq"/>
<opset="gmem3_addr_req/6 "/>
</bind>
</comp>

<comp id="169" class="1004" name="write_ln130_write_fu_169">
<pin_list>
<pin id="170" dir="0" index="0" bw="0" slack="0"/>
<pin id="171" dir="0" index="1" bw="512" slack="1"/>
<pin id="172" dir="0" index="2" bw="512" slack="1"/>
<pin id="173" dir="0" index="3" bw="1" slack="0"/>
<pin id="174" dir="1" index="4" bw="0" slack="2147483647"/>
</pin_list>
<bind>
<opcode="write(1151) " fcode="write"/>
<opset="write_ln130/7 "/>
</bind>
</comp>

<comp id="177" class="1004" name="grp_writeresp_fu_177">
<pin_list>
<pin id="178" dir="0" index="0" bw="1" slack="0"/>
<pin id="179" dir="0" index="1" bw="512" slack="2"/>
<pin id="180" dir="1" index="2" bw="1" slack="2147483647"/>
</pin_list>
<bind>
<opcode="writeresp(1158) " fcode="writeresp"/>
<opset="gmem3_addr_resp/8 "/>
</bind>
</comp>

<comp id="182" class="1004" name="mul_ln130_fu_182">
<pin_list>
<pin id="183" dir="0" index="0" bw="32" slack="2"/>
<pin id="184" dir="0" index="1" bw="32" slack="1"/>
<pin id="185" dir="1" index="2" bw="32" slack="1"/>
</pin_list>
<bind>
<opcode="mul(12) " fcode="mul"/>
<opset="mul_ln130/3 "/>
</bind>
</comp>

<comp id="186" class="1004" name="bound_fu_186">
<pin_list>
<pin id="187" dir="0" index="0" bw="31" slack="0"/>
<pin id="188" dir="1" index="1" bw="34" slack="1"/>
</pin_list>
<bind>
<opcode="zext(34) " fcode="zext"/>
<opset="bound/1 "/>
</bind>
</comp>

<comp id="190" class="1004" name="store_ln0_store_fu_190">
<pin_list>
<pin id="191" dir="0" index="0" bw="1" slack="0"/>
<pin id="192" dir="0" index="1" bw="58" slack="0"/>
<pin id="193" dir="1" index="2" bw="0" slack="2147483647"/>
</pin_list>
<bind>
<opcode="store(28) " fcode="store"/>
<opset="store_ln0/1 "/>
</bind>
</comp>

<comp id="195" class="1004" name="store_ln123_store_fu_195">
<pin_list>
<pin id="196" dir="0" index="0" bw="1" slack="0"/>
<pin id="197" dir="0" index="1" bw="28" slack="0"/>
<pin id="198" dir="1" index="2" bw="0" slack="2147483647"/>
</pin_list>
<bind>
<opcode="store(28) " fcode="store"/>
<opset="store_ln123/1 "/>
</bind>
</comp>

<comp id="200" class="1004" name="store_ln0_store_fu_200">
<pin_list>
<pin id="201" dir="0" index="0" bw="1" slack="0"/>
<pin id="202" dir="0" index="1" bw="34" slack="0"/>
<pin id="203" dir="1" index="2" bw="0" slack="2147483647"/>
</pin_list>
<bind>
<opcode="store(28) " fcode="store"/>
<opset="store_ln0/1 "/>
</bind>
</comp>

<comp id="205" class="1004" name="store_ln125_store_fu_205">
<pin_list>
<pin id="206" dir="0" index="0" bw="1" slack="0"/>
<pin id="207" dir="0" index="1" bw="28" slack="0"/>
<pin id="208" dir="1" index="2" bw="0" slack="2147483647"/>
</pin_list>
<bind>
<opcode="store(28) " fcode="store"/>
<opset="store_ln125/1 "/>
</bind>
</comp>

<comp id="210" class="1004" name="store_ln127_store_fu_210">
<pin_list>
<pin id="211" dir="0" index="0" bw="1" slack="0"/>
<pin id="212" dir="0" index="1" bw="5" slack="0"/>
<pin id="213" dir="1" index="2" bw="0" slack="2147483647"/>
</pin_list>
<bind>
<opcode="store(28) " fcode="store"/>
<opset="store_ln127/1 "/>
</bind>
</comp>

<comp id="215" class="1004" name="indvar_flatten20_load_load_fu_215">
<pin_list>
<pin id="216" dir="0" index="0" bw="58" slack="1"/>
<pin id="217" dir="1" index="1" bw="58" slack="0"/>
</pin_list>
<bind>
<opcode="load(27) " fcode="load"/>
<opset="indvar_flatten20_load/2 "/>
</bind>
</comp>

<comp id="218" class="1004" name="icmp_ln123_fu_218">
<pin_list>
<pin id="219" dir="0" index="0" bw="58" slack="0"/>
<pin id="220" dir="0" index="1" bw="58" slack="1"/>
<pin id="221" dir="1" index="2" bw="1" slack="9"/>
</pin_list>
<bind>
<opcode="icmp(45) " fcode="icmp"/>
<opset="icmp_ln123/2 "/>
</bind>
</comp>

<comp id="223" class="1004" name="j_load_load_fu_223">
<pin_list>
<pin id="224" dir="0" index="0" bw="5" slack="1"/>
<pin id="225" dir="1" index="1" bw="5" slack="0"/>
</pin_list>
<bind>
<opcode="load(27) " fcode="load"/>
<opset="j_load/2 "/>
</bind>
</comp>

<comp id="226" class="1004" name="jb_load_load_fu_226">
<pin_list>
<pin id="227" dir="0" index="0" bw="28" slack="1"/>
<pin id="228" dir="1" index="1" bw="28" slack="0"/>
</pin_list>
<bind>
<opcode="load(27) " fcode="load"/>
<opset="jb_load/2 "/>
</bind>
</comp>

<comp id="229" class="1004" name="indvar_flatten_load_load_fu_229">
<pin_list>
<pin id="230" dir="0" index="0" bw="34" slack="1"/>
<pin id="231" dir="1" index="1" bw="34" slack="0"/>
</pin_list>
<bind>
<opcode="load(27) " fcode="load"/>
<opset="indvar_flatten_load/2 "/>
</bind>
</comp>

<comp id="232" class="1004" name="add_ln123_fu_232">
<pin_list>
<pin id="233" dir="0" index="0" bw="58" slack="0"/>
<pin id="234" dir="0" index="1" bw="1" slack="0"/>
<pin id="235" dir="1" index="2" bw="58" slack="0"/>
</pin_list>
<bind>
<opcode="add(8) " fcode="add"/>
<opset="add_ln123/2 "/>
</bind>
</comp>

<comp id="238" class="1004" name="icmp_ln125_fu_238">
<pin_list>
<pin id="239" dir="0" index="0" bw="34" slack="0"/>
<pin id="240" dir="0" index="1" bw="31" slack="1"/>
<pin id="241" dir="1" index="2" bw="1" slack="0"/>
</pin_list>
<bind>
<opcode="icmp(45) " fcode="icmp"/>
<opset="icmp_ln125/2 "/>
</bind>
</comp>

<comp id="243" class="1004" name="select_ln123_fu_243">
<pin_list>
<pin id="244" dir="0" index="0" bw="1" slack="0"/>
<pin id="245" dir="0" index="1" bw="1" slack="0"/>
<pin id="246" dir="0" index="2" bw="28" slack="0"/>
<pin id="247" dir="1" index="3" bw="28" slack="0"/>
</pin_list>
<bind>
<opcode="select(49) " fcode="select"/>
<opset="select_ln123/2 "/>
</bind>
</comp>

<comp id="251" class="1004" name="xor_ln123_fu_251">
<pin_list>
<pin id="252" dir="0" index="0" bw="1" slack="0"/>
<pin id="253" dir="0" index="1" bw="1" slack="0"/>
<pin id="254" dir="1" index="2" bw="1" slack="0"/>
</pin_list>
<bind>
<opcode="xor(25) " fcode="xor"/>
<opset="xor_ln123/2 "/>
</bind>
</comp>

<comp id="257" class="1004" name="icmp_ln127_fu_257">
<pin_list>
<pin id="258" dir="0" index="0" bw="5" slack="0"/>
<pin id="259" dir="0" index="1" bw="5" slack="0"/>
<pin id="260" dir="1" index="2" bw="1" slack="0"/>
</pin_list>
<bind>
<opcode="icmp(45) " fcode="icmp"/>
<opset="icmp_ln127/2 "/>
</bind>
</comp>

<comp id="263" class="1004" name="and_ln123_fu_263">
<pin_list>
<pin id="264" dir="0" index="0" bw="1" slack="0"/>
<pin id="265" dir="0" index="1" bw="1" slack="0"/>
<pin id="266" dir="1" index="2" bw="1" slack="0"/>
</pin_list>
<bind>
<opcode="and(23) " fcode="and"/>
<opset="and_ln123/2 "/>
</bind>
</comp>

<comp id="269" class="1004" name="jb_2_fu_269">
<pin_list>
<pin id="270" dir="0" index="0" bw="28" slack="0"/>
<pin id="271" dir="0" index="1" bw="1" slack="0"/>
<pin id="272" dir="1" index="2" bw="28" slack="0"/>
</pin_list>
<bind>
<opcode="add(8) " fcode="add"/>
<opset="jb_2/2 "/>
</bind>
</comp>

<comp id="275" class="1004" name="or_ln125_fu_275">
<pin_list>
<pin id="276" dir="0" index="0" bw="1" slack="0"/>
<pin id="277" dir="0" index="1" bw="1" slack="0"/>
<pin id="278" dir="1" index="2" bw="1" slack="0"/>
</pin_list>
<bind>
<opcode="or(24) " fcode="or"/>
<opset="or_ln125/2 "/>
</bind>
</comp>

<comp id="281" class="1004" name="select_ln125_fu_281">
<pin_list>
<pin id="282" dir="0" index="0" bw="1" slack="0"/>
<pin id="283" dir="0" index="1" bw="1" slack="0"/>
<pin id="284" dir="0" index="2" bw="5" slack="0"/>
<pin id="285" dir="1" index="3" bw="5" slack="0"/>
</pin_list>
<bind>
<opcode="select(49) " fcode="select"/>
<opset="select_ln125/2 "/>
</bind>
</comp>

<comp id="289" class="1004" name="select_ln125_1_fu_289">
<pin_list>
<pin id="290" dir="0" index="0" bw="1" slack="0"/>
<pin id="291" dir="0" index="1" bw="28" slack="0"/>
<pin id="292" dir="0" index="2" bw="28" slack="0"/>
<pin id="293" dir="1" index="3" bw="28" slack="0"/>
</pin_list>
<bind>
<opcode="select(49) " fcode="select"/>
<opset="select_ln125_1/2 "/>
</bind>
</comp>

<comp id="297" class="1004" name="shl_ln130_1_fu_297">
<pin_list>
<pin id="298" dir="0" index="0" bw="32" slack="0"/>
<pin id="299" dir="0" index="1" bw="28" slack="0"/>
<pin id="300" dir="0" index="2" bw="1" slack="0"/>
<pin id="301" dir="1" index="3" bw="32" slack="0"/>
</pin_list>
<bind>
<opcode="bitconcatenate(1004) " fcode="bitconcatenate"/>
<opset="shl_ln130_1/2 "/>
</bind>
</comp>

<comp id="305" class="1004" name="zext_ln127_fu_305">
<pin_list>
<pin id="306" dir="0" index="0" bw="5" slack="0"/>
<pin id="307" dir="1" index="1" bw="32" slack="0"/>
</pin_list>
<bind>
<opcode="zext(34) " fcode="zext"/>
<opset="zext_ln127/2 "/>
</bind>
</comp>

<comp id="309" class="1004" name="add_ln130_fu_309">
<pin_list>
<pin id="310" dir="0" index="0" bw="32" slack="0"/>
<pin id="311" dir="0" index="1" bw="5" slack="0"/>
<pin id="312" dir="1" index="2" bw="32" slack="1"/>
</pin_list>
<bind>
<opcode="add(8) " fcode="add"/>
<opset="add_ln130/2 "/>
</bind>
</comp>

<comp id="315" class="1004" name="j_1_fu_315">
<pin_list>
<pin id="316" dir="0" index="0" bw="5" slack="0"/>
<pin id="317" dir="0" index="1" bw="1" slack="0"/>
<pin id="318" dir="1" index="2" bw="5" slack="0"/>
</pin_list>
<bind>
<opcode="add(8) " fcode="add"/>
<opset="j_1/2 "/>
</bind>
</comp>

<comp id="321" class="1004" name="add_ln125_1_fu_321">
<pin_list>
<pin id="322" dir="0" index="0" bw="34" slack="0"/>
<pin id="323" dir="0" index="1" bw="1" slack="0"/>
<pin id="324" dir="1" index="2" bw="34" slack="0"/>
</pin_list>
<bind>
<opcode="add(8) " fcode="add"/>
<opset="add_ln125_1/2 "/>
</bind>
</comp>

<comp id="327" class="1004" name="select_ln125_2_fu_327">
<pin_list>
<pin id="328" dir="0" index="0" bw="1" slack="0"/>
<pin id="329" dir="0" index="1" bw="1" slack="0"/>
<pin id="330" dir="0" index="2" bw="34" slack="0"/>
<pin id="331" dir="1" index="3" bw="34" slack="0"/>
</pin_list>
<bind>
<opcode="select(49) " fcode="select"/>
<opset="select_ln125_2/2 "/>
</bind>
</comp>

<comp id="335" class="1004" name="store_ln123_store_fu_335">
<pin_list>
<pin id="336" dir="0" index="0" bw="58" slack="0"/>
<pin id="337" dir="0" index="1" bw="58" slack="1"/>
<pin id="338" dir="1" index="2" bw="0" slack="2147483647"/>
</pin_list>
<bind>
<opcode="store(28) " fcode="store"/>
<opset="store_ln123/2 "/>
</bind>
</comp>

<comp id="340" class="1004" name="store_ln125_store_fu_340">
<pin_list>
<pin id="341" dir="0" index="0" bw="34" slack="0"/>
<pin id="342" dir="0" index="1" bw="34" slack="1"/>
<pin id="343" dir="1" index="2" bw="0" slack="2147483647"/>
</pin_list>
<bind>
<opcode="store(28) " fcode="store"/>
<opset="store_ln125/2 "/>
</bind>
</comp>

<comp id="345" class="1004" name="store_ln125_store_fu_345">
<pin_list>
<pin id="346" dir="0" index="0" bw="28" slack="0"/>
<pin id="347" dir="0" index="1" bw="28" slack="1"/>
<pin id="348" dir="1" index="2" bw="0" slack="2147483647"/>
</pin_list>
<bind>
<opcode="store(28) " fcode="store"/>
<opset="store_ln125/2 "/>
</bind>
</comp>

<comp id="350" class="1004" name="store_ln127_store_fu_350">
<pin_list>
<pin id="351" dir="0" index="0" bw="5" slack="0"/>
<pin id="352" dir="0" index="1" bw="5" slack="1"/>
<pin id="353" dir="1" index="2" bw="0" slack="2147483647"/>
</pin_list>
<bind>
<opcode="store(28) " fcode="store"/>
<opset="store_ln127/2 "/>
</bind>
</comp>

<comp id="355" class="1004" name="ib_load_load_fu_355">
<pin_list>
<pin id="356" dir="0" index="0" bw="28" slack="3"/>
<pin id="357" dir="1" index="1" bw="28" slack="0"/>
</pin_list>
<bind>
<opcode="load(27) " fcode="load"/>
<opset="ib_load/4 "/>
</bind>
</comp>

<comp id="358" class="1004" name="add_ln123_1_fu_358">
<pin_list>
<pin id="359" dir="0" index="0" bw="28" slack="0"/>
<pin id="360" dir="0" index="1" bw="1" slack="0"/>
<pin id="361" dir="1" index="2" bw="28" slack="0"/>
</pin_list>
<bind>
<opcode="add(8) " fcode="add"/>
<opset="add_ln123_1/4 "/>
</bind>
</comp>

<comp id="364" class="1004" name="select_ln123_1_fu_364">
<pin_list>
<pin id="365" dir="0" index="0" bw="1" slack="2"/>
<pin id="366" dir="0" index="1" bw="28" slack="0"/>
<pin id="367" dir="0" index="2" bw="28" slack="0"/>
<pin id="368" dir="1" index="3" bw="28" slack="0"/>
</pin_list>
<bind>
<opcode="select(49) " fcode="select"/>
<opset="select_ln123_1/4 "/>
</bind>
</comp>

<comp id="371" class="1004" name="shl_ln_fu_371">
<pin_list>
<pin id="372" dir="0" index="0" bw="32" slack="0"/>
<pin id="373" dir="0" index="1" bw="28" slack="0"/>
<pin id="374" dir="0" index="2" bw="1" slack="0"/>
<pin id="375" dir="1" index="3" bw="32" slack="0"/>
</pin_list>
<bind>
<opcode="bitconcatenate(1004) " fcode="bitconcatenate"/>
<opset="shl_ln/4 "/>
</bind>
</comp>

<comp id="379" class="1004" name="add_ln130_1_fu_379">
<pin_list>
<pin id="380" dir="0" index="0" bw="32" slack="1"/>
<pin id="381" dir="0" index="1" bw="32" slack="0"/>
<pin id="382" dir="1" index="2" bw="32" slack="1"/>
</pin_list>
<bind>
<opcode="add(8) " fcode="add"/>
<opset="add_ln130_1/4 "/>
</bind>
</comp>

<comp id="384" class="1004" name="store_ln123_store_fu_384">
<pin_list>
<pin id="385" dir="0" index="0" bw="28" slack="0"/>
<pin id="386" dir="0" index="1" bw="28" slack="3"/>
<pin id="387" dir="1" index="2" bw="0" slack="2147483647"/>
</pin_list>
<bind>
<opcode="store(28) " fcode="store"/>
<opset="store_ln123/4 "/>
</bind>
</comp>

<comp id="389" class="1004" name="tmp_fu_389">
<pin_list>
<pin id="390" dir="0" index="0" bw="1" slack="0"/>
<pin id="391" dir="0" index="1" bw="32" slack="1"/>
<pin id="392" dir="0" index="2" bw="6" slack="0"/>
<pin id="393" dir="1" index="3" bw="1" slack="0"/>
</pin_list>
<bind>
<opcode="bitselect(1000) " fcode="bitselect"/>
<opset="tmp/5 "/>
</bind>
</comp>

<comp id="396" class="1004" name="sub_ln130_fu_396">
<pin_list>
<pin id="397" dir="0" index="0" bw="1" slack="0"/>
<pin id="398" dir="0" index="1" bw="32" slack="1"/>
<pin id="399" dir="1" index="2" bw="32" slack="0"/>
</pin_list>
<bind>
<opcode="sub(10) " fcode="sub"/>
<opset="sub_ln130/5 "/>
</bind>
</comp>

<comp id="401" class="1004" name="tmp_5_fu_401">
<pin_list>
<pin id="402" dir="0" index="0" bw="28" slack="0"/>
<pin id="403" dir="0" index="1" bw="32" slack="0"/>
<pin id="404" dir="0" index="2" bw="4" slack="0"/>
<pin id="405" dir="0" index="3" bw="6" slack="0"/>
<pin id="406" dir="1" index="4" bw="28" slack="0"/>
</pin_list>
<bind>
<opcode="partselect(1002) " fcode="partselect"/>
<opset="tmp_5/5 "/>
</bind>
</comp>

<comp id="411" class="1004" name="sub_ln130_1_fu_411">
<pin_list>
<pin id="412" dir="0" index="0" bw="1" slack="0"/>
<pin id="413" dir="0" index="1" bw="28" slack="0"/>
<pin id="414" dir="1" index="2" bw="28" slack="0"/>
</pin_list>
<bind>
<opcode="sub(10) " fcode="sub"/>
<opset="sub_ln130_1/5 "/>
</bind>
</comp>

<comp id="417" class="1004" name="tmp_6_fu_417">
<pin_list>
<pin id="418" dir="0" index="0" bw="28" slack="0"/>
<pin id="419" dir="0" index="1" bw="32" slack="1"/>
<pin id="420" dir="0" index="2" bw="4" slack="0"/>
<pin id="421" dir="0" index="3" bw="6" slack="0"/>
<pin id="422" dir="1" index="4" bw="28" slack="0"/>
</pin_list>
<bind>
<opcode="partselect(1002) " fcode="partselect"/>
<opset="tmp_6/5 "/>
</bind>
</comp>

<comp id="426" class="1004" name="select_ln130_fu_426">
<pin_list>
<pin id="427" dir="0" index="0" bw="1" slack="0"/>
<pin id="428" dir="0" index="1" bw="28" slack="0"/>
<pin id="429" dir="0" index="2" bw="28" slack="0"/>
<pin id="430" dir="1" index="3" bw="28" slack="0"/>
</pin_list>
<bind>
<opcode="select(49) " fcode="select"/>
<opset="select_ln130/5 "/>
</bind>
</comp>

<comp id="434" class="1004" name="shl_ln130_2_fu_434">
<pin_list>
<pin id="435" dir="0" index="0" bw="34" slack="0"/>
<pin id="436" dir="0" index="1" bw="28" slack="0"/>
<pin id="437" dir="0" index="2" bw="1" slack="0"/>
<pin id="438" dir="1" index="3" bw="34" slack="0"/>
</pin_list>
<bind>
<opcode="bitconcatenate(1004) " fcode="bitconcatenate"/>
<opset="shl_ln130_2/5 "/>
</bind>
</comp>

<comp id="442" class="1004" name="sext_ln130_fu_442">
<pin_list>
<pin id="443" dir="0" index="0" bw="34" slack="0"/>
<pin id="444" dir="1" index="1" bw="64" slack="0"/>
</pin_list>
<bind>
<opcode="sext(35) " fcode="sext"/>
<opset="sext_ln130/5 "/>
</bind>
</comp>

<comp id="446" class="1004" name="add_ln130_2_fu_446">
<pin_list>
<pin id="447" dir="0" index="0" bw="64" slack="4"/>
<pin id="448" dir="0" index="1" bw="34" slack="0"/>
<pin id="449" dir="1" index="2" bw="64" slack="0"/>
</pin_list>
<bind>
<opcode="add(8) " fcode="add"/>
<opset="add_ln130_2/5 "/>
</bind>
</comp>

<comp id="451" class="1004" name="trunc_ln130_1_fu_451">
<pin_list>
<pin id="452" dir="0" index="0" bw="58" slack="0"/>
<pin id="453" dir="0" index="1" bw="64" slack="0"/>
<pin id="454" dir="0" index="2" bw="4" slack="0"/>
<pin id="455" dir="0" index="3" bw="7" slack="0"/>
<pin id="456" dir="1" index="4" bw="58" slack="1"/>
</pin_list>
<bind>
<opcode="partselect(1002) " fcode="partselect"/>
<opset="trunc_ln130_1/5 "/>
</bind>
</comp>

<comp id="461" class="1004" name="sext_ln130_1_fu_461">
<pin_list>
<pin id="462" dir="0" index="0" bw="58" slack="1"/>
<pin id="463" dir="1" index="1" bw="64" slack="0"/>
</pin_list>
<bind>
<opcode="sext(35) " fcode="sext"/>
<opset="sext_ln130_1/6 "/>
</bind>
</comp>

<comp id="464" class="1004" name="gmem3_addr_fu_464">
<pin_list>
<pin id="465" dir="0" index="0" bw="512" slack="0"/>
<pin id="466" dir="0" index="1" bw="58" slack="0"/>
<pin id="467" dir="1" index="2" bw="512" slack="0"/>
</pin_list>
<bind>
<opcode="getelementptr(29) " fcode="getelementptr"/>
<opset="gmem3_addr/6 "/>
</bind>
</comp>

<comp id="471" class="1005" name="j_reg_471">
<pin_list>
<pin id="472" dir="0" index="0" bw="5" slack="0"/>
<pin id="473" dir="1" index="1" bw="5" slack="0"/>
</pin_list>
<bind>
<opset="j "/>
</bind>
</comp>

<comp id="478" class="1005" name="jb_reg_478">
<pin_list>
<pin id="479" dir="0" index="0" bw="28" slack="0"/>
<pin id="480" dir="1" index="1" bw="28" slack="0"/>
</pin_list>
<bind>
<opset="jb "/>
</bind>
</comp>

<comp id="485" class="1005" name="indvar_flatten_reg_485">
<pin_list>
<pin id="486" dir="0" index="0" bw="34" slack="0"/>
<pin id="487" dir="1" index="1" bw="34" slack="0"/>
</pin_list>
<bind>
<opset="indvar_flatten "/>
</bind>
</comp>

<comp id="492" class="1005" name="ib_reg_492">
<pin_list>
<pin id="493" dir="0" index="0" bw="28" slack="0"/>
<pin id="494" dir="1" index="1" bw="28" slack="0"/>
</pin_list>
<bind>
<opset="ib "/>
</bind>
</comp>

<comp id="499" class="1005" name="indvar_flatten20_reg_499">
<pin_list>
<pin id="500" dir="0" index="0" bw="58" slack="0"/>
<pin id="501" dir="1" index="1" bw="58" slack="0"/>
</pin_list>
<bind>
<opset="indvar_flatten20 "/>
</bind>
</comp>

<comp id="506" class="1005" name="ABC_1_read_reg_506">
<pin_list>
<pin id="507" dir="0" index="0" bw="64" slack="4"/>
<pin id="508" dir="1" index="1" bw="64" slack="4"/>
</pin_list>
<bind>
<opset="ABC_1_read "/>
</bind>
</comp>

<comp id="511" class="1005" name="N_1_read_reg_511">
<pin_list>
<pin id="512" dir="0" index="0" bw="32" slack="2"/>
<pin id="513" dir="1" index="1" bw="32" slack="2"/>
</pin_list>
<bind>
<opset="N_1_read "/>
</bind>
</comp>

<comp id="516" class="1005" name="bound6_read_reg_516">
<pin_list>
<pin id="517" dir="0" index="0" bw="58" slack="1"/>
<pin id="518" dir="1" index="1" bw="58" slack="1"/>
</pin_list>
<bind>
<opset="bound6_read "/>
</bind>
</comp>

<comp id="521" class="1005" name="bound_reg_521">
<pin_list>
<pin id="522" dir="0" index="0" bw="34" slack="1"/>
<pin id="523" dir="1" index="1" bw="34" slack="1"/>
</pin_list>
<bind>
<opset="bound "/>
</bind>
</comp>

<comp id="526" class="1005" name="icmp_ln123_reg_526">
<pin_list>
<pin id="527" dir="0" index="0" bw="1" slack="9"/>
<pin id="528" dir="1" index="1" bw="1" slack="2147483647"/>
</pin_list>
<bind>
<opset="icmp_ln123 "/>
</bind>
</comp>

<comp id="530" class="1005" name="icmp_ln125_reg_530">
<pin_list>
<pin id="531" dir="0" index="0" bw="1" slack="2"/>
<pin id="532" dir="1" index="1" bw="1" slack="2"/>
</pin_list>
<bind>
<opset="icmp_ln125 "/>
</bind>
</comp>

<comp id="535" class="1005" name="add_ln130_reg_535">
<pin_list>
<pin id="536" dir="0" index="0" bw="32" slack="1"/>
<pin id="537" dir="1" index="1" bw="32" slack="1"/>
</pin_list>
<bind>
<opset="add_ln130 "/>
</bind>
</comp>

<comp id="540" class="1005" name="mul_ln130_reg_540">
<pin_list>
<pin id="541" dir="0" index="0" bw="32" slack="1"/>
<pin id="542" dir="1" index="1" bw="32" slack="1"/>
</pin_list>
<bind>
<opset="mul_ln130 "/>
</bind>
</comp>

<comp id="545" class="1005" name="add_ln130_1_reg_545">
<pin_list>
<pin id="546" dir="0" index="0" bw="32" slack="1"/>
<pin id="547" dir="1" index="1" bw="32" slack="1"/>
</pin_list>
<bind>
<opset="add_ln130_1 "/>
</bind>
</comp>

<comp id="552" class="1005" name="trunc_ln130_1_reg_552">
<pin_list>
<pin id="553" dir="0" index="0" bw="58" slack="1"/>
<pin id="554" dir="1" index="1" bw="58" slack="1"/>
</pin_list>
<bind>
<opset="trunc_ln130_1 "/>
</bind>
</comp>

<comp id="557" class="1005" name="AB_stream_read_reg_557">
<pin_list>
<pin id="558" dir="0" index="0" bw="512" slack="1"/>
<pin id="559" dir="1" index="1" bw="512" slack="1"/>
</pin_list>
<bind>
<opset="AB_stream_read "/>
</bind>
</comp>

<comp id="562" class="1005" name="gmem3_addr_reg_562">
<pin_list>
<pin id="563" dir="0" index="0" bw="512" slack="1"/>
<pin id="564" dir="1" index="1" bw="512" slack="1"/>
</pin_list>
<bind>
<opset="gmem3_addr "/>
</bind>
</comp>

</comp_list>

<net_list>
<net id="115"><net_src comp="12" pin="0"/><net_sink comp="112" pin=0"/></net>

<net id="119"><net_src comp="12" pin="0"/><net_sink comp="116" pin=0"/></net>

<net id="123"><net_src comp="12" pin="0"/><net_sink comp="120" pin=0"/></net>

<net id="127"><net_src comp="12" pin="0"/><net_sink comp="124" pin=0"/></net>

<net id="131"><net_src comp="12" pin="0"/><net_sink comp="128" pin=0"/></net>

<net id="136"><net_src comp="36" pin="0"/><net_sink comp="132" pin=0"/></net>

<net id="137"><net_src comp="8" pin="0"/><net_sink comp="132" pin=1"/></net>

<net id="142"><net_src comp="38" pin="0"/><net_sink comp="138" pin=0"/></net>

<net id="143"><net_src comp="6" pin="0"/><net_sink comp="138" pin=1"/></net>

<net id="148"><net_src comp="40" pin="0"/><net_sink comp="144" pin=0"/></net>

<net id="149"><net_src comp="2" pin="0"/><net_sink comp="144" pin=1"/></net>

<net id="154"><net_src comp="42" pin="0"/><net_sink comp="150" pin=0"/></net>

<net id="155"><net_src comp="0" pin="0"/><net_sink comp="150" pin=1"/></net>

<net id="160"><net_src comp="86" pin="0"/><net_sink comp="156" pin=0"/></net>

<net id="161"><net_src comp="4" pin="0"/><net_sink comp="156" pin=1"/></net>

<net id="167"><net_src comp="88" pin="0"/><net_sink comp="162" pin=0"/></net>

<net id="168"><net_src comp="90" pin="0"/><net_sink comp="162" pin=2"/></net>

<net id="175"><net_src comp="92" pin="0"/><net_sink comp="169" pin=0"/></net>

<net id="176"><net_src comp="94" pin="0"/><net_sink comp="169" pin=3"/></net>

<net id="181"><net_src comp="96" pin="0"/><net_sink comp="177" pin=0"/></net>

<net id="189"><net_src comp="150" pin="2"/><net_sink comp="186" pin=0"/></net>

<net id="194"><net_src comp="44" pin="0"/><net_sink comp="190" pin=0"/></net>

<net id="199"><net_src comp="46" pin="0"/><net_sink comp="195" pin=0"/></net>

<net id="204"><net_src comp="48" pin="0"/><net_sink comp="200" pin=0"/></net>

<net id="209"><net_src comp="46" pin="0"/><net_sink comp="205" pin=0"/></net>

<net id="214"><net_src comp="50" pin="0"/><net_sink comp="210" pin=0"/></net>

<net id="222"><net_src comp="215" pin="1"/><net_sink comp="218" pin=0"/></net>

<net id="236"><net_src comp="215" pin="1"/><net_sink comp="232" pin=0"/></net>

<net id="237"><net_src comp="52" pin="0"/><net_sink comp="232" pin=1"/></net>

<net id="242"><net_src comp="229" pin="1"/><net_sink comp="238" pin=0"/></net>

<net id="248"><net_src comp="238" pin="2"/><net_sink comp="243" pin=0"/></net>

<net id="249"><net_src comp="46" pin="0"/><net_sink comp="243" pin=1"/></net>

<net id="250"><net_src comp="226" pin="1"/><net_sink comp="243" pin=2"/></net>

<net id="255"><net_src comp="238" pin="2"/><net_sink comp="251" pin=0"/></net>

<net id="256"><net_src comp="54" pin="0"/><net_sink comp="251" pin=1"/></net>

<net id="261"><net_src comp="223" pin="1"/><net_sink comp="257" pin=0"/></net>

<net id="262"><net_src comp="56" pin="0"/><net_sink comp="257" pin=1"/></net>

<net id="267"><net_src comp="257" pin="2"/><net_sink comp="263" pin=0"/></net>

<net id="268"><net_src comp="251" pin="2"/><net_sink comp="263" pin=1"/></net>

<net id="273"><net_src comp="243" pin="3"/><net_sink comp="269" pin=0"/></net>

<net id="274"><net_src comp="58" pin="0"/><net_sink comp="269" pin=1"/></net>

<net id="279"><net_src comp="263" pin="2"/><net_sink comp="275" pin=0"/></net>

<net id="280"><net_src comp="238" pin="2"/><net_sink comp="275" pin=1"/></net>

<net id="286"><net_src comp="275" pin="2"/><net_sink comp="281" pin=0"/></net>

<net id="287"><net_src comp="50" pin="0"/><net_sink comp="281" pin=1"/></net>

<net id="288"><net_src comp="223" pin="1"/><net_sink comp="281" pin=2"/></net>

<net id="294"><net_src comp="263" pin="2"/><net_sink comp="289" pin=0"/></net>

<net id="295"><net_src comp="269" pin="2"/><net_sink comp="289" pin=1"/></net>

<net id="296"><net_src comp="243" pin="3"/><net_sink comp="289" pin=2"/></net>

<net id="302"><net_src comp="60" pin="0"/><net_sink comp="297" pin=0"/></net>

<net id="303"><net_src comp="289" pin="3"/><net_sink comp="297" pin=1"/></net>

<net id="304"><net_src comp="62" pin="0"/><net_sink comp="297" pin=2"/></net>

<net id="308"><net_src comp="281" pin="3"/><net_sink comp="305" pin=0"/></net>

<net id="313"><net_src comp="297" pin="3"/><net_sink comp="309" pin=0"/></net>

<net id="314"><net_src comp="305" pin="1"/><net_sink comp="309" pin=1"/></net>

<net id="319"><net_src comp="281" pin="3"/><net_sink comp="315" pin=0"/></net>

<net id="320"><net_src comp="64" pin="0"/><net_sink comp="315" pin=1"/></net>

<net id="325"><net_src comp="229" pin="1"/><net_sink comp="321" pin=0"/></net>

<net id="326"><net_src comp="66" pin="0"/><net_sink comp="321" pin=1"/></net>

<net id="332"><net_src comp="238" pin="2"/><net_sink comp="327" pin=0"/></net>

<net id="333"><net_src comp="66" pin="0"/><net_sink comp="327" pin=1"/></net>

<net id="334"><net_src comp="321" pin="2"/><net_sink comp="327" pin=2"/></net>

<net id="339"><net_src comp="232" pin="2"/><net_sink comp="335" pin=0"/></net>

<net id="344"><net_src comp="327" pin="3"/><net_sink comp="340" pin=0"/></net>

<net id="349"><net_src comp="289" pin="3"/><net_sink comp="345" pin=0"/></net>

<net id="354"><net_src comp="315" pin="2"/><net_sink comp="350" pin=0"/></net>

<net id="362"><net_src comp="355" pin="1"/><net_sink comp="358" pin=0"/></net>

<net id="363"><net_src comp="58" pin="0"/><net_sink comp="358" pin=1"/></net>

<net id="369"><net_src comp="358" pin="2"/><net_sink comp="364" pin=1"/></net>

<net id="370"><net_src comp="355" pin="1"/><net_sink comp="364" pin=2"/></net>

<net id="376"><net_src comp="60" pin="0"/><net_sink comp="371" pin=0"/></net>

<net id="377"><net_src comp="364" pin="3"/><net_sink comp="371" pin=1"/></net>

<net id="378"><net_src comp="62" pin="0"/><net_sink comp="371" pin=2"/></net>

<net id="383"><net_src comp="371" pin="3"/><net_sink comp="379" pin=1"/></net>

<net id="388"><net_src comp="364" pin="3"/><net_sink comp="384" pin=0"/></net>

<net id="394"><net_src comp="68" pin="0"/><net_sink comp="389" pin=0"/></net>

<net id="395"><net_src comp="70" pin="0"/><net_sink comp="389" pin=2"/></net>

<net id="400"><net_src comp="18" pin="0"/><net_sink comp="396" pin=0"/></net>

<net id="407"><net_src comp="72" pin="0"/><net_sink comp="401" pin=0"/></net>

<net id="408"><net_src comp="396" pin="2"/><net_sink comp="401" pin=1"/></net>

<net id="409"><net_src comp="74" pin="0"/><net_sink comp="401" pin=2"/></net>

<net id="410"><net_src comp="70" pin="0"/><net_sink comp="401" pin=3"/></net>

<net id="415"><net_src comp="46" pin="0"/><net_sink comp="411" pin=0"/></net>

<net id="416"><net_src comp="401" pin="4"/><net_sink comp="411" pin=1"/></net>

<net id="423"><net_src comp="72" pin="0"/><net_sink comp="417" pin=0"/></net>

<net id="424"><net_src comp="74" pin="0"/><net_sink comp="417" pin=2"/></net>

<net id="425"><net_src comp="70" pin="0"/><net_sink comp="417" pin=3"/></net>

<net id="431"><net_src comp="389" pin="3"/><net_sink comp="426" pin=0"/></net>

<net id="432"><net_src comp="411" pin="2"/><net_sink comp="426" pin=1"/></net>

<net id="433"><net_src comp="417" pin="4"/><net_sink comp="426" pin=2"/></net>

<net id="439"><net_src comp="76" pin="0"/><net_sink comp="434" pin=0"/></net>

<net id="440"><net_src comp="426" pin="3"/><net_sink comp="434" pin=1"/></net>

<net id="441"><net_src comp="78" pin="0"/><net_sink comp="434" pin=2"/></net>

<net id="445"><net_src comp="434" pin="3"/><net_sink comp="442" pin=0"/></net>

<net id="450"><net_src comp="442" pin="1"/><net_sink comp="446" pin=1"/></net>

<net id="457"><net_src comp="80" pin="0"/><net_sink comp="451" pin=0"/></net>

<net id="458"><net_src comp="446" pin="2"/><net_sink comp="451" pin=1"/></net>

<net id="459"><net_src comp="82" pin="0"/><net_sink comp="451" pin=2"/></net>

<net id="460"><net_src comp="84" pin="0"/><net_sink comp="451" pin=3"/></net>

<net id="468"><net_src comp="10" pin="0"/><net_sink comp="464" pin=0"/></net>

<net id="469"><net_src comp="461" pin="1"/><net_sink comp="464" pin=1"/></net>

<net id="470"><net_src comp="464" pin="2"/><net_sink comp="162" pin=1"/></net>

<net id="474"><net_src comp="112" pin="1"/><net_sink comp="471" pin=0"/></net>

<net id="475"><net_src comp="471" pin="1"/><net_sink comp="210" pin=1"/></net>

<net id="476"><net_src comp="471" pin="1"/><net_sink comp="223" pin=0"/></net>

<net id="477"><net_src comp="471" pin="1"/><net_sink comp="350" pin=1"/></net>

<net id="481"><net_src comp="116" pin="1"/><net_sink comp="478" pin=0"/></net>

<net id="482"><net_src comp="478" pin="1"/><net_sink comp="205" pin=1"/></net>

<net id="483"><net_src comp="478" pin="1"/><net_sink comp="226" pin=0"/></net>

<net id="484"><net_src comp="478" pin="1"/><net_sink comp="345" pin=1"/></net>

<net id="488"><net_src comp="120" pin="1"/><net_sink comp="485" pin=0"/></net>

<net id="489"><net_src comp="485" pin="1"/><net_sink comp="200" pin=1"/></net>

<net id="490"><net_src comp="485" pin="1"/><net_sink comp="229" pin=0"/></net>

<net id="491"><net_src comp="485" pin="1"/><net_sink comp="340" pin=1"/></net>

<net id="495"><net_src comp="124" pin="1"/><net_sink comp="492" pin=0"/></net>

<net id="496"><net_src comp="492" pin="1"/><net_sink comp="195" pin=1"/></net>

<net id="497"><net_src comp="492" pin="1"/><net_sink comp="355" pin=0"/></net>

<net id="498"><net_src comp="492" pin="1"/><net_sink comp="384" pin=1"/></net>

<net id="502"><net_src comp="128" pin="1"/><net_sink comp="499" pin=0"/></net>

<net id="503"><net_src comp="499" pin="1"/><net_sink comp="190" pin=1"/></net>

<net id="504"><net_src comp="499" pin="1"/><net_sink comp="215" pin=0"/></net>

<net id="505"><net_src comp="499" pin="1"/><net_sink comp="335" pin=1"/></net>

<net id="509"><net_src comp="132" pin="2"/><net_sink comp="506" pin=0"/></net>

<net id="510"><net_src comp="506" pin="1"/><net_sink comp="446" pin=0"/></net>

<net id="514"><net_src comp="138" pin="2"/><net_sink comp="511" pin=0"/></net>

<net id="515"><net_src comp="511" pin="1"/><net_sink comp="182" pin=0"/></net>

<net id="519"><net_src comp="144" pin="2"/><net_sink comp="516" pin=0"/></net>

<net id="520"><net_src comp="516" pin="1"/><net_sink comp="218" pin=1"/></net>

<net id="524"><net_src comp="186" pin="1"/><net_sink comp="521" pin=0"/></net>

<net id="525"><net_src comp="521" pin="1"/><net_sink comp="238" pin=1"/></net>

<net id="529"><net_src comp="218" pin="2"/><net_sink comp="526" pin=0"/></net>

<net id="533"><net_src comp="238" pin="2"/><net_sink comp="530" pin=0"/></net>

<net id="534"><net_src comp="530" pin="1"/><net_sink comp="364" pin=0"/></net>

<net id="538"><net_src comp="309" pin="2"/><net_sink comp="535" pin=0"/></net>

<net id="539"><net_src comp="535" pin="1"/><net_sink comp="182" pin=1"/></net>

<net id="543"><net_src comp="182" pin="2"/><net_sink comp="540" pin=0"/></net>

<net id="544"><net_src comp="540" pin="1"/><net_sink comp="379" pin=0"/></net>

<net id="548"><net_src comp="379" pin="2"/><net_sink comp="545" pin=0"/></net>

<net id="549"><net_src comp="545" pin="1"/><net_sink comp="389" pin=1"/></net>

<net id="550"><net_src comp="545" pin="1"/><net_sink comp="396" pin=1"/></net>

<net id="551"><net_src comp="545" pin="1"/><net_sink comp="417" pin=1"/></net>

<net id="555"><net_src comp="451" pin="4"/><net_sink comp="552" pin=0"/></net>

<net id="556"><net_src comp="552" pin="1"/><net_sink comp="461" pin=0"/></net>

<net id="560"><net_src comp="156" pin="2"/><net_sink comp="557" pin=0"/></net>

<net id="561"><net_src comp="557" pin="1"/><net_sink comp="169" pin=2"/></net>

<net id="565"><net_src comp="464" pin="2"/><net_sink comp="562" pin=0"/></net>

<net id="566"><net_src comp="562" pin="1"/><net_sink comp="169" pin=1"/></net>

<net id="567"><net_src comp="562" pin="1"/><net_sink comp="177" pin=1"/></net>

</net_list>

</model> 
---------------- Datapath Model END ------------------

* FSMD analyzer results:
  - Output states:
	Port: gmem3 | {6 7 8 9 10 11 12 }
 - Input state : 
	Port: writeTiles_Pipeline_i_BLOCK_loop_j_BLOCK_loop_j_output_loop : tmp_4 | {1 }
	Port: writeTiles_Pipeline_i_BLOCK_loop_j_BLOCK_loop_j_output_loop : bound6 | {1 }
	Port: writeTiles_Pipeline_i_BLOCK_loop_j_BLOCK_loop_j_output_loop : AB_stream | {6 }
	Port: writeTiles_Pipeline_i_BLOCK_loop_j_BLOCK_loop_j_output_loop : N_1 | {1 }
	Port: writeTiles_Pipeline_i_BLOCK_loop_j_BLOCK_loop_j_output_loop : ABC_1 | {1 }
  - Chain level:
	State 1
		store_ln0 : 1
		store_ln123 : 1
		store_ln0 : 1
		store_ln125 : 1
		store_ln127 : 1
	State 2
		icmp_ln123 : 1
		br_ln123 : 2
		add_ln123 : 1
		icmp_ln125 : 1
		select_ln123 : 2
		xor_ln123 : 2
		icmp_ln127 : 1
		and_ln123 : 2
		jb_2 : 3
		or_ln125 : 2
		select_ln125 : 2
		select_ln125_1 : 2
		shl_ln130_1 : 3
		zext_ln127 : 3
		add_ln130 : 4
		j_1 : 3
		add_ln125_1 : 1
		select_ln125_2 : 2
		store_ln123 : 2
		store_ln125 : 3
		store_ln125 : 3
		store_ln127 : 4
	State 3
	State 4
		add_ln123_1 : 1
		select_ln123_1 : 2
		shl_ln : 3
		add_ln130_1 : 4
		store_ln123 : 3
	State 5
		tmp_5 : 1
		sub_ln130_1 : 2
		select_ln130 : 3
		shl_ln130_2 : 4
		sext_ln130 : 5
		add_ln130_2 : 6
		trunc_ln130_1 : 7
	State 6
		gmem3_addr : 1
		gmem3_addr_req : 2
	State 7
	State 8
	State 9
	State 10
	State 11
	State 12


============================================================
+ Verbose Summary: Datapath Resource usage 
============================================================

* Functional unit list:
|----------|--------------------------------|---------|---------|---------|
| Operation|         Functional Unit        |   DSP   |    FF   |   LUT   |
|----------|--------------------------------|---------|---------|---------|
|          |        add_ln123_fu_232        |    0    |    0    |    65   |
|          |           jb_2_fu_269          |    0    |    0    |    35   |
|          |        add_ln130_fu_309        |    0    |    0    |    39   |
|    add   |           j_1_fu_315           |    0    |    0    |    13   |
|          |       add_ln125_1_fu_321       |    0    |    0    |    41   |
|          |       add_ln123_1_fu_358       |    0    |    0    |    35   |
|          |       add_ln130_1_fu_379       |    0    |    0    |    39   |
|          |       add_ln130_2_fu_446       |    0    |    0    |    71   |
|----------|--------------------------------|---------|---------|---------|
|          |       select_ln123_fu_243      |    0    |    0    |    28   |
|          |       select_ln125_fu_281      |    0    |    0    |    5    |
|  select  |      select_ln125_1_fu_289     |    0    |    0    |    28   |
|          |      select_ln125_2_fu_327     |    0    |    0    |    34   |
|          |      select_ln123_1_fu_364     |    0    |    0    |    28   |
|          |       select_ln130_fu_426      |    0    |    0    |    28   |
|----------|--------------------------------|---------|---------|---------|
|          |        icmp_ln123_fu_218       |    0    |    0    |    65   |
|   icmp   |        icmp_ln125_fu_238       |    0    |    0    |    41   |
|          |        icmp_ln127_fu_257       |    0    |    0    |    13   |
|----------|--------------------------------|---------|---------|---------|
|    sub   |        sub_ln130_fu_396        |    0    |    0    |    39   |
|          |       sub_ln130_1_fu_411       |    0    |    0    |    35   |
|----------|--------------------------------|---------|---------|---------|
|    mul   |        mul_ln130_fu_182        |    3    |    0    |    20   |
|----------|--------------------------------|---------|---------|---------|
|    xor   |        xor_ln123_fu_251        |    0    |    0    |    2    |
|----------|--------------------------------|---------|---------|---------|
|    and   |        and_ln123_fu_263        |    0    |    0    |    2    |
|----------|--------------------------------|---------|---------|---------|
|    or    |         or_ln125_fu_275        |    0    |    0    |    2    |
|----------|--------------------------------|---------|---------|---------|
|          |     ABC_1_read_read_fu_132     |    0    |    0    |    0    |
|          |      N_1_read_read_fu_138      |    0    |    0    |    0    |
|   read   |     bound6_read_read_fu_144    |    0    |    0    |    0    |
|          |     tmp_4_read_read_fu_150     |    0    |    0    |    0    |
|          |   AB_stream_read_read_fu_156   |    0    |    0    |    0    |
|----------|--------------------------------|---------|---------|---------|
| writereq | gmem3_addr_req_writereq_fu_162 |    0    |    0    |    0    |
|----------|--------------------------------|---------|---------|---------|
|   write  |    write_ln130_write_fu_169    |    0    |    0    |    0    |
|----------|--------------------------------|---------|---------|---------|
| writeresp|      grp_writeresp_fu_177      |    0    |    0    |    0    |
|----------|--------------------------------|---------|---------|---------|
|   zext   |          bound_fu_186          |    0    |    0    |    0    |
|          |        zext_ln127_fu_305       |    0    |    0    |    0    |
|----------|--------------------------------|---------|---------|---------|
|          |       shl_ln130_1_fu_297       |    0    |    0    |    0    |
|bitconcatenate|          shl_ln_fu_371         |    0    |    0    |    0    |
|          |       shl_ln130_2_fu_434       |    0    |    0    |    0    |
|----------|--------------------------------|---------|---------|---------|
| bitselect|           tmp_fu_389           |    0    |    0    |    0    |
|----------|--------------------------------|---------|---------|---------|
|          |          tmp_5_fu_401          |    0    |    0    |    0    |
|partselect|          tmp_6_fu_417          |    0    |    0    |    0    |
|          |      trunc_ln130_1_fu_451      |    0    |    0    |    0    |
|----------|--------------------------------|---------|---------|---------|
|   sext   |        sext_ln130_fu_442       |    0    |    0    |    0    |
|          |       sext_ln130_1_fu_461      |    0    |    0    |    0    |
|----------|--------------------------------|---------|---------|---------|
|   Total  |                                |    3    |    0    |   708   |
|----------|--------------------------------|---------|---------|---------|

Memories:
N/A

* Register list:
+------------------------+--------+
|                        |   FF   |
+------------------------+--------+
|   ABC_1_read_reg_506   |   64   |
| AB_stream_read_reg_557 |   512  |
|    N_1_read_reg_511    |   32   |
|   add_ln130_1_reg_545  |   32   |
|    add_ln130_reg_535   |   32   |
|   bound6_read_reg_516  |   58   |
|      bound_reg_521     |   34   |
|   gmem3_addr_reg_562   |   512  |
|       ib_reg_492       |   28   |
|   icmp_ln123_reg_526   |    1   |
|   icmp_ln125_reg_530   |    1   |
|indvar_flatten20_reg_499|   58   |
| indvar_flatten_reg_485 |   34   |
|        j_reg_471       |    5   |
|       jb_reg_478       |   28   |
|    mul_ln130_reg_540   |   32   |
|  trunc_ln130_1_reg_552 |   58   |
+------------------------+--------+
|          Total         |  1521  |
+------------------------+--------+

* Multiplexer (MUX) list: 
|--------|------|------|------|--------|
|  Comp  |  Pin | Size |  BW  | S x BW |
|--------|------|------|------|--------|
|  Total |      |      |      |    0   |
|--------|------|------|------|--------|



* Summary:
+-----------+--------+--------+--------+
|           |   DSP  |   FF   |   LUT  |
+-----------+--------+--------+--------+
|  Function |    3   |    0   |   708  |
|   Memory  |    -   |    -   |    -   |
|Multiplexer|    -   |    -   |    -   |
|  Register |    -   |  1521  |    -   |
+-----------+--------+--------+--------+
|   Total   |    3   |  1521  |   708  |
+-----------+--------+--------+--------+
