

================================================================
== Vitis HLS Report for 'writeTiles'
================================================================
* Date:           Thu Apr  9 18:27:23 2026

* Version:        2025.2 (Build 6295257 on Nov 14 2025)
* Project:        baseline_blockedMM
* Solution:       hls (Vivado IP Flow Target)
* Product family: zynq
* Target device:  xc7z020-clg400-1


================================================================
== Performance Estimates
================================================================
+ Timing: 
    * Summary: 
    +--------+----------+-----------+------------+
    |  Clock |  Target  | Estimated | Uncertainty|
    +--------+----------+-----------+------------+
    |ap_clk  |  15.00 ns|  10.950 ns|     4.05 ns|
    +--------+----------+-----------+------------+

+ Latency: 
    * Summary: 
    +---------+--------------------+-----------+-------------+-----+--------------------+---------+
    |       Latency (cycles)       |    Latency (absolute)   |         Interval         | Pipeline|
    |   min   |         max        |    min    |     max     | min |         max        |   Type  |
    +---------+--------------------+-----------+-------------+-----+--------------------+---------+
    |        6|  288230371856744480|  90.000 ns|  4.3e+09 sec|    6|  288230371856744480|       no|
    +---------+--------------------+-----------+-------------+-----+--------------------+---------+

    + Detail: 
        * Instance: 
        +-----------------------------------------------------------------------+-------------------------------------------------------------+---------+--------------------+-----------+-------------+-----+-----+-------------------+
        |                                                                       |                                                             |       Latency (cycles)       |    Latency (absolute)   |  Interval |      Pipeline     |
        |                                Instance                               |                            Module                           |   min   |         max        |    min    |     max     | min | max |        Type       |
        +-----------------------------------------------------------------------+-------------------------------------------------------------+---------+--------------------+-----------+-------------+-----+-----+-------------------+
        |grp_writeTiles_Pipeline_i_BLOCK_loop_j_BLOCK_loop_j_output_loop_fu_80  |writeTiles_Pipeline_i_BLOCK_loop_j_BLOCK_loop_j_output_loop  |        2|  288230371856744480|  30.000 ns|  4.3e+09 sec|    0|    0|  loop pipeline stp|
        +-----------------------------------------------------------------------+-------------------------------------------------------------+---------+--------------------+-----------+-------------+-----+-----+-------------------+

        * Loop: 
        N/A

============================================================
+ Verbose Summary: Synthesis Manager
============================================================
InlineROM: 1
ExposeGlobal: 0
============================================================
+ Verbose Summary: CDFG Model
============================================================
IsTopModel: 0
ResetActiveHigh: 1
IsCombinational: 2
IsDatapathOnly: 0
HasWiredReturn: 1
HasMFsm: 0
HasVarLatency: 1
IsPipeline: 0
IsRtlPipelined: 0
IsInstanceOverlapped: 0
IsDontTouch: 0
HasImplIP: 0
IsGatedGlobalClock: 0


============================================================
+ Verbose Summary: Schedule
============================================================
* Number of FSM states : 5
* Pipeline : 0
* Dataflow Pipeline: 0

* FSM state transitions: 
1 --> 2 
2 --> 3 
3 --> 4 
4 --> 5 
5 --> 

* FSM state operations: 

State 1 <SV = 0> <Delay = 9.45>
ST_1 : Operation 6 [1/1] ( I:3.63ns O:3.63ns )   --->   "%P_1 = read i32 @_ssdm_op_Read.ap_fifo.i32P0A, i32 %P"   --->   Operation 6 'read' 'P_1' <Predicate = true> <Delay = 3.63> <CoreInst = "FIFO_SRL">   --->   Core 80 'FIFO_SRL' <Latency = 0> <II = 1> <Delay = 3.63> <Storage> <Opcode : 'read' 'write' 'nbread' 'nbwrite'> <Ports = 0> <Width = 32> <Depth = 2> <FIFO>
ST_1 : Operation 7 [1/1] ( I:3.63ns O:3.63ns )   --->   "%N_1 = read i32 @_ssdm_op_Read.ap_fifo.i32P0A, i32 %N"   --->   Operation 7 'read' 'N_1' <Predicate = true> <Delay = 3.63> <CoreInst = "FIFO_SRL">   --->   Core 80 'FIFO_SRL' <Latency = 0> <II = 1> <Delay = 3.63> <Storage> <Opcode : 'read' 'write' 'nbread' 'nbwrite'> <Ports = 0> <Width = 32> <Depth = 2> <FIFO>
ST_1 : Operation 8 [1/1] ( I:3.63ns O:3.63ns )   --->   "%ABC_1 = read i64 @_ssdm_op_Read.ap_fifo.i64P0A, i64 %ABC"   --->   Operation 8 'read' 'ABC_1' <Predicate = true> <Delay = 3.63> <CoreInst = "FIFO_SRL">   --->   Core 80 'FIFO_SRL' <Latency = 0> <II = 1> <Delay = 3.63> <Storage> <Opcode : 'read' 'write' 'nbread' 'nbwrite'> <Ports = 0> <Width = 64> <Depth = 4> <FIFO>
ST_1 : Operation 9 [1/1] (0.00ns)   --->   "%tmp_5 = bitselect i1 @_ssdm_op_BitSelect.i1.i32.i32, i32 %N_1, i32 31" [../MLP_baseline/mm.cpp:123]   --->   Operation 9 'bitselect' 'tmp_5' <Predicate = true> <Delay = 0.00>
ST_1 : Operation 10 [1/1] (0.00ns)   --->   "%tmp_1 = partselect i28 @_ssdm_op_PartSelect.i28.i32.i32.i32, i32 %N_1, i32 4, i32 31" [../MLP_baseline/mm.cpp:123]   --->   Operation 10 'partselect' 'tmp_1' <Predicate = true> <Delay = 0.00>
ST_1 : Operation 11 [1/1] (0.00ns)   --->   "%tmp_6 = bitselect i1 @_ssdm_op_BitSelect.i1.i32.i32, i32 %P_1, i32 31" [../MLP_baseline/mm.cpp:125]   --->   Operation 11 'bitselect' 'tmp_6' <Predicate = true> <Delay = 0.00>
ST_1 : Operation 12 [1/1] (2.55ns)   --->   "%sub_ln125 = sub i32 0, i32 %P_1" [../MLP_baseline/mm.cpp:125]   --->   Operation 12 'sub' 'sub_ln125' <Predicate = true> <Delay = 2.55> <CoreInst = "Adder">   --->   Core 1 'Adder' <Latency = 0> <II = 1> <Delay = 2.55> <FuncUnit> <Opcode : 'add' 'sub'> <InPorts = 2> <OutPorts = 1>
ST_1 : Operation 13 [1/1] (0.00ns)   --->   "%tmp_2 = partselect i28 @_ssdm_op_PartSelect.i28.i32.i32.i32, i32 %sub_ln125, i32 4, i32 31" [../MLP_baseline/mm.cpp:125]   --->   Operation 13 'partselect' 'tmp_2' <Predicate = true> <Delay = 0.00>
ST_1 : Operation 14 [1/1] (2.43ns)   --->   "%sub_ln125_1 = sub i28 0, i28 %tmp_2" [../MLP_baseline/mm.cpp:125]   --->   Operation 14 'sub' 'sub_ln125_1' <Predicate = true> <Delay = 2.43> <CoreInst = "Adder">   --->   Core 1 'Adder' <Latency = 0> <II = 1> <Delay = 2.43> <FuncUnit> <Opcode : 'add' 'sub'> <InPorts = 2> <OutPorts = 1>
ST_1 : Operation 15 [1/1] (0.00ns)   --->   "%tmp_3 = partselect i28 @_ssdm_op_PartSelect.i28.i32.i32.i32, i32 %P_1, i32 4, i32 31" [../MLP_baseline/mm.cpp:125]   --->   Operation 15 'partselect' 'tmp_3' <Predicate = true> <Delay = 0.00>
ST_1 : Operation 16 [1/1] (0.83ns)   --->   "%select_ln125 = select i1 %tmp_6, i28 %sub_ln125_1, i28 %tmp_3" [../MLP_baseline/mm.cpp:125]   --->   Operation 16 'select' 'select_ln125' <Predicate = true> <Delay = 0.83> <CoreInst = "Sel">   --->   Core 73 'Sel' <Latency = 0> <II = 1> <Delay = 0.83> <FuncUnit> <Opcode : 'select'> <InPorts = 3> <OutPorts = 1>
ST_1 : Operation 17 [1/1] (0.00ns)   --->   "%empty = trunc i28 %select_ln125" [../MLP_baseline/mm.cpp:125]   --->   Operation 17 'trunc' 'empty' <Predicate = true> <Delay = 0.00>

State 2 <SV = 1> <Delay = 9.06>
ST_2 : Operation 18 [1/1] (2.55ns)   --->   "%sub_ln123 = sub i32 0, i32 %N_1" [../MLP_baseline/mm.cpp:123]   --->   Operation 18 'sub' 'sub_ln123' <Predicate = (tmp_5)> <Delay = 2.55> <CoreInst = "Adder">   --->   Core 1 'Adder' <Latency = 0> <II = 1> <Delay = 2.55> <FuncUnit> <Opcode : 'add' 'sub'> <InPorts = 2> <OutPorts = 1>
ST_2 : Operation 19 [1/1] (0.00ns)   --->   "%tmp = partselect i28 @_ssdm_op_PartSelect.i28.i32.i32.i32, i32 %sub_ln123, i32 4, i32 31" [../MLP_baseline/mm.cpp:123]   --->   Operation 19 'partselect' 'tmp' <Predicate = (tmp_5)> <Delay = 0.00>
ST_2 : Operation 20 [1/1] (2.43ns)   --->   "%sub_ln123_1 = sub i28 0, i28 %tmp" [../MLP_baseline/mm.cpp:123]   --->   Operation 20 'sub' 'sub_ln123_1' <Predicate = (tmp_5)> <Delay = 2.43> <CoreInst = "Adder">   --->   Core 1 'Adder' <Latency = 0> <II = 1> <Delay = 2.43> <FuncUnit> <Opcode : 'add' 'sub'> <InPorts = 2> <OutPorts = 1>
ST_2 : Operation 21 [1/1] (0.83ns)   --->   "%select_ln123 = select i1 %tmp_5, i28 %sub_ln123_1, i28 %tmp_1" [../MLP_baseline/mm.cpp:123]   --->   Operation 21 'select' 'select_ln123' <Predicate = true> <Delay = 0.83> <CoreInst = "Sel">   --->   Core 73 'Sel' <Latency = 0> <II = 1> <Delay = 0.83> <FuncUnit> <Opcode : 'select'> <InPorts = 3> <OutPorts = 1>
ST_2 : Operation 22 [1/1] (0.00ns)   --->   "%trunc_ln125 = trunc i28 %select_ln123" [../MLP_baseline/mm.cpp:125]   --->   Operation 22 'trunc' 'trunc_ln125' <Predicate = true> <Delay = 0.00>
ST_2 : Operation 23 [1/1] (2.43ns)   --->   "%empty_34 = icmp_sgt  i28 %select_ln125, i28 0" [../MLP_baseline/mm.cpp:125]   --->   Operation 23 'icmp' 'empty_34' <Predicate = true> <Delay = 2.43> <CoreInst = "Cmp">   --->   Core 9 'Cmp' <Latency = 0> <II = 1> <Delay = 2.43> <FuncUnit> <Opcode : 'seteq' 'setne' 'setle' 'setge' 'setlt' 'setgt'> <InPorts = 2> <OutPorts = 1>
ST_2 : Operation 24 [1/1] (0.80ns)   --->   "%empty_35 = select i1 %empty_34, i27 %empty, i27 0" [../MLP_baseline/mm.cpp:125]   --->   Operation 24 'select' 'empty_35' <Predicate = true> <Delay = 0.80> <CoreInst = "Sel">   --->   Core 73 'Sel' <Latency = 0> <II = 1> <Delay = 0.80> <FuncUnit> <Opcode : 'select'> <InPorts = 3> <OutPorts = 1>
ST_2 : Operation 25 [1/1] (2.43ns)   --->   "%empty_36 = icmp_sgt  i28 %select_ln123, i28 0" [../MLP_baseline/mm.cpp:123]   --->   Operation 25 'icmp' 'empty_36' <Predicate = true> <Delay = 2.43> <CoreInst = "Cmp">   --->   Core 9 'Cmp' <Latency = 0> <II = 1> <Delay = 2.43> <FuncUnit> <Opcode : 'seteq' 'setne' 'setle' 'setge' 'setlt' 'setgt'> <InPorts = 2> <OutPorts = 1>
ST_2 : Operation 26 [1/1] (0.80ns)   --->   "%smax2 = select i1 %empty_36, i27 %trunc_ln125, i27 0" [../MLP_baseline/mm.cpp:123]   --->   Operation 26 'select' 'smax2' <Predicate = true> <Delay = 0.80> <CoreInst = "Sel">   --->   Core 73 'Sel' <Latency = 0> <II = 1> <Delay = 0.80> <FuncUnit> <Opcode : 'select'> <InPorts = 3> <OutPorts = 1>

State 3 <SV = 2> <Delay = 8.24>
ST_3 : Operation 27 [1/1] (0.00ns)   --->   "%tmp_4 = bitconcatenate i31 @_ssdm_op_BitConcatenate.i31.i27.i4, i27 %empty_35, i4 0" [../MLP_baseline/mm.cpp:125]   --->   Operation 27 'bitconcatenate' 'tmp_4' <Predicate = true> <Delay = 0.00>
ST_3 : Operation 28 [1/1] (0.00ns)   --->   "%smax2_cast = zext i27 %smax2" [../MLP_baseline/mm.cpp:123]   --->   Operation 28 'zext' 'smax2_cast' <Predicate = true> <Delay = 0.00>
ST_3 : Operation 29 [1/1] (0.00ns)   --->   "%tmp_4_cast = zext i31 %tmp_4" [../MLP_baseline/mm.cpp:125]   --->   Operation 29 'zext' 'tmp_4_cast' <Predicate = true> <Delay = 0.00>
ST_3 : Operation 30 [1/1] (8.24ns)   --->   "%bound6 = mul i58 %smax2_cast, i58 %tmp_4_cast" [../MLP_baseline/mm.cpp:123]   --->   Operation 30 'mul' 'bound6' <Predicate = true> <Delay = 8.24> <CoreInst = "Multiplier">   --->   Core 3 'Multiplier' <Latency = 0> <II = 1> <Delay = 8.24> <FuncUnit> <Opcode : 'mul'> <InPorts = 2> <OutPorts = 1>

State 4 <SV = 3> <Delay = 0.00>
ST_4 : Operation 31 [2/2] (0.00ns)   --->   "%call_ln125 = call void @writeTiles_Pipeline_i_BLOCK_loop_j_BLOCK_loop_j_output_loop, i31 %tmp_4, i58 %bound6, i512 %AB_stream, i32 %N_1, i64 %ABC_1, i512 %gmem3" [../MLP_baseline/mm.cpp:125]   --->   Operation 31 'call' 'call_ln125' <Predicate = true> <Delay = 0.00> <CoreType = "Generic">   --->   Generic Core

State 5 <SV = 4> <Delay = 0.00>
ST_5 : Operation 32 [1/1] (0.00ns)   --->   "%specinterface_ln0 = specinterface void @_ssdm_op_SpecInterface, i32 %P, void @ap_fifo_str, i32 0, i32 0, void @p_str, i32 0, i32 0, void @p_str, void @p_str, void @p_str, i32 2, i32 2, i32 16, i32 16, void @p_str, void @ScalarProp_str, i32 4294967295, i32 0, i32 0, i32 0"   --->   Operation 32 'specinterface' 'specinterface_ln0' <Predicate = true> <Delay = 0.00>
ST_5 : Operation 33 [1/1] (0.00ns)   --->   "%specinterface_ln0 = specinterface void @_ssdm_op_SpecInterface, i32 %N, void @ap_fifo_str, i32 0, i32 0, void @p_str, i32 0, i32 0, void @p_str, void @p_str, void @p_str, i32 2, i32 2, i32 16, i32 16, void @p_str, void @ScalarProp_str, i32 4294967295, i32 0, i32 0, i32 0"   --->   Operation 33 'specinterface' 'specinterface_ln0' <Predicate = true> <Delay = 0.00>
ST_5 : Operation 34 [1/1] (0.00ns)   --->   "%specinterface_ln0 = specinterface void @_ssdm_op_SpecInterface, i64 %ABC, void @ap_fifo_str, i32 0, i32 0, void @p_str, i32 0, i32 0, void @p_str, void @p_str, void @p_str, i32 2, i32 2, i32 16, i32 16, void @p_str, void @ScalarProp_str, i32 4294967295, i32 0, i32 0, i32 0"   --->   Operation 34 'specinterface' 'specinterface_ln0' <Predicate = true> <Delay = 0.00>
ST_5 : Operation 35 [1/1] (0.00ns)   --->   "%specinterface_ln0 = specinterface void @_ssdm_op_SpecInterface, i512 %AB_stream, void @empty_9, i32 0, i32 0, void @empty, i32 0, i32 0, void @empty, void @empty, void @empty, i32 0, i32 0, i32 0, i32 0, void @empty, void @empty, i32 4294967295, i32 0, i32 0, i32 0"   --->   Operation 35 'specinterface' 'specinterface_ln0' <Predicate = true> <Delay = 0.00>
ST_5 : Operation 36 [1/1] (0.00ns)   --->   "%specinterface_ln0 = specinterface void @_ssdm_op_SpecInterface, i512 %gmem3, void @empty_17, i32 0, i32 0, void @empty, i32 0, i32 8192, void @empty_21, void @empty_1, void @empty, i32 16, i32 16, i32 16, i32 16, void @empty, void @empty, i32 4294967295, i32 0, i32 0, i32 64"   --->   Operation 36 'specinterface' 'specinterface_ln0' <Predicate = true> <Delay = 0.00>
ST_5 : Operation 37 [1/2] (0.00ns)   --->   "%call_ln125 = call void @writeTiles_Pipeline_i_BLOCK_loop_j_BLOCK_loop_j_output_loop, i31 %tmp_4, i58 %bound6, i512 %AB_stream, i32 %N_1, i64 %ABC_1, i512 %gmem3" [../MLP_baseline/mm.cpp:125]   --->   Operation 37 'call' 'call_ln125' <Predicate = true> <Delay = 0.00> <CoreType = "Generic">   --->   Generic Core
ST_5 : Operation 38 [1/1] (0.00ns)   --->   "%ret_ln134 = ret" [../MLP_baseline/mm.cpp:134]   --->   Operation 38 'ret' 'ret_ln134' <Predicate = true> <Delay = 0.00>


============================================================
+ Verbose Summary: Binding
============================================================
STG Binding: 
---------------- STG Properties BEGIN ----------------
- Is combinational: 0
- Is one-state seq: 0
- Is datapath-only: 0
- Is pipelined: 0
- Is top level: 0
Port [ Return ] is wired: 1; IO mode=ap_ctrl_hs:ce=0
Port [ AB_stream]:  wired=1; compound=1; hidden=0; nouse=0; global=0; static=0; extern=0; dir=0; type=3; pingpong=0; private_global=0; IO mode=ap_fifo:ce=0
Port [ gmem3]:  wired=1; compound=1; hidden=0; nouse=0; global=0; static=0; extern=0; dir=1; type=4; pingpong=0; private_global=0; IO mode=m_axi:ce=0
Port [ ABC]:  wired=1; compound=1; hidden=0; nouse=0; global=0; static=0; extern=0; dir=0; type=3; pingpong=0; private_global=0; IO mode=ap_fifo:ce=0
Port [ N]:  wired=1; compound=1; hidden=0; nouse=0; global=0; static=0; extern=0; dir=0; type=3; pingpong=0; private_global=0; IO mode=ap_fifo:ce=0
Port [ P]:  wired=1; compound=1; hidden=0; nouse=0; global=0; static=0; extern=0; dir=0; type=3; pingpong=0; private_global=0; IO mode=ap_fifo:ce=0
---------------- STG Properties END ------------------

---------------- Datapath Model BEGIN ----------------

<LifeTime>
<method=bitvector/>
P_1               (read          ) [ 000000]
N_1               (read          ) [ 001111]
ABC_1             (read          ) [ 001111]
tmp_5             (bitselect     ) [ 001000]
tmp_1             (partselect    ) [ 001000]
tmp_6             (bitselect     ) [ 000000]
sub_ln125         (sub           ) [ 000000]
tmp_2             (partselect    ) [ 000000]
sub_ln125_1       (sub           ) [ 000000]
tmp_3             (partselect    ) [ 000000]
select_ln125      (select        ) [ 001000]
empty             (trunc         ) [ 001000]
sub_ln123         (sub           ) [ 000000]
tmp               (partselect    ) [ 000000]
sub_ln123_1       (sub           ) [ 000000]
select_ln123      (select        ) [ 000000]
trunc_ln125       (trunc         ) [ 000000]
empty_34          (icmp          ) [ 000000]
empty_35          (select        ) [ 000100]
empty_36          (icmp          ) [ 000000]
smax2             (select        ) [ 000100]
tmp_4             (bitconcatenate) [ 000011]
smax2_cast        (zext          ) [ 000000]
tmp_4_cast        (zext          ) [ 000000]
bound6            (mul           ) [ 000011]
specinterface_ln0 (specinterface ) [ 000000]
specinterface_ln0 (specinterface ) [ 000000]
specinterface_ln0 (specinterface ) [ 000000]
specinterface_ln0 (specinterface ) [ 000000]
specinterface_ln0 (specinterface ) [ 000000]
call_ln125        (call          ) [ 000000]
ret_ln134         (ret           ) [ 000000]
</LifeTime>

<model>

<comp_list>
<comp id="0" class="1000" name="AB_stream">
<pin_list>
<pin id="1" dir="1" index="0" bw="1" slack="0"/>
</pin_list>
<bind>
<StgValue><ssdm name="AB_stream"/></StgValue>
</bind>
</comp>

<comp id="2" class="1000" name="gmem3">
<pin_list>
<pin id="3" dir="1" index="0" bw="1" slack="0"/>
</pin_list>
<bind>
<StgValue><ssdm name="gmem3"/><MemPortTyVec>1 </MemPortTyVec>
</StgValue>
</bind>
</comp>

<comp id="4" class="1000" name="ABC">
<pin_list>
<pin id="5" dir="1" index="0" bw="1" slack="0"/>
</pin_list>
<bind>
<StgValue><ssdm name="ABC"/></StgValue>
</bind>
</comp>

<comp id="6" class="1000" name="N">
<pin_list>
<pin id="7" dir="1" index="0" bw="1" slack="0"/>
</pin_list>
<bind>
<StgValue><ssdm name="N"/></StgValue>
</bind>
</comp>

<comp id="8" class="1000" name="P">
<pin_list>
<pin id="9" dir="1" index="0" bw="1" slack="0"/>
</pin_list>
<bind>
<StgValue><ssdm name="P"/></StgValue>
</bind>
</comp>

<comp id="10" class="1001" name="const_10">
<pin_list>
<pin id="11" dir="1" index="0" bw="1" slack="0"/>
</pin_list>
<bind>
<StgValue><ssdm name="_ssdm_op_Read.ap_fifo.i32P0A"/></StgValue>
</bind>
</comp>

<comp id="12" class="1001" name="const_12">
<pin_list>
<pin id="13" dir="1" index="0" bw="1" slack="0"/>
</pin_list>
<bind>
<StgValue><ssdm name="_ssdm_op_Read.ap_fifo.i64P0A"/></StgValue>
</bind>
</comp>

<comp id="14" class="1001" name="const_14">
<pin_list>
<pin id="15" dir="1" index="0" bw="1" slack="0"/>
</pin_list>
<bind>
<StgValue><ssdm name="_ssdm_op_BitSelect.i1.i32.i32"/></StgValue>
</bind>
</comp>

<comp id="16" class="1001" name="const_16">
<pin_list>
<pin id="17" dir="1" index="0" bw="1" slack="0"/>
</pin_list>
<bind>
<StgValue><ssdm name=""/></StgValue>
</bind>
</comp>

<comp id="18" class="1001" name="const_18">
<pin_list>
<pin id="19" dir="1" index="0" bw="1" slack="0"/>
</pin_list>
<bind>
<StgValue><ssdm name="_ssdm_op_PartSelect.i28.i32.i32.i32"/></StgValue>
</bind>
</comp>

<comp id="20" class="1001" name="const_20">
<pin_list>
<pin id="21" dir="1" index="0" bw="1" slack="0"/>
</pin_list>
<bind>
<StgValue><ssdm name=""/></StgValue>
</bind>
</comp>

<comp id="22" class="1001" name="const_22">
<pin_list>
<pin id="23" dir="1" index="0" bw="1" slack="0"/>
</pin_list>
<bind>
<StgValue><ssdm name=""/></StgValue>
</bind>
</comp>

<comp id="24" class="1001" name="const_24">
<pin_list>
<pin id="25" dir="1" index="0" bw="1" slack="0"/>
</pin_list>
<bind>
<StgValue><ssdm name=""/></StgValue>
</bind>
</comp>

<comp id="26" class="1001" name="const_26">
<pin_list>
<pin id="27" dir="1" index="0" bw="1" slack="0"/>
</pin_list>
<bind>
<StgValue><ssdm name=""/></StgValue>
</bind>
</comp>

<comp id="28" class="1001" name="const_28">
<pin_list>
<pin id="29" dir="1" index="0" bw="1" slack="0"/>
</pin_list>
<bind>
<StgValue><ssdm name="_ssdm_op_BitConcatenate.i31.i27.i4"/></StgValue>
</bind>
</comp>

<comp id="30" class="1001" name="const_30">
<pin_list>
<pin id="31" dir="1" index="0" bw="1" slack="0"/>
</pin_list>
<bind>
<StgValue><ssdm name=""/></StgValue>
</bind>
</comp>

<comp id="32" class="1001" name="const_32">
<pin_list>
<pin id="33" dir="1" index="0" bw="1" slack="0"/>
</pin_list>
<bind>
<StgValue><ssdm name="writeTiles_Pipeline_i_BLOCK_loop_j_BLOCK_loop_j_output_loop"/></StgValue>
</bind>
</comp>

<comp id="34" class="1001" name="const_34">
<pin_list>
<pin id="35" dir="1" index="0" bw="1" slack="2147483647"/>
</pin_list>
<bind>
<StgValue><ssdm name="_ssdm_op_SpecInterface"/></StgValue>
</bind>
</comp>

<comp id="36" class="1001" name="const_36">
<pin_list>
<pin id="37" dir="1" index="0" bw="1" slack="2147483647"/>
</pin_list>
<bind>
<StgValue><ssdm name="ap_fifo_str"/></StgValue>
</bind>
</comp>

<comp id="38" class="1001" name="const_38">
<pin_list>
<pin id="39" dir="1" index="0" bw="1" slack="2147483647"/>
</pin_list>
<bind>
<StgValue><ssdm name="p_str"/></StgValue>
</bind>
</comp>

<comp id="40" class="1001" name="const_40">
<pin_list>
<pin id="41" dir="1" index="0" bw="1" slack="2147483647"/>
</pin_list>
<bind>
<StgValue><ssdm name=""/></StgValue>
</bind>
</comp>

<comp id="42" class="1001" name="const_42">
<pin_list>
<pin id="43" dir="1" index="0" bw="1" slack="2147483647"/>
</pin_list>
<bind>
<StgValue><ssdm name=""/></StgValue>
</bind>
</comp>

<comp id="44" class="1001" name="const_44">
<pin_list>
<pin id="45" dir="1" index="0" bw="1" slack="2147483647"/>
</pin_list>
<bind>
<StgValue><ssdm name="ScalarProp_str"/></StgValue>
</bind>
</comp>

<comp id="46" class="1001" name="const_46">
<pin_list>
<pin id="47" dir="1" index="0" bw="1" slack="2147483647"/>
</pin_list>
<bind>
<StgValue><ssdm name=""/></StgValue>
</bind>
</comp>

<comp id="48" class="1001" name="const_48">
<pin_list>
<pin id="49" dir="1" index="0" bw="1" slack="2147483647"/>
</pin_list>
<bind>
<StgValue><ssdm name="empty_9"/></StgValue>
</bind>
</comp>

<comp id="50" class="1001" name="const_50">
<pin_list>
<pin id="51" dir="1" index="0" bw="1" slack="2147483647"/>
</pin_list>
<bind>
<StgValue><ssdm name="empty"/></StgValue>
</bind>
</comp>

<comp id="52" class="1001" name="const_52">
<pin_list>
<pin id="53" dir="1" index="0" bw="1" slack="2147483647"/>
</pin_list>
<bind>
<StgValue><ssdm name="empty_17"/></StgValue>
</bind>
</comp>

<comp id="54" class="1001" name="const_54">
<pin_list>
<pin id="55" dir="1" index="0" bw="1" slack="2147483647"/>
</pin_list>
<bind>
<StgValue><ssdm name=""/></StgValue>
</bind>
</comp>

<comp id="56" class="1001" name="const_56">
<pin_list>
<pin id="57" dir="1" index="0" bw="1" slack="2147483647"/>
</pin_list>
<bind>
<StgValue><ssdm name="empty_21"/></StgValue>
</bind>
</comp>

<comp id="58" class="1001" name="const_58">
<pin_list>
<pin id="59" dir="1" index="0" bw="1" slack="2147483647"/>
</pin_list>
<bind>
<StgValue><ssdm name="empty_1"/></StgValue>
</bind>
</comp>

<comp id="60" class="1001" name="const_60">
<pin_list>
<pin id="61" dir="1" index="0" bw="1" slack="2147483647"/>
</pin_list>
<bind>
<StgValue><ssdm name=""/></StgValue>
</bind>
</comp>

<comp id="62" class="1004" name="P_1_read_fu_62">
<pin_list>
<pin id="63" dir="0" index="0" bw="32" slack="0"/>
<pin id="64" dir="0" index="1" bw="32" slack="0"/>
<pin id="65" dir="1" index="2" bw="32" slack="0"/>
</pin_list>
<bind>
<opcode="read(1150) " fcode="read"/>
<opset="P_1/1 "/>
</bind>
</comp>

<comp id="68" class="1004" name="N_1_read_fu_68">
<pin_list>
<pin id="69" dir="0" index="0" bw="32" slack="0"/>
<pin id="70" dir="0" index="1" bw="32" slack="0"/>
<pin id="71" dir="1" index="2" bw="32" slack="0"/>
</pin_list>
<bind>
<opcode="read(1150) " fcode="read"/>
<opset="N_1/1 "/>
</bind>
</comp>

<comp id="74" class="1004" name="ABC_1_read_fu_74">
<pin_list>
<pin id="75" dir="0" index="0" bw="64" slack="0"/>
<pin id="76" dir="0" index="1" bw="64" slack="0"/>
<pin id="77" dir="1" index="2" bw="64" slack="3"/>
</pin_list>
<bind>
<opcode="read(1150) " fcode="read"/>
<opset="ABC_1/1 "/>
</bind>
</comp>

<comp id="80" class="1004" name="grp_writeTiles_Pipeline_i_BLOCK_loop_j_BLOCK_loop_j_output_loop_fu_80">
<pin_list>
<pin id="81" dir="0" index="0" bw="0" slack="0"/>
<pin id="82" dir="0" index="1" bw="31" slack="1"/>
<pin id="83" dir="0" index="2" bw="58" slack="1"/>
<pin id="84" dir="0" index="3" bw="512" slack="0"/>
<pin id="85" dir="0" index="4" bw="32" slack="3"/>
<pin id="86" dir="0" index="5" bw="64" slack="3"/>
<pin id="87" dir="0" index="6" bw="512" slack="0"/>
<pin id="88" dir="1" index="7" bw="0" slack="2147483647"/>
</pin_list>
<bind>
<opcode="call(48) " fcode="call"/>
<opset="call_ln125/4 "/>
</bind>
</comp>

<comp id="92" class="1004" name="bound6_fu_92">
<pin_list>
<pin id="93" dir="0" index="0" bw="27" slack="0"/>
<pin id="94" dir="0" index="1" bw="31" slack="0"/>
<pin id="95" dir="1" index="2" bw="58" slack="1"/>
</pin_list>
<bind>
<opcode="mul(12) " fcode="mul"/>
<opset="bound6/3 "/>
</bind>
</comp>

<comp id="96" class="1004" name="tmp_5_fu_96">
<pin_list>
<pin id="97" dir="0" index="0" bw="1" slack="0"/>
<pin id="98" dir="0" index="1" bw="32" slack="0"/>
<pin id="99" dir="0" index="2" bw="6" slack="0"/>
<pin id="100" dir="1" index="3" bw="1" slack="1"/>
</pin_list>
<bind>
<opcode="bitselect(1000) " fcode="bitselect"/>
<opset="tmp_5/1 "/>
</bind>
</comp>

<comp id="104" class="1004" name="tmp_1_fu_104">
<pin_list>
<pin id="105" dir="0" index="0" bw="28" slack="0"/>
<pin id="106" dir="0" index="1" bw="32" slack="0"/>
<pin id="107" dir="0" index="2" bw="4" slack="0"/>
<pin id="108" dir="0" index="3" bw="6" slack="0"/>
<pin id="109" dir="1" index="4" bw="28" slack="1"/>
</pin_list>
<bind>
<opcode="partselect(1002) " fcode="partselect"/>
<opset="tmp_1/1 "/>
</bind>
</comp>

<comp id="114" class="1004" name="tmp_6_fu_114">
<pin_list>
<pin id="115" dir="0" index="0" bw="1" slack="0"/>
<pin id="116" dir="0" index="1" bw="32" slack="0"/>
<pin id="117" dir="0" index="2" bw="6" slack="0"/>
<pin id="118" dir="1" index="3" bw="1" slack="0"/>
</pin_list>
<bind>
<opcode="bitselect(1000) " fcode="bitselect"/>
<opset="tmp_6/1 "/>
</bind>
</comp>

<comp id="122" class="1004" name="sub_ln125_fu_122">
<pin_list>
<pin id="123" dir="0" index="0" bw="1" slack="0"/>
<pin id="124" dir="0" index="1" bw="32" slack="0"/>
<pin id="125" dir="1" index="2" bw="32" slack="0"/>
</pin_list>
<bind>
<opcode="sub(10) " fcode="sub"/>
<opset="sub_ln125/1 "/>
</bind>
</comp>

<comp id="128" class="1004" name="tmp_2_fu_128">
<pin_list>
<pin id="129" dir="0" index="0" bw="28" slack="0"/>
<pin id="130" dir="0" index="1" bw="32" slack="0"/>
<pin id="131" dir="0" index="2" bw="4" slack="0"/>
<pin id="132" dir="0" index="3" bw="6" slack="0"/>
<pin id="133" dir="1" index="4" bw="28" slack="0"/>
</pin_list>
<bind>
<opcode="partselect(1002) " fcode="partselect"/>
<opset="tmp_2/1 "/>
</bind>
</comp>

<comp id="138" class="1004" name="sub_ln125_1_fu_138">
<pin_list>
<pin id="139" dir="0" index="0" bw="1" slack="0"/>
<pin id="140" dir="0" index="1" bw="28" slack="0"/>
<pin id="141" dir="1" index="2" bw="28" slack="0"/>
</pin_list>
<bind>
<opcode="sub(10) " fcode="sub"/>
<opset="sub_ln125_1/1 "/>
</bind>
</comp>

<comp id="144" class="1004" name="tmp_3_fu_144">
<pin_list>
<pin id="145" dir="0" index="0" bw="28" slack="0"/>
<pin id="146" dir="0" index="1" bw="32" slack="0"/>
<pin id="147" dir="0" index="2" bw="4" slack="0"/>
<pin id="148" dir="0" index="3" bw="6" slack="0"/>
<pin id="149" dir="1" index="4" bw="28" slack="0"/>
</pin_list>
<bind>
<opcode="partselect(1002) " fcode="partselect"/>
<opset="tmp_3/1 "/>
</bind>
</comp>

<comp id="154" class="1004" name="select_ln125_fu_154">
<pin_list>
<pin id="155" dir="0" index="0" bw="1" slack="0"/>
<pin id="156" dir="0" index="1" bw="28" slack="0"/>
<pin id="157" dir="0" index="2" bw="28" slack="0"/>
<pin id="158" dir="1" index="3" bw="28" slack="0"/>
</pin_list>
<bind>
<opcode="select(49) " fcode="select"/>
<opset="select_ln125/1 "/>
</bind>
</comp>

<comp id="162" class="1004" name="empty_fu_162">
<pin_list>
<pin id="163" dir="0" index="0" bw="28" slack="0"/>
<pin id="164" dir="1" index="1" bw="27" slack="1"/>
</pin_list>
<bind>
<opcode="trunc(33) " fcode="trunc"/>
<opset="empty/1 "/>
</bind>
</comp>

<comp id="166" class="1004" name="sub_ln123_fu_166">
<pin_list>
<pin id="167" dir="0" index="0" bw="1" slack="0"/>
<pin id="168" dir="0" index="1" bw="32" slack="1"/>
<pin id="169" dir="1" index="2" bw="32" slack="0"/>
</pin_list>
<bind>
<opcode="sub(10) " fcode="sub"/>
<opset="sub_ln123/2 "/>
</bind>
</comp>

<comp id="171" class="1004" name="tmp_fu_171">
<pin_list>
<pin id="172" dir="0" index="0" bw="28" slack="0"/>
<pin id="173" dir="0" index="1" bw="32" slack="0"/>
<pin id="174" dir="0" index="2" bw="4" slack="0"/>
<pin id="175" dir="0" index="3" bw="6" slack="0"/>
<pin id="176" dir="1" index="4" bw="28" slack="0"/>
</pin_list>
<bind>
<opcode="partselect(1002) " fcode="partselect"/>
<opset="tmp/2 "/>
</bind>
</comp>

<comp id="181" class="1004" name="sub_ln123_1_fu_181">
<pin_list>
<pin id="182" dir="0" index="0" bw="1" slack="0"/>
<pin id="183" dir="0" index="1" bw="28" slack="0"/>
<pin id="184" dir="1" index="2" bw="28" slack="0"/>
</pin_list>
<bind>
<opcode="sub(10) " fcode="sub"/>
<opset="sub_ln123_1/2 "/>
</bind>
</comp>

<comp id="187" class="1004" name="select_ln123_fu_187">
<pin_list>
<pin id="188" dir="0" index="0" bw="1" slack="1"/>
<pin id="189" dir="0" index="1" bw="28" slack="0"/>
<pin id="190" dir="0" index="2" bw="28" slack="1"/>
<pin id="191" dir="1" index="3" bw="28" slack="0"/>
</pin_list>
<bind>
<opcode="select(49) " fcode="select"/>
<opset="select_ln123/2 "/>
</bind>
</comp>

<comp id="193" class="1004" name="trunc_ln125_fu_193">
<pin_list>
<pin id="194" dir="0" index="0" bw="28" slack="0"/>
<pin id="195" dir="1" index="1" bw="27" slack="0"/>
</pin_list>
<bind>
<opcode="trunc(33) " fcode="trunc"/>
<opset="trunc_ln125/2 "/>
</bind>
</comp>

<comp id="197" class="1004" name="empty_34_fu_197">
<pin_list>
<pin id="198" dir="0" index="0" bw="28" slack="1"/>
<pin id="199" dir="0" index="1" bw="1" slack="0"/>
<pin id="200" dir="1" index="2" bw="1" slack="0"/>
</pin_list>
<bind>
<opcode="icmp(45) " fcode="icmp"/>
<opset="empty_34/2 "/>
</bind>
</comp>

<comp id="202" class="1004" name="empty_35_fu_202">
<pin_list>
<pin id="203" dir="0" index="0" bw="1" slack="0"/>
<pin id="204" dir="0" index="1" bw="27" slack="1"/>
<pin id="205" dir="0" index="2" bw="1" slack="0"/>
<pin id="206" dir="1" index="3" bw="27" slack="1"/>
</pin_list>
<bind>
<opcode="select(49) " fcode="select"/>
<opset="empty_35/2 "/>
</bind>
</comp>

<comp id="209" class="1004" name="empty_36_fu_209">
<pin_list>
<pin id="210" dir="0" index="0" bw="28" slack="0"/>
<pin id="211" dir="0" index="1" bw="1" slack="0"/>
<pin id="212" dir="1" index="2" bw="1" slack="0"/>
</pin_list>
<bind>
<opcode="icmp(45) " fcode="icmp"/>
<opset="empty_36/2 "/>
</bind>
</comp>

<comp id="215" class="1004" name="smax2_fu_215">
<pin_list>
<pin id="216" dir="0" index="0" bw="1" slack="0"/>
<pin id="217" dir="0" index="1" bw="27" slack="0"/>
<pin id="218" dir="0" index="2" bw="1" slack="0"/>
<pin id="219" dir="1" index="3" bw="27" slack="1"/>
</pin_list>
<bind>
<opcode="select(49) " fcode="select"/>
<opset="smax2/2 "/>
</bind>
</comp>

<comp id="223" class="1004" name="tmp_4_fu_223">
<pin_list>
<pin id="224" dir="0" index="0" bw="31" slack="0"/>
<pin id="225" dir="0" index="1" bw="27" slack="1"/>
<pin id="226" dir="0" index="2" bw="1" slack="0"/>
<pin id="227" dir="1" index="3" bw="31" slack="0"/>
</pin_list>
<bind>
<opcode="bitconcatenate(1004) " fcode="bitconcatenate"/>
<opset="tmp_4/3 "/>
</bind>
</comp>

<comp id="230" class="1004" name="smax2_cast_fu_230">
<pin_list>
<pin id="231" dir="0" index="0" bw="27" slack="1"/>
<pin id="232" dir="1" index="1" bw="58" slack="0"/>
</pin_list>
<bind>
<opcode="zext(34) " fcode="zext"/>
<opset="smax2_cast/3 "/>
</bind>
</comp>

<comp id="234" class="1004" name="tmp_4_cast_fu_234">
<pin_list>
<pin id="235" dir="0" index="0" bw="31" slack="0"/>
<pin id="236" dir="1" index="1" bw="58" slack="0"/>
</pin_list>
<bind>
<opcode="zext(34) " fcode="zext"/>
<opset="tmp_4_cast/3 "/>
</bind>
</comp>

<comp id="239" class="1005" name="N_1_reg_239">
<pin_list>
<pin id="240" dir="0" index="0" bw="32" slack="1"/>
<pin id="241" dir="1" index="1" bw="32" slack="1"/>
</pin_list>
<bind>
<opset="N_1 "/>
</bind>
</comp>

<comp id="245" class="1005" name="ABC_1_reg_245">
<pin_list>
<pin id="246" dir="0" index="0" bw="64" slack="3"/>
<pin id="247" dir="1" index="1" bw="64" slack="3"/>
</pin_list>
<bind>
<opset="ABC_1 "/>
</bind>
</comp>

<comp id="250" class="1005" name="tmp_5_reg_250">
<pin_list>
<pin id="251" dir="0" index="0" bw="1" slack="1"/>
<pin id="252" dir="1" index="1" bw="1" slack="1"/>
</pin_list>
<bind>
<opset="tmp_5 "/>
</bind>
</comp>

<comp id="255" class="1005" name="tmp_1_reg_255">
<pin_list>
<pin id="256" dir="0" index="0" bw="28" slack="1"/>
<pin id="257" dir="1" index="1" bw="28" slack="1"/>
</pin_list>
<bind>
<opset="tmp_1 "/>
</bind>
</comp>

<comp id="260" class="1005" name="select_ln125_reg_260">
<pin_list>
<pin id="261" dir="0" index="0" bw="28" slack="1"/>
<pin id="262" dir="1" index="1" bw="28" slack="1"/>
</pin_list>
<bind>
<opset="select_ln125 "/>
</bind>
</comp>

<comp id="265" class="1005" name="empty_reg_265">
<pin_list>
<pin id="266" dir="0" index="0" bw="27" slack="1"/>
<pin id="267" dir="1" index="1" bw="27" slack="1"/>
</pin_list>
<bind>
<opset="empty "/>
</bind>
</comp>

<comp id="270" class="1005" name="empty_35_reg_270">
<pin_list>
<pin id="271" dir="0" index="0" bw="27" slack="1"/>
<pin id="272" dir="1" index="1" bw="27" slack="1"/>
</pin_list>
<bind>
<opset="empty_35 "/>
</bind>
</comp>

<comp id="275" class="1005" name="smax2_reg_275">
<pin_list>
<pin id="276" dir="0" index="0" bw="27" slack="1"/>
<pin id="277" dir="1" index="1" bw="27" slack="1"/>
</pin_list>
<bind>
<opset="smax2 "/>
</bind>
</comp>

<comp id="280" class="1005" name="tmp_4_reg_280">
<pin_list>
<pin id="281" dir="0" index="0" bw="31" slack="1"/>
<pin id="282" dir="1" index="1" bw="31" slack="1"/>
</pin_list>
<bind>
<opset="tmp_4 "/>
</bind>
</comp>

<comp id="285" class="1005" name="bound6_reg_285">
<pin_list>
<pin id="286" dir="0" index="0" bw="58" slack="1"/>
<pin id="287" dir="1" index="1" bw="58" slack="1"/>
</pin_list>
<bind>
<opset="bound6 "/>
</bind>
</comp>

</comp_list>

<net_list>
<net id="66"><net_src comp="10" pin="0"/><net_sink comp="62" pin=0"/></net>

<net id="67"><net_src comp="8" pin="0"/><net_sink comp="62" pin=1"/></net>

<net id="72"><net_src comp="10" pin="0"/><net_sink comp="68" pin=0"/></net>

<net id="73"><net_src comp="6" pin="0"/><net_sink comp="68" pin=1"/></net>

<net id="78"><net_src comp="12" pin="0"/><net_sink comp="74" pin=0"/></net>

<net id="79"><net_src comp="4" pin="0"/><net_sink comp="74" pin=1"/></net>

<net id="89"><net_src comp="32" pin="0"/><net_sink comp="80" pin=0"/></net>

<net id="90"><net_src comp="0" pin="0"/><net_sink comp="80" pin=3"/></net>

<net id="91"><net_src comp="2" pin="0"/><net_sink comp="80" pin=6"/></net>

<net id="101"><net_src comp="14" pin="0"/><net_sink comp="96" pin=0"/></net>

<net id="102"><net_src comp="68" pin="2"/><net_sink comp="96" pin=1"/></net>

<net id="103"><net_src comp="16" pin="0"/><net_sink comp="96" pin=2"/></net>

<net id="110"><net_src comp="18" pin="0"/><net_sink comp="104" pin=0"/></net>

<net id="111"><net_src comp="68" pin="2"/><net_sink comp="104" pin=1"/></net>

<net id="112"><net_src comp="20" pin="0"/><net_sink comp="104" pin=2"/></net>

<net id="113"><net_src comp="16" pin="0"/><net_sink comp="104" pin=3"/></net>

<net id="119"><net_src comp="14" pin="0"/><net_sink comp="114" pin=0"/></net>

<net id="120"><net_src comp="62" pin="2"/><net_sink comp="114" pin=1"/></net>

<net id="121"><net_src comp="16" pin="0"/><net_sink comp="114" pin=2"/></net>

<net id="126"><net_src comp="22" pin="0"/><net_sink comp="122" pin=0"/></net>

<net id="127"><net_src comp="62" pin="2"/><net_sink comp="122" pin=1"/></net>

<net id="134"><net_src comp="18" pin="0"/><net_sink comp="128" pin=0"/></net>

<net id="135"><net_src comp="122" pin="2"/><net_sink comp="128" pin=1"/></net>

<net id="136"><net_src comp="20" pin="0"/><net_sink comp="128" pin=2"/></net>

<net id="137"><net_src comp="16" pin="0"/><net_sink comp="128" pin=3"/></net>

<net id="142"><net_src comp="24" pin="0"/><net_sink comp="138" pin=0"/></net>

<net id="143"><net_src comp="128" pin="4"/><net_sink comp="138" pin=1"/></net>

<net id="150"><net_src comp="18" pin="0"/><net_sink comp="144" pin=0"/></net>

<net id="151"><net_src comp="62" pin="2"/><net_sink comp="144" pin=1"/></net>

<net id="152"><net_src comp="20" pin="0"/><net_sink comp="144" pin=2"/></net>

<net id="153"><net_src comp="16" pin="0"/><net_sink comp="144" pin=3"/></net>

<net id="159"><net_src comp="114" pin="3"/><net_sink comp="154" pin=0"/></net>

<net id="160"><net_src comp="138" pin="2"/><net_sink comp="154" pin=1"/></net>

<net id="161"><net_src comp="144" pin="4"/><net_sink comp="154" pin=2"/></net>

<net id="165"><net_src comp="154" pin="3"/><net_sink comp="162" pin=0"/></net>

<net id="170"><net_src comp="22" pin="0"/><net_sink comp="166" pin=0"/></net>

<net id="177"><net_src comp="18" pin="0"/><net_sink comp="171" pin=0"/></net>

<net id="178"><net_src comp="166" pin="2"/><net_sink comp="171" pin=1"/></net>

<net id="179"><net_src comp="20" pin="0"/><net_sink comp="171" pin=2"/></net>

<net id="180"><net_src comp="16" pin="0"/><net_sink comp="171" pin=3"/></net>

<net id="185"><net_src comp="24" pin="0"/><net_sink comp="181" pin=0"/></net>

<net id="186"><net_src comp="171" pin="4"/><net_sink comp="181" pin=1"/></net>

<net id="192"><net_src comp="181" pin="2"/><net_sink comp="187" pin=1"/></net>

<net id="196"><net_src comp="187" pin="3"/><net_sink comp="193" pin=0"/></net>

<net id="201"><net_src comp="24" pin="0"/><net_sink comp="197" pin=1"/></net>

<net id="207"><net_src comp="197" pin="2"/><net_sink comp="202" pin=0"/></net>

<net id="208"><net_src comp="26" pin="0"/><net_sink comp="202" pin=2"/></net>

<net id="213"><net_src comp="187" pin="3"/><net_sink comp="209" pin=0"/></net>

<net id="214"><net_src comp="24" pin="0"/><net_sink comp="209" pin=1"/></net>

<net id="220"><net_src comp="209" pin="2"/><net_sink comp="215" pin=0"/></net>

<net id="221"><net_src comp="193" pin="1"/><net_sink comp="215" pin=1"/></net>

<net id="222"><net_src comp="26" pin="0"/><net_sink comp="215" pin=2"/></net>

<net id="228"><net_src comp="28" pin="0"/><net_sink comp="223" pin=0"/></net>

<net id="229"><net_src comp="30" pin="0"/><net_sink comp="223" pin=2"/></net>

<net id="233"><net_src comp="230" pin="1"/><net_sink comp="92" pin=0"/></net>

<net id="237"><net_src comp="223" pin="3"/><net_sink comp="234" pin=0"/></net>

<net id="238"><net_src comp="234" pin="1"/><net_sink comp="92" pin=1"/></net>

<net id="242"><net_src comp="68" pin="2"/><net_sink comp="239" pin=0"/></net>

<net id="243"><net_src comp="239" pin="1"/><net_sink comp="166" pin=1"/></net>

<net id="244"><net_src comp="239" pin="1"/><net_sink comp="80" pin=4"/></net>

<net id="248"><net_src comp="74" pin="2"/><net_sink comp="245" pin=0"/></net>

<net id="249"><net_src comp="245" pin="1"/><net_sink comp="80" pin=5"/></net>

<net id="253"><net_src comp="96" pin="3"/><net_sink comp="250" pin=0"/></net>

<net id="254"><net_src comp="250" pin="1"/><net_sink comp="187" pin=0"/></net>

<net id="258"><net_src comp="104" pin="4"/><net_sink comp="255" pin=0"/></net>

<net id="259"><net_src comp="255" pin="1"/><net_sink comp="187" pin=2"/></net>

<net id="263"><net_src comp="154" pin="3"/><net_sink comp="260" pin=0"/></net>

<net id="264"><net_src comp="260" pin="1"/><net_sink comp="197" pin=0"/></net>

<net id="268"><net_src comp="162" pin="1"/><net_sink comp="265" pin=0"/></net>

<net id="269"><net_src comp="265" pin="1"/><net_sink comp="202" pin=1"/></net>

<net id="273"><net_src comp="202" pin="3"/><net_sink comp="270" pin=0"/></net>

<net id="274"><net_src comp="270" pin="1"/><net_sink comp="223" pin=1"/></net>

<net id="278"><net_src comp="215" pin="3"/><net_sink comp="275" pin=0"/></net>

<net id="279"><net_src comp="275" pin="1"/><net_sink comp="230" pin=0"/></net>

<net id="283"><net_src comp="223" pin="3"/><net_sink comp="280" pin=0"/></net>

<net id="284"><net_src comp="280" pin="1"/><net_sink comp="80" pin=1"/></net>

<net id="288"><net_src comp="92" pin="2"/><net_sink comp="285" pin=0"/></net>

<net id="289"><net_src comp="285" pin="1"/><net_sink comp="80" pin=2"/></net>

</net_list>

</model> 
---------------- Datapath Model END ------------------

* FSMD analyzer results:
  - Output states:
	Port: gmem3 | {4 5 }
 - Input state : 
	Port: writeTiles : AB_stream | {4 5 }
	Port: writeTiles : ABC | {1 }
	Port: writeTiles : N | {1 }
	Port: writeTiles : P | {1 }
  - Chain level:
	State 1
		tmp_2 : 1
		sub_ln125_1 : 2
		select_ln125 : 3
		empty : 4
	State 2
		tmp : 1
		sub_ln123_1 : 2
		select_ln123 : 3
		trunc_ln125 : 4
		empty_35 : 1
		empty_36 : 4
		smax2 : 5
	State 3
		tmp_4_cast : 1
		bound6 : 2
	State 4
	State 5


============================================================
+ Verbose Summary: Datapath Resource usage 
============================================================

* Functional unit list:
|----------|-----------------------------------------------------------------------|---------|---------|---------|
| Operation|                            Functional Unit                            |   DSP   |    FF   |   LUT   |
|----------|-----------------------------------------------------------------------|---------|---------|---------|
|   call   | grp_writeTiles_Pipeline_i_BLOCK_loop_j_BLOCK_loop_j_output_loop_fu_80 |    3    |   1521  |   708   |
|----------|-----------------------------------------------------------------------|---------|---------|---------|
|          |                            sub_ln125_fu_122                           |    0    |    0    |    39   |
|    sub   |                           sub_ln125_1_fu_138                          |    0    |    0    |    35   |
|          |                            sub_ln123_fu_166                           |    0    |    0    |    39   |
|          |                           sub_ln123_1_fu_181                          |    0    |    0    |    35   |
|----------|-----------------------------------------------------------------------|---------|---------|---------|
|          |                          select_ln125_fu_154                          |    0    |    0    |    28   |
|  select  |                          select_ln123_fu_187                          |    0    |    0    |    28   |
|          |                            empty_35_fu_202                            |    0    |    0    |    27   |
|          |                              smax2_fu_215                             |    0    |    0    |    27   |
|----------|-----------------------------------------------------------------------|---------|---------|---------|
|   icmp   |                            empty_34_fu_197                            |    0    |    0    |    35   |
|          |                            empty_36_fu_209                            |    0    |    0    |    35   |
|----------|-----------------------------------------------------------------------|---------|---------|---------|
|    mul   |                              bound6_fu_92                             |    4    |    0    |    23   |
|----------|-----------------------------------------------------------------------|---------|---------|---------|
|          |                             P_1_read_fu_62                            |    0    |    0    |    0    |
|   read   |                             N_1_read_fu_68                            |    0    |    0    |    0    |
|          |                            ABC_1_read_fu_74                           |    0    |    0    |    0    |
|----------|-----------------------------------------------------------------------|---------|---------|---------|
| bitselect|                              tmp_5_fu_96                              |    0    |    0    |    0    |
|          |                              tmp_6_fu_114                             |    0    |    0    |    0    |
|----------|-----------------------------------------------------------------------|---------|---------|---------|
|          |                              tmp_1_fu_104                             |    0    |    0    |    0    |
|partselect|                              tmp_2_fu_128                             |    0    |    0    |    0    |
|          |                              tmp_3_fu_144                             |    0    |    0    |    0    |
|          |                               tmp_fu_171                              |    0    |    0    |    0    |
|----------|-----------------------------------------------------------------------|---------|---------|---------|
|   trunc  |                              empty_fu_162                             |    0    |    0    |    0    |
|          |                           trunc_ln125_fu_193                          |    0    |    0    |    0    |
|----------|-----------------------------------------------------------------------|---------|---------|---------|
|bitconcatenate|                              tmp_4_fu_223                             |    0    |    0    |    0    |
|----------|-----------------------------------------------------------------------|---------|---------|---------|
|   zext   |                           smax2_cast_fu_230                           |    0    |    0    |    0    |
|          |                           tmp_4_cast_fu_234                           |    0    |    0    |    0    |
|----------|-----------------------------------------------------------------------|---------|---------|---------|
|   Total  |                                                                       |    7    |   1521  |   1059  |
|----------|-----------------------------------------------------------------------|---------|---------|---------|

Memories:
N/A

* Register list:
+--------------------+--------+
|                    |   FF   |
+--------------------+--------+
|    ABC_1_reg_245   |   64   |
|     N_1_reg_239    |   32   |
|   bound6_reg_285   |   58   |
|  empty_35_reg_270  |   27   |
|    empty_reg_265   |   27   |
|select_ln125_reg_260|   28   |
|    smax2_reg_275   |   27   |
|    tmp_1_reg_255   |   28   |
|    tmp_4_reg_280   |   31   |
|    tmp_5_reg_250   |    1   |
+--------------------+--------+
|        Total       |   323  |
+--------------------+--------+

* Multiplexer (MUX) list: 
|--------|------|------|------|--------|
|  Comp  |  Pin | Size |  BW  | S x BW |
|--------|------|------|------|--------|
|  Total |      |      |      |    0   |
|--------|------|------|------|--------|



* Summary:
+-----------+--------+--------+--------+
|           |   DSP  |   FF   |   LUT  |
+-----------+--------+--------+--------+
|  Function |    7   |  1521  |  1059  |
|   Memory  |    -   |    -   |    -   |
|Multiplexer|    -   |    -   |    -   |
|  Register |    -   |   323  |    -   |
+-----------+--------+--------+--------+
|   Total   |    7   |  1844  |  1059  |
+-----------+--------+--------+--------+
