

================================================================
== Vitis HLS Report for 'writeTiles_Pipeline_i_BLOCK_loop_j_BLOCK_loop_j_output_loop'
================================================================
* Date:           Sat Apr 11 17:34:16 2026

* Version:        2025.1 (Build 6135595 on May 21 2025)
* Project:        baseline_blockedMM
* Solution:       hls (Vivado IP Flow Target)
* Product family: zynq
* Target device:  xc7z020-clg400-1


================================================================
== Performance Estimates
================================================================
+ Timing: 
    * Summary: 
    +--------+----------+-----------+------------+
    |  Clock |  Target  | Estimated | Uncertainty|
    +--------+----------+-----------+------------+
    |ap_clk  |  15.00 ns|  10.950 ns|     4.05 ns|
    +--------+----------+-----------+------------+

+ Latency: 
    * Summary: 
    +---------+---------+----------+----------+------+------+------------------------------------------------+
    |  Latency (cycles) |  Latency (absolute) |   Interval  |                    Pipeline                    |
    |   min   |   max   |    min   |    max   |  min |  max |                      Type                      |
    +---------+---------+----------+----------+------+------+------------------------------------------------+
    |     8203|     8203|  0.123 ms|  0.123 ms|  8193|  8193|  loop auto-rewind stp (delay=0 clock cycles(s))|
    +---------+---------+----------+----------+------+------+------------------------------------------------+

    + Detail: 
        * Instance: 
        N/A

        * Loop: 
        +-------------------------------------------+---------+---------+----------+-----------+-----------+------+----------+
        |                                           |  Latency (cycles) | Iteration|  Initiation Interval  | Trip |          |
        |                 Loop Name                 |   min   |   max   |  Latency |  achieved |   target  | Count| Pipelined|
        +-------------------------------------------+---------+---------+----------+-----------+-----------+------+----------+
        |- i_BLOCK_loop_j_BLOCK_loop_j_output_loop  |     8201|     8201|        11|          1|          1|  8192|       yes|
        +-------------------------------------------+---------+---------+----------+-----------+-----------+------+----------+

============================================================
+ Verbose Summary: Synthesis Manager
============================================================
InlineROM: 1
ExposeGlobal: 0
============================================================
+ Verbose Summary: CDFG Model
============================================================
IsTopModel: 0
ResetActiveHigh: 1
IsCombinational: 0
IsDatapathOnly: 0
HasWiredReturn: 1
HasMFsm: 2
HasVarLatency: 1
IsPipeline: 0
IsRtlPipelined: 0
IsInstanceOverlapped: 0
IsDontTouch: 0
HasImplIP: 0
IsGatedGlobalClock: 0

+ Individual pipeline summary: 
  * Pipeline-0: initiation interval (II) = 1, depth = 12


============================================================
+ Verbose Summary: Schedule
============================================================
* Number of FSM states : 12
* Pipeline : 1
  Pipeline-0 : II = 1, D = 12, States = { 1 2 3 4 5 6 7 8 9 10 11 12 }
* Dataflow Pipeline: 0

* FSM state transitions: 
1 --> 2 
2 --> 3 
3 --> 4 
4 --> 5 
5 --> 6 
6 --> 7 
7 --> 8 
8 --> 9 
9 --> 10 
10 --> 11 
11 --> 12 
12 --> 

* FSM state operations: 

State 1 <SV = 0> <Delay = 1.58>
ST_1 : Operation 14 [1/1] (0.00ns)   --->   "%j = alloca i32 1" [../MLP_baseline/mm.cpp:138]   --->   Operation 14 'alloca' 'j' <Predicate = true> <Delay = 0.00>
ST_1 : Operation 15 [1/1] (0.00ns)   --->   "%jb = alloca i32 1" [../MLP_baseline/mm.cpp:135]   --->   Operation 15 'alloca' 'jb' <Predicate = true> <Delay = 0.00>
ST_1 : Operation 16 [1/1] (0.00ns)   --->   "%indvar_flatten = alloca i32 1"   --->   Operation 16 'alloca' 'indvar_flatten' <Predicate = true> <Delay = 0.00>
ST_1 : Operation 17 [1/1] (0.00ns)   --->   "%ib = alloca i32 1" [../MLP_baseline/mm.cpp:132]   --->   Operation 17 'alloca' 'ib' <Predicate = true> <Delay = 0.00>
ST_1 : Operation 18 [1/1] (0.00ns)   --->   "%indvar_flatten20 = alloca i32 1"   --->   Operation 18 'alloca' 'indvar_flatten20' <Predicate = true> <Delay = 0.00>
ST_1 : Operation 19 [1/1] (0.00ns)   --->   "%specinterface_ln0 = specinterface void @_ssdm_op_SpecInterface, i512 %gmem, void @empty_14, i32 0, i32 0, void @empty_17, i32 0, i32 802816, void @empty_18, void @empty, void @empty_17, i32 16, i32 16, i32 16, i32 16, void @empty_17, void @empty_17, i32 4294967295, i32 0, i32 0"   --->   Operation 19 'specinterface' 'specinterface_ln0' <Predicate = true> <Delay = 0.00>
ST_1 : Operation 20 [1/1] (0.00ns)   --->   "%specinterface_ln0 = specinterface void @_ssdm_op_SpecInterface, i512 %AB_stream, void @empty_13, i32 0, i32 0, void @empty_17, i32 0, i32 0, void @empty_17, void @empty_17, void @empty_17, i32 0, i32 0, i32 0, i32 0, void @empty_17, void @empty_17, i32 4294967295, i32 0, i32 0"   --->   Operation 20 'specinterface' 'specinterface_ln0' <Predicate = true> <Delay = 0.00>
ST_1 : Operation 21 [1/1] (0.00ns)   --->   "%ABC_load_read = read i64 @_ssdm_op_Read.ap_auto.i64, i64 %ABC_load" [../MLP_baseline/mm.cpp:129]   --->   Operation 21 'read' 'ABC_load_read' <Predicate = true> <Delay = 0.00>
ST_1 : Operation 22 [1/1] (0.00ns)   --->   "%N_1_read = read i32 @_ssdm_op_Read.ap_auto.i32, i32 %N_1" [../MLP_baseline/mm.cpp:129]   --->   Operation 22 'read' 'N_1_read' <Predicate = true> <Delay = 0.00>
ST_1 : Operation 23 [1/1] (0.00ns)   --->   "%bound6_read = read i58 @_ssdm_op_Read.ap_auto.i58, i58 %bound6" [../MLP_baseline/mm.cpp:129]   --->   Operation 23 'read' 'bound6_read' <Predicate = true> <Delay = 0.00>
ST_1 : Operation 24 [1/1] (0.00ns)   --->   "%tmp_4_read = read i31 @_ssdm_op_Read.ap_auto.i31, i31 %tmp_4" [../MLP_baseline/mm.cpp:129]   --->   Operation 24 'read' 'tmp_4_read' <Predicate = true> <Delay = 0.00>
ST_1 : Operation 25 [1/1] (0.00ns)   --->   "%bound = zext i31 %tmp_4_read" [../MLP_baseline/mm.cpp:129]   --->   Operation 25 'zext' 'bound' <Predicate = true> <Delay = 0.00>
ST_1 : Operation 26 [1/1] (1.58ns)   --->   "%store_ln0 = store i58 0, i58 %indvar_flatten20"   --->   Operation 26 'store' 'store_ln0' <Predicate = true> <Delay = 1.58>
ST_1 : Operation 27 [1/1] (1.58ns)   --->   "%store_ln132 = store i28 0, i28 %ib" [../MLP_baseline/mm.cpp:132]   --->   Operation 27 'store' 'store_ln132' <Predicate = true> <Delay = 1.58>
ST_1 : Operation 28 [1/1] (1.58ns)   --->   "%store_ln0 = store i34 0, i34 %indvar_flatten"   --->   Operation 28 'store' 'store_ln0' <Predicate = true> <Delay = 1.58>
ST_1 : Operation 29 [1/1] (1.58ns)   --->   "%store_ln135 = store i28 0, i28 %jb" [../MLP_baseline/mm.cpp:135]   --->   Operation 29 'store' 'store_ln135' <Predicate = true> <Delay = 1.58>
ST_1 : Operation 30 [1/1] (1.58ns)   --->   "%store_ln138 = store i5 0, i5 %j" [../MLP_baseline/mm.cpp:138]   --->   Operation 30 'store' 'store_ln138' <Predicate = true> <Delay = 1.58>
ST_1 : Operation 31 [1/1] (0.00ns)   --->   "%br_ln132 = br void %for.inc" [../MLP_baseline/mm.cpp:132]   --->   Operation 31 'br' 'br_ln132' <Predicate = true> <Delay = 0.00>

State 2 <SV = 1> <Delay = 9.29>
ST_2 : Operation 32 [1/1] (0.00ns)   --->   "%indvar_flatten20_load = load i58 %indvar_flatten20" [../MLP_baseline/mm.cpp:132]   --->   Operation 32 'load' 'indvar_flatten20_load' <Predicate = true> <Delay = 0.00>
ST_2 : Operation 33 [1/1] (3.36ns)   --->   "%icmp_ln132 = icmp_eq  i58 %indvar_flatten20_load, i58 %bound6_read" [../MLP_baseline/mm.cpp:132]   --->   Operation 33 'icmp' 'icmp_ln132' <Predicate = true> <Delay = 3.36> <CoreInst = "Cmp">   --->   Core 9 'Cmp' <Latency = 0> <II = 1> <Delay = 3.36> <FuncUnit> <Opcode : 'seteq' 'setne' 'setle' 'setge' 'setlt' 'setgt'> <InPorts = 2> <OutPorts = 1>
ST_2 : Operation 34 [1/1] (0.00ns)   --->   "%br_ln132 = br i1 %icmp_ln132, void %for.inc17, void %for.end19.exitStub" [../MLP_baseline/mm.cpp:132]   --->   Operation 34 'br' 'br_ln132' <Predicate = true> <Delay = 0.00>
ST_2 : Operation 35 [1/1] (0.00ns)   --->   "%j_load = load i5 %j" [../MLP_baseline/mm.cpp:138]   --->   Operation 35 'load' 'j_load' <Predicate = (!icmp_ln132)> <Delay = 0.00>
ST_2 : Operation 36 [1/1] (0.00ns)   --->   "%jb_load = load i28 %jb" [../MLP_baseline/mm.cpp:132]   --->   Operation 36 'load' 'jb_load' <Predicate = (!icmp_ln132)> <Delay = 0.00>
ST_2 : Operation 37 [1/1] (0.00ns)   --->   "%indvar_flatten_load = load i34 %indvar_flatten" [../MLP_baseline/mm.cpp:135]   --->   Operation 37 'load' 'indvar_flatten_load' <Predicate = (!icmp_ln132)> <Delay = 0.00>
ST_2 : Operation 38 [1/1] (3.36ns)   --->   "%add_ln132 = add i58 %indvar_flatten20_load, i58 1" [../MLP_baseline/mm.cpp:132]   --->   Operation 38 'add' 'add_ln132' <Predicate = (!icmp_ln132)> <Delay = 3.36> <CoreInst = "Adder">   --->   Core 1 'Adder' <Latency = 0> <II = 1> <Delay = 3.36> <FuncUnit> <Opcode : 'add' 'sub'> <InPorts = 2> <OutPorts = 1>
ST_2 : Operation 39 [1/1] (2.63ns)   --->   "%icmp_ln135 = icmp_eq  i34 %indvar_flatten_load, i34 %bound" [../MLP_baseline/mm.cpp:135]   --->   Operation 39 'icmp' 'icmp_ln135' <Predicate = (!icmp_ln132)> <Delay = 2.63> <CoreInst = "Cmp">   --->   Core 9 'Cmp' <Latency = 0> <II = 1> <Delay = 2.63> <FuncUnit> <Opcode : 'seteq' 'setne' 'setle' 'setge' 'setlt' 'setgt'> <InPorts = 2> <OutPorts = 1>
ST_2 : Operation 40 [1/1] (0.83ns)   --->   "%select_ln132 = select i1 %icmp_ln135, i28 0, i28 %jb_load" [../MLP_baseline/mm.cpp:132]   --->   Operation 40 'select' 'select_ln132' <Predicate = (!icmp_ln132)> <Delay = 0.83> <CoreInst = "Sel">   --->   Core 73 'Sel' <Latency = 0> <II = 1> <Delay = 0.83> <FuncUnit> <Opcode : 'select'> <InPorts = 3> <OutPorts = 1>
ST_2 : Operation 41 [1/1] (0.00ns) (grouped into LUT with out node and_ln132)   --->   "%xor_ln132 = xor i1 %icmp_ln135, i1 1" [../MLP_baseline/mm.cpp:132]   --->   Operation 41 'xor' 'xor_ln132' <Predicate = (!icmp_ln132)> <Delay = 0.00> <CoreInst = "LogicGate">   --->   Core 74 'LogicGate' <Latency = 0> <II = 1> <Delay = 0.97> <FuncUnit> <Opcode : 'and' 'or' 'xor'> <InPorts = 2> <OutPorts = 1>
ST_2 : Operation 42 [1/1] (1.78ns)   --->   "%icmp_ln138 = icmp_eq  i5 %j_load, i5 16" [../MLP_baseline/mm.cpp:138]   --->   Operation 42 'icmp' 'icmp_ln138' <Predicate = (!icmp_ln132)> <Delay = 1.78> <CoreInst = "Cmp">   --->   Core 9 'Cmp' <Latency = 0> <II = 1> <Delay = 1.78> <FuncUnit> <Opcode : 'seteq' 'setne' 'setle' 'setge' 'setlt' 'setgt'> <InPorts = 2> <OutPorts = 1>
ST_2 : Operation 43 [1/1] (0.97ns) (out node of the LUT)   --->   "%and_ln132 = and i1 %icmp_ln138, i1 %xor_ln132" [../MLP_baseline/mm.cpp:132]   --->   Operation 43 'and' 'and_ln132' <Predicate = (!icmp_ln132)> <Delay = 0.97> <CoreInst = "LogicGate">   --->   Core 74 'LogicGate' <Latency = 0> <II = 1> <Delay = 0.97> <FuncUnit> <Opcode : 'and' 'or' 'xor'> <InPorts = 2> <OutPorts = 1>
ST_2 : Operation 44 [1/1] (2.43ns)   --->   "%jb_2 = add i28 %select_ln132, i28 1" [../MLP_baseline/mm.cpp:135]   --->   Operation 44 'add' 'jb_2' <Predicate = (!icmp_ln132)> <Delay = 2.43> <CoreInst = "Adder">   --->   Core 1 'Adder' <Latency = 0> <II = 1> <Delay = 2.43> <FuncUnit> <Opcode : 'add' 'sub'> <InPorts = 2> <OutPorts = 1>
ST_2 : Operation 45 [1/1] (0.00ns) (grouped into LUT with out node select_ln135)   --->   "%or_ln135 = or i1 %and_ln132, i1 %icmp_ln135" [../MLP_baseline/mm.cpp:135]   --->   Operation 45 'or' 'or_ln135' <Predicate = (!icmp_ln132)> <Delay = 0.00> <CoreInst = "LogicGate">   --->   Core 74 'LogicGate' <Latency = 0> <II = 1> <Delay = 0.97> <FuncUnit> <Opcode : 'and' 'or' 'xor'> <InPorts = 2> <OutPorts = 1>
ST_2 : Operation 46 [1/1] (1.21ns) (out node of the LUT)   --->   "%select_ln135 = select i1 %or_ln135, i5 0, i5 %j_load" [../MLP_baseline/mm.cpp:135]   --->   Operation 46 'select' 'select_ln135' <Predicate = (!icmp_ln132)> <Delay = 1.21> <CoreInst = "Sel">   --->   Core 73 'Sel' <Latency = 0> <II = 1> <Delay = 1.21> <FuncUnit> <Opcode : 'select'> <InPorts = 3> <OutPorts = 1>
ST_2 : Operation 47 [1/1] (0.83ns)   --->   "%select_ln135_1 = select i1 %and_ln132, i28 %jb_2, i28 %select_ln132" [../MLP_baseline/mm.cpp:135]   --->   Operation 47 'select' 'select_ln135_1' <Predicate = (!icmp_ln132)> <Delay = 0.83> <CoreInst = "Sel">   --->   Core 73 'Sel' <Latency = 0> <II = 1> <Delay = 0.83> <FuncUnit> <Opcode : 'select'> <InPorts = 3> <OutPorts = 1>
ST_2 : Operation 48 [1/1] (0.00ns)   --->   "%mul = bitconcatenate i32 @_ssdm_op_BitConcatenate.i32.i28.i4, i28 %select_ln135_1, i4 0" [../MLP_baseline/mm.cpp:135]   --->   Operation 48 'bitconcatenate' 'mul' <Predicate = (!icmp_ln132)> <Delay = 0.00>
ST_2 : Operation 49 [1/1] (0.00ns)   --->   "%zext_ln138 = zext i5 %select_ln135" [../MLP_baseline/mm.cpp:138]   --->   Operation 49 'zext' 'zext_ln138' <Predicate = (!icmp_ln132)> <Delay = 0.00>
ST_2 : Operation 50 [1/1] (2.55ns)   --->   "%add_ln141 = add i32 %mul, i32 %zext_ln138" [../MLP_baseline/mm.cpp:141]   --->   Operation 50 'add' 'add_ln141' <Predicate = (!icmp_ln132)> <Delay = 2.55> <CoreInst = "Adder">   --->   Core 1 'Adder' <Latency = 0> <II = 1> <Delay = 2.55> <FuncUnit> <Opcode : 'add' 'sub'> <InPorts = 2> <OutPorts = 1>
ST_2 : Operation 51 [1/1] (1.78ns)   --->   "%j_1 = add i5 %select_ln135, i5 1" [../MLP_baseline/mm.cpp:138]   --->   Operation 51 'add' 'j_1' <Predicate = (!icmp_ln132)> <Delay = 1.78> <CoreInst = "Adder">   --->   Core 1 'Adder' <Latency = 0> <II = 1> <Delay = 1.78> <FuncUnit> <Opcode : 'add' 'sub'> <InPorts = 2> <OutPorts = 1>
ST_2 : Operation 52 [1/1] (2.63ns)   --->   "%add_ln135_1 = add i34 %indvar_flatten_load, i34 1" [../MLP_baseline/mm.cpp:135]   --->   Operation 52 'add' 'add_ln135_1' <Predicate = (!icmp_ln132)> <Delay = 2.63> <CoreInst = "Adder">   --->   Core 1 'Adder' <Latency = 0> <II = 1> <Delay = 2.63> <FuncUnit> <Opcode : 'add' 'sub'> <InPorts = 2> <OutPorts = 1>
ST_2 : Operation 53 [1/1] (0.91ns)   --->   "%select_ln135_2 = select i1 %icmp_ln135, i34 1, i34 %add_ln135_1" [../MLP_baseline/mm.cpp:135]   --->   Operation 53 'select' 'select_ln135_2' <Predicate = (!icmp_ln132)> <Delay = 0.91> <CoreInst = "Sel">   --->   Core 73 'Sel' <Latency = 0> <II = 1> <Delay = 0.91> <FuncUnit> <Opcode : 'select'> <InPorts = 3> <OutPorts = 1>
ST_2 : Operation 54 [1/1] (1.58ns)   --->   "%store_ln132 = store i58 %add_ln132, i58 %indvar_flatten20" [../MLP_baseline/mm.cpp:132]   --->   Operation 54 'store' 'store_ln132' <Predicate = (!icmp_ln132)> <Delay = 1.58>
ST_2 : Operation 55 [1/1] (1.58ns)   --->   "%store_ln135 = store i34 %select_ln135_2, i34 %indvar_flatten" [../MLP_baseline/mm.cpp:135]   --->   Operation 55 'store' 'store_ln135' <Predicate = (!icmp_ln132)> <Delay = 1.58>
ST_2 : Operation 56 [1/1] (1.58ns)   --->   "%store_ln135 = store i28 %select_ln135_1, i28 %jb" [../MLP_baseline/mm.cpp:135]   --->   Operation 56 'store' 'store_ln135' <Predicate = (!icmp_ln132)> <Delay = 1.58>
ST_2 : Operation 57 [1/1] (1.58ns)   --->   "%store_ln138 = store i5 %j_1, i5 %j" [../MLP_baseline/mm.cpp:138]   --->   Operation 57 'store' 'store_ln138' <Predicate = (!icmp_ln132)> <Delay = 1.58>

State 3 <SV = 2> <Delay = 8.51>
ST_3 : Operation 58 [1/1] (8.51ns)   --->   "%mul_ln141 = mul i32 %N_1_read, i32 %add_ln141" [../MLP_baseline/mm.cpp:141]   --->   Operation 58 'mul' 'mul_ln141' <Predicate = true> <Delay = 8.51> <CoreInst = "Multiplier">   --->   Core 3 'Multiplier' <Latency = 0> <II = 1> <Delay = 8.51> <FuncUnit> <Opcode : 'mul'> <InPorts = 2> <OutPorts = 1>

State 4 <SV = 3> <Delay = 5.82>
ST_4 : Operation 59 [1/1] (0.00ns)   --->   "%ib_load = load i28 %ib" [../MLP_baseline/mm.cpp:132]   --->   Operation 59 'load' 'ib_load' <Predicate = true> <Delay = 0.00>
ST_4 : Operation 60 [1/1] (2.43ns)   --->   "%add_ln132_1 = add i28 %ib_load, i28 1" [../MLP_baseline/mm.cpp:132]   --->   Operation 60 'add' 'add_ln132_1' <Predicate = (icmp_ln135)> <Delay = 2.43> <CoreInst = "Adder">   --->   Core 1 'Adder' <Latency = 0> <II = 1> <Delay = 2.43> <FuncUnit> <Opcode : 'add' 'sub'> <InPorts = 2> <OutPorts = 1>
ST_4 : Operation 61 [1/1] (0.83ns)   --->   "%select_ln132_1 = select i1 %icmp_ln135, i28 %add_ln132_1, i28 %ib_load" [../MLP_baseline/mm.cpp:132]   --->   Operation 61 'select' 'select_ln132_1' <Predicate = true> <Delay = 0.83> <CoreInst = "Sel">   --->   Core 73 'Sel' <Latency = 0> <II = 1> <Delay = 0.83> <FuncUnit> <Opcode : 'select'> <InPorts = 3> <OutPorts = 1>
ST_4 : Operation 62 [1/1] (0.00ns)   --->   "%mul1 = bitconcatenate i32 @_ssdm_op_BitConcatenate.i32.i28.i4, i28 %select_ln132_1, i4 0" [../MLP_baseline/mm.cpp:132]   --->   Operation 62 'bitconcatenate' 'mul1' <Predicate = true> <Delay = 0.00>
ST_4 : Operation 63 [1/1] (2.55ns)   --->   "%add_ln141_1 = add i32 %mul_ln141, i32 %mul1" [../MLP_baseline/mm.cpp:141]   --->   Operation 63 'add' 'add_ln141_1' <Predicate = true> <Delay = 2.55> <CoreInst = "Adder">   --->   Core 1 'Adder' <Latency = 0> <II = 1> <Delay = 2.55> <FuncUnit> <Opcode : 'add' 'sub'> <InPorts = 2> <OutPorts = 1>
ST_4 : Operation 64 [1/1] (1.58ns)   --->   "%store_ln132 = store i28 %select_ln132_1, i28 %ib" [../MLP_baseline/mm.cpp:132]   --->   Operation 64 'store' 'store_ln132' <Predicate = true> <Delay = 1.58>

State 5 <SV = 4> <Delay = 8.50>
ST_5 : Operation 65 [1/1] (0.00ns) (grouped into LUT with out node add_ln141_2)   --->   "%tmp = bitselect i1 @_ssdm_op_BitSelect.i1.i32.i32, i32 %add_ln141_1, i32 31" [../MLP_baseline/mm.cpp:141]   --->   Operation 65 'bitselect' 'tmp' <Predicate = true> <Delay = 0.00>
ST_5 : Operation 66 [1/1] (2.55ns)   --->   "%sub_ln141 = sub i32 0, i32 %add_ln141_1" [../MLP_baseline/mm.cpp:141]   --->   Operation 66 'sub' 'sub_ln141' <Predicate = true> <Delay = 2.55> <CoreInst = "Adder">   --->   Core 1 'Adder' <Latency = 0> <II = 1> <Delay = 2.55> <FuncUnit> <Opcode : 'add' 'sub'> <InPorts = 2> <OutPorts = 1>
ST_5 : Operation 67 [1/1] (0.00ns)   --->   "%tmp_5 = partselect i28 @_ssdm_op_PartSelect.i28.i32.i32.i32, i32 %sub_ln141, i32 4, i32 31" [../MLP_baseline/mm.cpp:141]   --->   Operation 67 'partselect' 'tmp_5' <Predicate = true> <Delay = 0.00>
ST_5 : Operation 68 [1/1] (2.43ns)   --->   "%sub_ln141_1 = sub i28 0, i28 %tmp_5" [../MLP_baseline/mm.cpp:141]   --->   Operation 68 'sub' 'sub_ln141_1' <Predicate = true> <Delay = 2.43> <CoreInst = "Adder">   --->   Core 1 'Adder' <Latency = 0> <II = 1> <Delay = 2.43> <FuncUnit> <Opcode : 'add' 'sub'> <InPorts = 2> <OutPorts = 1>
ST_5 : Operation 69 [1/1] (0.00ns) (grouped into LUT with out node add_ln141_2)   --->   "%tmp_6 = partselect i28 @_ssdm_op_PartSelect.i28.i32.i32.i32, i32 %add_ln141_1, i32 4, i32 31" [../MLP_baseline/mm.cpp:141]   --->   Operation 69 'partselect' 'tmp_6' <Predicate = true> <Delay = 0.00>
ST_5 : Operation 70 [1/1] (0.00ns) (grouped into LUT with out node add_ln141_2)   --->   "%select_ln141 = select i1 %tmp, i28 %sub_ln141_1, i28 %tmp_6" [../MLP_baseline/mm.cpp:141]   --->   Operation 70 'select' 'select_ln141' <Predicate = true> <Delay = 0.00> <CoreInst = "Sel">   --->   Core 73 'Sel' <Latency = 0> <II = 1> <Delay = 0.83> <FuncUnit> <Opcode : 'select'> <InPorts = 3> <OutPorts = 1>
ST_5 : Operation 71 [1/1] (0.00ns) (grouped into LUT with out node add_ln141_2)   --->   "%shl_ln = bitconcatenate i34 @_ssdm_op_BitConcatenate.i34.i28.i6, i28 %select_ln141, i6 0" [../MLP_baseline/mm.cpp:141]   --->   Operation 71 'bitconcatenate' 'shl_ln' <Predicate = true> <Delay = 0.00>
ST_5 : Operation 72 [1/1] (0.00ns) (grouped into LUT with out node add_ln141_2)   --->   "%sext_ln141 = sext i34 %shl_ln" [../MLP_baseline/mm.cpp:141]   --->   Operation 72 'sext' 'sext_ln141' <Predicate = true> <Delay = 0.00>
ST_5 : Operation 73 [1/1] (3.52ns) (out node of the LUT)   --->   "%add_ln141_2 = add i64 %ABC_load_read, i64 %sext_ln141" [../MLP_baseline/mm.cpp:141]   --->   Operation 73 'add' 'add_ln141_2' <Predicate = true> <Delay = 3.52> <CoreInst = "Adder">   --->   Core 1 'Adder' <Latency = 0> <II = 1> <Delay = 3.52> <FuncUnit> <Opcode : 'add' 'sub'> <InPorts = 2> <OutPorts = 1>
ST_5 : Operation 74 [1/1] (0.00ns)   --->   "%trunc_ln141_1 = partselect i58 @_ssdm_op_PartSelect.i58.i64.i32.i32, i64 %add_ln141_2, i32 6, i32 63" [../MLP_baseline/mm.cpp:141]   --->   Operation 74 'partselect' 'trunc_ln141_1' <Predicate = true> <Delay = 0.00>

State 6 <SV = 5> <Delay = 10.9>
ST_6 : Operation 75 [1/1] ( I:3.60ns O:3.60ns )   --->   "%AB_stream_read = read i512 @_ssdm_op_Read.ap_fifo.volatile.i512P0A, i512 %AB_stream" [../MLP_baseline/mm.cpp:140]   --->   Operation 75 'read' 'AB_stream_read' <Predicate = true> <Delay = 3.60> <CoreInst = "FIFO">   --->   Core 77 'FIFO' <Latency = 0> <II = 1> <Delay = 3.60> <Storage> <Opcode : 'read' 'write' 'nbread' 'nbwrite'> <Ports = 0> <Width = 512> <Depth = 32> <FIFO>
ST_6 : Operation 76 [1/1] (0.00ns)   --->   "%sext_ln141_1 = sext i58 %trunc_ln141_1" [../MLP_baseline/mm.cpp:141]   --->   Operation 76 'sext' 'sext_ln141_1' <Predicate = true> <Delay = 0.00>
ST_6 : Operation 77 [1/1] (0.00ns)   --->   "%gmem_addr = getelementptr i512 %gmem, i64 %sext_ln141_1" [../MLP_baseline/mm.cpp:141]   --->   Operation 77 'getelementptr' 'gmem_addr' <Predicate = true> <Delay = 0.00>
ST_6 : Operation 78 [1/1] (10.9ns)   --->   "%gmem_addr_req = writereq i1 @_ssdm_op_WriteReq.m_axi.i512P1A, i512 %gmem_addr, i64 1" [../MLP_baseline/mm.cpp:141]   --->   Operation 78 'writereq' 'gmem_addr_req' <Predicate = true> <Delay = 10.9> <CoreInst = "m_axi">   --->   Core 111 'm_axi' <Latency = 9> <II = 1> <Delay = 1.00> <Adapter> <Opcode : 'read' 'write' 'readreq' 'writereq' 'writeresp'>

State 7 <SV = 6> <Delay = 10.9>
ST_7 : Operation 79 [1/1] (10.9ns)   --->   "%write_ln141 = write void @_ssdm_op_Write.m_axi.i512P1A, i512 %gmem_addr, i512 %AB_stream_read, i64 18446744073709551615" [../MLP_baseline/mm.cpp:141]   --->   Operation 79 'write' 'write_ln141' <Predicate = true> <Delay = 10.9> <CoreInst = "m_axi">   --->   Core 111 'm_axi' <Latency = 5> <II = 1> <Delay = 1.00> <Adapter> <Opcode : 'read' 'write' 'readreq' 'writereq' 'writeresp'>

State 8 <SV = 7> <Delay = 10.9>
ST_8 : Operation 80 [5/5] (10.9ns)   --->   "%gmem_addr_resp = writeresp i1 @_ssdm_op_WriteResp.m_axi.i512P1A, i512 %gmem_addr" [../MLP_baseline/mm.cpp:141]   --->   Operation 80 'writeresp' 'gmem_addr_resp' <Predicate = true> <Delay = 10.9> <CoreInst = "m_axi">   --->   Core 111 'm_axi' <Latency = 3> <II = 1> <Delay = 1.00> <Adapter> <Opcode : 'read' 'write' 'readreq' 'writereq' 'writeresp'>

State 9 <SV = 8> <Delay = 10.9>
ST_9 : Operation 81 [4/5] (10.9ns)   --->   "%gmem_addr_resp = writeresp i1 @_ssdm_op_WriteResp.m_axi.i512P1A, i512 %gmem_addr" [../MLP_baseline/mm.cpp:141]   --->   Operation 81 'writeresp' 'gmem_addr_resp' <Predicate = true> <Delay = 10.9> <CoreInst = "m_axi">   --->   Core 111 'm_axi' <Latency = 3> <II = 1> <Delay = 1.00> <Adapter> <Opcode : 'read' 'write' 'readreq' 'writereq' 'writeresp'>

State 10 <SV = 9> <Delay = 10.9>
ST_10 : Operation 82 [3/5] (10.9ns)   --->   "%gmem_addr_resp = writeresp i1 @_ssdm_op_WriteResp.m_axi.i512P1A, i512 %gmem_addr" [../MLP_baseline/mm.cpp:141]   --->   Operation 82 'writeresp' 'gmem_addr_resp' <Predicate = true> <Delay = 10.9> <CoreInst = "m_axi">   --->   Core 111 'm_axi' <Latency = 3> <II = 1> <Delay = 1.00> <Adapter> <Opcode : 'read' 'write' 'readreq' 'writereq' 'writeresp'>

State 11 <SV = 10> <Delay = 10.9>
ST_11 : Operation 83 [2/5] (10.9ns)   --->   "%gmem_addr_resp = writeresp i1 @_ssdm_op_WriteResp.m_axi.i512P1A, i512 %gmem_addr" [../MLP_baseline/mm.cpp:141]   --->   Operation 83 'writeresp' 'gmem_addr_resp' <Predicate = true> <Delay = 10.9> <CoreInst = "m_axi">   --->   Core 111 'm_axi' <Latency = 3> <II = 1> <Delay = 1.00> <Adapter> <Opcode : 'read' 'write' 'readreq' 'writereq' 'writeresp'>
ST_11 : Operation 89 [1/1] (1.58ns)   --->   "%ret_ln0 = ret"   --->   Operation 89 'ret' 'ret_ln0' <Predicate = (icmp_ln132)> <Delay = 1.58>

State 12 <SV = 11> <Delay = 10.9>
ST_12 : Operation 84 [1/1] (0.00ns)   --->   "%specloopname_ln0 = specloopname void @_ssdm_op_SpecLoopName, void @i_BLOCK_loop_j_BLOCK_loop_j_output_loop_str"   --->   Operation 84 'specloopname' 'specloopname_ln0' <Predicate = true> <Delay = 0.00>
ST_12 : Operation 85 [1/1] (0.00ns)   --->   "%speclooptripcount_ln0 = speclooptripcount void @_ssdm_op_SpecLoopTripCount, i64 8192, i64 8192, i64 8192"   --->   Operation 85 'speclooptripcount' 'speclooptripcount_ln0' <Predicate = true> <Delay = 0.00>
ST_12 : Operation 86 [1/1] (0.00ns)   --->   "%specpipeline_ln139 = specpipeline void @_ssdm_op_SpecPipeline, i32 1, i32 0, i32 0, i32 0, void @empty_17" [../MLP_baseline/mm.cpp:139]   --->   Operation 86 'specpipeline' 'specpipeline_ln139' <Predicate = true> <Delay = 0.00>
ST_12 : Operation 87 [1/5] (10.9ns)   --->   "%gmem_addr_resp = writeresp i1 @_ssdm_op_WriteResp.m_axi.i512P1A, i512 %gmem_addr" [../MLP_baseline/mm.cpp:141]   --->   Operation 87 'writeresp' 'gmem_addr_resp' <Predicate = true> <Delay = 10.9> <CoreInst = "m_axi">   --->   Core 111 'm_axi' <Latency = 3> <II = 1> <Delay = 1.00> <Adapter> <Opcode : 'read' 'write' 'readreq' 'writereq' 'writeresp'>
ST_12 : Operation 88 [1/1] (0.00ns)   --->   "%br_ln138 = br void %for.inc" [../MLP_baseline/mm.cpp:138]   --->   Operation 88 'br' 'br_ln138' <Predicate = true> <Delay = 0.00>


============================================================
+ Verbose Summary: Timing violations
============================================================
Target clock period: 15.000ns, clock uncertainty: 4.050ns.

 <State 1>: 1.588ns
The critical path consists of the following:
	'alloca' operation 58 bit ('indvar_flatten20') [11]  (0.000 ns)
	'store' operation 0 bit ('store_ln0') of constant 0 on local variable 'indvar_flatten20' [19]  (1.588 ns)

 <State 2>: 9.297ns
The critical path consists of the following:
	'load' operation 34 bit ('indvar_flatten_load', ../MLP_baseline/mm.cpp:135) on local variable 'indvar_flatten' [32]  (0.000 ns)
	'icmp' operation 1 bit ('icmp_ln135', ../MLP_baseline/mm.cpp:135) [37]  (2.634 ns)
	'select' operation 28 bit ('select_ln132', ../MLP_baseline/mm.cpp:132) [38]  (0.839 ns)
	'add' operation 28 bit ('jb_2', ../MLP_baseline/mm.cpp:135) [44]  (2.433 ns)
	'select' operation 28 bit ('select_ln135_1', ../MLP_baseline/mm.cpp:135) [47]  (0.839 ns)
	'add' operation 32 bit ('add_ln141', ../MLP_baseline/mm.cpp:141) [53]  (2.552 ns)

 <State 3>: 8.510ns
The critical path consists of the following:
	'mul' operation 32 bit ('mul_ln141', ../MLP_baseline/mm.cpp:141) [54]  (8.510 ns)

 <State 4>: 5.824ns
The critical path consists of the following:
	'load' operation 28 bit ('ib_load', ../MLP_baseline/mm.cpp:132) on local variable 'ib', ../MLP_baseline/mm.cpp:132 [33]  (0.000 ns)
	'add' operation 28 bit ('add_ln132_1', ../MLP_baseline/mm.cpp:132) [42]  (2.433 ns)
	'select' operation 28 bit ('select_ln132_1', ../MLP_baseline/mm.cpp:132) [43]  (0.839 ns)
	'add' operation 32 bit ('add_ln141_1', ../MLP_baseline/mm.cpp:141) [55]  (2.552 ns)

 <State 5>: 8.505ns
The critical path consists of the following:
	'sub' operation 32 bit ('sub_ln141', ../MLP_baseline/mm.cpp:141) [57]  (2.552 ns)
	'sub' operation 28 bit ('sub_ln141_1', ../MLP_baseline/mm.cpp:141) [59]  (2.433 ns)
	'select' operation 28 bit ('select_ln141', ../MLP_baseline/mm.cpp:141) [61]  (0.000 ns)
	'add' operation 64 bit ('add_ln141_2', ../MLP_baseline/mm.cpp:141) [64]  (3.520 ns)

 <State 6>: 10.950ns
The critical path consists of the following:
	'getelementptr' operation 512 bit ('gmem_addr', ../MLP_baseline/mm.cpp:141) [67]  (0.000 ns)
	bus request operation ('gmem_addr_req', ../MLP_baseline/mm.cpp:141) on port 'gmem' (../MLP_baseline/mm.cpp:141) [68]  (10.950 ns)

 <State 7>: 10.950ns
The critical path consists of the following:
	bus write operation ('write_ln141', ../MLP_baseline/mm.cpp:141) on port 'gmem' (../MLP_baseline/mm.cpp:141) [69]  (10.950 ns)

 <State 8>: 10.950ns
The critical path consists of the following:
	bus response operation ('gmem_addr_resp', ../MLP_baseline/mm.cpp:141) on port 'gmem' (../MLP_baseline/mm.cpp:141) [70]  (10.950 ns)

 <State 9>: 10.950ns
The critical path consists of the following:
	bus response operation ('gmem_addr_resp', ../MLP_baseline/mm.cpp:141) on port 'gmem' (../MLP_baseline/mm.cpp:141) [70]  (10.950 ns)

 <State 10>: 10.950ns
The critical path consists of the following:
	bus response operation ('gmem_addr_resp', ../MLP_baseline/mm.cpp:141) on port 'gmem' (../MLP_baseline/mm.cpp:141) [70]  (10.950 ns)

 <State 11>: 10.950ns
The critical path consists of the following:
	bus response operation ('gmem_addr_resp', ../MLP_baseline/mm.cpp:141) on port 'gmem' (../MLP_baseline/mm.cpp:141) [70]  (10.950 ns)

 <State 12>: 10.950ns
The critical path consists of the following:
	bus response operation ('gmem_addr_resp', ../MLP_baseline/mm.cpp:141) on port 'gmem' (../MLP_baseline/mm.cpp:141) [70]  (10.950 ns)


============================================================
+ Verbose Summary: Binding
============================================================
N/A
* FSMD analyzer results:
  - Output states:
 - Input state : 
  - Chain level:
	State 1
	State 2
	State 3
	State 4
	State 5
	State 6
	State 7
	State 8
	State 9
	State 10
	State 11
	State 12


============================================================
+ Verbose Summary: Datapath Resource usage 
============================================================
N/A
