

================================================================
== Vitis HLS Report for 'writeTiles'
================================================================
* Date:           Thu Apr  9 18:27:23 2026

* Version:        2025.2 (Build 6295257 on Nov 14 2025)
* Project:        baseline_blockedMM
* Solution:       hls (Vivado IP Flow Target)
* Product family: zynq
* Target device:  xc7z020-clg400-1


================================================================
== Performance Estimates
================================================================
+ Timing: 
    * Summary: 
    +--------+----------+-----------+------------+
    |  Clock |  Target  | Estimated | Uncertainty|
    +--------+----------+-----------+------------+
    |ap_clk  |  15.00 ns|  10.950 ns|     4.05 ns|
    +--------+----------+-----------+------------+

+ Latency: 
    * Summary: 
    +---------+--------------------+-----------+-------------+-----+--------------------+---------+
    |       Latency (cycles)       |    Latency (absolute)   |         Interval         | Pipeline|
    |   min   |         max        |    min    |     max     | min |         max        |   Type  |
    +---------+--------------------+-----------+-------------+-----+--------------------+---------+
    |        6|  288230371856744480|  90.000 ns|  4.3e+09 sec|    6|  288230371856744480|       no|
    +---------+--------------------+-----------+-------------+-----+--------------------+---------+

    + Detail: 
        * Instance: 
        N/A

        * Loop: 
        N/A

============================================================
+ Verbose Summary: Synthesis Manager
============================================================
InlineROM: 1
ExposeGlobal: 0
============================================================
+ Verbose Summary: CDFG Model
============================================================
IsTopModel: 0
ResetActiveHigh: 1
IsCombinational: 2
IsDatapathOnly: 0
HasWiredReturn: 1
HasMFsm: 0
HasVarLatency: 1
IsPipeline: 0
IsRtlPipelined: 0
IsInstanceOverlapped: 0
IsDontTouch: 0
HasImplIP: 0
IsGatedGlobalClock: 0


============================================================
+ Verbose Summary: Schedule
============================================================
* Number of FSM states : 5
* Pipeline : 0
* Dataflow Pipeline: 0

* FSM state transitions: 
1 --> 2 
2 --> 3 
3 --> 4 
4 --> 5 
5 --> 

* FSM state operations: 

State 1 <SV = 0> <Delay = 9.45>
ST_1 : Operation 6 [1/1] ( I:3.63ns O:3.63ns )   --->   "%P_1 = read i32 @_ssdm_op_Read.ap_fifo.i32P0A, i32 %P"   --->   Operation 6 'read' 'P_1' <Predicate = true> <Delay = 3.63> <CoreInst = "FIFO_SRL">   --->   Core 80 'FIFO_SRL' <Latency = 0> <II = 1> <Delay = 3.63> <Storage> <Opcode : 'read' 'write' 'nbread' 'nbwrite'> <Ports = 0> <Width = 32> <Depth = 2> <FIFO>
ST_1 : Operation 7 [1/1] ( I:3.63ns O:3.63ns )   --->   "%N_1 = read i32 @_ssdm_op_Read.ap_fifo.i32P0A, i32 %N"   --->   Operation 7 'read' 'N_1' <Predicate = true> <Delay = 3.63> <CoreInst = "FIFO_SRL">   --->   Core 80 'FIFO_SRL' <Latency = 0> <II = 1> <Delay = 3.63> <Storage> <Opcode : 'read' 'write' 'nbread' 'nbwrite'> <Ports = 0> <Width = 32> <Depth = 2> <FIFO>
ST_1 : Operation 8 [1/1] ( I:3.63ns O:3.63ns )   --->   "%ABC_1 = read i64 @_ssdm_op_Read.ap_fifo.i64P0A, i64 %ABC"   --->   Operation 8 'read' 'ABC_1' <Predicate = true> <Delay = 3.63> <CoreInst = "FIFO_SRL">   --->   Core 80 'FIFO_SRL' <Latency = 0> <II = 1> <Delay = 3.63> <Storage> <Opcode : 'read' 'write' 'nbread' 'nbwrite'> <Ports = 0> <Width = 64> <Depth = 4> <FIFO>
ST_1 : Operation 9 [1/1] (0.00ns)   --->   "%tmp_5 = bitselect i1 @_ssdm_op_BitSelect.i1.i32.i32, i32 %N_1, i32 31" [../MLP_baseline/mm.cpp:123]   --->   Operation 9 'bitselect' 'tmp_5' <Predicate = true> <Delay = 0.00>
ST_1 : Operation 10 [1/1] (0.00ns)   --->   "%tmp_1 = partselect i28 @_ssdm_op_PartSelect.i28.i32.i32.i32, i32 %N_1, i32 4, i32 31" [../MLP_baseline/mm.cpp:123]   --->   Operation 10 'partselect' 'tmp_1' <Predicate = true> <Delay = 0.00>
ST_1 : Operation 11 [1/1] (0.00ns)   --->   "%tmp_6 = bitselect i1 @_ssdm_op_BitSelect.i1.i32.i32, i32 %P_1, i32 31" [../MLP_baseline/mm.cpp:125]   --->   Operation 11 'bitselect' 'tmp_6' <Predicate = true> <Delay = 0.00>
ST_1 : Operation 12 [1/1] (2.55ns)   --->   "%sub_ln125 = sub i32 0, i32 %P_1" [../MLP_baseline/mm.cpp:125]   --->   Operation 12 'sub' 'sub_ln125' <Predicate = true> <Delay = 2.55> <CoreInst = "Adder">   --->   Core 1 'Adder' <Latency = 0> <II = 1> <Delay = 2.55> <FuncUnit> <Opcode : 'add' 'sub'> <InPorts = 2> <OutPorts = 1>
ST_1 : Operation 13 [1/1] (0.00ns)   --->   "%tmp_2 = partselect i28 @_ssdm_op_PartSelect.i28.i32.i32.i32, i32 %sub_ln125, i32 4, i32 31" [../MLP_baseline/mm.cpp:125]   --->   Operation 13 'partselect' 'tmp_2' <Predicate = true> <Delay = 0.00>
ST_1 : Operation 14 [1/1] (2.43ns)   --->   "%sub_ln125_1 = sub i28 0, i28 %tmp_2" [../MLP_baseline/mm.cpp:125]   --->   Operation 14 'sub' 'sub_ln125_1' <Predicate = true> <Delay = 2.43> <CoreInst = "Adder">   --->   Core 1 'Adder' <Latency = 0> <II = 1> <Delay = 2.43> <FuncUnit> <Opcode : 'add' 'sub'> <InPorts = 2> <OutPorts = 1>
ST_1 : Operation 15 [1/1] (0.00ns)   --->   "%tmp_3 = partselect i28 @_ssdm_op_PartSelect.i28.i32.i32.i32, i32 %P_1, i32 4, i32 31" [../MLP_baseline/mm.cpp:125]   --->   Operation 15 'partselect' 'tmp_3' <Predicate = true> <Delay = 0.00>
ST_1 : Operation 16 [1/1] (0.83ns)   --->   "%select_ln125 = select i1 %tmp_6, i28 %sub_ln125_1, i28 %tmp_3" [../MLP_baseline/mm.cpp:125]   --->   Operation 16 'select' 'select_ln125' <Predicate = true> <Delay = 0.83> <CoreInst = "Sel">   --->   Core 73 'Sel' <Latency = 0> <II = 1> <Delay = 0.83> <FuncUnit> <Opcode : 'select'> <InPorts = 3> <OutPorts = 1>
ST_1 : Operation 17 [1/1] (0.00ns)   --->   "%empty = trunc i28 %select_ln125" [../MLP_baseline/mm.cpp:125]   --->   Operation 17 'trunc' 'empty' <Predicate = true> <Delay = 0.00>

State 2 <SV = 1> <Delay = 9.06>
ST_2 : Operation 18 [1/1] (2.55ns)   --->   "%sub_ln123 = sub i32 0, i32 %N_1" [../MLP_baseline/mm.cpp:123]   --->   Operation 18 'sub' 'sub_ln123' <Predicate = (tmp_5)> <Delay = 2.55> <CoreInst = "Adder">   --->   Core 1 'Adder' <Latency = 0> <II = 1> <Delay = 2.55> <FuncUnit> <Opcode : 'add' 'sub'> <InPorts = 2> <OutPorts = 1>
ST_2 : Operation 19 [1/1] (0.00ns)   --->   "%tmp = partselect i28 @_ssdm_op_PartSelect.i28.i32.i32.i32, i32 %sub_ln123, i32 4, i32 31" [../MLP_baseline/mm.cpp:123]   --->   Operation 19 'partselect' 'tmp' <Predicate = (tmp_5)> <Delay = 0.00>
ST_2 : Operation 20 [1/1] (2.43ns)   --->   "%sub_ln123_1 = sub i28 0, i28 %tmp" [../MLP_baseline/mm.cpp:123]   --->   Operation 20 'sub' 'sub_ln123_1' <Predicate = (tmp_5)> <Delay = 2.43> <CoreInst = "Adder">   --->   Core 1 'Adder' <Latency = 0> <II = 1> <Delay = 2.43> <FuncUnit> <Opcode : 'add' 'sub'> <InPorts = 2> <OutPorts = 1>
ST_2 : Operation 21 [1/1] (0.83ns)   --->   "%select_ln123 = select i1 %tmp_5, i28 %sub_ln123_1, i28 %tmp_1" [../MLP_baseline/mm.cpp:123]   --->   Operation 21 'select' 'select_ln123' <Predicate = true> <Delay = 0.83> <CoreInst = "Sel">   --->   Core 73 'Sel' <Latency = 0> <II = 1> <Delay = 0.83> <FuncUnit> <Opcode : 'select'> <InPorts = 3> <OutPorts = 1>
ST_2 : Operation 22 [1/1] (0.00ns)   --->   "%trunc_ln125 = trunc i28 %select_ln123" [../MLP_baseline/mm.cpp:125]   --->   Operation 22 'trunc' 'trunc_ln125' <Predicate = true> <Delay = 0.00>
ST_2 : Operation 23 [1/1] (2.43ns)   --->   "%empty_34 = icmp_sgt  i28 %select_ln125, i28 0" [../MLP_baseline/mm.cpp:125]   --->   Operation 23 'icmp' 'empty_34' <Predicate = true> <Delay = 2.43> <CoreInst = "Cmp">   --->   Core 9 'Cmp' <Latency = 0> <II = 1> <Delay = 2.43> <FuncUnit> <Opcode : 'seteq' 'setne' 'setle' 'setge' 'setlt' 'setgt'> <InPorts = 2> <OutPorts = 1>
ST_2 : Operation 24 [1/1] (0.80ns)   --->   "%empty_35 = select i1 %empty_34, i27 %empty, i27 0" [../MLP_baseline/mm.cpp:125]   --->   Operation 24 'select' 'empty_35' <Predicate = true> <Delay = 0.80> <CoreInst = "Sel">   --->   Core 73 'Sel' <Latency = 0> <II = 1> <Delay = 0.80> <FuncUnit> <Opcode : 'select'> <InPorts = 3> <OutPorts = 1>
ST_2 : Operation 25 [1/1] (2.43ns)   --->   "%empty_36 = icmp_sgt  i28 %select_ln123, i28 0" [../MLP_baseline/mm.cpp:123]   --->   Operation 25 'icmp' 'empty_36' <Predicate = true> <Delay = 2.43> <CoreInst = "Cmp">   --->   Core 9 'Cmp' <Latency = 0> <II = 1> <Delay = 2.43> <FuncUnit> <Opcode : 'seteq' 'setne' 'setle' 'setge' 'setlt' 'setgt'> <InPorts = 2> <OutPorts = 1>
ST_2 : Operation 26 [1/1] (0.80ns)   --->   "%smax2 = select i1 %empty_36, i27 %trunc_ln125, i27 0" [../MLP_baseline/mm.cpp:123]   --->   Operation 26 'select' 'smax2' <Predicate = true> <Delay = 0.80> <CoreInst = "Sel">   --->   Core 73 'Sel' <Latency = 0> <II = 1> <Delay = 0.80> <FuncUnit> <Opcode : 'select'> <InPorts = 3> <OutPorts = 1>

State 3 <SV = 2> <Delay = 8.24>
ST_3 : Operation 27 [1/1] (0.00ns)   --->   "%tmp_4 = bitconcatenate i31 @_ssdm_op_BitConcatenate.i31.i27.i4, i27 %empty_35, i4 0" [../MLP_baseline/mm.cpp:125]   --->   Operation 27 'bitconcatenate' 'tmp_4' <Predicate = true> <Delay = 0.00>
ST_3 : Operation 28 [1/1] (0.00ns)   --->   "%smax2_cast = zext i27 %smax2" [../MLP_baseline/mm.cpp:123]   --->   Operation 28 'zext' 'smax2_cast' <Predicate = true> <Delay = 0.00>
ST_3 : Operation 29 [1/1] (0.00ns)   --->   "%tmp_4_cast = zext i31 %tmp_4" [../MLP_baseline/mm.cpp:125]   --->   Operation 29 'zext' 'tmp_4_cast' <Predicate = true> <Delay = 0.00>
ST_3 : Operation 30 [1/1] (8.24ns)   --->   "%bound6 = mul i58 %smax2_cast, i58 %tmp_4_cast" [../MLP_baseline/mm.cpp:123]   --->   Operation 30 'mul' 'bound6' <Predicate = true> <Delay = 8.24> <CoreInst = "Multiplier">   --->   Core 3 'Multiplier' <Latency = 0> <II = 1> <Delay = 8.24> <FuncUnit> <Opcode : 'mul'> <InPorts = 2> <OutPorts = 1>

State 4 <SV = 3> <Delay = 0.00>
ST_4 : Operation 31 [2/2] (0.00ns)   --->   "%call_ln125 = call void @writeTiles_Pipeline_i_BLOCK_loop_j_BLOCK_loop_j_output_loop, i31 %tmp_4, i58 %bound6, i512 %AB_stream, i32 %N_1, i64 %ABC_1, i512 %gmem3" [../MLP_baseline/mm.cpp:125]   --->   Operation 31 'call' 'call_ln125' <Predicate = true> <Delay = 0.00> <CoreType = "Generic">   --->   Generic Core

State 5 <SV = 4> <Delay = 0.00>
ST_5 : Operation 32 [1/1] (0.00ns)   --->   "%specinterface_ln0 = specinterface void @_ssdm_op_SpecInterface, i32 %P, void @ap_fifo_str, i32 0, i32 0, void @p_str, i32 0, i32 0, void @p_str, void @p_str, void @p_str, i32 2, i32 2, i32 16, i32 16, void @p_str, void @ScalarProp_str, i32 4294967295, i32 0, i32 0, i32 0"   --->   Operation 32 'specinterface' 'specinterface_ln0' <Predicate = true> <Delay = 0.00>
ST_5 : Operation 33 [1/1] (0.00ns)   --->   "%specinterface_ln0 = specinterface void @_ssdm_op_SpecInterface, i32 %N, void @ap_fifo_str, i32 0, i32 0, void @p_str, i32 0, i32 0, void @p_str, void @p_str, void @p_str, i32 2, i32 2, i32 16, i32 16, void @p_str, void @ScalarProp_str, i32 4294967295, i32 0, i32 0, i32 0"   --->   Operation 33 'specinterface' 'specinterface_ln0' <Predicate = true> <Delay = 0.00>
ST_5 : Operation 34 [1/1] (0.00ns)   --->   "%specinterface_ln0 = specinterface void @_ssdm_op_SpecInterface, i64 %ABC, void @ap_fifo_str, i32 0, i32 0, void @p_str, i32 0, i32 0, void @p_str, void @p_str, void @p_str, i32 2, i32 2, i32 16, i32 16, void @p_str, void @ScalarProp_str, i32 4294967295, i32 0, i32 0, i32 0"   --->   Operation 34 'specinterface' 'specinterface_ln0' <Predicate = true> <Delay = 0.00>
ST_5 : Operation 35 [1/1] (0.00ns)   --->   "%specinterface_ln0 = specinterface void @_ssdm_op_SpecInterface, i512 %AB_stream, void @empty_9, i32 0, i32 0, void @empty, i32 0, i32 0, void @empty, void @empty, void @empty, i32 0, i32 0, i32 0, i32 0, void @empty, void @empty, i32 4294967295, i32 0, i32 0, i32 0"   --->   Operation 35 'specinterface' 'specinterface_ln0' <Predicate = true> <Delay = 0.00>
ST_5 : Operation 36 [1/1] (0.00ns)   --->   "%specinterface_ln0 = specinterface void @_ssdm_op_SpecInterface, i512 %gmem3, void @empty_17, i32 0, i32 0, void @empty, i32 0, i32 8192, void @empty_21, void @empty_1, void @empty, i32 16, i32 16, i32 16, i32 16, void @empty, void @empty, i32 4294967295, i32 0, i32 0, i32 64"   --->   Operation 36 'specinterface' 'specinterface_ln0' <Predicate = true> <Delay = 0.00>
ST_5 : Operation 37 [1/2] (0.00ns)   --->   "%call_ln125 = call void @writeTiles_Pipeline_i_BLOCK_loop_j_BLOCK_loop_j_output_loop, i31 %tmp_4, i58 %bound6, i512 %AB_stream, i32 %N_1, i64 %ABC_1, i512 %gmem3" [../MLP_baseline/mm.cpp:125]   --->   Operation 37 'call' 'call_ln125' <Predicate = true> <Delay = 0.00> <CoreType = "Generic">   --->   Generic Core
ST_5 : Operation 38 [1/1] (0.00ns)   --->   "%ret_ln134 = ret" [../MLP_baseline/mm.cpp:134]   --->   Operation 38 'ret' 'ret_ln134' <Predicate = true> <Delay = 0.00>


============================================================
+ Verbose Summary: Timing violations
============================================================
Target clock period: 15.000ns, clock uncertainty: 4.050ns.

 <State 1>: 9.458ns
The critical path consists of the following:
	fifo read operation ('P') on port 'P' [7]  (3.634 ns)
	'sub' operation 32 bit ('sub_ln125', ../MLP_baseline/mm.cpp:125) [22]  (2.552 ns)
	'sub' operation 28 bit ('sub_ln125_1', ../MLP_baseline/mm.cpp:125) [24]  (2.433 ns)
	'select' operation 28 bit ('select_ln125', ../MLP_baseline/mm.cpp:125) [26]  (0.839 ns)

 <State 2>: 9.060ns
The critical path consists of the following:
	'sub' operation 32 bit ('sub_ln123', ../MLP_baseline/mm.cpp:123) [15]  (2.552 ns)
	'sub' operation 28 bit ('sub_ln123_1', ../MLP_baseline/mm.cpp:123) [17]  (2.433 ns)
	'select' operation 28 bit ('select_ln123', ../MLP_baseline/mm.cpp:123) [19]  (0.839 ns)
	'icmp' operation 1 bit ('empty_36', ../MLP_baseline/mm.cpp:123) [31]  (2.433 ns)
	'select' operation 27 bit ('smax2', ../MLP_baseline/mm.cpp:123) [32]  (0.803 ns)

 <State 3>: 8.244ns
The critical path consists of the following:
	'mul' operation 58 bit ('bound6', ../MLP_baseline/mm.cpp:123) [35]  (8.244 ns)

 <State 4>: 0.000ns
The critical path consists of the following:

 <State 5>: 0.000ns
The critical path consists of the following:


============================================================
+ Verbose Summary: Binding
============================================================
N/A
* FSMD analyzer results:
  - Output states:
 - Input state : 
  - Chain level:
	State 1
	State 2
	State 3
	State 4
	State 5


============================================================
+ Verbose Summary: Datapath Resource usage 
============================================================
N/A
