

================================================================
== Vitis HLS Report for 'writeTiles'
================================================================
* Date:           Sat Apr 11 17:34:24 2026

* Version:        2025.1 (Build 6135595 on May 21 2025)
* Project:        baseline_blockedMM
* Solution:       hls (Vivado IP Flow Target)
* Product family: zynq
* Target device:  xc7z020-clg400-1


================================================================
== Performance Estimates
================================================================
+ Timing: 
    * Summary: 
    +--------+----------+-----------+------------+
    |  Clock |  Target  | Estimated | Uncertainty|
    +--------+----------+-----------+------------+
    |ap_clk  |  15.00 ns|  10.950 ns|     4.05 ns|
    +--------+----------+-----------+------------+

+ Latency: 
    * Summary: 
    +---------+---------+----------+----------+------+------+---------+
    |  Latency (cycles) |  Latency (absolute) |   Interval  | Pipeline|
    |   min   |   max   |    min   |    max   |  min |  max |   Type  |
    +---------+---------+----------+----------+------+------+---------+
    |     8207|     8207|  0.123 ms|  0.123 ms|  8207|  8207|       no|
    +---------+---------+----------+----------+------+------+---------+

    + Detail: 
        * Instance: 
        +-----------------------------------------------------------------------+-------------------------------------------------------------+---------+---------+----------+----------+------+------+------------------------------------------------+
        |                                                                       |                                                             |  Latency (cycles) |  Latency (absolute) |   Interval  |                    Pipeline                    |
        |                                Instance                               |                            Module                           |   min   |   max   |    min   |    max   |  min |  max |                      Type                      |
        +-----------------------------------------------------------------------+-------------------------------------------------------------+---------+---------+----------+----------+------+------+------------------------------------------------+
        |grp_writeTiles_Pipeline_i_BLOCK_loop_j_BLOCK_loop_j_output_loop_fu_78  |writeTiles_Pipeline_i_BLOCK_loop_j_BLOCK_loop_j_output_loop  |     8203|     8203|  0.123 ms|  0.123 ms|  8193|  8193|  loop auto-rewind stp (delay=0 clock cycles(s))|
        +-----------------------------------------------------------------------+-------------------------------------------------------------+---------+---------+----------+----------+------+------+------------------------------------------------+

        * Loop: 
        N/A



================================================================
== Utilization Estimates
================================================================
* Summary: 
+-----------------+---------+-----+--------+-------+-----+
|       Name      | BRAM_18K| DSP |   FF   |  LUT  | URAM|
+-----------------+---------+-----+--------+-------+-----+
|DSP              |        -|    -|       -|      -|    -|
|Expression       |        -|    -|       0|    330|    -|
|FIFO             |        -|    -|       -|      -|    -|
|Instance         |        -|    7|     874|    846|    -|
|Memory           |        -|    -|       -|      -|    -|
|Multiplexer      |        -|    -|       0|     67|    -|
|Register         |        -|    -|     326|      -|    -|
+-----------------+---------+-----+--------+-------+-----+
|Total            |        0|    7|    1200|   1243|    0|
+-----------------+---------+-----+--------+-------+-----+
|Available        |      280|  220|  106400|  53200|    0|
+-----------------+---------+-----+--------+-------+-----+
|Utilization (%)  |        0|    3|       1|      2|    0|
+-----------------+---------+-----+--------+-------+-----+

+ Detail: 
    * Instance: 
    +-----------------------------------------------------------------------+-------------------------------------------------------------+---------+----+-----+-----+-----+
    |                                Instance                               |                            Module                           | BRAM_18K| DSP|  FF | LUT | URAM|
    +-----------------------------------------------------------------------+-------------------------------------------------------------+---------+----+-----+-----+-----+
    |mul_27ns_31ns_58_1_1_U153                                              |mul_27ns_31ns_58_1_1                                         |        0|   4|    0|   23|    0|
    |grp_writeTiles_Pipeline_i_BLOCK_loop_j_BLOCK_loop_j_output_loop_fu_78  |writeTiles_Pipeline_i_BLOCK_loop_j_BLOCK_loop_j_output_loop  |        0|   3|  874|  823|    0|
    +-----------------------------------------------------------------------+-------------------------------------------------------------+---------+----+-----+-----+-----+
    |Total                                                                  |                                                             |        0|   7|  874|  846|    0|
    +-----------------------------------------------------------------------+-------------------------------------------------------------+---------+----+-----+-----+-----+

    * DSP: 
    N/A

    * Memory: 
    N/A

    * FIFO: 
    N/A

    * Expression: 
    +--------------------+----------+----+---+----+------------+------------+
    |    Variable Name   | Operation| DSP| FF| LUT| Bitwidth P0| Bitwidth P1|
    +--------------------+----------+----+---+----+------------+------------+
    |p_neg3_fu_164_p2    |         -|   0|  0|  39|           1|          32|
    |p_neg_fu_120_p2     |         -|   0|  0|  39|           1|          32|
    |p_neg_t5_fu_179_p2  |         -|   0|  0|  35|           1|          28|
    |p_neg_t_fu_136_p2   |         -|   0|  0|  35|           1|          28|
    |empty_33_fu_195_p2  |      icmp|   0|  0|  35|          28|           1|
    |empty_35_fu_207_p2  |      icmp|   0|  0|  35|          28|           1|
    |ap_block_state1     |        or|   0|  0|   2|           1|           1|
    |div2_fu_152_p3      |    select|   0|  0|  28|           1|          28|
    |div_fu_185_p3       |    select|   0|  0|  28|           1|          28|
    |empty_34_fu_200_p3  |    select|   0|  0|  27|           1|          27|
    |smax2_fu_213_p3     |    select|   0|  0|  27|           1|          27|
    +--------------------+----------+----+---+----+------------+------------+
    |Total               |          |   0|  0| 330|          65|         233|
    +--------------------+----------+----+---+----+------------+------------+

    * Multiplexer: 
    +-----------+----+-----------+-----+-----------+
    |    Name   | LUT| Input Size| Bits| Total Bits|
    +-----------+----+-----------+-----+-----------+
    |ABC_blk_n  |   9|          2|    1|          2|
    |N_blk_n    |   9|          2|    1|          2|
    |P_blk_n    |   9|          2|    1|          2|
    |ap_NS_fsm  |  31|          6|    1|          6|
    |ap_done    |   9|          2|    1|          2|
    +-----------+----+-----------+-----+-----------+
    |Total      |  67|         14|    5|         14|
    +-----------+----+-----------+-----+-----------+

    * Register: 
    +------------------------------------------------------------------------------------+----+----+-----+-----------+
    |                                        Name                                        | FF | LUT| Bits| Const Bits|
    +------------------------------------------------------------------------------------+----+----+-----+-----------+
    |ABC_read_reg_243                                                                    |  64|   0|   64|          0|
    |N_1_reg_237                                                                         |  32|   0|   32|          0|
    |ap_CS_fsm                                                                           |   5|   0|    5|          0|
    |ap_done_reg                                                                         |   1|   0|    1|          0|
    |bound6_reg_283                                                                      |  58|   0|   58|          0|
    |div2_reg_258                                                                        |  28|   0|   28|          0|
    |empty_32_reg_263                                                                    |  27|   0|   27|          0|
    |empty_34_reg_268                                                                    |  27|   0|   27|          0|
    |grp_writeTiles_Pipeline_i_BLOCK_loop_j_BLOCK_loop_j_output_loop_fu_78_ap_start_reg  |   1|   0|    1|          0|
    |smax2_reg_273                                                                       |  27|   0|   27|          0|
    |tmp_1_reg_253                                                                       |  28|   0|   28|          0|
    |tmp_4_reg_278                                                                       |  27|   0|   31|          4|
    |tmp_5_reg_248                                                                       |   1|   0|    1|          0|
    +------------------------------------------------------------------------------------+----+----+-----+-----------+
    |Total                                                                               | 326|   0|  330|          4|
    +------------------------------------------------------------------------------------+----+----+-----+-----------+



================================================================
== Interface
================================================================
* Summary: 
+--------------------------+-----+-----+------------+--------------+--------------+
|         RTL Ports        | Dir | Bits|  Protocol  | Source Object|    C Type    |
+--------------------------+-----+-----+------------+--------------+--------------+
|ap_clk                    |   in|    1|  ap_ctrl_hs|    writeTiles|  return value|
|ap_rst                    |   in|    1|  ap_ctrl_hs|    writeTiles|  return value|
|ap_start                  |   in|    1|  ap_ctrl_hs|    writeTiles|  return value|
|ap_done                   |  out|    1|  ap_ctrl_hs|    writeTiles|  return value|
|ap_continue               |   in|    1|  ap_ctrl_hs|    writeTiles|  return value|
|ap_idle                   |  out|    1|  ap_ctrl_hs|    writeTiles|  return value|
|ap_ready                  |  out|    1|  ap_ctrl_hs|    writeTiles|  return value|
|AB_stream_dout            |   in|  512|     ap_fifo|     AB_stream|       pointer|
|AB_stream_empty_n         |   in|    1|     ap_fifo|     AB_stream|       pointer|
|AB_stream_read            |  out|    1|     ap_fifo|     AB_stream|       pointer|
|AB_stream_num_data_valid  |   in|    6|     ap_fifo|     AB_stream|       pointer|
|AB_stream_fifo_cap        |   in|    6|     ap_fifo|     AB_stream|       pointer|
|m_axi_gmem_0_AWVALID      |  out|    1|       m_axi|          gmem|       pointer|
|m_axi_gmem_0_AWREADY      |   in|    1|       m_axi|          gmem|       pointer|
|m_axi_gmem_0_AWADDR       |  out|   64|       m_axi|          gmem|       pointer|
|m_axi_gmem_0_AWID         |  out|    1|       m_axi|          gmem|       pointer|
|m_axi_gmem_0_AWLEN        |  out|   32|       m_axi|          gmem|       pointer|
|m_axi_gmem_0_AWSIZE       |  out|    3|       m_axi|          gmem|       pointer|
|m_axi_gmem_0_AWBURST      |  out|    2|       m_axi|          gmem|       pointer|
|m_axi_gmem_0_AWLOCK       |  out|    2|       m_axi|          gmem|       pointer|
|m_axi_gmem_0_AWCACHE      |  out|    4|       m_axi|          gmem|       pointer|
|m_axi_gmem_0_AWPROT       |  out|    3|       m_axi|          gmem|       pointer|
|m_axi_gmem_0_AWQOS        |  out|    4|       m_axi|          gmem|       pointer|
|m_axi_gmem_0_AWREGION     |  out|    4|       m_axi|          gmem|       pointer|
|m_axi_gmem_0_AWUSER       |  out|    1|       m_axi|          gmem|       pointer|
|m_axi_gmem_0_WVALID       |  out|    1|       m_axi|          gmem|       pointer|
|m_axi_gmem_0_WREADY       |   in|    1|       m_axi|          gmem|       pointer|
|m_axi_gmem_0_WDATA        |  out|  512|       m_axi|          gmem|       pointer|
|m_axi_gmem_0_WSTRB        |  out|   64|       m_axi|          gmem|       pointer|
|m_axi_gmem_0_WLAST        |  out|    1|       m_axi|          gmem|       pointer|
|m_axi_gmem_0_WID          |  out|    1|       m_axi|          gmem|       pointer|
|m_axi_gmem_0_WUSER        |  out|    1|       m_axi|          gmem|       pointer|
|m_axi_gmem_0_ARVALID      |  out|    1|       m_axi|          gmem|       pointer|
|m_axi_gmem_0_ARREADY      |   in|    1|       m_axi|          gmem|       pointer|
|m_axi_gmem_0_ARADDR       |  out|   64|       m_axi|          gmem|       pointer|
|m_axi_gmem_0_ARID         |  out|    1|       m_axi|          gmem|       pointer|
|m_axi_gmem_0_ARLEN        |  out|   32|       m_axi|          gmem|       pointer|
|m_axi_gmem_0_ARSIZE       |  out|    3|       m_axi|          gmem|       pointer|
|m_axi_gmem_0_ARBURST      |  out|    2|       m_axi|          gmem|       pointer|
|m_axi_gmem_0_ARLOCK       |  out|    2|       m_axi|          gmem|       pointer|
|m_axi_gmem_0_ARCACHE      |  out|    4|       m_axi|          gmem|       pointer|
|m_axi_gmem_0_ARPROT       |  out|    3|       m_axi|          gmem|       pointer|
|m_axi_gmem_0_ARQOS        |  out|    4|       m_axi|          gmem|       pointer|
|m_axi_gmem_0_ARREGION     |  out|    4|       m_axi|          gmem|       pointer|
|m_axi_gmem_0_ARUSER       |  out|    1|       m_axi|          gmem|       pointer|
|m_axi_gmem_0_RVALID       |   in|    1|       m_axi|          gmem|       pointer|
|m_axi_gmem_0_RREADY       |  out|    1|       m_axi|          gmem|       pointer|
|m_axi_gmem_0_RDATA        |   in|  512|       m_axi|          gmem|       pointer|
|m_axi_gmem_0_RLAST        |   in|    1|       m_axi|          gmem|       pointer|
|m_axi_gmem_0_RID          |   in|    1|       m_axi|          gmem|       pointer|
|m_axi_gmem_0_RFIFONUM     |   in|    9|       m_axi|          gmem|       pointer|
|m_axi_gmem_0_RUSER        |   in|    1|       m_axi|          gmem|       pointer|
|m_axi_gmem_0_RRESP        |   in|    2|       m_axi|          gmem|       pointer|
|m_axi_gmem_0_BVALID       |   in|    1|       m_axi|          gmem|       pointer|
|m_axi_gmem_0_BREADY       |  out|    1|       m_axi|          gmem|       pointer|
|m_axi_gmem_0_BRESP        |   in|    2|       m_axi|          gmem|       pointer|
|m_axi_gmem_0_BID          |   in|    1|       m_axi|          gmem|       pointer|
|m_axi_gmem_0_BUSER        |   in|    1|       m_axi|          gmem|       pointer|
|ABC_dout                  |   in|   64|     ap_fifo|           ABC|       pointer|
|ABC_empty_n               |   in|    1|     ap_fifo|           ABC|       pointer|
|ABC_read                  |  out|    1|     ap_fifo|           ABC|       pointer|
|ABC_num_data_valid        |   in|    3|     ap_fifo|           ABC|       pointer|
|ABC_fifo_cap              |   in|    3|     ap_fifo|           ABC|       pointer|
|N_dout                    |   in|   32|     ap_fifo|             N|       pointer|
|N_empty_n                 |   in|    1|     ap_fifo|             N|       pointer|
|N_read                    |  out|    1|     ap_fifo|             N|       pointer|
|N_num_data_valid          |   in|    3|     ap_fifo|             N|       pointer|
|N_fifo_cap                |   in|    3|     ap_fifo|             N|       pointer|
|P_dout                    |   in|   32|     ap_fifo|             P|       pointer|
|P_empty_n                 |   in|    1|     ap_fifo|             P|       pointer|
|P_read                    |  out|    1|     ap_fifo|             P|       pointer|
|P_num_data_valid          |   in|    3|     ap_fifo|             P|       pointer|
|P_fifo_cap                |   in|    3|     ap_fifo|             P|       pointer|
+--------------------------+-----+-----+------------+--------------+--------------+

============================================================
+ Verbose Summary: Synthesis Manager
============================================================
InlineROM: 1
ExposeGlobal: 0
============================================================
+ Verbose Summary: CDFG Model
============================================================
IsTopModel: 0
ResetActiveHigh: 1
IsCombinational: 2
IsDatapathOnly: 0
HasWiredReturn: 1
HasMFsm: 0
HasVarLatency: 1
IsPipeline: 0
IsRtlPipelined: 0
IsInstanceOverlapped: 0
IsDontTouch: 0
HasImplIP: 0
IsGatedGlobalClock: 0


============================================================
+ Verbose Summary: Schedule
============================================================
* Number of FSM states : 5
* Pipeline : 0
* Dataflow Pipeline: 0

* FSM state transitions: 
1 --> 2 
2 --> 3 
3 --> 4 
4 --> 5 
5 --> 

* FSM state operations: 

State 1 <SV = 0> <Delay = 9.45>
ST_1 : Operation 6 [1/1] ( I:3.63ns O:3.63ns )   --->   "%P_1 = read i32 @_ssdm_op_Read.ap_fifo.i32P0A, i32 %P"   --->   Operation 6 'read' 'P_1' <Predicate = true> <Delay = 3.63> <CoreInst = "FIFO_SRL">   --->   Core 80 'FIFO_SRL' <Latency = 0> <II = 1> <Delay = 3.63> <Storage> <Opcode : 'read' 'write' 'nbread' 'nbwrite'> <Ports = 0> <Width = 32> <Depth = 2> <FIFO>
ST_1 : Operation 7 [1/1] ( I:3.63ns O:3.63ns )   --->   "%N_1 = read i32 @_ssdm_op_Read.ap_fifo.i32P0A, i32 %N"   --->   Operation 7 'read' 'N_1' <Predicate = true> <Delay = 3.63> <CoreInst = "FIFO_SRL">   --->   Core 80 'FIFO_SRL' <Latency = 0> <II = 1> <Delay = 3.63> <Storage> <Opcode : 'read' 'write' 'nbread' 'nbwrite'> <Ports = 0> <Width = 32> <Depth = 2> <FIFO>
ST_1 : Operation 8 [1/1] ( I:3.63ns O:3.63ns )   --->   "%ABC_read = read i64 @_ssdm_op_Read.ap_fifo.i64P0A, i64 %ABC"   --->   Operation 8 'read' 'ABC_read' <Predicate = true> <Delay = 3.63> <CoreInst = "FIFO_SRL">   --->   Core 80 'FIFO_SRL' <Latency = 0> <II = 1> <Delay = 3.63> <Storage> <Opcode : 'read' 'write' 'nbread' 'nbwrite'> <Ports = 0> <Width = 64> <Depth = 3> <FIFO>
ST_1 : Operation 9 [1/1] (0.00ns)   --->   "%tmp_5 = bitselect i1 @_ssdm_op_BitSelect.i1.i32.i32, i32 %N_1, i32 31"   --->   Operation 9 'bitselect' 'tmp_5' <Predicate = true> <Delay = 0.00>
ST_1 : Operation 10 [1/1] (0.00ns)   --->   "%tmp_1 = partselect i28 @_ssdm_op_PartSelect.i28.i32.i32.i32, i32 %N_1, i32 4, i32 31"   --->   Operation 10 'partselect' 'tmp_1' <Predicate = true> <Delay = 0.00>
ST_1 : Operation 11 [1/1] (0.00ns)   --->   "%tmp_6 = bitselect i1 @_ssdm_op_BitSelect.i1.i32.i32, i32 %P_1, i32 31"   --->   Operation 11 'bitselect' 'tmp_6' <Predicate = true> <Delay = 0.00>
ST_1 : Operation 12 [1/1] (2.55ns)   --->   "%p_neg = sub i32 0, i32 %P_1"   --->   Operation 12 'sub' 'p_neg' <Predicate = true> <Delay = 2.55> <CoreInst = "Adder">   --->   Core 1 'Adder' <Latency = 0> <II = 1> <Delay = 2.55> <FuncUnit> <Opcode : 'add' 'sub'> <InPorts = 2> <OutPorts = 1>
ST_1 : Operation 13 [1/1] (0.00ns)   --->   "%tmp_2 = partselect i28 @_ssdm_op_PartSelect.i28.i32.i32.i32, i32 %p_neg, i32 4, i32 31"   --->   Operation 13 'partselect' 'tmp_2' <Predicate = true> <Delay = 0.00>
ST_1 : Operation 14 [1/1] (2.43ns)   --->   "%p_neg_t = sub i28 0, i28 %tmp_2"   --->   Operation 14 'sub' 'p_neg_t' <Predicate = true> <Delay = 2.43> <CoreInst = "Adder">   --->   Core 1 'Adder' <Latency = 0> <II = 1> <Delay = 2.43> <FuncUnit> <Opcode : 'add' 'sub'> <InPorts = 2> <OutPorts = 1>
ST_1 : Operation 15 [1/1] (0.00ns)   --->   "%tmp_3 = partselect i28 @_ssdm_op_PartSelect.i28.i32.i32.i32, i32 %P_1, i32 4, i32 31"   --->   Operation 15 'partselect' 'tmp_3' <Predicate = true> <Delay = 0.00>
ST_1 : Operation 16 [1/1] (0.83ns)   --->   "%div2 = select i1 %tmp_6, i28 %p_neg_t, i28 %tmp_3"   --->   Operation 16 'select' 'div2' <Predicate = true> <Delay = 0.83> <CoreInst = "Sel">   --->   Core 73 'Sel' <Latency = 0> <II = 1> <Delay = 0.83> <FuncUnit> <Opcode : 'select'> <InPorts = 3> <OutPorts = 1>
ST_1 : Operation 17 [1/1] (0.00ns)   --->   "%empty_32 = trunc i28 %div2"   --->   Operation 17 'trunc' 'empty_32' <Predicate = true> <Delay = 0.00>

State 2 <SV = 1> <Delay = 9.06>
ST_2 : Operation 18 [1/1] (2.55ns)   --->   "%p_neg3 = sub i32 0, i32 %N_1"   --->   Operation 18 'sub' 'p_neg3' <Predicate = (tmp_5)> <Delay = 2.55> <CoreInst = "Adder">   --->   Core 1 'Adder' <Latency = 0> <II = 1> <Delay = 2.55> <FuncUnit> <Opcode : 'add' 'sub'> <InPorts = 2> <OutPorts = 1>
ST_2 : Operation 19 [1/1] (0.00ns)   --->   "%tmp = partselect i28 @_ssdm_op_PartSelect.i28.i32.i32.i32, i32 %p_neg3, i32 4, i32 31"   --->   Operation 19 'partselect' 'tmp' <Predicate = (tmp_5)> <Delay = 0.00>
ST_2 : Operation 20 [1/1] (2.43ns)   --->   "%p_neg_t5 = sub i28 0, i28 %tmp"   --->   Operation 20 'sub' 'p_neg_t5' <Predicate = (tmp_5)> <Delay = 2.43> <CoreInst = "Adder">   --->   Core 1 'Adder' <Latency = 0> <II = 1> <Delay = 2.43> <FuncUnit> <Opcode : 'add' 'sub'> <InPorts = 2> <OutPorts = 1>
ST_2 : Operation 21 [1/1] (0.83ns)   --->   "%div = select i1 %tmp_5, i28 %p_neg_t5, i28 %tmp_1"   --->   Operation 21 'select' 'div' <Predicate = true> <Delay = 0.83> <CoreInst = "Sel">   --->   Core 73 'Sel' <Latency = 0> <II = 1> <Delay = 0.83> <FuncUnit> <Opcode : 'select'> <InPorts = 3> <OutPorts = 1>
ST_2 : Operation 22 [1/1] (0.00ns)   --->   "%empty = trunc i28 %div"   --->   Operation 22 'trunc' 'empty' <Predicate = true> <Delay = 0.00>
ST_2 : Operation 23 [1/1] (2.43ns)   --->   "%empty_33 = icmp_sgt  i28 %div2, i28 0"   --->   Operation 23 'icmp' 'empty_33' <Predicate = true> <Delay = 2.43> <CoreInst = "Cmp">   --->   Core 9 'Cmp' <Latency = 0> <II = 1> <Delay = 2.43> <FuncUnit> <Opcode : 'seteq' 'setne' 'setle' 'setge' 'setlt' 'setgt'> <InPorts = 2> <OutPorts = 1>
ST_2 : Operation 24 [1/1] (0.80ns)   --->   "%empty_34 = select i1 %empty_33, i27 %empty_32, i27 0"   --->   Operation 24 'select' 'empty_34' <Predicate = true> <Delay = 0.80> <CoreInst = "Sel">   --->   Core 73 'Sel' <Latency = 0> <II = 1> <Delay = 0.80> <FuncUnit> <Opcode : 'select'> <InPorts = 3> <OutPorts = 1>
ST_2 : Operation 25 [1/1] (2.43ns)   --->   "%empty_35 = icmp_sgt  i28 %div, i28 0"   --->   Operation 25 'icmp' 'empty_35' <Predicate = true> <Delay = 2.43> <CoreInst = "Cmp">   --->   Core 9 'Cmp' <Latency = 0> <II = 1> <Delay = 2.43> <FuncUnit> <Opcode : 'seteq' 'setne' 'setle' 'setge' 'setlt' 'setgt'> <InPorts = 2> <OutPorts = 1>
ST_2 : Operation 26 [1/1] (0.80ns)   --->   "%smax2 = select i1 %empty_35, i27 %empty, i27 0"   --->   Operation 26 'select' 'smax2' <Predicate = true> <Delay = 0.80> <CoreInst = "Sel">   --->   Core 73 'Sel' <Latency = 0> <II = 1> <Delay = 0.80> <FuncUnit> <Opcode : 'select'> <InPorts = 3> <OutPorts = 1>

State 3 <SV = 2> <Delay = 8.24>
ST_3 : Operation 27 [1/1] (0.00ns)   --->   "%tmp_4 = bitconcatenate i31 @_ssdm_op_BitConcatenate.i31.i27.i4, i27 %empty_34, i4 0"   --->   Operation 27 'bitconcatenate' 'tmp_4' <Predicate = true> <Delay = 0.00>
ST_3 : Operation 28 [1/1] (0.00ns)   --->   "%smax2_cast = zext i27 %smax2"   --->   Operation 28 'zext' 'smax2_cast' <Predicate = true> <Delay = 0.00>
ST_3 : Operation 29 [1/1] (0.00ns)   --->   "%tmp_4_cast = zext i31 %tmp_4"   --->   Operation 29 'zext' 'tmp_4_cast' <Predicate = true> <Delay = 0.00>
ST_3 : Operation 30 [1/1] (8.24ns)   --->   "%bound6 = mul i58 %smax2_cast, i58 %tmp_4_cast"   --->   Operation 30 'mul' 'bound6' <Predicate = true> <Delay = 8.24> <CoreInst = "Multiplier">   --->   Core 3 'Multiplier' <Latency = 0> <II = 1> <Delay = 8.24> <FuncUnit> <Opcode : 'mul'> <InPorts = 2> <OutPorts = 1>

State 4 <SV = 3> <Delay = 0.00>
ST_4 : Operation 31 [2/2] (0.00ns)   --->   "%call_ln0 = call void @writeTiles_Pipeline_i_BLOCK_loop_j_BLOCK_loop_j_output_loop, i31 %tmp_4, i58 %bound6, i512 %AB_stream, i32 %N_1, i64 %ABC_read, i512 %gmem"   --->   Operation 31 'call' 'call_ln0' <Predicate = true> <Delay = 0.00> <CoreType = "Generic">   --->   Generic Core

State 5 <SV = 4> <Delay = 0.00>
ST_5 : Operation 32 [1/1] (0.00ns)   --->   "%specinterface_ln0 = specinterface void @_ssdm_op_SpecInterface, i32 %P, void @ap_fifo_str, i32 0, i32 0, void @p_str, i32 0, i32 0, void @p_str, void @p_str, void @p_str, i32 2, i32 2, i32 16, i32 16, void @p_str, void @ScalarProp_str, i32 4294967295, i32 0, i32 0"   --->   Operation 32 'specinterface' 'specinterface_ln0' <Predicate = true> <Delay = 0.00>
ST_5 : Operation 33 [1/1] (0.00ns)   --->   "%specinterface_ln0 = specinterface void @_ssdm_op_SpecInterface, i32 %N, void @ap_fifo_str, i32 0, i32 0, void @p_str, i32 0, i32 0, void @p_str, void @p_str, void @p_str, i32 2, i32 2, i32 16, i32 16, void @p_str, void @ScalarProp_str, i32 4294967295, i32 0, i32 0"   --->   Operation 33 'specinterface' 'specinterface_ln0' <Predicate = true> <Delay = 0.00>
ST_5 : Operation 34 [1/1] (0.00ns)   --->   "%specinterface_ln0 = specinterface void @_ssdm_op_SpecInterface, i64 %ABC, void @ap_fifo_str, i32 0, i32 0, void @p_str, i32 0, i32 0, void @p_str, void @p_str, void @p_str, i32 2, i32 2, i32 16, i32 16, void @p_str, void @ScalarProp_str, i32 4294967295, i32 0, i32 0"   --->   Operation 34 'specinterface' 'specinterface_ln0' <Predicate = true> <Delay = 0.00>
ST_5 : Operation 35 [1/1] (0.00ns)   --->   "%specinterface_ln0 = specinterface void @_ssdm_op_SpecInterface, i512 %AB_stream, void @empty_13, i32 0, i32 0, void @empty_17, i32 0, i32 0, void @empty_17, void @empty_17, void @empty_17, i32 0, i32 0, i32 0, i32 0, void @empty_17, void @empty_17, i32 4294967295, i32 0, i32 0"   --->   Operation 35 'specinterface' 'specinterface_ln0' <Predicate = true> <Delay = 0.00>
ST_5 : Operation 36 [1/1] (0.00ns)   --->   "%specinterface_ln0 = specinterface void @_ssdm_op_SpecInterface, i512 %gmem, void @empty_14, i32 0, i32 0, void @empty_17, i32 0, i32 802816, void @empty_18, void @empty, void @empty_17, i32 16, i32 16, i32 16, i32 16, void @empty_17, void @empty_17, i32 4294967295, i32 0, i32 0"   --->   Operation 36 'specinterface' 'specinterface_ln0' <Predicate = true> <Delay = 0.00>
ST_5 : Operation 37 [1/2] (0.00ns)   --->   "%call_ln0 = call void @writeTiles_Pipeline_i_BLOCK_loop_j_BLOCK_loop_j_output_loop, i31 %tmp_4, i58 %bound6, i512 %AB_stream, i32 %N_1, i64 %ABC_read, i512 %gmem"   --->   Operation 37 'call' 'call_ln0' <Predicate = true> <Delay = 0.00> <CoreType = "Generic">   --->   Generic Core
ST_5 : Operation 38 [1/1] (0.00ns)   --->   "%ret_ln145 = ret" [../MLP_baseline/mm.cpp:145]   --->   Operation 38 'ret' 'ret_ln145' <Predicate = true> <Delay = 0.00>


============================================================
+ Verbose Summary: Binding
============================================================
STG Binding: 
---------------- STG Properties BEGIN ----------------
- Is combinational: 0
- Is one-state seq: 0
- Is datapath-only: 0
- Is pipelined: 0
- Is top level: 0
Port [ Return ] is wired: 1; IO mode=ap_ctrl_hs:ce=0
Port [ AB_stream]:  wired=1; compound=1; hidden=0; nouse=0; global=0; static=0; extern=0; dir=0; type=3; pingpong=0; private_global=0; IO mode=ap_fifo:ce=0
Port [ gmem]:  wired=1; compound=1; hidden=0; nouse=0; global=0; static=0; extern=0; dir=1; type=4; pingpong=0; private_global=0; IO mode=m_axi:ce=0
Port [ ABC]:  wired=1; compound=1; hidden=0; nouse=0; global=0; static=0; extern=0; dir=0; type=3; pingpong=0; private_global=0; IO mode=ap_fifo:ce=0
Port [ N]:  wired=1; compound=1; hidden=0; nouse=0; global=0; static=0; extern=0; dir=0; type=3; pingpong=0; private_global=0; IO mode=ap_fifo:ce=0
Port [ P]:  wired=1; compound=1; hidden=0; nouse=0; global=0; static=0; extern=0; dir=0; type=3; pingpong=0; private_global=0; IO mode=ap_fifo:ce=0
---------------- STG Properties END ------------------

---------------- Datapath Model BEGIN ----------------

<LifeTime>
<method=bitvector/>
P_1               (read          ) [ 000000]
N_1               (read          ) [ 001111]
ABC_read          (read          ) [ 001111]
tmp_5             (bitselect     ) [ 001000]
tmp_1             (partselect    ) [ 001000]
tmp_6             (bitselect     ) [ 000000]
p_neg             (sub           ) [ 000000]
tmp_2             (partselect    ) [ 000000]
p_neg_t           (sub           ) [ 000000]
tmp_3             (partselect    ) [ 000000]
div2              (select        ) [ 001000]
empty_32          (trunc         ) [ 001000]
p_neg3            (sub           ) [ 000000]
tmp               (partselect    ) [ 000000]
p_neg_t5          (sub           ) [ 000000]
div               (select        ) [ 000000]
empty             (trunc         ) [ 000000]
empty_33          (icmp          ) [ 000000]
empty_34          (select        ) [ 000100]
empty_35          (icmp          ) [ 000000]
smax2             (select        ) [ 000100]
tmp_4             (bitconcatenate) [ 000011]
smax2_cast        (zext          ) [ 000000]
tmp_4_cast        (zext          ) [ 000000]
bound6            (mul           ) [ 000011]
specinterface_ln0 (specinterface ) [ 000000]
specinterface_ln0 (specinterface ) [ 000000]
specinterface_ln0 (specinterface ) [ 000000]
specinterface_ln0 (specinterface ) [ 000000]
specinterface_ln0 (specinterface ) [ 000000]
call_ln0          (call          ) [ 000000]
ret_ln145         (ret           ) [ 000000]
</LifeTime>

<model>

<comp_list>
<comp id="0" class="1000" name="AB_stream">
<pin_list>
<pin id="1" dir="1" index="0" bw="1" slack="0"/>
</pin_list>
<bind>
<StgValue><ssdm name="AB_stream"/></StgValue>
</bind>
</comp>

<comp id="2" class="1000" name="gmem">
<pin_list>
<pin id="3" dir="1" index="0" bw="1" slack="0"/>
</pin_list>
<bind>
<StgValue><ssdm name="gmem"/><MemPortTyVec>1 </MemPortTyVec>
</StgValue>
</bind>
</comp>

<comp id="4" class="1000" name="ABC">
<pin_list>
<pin id="5" dir="1" index="0" bw="1" slack="0"/>
</pin_list>
<bind>
<StgValue><ssdm name="ABC"/></StgValue>
</bind>
</comp>

<comp id="6" class="1000" name="N">
<pin_list>
<pin id="7" dir="1" index="0" bw="1" slack="0"/>
</pin_list>
<bind>
<StgValue><ssdm name="N"/></StgValue>
</bind>
</comp>

<comp id="8" class="1000" name="P">
<pin_list>
<pin id="9" dir="1" index="0" bw="1" slack="0"/>
</pin_list>
<bind>
<StgValue><ssdm name="P"/></StgValue>
</bind>
</comp>

<comp id="10" class="1001" name="const_10">
<pin_list>
<pin id="11" dir="1" index="0" bw="1" slack="0"/>
</pin_list>
<bind>
<StgValue><ssdm name="_ssdm_op_Read.ap_fifo.i32P0A"/></StgValue>
</bind>
</comp>

<comp id="12" class="1001" name="const_12">
<pin_list>
<pin id="13" dir="1" index="0" bw="1" slack="0"/>
</pin_list>
<bind>
<StgValue><ssdm name="_ssdm_op_Read.ap_fifo.i64P0A"/></StgValue>
</bind>
</comp>

<comp id="14" class="1001" name="const_14">
<pin_list>
<pin id="15" dir="1" index="0" bw="1" slack="0"/>
</pin_list>
<bind>
<StgValue><ssdm name="_ssdm_op_BitSelect.i1.i32.i32"/></StgValue>
</bind>
</comp>

<comp id="16" class="1001" name="const_16">
<pin_list>
<pin id="17" dir="1" index="0" bw="1" slack="0"/>
</pin_list>
<bind>
<StgValue><ssdm name=""/></StgValue>
</bind>
</comp>

<comp id="18" class="1001" name="const_18">
<pin_list>
<pin id="19" dir="1" index="0" bw="1" slack="0"/>
</pin_list>
<bind>
<StgValue><ssdm name="_ssdm_op_PartSelect.i28.i32.i32.i32"/></StgValue>
</bind>
</comp>

<comp id="20" class="1001" name="const_20">
<pin_list>
<pin id="21" dir="1" index="0" bw="1" slack="0"/>
</pin_list>
<bind>
<StgValue><ssdm name=""/></StgValue>
</bind>
</comp>

<comp id="22" class="1001" name="const_22">
<pin_list>
<pin id="23" dir="1" index="0" bw="1" slack="0"/>
</pin_list>
<bind>
<StgValue><ssdm name=""/></StgValue>
</bind>
</comp>

<comp id="24" class="1001" name="const_24">
<pin_list>
<pin id="25" dir="1" index="0" bw="1" slack="0"/>
</pin_list>
<bind>
<StgValue><ssdm name=""/></StgValue>
</bind>
</comp>

<comp id="26" class="1001" name="const_26">
<pin_list>
<pin id="27" dir="1" index="0" bw="1" slack="0"/>
</pin_list>
<bind>
<StgValue><ssdm name=""/></StgValue>
</bind>
</comp>

<comp id="28" class="1001" name="const_28">
<pin_list>
<pin id="29" dir="1" index="0" bw="1" slack="0"/>
</pin_list>
<bind>
<StgValue><ssdm name="_ssdm_op_BitConcatenate.i31.i27.i4"/></StgValue>
</bind>
</comp>

<comp id="30" class="1001" name="const_30">
<pin_list>
<pin id="31" dir="1" index="0" bw="1" slack="0"/>
</pin_list>
<bind>
<StgValue><ssdm name=""/></StgValue>
</bind>
</comp>

<comp id="32" class="1001" name="const_32">
<pin_list>
<pin id="33" dir="1" index="0" bw="1" slack="0"/>
</pin_list>
<bind>
<StgValue><ssdm name="writeTiles_Pipeline_i_BLOCK_loop_j_BLOCK_loop_j_output_loop"/></StgValue>
</bind>
</comp>

<comp id="34" class="1001" name="const_34">
<pin_list>
<pin id="35" dir="1" index="0" bw="1" slack="2147483647"/>
</pin_list>
<bind>
<StgValue><ssdm name="_ssdm_op_SpecInterface"/></StgValue>
</bind>
</comp>

<comp id="36" class="1001" name="const_36">
<pin_list>
<pin id="37" dir="1" index="0" bw="1" slack="2147483647"/>
</pin_list>
<bind>
<StgValue><ssdm name="ap_fifo_str"/></StgValue>
</bind>
</comp>

<comp id="38" class="1001" name="const_38">
<pin_list>
<pin id="39" dir="1" index="0" bw="1" slack="2147483647"/>
</pin_list>
<bind>
<StgValue><ssdm name="p_str"/></StgValue>
</bind>
</comp>

<comp id="40" class="1001" name="const_40">
<pin_list>
<pin id="41" dir="1" index="0" bw="1" slack="2147483647"/>
</pin_list>
<bind>
<StgValue><ssdm name=""/></StgValue>
</bind>
</comp>

<comp id="42" class="1001" name="const_42">
<pin_list>
<pin id="43" dir="1" index="0" bw="1" slack="2147483647"/>
</pin_list>
<bind>
<StgValue><ssdm name=""/></StgValue>
</bind>
</comp>

<comp id="44" class="1001" name="const_44">
<pin_list>
<pin id="45" dir="1" index="0" bw="1" slack="2147483647"/>
</pin_list>
<bind>
<StgValue><ssdm name="ScalarProp_str"/></StgValue>
</bind>
</comp>

<comp id="46" class="1001" name="const_46">
<pin_list>
<pin id="47" dir="1" index="0" bw="1" slack="2147483647"/>
</pin_list>
<bind>
<StgValue><ssdm name=""/></StgValue>
</bind>
</comp>

<comp id="48" class="1001" name="const_48">
<pin_list>
<pin id="49" dir="1" index="0" bw="1" slack="2147483647"/>
</pin_list>
<bind>
<StgValue><ssdm name="empty_13"/></StgValue>
</bind>
</comp>

<comp id="50" class="1001" name="const_50">
<pin_list>
<pin id="51" dir="1" index="0" bw="1" slack="2147483647"/>
</pin_list>
<bind>
<StgValue><ssdm name="empty_17"/></StgValue>
</bind>
</comp>

<comp id="52" class="1001" name="const_52">
<pin_list>
<pin id="53" dir="1" index="0" bw="1" slack="2147483647"/>
</pin_list>
<bind>
<StgValue><ssdm name="empty_14"/></StgValue>
</bind>
</comp>

<comp id="54" class="1001" name="const_54">
<pin_list>
<pin id="55" dir="1" index="0" bw="1" slack="2147483647"/>
</pin_list>
<bind>
<StgValue><ssdm name=""/></StgValue>
</bind>
</comp>

<comp id="56" class="1001" name="const_56">
<pin_list>
<pin id="57" dir="1" index="0" bw="1" slack="2147483647"/>
</pin_list>
<bind>
<StgValue><ssdm name="empty_18"/></StgValue>
</bind>
</comp>

<comp id="58" class="1001" name="const_58">
<pin_list>
<pin id="59" dir="1" index="0" bw="1" slack="2147483647"/>
</pin_list>
<bind>
<StgValue><ssdm name="empty"/></StgValue>
</bind>
</comp>

<comp id="60" class="1004" name="P_1_read_fu_60">
<pin_list>
<pin id="61" dir="0" index="0" bw="32" slack="0"/>
<pin id="62" dir="0" index="1" bw="32" slack="0"/>
<pin id="63" dir="1" index="2" bw="32" slack="0"/>
</pin_list>
<bind>
<opcode="read(1150) " fcode="read"/>
<opset="P_1/1 "/>
</bind>
</comp>

<comp id="66" class="1004" name="N_1_read_fu_66">
<pin_list>
<pin id="67" dir="0" index="0" bw="32" slack="0"/>
<pin id="68" dir="0" index="1" bw="32" slack="0"/>
<pin id="69" dir="1" index="2" bw="32" slack="0"/>
</pin_list>
<bind>
<opcode="read(1150) " fcode="read"/>
<opset="N_1/1 "/>
</bind>
</comp>

<comp id="72" class="1004" name="ABC_read_read_fu_72">
<pin_list>
<pin id="73" dir="0" index="0" bw="64" slack="0"/>
<pin id="74" dir="0" index="1" bw="64" slack="0"/>
<pin id="75" dir="1" index="2" bw="64" slack="3"/>
</pin_list>
<bind>
<opcode="read(1150) " fcode="read"/>
<opset="ABC_read/1 "/>
</bind>
</comp>

<comp id="78" class="1004" name="grp_writeTiles_Pipeline_i_BLOCK_loop_j_BLOCK_loop_j_output_loop_fu_78">
<pin_list>
<pin id="79" dir="0" index="0" bw="0" slack="0"/>
<pin id="80" dir="0" index="1" bw="31" slack="1"/>
<pin id="81" dir="0" index="2" bw="58" slack="1"/>
<pin id="82" dir="0" index="3" bw="512" slack="0"/>
<pin id="83" dir="0" index="4" bw="32" slack="3"/>
<pin id="84" dir="0" index="5" bw="64" slack="3"/>
<pin id="85" dir="0" index="6" bw="512" slack="0"/>
<pin id="86" dir="1" index="7" bw="0" slack="2147483647"/>
</pin_list>
<bind>
<opcode="call(48) " fcode="call"/>
<opset="call_ln0/4 "/>
</bind>
</comp>

<comp id="90" class="1004" name="bound6_fu_90">
<pin_list>
<pin id="91" dir="0" index="0" bw="27" slack="0"/>
<pin id="92" dir="0" index="1" bw="31" slack="0"/>
<pin id="93" dir="1" index="2" bw="58" slack="1"/>
</pin_list>
<bind>
<opcode="mul(12) " fcode="mul"/>
<opset="bound6/3 "/>
</bind>
</comp>

<comp id="94" class="1004" name="tmp_5_fu_94">
<pin_list>
<pin id="95" dir="0" index="0" bw="1" slack="0"/>
<pin id="96" dir="0" index="1" bw="32" slack="0"/>
<pin id="97" dir="0" index="2" bw="6" slack="0"/>
<pin id="98" dir="1" index="3" bw="1" slack="1"/>
</pin_list>
<bind>
<opcode="bitselect(1000) " fcode="bitselect"/>
<opset="tmp_5/1 "/>
</bind>
</comp>

<comp id="102" class="1004" name="tmp_1_fu_102">
<pin_list>
<pin id="103" dir="0" index="0" bw="28" slack="0"/>
<pin id="104" dir="0" index="1" bw="32" slack="0"/>
<pin id="105" dir="0" index="2" bw="4" slack="0"/>
<pin id="106" dir="0" index="3" bw="6" slack="0"/>
<pin id="107" dir="1" index="4" bw="28" slack="1"/>
</pin_list>
<bind>
<opcode="partselect(1002) " fcode="partselect"/>
<opset="tmp_1/1 "/>
</bind>
</comp>

<comp id="112" class="1004" name="tmp_6_fu_112">
<pin_list>
<pin id="113" dir="0" index="0" bw="1" slack="0"/>
<pin id="114" dir="0" index="1" bw="32" slack="0"/>
<pin id="115" dir="0" index="2" bw="6" slack="0"/>
<pin id="116" dir="1" index="3" bw="1" slack="0"/>
</pin_list>
<bind>
<opcode="bitselect(1000) " fcode="bitselect"/>
<opset="tmp_6/1 "/>
</bind>
</comp>

<comp id="120" class="1004" name="p_neg_fu_120">
<pin_list>
<pin id="121" dir="0" index="0" bw="1" slack="0"/>
<pin id="122" dir="0" index="1" bw="32" slack="0"/>
<pin id="123" dir="1" index="2" bw="32" slack="0"/>
</pin_list>
<bind>
<opcode="sub(10) " fcode="sub"/>
<opset="p_neg/1 "/>
</bind>
</comp>

<comp id="126" class="1004" name="tmp_2_fu_126">
<pin_list>
<pin id="127" dir="0" index="0" bw="28" slack="0"/>
<pin id="128" dir="0" index="1" bw="32" slack="0"/>
<pin id="129" dir="0" index="2" bw="4" slack="0"/>
<pin id="130" dir="0" index="3" bw="6" slack="0"/>
<pin id="131" dir="1" index="4" bw="28" slack="0"/>
</pin_list>
<bind>
<opcode="partselect(1002) " fcode="partselect"/>
<opset="tmp_2/1 "/>
</bind>
</comp>

<comp id="136" class="1004" name="p_neg_t_fu_136">
<pin_list>
<pin id="137" dir="0" index="0" bw="1" slack="0"/>
<pin id="138" dir="0" index="1" bw="28" slack="0"/>
<pin id="139" dir="1" index="2" bw="28" slack="0"/>
</pin_list>
<bind>
<opcode="sub(10) " fcode="sub"/>
<opset="p_neg_t/1 "/>
</bind>
</comp>

<comp id="142" class="1004" name="tmp_3_fu_142">
<pin_list>
<pin id="143" dir="0" index="0" bw="28" slack="0"/>
<pin id="144" dir="0" index="1" bw="32" slack="0"/>
<pin id="145" dir="0" index="2" bw="4" slack="0"/>
<pin id="146" dir="0" index="3" bw="6" slack="0"/>
<pin id="147" dir="1" index="4" bw="28" slack="0"/>
</pin_list>
<bind>
<opcode="partselect(1002) " fcode="partselect"/>
<opset="tmp_3/1 "/>
</bind>
</comp>

<comp id="152" class="1004" name="div2_fu_152">
<pin_list>
<pin id="153" dir="0" index="0" bw="1" slack="0"/>
<pin id="154" dir="0" index="1" bw="28" slack="0"/>
<pin id="155" dir="0" index="2" bw="28" slack="0"/>
<pin id="156" dir="1" index="3" bw="28" slack="0"/>
</pin_list>
<bind>
<opcode="select(49) " fcode="select"/>
<opset="div2/1 "/>
</bind>
</comp>

<comp id="160" class="1004" name="empty_32_fu_160">
<pin_list>
<pin id="161" dir="0" index="0" bw="28" slack="0"/>
<pin id="162" dir="1" index="1" bw="27" slack="1"/>
</pin_list>
<bind>
<opcode="trunc(33) " fcode="trunc"/>
<opset="empty_32/1 "/>
</bind>
</comp>

<comp id="164" class="1004" name="p_neg3_fu_164">
<pin_list>
<pin id="165" dir="0" index="0" bw="1" slack="0"/>
<pin id="166" dir="0" index="1" bw="32" slack="1"/>
<pin id="167" dir="1" index="2" bw="32" slack="0"/>
</pin_list>
<bind>
<opcode="sub(10) " fcode="sub"/>
<opset="p_neg3/2 "/>
</bind>
</comp>

<comp id="169" class="1004" name="tmp_fu_169">
<pin_list>
<pin id="170" dir="0" index="0" bw="28" slack="0"/>
<pin id="171" dir="0" index="1" bw="32" slack="0"/>
<pin id="172" dir="0" index="2" bw="4" slack="0"/>
<pin id="173" dir="0" index="3" bw="6" slack="0"/>
<pin id="174" dir="1" index="4" bw="28" slack="0"/>
</pin_list>
<bind>
<opcode="partselect(1002) " fcode="partselect"/>
<opset="tmp/2 "/>
</bind>
</comp>

<comp id="179" class="1004" name="p_neg_t5_fu_179">
<pin_list>
<pin id="180" dir="0" index="0" bw="1" slack="0"/>
<pin id="181" dir="0" index="1" bw="28" slack="0"/>
<pin id="182" dir="1" index="2" bw="28" slack="0"/>
</pin_list>
<bind>
<opcode="sub(10) " fcode="sub"/>
<opset="p_neg_t5/2 "/>
</bind>
</comp>

<comp id="185" class="1004" name="div_fu_185">
<pin_list>
<pin id="186" dir="0" index="0" bw="1" slack="1"/>
<pin id="187" dir="0" index="1" bw="28" slack="0"/>
<pin id="188" dir="0" index="2" bw="28" slack="1"/>
<pin id="189" dir="1" index="3" bw="28" slack="0"/>
</pin_list>
<bind>
<opcode="select(49) " fcode="select"/>
<opset="div/2 "/>
</bind>
</comp>

<comp id="191" class="1004" name="empty_fu_191">
<pin_list>
<pin id="192" dir="0" index="0" bw="28" slack="0"/>
<pin id="193" dir="1" index="1" bw="27" slack="0"/>
</pin_list>
<bind>
<opcode="trunc(33) " fcode="trunc"/>
<opset="empty/2 "/>
</bind>
</comp>

<comp id="195" class="1004" name="empty_33_fu_195">
<pin_list>
<pin id="196" dir="0" index="0" bw="28" slack="1"/>
<pin id="197" dir="0" index="1" bw="28" slack="0"/>
<pin id="198" dir="1" index="2" bw="1" slack="0"/>
</pin_list>
<bind>
<opcode="icmp(45) " fcode="icmp"/>
<opset="empty_33/2 "/>
</bind>
</comp>

<comp id="200" class="1004" name="empty_34_fu_200">
<pin_list>
<pin id="201" dir="0" index="0" bw="1" slack="0"/>
<pin id="202" dir="0" index="1" bw="27" slack="1"/>
<pin id="203" dir="0" index="2" bw="27" slack="0"/>
<pin id="204" dir="1" index="3" bw="27" slack="1"/>
</pin_list>
<bind>
<opcode="select(49) " fcode="select"/>
<opset="empty_34/2 "/>
</bind>
</comp>

<comp id="207" class="1004" name="empty_35_fu_207">
<pin_list>
<pin id="208" dir="0" index="0" bw="28" slack="0"/>
<pin id="209" dir="0" index="1" bw="28" slack="0"/>
<pin id="210" dir="1" index="2" bw="1" slack="0"/>
</pin_list>
<bind>
<opcode="icmp(45) " fcode="icmp"/>
<opset="empty_35/2 "/>
</bind>
</comp>

<comp id="213" class="1004" name="smax2_fu_213">
<pin_list>
<pin id="214" dir="0" index="0" bw="1" slack="0"/>
<pin id="215" dir="0" index="1" bw="27" slack="0"/>
<pin id="216" dir="0" index="2" bw="27" slack="0"/>
<pin id="217" dir="1" index="3" bw="27" slack="1"/>
</pin_list>
<bind>
<opcode="select(49) " fcode="select"/>
<opset="smax2/2 "/>
</bind>
</comp>

<comp id="221" class="1004" name="tmp_4_fu_221">
<pin_list>
<pin id="222" dir="0" index="0" bw="31" slack="0"/>
<pin id="223" dir="0" index="1" bw="27" slack="1"/>
<pin id="224" dir="0" index="2" bw="1" slack="0"/>
<pin id="225" dir="1" index="3" bw="31" slack="0"/>
</pin_list>
<bind>
<opcode="bitconcatenate(1004) " fcode="bitconcatenate"/>
<opset="tmp_4/3 "/>
</bind>
</comp>

<comp id="228" class="1004" name="smax2_cast_fu_228">
<pin_list>
<pin id="229" dir="0" index="0" bw="27" slack="1"/>
<pin id="230" dir="1" index="1" bw="58" slack="0"/>
</pin_list>
<bind>
<opcode="zext(34) " fcode="zext"/>
<opset="smax2_cast/3 "/>
</bind>
</comp>

<comp id="232" class="1004" name="tmp_4_cast_fu_232">
<pin_list>
<pin id="233" dir="0" index="0" bw="31" slack="0"/>
<pin id="234" dir="1" index="1" bw="58" slack="0"/>
</pin_list>
<bind>
<opcode="zext(34) " fcode="zext"/>
<opset="tmp_4_cast/3 "/>
</bind>
</comp>

<comp id="237" class="1005" name="N_1_reg_237">
<pin_list>
<pin id="238" dir="0" index="0" bw="32" slack="1"/>
<pin id="239" dir="1" index="1" bw="32" slack="1"/>
</pin_list>
<bind>
<opset="N_1 "/>
</bind>
</comp>

<comp id="243" class="1005" name="ABC_read_reg_243">
<pin_list>
<pin id="244" dir="0" index="0" bw="64" slack="3"/>
<pin id="245" dir="1" index="1" bw="64" slack="3"/>
</pin_list>
<bind>
<opset="ABC_read "/>
</bind>
</comp>

<comp id="248" class="1005" name="tmp_5_reg_248">
<pin_list>
<pin id="249" dir="0" index="0" bw="1" slack="1"/>
<pin id="250" dir="1" index="1" bw="1" slack="1"/>
</pin_list>
<bind>
<opset="tmp_5 "/>
</bind>
</comp>

<comp id="253" class="1005" name="tmp_1_reg_253">
<pin_list>
<pin id="254" dir="0" index="0" bw="28" slack="1"/>
<pin id="255" dir="1" index="1" bw="28" slack="1"/>
</pin_list>
<bind>
<opset="tmp_1 "/>
</bind>
</comp>

<comp id="258" class="1005" name="div2_reg_258">
<pin_list>
<pin id="259" dir="0" index="0" bw="28" slack="1"/>
<pin id="260" dir="1" index="1" bw="28" slack="1"/>
</pin_list>
<bind>
<opset="div2 "/>
</bind>
</comp>

<comp id="263" class="1005" name="empty_32_reg_263">
<pin_list>
<pin id="264" dir="0" index="0" bw="27" slack="1"/>
<pin id="265" dir="1" index="1" bw="27" slack="1"/>
</pin_list>
<bind>
<opset="empty_32 "/>
</bind>
</comp>

<comp id="268" class="1005" name="empty_34_reg_268">
<pin_list>
<pin id="269" dir="0" index="0" bw="27" slack="1"/>
<pin id="270" dir="1" index="1" bw="27" slack="1"/>
</pin_list>
<bind>
<opset="empty_34 "/>
</bind>
</comp>

<comp id="273" class="1005" name="smax2_reg_273">
<pin_list>
<pin id="274" dir="0" index="0" bw="27" slack="1"/>
<pin id="275" dir="1" index="1" bw="27" slack="1"/>
</pin_list>
<bind>
<opset="smax2 "/>
</bind>
</comp>

<comp id="278" class="1005" name="tmp_4_reg_278">
<pin_list>
<pin id="279" dir="0" index="0" bw="31" slack="1"/>
<pin id="280" dir="1" index="1" bw="31" slack="1"/>
</pin_list>
<bind>
<opset="tmp_4 "/>
</bind>
</comp>

<comp id="283" class="1005" name="bound6_reg_283">
<pin_list>
<pin id="284" dir="0" index="0" bw="58" slack="1"/>
<pin id="285" dir="1" index="1" bw="58" slack="1"/>
</pin_list>
<bind>
<opset="bound6 "/>
</bind>
</comp>

</comp_list>

<net_list>
<net id="64"><net_src comp="10" pin="0"/><net_sink comp="60" pin=0"/></net>

<net id="65"><net_src comp="8" pin="0"/><net_sink comp="60" pin=1"/></net>

<net id="70"><net_src comp="10" pin="0"/><net_sink comp="66" pin=0"/></net>

<net id="71"><net_src comp="6" pin="0"/><net_sink comp="66" pin=1"/></net>

<net id="76"><net_src comp="12" pin="0"/><net_sink comp="72" pin=0"/></net>

<net id="77"><net_src comp="4" pin="0"/><net_sink comp="72" pin=1"/></net>

<net id="87"><net_src comp="32" pin="0"/><net_sink comp="78" pin=0"/></net>

<net id="88"><net_src comp="0" pin="0"/><net_sink comp="78" pin=3"/></net>

<net id="89"><net_src comp="2" pin="0"/><net_sink comp="78" pin=6"/></net>

<net id="99"><net_src comp="14" pin="0"/><net_sink comp="94" pin=0"/></net>

<net id="100"><net_src comp="66" pin="2"/><net_sink comp="94" pin=1"/></net>

<net id="101"><net_src comp="16" pin="0"/><net_sink comp="94" pin=2"/></net>

<net id="108"><net_src comp="18" pin="0"/><net_sink comp="102" pin=0"/></net>

<net id="109"><net_src comp="66" pin="2"/><net_sink comp="102" pin=1"/></net>

<net id="110"><net_src comp="20" pin="0"/><net_sink comp="102" pin=2"/></net>

<net id="111"><net_src comp="16" pin="0"/><net_sink comp="102" pin=3"/></net>

<net id="117"><net_src comp="14" pin="0"/><net_sink comp="112" pin=0"/></net>

<net id="118"><net_src comp="60" pin="2"/><net_sink comp="112" pin=1"/></net>

<net id="119"><net_src comp="16" pin="0"/><net_sink comp="112" pin=2"/></net>

<net id="124"><net_src comp="22" pin="0"/><net_sink comp="120" pin=0"/></net>

<net id="125"><net_src comp="60" pin="2"/><net_sink comp="120" pin=1"/></net>

<net id="132"><net_src comp="18" pin="0"/><net_sink comp="126" pin=0"/></net>

<net id="133"><net_src comp="120" pin="2"/><net_sink comp="126" pin=1"/></net>

<net id="134"><net_src comp="20" pin="0"/><net_sink comp="126" pin=2"/></net>

<net id="135"><net_src comp="16" pin="0"/><net_sink comp="126" pin=3"/></net>

<net id="140"><net_src comp="24" pin="0"/><net_sink comp="136" pin=0"/></net>

<net id="141"><net_src comp="126" pin="4"/><net_sink comp="136" pin=1"/></net>

<net id="148"><net_src comp="18" pin="0"/><net_sink comp="142" pin=0"/></net>

<net id="149"><net_src comp="60" pin="2"/><net_sink comp="142" pin=1"/></net>

<net id="150"><net_src comp="20" pin="0"/><net_sink comp="142" pin=2"/></net>

<net id="151"><net_src comp="16" pin="0"/><net_sink comp="142" pin=3"/></net>

<net id="157"><net_src comp="112" pin="3"/><net_sink comp="152" pin=0"/></net>

<net id="158"><net_src comp="136" pin="2"/><net_sink comp="152" pin=1"/></net>

<net id="159"><net_src comp="142" pin="4"/><net_sink comp="152" pin=2"/></net>

<net id="163"><net_src comp="152" pin="3"/><net_sink comp="160" pin=0"/></net>

<net id="168"><net_src comp="22" pin="0"/><net_sink comp="164" pin=0"/></net>

<net id="175"><net_src comp="18" pin="0"/><net_sink comp="169" pin=0"/></net>

<net id="176"><net_src comp="164" pin="2"/><net_sink comp="169" pin=1"/></net>

<net id="177"><net_src comp="20" pin="0"/><net_sink comp="169" pin=2"/></net>

<net id="178"><net_src comp="16" pin="0"/><net_sink comp="169" pin=3"/></net>

<net id="183"><net_src comp="24" pin="0"/><net_sink comp="179" pin=0"/></net>

<net id="184"><net_src comp="169" pin="4"/><net_sink comp="179" pin=1"/></net>

<net id="190"><net_src comp="179" pin="2"/><net_sink comp="185" pin=1"/></net>

<net id="194"><net_src comp="185" pin="3"/><net_sink comp="191" pin=0"/></net>

<net id="199"><net_src comp="24" pin="0"/><net_sink comp="195" pin=1"/></net>

<net id="205"><net_src comp="195" pin="2"/><net_sink comp="200" pin=0"/></net>

<net id="206"><net_src comp="26" pin="0"/><net_sink comp="200" pin=2"/></net>

<net id="211"><net_src comp="185" pin="3"/><net_sink comp="207" pin=0"/></net>

<net id="212"><net_src comp="24" pin="0"/><net_sink comp="207" pin=1"/></net>

<net id="218"><net_src comp="207" pin="2"/><net_sink comp="213" pin=0"/></net>

<net id="219"><net_src comp="191" pin="1"/><net_sink comp="213" pin=1"/></net>

<net id="220"><net_src comp="26" pin="0"/><net_sink comp="213" pin=2"/></net>

<net id="226"><net_src comp="28" pin="0"/><net_sink comp="221" pin=0"/></net>

<net id="227"><net_src comp="30" pin="0"/><net_sink comp="221" pin=2"/></net>

<net id="231"><net_src comp="228" pin="1"/><net_sink comp="90" pin=0"/></net>

<net id="235"><net_src comp="221" pin="3"/><net_sink comp="232" pin=0"/></net>

<net id="236"><net_src comp="232" pin="1"/><net_sink comp="90" pin=1"/></net>

<net id="240"><net_src comp="66" pin="2"/><net_sink comp="237" pin=0"/></net>

<net id="241"><net_src comp="237" pin="1"/><net_sink comp="164" pin=1"/></net>

<net id="242"><net_src comp="237" pin="1"/><net_sink comp="78" pin=4"/></net>

<net id="246"><net_src comp="72" pin="2"/><net_sink comp="243" pin=0"/></net>

<net id="247"><net_src comp="243" pin="1"/><net_sink comp="78" pin=5"/></net>

<net id="251"><net_src comp="94" pin="3"/><net_sink comp="248" pin=0"/></net>

<net id="252"><net_src comp="248" pin="1"/><net_sink comp="185" pin=0"/></net>

<net id="256"><net_src comp="102" pin="4"/><net_sink comp="253" pin=0"/></net>

<net id="257"><net_src comp="253" pin="1"/><net_sink comp="185" pin=2"/></net>

<net id="261"><net_src comp="152" pin="3"/><net_sink comp="258" pin=0"/></net>

<net id="262"><net_src comp="258" pin="1"/><net_sink comp="195" pin=0"/></net>

<net id="266"><net_src comp="160" pin="1"/><net_sink comp="263" pin=0"/></net>

<net id="267"><net_src comp="263" pin="1"/><net_sink comp="200" pin=1"/></net>

<net id="271"><net_src comp="200" pin="3"/><net_sink comp="268" pin=0"/></net>

<net id="272"><net_src comp="268" pin="1"/><net_sink comp="221" pin=1"/></net>

<net id="276"><net_src comp="213" pin="3"/><net_sink comp="273" pin=0"/></net>

<net id="277"><net_src comp="273" pin="1"/><net_sink comp="228" pin=0"/></net>

<net id="281"><net_src comp="221" pin="3"/><net_sink comp="278" pin=0"/></net>

<net id="282"><net_src comp="278" pin="1"/><net_sink comp="78" pin=1"/></net>

<net id="286"><net_src comp="90" pin="2"/><net_sink comp="283" pin=0"/></net>

<net id="287"><net_src comp="283" pin="1"/><net_sink comp="78" pin=2"/></net>

</net_list>

</model> 
---------------- Datapath Model END ------------------

* FSMD analyzer results:
  - Output states:
	Port: gmem | {4 5 }
 - Input state : 
	Port: writeTiles : AB_stream | {4 5 }
	Port: writeTiles : gmem | {}
	Port: writeTiles : ABC | {1 }
	Port: writeTiles : N | {1 }
	Port: writeTiles : P | {1 }
  - Chain level:
	State 1
		tmp_2 : 1
		p_neg_t : 2
		div2 : 3
		empty_32 : 4
	State 2
		tmp : 1
		p_neg_t5 : 2
		div : 3
		empty : 4
		empty_34 : 1
		empty_35 : 4
		smax2 : 5
	State 3
		tmp_4_cast : 1
		bound6 : 2
	State 4
	State 5


============================================================
+ Verbose Summary: Datapath Resource usage 
============================================================

* Functional unit list:
|----------|-----------------------------------------------------------------------|---------|---------|---------|
| Operation|                            Functional Unit                            |   DSP   |    FF   |   LUT   |
|----------|-----------------------------------------------------------------------|---------|---------|---------|
|   call   | grp_writeTiles_Pipeline_i_BLOCK_loop_j_BLOCK_loop_j_output_loop_fu_78 |    3    |   1521  |   708   |
|----------|-----------------------------------------------------------------------|---------|---------|---------|
|          |                              p_neg_fu_120                             |    0    |    0    |    39   |
|    sub   |                             p_neg_t_fu_136                            |    0    |    0    |    35   |
|          |                             p_neg3_fu_164                             |    0    |    0    |    39   |
|          |                            p_neg_t5_fu_179                            |    0    |    0    |    35   |
|----------|-----------------------------------------------------------------------|---------|---------|---------|
|          |                              div2_fu_152                              |    0    |    0    |    28   |
|  select  |                               div_fu_185                              |    0    |    0    |    28   |
|          |                            empty_34_fu_200                            |    0    |    0    |    27   |
|          |                              smax2_fu_213                             |    0    |    0    |    27   |
|----------|-----------------------------------------------------------------------|---------|---------|---------|
|   icmp   |                            empty_33_fu_195                            |    0    |    0    |    35   |
|          |                            empty_35_fu_207                            |    0    |    0    |    35   |
|----------|-----------------------------------------------------------------------|---------|---------|---------|
|    mul   |                              bound6_fu_90                             |    4    |    0    |    23   |
|----------|-----------------------------------------------------------------------|---------|---------|---------|
|          |                             P_1_read_fu_60                            |    0    |    0    |    0    |
|   read   |                             N_1_read_fu_66                            |    0    |    0    |    0    |
|          |                          ABC_read_read_fu_72                          |    0    |    0    |    0    |
|----------|-----------------------------------------------------------------------|---------|---------|---------|
| bitselect|                              tmp_5_fu_94                              |    0    |    0    |    0    |
|          |                              tmp_6_fu_112                             |    0    |    0    |    0    |
|----------|-----------------------------------------------------------------------|---------|---------|---------|
|          |                              tmp_1_fu_102                             |    0    |    0    |    0    |
|partselect|                              tmp_2_fu_126                             |    0    |    0    |    0    |
|          |                              tmp_3_fu_142                             |    0    |    0    |    0    |
|          |                               tmp_fu_169                              |    0    |    0    |    0    |
|----------|-----------------------------------------------------------------------|---------|---------|---------|
|   trunc  |                            empty_32_fu_160                            |    0    |    0    |    0    |
|          |                              empty_fu_191                             |    0    |    0    |    0    |
|----------|-----------------------------------------------------------------------|---------|---------|---------|
|bitconcatenate|                              tmp_4_fu_221                             |    0    |    0    |    0    |
|----------|-----------------------------------------------------------------------|---------|---------|---------|
|   zext   |                           smax2_cast_fu_228                           |    0    |    0    |    0    |
|          |                           tmp_4_cast_fu_232                           |    0    |    0    |    0    |
|----------|-----------------------------------------------------------------------|---------|---------|---------|
|   Total  |                                                                       |    7    |   1521  |   1059  |
|----------|-----------------------------------------------------------------------|---------|---------|---------|

Memories:
N/A

* Register list:
+----------------+--------+
|                |   FF   |
+----------------+--------+
|ABC_read_reg_243|   64   |
|   N_1_reg_237  |   32   |
| bound6_reg_283 |   58   |
|  div2_reg_258  |   28   |
|empty_32_reg_263|   27   |
|empty_34_reg_268|   27   |
|  smax2_reg_273 |   27   |
|  tmp_1_reg_253 |   28   |
|  tmp_4_reg_278 |   31   |
|  tmp_5_reg_248 |    1   |
+----------------+--------+
|      Total     |   323  |
+----------------+--------+

* Multiplexer (MUX) list: 
|--------|------|------|------|--------|
|  Comp  |  Pin | Size |  BW  | S x BW |
|--------|------|------|------|--------|
|  Total |      |      |      |    0   |
|--------|------|------|------|--------|



* Summary:
+-----------+--------+--------+--------+
|           |   DSP  |   FF   |   LUT  |
+-----------+--------+--------+--------+
|  Function |    7   |  1521  |  1059  |
|   Memory  |    -   |    -   |    -   |
|Multiplexer|    -   |    -   |    -   |
|  Register |    -   |   323  |    -   |
+-----------+--------+--------+--------+
|   Total   |    7   |  1844  |  1059  |
+-----------+--------+--------+--------+
