================================================================
== Vivado Place & Route Results
================================================================
+ General Information:
    * Date:            Thu Apr 09 18:42:17 -0700 2026
    * Version:         2025.2 (Build 6295257 on Nov 14 2025)
    * Project:         baseline_blockedMM
    * Solution:        hls (Vivado IP Flow Target)
    * Product family:  zynq
    * Target device:   xc7z020-clg400-1


================================================================
== Run Constraints & Options
================================================================
+ Design Constraints & Options:
    * Place & Route target clock:  15 ns
    * C-Synthesis target clock:    15 ns
    * C-Synthesis uncertainty:     27%

+ RTL Synthesis Options:
    * config_export -vivado_synth_strategy:     default
    * config_export -vivado_synth_design_args:  -directive sdx_optimization_effort_high

+ Place & Route Options:
    * config_export -vivado_impl_strategy:  default
    * config_export -vivado_phys_opt:       auto

+ Reporting Options:
    * config_export -vivado_report_level:      2
    * config_export -vivado_max_timing_paths:  10


================================================================
== Place & Route Resource Summary
================================================================
LUT:              11909
FF:               19264
DSP:              81
BRAM:             76
URAM:             0
SRL:              776


================================================================
== Place & Route Timing Summary
================================================================
* Timing was met
+----------------+-------------+
| Timing         | Period (ns) |
+----------------+-------------+
| Target         | 15.000      |
| Post-Synthesis | 9.243       |
| Post-Route     | 14.558      |
+----------------+-------------+


================================================================
== Place & Route Resources
================================================================
+--------------------------------------------------------------------------------------+-----+----+-----+------+------+-----+--------+------+---------+----------+--------+
| Name                                                                                 | LUT | FF | DSP | BRAM | URAM | SRL | Pragma | Impl | Latency | Variable | Source |
+--------------------------------------------------------------------------------------+-----+----+-----+------+------+-----+--------+------+---------+----------+--------+
| inst                                                                                 |     |    |     |      |      | 776 |        |      |         |          |        |
|   ABC_c_U                                                                            |     |    |     |      |      |     |        |      |         |          |        |
|   AB_stream_U                                                                        |     |    |     |      |      |     |        |      |         |          |        |
|   A_stream_U                                                                         |     |    |     |      |      |     |        |      |         |          |        |
|   B_stream_U                                                                         |     |    |     |      |      |     |        |      |         |          |        |
|   N_c_U                                                                              |     |    |     |      |      |     |        |      |         |          |        |
|   P_c_U                                                                              |     |    |     |      |      |     |        |      |         |          |        |
|   computeTiles_U0                                                                    |     |    |     |      |      | 1   |        |      |         |          |        |
|     (computeTiles_U0)                                                                |     |    |     |      |      |     |        |      |         |          |        |
|     grp_computeTiles_Pipeline_j_output_loop_fu_284                                   |     |    |     |      |      |     |        |      |         |          |        |
|       flow_control_loop_pipe_sequential_init_U                                       |     |    |     |      |      |     |        |      |         |          |        |
|     grp_computeTiles_Pipeline_k_BLOCK_loop_k_loop_i_loop_fu_243                      |     |    |     |      |      | 1   |        |      |         |          |        |
|       (grp_computeTiles_Pipeline_k_BLOCK_loop_k_loop_i_loop_fu_243)                  |     |    |     |      |      | 1   |        |      |         |          |        |
|       flow_control_loop_pipe_sequential_init_U                                       |     |    |     |      |      |     |        |      |         |          |        |
|       mul_32s_32s_32_1_1_U40                                                         |     |    |     |      |      |     |        |      |         |          |        |
|       mul_32s_32s_32_1_1_U41                                                         |     |    |     |      |      |     |        |      |         |          |        |
|       mul_32s_32s_32_1_1_U42                                                         |     |    |     |      |      |     |        |      |         |          |        |
|       mul_32s_32s_32_1_1_U43                                                         |     |    |     |      |      |     |        |      |         |          |        |
|       mul_32s_32s_32_1_1_U44                                                         |     |    |     |      |      |     |        |      |         |          |        |
|       mul_32s_32s_32_1_1_U45                                                         |     |    |     |      |      |     |        |      |         |          |        |
|       mul_32s_32s_32_1_1_U46                                                         |     |    |     |      |      |     |        |      |         |          |        |
|       mul_32s_32s_32_1_1_U47                                                         |     |    |     |      |      |     |        |      |         |          |        |
|       mul_32s_32s_32_1_1_U48                                                         |     |    |     |      |      |     |        |      |         |          |        |
|       mul_32s_32s_32_1_1_U49                                                         |     |    |     |      |      |     |        |      |         |          |        |
|       mul_32s_32s_32_1_1_U50                                                         |     |    |     |      |      |     |        |      |         |          |        |
|       mul_32s_32s_32_1_1_U51                                                         |     |    |     |      |      |     |        |      |         |          |        |
|       mul_32s_32s_32_1_1_U52                                                         |     |    |     |      |      |     |        |      |         |          |        |
|       mul_32s_32s_32_1_1_U53                                                         |     |    |     |      |      |     |        |      |         |          |        |
|       mul_32s_32s_32_1_1_U54                                                         |     |    |     |      |      |     |        |      |         |          |        |
|       mul_32s_32s_32_1_1_U55                                                         |     |    |     |      |      |     |        |      |         |          |        |
|   control_s_axi_U                                                                    |     |    |     |      |      |     |        |      |         |          |        |
|   entry_proc_U0                                                                      |     |    |     |      |      |     |        |      |         |          |        |
|   gmem0_m_axi_U                                                                      |     |    |     |      |      | 31  |        |      |         |          |        |
|   gmem1_m_axi_U                                                                      |     |    |     |      |      | 31  |        |      |         |          |        |
|   gmem2_m_axi_U                                                                      |     |    |     |      |      | 33  |        |      |         |          |        |
|   gmem3_m_axi_U                                                                      |     |    |     |      |      | 643 |        |      |         |          |        |
|   readAtTiles_U0                                                                     |     |    |     |      |      | 1   |        |      |         |          |        |
|     (readAtTiles_U0)                                                                 |     |    |     |      |      |     |        |      |         |          |        |
|     grp_readAtTiles_Pipeline_i_BLOCK_loop_j_BLOCK_loop_k_BLOCK_loop_k_loop_fu_80     |     |    |     |      |      | 1   |        |      |         |          |        |
|       (grp_readAtTiles_Pipeline_i_BLOCK_loop_j_BLOCK_loop_k_BLOCK_loop_k_loop_fu_80) |     |    |     |      |      | 1   |        |      |         |          |        |
|       flow_control_loop_pipe_sequential_init_U                                       |     |    |     |      |      |     |        |      |         |          |        |
|       mul_32s_32s_32_1_1_U3                                                          |     |    |     |      |      |     |        |      |         |          |        |
|     mul_27ns_31ns_58_1_1_U13                                                         |     |    |     |      |      |     |        |      |         |          |        |
|     mul_27ns_58ns_85_2_1_U14                                                         |     |    |     |      |      |     |        |      |         |          |        |
|   readBTiles_U0                                                                      |     |    |     |      |      | 1   |        |      |         |          |        |
|     (readBTiles_U0)                                                                  |     |    |     |      |      |     |        |      |         |          |        |
|     grp_readBTiles_Pipeline_i_BLOCK_loop_j_BLOCK_loop_k_BLOCK_loop_k_loop_fu_80      |     |    |     |      |      | 1   |        |      |         |          |        |
|       (grp_readBTiles_Pipeline_i_BLOCK_loop_j_BLOCK_loop_k_BLOCK_loop_k_loop_fu_80)  |     |    |     |      |      | 1   |        |      |         |          |        |
|       flow_control_loop_pipe_sequential_init_U                                       |     |    |     |      |      |     |        |      |         |          |        |
|       mul_32s_32s_32_1_1_U23                                                         |     |    |     |      |      |     |        |      |         |          |        |
|     mul_27ns_31ns_58_1_1_U32                                                         |     |    |     |      |      |     |        |      |         |          |        |
|     mul_27ns_58ns_85_2_1_U33                                                         |     |    |     |      |      |     |        |      |         |          |        |
|   start_for_writeTiles_U0_U                                                          |     |    |     |      |      |     |        |      |         |          |        |
|   writeTiles_U0                                                                      |     |    |     |      |      | 1   |        |      |         |          |        |
|     (writeTiles_U0)                                                                  |     |    |     |      |      |     |        |      |         |          |        |
|     grp_writeTiles_Pipeline_i_BLOCK_loop_j_BLOCK_loop_j_output_loop_fu_80            |     |    |     |      |      | 1   |        |      |         |          |        |
|       (grp_writeTiles_Pipeline_i_BLOCK_loop_j_BLOCK_loop_j_output_loop_fu_80)        |     |    |     |      |      | 1   |        |      |         |          |        |
|       flow_control_loop_pipe_sequential_init_U                                       |     |    |     |      |      |     |        |      |         |          |        |
|       mul_32s_32s_32_1_1_U135                                                        |     |    |     |      |      |     |        |      |         |          |        |
|     mul_27ns_31ns_58_1_1_U142                                                        |     |    |     |      |      |     |        |      |         |          |        |
+--------------------------------------------------------------------------------------+-----+----+-----+------+------+-----+--------+------+---------+----------+--------+


================================================================
== Place & Route Fail Fast
================================================================
+-----------------------------------------------------------+-----------+--------+--------+
| Criteria                                                  | Guideline | Actual | Status |
+-----------------------------------------------------------+-----------+--------+--------+
| LUT                                                       | 70%       | 22.39% | OK     |
| FD                                                        | 50%       | 18.11% | OK     |
| LUTRAM+SRL                                                | 25%       | 4.46%  | OK     |
| MUXF7                                                     | 15%       | 6.02%  | OK     |
| DSP                                                       | 80%       | 36.82% | OK     |
| RAMB/FIFO                                                 | 80%       | 27.14% | OK     |
| DSP+RAMB+URAM (Avg)                                       | 70%       | 31.98% | OK     |
| BUFGCE* + BUFGCTRL                                        | 24        | 0      | OK     |
| DONT_TOUCH (cells/nets)                                   | 0         | 8      | REVIEW |
| MARK_DEBUG (nets)                                         | 0         | 0      | OK     |
| Control Sets                                              | 998       | 732    | OK     |
| Average Fanout for modules > 100k cells                   | 4         | 2.85   | OK     |
| Max Average Fanout for modules > 100k cells               | 4         | 0      | OK     |
| Non-FD high fanout nets > 10k loads                       | 0         | 0      | OK     |
+-----------------------------------------------------------+-----------+--------+--------+
| TIMING-6 (No common primary clock between related clocks) | 0         | 0      | OK     |
| TIMING-7 (No common node between related clocks)          | 0         | 0      | OK     |
| TIMING-8 (No common period between related clocks)        | 0         | 0      | OK     |
| TIMING-14 (LUT on the clock tree)                         | 0         | 0      | OK     |
| TIMING-35 (No common node in paths with the same clock)   | 0         | 0      | OK     |
+-----------------------------------------------------------+-----------+--------+--------+
| Number of paths above max LUT budgeting (0.575ns)         | 0         | 0      | OK     |
| Number of paths above max Net budgeting (0.403ns)         | 0         | 0      | OK     |
+-----------------------------------------------------------+-----------+--------+--------+


================================================================
== Place & Route Timing Paths
================================================================
* Timing was met
+-------+-------+----------------------------------------------------------+------------------------------------------------------------------+--------------+------------+----------------+----------------+--------------+
| Path  | SLACK | STARTPOINT PIN                                           | ENDPOINT PIN                                                     | LOGIC LEVELS | MAX FANOUT | DATAPATH DELAY | DATAPATH LOGIC | DATAPATH NET |
|       |       |                                                          |                                                                  |              |            |                |          DELAY |        DELAY |
+-------+-------+----------------------------------------------------------+------------------------------------------------------------------+--------------+------------+----------------+----------------+--------------+
| Path1 | 0.442 | gmem3_m_axi_U/store_unit_0/buff_wdata/raddr_reg[2]_rep/C | gmem3_m_axi_U/store_unit_0/buff_wdata/U_fifo_srl/dout_reg[323]/D |            1 |        576 |         14.551 |          0.642 |       13.909 |
| Path2 | 0.449 | gmem3_m_axi_U/store_unit_0/buff_wdata/raddr_reg[2]_rep/C | gmem3_m_axi_U/store_unit_0/buff_wdata/U_fifo_srl/dout_reg[334]/D |            1 |        576 |         14.548 |          0.642 |       13.906 |
| Path3 | 0.621 | gmem3_m_axi_U/store_unit_0/buff_wdata/raddr_reg[2]_rep/C | gmem3_m_axi_U/store_unit_0/buff_wdata/U_fifo_srl/dout_reg[357]/D |            1 |        576 |         14.374 |          0.642 |       13.732 |
| Path4 | 0.638 | gmem3_m_axi_U/store_unit_0/buff_wdata/raddr_reg[2]_rep/C | gmem3_m_axi_U/store_unit_0/buff_wdata/U_fifo_srl/dout_reg[355]/D |            1 |        576 |         14.357 |          0.642 |       13.715 |
| Path5 | 0.727 | gmem3_m_axi_U/store_unit_0/buff_wdata/raddr_reg[2]_rep/C | gmem3_m_axi_U/store_unit_0/buff_wdata/U_fifo_srl/dout_reg[347]/D |            1 |        576 |         14.268 |          0.642 |       13.626 |
+-------+-------+----------------------------------------------------------+------------------------------------------------------------------+--------------+------------+----------------+----------------+--------------+

    +-------------------------------------------------------------------------+----------------------+
    | Path1 Cells                                                             | Primitive Type       |
    +-------------------------------------------------------------------------+----------------------+
    | gmem3_m_axi_U/store_unit_0/buff_wdata/raddr_reg[2]_rep                  | FLOP_LATCH.flop.FDRE |
    | gmem3_m_axi_U/store_unit_0/buff_wdata/U_fifo_srl/mem_reg[30][323]_srl31 | DMEM.srl.SRLC32E     |
    | gmem3_m_axi_U/store_unit_0/buff_wdata/U_fifo_srl/dout_reg[323]          | FLOP_LATCH.flop.FDRE |
    +-------------------------------------------------------------------------+----------------------+

    +-------------------------------------------------------------------------+----------------------+
    | Path2 Cells                                                             | Primitive Type       |
    +-------------------------------------------------------------------------+----------------------+
    | gmem3_m_axi_U/store_unit_0/buff_wdata/raddr_reg[2]_rep                  | FLOP_LATCH.flop.FDRE |
    | gmem3_m_axi_U/store_unit_0/buff_wdata/U_fifo_srl/mem_reg[30][334]_srl31 | DMEM.srl.SRLC32E     |
    | gmem3_m_axi_U/store_unit_0/buff_wdata/U_fifo_srl/dout_reg[334]          | FLOP_LATCH.flop.FDRE |
    +-------------------------------------------------------------------------+----------------------+

    +-------------------------------------------------------------------------+----------------------+
    | Path3 Cells                                                             | Primitive Type       |
    +-------------------------------------------------------------------------+----------------------+
    | gmem3_m_axi_U/store_unit_0/buff_wdata/raddr_reg[2]_rep                  | FLOP_LATCH.flop.FDRE |
    | gmem3_m_axi_U/store_unit_0/buff_wdata/U_fifo_srl/mem_reg[30][357]_srl31 | DMEM.srl.SRLC32E     |
    | gmem3_m_axi_U/store_unit_0/buff_wdata/U_fifo_srl/dout_reg[357]          | FLOP_LATCH.flop.FDRE |
    +-------------------------------------------------------------------------+----------------------+

    +-------------------------------------------------------------------------+----------------------+
    | Path4 Cells                                                             | Primitive Type       |
    +-------------------------------------------------------------------------+----------------------+
    | gmem3_m_axi_U/store_unit_0/buff_wdata/raddr_reg[2]_rep                  | FLOP_LATCH.flop.FDRE |
    | gmem3_m_axi_U/store_unit_0/buff_wdata/U_fifo_srl/mem_reg[30][355]_srl31 | DMEM.srl.SRLC32E     |
    | gmem3_m_axi_U/store_unit_0/buff_wdata/U_fifo_srl/dout_reg[355]          | FLOP_LATCH.flop.FDRE |
    +-------------------------------------------------------------------------+----------------------+

    +-------------------------------------------------------------------------+----------------------+
    | Path5 Cells                                                             | Primitive Type       |
    +-------------------------------------------------------------------------+----------------------+
    | gmem3_m_axi_U/store_unit_0/buff_wdata/raddr_reg[2]_rep                  | FLOP_LATCH.flop.FDRE |
    | gmem3_m_axi_U/store_unit_0/buff_wdata/U_fifo_srl/mem_reg[30][347]_srl31 | DMEM.srl.SRLC32E     |
    | gmem3_m_axi_U/store_unit_0/buff_wdata/U_fifo_srl/dout_reg[347]          | FLOP_LATCH.flop.FDRE |
    +-------------------------------------------------------------------------+----------------------+


================================================================
== Place & Route Vivado Reports
================================================================
+--------------------------+------------------------------------------------------------+
| Report Type              | Report Location                                            |
+--------------------------+------------------------------------------------------------+
| design_analysis          | impl/verilog/report/MM_design_analysis_routed.rpt          |
| failfast                 | impl/verilog/report/MM_failfast_routed.rpt                 |
| power                    | impl/verilog/report/MM_power_routed.rpt                    |
| status                   | impl/verilog/report/MM_status_routed.rpt                   |
| timing                   | impl/verilog/report/MM_timing_routed.rpt                   |
| timing_paths             | impl/verilog/report/MM_timing_paths_routed.rpt             |
| utilization              | impl/verilog/report/MM_utilization_routed.rpt              |
| utilization_hierarchical | impl/verilog/report/MM_utilization_hierarchical_routed.rpt |
+--------------------------+------------------------------------------------------------+


