Copyright 1986-2022 Xilinx, Inc. All Rights Reserved. Copyright 2022-2025 Advanced Micro Devices, Inc. All Rights Reserved.
---------------------------------------------------------------------------------------------------------------------------------------------
| Tool Version : Vivado v.2025.1 (win64) Build 6140274 Thu May 22 00:12:29 MDT 2025
| Date         : Sat Apr  4 16:28:30 2026
| Host         : LAPTOP-L6H807T2 running 64-bit major release  (build 9200)
| Command      : report_design_analysis -file ./report/MM_design_analysis_routed.rpt
| Design       : bd_0_wrapper
| Device       : xc7z020
| Design State : Routed
---------------------------------------------------------------------------------------------------------------------------------------------

Report Design Analysis

Table of Contents
-----------------
1. Setup Path Characteristics 1-1
2. Logic Level Distribution
3. Placer Final Level Congestion Reporting
4. Initial Estimated Router Congestion Reporting
5. SLR Net Crossing Reporting

1. Setup Path Characteristics 1-1
---------------------------------

+---------------------------+------------------------------------------------------------------------------------------------------------------------------------------------------------------------------------------------------------------------------------------------+
|      Characteristics      |                                                                                                                     Path #1                                                                                                                    |
+---------------------------+------------------------------------------------------------------------------------------------------------------------------------------------------------------------------------------------------------------------------------------------+
| Requirement               | 10.000                                                                                                                                                                                                                                         |
| Path Delay                | 9.992                                                                                                                                                                                                                                          |
| Logic Delay               | 5.992(60%)                                                                                                                                                                                                                                     |
| Net Delay                 | 4.000(40%)                                                                                                                                                                                                                                     |
| Clock Skew                | -0.049                                                                                                                                                                                                                                         |
| Slack                     | -0.014                                                                                                                                                                                                                                         |
| Clock Uncertainty         | 0.035                                                                                                                                                                                                                                          |
| Clock Pair Classification | Timed                                                                                                                                                                                                                                          |
| Clock Delay Group         | Same Clock                                                                                                                                                                                                                                     |
| Logic Levels              | 29                                                                                                                                                                                                                                             |
| Routes                    | 28                                                                                                                                                                                                                                             |
| Logical Path              | FDRE/C-(3)-LUT3-(1)-CARRY4-(1)-CARRY4-CARRY4-CARRY4-CARRY4-CARRY4-CARRY4-CARRY4-CARRY4-CARRY4-CARRY4-CARRY4-(2)-LUT3-(2)-LUT4-(1)-CARRY4-(1)-CARRY4-CARRY4-CARRY4-CARRY4-CARRY4-CARRY4-CARRY4-CARRY4-CARRY4-CARRY4-CARRY4-CARRY4-CARRY4-FDRE/D |
| Start Point Clock         | ap_clk                                                                                                                                                                                                                                         |
| End Point Clock           | ap_clk                                                                                                                                                                                                                                         |
| DSP Block                 | None                                                                                                                                                                                                                                           |
| RAM Registers             | None-None                                                                                                                                                                                                                                      |
| IO Crossings              | 0                                                                                                                                                                                                                                              |
| Config Crossings          | 0                                                                                                                                                                                                                                              |
| SLR Crossings             | 0                                                                                                                                                                                                                                              |
| PBlocks                   | 0                                                                                                                                                                                                                                              |
| High Fanout               | 3                                                                                                                                                                                                                                              |
| ASYNC REG                 | 0                                                                                                                                                                                                                                              |
| Dont Touch                | 0                                                                                                                                                                                                                                              |
| Mark Debug                | 0                                                                                                                                                                                                                                              |
| Start Point Pin Primitive | FDRE/C                                                                                                                                                                                                                                         |
| End Point Pin Primitive   | FDRE/D                                                                                                                                                                                                                                         |
| Start Point Pin           | buff2[63]_i_11_psdsp_2/C                                                                                                                                                                                                                       |
| End Point Pin             | buff2_reg[189]/D                                                                                                                                                                                                                               |
+---------------------------+------------------------------------------------------------------------------------------------------------------------------------------------------------------------------------------------------------------------------------------------+
* Bounding box calculated as % of dimensions for the target device (308, 299)


2. Logic Level Distribution
---------------------------

+-----------------+-------------+----+----+-----+----+----+----+----+----+----+-----+-----+----+----+----+----+----+----+----+----+----+----+----+----+----+----+----+----+----+----+
| End Point Clock | Requirement |  0 |  1 |  2  |  3 |  4 |  5 |  6 |  7 |  8 |  9  |  10 | 12 | 13 | 14 | 15 | 16 | 17 | 18 | 19 | 20 | 21 | 22 | 23 | 24 | 25 | 26 | 27 | 28 | 29 |
+-----------------+-------------+----+----+-----+----+----+----+----+----+----+-----+-----+----+----+----+----+----+----+----+----+----+----+----+----+----+----+----+----+----+----+
| ap_clk          | 10.000ns    | 19 | 13 | 127 | 10 | 33 | 32 | 29 | 31 | 35 | 120 | 317 |  9 | 11 |  2 | 10 | 14 | 16 | 16 | 16 | 16 | 16 | 16 | 16 | 14 | 14 | 11 | 10 | 12 | 15 |
+-----------------+-------------+----+----+-----+----+----+----+----+----+----+-----+-----+----+----+----+----+----+----+----+----+----+----+----+----+----+----+----+----+----+----+
* Columns represent the logic levels per end point clock
** Distribution is for top worst 1000 paths


3. Placer Final Level Congestion Reporting
------------------------------------------

+-----------+------+-------+------------+--------+---------------+----------------+-----+--------+------+------+------+-----+-------+-----+------------+
| Direction | Type | Level | Congestion | Window | Combined LUTs | Avg LUT Inputs | LUT | LUTRAM | Flop | MUXF | RAMB | DSP | CARRY | SRL | Cell Names |
+-----------+------+-------+------------+--------+---------------+----------------+-----+--------+------+------+------+-----+-------+-----+------------+
* No congestion windows are found above level 5


4. Initial Estimated Router Congestion Reporting
------------------------------------------------

+-----------+------+-------+------------------+--------+---------------+----------------+-----+--------+------+------+------+-----+-------+-----+------------+
| Direction | Type | Level | Percentage Tiles | Window | Combined LUTs | Avg LUT Inputs | LUT | LUTRAM | Flop | MUXF | RAMB | DSP | CARRY | SRL | Cell Names |
+-----------+------+-------+------------------+--------+---------------+----------------+-----+--------+------+------+------+-----+-------+-----+------------+
* No initial estimated congestion windows are found above level 5


5. SLR Net Crossing Reporting
-----------------------------

+------------+-----------------------------+
| Cell Names | Number of Nets crossing SLR |
+------------+-----------------------------+
* The current part is not an SSI device


