# ---------------------------------------------------------------------------------
# Created on Wed Apr 08 12:57:45 -0700 2026 with report_failfast (2023.09.14)
# ---------------------------------------------------------------------------------

#  +-----------------------------------------------------------------------------------------+
#  | Design Summary                                                                          |
#  | design_1                                                                                |
#  | xc7z020clg400-1                                                                         |
#  +-----------------------------------------------------------+-----------+--------+--------+
#  | Criteria                                                  | Guideline | Actual | Status |
#  +-----------------------------------------------------------+-----------+--------+--------+
#  | LUT                                                       | 70%       | 48.43% | OK     |
#  | FD                                                        | 50%       | 31.15% | OK     |
#  | LUTRAM+SRL                                                | 25%       | 4.37%  | OK     |
#  | MUXF7                                                     | 15%       | 8.66%  | OK     |
#  | DSP                                                       | 80%       | 24.55% | OK     |
#  | RAMB/FIFO                                                 | 80%       | 5.36%  | OK     |
#  | DSP+RAMB+URAM (Avg)                                       | 70%       | 14.96% | OK     |
#  | BUFGCE* + BUFGCTRL                                        | 24        | 0      | OK     |
#  | DONT_TOUCH (cells/nets)                                   | 0         | 4      | REVIEW |
#  | MARK_DEBUG (nets)                                         | 0         | 0      | OK     |
#  | Control Sets                                              | 998       | 151    | OK     |
#  | Average Fanout for modules > 100k cells                   | 4         | 2.86   | OK     |
#  | Max Average Fanout for modules > 100k cells               | 4         | 0      | OK     |
#  | Non-FD high fanout nets > 10k loads                       | 0         | 0      | OK     |
#  +-----------------------------------------------------------+-----------+--------+--------+
#  | TIMING-6 (No common primary clock between related clocks) | 0         | 0      | OK     |
#  | TIMING-7 (No common node between related clocks)          | 0         | 0      | OK     |
#  | TIMING-8 (No common period between related clocks)        | 0         | 0      | OK     |
#  | TIMING-14 (LUT on the clock tree)                         | 0         | 0      | OK     |
#  | TIMING-35 (No common node in paths with the same clock)   | 0         | 0      | OK     |
#  +-----------------------------------------------------------+-----------+--------+--------+
#  | Number of paths above max LUT budgeting (0.575ns)         | 0         | 0      | OK     |
#  | Number of paths above max Net budgeting (0.403ns)         | 0         | 0      | OK     |
#  +-----------------------------------------------------------+-----------+--------+--------+

