Copyright 1986-2022 Xilinx, Inc. All Rights Reserved. Copyright 2022-2025 Advanced Micro Devices, Inc. All Rights Reserved.
---------------------------------------------------------------------------------------------------------------------------------------------
| Tool Version : Vivado v.2025.2 (win64) Build 6299465 Fri Nov 14 19:35:11 GMT 2025
| Date         : Wed Apr  8 13:05:22 2026
| Host         : jwood_Win_PC running 64-bit major release  (build 9200)
| Command      : report_timing -max_paths 10 -file ./report/MM_timing_paths_routed.rpt
| Design       : bd_0_wrapper
| Device       : 7z020-clg400
| Speed File   : -1  PRODUCTION 1.12 2019-11-22
| Design State : Routed
---------------------------------------------------------------------------------------------------------------------------------------------

Timing Report

Slack (MET) :             1.628ns  (required time - arrival time)
  Source:                 bd_0_i/hls_inst/inst/zext_ln48_reg_3435_reg[4]_rep/C
                            (rising edge-triggered cell FDRE clocked by ap_clk  {rise@0.000ns fall@7.500ns period=15.000ns})
  Destination:            bd_0_i/hls_inst/inst/trunc_ln57_18_reg_3618_reg[0]/D
                            (rising edge-triggered cell FDRE clocked by ap_clk  {rise@0.000ns fall@7.500ns period=15.000ns})
  Path Group:             ap_clk
  Path Type:              Setup (Max at Slow Process Corner)
  Requirement:            15.000ns  (ap_clk rise@15.000ns - ap_clk rise@0.000ns)
  Data Path Delay:        13.367ns  (logic 0.580ns (4.339%)  route 12.787ns (95.661%))
  Logic Levels:           1  (LUT5=1)
  Clock Path Skew:        -0.049ns (DCD - SCD + CPR)
    Destination Clock Delay (DCD):    0.924ns = ( 15.924 - 15.000 ) 
    Source Clock Delay      (SCD):    0.973ns
    Clock Pessimism Removal (CPR):    0.000ns
  Clock Uncertainty:      0.035ns  ((TSJ^2 + TIJ^2)^1/2 + DJ) / 2 + PE
    Total System Jitter     (TSJ):    0.071ns
    Total Input Jitter      (TIJ):    0.000ns
    Discrete Jitter          (DJ):    0.000ns
    Phase Error              (PE):    0.000ns

    Location             Delay type                Incr(ns)  Path(ns)    Netlist Resource(s)
  -------------------------------------------------------------------    -------------------
                         (clock ap_clk rise edge)     0.000     0.000 r  
                                                      0.000     0.000 r  ap_clk (IN)
                         net (fo=33973, unset)        0.973     0.973    bd_0_i/hls_inst/inst/ap_clk
    SLICE_X33Y58         FDRE                                         r  bd_0_i/hls_inst/inst/zext_ln48_reg_3435_reg[4]_rep/C
  -------------------------------------------------------------------    -------------------
    SLICE_X33Y58         FDRE (Prop_fdre_C_Q)         0.456     1.429 r  bd_0_i/hls_inst/inst/zext_ln48_reg_3435_reg[4]_rep/Q
                         net (fo=768, routed)        12.787    14.216    bd_0_i/hls_inst/inst/zext_ln48_reg_3435_reg[4]_rep_n_2
    SLICE_X58Y5          LUT5 (Prop_lut5_I3_O)        0.124    14.340 r  bd_0_i/hls_inst/inst/trunc_ln57_18_reg_3618[0]_i_1/O
                         net (fo=1, routed)           0.000    14.340    bd_0_i/hls_inst/inst/trunc_ln57_18_fu_1922_p1[0]
    SLICE_X58Y5          FDRE                                         r  bd_0_i/hls_inst/inst/trunc_ln57_18_reg_3618_reg[0]/D
  -------------------------------------------------------------------    -------------------

                         (clock ap_clk rise edge)    15.000    15.000 r  
                                                      0.000    15.000 r  ap_clk (IN)
                         net (fo=33973, unset)        0.924    15.924    bd_0_i/hls_inst/inst/ap_clk
    SLICE_X58Y5          FDRE                                         r  bd_0_i/hls_inst/inst/trunc_ln57_18_reg_3618_reg[0]/C
                         clock pessimism              0.000    15.924    
                         clock uncertainty           -0.035    15.889    
    SLICE_X58Y5          FDRE (Setup_fdre_C_D)        0.079    15.968    bd_0_i/hls_inst/inst/trunc_ln57_18_reg_3618_reg[0]
  -------------------------------------------------------------------
                         required time                         15.968    
                         arrival time                         -14.340    
  -------------------------------------------------------------------
                         slack                                  1.628    

Slack (MET) :             1.637ns  (required time - arrival time)
  Source:                 bd_0_i/hls_inst/inst/zext_ln48_reg_3435_reg[4]_rep/C
                            (rising edge-triggered cell FDRE clocked by ap_clk  {rise@0.000ns fall@7.500ns period=15.000ns})
  Destination:            bd_0_i/hls_inst/inst/trunc_ln57_18_reg_3618_reg[8]/D
                            (rising edge-triggered cell FDRE clocked by ap_clk  {rise@0.000ns fall@7.500ns period=15.000ns})
  Path Group:             ap_clk
  Path Type:              Setup (Max at Slow Process Corner)
  Requirement:            15.000ns  (ap_clk rise@15.000ns - ap_clk rise@0.000ns)
  Data Path Delay:        13.358ns  (logic 0.580ns (4.342%)  route 12.778ns (95.658%))
  Logic Levels:           1  (LUT5=1)
  Clock Path Skew:        -0.049ns (DCD - SCD + CPR)
    Destination Clock Delay (DCD):    0.924ns = ( 15.924 - 15.000 ) 
    Source Clock Delay      (SCD):    0.973ns
    Clock Pessimism Removal (CPR):    0.000ns
  Clock Uncertainty:      0.035ns  ((TSJ^2 + TIJ^2)^1/2 + DJ) / 2 + PE
    Total System Jitter     (TSJ):    0.071ns
    Total Input Jitter      (TIJ):    0.000ns
    Discrete Jitter          (DJ):    0.000ns
    Phase Error              (PE):    0.000ns

    Location             Delay type                Incr(ns)  Path(ns)    Netlist Resource(s)
  -------------------------------------------------------------------    -------------------
                         (clock ap_clk rise edge)     0.000     0.000 r  
                                                      0.000     0.000 r  ap_clk (IN)
                         net (fo=33973, unset)        0.973     0.973    bd_0_i/hls_inst/inst/ap_clk
    SLICE_X33Y58         FDRE                                         r  bd_0_i/hls_inst/inst/zext_ln48_reg_3435_reg[4]_rep/C
  -------------------------------------------------------------------    -------------------
    SLICE_X33Y58         FDRE (Prop_fdre_C_Q)         0.456     1.429 r  bd_0_i/hls_inst/inst/zext_ln48_reg_3435_reg[4]_rep/Q
                         net (fo=768, routed)        12.778    14.207    bd_0_i/hls_inst/inst/zext_ln48_reg_3435_reg[4]_rep_n_2
    SLICE_X58Y5          LUT5 (Prop_lut5_I1_O)        0.124    14.331 r  bd_0_i/hls_inst/inst/trunc_ln57_18_reg_3618[8]_i_1/O
                         net (fo=1, routed)           0.000    14.331    bd_0_i/hls_inst/inst/trunc_ln57_18_fu_1922_p1[8]
    SLICE_X58Y5          FDRE                                         r  bd_0_i/hls_inst/inst/trunc_ln57_18_reg_3618_reg[8]/D
  -------------------------------------------------------------------    -------------------

                         (clock ap_clk rise edge)    15.000    15.000 r  
                                                      0.000    15.000 r  ap_clk (IN)
                         net (fo=33973, unset)        0.924    15.924    bd_0_i/hls_inst/inst/ap_clk
    SLICE_X58Y5          FDRE                                         r  bd_0_i/hls_inst/inst/trunc_ln57_18_reg_3618_reg[8]/C
                         clock pessimism              0.000    15.924    
                         clock uncertainty           -0.035    15.889    
    SLICE_X58Y5          FDRE (Setup_fdre_C_D)        0.079    15.968    bd_0_i/hls_inst/inst/trunc_ln57_18_reg_3618_reg[8]
  -------------------------------------------------------------------
                         required time                         15.968    
                         arrival time                         -14.331    
  -------------------------------------------------------------------
                         slack                                  1.637    

Slack (MET) :             1.691ns  (required time - arrival time)
  Source:                 bd_0_i/hls_inst/inst/zext_ln48_reg_3435_reg[4]_rep/C
                            (rising edge-triggered cell FDRE clocked by ap_clk  {rise@0.000ns fall@7.500ns period=15.000ns})
  Destination:            bd_0_i/hls_inst/inst/trunc_ln57_18_reg_3618_reg[16]/D
                            (rising edge-triggered cell FDRE clocked by ap_clk  {rise@0.000ns fall@7.500ns period=15.000ns})
  Path Group:             ap_clk
  Path Type:              Setup (Max at Slow Process Corner)
  Requirement:            15.000ns  (ap_clk rise@15.000ns - ap_clk rise@0.000ns)
  Data Path Delay:        13.302ns  (logic 0.580ns (4.360%)  route 12.722ns (95.640%))
  Logic Levels:           1  (LUT5=1)
  Clock Path Skew:        -0.049ns (DCD - SCD + CPR)
    Destination Clock Delay (DCD):    0.924ns = ( 15.924 - 15.000 ) 
    Source Clock Delay      (SCD):    0.973ns
    Clock Pessimism Removal (CPR):    0.000ns
  Clock Uncertainty:      0.035ns  ((TSJ^2 + TIJ^2)^1/2 + DJ) / 2 + PE
    Total System Jitter     (TSJ):    0.071ns
    Total Input Jitter      (TIJ):    0.000ns
    Discrete Jitter          (DJ):    0.000ns
    Phase Error              (PE):    0.000ns

    Location             Delay type                Incr(ns)  Path(ns)    Netlist Resource(s)
  -------------------------------------------------------------------    -------------------
                         (clock ap_clk rise edge)     0.000     0.000 r  
                                                      0.000     0.000 r  ap_clk (IN)
                         net (fo=33973, unset)        0.973     0.973    bd_0_i/hls_inst/inst/ap_clk
    SLICE_X33Y58         FDRE                                         r  bd_0_i/hls_inst/inst/zext_ln48_reg_3435_reg[4]_rep/C
  -------------------------------------------------------------------    -------------------
    SLICE_X33Y58         FDRE (Prop_fdre_C_Q)         0.456     1.429 r  bd_0_i/hls_inst/inst/zext_ln48_reg_3435_reg[4]_rep/Q
                         net (fo=768, routed)        12.722    14.151    bd_0_i/hls_inst/inst/zext_ln48_reg_3435_reg[4]_rep_n_2
    SLICE_X58Y5          LUT5 (Prop_lut5_I3_O)        0.124    14.275 r  bd_0_i/hls_inst/inst/trunc_ln57_18_reg_3618[16]_i_1/O
                         net (fo=1, routed)           0.000    14.275    bd_0_i/hls_inst/inst/trunc_ln57_18_fu_1922_p1[16]
    SLICE_X58Y5          FDRE                                         r  bd_0_i/hls_inst/inst/trunc_ln57_18_reg_3618_reg[16]/D
  -------------------------------------------------------------------    -------------------

                         (clock ap_clk rise edge)    15.000    15.000 r  
                                                      0.000    15.000 r  ap_clk (IN)
                         net (fo=33973, unset)        0.924    15.924    bd_0_i/hls_inst/inst/ap_clk
    SLICE_X58Y5          FDRE                                         r  bd_0_i/hls_inst/inst/trunc_ln57_18_reg_3618_reg[16]/C
                         clock pessimism              0.000    15.924    
                         clock uncertainty           -0.035    15.889    
    SLICE_X58Y5          FDRE (Setup_fdre_C_D)        0.077    15.966    bd_0_i/hls_inst/inst/trunc_ln57_18_reg_3618_reg[16]
  -------------------------------------------------------------------
                         required time                         15.966    
                         arrival time                         -14.275    
  -------------------------------------------------------------------
                         slack                                  1.691    

Slack (MET) :             1.703ns  (required time - arrival time)
  Source:                 bd_0_i/hls_inst/inst/zext_ln48_reg_3435_reg[4]_rep/C
                            (rising edge-triggered cell FDRE clocked by ap_clk  {rise@0.000ns fall@7.500ns period=15.000ns})
  Destination:            bd_0_i/hls_inst/inst/trunc_ln57_18_reg_3618_reg[24]/D
                            (rising edge-triggered cell FDRE clocked by ap_clk  {rise@0.000ns fall@7.500ns period=15.000ns})
  Path Group:             ap_clk
  Path Type:              Setup (Max at Slow Process Corner)
  Requirement:            15.000ns  (ap_clk rise@15.000ns - ap_clk rise@0.000ns)
  Data Path Delay:        13.294ns  (logic 0.580ns (4.363%)  route 12.714ns (95.637%))
  Logic Levels:           1  (LUT5=1)
  Clock Path Skew:        -0.049ns (DCD - SCD + CPR)
    Destination Clock Delay (DCD):    0.924ns = ( 15.924 - 15.000 ) 
    Source Clock Delay      (SCD):    0.973ns
    Clock Pessimism Removal (CPR):    0.000ns
  Clock Uncertainty:      0.035ns  ((TSJ^2 + TIJ^2)^1/2 + DJ) / 2 + PE
    Total System Jitter     (TSJ):    0.071ns
    Total Input Jitter      (TIJ):    0.000ns
    Discrete Jitter          (DJ):    0.000ns
    Phase Error              (PE):    0.000ns

    Location             Delay type                Incr(ns)  Path(ns)    Netlist Resource(s)
  -------------------------------------------------------------------    -------------------
                         (clock ap_clk rise edge)     0.000     0.000 r  
                                                      0.000     0.000 r  ap_clk (IN)
                         net (fo=33973, unset)        0.973     0.973    bd_0_i/hls_inst/inst/ap_clk
    SLICE_X33Y58         FDRE                                         r  bd_0_i/hls_inst/inst/zext_ln48_reg_3435_reg[4]_rep/C
  -------------------------------------------------------------------    -------------------
    SLICE_X33Y58         FDRE (Prop_fdre_C_Q)         0.456     1.429 r  bd_0_i/hls_inst/inst/zext_ln48_reg_3435_reg[4]_rep/Q
                         net (fo=768, routed)        12.714    14.143    bd_0_i/hls_inst/inst/zext_ln48_reg_3435_reg[4]_rep_n_2
    SLICE_X58Y5          LUT5 (Prop_lut5_I1_O)        0.124    14.267 r  bd_0_i/hls_inst/inst/trunc_ln57_18_reg_3618[24]_i_1/O
                         net (fo=1, routed)           0.000    14.267    bd_0_i/hls_inst/inst/trunc_ln57_18_fu_1922_p1[24]
    SLICE_X58Y5          FDRE                                         r  bd_0_i/hls_inst/inst/trunc_ln57_18_reg_3618_reg[24]/D
  -------------------------------------------------------------------    -------------------

                         (clock ap_clk rise edge)    15.000    15.000 r  
                                                      0.000    15.000 r  ap_clk (IN)
                         net (fo=33973, unset)        0.924    15.924    bd_0_i/hls_inst/inst/ap_clk
    SLICE_X58Y5          FDRE                                         r  bd_0_i/hls_inst/inst/trunc_ln57_18_reg_3618_reg[24]/C
                         clock pessimism              0.000    15.924    
                         clock uncertainty           -0.035    15.889    
    SLICE_X58Y5          FDRE (Setup_fdre_C_D)        0.081    15.970    bd_0_i/hls_inst/inst/trunc_ln57_18_reg_3618_reg[24]
  -------------------------------------------------------------------
                         required time                         15.970    
                         arrival time                         -14.267    
  -------------------------------------------------------------------
                         slack                                  1.703    

Slack (MET) :             1.911ns  (required time - arrival time)
  Source:                 bd_0_i/hls_inst/inst/zext_ln57_8_reg_3400_reg[7]/C
                            (rising edge-triggered cell FDRE clocked by ap_clk  {rise@0.000ns fall@7.500ns period=15.000ns})
  Destination:            bd_0_i/hls_inst/inst/gmem_addr_14_reg_3538_reg[58]/D
                            (rising edge-triggered cell FDRE clocked by ap_clk  {rise@0.000ns fall@7.500ns period=15.000ns})
  Path Group:             ap_clk
  Path Type:              Setup (Max at Slow Process Corner)
  Requirement:            15.000ns  (ap_clk rise@15.000ns - ap_clk rise@0.000ns)
  Data Path Delay:        13.067ns  (logic 2.908ns (22.255%)  route 10.159ns (77.745%))
  Logic Levels:           17  (CARRY4=16 LUT1=1)
  Clock Path Skew:        -0.049ns (DCD - SCD + CPR)
    Destination Clock Delay (DCD):    0.924ns = ( 15.924 - 15.000 ) 
    Source Clock Delay      (SCD):    0.973ns
    Clock Pessimism Removal (CPR):    0.000ns
  Clock Uncertainty:      0.035ns  ((TSJ^2 + TIJ^2)^1/2 + DJ) / 2 + PE
    Total System Jitter     (TSJ):    0.071ns
    Total Input Jitter      (TIJ):    0.000ns
    Discrete Jitter          (DJ):    0.000ns
    Phase Error              (PE):    0.000ns

    Location             Delay type                Incr(ns)  Path(ns)    Netlist Resource(s)
  -------------------------------------------------------------------    -------------------
                         (clock ap_clk rise edge)     0.000     0.000 r  
                                                      0.000     0.000 r  ap_clk (IN)
                         net (fo=33973, unset)        0.973     0.973    bd_0_i/hls_inst/inst/ap_clk
    SLICE_X1Y49          FDRE                                         r  bd_0_i/hls_inst/inst/zext_ln57_8_reg_3400_reg[7]/C
  -------------------------------------------------------------------    -------------------
    SLICE_X1Y49          FDRE (Prop_fdre_C_Q)         0.456     1.429 f  bd_0_i/hls_inst/inst/zext_ln57_8_reg_3400_reg[7]/Q
                         net (fo=137, routed)        10.150    11.579    bd_0_i/hls_inst/inst/zext_ln57_8_reg_3400_reg[4]
    SLICE_X33Y67         LUT1 (Prop_lut1_I0_O)        0.124    11.703 r  bd_0_i/hls_inst/inst/gmem_addr_14_reg_3538[3]_i_4/O
                         net (fo=1, routed)           0.000    11.703    bd_0_i/hls_inst/inst/gmem_addr_14_reg_3538[3]_i_4_n_2
    SLICE_X33Y67         CARRY4 (Prop_carry4_S[2]_CO[3])
                                                      0.398    12.101 r  bd_0_i/hls_inst/inst/gmem_addr_14_reg_3538_reg[3]_i_2/CO[3]
                         net (fo=1, routed)           0.000    12.101    bd_0_i/hls_inst/inst/gmem_addr_14_reg_3538_reg[3]_i_2_n_2
    SLICE_X33Y68         CARRY4 (Prop_carry4_CI_CO[3])
                                                      0.114    12.215 r  bd_0_i/hls_inst/inst/gmem_addr_14_reg_3538_reg[3]_i_1/CO[3]
                         net (fo=1, routed)           0.000    12.215    bd_0_i/hls_inst/inst/gmem_addr_14_reg_3538_reg[3]_i_1_n_2
    SLICE_X33Y69         CARRY4 (Prop_carry4_CI_CO[3])
                                                      0.114    12.329 r  bd_0_i/hls_inst/inst/gmem_addr_14_reg_3538_reg[7]_i_1/CO[3]
                         net (fo=1, routed)           0.000    12.329    bd_0_i/hls_inst/inst/gmem_addr_14_reg_3538_reg[7]_i_1_n_2
    SLICE_X33Y70         CARRY4 (Prop_carry4_CI_CO[3])
                                                      0.114    12.443 r  bd_0_i/hls_inst/inst/gmem_addr_14_reg_3538_reg[11]_i_1/CO[3]
                         net (fo=1, routed)           0.000    12.443    bd_0_i/hls_inst/inst/gmem_addr_14_reg_3538_reg[11]_i_1_n_2
    SLICE_X33Y71         CARRY4 (Prop_carry4_CI_CO[3])
                                                      0.114    12.557 r  bd_0_i/hls_inst/inst/gmem_addr_14_reg_3538_reg[15]_i_1/CO[3]
                         net (fo=1, routed)           0.000    12.557    bd_0_i/hls_inst/inst/gmem_addr_14_reg_3538_reg[15]_i_1_n_2
    SLICE_X33Y72         CARRY4 (Prop_carry4_CI_CO[3])
                                                      0.114    12.671 r  bd_0_i/hls_inst/inst/gmem_addr_14_reg_3538_reg[19]_i_1/CO[3]
                         net (fo=1, routed)           0.000    12.671    bd_0_i/hls_inst/inst/gmem_addr_14_reg_3538_reg[19]_i_1_n_2
    SLICE_X33Y73         CARRY4 (Prop_carry4_CI_CO[3])
                                                      0.114    12.785 r  bd_0_i/hls_inst/inst/gmem_addr_14_reg_3538_reg[23]_i_1/CO[3]
                         net (fo=1, routed)           0.000    12.785    bd_0_i/hls_inst/inst/gmem_addr_14_reg_3538_reg[23]_i_1_n_2
    SLICE_X33Y74         CARRY4 (Prop_carry4_CI_CO[3])
                                                      0.114    12.899 r  bd_0_i/hls_inst/inst/gmem_addr_14_reg_3538_reg[27]_i_1/CO[3]
                         net (fo=1, routed)           0.009    12.908    bd_0_i/hls_inst/inst/gmem_addr_14_reg_3538_reg[27]_i_1_n_2
    SLICE_X33Y75         CARRY4 (Prop_carry4_CI_CO[3])
                                                      0.114    13.022 r  bd_0_i/hls_inst/inst/gmem_addr_14_reg_3538_reg[31]_i_1/CO[3]
                         net (fo=1, routed)           0.000    13.022    bd_0_i/hls_inst/inst/gmem_addr_14_reg_3538_reg[31]_i_1_n_2
    SLICE_X33Y76         CARRY4 (Prop_carry4_CI_CO[3])
                                                      0.114    13.136 r  bd_0_i/hls_inst/inst/gmem_addr_14_reg_3538_reg[35]_i_1/CO[3]
                         net (fo=1, routed)           0.000    13.136    bd_0_i/hls_inst/inst/gmem_addr_14_reg_3538_reg[35]_i_1_n_2
    SLICE_X33Y77         CARRY4 (Prop_carry4_CI_CO[3])
                                                      0.114    13.250 r  bd_0_i/hls_inst/inst/gmem_addr_14_reg_3538_reg[39]_i_1/CO[3]
                         net (fo=1, routed)           0.000    13.250    bd_0_i/hls_inst/inst/gmem_addr_14_reg_3538_reg[39]_i_1_n_2
    SLICE_X33Y78         CARRY4 (Prop_carry4_CI_CO[3])
                                                      0.114    13.364 r  bd_0_i/hls_inst/inst/gmem_addr_14_reg_3538_reg[43]_i_1/CO[3]
                         net (fo=1, routed)           0.000    13.364    bd_0_i/hls_inst/inst/gmem_addr_14_reg_3538_reg[43]_i_1_n_2
    SLICE_X33Y79         CARRY4 (Prop_carry4_CI_CO[3])
                                                      0.114    13.478 r  bd_0_i/hls_inst/inst/gmem_addr_14_reg_3538_reg[47]_i_1/CO[3]
                         net (fo=1, routed)           0.000    13.478    bd_0_i/hls_inst/inst/gmem_addr_14_reg_3538_reg[47]_i_1_n_2
    SLICE_X33Y80         CARRY4 (Prop_carry4_CI_CO[3])
                                                      0.114    13.592 r  bd_0_i/hls_inst/inst/gmem_addr_14_reg_3538_reg[51]_i_1/CO[3]
                         net (fo=1, routed)           0.000    13.592    bd_0_i/hls_inst/inst/gmem_addr_14_reg_3538_reg[51]_i_1_n_2
    SLICE_X33Y81         CARRY4 (Prop_carry4_CI_CO[3])
                                                      0.114    13.706 r  bd_0_i/hls_inst/inst/gmem_addr_14_reg_3538_reg[55]_i_1/CO[3]
                         net (fo=1, routed)           0.000    13.706    bd_0_i/hls_inst/inst/gmem_addr_14_reg_3538_reg[55]_i_1_n_2
    SLICE_X33Y82         CARRY4 (Prop_carry4_CI_O[1])
                                                      0.334    14.040 r  bd_0_i/hls_inst/inst/gmem_addr_14_reg_3538_reg[58]_i_1/O[1]
                         net (fo=1, routed)           0.000    14.040    bd_0_i/hls_inst/inst/sext_ln57_14_fu_1835_p1[57]
    SLICE_X33Y82         FDRE                                         r  bd_0_i/hls_inst/inst/gmem_addr_14_reg_3538_reg[58]/D
  -------------------------------------------------------------------    -------------------

                         (clock ap_clk rise edge)    15.000    15.000 r  
                                                      0.000    15.000 r  ap_clk (IN)
                         net (fo=33973, unset)        0.924    15.924    bd_0_i/hls_inst/inst/ap_clk
    SLICE_X33Y82         FDRE                                         r  bd_0_i/hls_inst/inst/gmem_addr_14_reg_3538_reg[58]/C
                         clock pessimism              0.000    15.924    
                         clock uncertainty           -0.035    15.889    
    SLICE_X33Y82         FDRE (Setup_fdre_C_D)        0.062    15.951    bd_0_i/hls_inst/inst/gmem_addr_14_reg_3538_reg[58]
  -------------------------------------------------------------------
                         required time                         15.951    
                         arrival time                         -14.040    
  -------------------------------------------------------------------
                         slack                                  1.911    

Slack (MET) :             2.014ns  (required time - arrival time)
  Source:                 bd_0_i/hls_inst/inst/zext_ln48_reg_3435_reg[4]_rep/C
                            (rising edge-triggered cell FDRE clocked by ap_clk  {rise@0.000ns fall@7.500ns period=15.000ns})
  Destination:            bd_0_i/hls_inst/inst/trunc_ln57_20_reg_3658_reg[8]/D
                            (rising edge-triggered cell FDRE clocked by ap_clk  {rise@0.000ns fall@7.500ns period=15.000ns})
  Path Group:             ap_clk
  Path Type:              Setup (Max at Slow Process Corner)
  Requirement:            15.000ns  (ap_clk rise@15.000ns - ap_clk rise@0.000ns)
  Data Path Delay:        12.931ns  (logic 0.580ns (4.485%)  route 12.351ns (95.515%))
  Logic Levels:           1  (LUT5=1)
  Clock Path Skew:        -0.049ns (DCD - SCD + CPR)
    Destination Clock Delay (DCD):    0.924ns = ( 15.924 - 15.000 ) 
    Source Clock Delay      (SCD):    0.973ns
    Clock Pessimism Removal (CPR):    0.000ns
  Clock Uncertainty:      0.035ns  ((TSJ^2 + TIJ^2)^1/2 + DJ) / 2 + PE
    Total System Jitter     (TSJ):    0.071ns
    Total Input Jitter      (TIJ):    0.000ns
    Discrete Jitter          (DJ):    0.000ns
    Phase Error              (PE):    0.000ns

    Location             Delay type                Incr(ns)  Path(ns)    Netlist Resource(s)
  -------------------------------------------------------------------    -------------------
                         (clock ap_clk rise edge)     0.000     0.000 r  
                                                      0.000     0.000 r  ap_clk (IN)
                         net (fo=33973, unset)        0.973     0.973    bd_0_i/hls_inst/inst/ap_clk
    SLICE_X33Y58         FDRE                                         r  bd_0_i/hls_inst/inst/zext_ln48_reg_3435_reg[4]_rep/C
  -------------------------------------------------------------------    -------------------
    SLICE_X33Y58         FDRE (Prop_fdre_C_Q)         0.456     1.429 r  bd_0_i/hls_inst/inst/zext_ln48_reg_3435_reg[4]_rep/Q
                         net (fo=768, routed)        12.351    13.780    bd_0_i/hls_inst/inst/zext_ln48_reg_3435_reg[4]_rep_n_2
    SLICE_X56Y2          LUT5 (Prop_lut5_I1_O)        0.124    13.904 r  bd_0_i/hls_inst/inst/trunc_ln57_20_reg_3658[8]_i_1/O
                         net (fo=1, routed)           0.000    13.904    bd_0_i/hls_inst/inst/trunc_ln57_20_fu_1940_p1[8]
    SLICE_X56Y2          FDRE                                         r  bd_0_i/hls_inst/inst/trunc_ln57_20_reg_3658_reg[8]/D
  -------------------------------------------------------------------    -------------------

                         (clock ap_clk rise edge)    15.000    15.000 r  
                                                      0.000    15.000 r  ap_clk (IN)
                         net (fo=33973, unset)        0.924    15.924    bd_0_i/hls_inst/inst/ap_clk
    SLICE_X56Y2          FDRE                                         r  bd_0_i/hls_inst/inst/trunc_ln57_20_reg_3658_reg[8]/C
                         clock pessimism              0.000    15.924    
                         clock uncertainty           -0.035    15.889    
    SLICE_X56Y2          FDRE (Setup_fdre_C_D)        0.029    15.918    bd_0_i/hls_inst/inst/trunc_ln57_20_reg_3658_reg[8]
  -------------------------------------------------------------------
                         required time                         15.918    
                         arrival time                         -13.904    
  -------------------------------------------------------------------
                         slack                                  2.014    

Slack (MET) :             2.022ns  (required time - arrival time)
  Source:                 bd_0_i/hls_inst/inst/zext_ln57_8_reg_3400_reg[7]/C
                            (rising edge-triggered cell FDRE clocked by ap_clk  {rise@0.000ns fall@7.500ns period=15.000ns})
  Destination:            bd_0_i/hls_inst/inst/gmem_addr_14_reg_3538_reg[56]/D
                            (rising edge-triggered cell FDRE clocked by ap_clk  {rise@0.000ns fall@7.500ns period=15.000ns})
  Path Group:             ap_clk
  Path Type:              Setup (Max at Slow Process Corner)
  Requirement:            15.000ns  (ap_clk rise@15.000ns - ap_clk rise@0.000ns)
  Data Path Delay:        12.956ns  (logic 2.797ns (21.589%)  route 10.159ns (78.411%))
  Logic Levels:           17  (CARRY4=16 LUT1=1)
  Clock Path Skew:        -0.049ns (DCD - SCD + CPR)
    Destination Clock Delay (DCD):    0.924ns = ( 15.924 - 15.000 ) 
    Source Clock Delay      (SCD):    0.973ns
    Clock Pessimism Removal (CPR):    0.000ns
  Clock Uncertainty:      0.035ns  ((TSJ^2 + TIJ^2)^1/2 + DJ) / 2 + PE
    Total System Jitter     (TSJ):    0.071ns
    Total Input Jitter      (TIJ):    0.000ns
    Discrete Jitter          (DJ):    0.000ns
    Phase Error              (PE):    0.000ns

    Location             Delay type                Incr(ns)  Path(ns)    Netlist Resource(s)
  -------------------------------------------------------------------    -------------------
                         (clock ap_clk rise edge)     0.000     0.000 r  
                                                      0.000     0.000 r  ap_clk (IN)
                         net (fo=33973, unset)        0.973     0.973    bd_0_i/hls_inst/inst/ap_clk
    SLICE_X1Y49          FDRE                                         r  bd_0_i/hls_inst/inst/zext_ln57_8_reg_3400_reg[7]/C
  -------------------------------------------------------------------    -------------------
    SLICE_X1Y49          FDRE (Prop_fdre_C_Q)         0.456     1.429 f  bd_0_i/hls_inst/inst/zext_ln57_8_reg_3400_reg[7]/Q
                         net (fo=137, routed)        10.150    11.579    bd_0_i/hls_inst/inst/zext_ln57_8_reg_3400_reg[4]
    SLICE_X33Y67         LUT1 (Prop_lut1_I0_O)        0.124    11.703 r  bd_0_i/hls_inst/inst/gmem_addr_14_reg_3538[3]_i_4/O
                         net (fo=1, routed)           0.000    11.703    bd_0_i/hls_inst/inst/gmem_addr_14_reg_3538[3]_i_4_n_2
    SLICE_X33Y67         CARRY4 (Prop_carry4_S[2]_CO[3])
                                                      0.398    12.101 r  bd_0_i/hls_inst/inst/gmem_addr_14_reg_3538_reg[3]_i_2/CO[3]
                         net (fo=1, routed)           0.000    12.101    bd_0_i/hls_inst/inst/gmem_addr_14_reg_3538_reg[3]_i_2_n_2
    SLICE_X33Y68         CARRY4 (Prop_carry4_CI_CO[3])
                                                      0.114    12.215 r  bd_0_i/hls_inst/inst/gmem_addr_14_reg_3538_reg[3]_i_1/CO[3]
                         net (fo=1, routed)           0.000    12.215    bd_0_i/hls_inst/inst/gmem_addr_14_reg_3538_reg[3]_i_1_n_2
    SLICE_X33Y69         CARRY4 (Prop_carry4_CI_CO[3])
                                                      0.114    12.329 r  bd_0_i/hls_inst/inst/gmem_addr_14_reg_3538_reg[7]_i_1/CO[3]
                         net (fo=1, routed)           0.000    12.329    bd_0_i/hls_inst/inst/gmem_addr_14_reg_3538_reg[7]_i_1_n_2
    SLICE_X33Y70         CARRY4 (Prop_carry4_CI_CO[3])
                                                      0.114    12.443 r  bd_0_i/hls_inst/inst/gmem_addr_14_reg_3538_reg[11]_i_1/CO[3]
                         net (fo=1, routed)           0.000    12.443    bd_0_i/hls_inst/inst/gmem_addr_14_reg_3538_reg[11]_i_1_n_2
    SLICE_X33Y71         CARRY4 (Prop_carry4_CI_CO[3])
                                                      0.114    12.557 r  bd_0_i/hls_inst/inst/gmem_addr_14_reg_3538_reg[15]_i_1/CO[3]
                         net (fo=1, routed)           0.000    12.557    bd_0_i/hls_inst/inst/gmem_addr_14_reg_3538_reg[15]_i_1_n_2
    SLICE_X33Y72         CARRY4 (Prop_carry4_CI_CO[3])
                                                      0.114    12.671 r  bd_0_i/hls_inst/inst/gmem_addr_14_reg_3538_reg[19]_i_1/CO[3]
                         net (fo=1, routed)           0.000    12.671    bd_0_i/hls_inst/inst/gmem_addr_14_reg_3538_reg[19]_i_1_n_2
    SLICE_X33Y73         CARRY4 (Prop_carry4_CI_CO[3])
                                                      0.114    12.785 r  bd_0_i/hls_inst/inst/gmem_addr_14_reg_3538_reg[23]_i_1/CO[3]
                         net (fo=1, routed)           0.000    12.785    bd_0_i/hls_inst/inst/gmem_addr_14_reg_3538_reg[23]_i_1_n_2
    SLICE_X33Y74         CARRY4 (Prop_carry4_CI_CO[3])
                                                      0.114    12.899 r  bd_0_i/hls_inst/inst/gmem_addr_14_reg_3538_reg[27]_i_1/CO[3]
                         net (fo=1, routed)           0.009    12.908    bd_0_i/hls_inst/inst/gmem_addr_14_reg_3538_reg[27]_i_1_n_2
    SLICE_X33Y75         CARRY4 (Prop_carry4_CI_CO[3])
                                                      0.114    13.022 r  bd_0_i/hls_inst/inst/gmem_addr_14_reg_3538_reg[31]_i_1/CO[3]
                         net (fo=1, routed)           0.000    13.022    bd_0_i/hls_inst/inst/gmem_addr_14_reg_3538_reg[31]_i_1_n_2
    SLICE_X33Y76         CARRY4 (Prop_carry4_CI_CO[3])
                                                      0.114    13.136 r  bd_0_i/hls_inst/inst/gmem_addr_14_reg_3538_reg[35]_i_1/CO[3]
                         net (fo=1, routed)           0.000    13.136    bd_0_i/hls_inst/inst/gmem_addr_14_reg_3538_reg[35]_i_1_n_2
    SLICE_X33Y77         CARRY4 (Prop_carry4_CI_CO[3])
                                                      0.114    13.250 r  bd_0_i/hls_inst/inst/gmem_addr_14_reg_3538_reg[39]_i_1/CO[3]
                         net (fo=1, routed)           0.000    13.250    bd_0_i/hls_inst/inst/gmem_addr_14_reg_3538_reg[39]_i_1_n_2
    SLICE_X33Y78         CARRY4 (Prop_carry4_CI_CO[3])
                                                      0.114    13.364 r  bd_0_i/hls_inst/inst/gmem_addr_14_reg_3538_reg[43]_i_1/CO[3]
                         net (fo=1, routed)           0.000    13.364    bd_0_i/hls_inst/inst/gmem_addr_14_reg_3538_reg[43]_i_1_n_2
    SLICE_X33Y79         CARRY4 (Prop_carry4_CI_CO[3])
                                                      0.114    13.478 r  bd_0_i/hls_inst/inst/gmem_addr_14_reg_3538_reg[47]_i_1/CO[3]
                         net (fo=1, routed)           0.000    13.478    bd_0_i/hls_inst/inst/gmem_addr_14_reg_3538_reg[47]_i_1_n_2
    SLICE_X33Y80         CARRY4 (Prop_carry4_CI_CO[3])
                                                      0.114    13.592 r  bd_0_i/hls_inst/inst/gmem_addr_14_reg_3538_reg[51]_i_1/CO[3]
                         net (fo=1, routed)           0.000    13.592    bd_0_i/hls_inst/inst/gmem_addr_14_reg_3538_reg[51]_i_1_n_2
    SLICE_X33Y81         CARRY4 (Prop_carry4_CI_CO[3])
                                                      0.114    13.706 r  bd_0_i/hls_inst/inst/gmem_addr_14_reg_3538_reg[55]_i_1/CO[3]
                         net (fo=1, routed)           0.000    13.706    bd_0_i/hls_inst/inst/gmem_addr_14_reg_3538_reg[55]_i_1_n_2
    SLICE_X33Y82         CARRY4 (Prop_carry4_CI_O[0])
                                                      0.223    13.929 r  bd_0_i/hls_inst/inst/gmem_addr_14_reg_3538_reg[58]_i_1/O[0]
                         net (fo=1, routed)           0.000    13.929    bd_0_i/hls_inst/inst/sext_ln57_14_fu_1835_p1[56]
    SLICE_X33Y82         FDRE                                         r  bd_0_i/hls_inst/inst/gmem_addr_14_reg_3538_reg[56]/D
  -------------------------------------------------------------------    -------------------

                         (clock ap_clk rise edge)    15.000    15.000 r  
                                                      0.000    15.000 r  ap_clk (IN)
                         net (fo=33973, unset)        0.924    15.924    bd_0_i/hls_inst/inst/ap_clk
    SLICE_X33Y82         FDRE                                         r  bd_0_i/hls_inst/inst/gmem_addr_14_reg_3538_reg[56]/C
                         clock pessimism              0.000    15.924    
                         clock uncertainty           -0.035    15.889    
    SLICE_X33Y82         FDRE (Setup_fdre_C_D)        0.062    15.951    bd_0_i/hls_inst/inst/gmem_addr_14_reg_3538_reg[56]
  -------------------------------------------------------------------
                         required time                         15.951    
                         arrival time                         -13.929    
  -------------------------------------------------------------------
                         slack                                  2.022    

Slack (MET) :             2.025ns  (required time - arrival time)
  Source:                 bd_0_i/hls_inst/inst/zext_ln57_8_reg_3400_reg[7]/C
                            (rising edge-triggered cell FDRE clocked by ap_clk  {rise@0.000ns fall@7.500ns period=15.000ns})
  Destination:            bd_0_i/hls_inst/inst/gmem_addr_14_reg_3538_reg[53]/D
                            (rising edge-triggered cell FDRE clocked by ap_clk  {rise@0.000ns fall@7.500ns period=15.000ns})
  Path Group:             ap_clk
  Path Type:              Setup (Max at Slow Process Corner)
  Requirement:            15.000ns  (ap_clk rise@15.000ns - ap_clk rise@0.000ns)
  Data Path Delay:        12.953ns  (logic 2.794ns (21.571%)  route 10.159ns (78.429%))
  Logic Levels:           16  (CARRY4=15 LUT1=1)
  Clock Path Skew:        -0.049ns (DCD - SCD + CPR)
    Destination Clock Delay (DCD):    0.924ns = ( 15.924 - 15.000 ) 
    Source Clock Delay      (SCD):    0.973ns
    Clock Pessimism Removal (CPR):    0.000ns
  Clock Uncertainty:      0.035ns  ((TSJ^2 + TIJ^2)^1/2 + DJ) / 2 + PE
    Total System Jitter     (TSJ):    0.071ns
    Total Input Jitter      (TIJ):    0.000ns
    Discrete Jitter          (DJ):    0.000ns
    Phase Error              (PE):    0.000ns

    Location             Delay type                Incr(ns)  Path(ns)    Netlist Resource(s)
  -------------------------------------------------------------------    -------------------
                         (clock ap_clk rise edge)     0.000     0.000 r  
                                                      0.000     0.000 r  ap_clk (IN)
                         net (fo=33973, unset)        0.973     0.973    bd_0_i/hls_inst/inst/ap_clk
    SLICE_X1Y49          FDRE                                         r  bd_0_i/hls_inst/inst/zext_ln57_8_reg_3400_reg[7]/C
  -------------------------------------------------------------------    -------------------
    SLICE_X1Y49          FDRE (Prop_fdre_C_Q)         0.456     1.429 f  bd_0_i/hls_inst/inst/zext_ln57_8_reg_3400_reg[7]/Q
                         net (fo=137, routed)        10.150    11.579    bd_0_i/hls_inst/inst/zext_ln57_8_reg_3400_reg[4]
    SLICE_X33Y67         LUT1 (Prop_lut1_I0_O)        0.124    11.703 r  bd_0_i/hls_inst/inst/gmem_addr_14_reg_3538[3]_i_4/O
                         net (fo=1, routed)           0.000    11.703    bd_0_i/hls_inst/inst/gmem_addr_14_reg_3538[3]_i_4_n_2
    SLICE_X33Y67         CARRY4 (Prop_carry4_S[2]_CO[3])
                                                      0.398    12.101 r  bd_0_i/hls_inst/inst/gmem_addr_14_reg_3538_reg[3]_i_2/CO[3]
                         net (fo=1, routed)           0.000    12.101    bd_0_i/hls_inst/inst/gmem_addr_14_reg_3538_reg[3]_i_2_n_2
    SLICE_X33Y68         CARRY4 (Prop_carry4_CI_CO[3])
                                                      0.114    12.215 r  bd_0_i/hls_inst/inst/gmem_addr_14_reg_3538_reg[3]_i_1/CO[3]
                         net (fo=1, routed)           0.000    12.215    bd_0_i/hls_inst/inst/gmem_addr_14_reg_3538_reg[3]_i_1_n_2
    SLICE_X33Y69         CARRY4 (Prop_carry4_CI_CO[3])
                                                      0.114    12.329 r  bd_0_i/hls_inst/inst/gmem_addr_14_reg_3538_reg[7]_i_1/CO[3]
                         net (fo=1, routed)           0.000    12.329    bd_0_i/hls_inst/inst/gmem_addr_14_reg_3538_reg[7]_i_1_n_2
    SLICE_X33Y70         CARRY4 (Prop_carry4_CI_CO[3])
                                                      0.114    12.443 r  bd_0_i/hls_inst/inst/gmem_addr_14_reg_3538_reg[11]_i_1/CO[3]
                         net (fo=1, routed)           0.000    12.443    bd_0_i/hls_inst/inst/gmem_addr_14_reg_3538_reg[11]_i_1_n_2
    SLICE_X33Y71         CARRY4 (Prop_carry4_CI_CO[3])
                                                      0.114    12.557 r  bd_0_i/hls_inst/inst/gmem_addr_14_reg_3538_reg[15]_i_1/CO[3]
                         net (fo=1, routed)           0.000    12.557    bd_0_i/hls_inst/inst/gmem_addr_14_reg_3538_reg[15]_i_1_n_2
    SLICE_X33Y72         CARRY4 (Prop_carry4_CI_CO[3])
                                                      0.114    12.671 r  bd_0_i/hls_inst/inst/gmem_addr_14_reg_3538_reg[19]_i_1/CO[3]
                         net (fo=1, routed)           0.000    12.671    bd_0_i/hls_inst/inst/gmem_addr_14_reg_3538_reg[19]_i_1_n_2
    SLICE_X33Y73         CARRY4 (Prop_carry4_CI_CO[3])
                                                      0.114    12.785 r  bd_0_i/hls_inst/inst/gmem_addr_14_reg_3538_reg[23]_i_1/CO[3]
                         net (fo=1, routed)           0.000    12.785    bd_0_i/hls_inst/inst/gmem_addr_14_reg_3538_reg[23]_i_1_n_2
    SLICE_X33Y74         CARRY4 (Prop_carry4_CI_CO[3])
                                                      0.114    12.899 r  bd_0_i/hls_inst/inst/gmem_addr_14_reg_3538_reg[27]_i_1/CO[3]
                         net (fo=1, routed)           0.009    12.908    bd_0_i/hls_inst/inst/gmem_addr_14_reg_3538_reg[27]_i_1_n_2
    SLICE_X33Y75         CARRY4 (Prop_carry4_CI_CO[3])
                                                      0.114    13.022 r  bd_0_i/hls_inst/inst/gmem_addr_14_reg_3538_reg[31]_i_1/CO[3]
                         net (fo=1, routed)           0.000    13.022    bd_0_i/hls_inst/inst/gmem_addr_14_reg_3538_reg[31]_i_1_n_2
    SLICE_X33Y76         CARRY4 (Prop_carry4_CI_CO[3])
                                                      0.114    13.136 r  bd_0_i/hls_inst/inst/gmem_addr_14_reg_3538_reg[35]_i_1/CO[3]
                         net (fo=1, routed)           0.000    13.136    bd_0_i/hls_inst/inst/gmem_addr_14_reg_3538_reg[35]_i_1_n_2
    SLICE_X33Y77         CARRY4 (Prop_carry4_CI_CO[3])
                                                      0.114    13.250 r  bd_0_i/hls_inst/inst/gmem_addr_14_reg_3538_reg[39]_i_1/CO[3]
                         net (fo=1, routed)           0.000    13.250    bd_0_i/hls_inst/inst/gmem_addr_14_reg_3538_reg[39]_i_1_n_2
    SLICE_X33Y78         CARRY4 (Prop_carry4_CI_CO[3])
                                                      0.114    13.364 r  bd_0_i/hls_inst/inst/gmem_addr_14_reg_3538_reg[43]_i_1/CO[3]
                         net (fo=1, routed)           0.000    13.364    bd_0_i/hls_inst/inst/gmem_addr_14_reg_3538_reg[43]_i_1_n_2
    SLICE_X33Y79         CARRY4 (Prop_carry4_CI_CO[3])
                                                      0.114    13.478 r  bd_0_i/hls_inst/inst/gmem_addr_14_reg_3538_reg[47]_i_1/CO[3]
                         net (fo=1, routed)           0.000    13.478    bd_0_i/hls_inst/inst/gmem_addr_14_reg_3538_reg[47]_i_1_n_2
    SLICE_X33Y80         CARRY4 (Prop_carry4_CI_CO[3])
                                                      0.114    13.592 r  bd_0_i/hls_inst/inst/gmem_addr_14_reg_3538_reg[51]_i_1/CO[3]
                         net (fo=1, routed)           0.000    13.592    bd_0_i/hls_inst/inst/gmem_addr_14_reg_3538_reg[51]_i_1_n_2
    SLICE_X33Y81         CARRY4 (Prop_carry4_CI_O[1])
                                                      0.334    13.926 r  bd_0_i/hls_inst/inst/gmem_addr_14_reg_3538_reg[55]_i_1/O[1]
                         net (fo=1, routed)           0.000    13.926    bd_0_i/hls_inst/inst/sext_ln57_14_fu_1835_p1[53]
    SLICE_X33Y81         FDRE                                         r  bd_0_i/hls_inst/inst/gmem_addr_14_reg_3538_reg[53]/D
  -------------------------------------------------------------------    -------------------

                         (clock ap_clk rise edge)    15.000    15.000 r  
                                                      0.000    15.000 r  ap_clk (IN)
                         net (fo=33973, unset)        0.924    15.924    bd_0_i/hls_inst/inst/ap_clk
    SLICE_X33Y81         FDRE                                         r  bd_0_i/hls_inst/inst/gmem_addr_14_reg_3538_reg[53]/C
                         clock pessimism              0.000    15.924    
                         clock uncertainty           -0.035    15.889    
    SLICE_X33Y81         FDRE (Setup_fdre_C_D)        0.062    15.951    bd_0_i/hls_inst/inst/gmem_addr_14_reg_3538_reg[53]
  -------------------------------------------------------------------
                         required time                         15.951    
                         arrival time                         -13.926    
  -------------------------------------------------------------------
                         slack                                  2.025    

Slack (MET) :             2.046ns  (required time - arrival time)
  Source:                 bd_0_i/hls_inst/inst/zext_ln57_8_reg_3400_reg[7]/C
                            (rising edge-triggered cell FDRE clocked by ap_clk  {rise@0.000ns fall@7.500ns period=15.000ns})
  Destination:            bd_0_i/hls_inst/inst/gmem_addr_14_reg_3538_reg[55]/D
                            (rising edge-triggered cell FDRE clocked by ap_clk  {rise@0.000ns fall@7.500ns period=15.000ns})
  Path Group:             ap_clk
  Path Type:              Setup (Max at Slow Process Corner)
  Requirement:            15.000ns  (ap_clk rise@15.000ns - ap_clk rise@0.000ns)
  Data Path Delay:        12.932ns  (logic 2.773ns (21.444%)  route 10.159ns (78.556%))
  Logic Levels:           16  (CARRY4=15 LUT1=1)
  Clock Path Skew:        -0.049ns (DCD - SCD + CPR)
    Destination Clock Delay (DCD):    0.924ns = ( 15.924 - 15.000 ) 
    Source Clock Delay      (SCD):    0.973ns
    Clock Pessimism Removal (CPR):    0.000ns
  Clock Uncertainty:      0.035ns  ((TSJ^2 + TIJ^2)^1/2 + DJ) / 2 + PE
    Total System Jitter     (TSJ):    0.071ns
    Total Input Jitter      (TIJ):    0.000ns
    Discrete Jitter          (DJ):    0.000ns
    Phase Error              (PE):    0.000ns

    Location             Delay type                Incr(ns)  Path(ns)    Netlist Resource(s)
  -------------------------------------------------------------------    -------------------
                         (clock ap_clk rise edge)     0.000     0.000 r  
                                                      0.000     0.000 r  ap_clk (IN)
                         net (fo=33973, unset)        0.973     0.973    bd_0_i/hls_inst/inst/ap_clk
    SLICE_X1Y49          FDRE                                         r  bd_0_i/hls_inst/inst/zext_ln57_8_reg_3400_reg[7]/C
  -------------------------------------------------------------------    -------------------
    SLICE_X1Y49          FDRE (Prop_fdre_C_Q)         0.456     1.429 f  bd_0_i/hls_inst/inst/zext_ln57_8_reg_3400_reg[7]/Q
                         net (fo=137, routed)        10.150    11.579    bd_0_i/hls_inst/inst/zext_ln57_8_reg_3400_reg[4]
    SLICE_X33Y67         LUT1 (Prop_lut1_I0_O)        0.124    11.703 r  bd_0_i/hls_inst/inst/gmem_addr_14_reg_3538[3]_i_4/O
                         net (fo=1, routed)           0.000    11.703    bd_0_i/hls_inst/inst/gmem_addr_14_reg_3538[3]_i_4_n_2
    SLICE_X33Y67         CARRY4 (Prop_carry4_S[2]_CO[3])
                                                      0.398    12.101 r  bd_0_i/hls_inst/inst/gmem_addr_14_reg_3538_reg[3]_i_2/CO[3]
                         net (fo=1, routed)           0.000    12.101    bd_0_i/hls_inst/inst/gmem_addr_14_reg_3538_reg[3]_i_2_n_2
    SLICE_X33Y68         CARRY4 (Prop_carry4_CI_CO[3])
                                                      0.114    12.215 r  bd_0_i/hls_inst/inst/gmem_addr_14_reg_3538_reg[3]_i_1/CO[3]
                         net (fo=1, routed)           0.000    12.215    bd_0_i/hls_inst/inst/gmem_addr_14_reg_3538_reg[3]_i_1_n_2
    SLICE_X33Y69         CARRY4 (Prop_carry4_CI_CO[3])
                                                      0.114    12.329 r  bd_0_i/hls_inst/inst/gmem_addr_14_reg_3538_reg[7]_i_1/CO[3]
                         net (fo=1, routed)           0.000    12.329    bd_0_i/hls_inst/inst/gmem_addr_14_reg_3538_reg[7]_i_1_n_2
    SLICE_X33Y70         CARRY4 (Prop_carry4_CI_CO[3])
                                                      0.114    12.443 r  bd_0_i/hls_inst/inst/gmem_addr_14_reg_3538_reg[11]_i_1/CO[3]
                         net (fo=1, routed)           0.000    12.443    bd_0_i/hls_inst/inst/gmem_addr_14_reg_3538_reg[11]_i_1_n_2
    SLICE_X33Y71         CARRY4 (Prop_carry4_CI_CO[3])
                                                      0.114    12.557 r  bd_0_i/hls_inst/inst/gmem_addr_14_reg_3538_reg[15]_i_1/CO[3]
                         net (fo=1, routed)           0.000    12.557    bd_0_i/hls_inst/inst/gmem_addr_14_reg_3538_reg[15]_i_1_n_2
    SLICE_X33Y72         CARRY4 (Prop_carry4_CI_CO[3])
                                                      0.114    12.671 r  bd_0_i/hls_inst/inst/gmem_addr_14_reg_3538_reg[19]_i_1/CO[3]
                         net (fo=1, routed)           0.000    12.671    bd_0_i/hls_inst/inst/gmem_addr_14_reg_3538_reg[19]_i_1_n_2
    SLICE_X33Y73         CARRY4 (Prop_carry4_CI_CO[3])
                                                      0.114    12.785 r  bd_0_i/hls_inst/inst/gmem_addr_14_reg_3538_reg[23]_i_1/CO[3]
                         net (fo=1, routed)           0.000    12.785    bd_0_i/hls_inst/inst/gmem_addr_14_reg_3538_reg[23]_i_1_n_2
    SLICE_X33Y74         CARRY4 (Prop_carry4_CI_CO[3])
                                                      0.114    12.899 r  bd_0_i/hls_inst/inst/gmem_addr_14_reg_3538_reg[27]_i_1/CO[3]
                         net (fo=1, routed)           0.009    12.908    bd_0_i/hls_inst/inst/gmem_addr_14_reg_3538_reg[27]_i_1_n_2
    SLICE_X33Y75         CARRY4 (Prop_carry4_CI_CO[3])
                                                      0.114    13.022 r  bd_0_i/hls_inst/inst/gmem_addr_14_reg_3538_reg[31]_i_1/CO[3]
                         net (fo=1, routed)           0.000    13.022    bd_0_i/hls_inst/inst/gmem_addr_14_reg_3538_reg[31]_i_1_n_2
    SLICE_X33Y76         CARRY4 (Prop_carry4_CI_CO[3])
                                                      0.114    13.136 r  bd_0_i/hls_inst/inst/gmem_addr_14_reg_3538_reg[35]_i_1/CO[3]
                         net (fo=1, routed)           0.000    13.136    bd_0_i/hls_inst/inst/gmem_addr_14_reg_3538_reg[35]_i_1_n_2
    SLICE_X33Y77         CARRY4 (Prop_carry4_CI_CO[3])
                                                      0.114    13.250 r  bd_0_i/hls_inst/inst/gmem_addr_14_reg_3538_reg[39]_i_1/CO[3]
                         net (fo=1, routed)           0.000    13.250    bd_0_i/hls_inst/inst/gmem_addr_14_reg_3538_reg[39]_i_1_n_2
    SLICE_X33Y78         CARRY4 (Prop_carry4_CI_CO[3])
                                                      0.114    13.364 r  bd_0_i/hls_inst/inst/gmem_addr_14_reg_3538_reg[43]_i_1/CO[3]
                         net (fo=1, routed)           0.000    13.364    bd_0_i/hls_inst/inst/gmem_addr_14_reg_3538_reg[43]_i_1_n_2
    SLICE_X33Y79         CARRY4 (Prop_carry4_CI_CO[3])
                                                      0.114    13.478 r  bd_0_i/hls_inst/inst/gmem_addr_14_reg_3538_reg[47]_i_1/CO[3]
                         net (fo=1, routed)           0.000    13.478    bd_0_i/hls_inst/inst/gmem_addr_14_reg_3538_reg[47]_i_1_n_2
    SLICE_X33Y80         CARRY4 (Prop_carry4_CI_CO[3])
                                                      0.114    13.592 r  bd_0_i/hls_inst/inst/gmem_addr_14_reg_3538_reg[51]_i_1/CO[3]
                         net (fo=1, routed)           0.000    13.592    bd_0_i/hls_inst/inst/gmem_addr_14_reg_3538_reg[51]_i_1_n_2
    SLICE_X33Y81         CARRY4 (Prop_carry4_CI_O[3])
                                                      0.313    13.905 r  bd_0_i/hls_inst/inst/gmem_addr_14_reg_3538_reg[55]_i_1/O[3]
                         net (fo=1, routed)           0.000    13.905    bd_0_i/hls_inst/inst/sext_ln57_14_fu_1835_p1[55]
    SLICE_X33Y81         FDRE                                         r  bd_0_i/hls_inst/inst/gmem_addr_14_reg_3538_reg[55]/D
  -------------------------------------------------------------------    -------------------

                         (clock ap_clk rise edge)    15.000    15.000 r  
                                                      0.000    15.000 r  ap_clk (IN)
                         net (fo=33973, unset)        0.924    15.924    bd_0_i/hls_inst/inst/ap_clk
    SLICE_X33Y81         FDRE                                         r  bd_0_i/hls_inst/inst/gmem_addr_14_reg_3538_reg[55]/C
                         clock pessimism              0.000    15.924    
                         clock uncertainty           -0.035    15.889    
    SLICE_X33Y81         FDRE (Setup_fdre_C_D)        0.062    15.951    bd_0_i/hls_inst/inst/gmem_addr_14_reg_3538_reg[55]
  -------------------------------------------------------------------
                         required time                         15.951    
                         arrival time                         -13.905    
  -------------------------------------------------------------------
                         slack                                  2.046    

Slack (MET) :             2.053ns  (required time - arrival time)
  Source:                 bd_0_i/hls_inst/inst/zext_ln48_reg_3435_reg[4]_rep/C
                            (rising edge-triggered cell FDRE clocked by ap_clk  {rise@0.000ns fall@7.500ns period=15.000ns})
  Destination:            bd_0_i/hls_inst/inst/trunc_ln57_16_reg_3578_reg[8]/D
                            (rising edge-triggered cell FDRE clocked by ap_clk  {rise@0.000ns fall@7.500ns period=15.000ns})
  Path Group:             ap_clk
  Path Type:              Setup (Max at Slow Process Corner)
  Requirement:            15.000ns  (ap_clk rise@15.000ns - ap_clk rise@0.000ns)
  Data Path Delay:        12.895ns  (logic 0.580ns (4.498%)  route 12.315ns (95.502%))
  Logic Levels:           1  (LUT5=1)
  Clock Path Skew:        -0.049ns (DCD - SCD + CPR)
    Destination Clock Delay (DCD):    0.924ns = ( 15.924 - 15.000 ) 
    Source Clock Delay      (SCD):    0.973ns
    Clock Pessimism Removal (CPR):    0.000ns
  Clock Uncertainty:      0.035ns  ((TSJ^2 + TIJ^2)^1/2 + DJ) / 2 + PE
    Total System Jitter     (TSJ):    0.071ns
    Total Input Jitter      (TIJ):    0.000ns
    Discrete Jitter          (DJ):    0.000ns
    Phase Error              (PE):    0.000ns

    Location             Delay type                Incr(ns)  Path(ns)    Netlist Resource(s)
  -------------------------------------------------------------------    -------------------
                         (clock ap_clk rise edge)     0.000     0.000 r  
                                                      0.000     0.000 r  ap_clk (IN)
                         net (fo=33973, unset)        0.973     0.973    bd_0_i/hls_inst/inst/ap_clk
    SLICE_X33Y58         FDRE                                         r  bd_0_i/hls_inst/inst/zext_ln48_reg_3435_reg[4]_rep/C
  -------------------------------------------------------------------    -------------------
    SLICE_X33Y58         FDRE (Prop_fdre_C_Q)         0.456     1.429 r  bd_0_i/hls_inst/inst/zext_ln48_reg_3435_reg[4]_rep/Q
                         net (fo=768, routed)        12.315    13.744    bd_0_i/hls_inst/inst/zext_ln48_reg_3435_reg[4]_rep_n_2
    SLICE_X59Y4          LUT5 (Prop_lut5_I1_O)        0.124    13.868 r  bd_0_i/hls_inst/inst/trunc_ln57_16_reg_3578[8]_i_1/O
                         net (fo=1, routed)           0.000    13.868    bd_0_i/hls_inst/inst/trunc_ln57_16_fu_1904_p1[8]
    SLICE_X59Y4          FDRE                                         r  bd_0_i/hls_inst/inst/trunc_ln57_16_reg_3578_reg[8]/D
  -------------------------------------------------------------------    -------------------

                         (clock ap_clk rise edge)    15.000    15.000 r  
                                                      0.000    15.000 r  ap_clk (IN)
                         net (fo=33973, unset)        0.924    15.924    bd_0_i/hls_inst/inst/ap_clk
    SLICE_X59Y4          FDRE                                         r  bd_0_i/hls_inst/inst/trunc_ln57_16_reg_3578_reg[8]/C
                         clock pessimism              0.000    15.924    
                         clock uncertainty           -0.035    15.889    
    SLICE_X59Y4          FDRE (Setup_fdre_C_D)        0.032    15.921    bd_0_i/hls_inst/inst/trunc_ln57_16_reg_3578_reg[8]
  -------------------------------------------------------------------
                         required time                         15.921    
                         arrival time                         -13.868    
  -------------------------------------------------------------------
                         slack                                  2.053    




