Copyright 1986-2022 Xilinx, Inc. All Rights Reserved. Copyright 2022-2025 Advanced Micro Devices, Inc. All Rights Reserved.
---------------------------------------------------------------------------------------------------------------------------------------------
| Tool Version : Vivado v.2025.1 (win64) Build 6140274 Thu May 22 00:12:29 MDT 2025
| Date         : Fri Apr 10 16:42:10 2026
| Host         : LAPTOP-L6H807T2 running 64-bit major release  (build 9200)
| Command      : report_timing_summary -file ./report/MM_timing_routed.rpt
| Design       : bd_0_wrapper
| Device       : 7z020-clg400
| Speed File   : -1  PRODUCTION 1.12 2019-11-22
| Design State : Routed
---------------------------------------------------------------------------------------------------------------------------------------------

Timing Summary Report

------------------------------------------------------------------------------------------------
| Timer Settings
| --------------
------------------------------------------------------------------------------------------------

  Enable Multi Corner Analysis               :  Yes
  Enable Pessimism Removal                   :  Yes
  Pessimism Removal Resolution               :  Nearest Common Node
  Enable Input Delay Default Clock           :  No
  Enable Preset / Clear Arcs                 :  No
  Disable Flight Delays                      :  No
  Ignore I/O Paths                           :  No
  Timing Early Launch at Borrowing Latches   :  No
  Borrow Time for Max Delay Exceptions       :  Yes
  Merge Timing Exceptions                    :  Yes
  Inter-SLR Compensation                     :  Conservative

  Corner  Analyze    Analyze    
  Name    Max Paths  Min Paths  
  ------  ---------  ---------  
  Slow    Yes        Yes        
  Fast    Yes        Yes        


------------------------------------------------------------------------------------------------
| Report Methodology
| ------------------
------------------------------------------------------------------------------------------------

Rule       Severity  Description                    Violations  
---------  --------  -----------------------------  ----------  
TIMING-18  Warning   Missing input or output delay  1000        

Note: This report is based on the most recent report_methodology run and may not be up-to-date. Run report_methodology on the current design for the latest report.



check_timing report

Table of Contents
-----------------
1. checking no_clock (0)
2. checking constant_clock (0)
3. checking pulse_width_clock (0)
4. checking unconstrained_internal_endpoints (0)
5. checking no_input_delay (572)
6. checking no_output_delay (744)
7. checking multiple_clock (0)
8. checking generated_clocks (0)
9. checking loops (0)
10. checking partial_input_delay (0)
11. checking partial_output_delay (0)
12. checking latch_loops (0)

1. checking no_clock (0)
------------------------
 There are 0 register/latch pins with no clock.


2. checking constant_clock (0)
------------------------------
 There are 0 register/latch pins with constant_clock.


3. checking pulse_width_clock (0)
---------------------------------
 There are 0 register/latch pins which need pulse_width check


4. checking unconstrained_internal_endpoints (0)
------------------------------------------------
 There are 0 pins that are not constrained for maximum delay.

 There are 0 pins that are not constrained for maximum delay due to constant clock.


5. checking no_input_delay (572)
--------------------------------
 There are 572 input ports with no input delay specified. (HIGH)

 There are 0 input ports with no input delay but user has a false path constraint.


6. checking no_output_delay (744)
---------------------------------
 There are 744 ports with no output delay specified. (HIGH)

 There are 0 ports with no output delay but user has a false path constraint

 There are 0 ports with no output delay but with a timing clock defined on it or propagating through it


7. checking multiple_clock (0)
------------------------------
 There are 0 register/latch pins with multiple clocks.


8. checking generated_clocks (0)
--------------------------------
 There are 0 generated clocks that are not connected to a clock source.


9. checking loops (0)
---------------------
 There are 0 combinational loops in the design.


10. checking partial_input_delay (0)
------------------------------------
 There are 0 input ports with partial input delay specified.


11. checking partial_output_delay (0)
-------------------------------------
 There are 0 ports with partial output delay specified.


12. checking latch_loops (0)
----------------------------
 There are 0 combinational latch loops in the design through latch input



------------------------------------------------------------------------------------------------
| Design Timing Summary
| ---------------------
------------------------------------------------------------------------------------------------

    WNS(ns)      TNS(ns)  TNS Failing Endpoints  TNS Total Endpoints      WHS(ns)      THS(ns)  THS Failing Endpoints  THS Total Endpoints     WPWS(ns)     TPWS(ns)  TPWS Failing Endpoints  TPWS Total Endpoints  
    -------      -------  ---------------------  -------------------      -------      -------  ---------------------  -------------------     --------     --------  ----------------------  --------------------  
      1.802        0.000                      0                55885        0.064        0.000                      0                55885        6.520        0.000                       0                 20399  


All user specified timing constraints are met.


------------------------------------------------------------------------------------------------
| Clock Summary
| -------------
------------------------------------------------------------------------------------------------

Clock   Waveform(ns)       Period(ns)      Frequency(MHz)
-----   ------------       ----------      --------------
ap_clk  {0.000 7.500}      15.000          66.667          


------------------------------------------------------------------------------------------------
| Intra Clock Table
| -----------------
------------------------------------------------------------------------------------------------

Clock             WNS(ns)      TNS(ns)  TNS Failing Endpoints  TNS Total Endpoints      WHS(ns)      THS(ns)  THS Failing Endpoints  THS Total Endpoints     WPWS(ns)     TPWS(ns)  TPWS Failing Endpoints  TPWS Total Endpoints  
-----             -------      -------  ---------------------  -------------------      -------      -------  ---------------------  -------------------     --------     --------  ----------------------  --------------------  
ap_clk              1.802        0.000                      0                55885        0.064        0.000                      0                55885        6.520        0.000                       0                 20399  


------------------------------------------------------------------------------------------------
| Inter Clock Table
| -----------------
------------------------------------------------------------------------------------------------

From Clock    To Clock          WNS(ns)      TNS(ns)  TNS Failing Endpoints  TNS Total Endpoints      WHS(ns)      THS(ns)  THS Failing Endpoints  THS Total Endpoints  
----------    --------          -------      -------  ---------------------  -------------------      -------      -------  ---------------------  -------------------  


------------------------------------------------------------------------------------------------
| Other Path Groups Table
| -----------------------
------------------------------------------------------------------------------------------------

Path Group    From Clock    To Clock          WNS(ns)      TNS(ns)  TNS Failing Endpoints  TNS Total Endpoints      WHS(ns)      THS(ns)  THS Failing Endpoints  THS Total Endpoints  
----------    ----------    --------          -------      -------  ---------------------  -------------------      -------      -------  ---------------------  -------------------  


------------------------------------------------------------------------------------------------
| Timing Details
| --------------
------------------------------------------------------------------------------------------------


---------------------------------------------------------------------------------------------------
From Clock:  ap_clk
  To Clock:  ap_clk

Setup :            0  Failing Endpoints,  Worst Slack        1.802ns,  Total Violation        0.000ns
Hold  :            0  Failing Endpoints,  Worst Slack        0.064ns,  Total Violation        0.000ns
PW    :            0  Failing Endpoints,  Worst Slack        6.520ns,  Total Violation        0.000ns
---------------------------------------------------------------------------------------------------


Max Delay Paths
--------------------------------------------------------------------------------------
Slack (MET) :             1.802ns  (required time - arrival time)
  Source:                 bd_0_i/hls_inst/inst/Block_entry_gmem_rd_proc_U0/grp_computeTiles_fu_159/ap_CS_fsm_reg[26]/C
                            (rising edge-triggered cell FDRE clocked by ap_clk  {rise@0.000ns fall@7.500ns period=15.000ns})
  Destination:            bd_0_i/hls_inst/inst/Block_entry_gmem_rd_proc_U0/grp_computeTiles_fu_159/thr_or2_reg_2562_reg[511]/CE
                            (rising edge-triggered cell FDRE clocked by ap_clk  {rise@0.000ns fall@7.500ns period=15.000ns})
  Path Group:             ap_clk
  Path Type:              Setup (Max at Slow Process Corner)
  Requirement:            15.000ns  (ap_clk rise@15.000ns - ap_clk rise@0.000ns)
  Data Path Delay:        12.909ns  (logic 0.456ns (3.533%)  route 12.453ns (96.467%))
  Logic Levels:           0  
  Clock Path Skew:        -0.049ns (DCD - SCD + CPR)
    Destination Clock Delay (DCD):    0.924ns = ( 15.924 - 15.000 ) 
    Source Clock Delay      (SCD):    0.973ns
    Clock Pessimism Removal (CPR):    0.000ns
  Clock Uncertainty:      0.035ns  ((TSJ^2 + TIJ^2)^1/2 + DJ) / 2 + PE
    Total System Jitter     (TSJ):    0.071ns
    Total Input Jitter      (TIJ):    0.000ns
    Discrete Jitter          (DJ):    0.000ns
    Phase Error              (PE):    0.000ns

    Location             Delay type                Incr(ns)  Path(ns)    Netlist Resource(s)
  -------------------------------------------------------------------    -------------------
                         (clock ap_clk rise edge)     0.000     0.000 r  
                                                      0.000     0.000 r  ap_clk (IN)
                         net (fo=20407, unset)        0.973     0.973    bd_0_i/hls_inst/inst/Block_entry_gmem_rd_proc_U0/grp_computeTiles_fu_159/ap_clk
    SLICE_X64Y24         FDRE                                         r  bd_0_i/hls_inst/inst/Block_entry_gmem_rd_proc_U0/grp_computeTiles_fu_159/ap_CS_fsm_reg[26]/C
  -------------------------------------------------------------------    -------------------
    SLICE_X64Y24         FDRE (Prop_fdre_C_Q)         0.456     1.429 r  bd_0_i/hls_inst/inst/Block_entry_gmem_rd_proc_U0/grp_computeTiles_fu_159/ap_CS_fsm_reg[26]/Q
                         net (fo=514, routed)        12.453    13.882    bd_0_i/hls_inst/inst/Block_entry_gmem_rd_proc_U0/grp_computeTiles_fu_159/ap_CS_fsm_state27
    SLICE_X29Y97         FDRE                                         r  bd_0_i/hls_inst/inst/Block_entry_gmem_rd_proc_U0/grp_computeTiles_fu_159/thr_or2_reg_2562_reg[511]/CE
  -------------------------------------------------------------------    -------------------

                         (clock ap_clk rise edge)    15.000    15.000 r  
                                                      0.000    15.000 r  ap_clk (IN)
                         net (fo=20407, unset)        0.924    15.924    bd_0_i/hls_inst/inst/Block_entry_gmem_rd_proc_U0/grp_computeTiles_fu_159/ap_clk
    SLICE_X29Y97         FDRE                                         r  bd_0_i/hls_inst/inst/Block_entry_gmem_rd_proc_U0/grp_computeTiles_fu_159/thr_or2_reg_2562_reg[511]/C
                         clock pessimism              0.000    15.924    
                         clock uncertainty           -0.035    15.889    
    SLICE_X29Y97         FDRE (Setup_fdre_C_CE)      -0.205    15.684    bd_0_i/hls_inst/inst/Block_entry_gmem_rd_proc_U0/grp_computeTiles_fu_159/thr_or2_reg_2562_reg[511]
  -------------------------------------------------------------------
                         required time                         15.684    
                         arrival time                         -13.882    
  -------------------------------------------------------------------
                         slack                                  1.802    





Min Delay Paths
--------------------------------------------------------------------------------------
Slack (MET) :             0.064ns  (arrival time - required time)
  Source:                 bd_0_i/hls_inst/inst/gmem_m_axi_U/bus_write/wreq_burst_conv/burst_sequential/could_multi_bursts.burst_addr_reg[21]/C
                            (rising edge-triggered cell FDRE clocked by ap_clk  {rise@0.000ns fall@7.500ns period=15.000ns})
  Destination:            bd_0_i/hls_inst/inst/gmem_m_axi_U/bus_write/wreq_throttle/fifo_burst_gen[0].fifo_req/U_fifo_srl/mem_reg[14][21]_srl15/D
                            (rising edge-triggered cell SRL16E clocked by ap_clk  {rise@0.000ns fall@7.500ns period=15.000ns})
  Path Group:             ap_clk
  Path Type:              Hold (Min at Fast Process Corner)
  Requirement:            0.000ns  (ap_clk rise@0.000ns - ap_clk rise@0.000ns)
  Data Path Delay:        0.269ns  (logic 0.141ns (52.501%)  route 0.128ns (47.499%))
  Logic Levels:           0  
  Clock Path Skew:        0.022ns (DCD - SCD - CPR)
    Destination Clock Delay (DCD):    0.432ns
    Source Clock Delay      (SCD):    0.410ns
    Clock Pessimism Removal (CPR):    -0.000ns

    Location             Delay type                Incr(ns)  Path(ns)    Netlist Resource(s)
  -------------------------------------------------------------------    -------------------
                         (clock ap_clk rise edge)     0.000     0.000 r  
                                                      0.000     0.000 r  ap_clk (IN)
                         net (fo=20407, unset)        0.410     0.410    bd_0_i/hls_inst/inst/gmem_m_axi_U/bus_write/wreq_burst_conv/burst_sequential/ap_clk
    SLICE_X80Y4          FDRE                                         r  bd_0_i/hls_inst/inst/gmem_m_axi_U/bus_write/wreq_burst_conv/burst_sequential/could_multi_bursts.burst_addr_reg[21]/C
  -------------------------------------------------------------------    -------------------
    SLICE_X80Y4          FDRE (Prop_fdre_C_Q)         0.141     0.551 r  bd_0_i/hls_inst/inst/gmem_m_axi_U/bus_write/wreq_burst_conv/burst_sequential/could_multi_bursts.burst_addr_reg[21]/Q
                         net (fo=2, routed)           0.128     0.679    bd_0_i/hls_inst/inst/gmem_m_axi_U/bus_write/wreq_throttle/fifo_burst_gen[0].fifo_req/U_fifo_srl/in[15]
    SLICE_X82Y3          SRL16E                                       r  bd_0_i/hls_inst/inst/gmem_m_axi_U/bus_write/wreq_throttle/fifo_burst_gen[0].fifo_req/U_fifo_srl/mem_reg[14][21]_srl15/D
  -------------------------------------------------------------------    -------------------

                         (clock ap_clk rise edge)     0.000     0.000 r  
                                                      0.000     0.000 r  ap_clk (IN)
                         net (fo=20407, unset)        0.432     0.432    bd_0_i/hls_inst/inst/gmem_m_axi_U/bus_write/wreq_throttle/fifo_burst_gen[0].fifo_req/U_fifo_srl/ap_clk
    SLICE_X82Y3          SRL16E                                       r  bd_0_i/hls_inst/inst/gmem_m_axi_U/bus_write/wreq_throttle/fifo_burst_gen[0].fifo_req/U_fifo_srl/mem_reg[14][21]_srl15/CLK
                         clock pessimism              0.000     0.432    
    SLICE_X82Y3          SRL16E (Hold_srl16e_CLK_D)
                                                      0.183     0.615    bd_0_i/hls_inst/inst/gmem_m_axi_U/bus_write/wreq_throttle/fifo_burst_gen[0].fifo_req/U_fifo_srl/mem_reg[14][21]_srl15
  -------------------------------------------------------------------
                         required time                         -0.615    
                         arrival time                           0.679    
  -------------------------------------------------------------------
                         slack                                  0.064    





Pulse Width Checks
--------------------------------------------------------------------------------------
Clock Name:         ap_clk
Waveform(ns):       { 0.000 7.500 }
Period(ns):         15.000
Sources:            { ap_clk }

Check Type        Corner  Lib Pin      Reference Pin  Required(ns)  Actual(ns)  Slack(ns)  Location      Pin
Min Period        n/a     DSP48E1/CLK  n/a            3.884         15.000      11.116     DSP48_X2Y44   bd_0_i/hls_inst/inst/Block_entry_gmem_rd_proc_U0/grp_computeTiles_fu_159/grp_computeTiles_Pipeline_k_BLOCK_loop_k_loop_i_loop_fu_283/mul_ln92_10_reg_5274_reg/CLK
Low Pulse Width   Slow    SRL16E/CLK   n/a            0.980         7.500       6.520      SLICE_X66Y25  bd_0_i/hls_inst/inst/bus_read/ost_ctrl_gen[0].fifo_burst/U_fifo_srl/mem_reg[14][0]_srl15/CLK
High Pulse Width  Slow    SRL16E/CLK   n/a            0.980         7.500       6.520      SLICE_X66Y25  bd_0_i/hls_inst/inst/bus_read/ost_ctrl_gen[0].fifo_burst/U_fifo_srl/mem_reg[14][0]_srl15/CLK



