Copyright 1986-2022 Xilinx, Inc. All Rights Reserved. Copyright 2022-2025 Advanced Micro Devices, Inc. All Rights Reserved.
---------------------------------------------------------------------------------------------------------------------------------------------
| Tool Version : Vivado v.2025.1 (win64) Build 6140274 Thu May 22 00:12:29 MDT 2025
| Date         : Thu Apr  9 09:50:53 2026
| Host         : LAPTOP-L6H807T2 running 64-bit major release  (build 9200)
| Command      : report_utilization -hierarchical -hierarchical_depth 7 -file ./report/MM_utilization_hierarchical_routed.rpt
| Design       : bd_0_wrapper
| Device       : xc7z020clg400-1
| Speed File   : -1
| Design State : Routed
---------------------------------------------------------------------------------------------------------------------------------------------

Utilization Design Information

Table of Contents
-----------------
1. Utilization by Hierarchy

1. Utilization by Hierarchy
---------------------------

+--------------------------------------------------------------------------------------------+---------------------------------------------------------------------------------------+------------+------------+---------+------+-------+--------+--------+------------+
|                                          Instance                                          |                                         Module                                        | Total LUTs | Logic LUTs | LUTRAMs | SRLs |  FFs  | RAMB36 | RAMB18 | DSP Blocks |
+--------------------------------------------------------------------------------------------+---------------------------------------------------------------------------------------+------------+------------+---------+------+-------+--------+--------+------------+
| bd_0_wrapper                                                                               |                                                                                 (top) |      12012 |      11236 |       0 |  776 | 19277 |     35 |      6 |         81 |
|   bd_0_i                                                                                   |                                                                                  bd_0 |      12012 |      11236 |       0 |  776 | 19277 |     35 |      6 |         81 |
|     hls_inst                                                                               |                                                                       bd_0_hls_inst_0 |      12012 |      11236 |       0 |  776 | 19277 |     35 |      6 |         81 |
|       inst                                                                                 |                                                                    bd_0_hls_inst_0_MM |      12012 |      11236 |       0 |  776 | 19277 |     35 |      6 |         81 |
|         writeTiles_U0                                                                      |                                                         bd_0_hls_inst_0_MM_writeTiles |        466 |        465 |       0 |    1 |   516 |      0 |      0 |          7 |
|           (writeTiles_U0)                                                                  |                                                         bd_0_hls_inst_0_MM_writeTiles |        136 |        136 |       0 |    0 |   213 |      0 |      0 |          2 |
|           grp_writeTiles_Pipeline_i_BLOCK_loop_j_BLOCK_loop_j_output_loop_fu_78            |        bd_0_hls_inst_0_MM_writeTiles_Pipeline_i_BLOCK_loop_j_BLOCK_loop_j_output_loop |        255 |        254 |       0 |    1 |   303 |      0 |      0 |          3 |
|             (grp_writeTiles_Pipeline_i_BLOCK_loop_j_BLOCK_loop_j_output_loop_fu_78)        |        bd_0_hls_inst_0_MM_writeTiles_Pipeline_i_BLOCK_loop_j_BLOCK_loop_j_output_loop |        190 |        189 |       0 |    1 |   301 |      0 |      0 |          1 |
|             mul_32s_32s_32_1_1_U135                                                        |                                                 bd_0_hls_inst_0_MM_mul_32s_32s_32_1_1 |         58 |         58 |       0 |    0 |     0 |      0 |      0 |          2 |
|           mul_27ns_31ns_58_1_1_U142                                                        |                                               bd_0_hls_inst_0_MM_mul_27ns_31ns_58_1_1 |         76 |         76 |       0 |    0 |     0 |      0 |      0 |          2 |
|         N_c_U                                                                              |                                                      bd_0_hls_inst_0_MM_fifo_w32_d2_S |         24 |         24 |       0 |    0 |    70 |      0 |      0 |          0 |
|           U_MM_fifo_w32_d2_S_ShiftReg                                                      |                                          bd_0_hls_inst_0_MM_fifo_w32_d2_S_ShiftReg_33 |         17 |         17 |       0 |    0 |    64 |      0 |      0 |          0 |
|         P_c_U                                                                              |                                                    bd_0_hls_inst_0_MM_fifo_w32_d2_S_2 |         40 |         40 |       0 |    0 |    70 |      0 |      0 |          0 |
|           U_MM_fifo_w32_d2_S_ShiftReg                                                      |                                             bd_0_hls_inst_0_MM_fifo_w32_d2_S_ShiftReg |         33 |         33 |       0 |    0 |    64 |      0 |      0 |          0 |
|         computeTiles_U0                                                                    |                                                       bd_0_hls_inst_0_MM_computeTiles |       5738 |       5737 |       0 |    1 | 10475 |      0 |      0 |         48 |
|           (computeTiles_U0)                                                                |                                                       bd_0_hls_inst_0_MM_computeTiles |         70 |         70 |       0 |    0 |  1381 |      0 |      0 |          0 |
|           grp_computeTiles_Pipeline_j_output_loop_fu_284                                   |                                bd_0_hls_inst_0_MM_computeTiles_Pipeline_j_output_loop |         37 |         37 |       0 |    0 |   520 |      0 |      0 |          0 |
|             (grp_computeTiles_Pipeline_j_output_loop_fu_284)                               |                                bd_0_hls_inst_0_MM_computeTiles_Pipeline_j_output_loop |          0 |          0 |       0 |    0 |   518 |      0 |      0 |          0 |
|           grp_computeTiles_Pipeline_k_BLOCK_loop_k_loop_i_loop_fu_243                      |                   bd_0_hls_inst_0_MM_computeTiles_Pipeline_k_BLOCK_loop_k_loop_i_loop |       5631 |       5630 |       0 |    1 |  8574 |      0 |      0 |         48 |
|             (grp_computeTiles_Pipeline_k_BLOCK_loop_k_loop_i_loop_fu_243)                  |                   bd_0_hls_inst_0_MM_computeTiles_Pipeline_k_BLOCK_loop_k_loop_i_loop |       5333 |       5332 |       0 |    1 |  8563 |      0 |      0 |         16 |
|             flow_control_loop_pipe_sequential_init_U                                       |                          bd_0_hls_inst_0_MM_flow_control_loop_pipe_sequential_init_15 |        267 |        267 |       0 |    0 |    11 |      0 |      0 |          0 |
|         control_s_axi_U                                                                    |                                                      bd_0_hls_inst_0_MM_control_s_axi |       1244 |       1244 |       0 |    0 |   408 |      0 |      0 |          0 |
|         gmem0_m_axi_U                                                                      |                                                        bd_0_hls_inst_0_MM_gmem0_m_axi |        920 |        889 |       0 |   31 |  1672 |      7 |      1 |          0 |
|           bus_read                                                                         |                                                   bd_0_hls_inst_0_MM_gmem0_m_axi_read |        818 |        818 |       0 |    0 |  1500 |      0 |      0 |          0 |
|             rreq_burst_conv                                                                |                                        bd_0_hls_inst_0_MM_gmem0_m_axi_burst_converter |        257 |        257 |       0 |    0 |   428 |      0 |      0 |          0 |
|               burst_sequential                                                             |                                       bd_0_hls_inst_0_MM_gmem0_m_axi_burst_sequential |        257 |        257 |       0 |    0 |   428 |      0 |      0 |          0 |
|             rs_rdata                                                                       |                              bd_0_hls_inst_0_MM_gmem0_m_axi_reg_slice__parameterized0 |        525 |        525 |       0 |    0 |  1041 |      0 |      0 |          0 |
|           load_unit_0                                                                      |                                                   bd_0_hls_inst_0_MM_gmem0_m_axi_load |        103 |         72 |       0 |   31 |   172 |      7 |      1 |          0 |
|             (load_unit_0)                                                                  |                                                   bd_0_hls_inst_0_MM_gmem0_m_axi_load |          1 |          1 |       0 |    0 |    62 |      0 |      0 |          0 |
|             buff_rdata                                                                     |                                   bd_0_hls_inst_0_MM_gmem0_m_axi_fifo__parameterized0 |         53 |         53 |       0 |    0 |    37 |      7 |      1 |          0 |
|             fifo_rreq                                                                      |                                                   bd_0_hls_inst_0_MM_gmem0_m_axi_fifo |         50 |         19 |       0 |   31 |    73 |      0 |      0 |          0 |
|               U_fifo_srl                                                                   |                                                    bd_0_hls_inst_0_MM_gmem0_m_axi_srl |         34 |          3 |       0 |   31 |    59 |      0 |      0 |          0 |
|         gmem1_m_axi_U                                                                      |                                                        bd_0_hls_inst_0_MM_gmem1_m_axi |        922 |        891 |       0 |   31 |  1672 |      7 |      1 |          0 |
|           bus_read                                                                         |                                                   bd_0_hls_inst_0_MM_gmem1_m_axi_read |        819 |        819 |       0 |    0 |  1500 |      0 |      0 |          0 |
|             rreq_burst_conv                                                                |                                        bd_0_hls_inst_0_MM_gmem1_m_axi_burst_converter |        258 |        258 |       0 |    0 |   428 |      0 |      0 |          0 |
|               burst_sequential                                                             |                                       bd_0_hls_inst_0_MM_gmem1_m_axi_burst_sequential |        258 |        258 |       0 |    0 |   428 |      0 |      0 |          0 |
|             rs_rdata                                                                       |                              bd_0_hls_inst_0_MM_gmem1_m_axi_reg_slice__parameterized0 |        525 |        525 |       0 |    0 |  1041 |      0 |      0 |          0 |
|           load_unit_0                                                                      |                                                   bd_0_hls_inst_0_MM_gmem1_m_axi_load |        104 |         73 |       0 |   31 |   172 |      7 |      1 |          0 |
|             (load_unit_0)                                                                  |                                                   bd_0_hls_inst_0_MM_gmem1_m_axi_load |          1 |          1 |       0 |    0 |    62 |      0 |      0 |          0 |
|             buff_rdata                                                                     |                                   bd_0_hls_inst_0_MM_gmem1_m_axi_fifo__parameterized0 |         54 |         54 |       0 |    0 |    37 |      7 |      1 |          0 |
|             fifo_rreq                                                                      |                                                   bd_0_hls_inst_0_MM_gmem1_m_axi_fifo |         50 |         19 |       0 |   31 |    73 |      0 |      0 |          0 |
|               U_fifo_srl                                                                   |                                                    bd_0_hls_inst_0_MM_gmem1_m_axi_srl |         34 |          3 |       0 |   31 |    59 |      0 |      0 |          0 |
|         gmem2_m_axi_U                                                                      |                                                        bd_0_hls_inst_0_MM_gmem2_m_axi |        472 |        439 |       0 |   33 |   742 |      0 |      1 |          0 |
|           load_unit_0                                                                      |                                                   bd_0_hls_inst_0_MM_gmem2_m_axi_load |        107 |         74 |       0 |   33 |   180 |      0 |      1 |          0 |
|             (load_unit_0)                                                                  |                                                   bd_0_hls_inst_0_MM_gmem2_m_axi_load |          1 |          1 |       0 |    0 |    66 |      0 |      0 |          0 |
|             buff_rdata                                                                     |                                   bd_0_hls_inst_0_MM_gmem2_m_axi_fifo__parameterized0 |         55 |         55 |       0 |    0 |    37 |      0 |      1 |          0 |
|               (buff_rdata)                                                                 |                                   bd_0_hls_inst_0_MM_gmem2_m_axi_fifo__parameterized0 |         53 |         53 |       0 |    0 |    37 |      0 |      0 |          0 |
|             fifo_rreq                                                                      |                                                   bd_0_hls_inst_0_MM_gmem2_m_axi_fifo |         52 |         19 |       0 |   33 |    77 |      0 |      0 |          0 |
|               U_fifo_srl                                                                   |                                                    bd_0_hls_inst_0_MM_gmem2_m_axi_srl |         36 |          3 |       0 |   33 |    63 |      0 |      0 |          0 |
|           bus_read                                                                         |                                                   bd_0_hls_inst_0_MM_gmem2_m_axi_read |        366 |        366 |       0 |    0 |   562 |      0 |      0 |          0 |
|             rreq_burst_conv                                                                |                                        bd_0_hls_inst_0_MM_gmem2_m_axi_burst_converter |        291 |        291 |       0 |    0 |   460 |      0 |      0 |          0 |
|               burst_sequential                                                             |                                       bd_0_hls_inst_0_MM_gmem2_m_axi_burst_sequential |        291 |        291 |       0 |    0 |   460 |      0 |      0 |          0 |
|             rs_rdata                                                                       |                              bd_0_hls_inst_0_MM_gmem2_m_axi_reg_slice__parameterized0 |         39 |         39 |       0 |    0 |    71 |      0 |      0 |          0 |
|         gmem3_m_axi_U                                                                      |                                                        bd_0_hls_inst_0_MM_gmem3_m_axi |       1152 |        509 |       0 |  643 |  2046 |      0 |      0 |          0 |
|           bus_write                                                                        |                                                  bd_0_hls_inst_0_MM_gmem3_m_axi_write |        429 |        398 |       0 |   31 |  1255 |      0 |      0 |          0 |
|             wreq_burst_conv                                                                |                                        bd_0_hls_inst_0_MM_gmem3_m_axi_burst_converter |        256 |        256 |       0 |    0 |   428 |      0 |      0 |          0 |
|               burst_sequential                                                             |                                       bd_0_hls_inst_0_MM_gmem3_m_axi_burst_sequential |        256 |        256 |       0 |    0 |   428 |      0 |      0 |          0 |
|             wreq_throttle                                                                  |                                               bd_0_hls_inst_0_MM_gmem3_m_axi_throttle |        145 |        115 |       0 |   30 |   804 |      0 |      0 |          0 |
|               (wreq_throttle)                                                              |                                               bd_0_hls_inst_0_MM_gmem3_m_axi_throttle |          6 |          6 |       0 |    0 |   587 |      0 |      0 |          0 |
|               fifo_burst_gen[0].fifo_req                                                   |                                   bd_0_hls_inst_0_MM_gmem3_m_axi_fifo__parameterized4 |         51 |         21 |       0 |   30 |    75 |      0 |      0 |          0 |
|               rs_req                                                                       |                              bd_0_hls_inst_0_MM_gmem3_m_axi_reg_slice__parameterized1 |         71 |         71 |       0 |    0 |   129 |      0 |      0 |          0 |
|           store_unit_0                                                                     |                                                  bd_0_hls_inst_0_MM_gmem3_m_axi_store |        724 |        112 |       0 |  612 |   791 |      0 |      0 |          0 |
|             (store_unit_0)                                                                 |                                                  bd_0_hls_inst_0_MM_gmem3_m_axi_store |          2 |          2 |       0 |    0 |    74 |      0 |      0 |          0 |
|             buff_wdata                                                                     |                                   bd_0_hls_inst_0_MM_gmem3_m_axi_fifo__parameterized1 |        601 |         25 |       0 |  576 |   599 |      0 |      0 |          0 |
|               U_fifo_srl                                                                   |                                    bd_0_hls_inst_0_MM_gmem3_m_axi_srl__parameterized1 |        577 |          1 |       0 |  576 |   576 |      0 |      0 |          0 |
|             fifo_wreq                                                                      |                                   bd_0_hls_inst_0_MM_gmem3_m_axi_fifo__parameterized0 |         45 |         14 |       0 |   31 |    70 |      0 |      0 |          0 |
|               U_fifo_srl                                                                   |                                    bd_0_hls_inst_0_MM_gmem3_m_axi_srl__parameterized0 |         35 |          4 |       0 |   31 |    59 |      0 |      0 |          0 |
|         readAtTiles_U0                                                                     |                                                        bd_0_hls_inst_0_MM_readAtTiles |        433 |        432 |       0 |    1 |   756 |      0 |      0 |         13 |
|           (readAtTiles_U0)                                                                 |                                                        bd_0_hls_inst_0_MM_readAtTiles |          2 |          2 |       0 |    0 |   239 |      0 |      0 |          2 |
|           grp_readAtTiles_Pipeline_i_BLOCK_loop_j_BLOCK_loop_k_BLOCK_loop_k_loop_fu_78     | bd_0_hls_inst_0_MM_readAtTiles_Pipeline_i_BLOCK_loop_j_BLOCK_loop_k_BLOCK_loop_k_loop |        305 |        304 |       0 |    1 |   466 |      0 |      0 |          3 |
|             (grp_readAtTiles_Pipeline_i_BLOCK_loop_j_BLOCK_loop_k_BLOCK_loop_k_loop_fu_78) | bd_0_hls_inst_0_MM_readAtTiles_Pipeline_i_BLOCK_loop_j_BLOCK_loop_k_BLOCK_loop_k_loop |        227 |        226 |       0 |    1 |   464 |      0 |      0 |          1 |
|             mul_32s_32s_32_1_1_U3                                                          |                                               bd_0_hls_inst_0_MM_mul_32s_32s_32_1_1_9 |         66 |         66 |       0 |    0 |     0 |      0 |      0 |          2 |
|           mul_27ns_58ns_85_2_1_U14                                                         |                                             bd_0_hls_inst_0_MM_mul_27ns_58ns_85_2_1_7 |         85 |         85 |       0 |    0 |    51 |      0 |      0 |          6 |
|         readBTiles_U0                                                                      |                                                         bd_0_hls_inst_0_MM_readBTiles |        460 |        459 |       0 |    1 |   758 |      0 |      0 |         13 |
|           (readBTiles_U0)                                                                  |                                                         bd_0_hls_inst_0_MM_readBTiles |          2 |          2 |       0 |    0 |   239 |      0 |      0 |          2 |
|           grp_readBTiles_Pipeline_i_BLOCK_loop_j_BLOCK_loop_k_BLOCK_loop_k_loop_fu_78      |  bd_0_hls_inst_0_MM_readBTiles_Pipeline_i_BLOCK_loop_j_BLOCK_loop_k_BLOCK_loop_k_loop |        332 |        331 |       0 |    1 |   468 |      0 |      0 |          3 |
|             (grp_readBTiles_Pipeline_i_BLOCK_loop_j_BLOCK_loop_k_BLOCK_loop_k_loop_fu_78)  |  bd_0_hls_inst_0_MM_readBTiles_Pipeline_i_BLOCK_loop_j_BLOCK_loop_k_BLOCK_loop_k_loop |        253 |        252 |       0 |    1 |   466 |      0 |      0 |          1 |
|             mul_32s_32s_32_1_1_U23                                                         |                                               bd_0_hls_inst_0_MM_mul_32s_32s_32_1_1_5 |         66 |         66 |       0 |    0 |     0 |      0 |      0 |          2 |
|           mul_27ns_58ns_85_2_1_U33                                                         |                                               bd_0_hls_inst_0_MM_mul_27ns_58ns_85_2_1 |         85 |         85 |       0 |    0 |    51 |      0 |      0 |          6 |
+--------------------------------------------------------------------------------------------+---------------------------------------------------------------------------------------+------------+------------+---------+------+-------+--------+--------+------------+
* Note: The sum of lower-level cells may be larger than their parent cells total, due to cross-hierarchy LUT combining


