Copyright 1986-2022 Xilinx, Inc. All Rights Reserved. Copyright 2022-2025 Advanced Micro Devices, Inc. All Rights Reserved.
---------------------------------------------------------------------------------------------------------------------------------------------
| Tool Version : Vivado v.2025.1 (win64) Build 6140274 Thu May 22 00:12:29 MDT 2025
| Date         : Mon Apr  6 21:45:47 2026
| Host         : LAPTOP-L6H807T2 running 64-bit major release  (build 9200)
| Command      : report_utilization -hierarchical -hierarchical_depth 5 -file ./report/MM_utilization_hierarchical_synth.rpt
| Design       : bd_0_wrapper
| Device       : xc7z020clg400-1
| Speed File   : -1
| Design State : Synthesized
---------------------------------------------------------------------------------------------------------------------------------------------

Utilization Design Information

Table of Contents
-----------------
1. Utilization by Hierarchy

1. Utilization by Hierarchy
---------------------------

+-------------------------+-------------------------------------------+------------+------------+---------+------+------+--------+--------+------------+
|         Instance        |                   Module                  | Total LUTs | Logic LUTs | LUTRAMs | SRLs |  FFs | RAMB36 | RAMB18 | DSP Blocks |
+-------------------------+-------------------------------------------+------------+------------+---------+------+------+--------+--------+------------+
| bd_0_wrapper            |                                     (top) |       2800 |       2536 |      32 |  232 | 4085 |      0 |      2 |          7 |
|   bd_0_i                |                                      bd_0 |       2800 |       2536 |      32 |  232 | 4085 |      0 |      2 |          7 |
|     hls_inst            |                           bd_0_hls_inst_0 |       2800 |       2536 |      32 |  232 | 4085 |      0 |      2 |          7 |
|       inst              |                        bd_0_hls_inst_0_MM |       2800 |       2536 |      32 |  232 | 4085 |      0 |      2 |          7 |
|         (inst)          |                        bd_0_hls_inst_0_MM |        632 |        632 |       0 |    0 | 1857 |      0 |      0 |          0 |
|         AB_block_U      | bd_0_hls_inst_0_MM_AB_block_RAM_AUTO_1R1W |         86 |         86 |       0 |    0 |    0 |      0 |      1 |          0 |
|         control_s_axi_U |          bd_0_hls_inst_0_MM_control_s_axi |        626 |        626 |       0 |    0 |  406 |      0 |      0 |          0 |
|         gmem_m_axi_U    |             bd_0_hls_inst_0_MM_gmem_m_axi |       1358 |       1126 |       0 |  232 | 1771 |      0 |      1 |          0 |
|           bus_read      |        bd_0_hls_inst_0_MM_gmem_m_axi_read |        374 |        373 |       0 |    1 |  568 |      0 |      0 |          0 |
|           bus_write     |       bd_0_hls_inst_0_MM_gmem_m_axi_write |        504 |        441 |       0 |   63 |  759 |      0 |      0 |          0 |
|           load_unit_0   |        bd_0_hls_inst_0_MM_gmem_m_axi_load |        226 |        162 |       0 |   64 |  183 |      0 |      1 |          0 |
|           store_unit_0  |       bd_0_hls_inst_0_MM_gmem_m_axi_store |        254 |        150 |       0 |  104 |  261 |      0 |      0 |          0 |
+-------------------------+-------------------------------------------+------------+------------+---------+------+------+--------+--------+------------+


