Copyright 1986-2022 Xilinx, Inc. All Rights Reserved. Copyright 2022-2025 Advanced Micro Devices, Inc. All Rights Reserved.
---------------------------------------------------------------------------------------------------------------------------------------------
| Tool Version : Vivado v.2025.2 (win64) Build 6299465 Fri Nov 14 19:35:11 GMT 2025
| Date         : Wed Apr  8 13:04:52 2026
| Host         : jwood_Win_PC running 64-bit major release  (build 9200)
| Command      : report_utilization -hierarchical -hierarchical_depth 6 -file ./report/MM_utilization_hierarchical_routed.rpt
| Design       : bd_0_wrapper
| Device       : xc7z020clg400-1
| Speed File   : -1
| Design State : Routed
---------------------------------------------------------------------------------------------------------------------------------------------

Utilization Design Information

Table of Contents
-----------------
1. Utilization by Hierarchy

1. Utilization by Hierarchy
---------------------------

+----------------------------------------------------+-----------------------------------------------------------+------------+------------+---------+------+-------+--------+--------+------------+
|                      Instance                      |                           Module                          | Total LUTs | Logic LUTs | LUTRAMs | SRLs |  FFs  | RAMB36 | RAMB18 | DSP Blocks |
+----------------------------------------------------+-----------------------------------------------------------+------------+------------+---------+------+-------+--------+--------+------------+
| bd_0_wrapper                                       |                                                     (top) |      25590 |      24914 |       0 |  676 | 33144 |      7 |      1 |         54 |
|   bd_0_i                                           |                                                      bd_0 |      25590 |      24914 |       0 |  676 | 33144 |      7 |      1 |         54 |
|     hls_inst                                       |                                           bd_0_hls_inst_0 |      25590 |      24914 |       0 |  676 | 33144 |      7 |      1 |         54 |
|       inst                                         |                                        bd_0_hls_inst_0_MM |      25590 |      24914 |       0 |  676 | 33144 |      7 |      1 |         54 |
|         (inst)                                     |                                        bd_0_hls_inst_0_MM |      11097 |      11094 |       0 |    3 | 20539 |      0 |      0 |          2 |
|         control_s_axi_U                            |                          bd_0_hls_inst_0_MM_control_s_axi |        657 |        657 |       0 |    0 |   406 |      0 |      0 |          0 |
|         gmem_m_axi_U                               |                             bd_0_hls_inst_0_MM_gmem_m_axi |       2547 |       1874 |       0 |  673 |  3717 |      7 |      1 |          0 |
|           bus_read                                 |                        bd_0_hls_inst_0_MM_gmem_m_axi_read |        790 |        790 |       0 |    0 |  1497 |      0 |      0 |          0 |
|             rreq_burst_conv                        |          bd_0_hls_inst_0_MM_gmem_m_axi_burst_converter_22 |        229 |        229 |       0 |    0 |   425 |      0 |      0 |          0 |
|             rs_rdata                               |   bd_0_hls_inst_0_MM_gmem_m_axi_reg_slice__parameterized3 |        525 |        525 |       0 |    0 |  1041 |      0 |      0 |          0 |
|           bus_write                                |                       bd_0_hls_inst_0_MM_gmem_m_axi_write |        400 |        369 |       0 |   31 |  1252 |      0 |      0 |          0 |
|             wreq_burst_conv                        |             bd_0_hls_inst_0_MM_gmem_m_axi_burst_converter |        229 |        229 |       0 |    0 |   425 |      0 |      0 |          0 |
|             wreq_throttle                          |                    bd_0_hls_inst_0_MM_gmem_m_axi_throttle |        144 |        114 |       0 |   30 |   804 |      0 |      0 |          0 |
|           load_unit_0                              |                        bd_0_hls_inst_0_MM_gmem_m_axi_load |        607 |        576 |       0 |   31 |   172 |      7 |      1 |          0 |
|             (load_unit_0)                          |                        bd_0_hls_inst_0_MM_gmem_m_axi_load |          1 |          1 |       0 |    0 |    62 |      0 |      0 |          0 |
|             buff_rdata                             |        bd_0_hls_inst_0_MM_gmem_m_axi_fifo__parameterized4 |        251 |        251 |       0 |    0 |    37 |      7 |      1 |          0 |
|             fifo_rreq                              |     bd_0_hls_inst_0_MM_gmem_m_axi_fifo__parameterized0_16 |        357 |        326 |       0 |   31 |    73 |      0 |      0 |          0 |
|           store_unit_0                             |                       bd_0_hls_inst_0_MM_gmem_m_axi_store |        752 |        141 |       0 |  611 |   796 |      0 |      0 |          0 |
|             (store_unit_0)                         |                       bd_0_hls_inst_0_MM_gmem_m_axi_store |          2 |          2 |       0 |    0 |    74 |      0 |      0 |          0 |
|             buff_wdata                             |        bd_0_hls_inst_0_MM_gmem_m_axi_fifo__parameterized1 |        605 |         29 |       0 |  576 |   599 |      0 |      0 |          0 |
|             fifo_wreq                              |        bd_0_hls_inst_0_MM_gmem_m_axi_fifo__parameterized0 |         51 |         21 |       0 |   30 |    73 |      0 |      0 |          0 |
|         grp_MM_Pipeline_i_loop_fu_879              |                     bd_0_hls_inst_0_MM_MM_Pipeline_i_loop |      11155 |      11155 |       0 |    0 |  8482 |      0 |      0 |         48 |
|           (grp_MM_Pipeline_i_loop_fu_879)          |                     bd_0_hls_inst_0_MM_MM_Pipeline_i_loop |       6401 |       6401 |       0 |    0 |  8480 |      0 |      0 |         16 |
|           flow_control_loop_pipe_sequential_init_U | bd_0_hls_inst_0_MM_flow_control_loop_pipe_sequential_init |       2210 |       2210 |       0 |    0 |     2 |      0 |      0 |          0 |
|           mul_32s_32s_32_1_1_U1                    |                     bd_0_hls_inst_0_MM_mul_32s_32s_32_1_1 |        159 |        159 |       0 |    0 |     0 |      0 |      0 |          2 |
|           mul_32s_32s_32_1_1_U10                   |                   bd_0_hls_inst_0_MM_mul_32s_32s_32_1_1_1 |        159 |        159 |       0 |    0 |     0 |      0 |      0 |          2 |
|           mul_32s_32s_32_1_1_U11                   |                   bd_0_hls_inst_0_MM_mul_32s_32s_32_1_1_2 |        159 |        159 |       0 |    0 |     0 |      0 |      0 |          2 |
|           mul_32s_32s_32_1_1_U12                   |                   bd_0_hls_inst_0_MM_mul_32s_32s_32_1_1_3 |        159 |        159 |       0 |    0 |     0 |      0 |      0 |          2 |
|           mul_32s_32s_32_1_1_U13                   |                   bd_0_hls_inst_0_MM_mul_32s_32s_32_1_1_4 |        159 |        159 |       0 |    0 |     0 |      0 |      0 |          2 |
|           mul_32s_32s_32_1_1_U14                   |                   bd_0_hls_inst_0_MM_mul_32s_32s_32_1_1_5 |        159 |        159 |       0 |    0 |     0 |      0 |      0 |          2 |
|           mul_32s_32s_32_1_1_U15                   |                   bd_0_hls_inst_0_MM_mul_32s_32s_32_1_1_6 |        159 |        159 |       0 |    0 |     0 |      0 |      0 |          2 |
|           mul_32s_32s_32_1_1_U16                   |                   bd_0_hls_inst_0_MM_mul_32s_32s_32_1_1_7 |        159 |        159 |       0 |    0 |     0 |      0 |      0 |          2 |
|           mul_32s_32s_32_1_1_U2                    |                   bd_0_hls_inst_0_MM_mul_32s_32s_32_1_1_8 |        159 |        159 |       0 |    0 |     0 |      0 |      0 |          2 |
|           mul_32s_32s_32_1_1_U3                    |                   bd_0_hls_inst_0_MM_mul_32s_32s_32_1_1_9 |        159 |        159 |       0 |    0 |     0 |      0 |      0 |          2 |
|           mul_32s_32s_32_1_1_U4                    |                  bd_0_hls_inst_0_MM_mul_32s_32s_32_1_1_10 |        159 |        159 |       0 |    0 |     0 |      0 |      0 |          2 |
|           mul_32s_32s_32_1_1_U5                    |                  bd_0_hls_inst_0_MM_mul_32s_32s_32_1_1_11 |        159 |        159 |       0 |    0 |     0 |      0 |      0 |          2 |
|           mul_32s_32s_32_1_1_U6                    |                  bd_0_hls_inst_0_MM_mul_32s_32s_32_1_1_12 |        159 |        159 |       0 |    0 |     0 |      0 |      0 |          2 |
|           mul_32s_32s_32_1_1_U7                    |                  bd_0_hls_inst_0_MM_mul_32s_32s_32_1_1_13 |        159 |        159 |       0 |    0 |     0 |      0 |      0 |          2 |
|           mul_32s_32s_32_1_1_U8                    |                  bd_0_hls_inst_0_MM_mul_32s_32s_32_1_1_14 |        159 |        159 |       0 |    0 |     0 |      0 |      0 |          2 |
|           mul_32s_32s_32_1_1_U9                    |                  bd_0_hls_inst_0_MM_mul_32s_32s_32_1_1_15 |        159 |        159 |       0 |    0 |     0 |      0 |      0 |          2 |
|         mul_31ns_32s_32_1_1_U84                    |                    bd_0_hls_inst_0_MM_mul_31ns_32s_32_1_1 |         96 |         96 |       0 |    0 |     0 |      0 |      0 |          2 |
+----------------------------------------------------+-----------------------------------------------------------+------------+------------+---------+------+-------+--------+--------+------------+
* Note: The sum of lower-level cells may be larger than their parent cells total, due to cross-hierarchy LUT combining


