Copyright 1986-2022 Xilinx, Inc. All Rights Reserved. Copyright 2022-2025 Advanced Micro Devices, Inc. All Rights Reserved.
---------------------------------------------------------------------------------------------------------------------------------------------
| Tool Version : Vivado v.2025.1 (win64) Build 6140274 Thu May 22 00:12:29 MDT 2025
| Date         : Thu Apr  9 09:41:57 2026
| Host         : LAPTOP-L6H807T2 running 64-bit major release  (build 9200)
| Command      : report_utilization -hierarchical -hierarchical_depth 7 -file ./report/MM_utilization_hierarchical_synth.rpt
| Design       : bd_0_wrapper
| Device       : xc7z020clg400-1
| Speed File   : -1
| Design State : Synthesized
---------------------------------------------------------------------------------------------------------------------------------------------

Utilization Design Information

Table of Contents
-----------------
1. Utilization by Hierarchy

1. Utilization by Hierarchy
---------------------------

+--------------------------------------------------------------------------------------------+---------------------------------------------------------------------------------------+------------+------------+---------+------+-------+--------+--------+------------+
|                                          Instance                                          |                                         Module                                        | Total LUTs | Logic LUTs | LUTRAMs | SRLs |  FFs  | RAMB36 | RAMB18 | DSP Blocks |
+--------------------------------------------------------------------------------------------+---------------------------------------------------------------------------------------+------------+------------+---------+------+-------+--------+--------+------------+
| bd_0_wrapper                                                                               |                                                                                 (top) |      12506 |      11560 |       0 |  946 | 19277 |     35 |      6 |         81 |
|   bd_0_i                                                                                   |                                                                                  bd_0 |      12506 |      11560 |       0 |  946 | 19277 |     35 |      6 |         81 |
|     hls_inst                                                                               |                                                                       bd_0_hls_inst_0 |      12506 |      11560 |       0 |  946 | 19277 |     35 |      6 |         81 |
|       inst                                                                                 |                                                                    bd_0_hls_inst_0_MM |      12506 |      11560 |       0 |  946 | 19277 |     35 |      6 |         81 |
|         writeTiles_U0                                                                      |                                                         bd_0_hls_inst_0_MM_writeTiles |        470 |        469 |       0 |    1 |   516 |      0 |      0 |          7 |
|           (writeTiles_U0)                                                                  |                                                         bd_0_hls_inst_0_MM_writeTiles |        136 |        136 |       0 |    0 |   213 |      0 |      0 |          2 |
|           grp_writeTiles_Pipeline_i_BLOCK_loop_j_BLOCK_loop_j_output_loop_fu_78            |        bd_0_hls_inst_0_MM_writeTiles_Pipeline_i_BLOCK_loop_j_BLOCK_loop_j_output_loop |        258 |        257 |       0 |    1 |   303 |      0 |      0 |          3 |
|             (grp_writeTiles_Pipeline_i_BLOCK_loop_j_BLOCK_loop_j_output_loop_fu_78)        |        bd_0_hls_inst_0_MM_writeTiles_Pipeline_i_BLOCK_loop_j_BLOCK_loop_j_output_loop |        191 |        190 |       0 |    1 |   301 |      0 |      0 |          1 |
|             mul_32s_32s_32_1_1_U135                                                        |                                                 bd_0_hls_inst_0_MM_mul_32s_32s_32_1_1 |         60 |         60 |       0 |    0 |     0 |      0 |      0 |          2 |
|           mul_27ns_31ns_58_1_1_U142                                                        |                                               bd_0_hls_inst_0_MM_mul_27ns_31ns_58_1_1 |         76 |         76 |       0 |    0 |     0 |      0 |      0 |          2 |
|         ABC_c_U                                                                            |                                                      bd_0_hls_inst_0_MM_fifo_w64_d4_S |         71 |         12 |       0 |   59 |     7 |      0 |      0 |          0 |
|           U_MM_fifo_w64_d4_S_ShiftReg                                                      |                                             bd_0_hls_inst_0_MM_fifo_w64_d4_S_ShiftReg |         60 |          1 |       0 |   59 |     0 |      0 |      0 |          0 |
|         N_c_U                                                                              |                                                      bd_0_hls_inst_0_MM_fifo_w32_d2_S |         41 |         41 |       0 |    0 |    70 |      0 |      0 |          0 |
|           U_MM_fifo_w32_d2_S_ShiftReg                                                      |                                          bd_0_hls_inst_0_MM_fifo_w32_d2_S_ShiftReg_33 |         33 |         33 |       0 |    0 |    64 |      0 |      0 |          0 |
|         P_c_U                                                                              |                                                    bd_0_hls_inst_0_MM_fifo_w32_d2_S_2 |         41 |         41 |       0 |    0 |    70 |      0 |      0 |          0 |
|           U_MM_fifo_w32_d2_S_ShiftReg                                                      |                                             bd_0_hls_inst_0_MM_fifo_w32_d2_S_ShiftReg |         33 |         33 |       0 |    0 |    64 |      0 |      0 |          0 |
|         computeTiles_U0                                                                    |                                                       bd_0_hls_inst_0_MM_computeTiles |       5987 |       5986 |       0 |    1 | 10475 |      0 |      0 |         48 |
|           (computeTiles_U0)                                                                |                                                       bd_0_hls_inst_0_MM_computeTiles |         71 |         71 |       0 |    0 |  1381 |      0 |      0 |          0 |
|           grp_computeTiles_Pipeline_j_output_loop_fu_284                                   |                                bd_0_hls_inst_0_MM_computeTiles_Pipeline_j_output_loop |         54 |         54 |       0 |    0 |   520 |      0 |      0 |          0 |
|             (grp_computeTiles_Pipeline_j_output_loop_fu_284)                               |                                bd_0_hls_inst_0_MM_computeTiles_Pipeline_j_output_loop |          0 |          0 |       0 |    0 |   518 |      0 |      0 |          0 |
|             flow_control_loop_pipe_sequential_init_U                                       |                          bd_0_hls_inst_0_MM_flow_control_loop_pipe_sequential_init_32 |         54 |         54 |       0 |    0 |     2 |      0 |      0 |          0 |
|           grp_computeTiles_Pipeline_k_BLOCK_loop_k_loop_i_loop_fu_243                      |                   bd_0_hls_inst_0_MM_computeTiles_Pipeline_k_BLOCK_loop_k_loop_i_loop |       5862 |       5861 |       0 |    1 |  8574 |      0 |      0 |         48 |
|             (grp_computeTiles_Pipeline_k_BLOCK_loop_k_loop_i_loop_fu_243)                  |                   bd_0_hls_inst_0_MM_computeTiles_Pipeline_k_BLOCK_loop_k_loop_i_loop |       5557 |       5556 |       0 |    1 |  8563 |      0 |      0 |         16 |
|             flow_control_loop_pipe_sequential_init_U                                       |                          bd_0_hls_inst_0_MM_flow_control_loop_pipe_sequential_init_15 |        271 |        271 |       0 |    0 |    11 |      0 |      0 |          0 |
|         control_s_axi_U                                                                    |                                                      bd_0_hls_inst_0_MM_control_s_axi |       1258 |       1258 |       0 |    0 |   408 |      0 |      0 |          0 |
|         gmem0_m_axi_U                                                                      |                                                        bd_0_hls_inst_0_MM_gmem0_m_axi |        959 |        900 |       0 |   59 |  1672 |      7 |      1 |          0 |
|           bus_read                                                                         |                                                   bd_0_hls_inst_0_MM_gmem0_m_axi_read |        824 |        824 |       0 |    0 |  1500 |      0 |      0 |          0 |
|             rreq_burst_conv                                                                |                                        bd_0_hls_inst_0_MM_gmem0_m_axi_burst_converter |        258 |        258 |       0 |    0 |   428 |      0 |      0 |          0 |
|               burst_sequential                                                             |                                       bd_0_hls_inst_0_MM_gmem0_m_axi_burst_sequential |        258 |        258 |       0 |    0 |   428 |      0 |      0 |          0 |
|             rs_rdata                                                                       |                              bd_0_hls_inst_0_MM_gmem0_m_axi_reg_slice__parameterized0 |        530 |        530 |       0 |    0 |  1041 |      0 |      0 |          0 |
|           load_unit_0                                                                      |                                                   bd_0_hls_inst_0_MM_gmem0_m_axi_load |        135 |         76 |       0 |   59 |   172 |      7 |      1 |          0 |
|             (load_unit_0)                                                                  |                                                   bd_0_hls_inst_0_MM_gmem0_m_axi_load |          1 |          1 |       0 |    0 |    62 |      0 |      0 |          0 |
|             buff_rdata                                                                     |                                   bd_0_hls_inst_0_MM_gmem0_m_axi_fifo__parameterized0 |         55 |         55 |       0 |    0 |    37 |      7 |      1 |          0 |
|             fifo_rreq                                                                      |                                                   bd_0_hls_inst_0_MM_gmem0_m_axi_fifo |         79 |         20 |       0 |   59 |    73 |      0 |      0 |          0 |
|               U_fifo_srl                                                                   |                                                    bd_0_hls_inst_0_MM_gmem0_m_axi_srl |         62 |          3 |       0 |   59 |    59 |      0 |      0 |          0 |
|         gmem1_m_axi_U                                                                      |                                                        bd_0_hls_inst_0_MM_gmem1_m_axi |        959 |        900 |       0 |   59 |  1672 |      7 |      1 |          0 |
|           bus_read                                                                         |                                                   bd_0_hls_inst_0_MM_gmem1_m_axi_read |        824 |        824 |       0 |    0 |  1500 |      0 |      0 |          0 |
|             rreq_burst_conv                                                                |                                        bd_0_hls_inst_0_MM_gmem1_m_axi_burst_converter |        258 |        258 |       0 |    0 |   428 |      0 |      0 |          0 |
|               burst_sequential                                                             |                                       bd_0_hls_inst_0_MM_gmem1_m_axi_burst_sequential |        258 |        258 |       0 |    0 |   428 |      0 |      0 |          0 |
|             rs_rdata                                                                       |                              bd_0_hls_inst_0_MM_gmem1_m_axi_reg_slice__parameterized0 |        530 |        530 |       0 |    0 |  1041 |      0 |      0 |          0 |
|           load_unit_0                                                                      |                                                   bd_0_hls_inst_0_MM_gmem1_m_axi_load |        135 |         76 |       0 |   59 |   172 |      7 |      1 |          0 |
|             (load_unit_0)                                                                  |                                                   bd_0_hls_inst_0_MM_gmem1_m_axi_load |          1 |          1 |       0 |    0 |    62 |      0 |      0 |          0 |
|             buff_rdata                                                                     |                                   bd_0_hls_inst_0_MM_gmem1_m_axi_fifo__parameterized0 |         55 |         55 |       0 |    0 |    37 |      7 |      1 |          0 |
|             fifo_rreq                                                                      |                                                   bd_0_hls_inst_0_MM_gmem1_m_axi_fifo |         79 |         20 |       0 |   59 |    73 |      0 |      0 |          0 |
|               U_fifo_srl                                                                   |                                                    bd_0_hls_inst_0_MM_gmem1_m_axi_srl |         62 |          3 |       0 |   59 |    59 |      0 |      0 |          0 |
|         gmem2_m_axi_U                                                                      |                                                        bd_0_hls_inst_0_MM_gmem2_m_axi |        509 |        446 |       0 |   63 |   742 |      0 |      1 |          0 |
|           load_unit_0                                                                      |                                                   bd_0_hls_inst_0_MM_gmem2_m_axi_load |        141 |         78 |       0 |   63 |   180 |      0 |      1 |          0 |
|             (load_unit_0)                                                                  |                                                   bd_0_hls_inst_0_MM_gmem2_m_axi_load |          1 |          1 |       0 |    0 |    66 |      0 |      0 |          0 |
|             buff_rdata                                                                     |                                   bd_0_hls_inst_0_MM_gmem2_m_axi_fifo__parameterized0 |         57 |         57 |       0 |    0 |    37 |      0 |      1 |          0 |
|               (buff_rdata)                                                                 |                                   bd_0_hls_inst_0_MM_gmem2_m_axi_fifo__parameterized0 |         54 |         54 |       0 |    0 |    37 |      0 |      0 |          0 |
|             fifo_rreq                                                                      |                                                   bd_0_hls_inst_0_MM_gmem2_m_axi_fifo |         83 |         20 |       0 |   63 |    77 |      0 |      0 |          0 |
|               U_fifo_srl                                                                   |                                                    bd_0_hls_inst_0_MM_gmem2_m_axi_srl |         66 |          3 |       0 |   63 |    63 |      0 |      0 |          0 |
|           bus_read                                                                         |                                                   bd_0_hls_inst_0_MM_gmem2_m_axi_read |        368 |        368 |       0 |    0 |   562 |      0 |      0 |          0 |
|             rreq_burst_conv                                                                |                                        bd_0_hls_inst_0_MM_gmem2_m_axi_burst_converter |        292 |        292 |       0 |    0 |   460 |      0 |      0 |          0 |
|               burst_sequential                                                             |                                       bd_0_hls_inst_0_MM_gmem2_m_axi_burst_sequential |        292 |        292 |       0 |    0 |   460 |      0 |      0 |          0 |
|             rs_rdata                                                                       |                              bd_0_hls_inst_0_MM_gmem2_m_axi_reg_slice__parameterized0 |         40 |         40 |       0 |    0 |    71 |      0 |      0 |          0 |
|         gmem3_m_axi_U                                                                      |                                                        bd_0_hls_inst_0_MM_gmem3_m_axi |       1216 |        517 |       0 |  699 |  2046 |      0 |      0 |          0 |
|           bus_write                                                                        |                                                  bd_0_hls_inst_0_MM_gmem3_m_axi_write |        460 |        401 |       0 |   59 |  1255 |      0 |      0 |          0 |
|             wreq_burst_conv                                                                |                                        bd_0_hls_inst_0_MM_gmem3_m_axi_burst_converter |        257 |        257 |       0 |    0 |   428 |      0 |      0 |          0 |
|               burst_sequential                                                             |                                       bd_0_hls_inst_0_MM_gmem3_m_axi_burst_sequential |        257 |        257 |       0 |    0 |   428 |      0 |      0 |          0 |
|             wreq_throttle                                                                  |                                               bd_0_hls_inst_0_MM_gmem3_m_axi_throttle |        175 |        117 |       0 |   58 |   804 |      0 |      0 |          0 |
|               (wreq_throttle)                                                              |                                               bd_0_hls_inst_0_MM_gmem3_m_axi_throttle |          6 |          6 |       0 |    0 |   587 |      0 |      0 |          0 |
|               fifo_burst_gen[0].fifo_req                                                   |                                   bd_0_hls_inst_0_MM_gmem3_m_axi_fifo__parameterized4 |         81 |         23 |       0 |   58 |    75 |      0 |      0 |          0 |
|               rs_req                                                                       |                              bd_0_hls_inst_0_MM_gmem3_m_axi_reg_slice__parameterized1 |         71 |         71 |       0 |    0 |   129 |      0 |      0 |          0 |
|           store_unit_0                                                                     |                                                  bd_0_hls_inst_0_MM_gmem3_m_axi_store |        756 |        116 |       0 |  640 |   791 |      0 |      0 |          0 |
|             (store_unit_0)                                                                 |                                                  bd_0_hls_inst_0_MM_gmem3_m_axi_store |          2 |          2 |       0 |    0 |    74 |      0 |      0 |          0 |
|             buff_wdata                                                                     |                                   bd_0_hls_inst_0_MM_gmem3_m_axi_fifo__parameterized1 |        602 |         26 |       0 |  576 |   599 |      0 |      0 |          0 |
|               U_fifo_srl                                                                   |                                    bd_0_hls_inst_0_MM_gmem3_m_axi_srl__parameterized1 |        577 |          1 |       0 |  576 |   576 |      0 |      0 |          0 |
|             fifo_wreq                                                                      |                                   bd_0_hls_inst_0_MM_gmem3_m_axi_fifo__parameterized0 |         73 |         14 |       0 |   59 |    70 |      0 |      0 |          0 |
|               U_fifo_srl                                                                   |                                    bd_0_hls_inst_0_MM_gmem3_m_axi_srl__parameterized0 |         63 |          4 |       0 |   59 |    59 |      0 |      0 |          0 |
|         readAtTiles_U0                                                                     |                                                        bd_0_hls_inst_0_MM_readAtTiles |        435 |        434 |       0 |    1 |   756 |      0 |      0 |         13 |
|           (readAtTiles_U0)                                                                 |                                                        bd_0_hls_inst_0_MM_readAtTiles |          2 |          2 |       0 |    0 |   239 |      0 |      0 |          2 |
|           grp_readAtTiles_Pipeline_i_BLOCK_loop_j_BLOCK_loop_k_BLOCK_loop_k_loop_fu_78     | bd_0_hls_inst_0_MM_readAtTiles_Pipeline_i_BLOCK_loop_j_BLOCK_loop_k_BLOCK_loop_k_loop |        306 |        305 |       0 |    1 |   466 |      0 |      0 |          3 |
|             (grp_readAtTiles_Pipeline_i_BLOCK_loop_j_BLOCK_loop_k_BLOCK_loop_k_loop_fu_78) | bd_0_hls_inst_0_MM_readAtTiles_Pipeline_i_BLOCK_loop_j_BLOCK_loop_k_BLOCK_loop_k_loop |        227 |        226 |       0 |    1 |   464 |      0 |      0 |          1 |
|             mul_32s_32s_32_1_1_U3                                                          |                                               bd_0_hls_inst_0_MM_mul_32s_32s_32_1_1_9 |         67 |         67 |       0 |    0 |     0 |      0 |      0 |          2 |
|           mul_27ns_58ns_85_2_1_U14                                                         |                                             bd_0_hls_inst_0_MM_mul_27ns_58ns_85_2_1_7 |         86 |         86 |       0 |    0 |    51 |      0 |      0 |          6 |
|         readBTiles_U0                                                                      |                                                         bd_0_hls_inst_0_MM_readBTiles |        462 |        461 |       0 |    1 |   758 |      0 |      0 |         13 |
|           (readBTiles_U0)                                                                  |                                                         bd_0_hls_inst_0_MM_readBTiles |          2 |          2 |       0 |    0 |   239 |      0 |      0 |          2 |
|           grp_readBTiles_Pipeline_i_BLOCK_loop_j_BLOCK_loop_k_BLOCK_loop_k_loop_fu_78      |  bd_0_hls_inst_0_MM_readBTiles_Pipeline_i_BLOCK_loop_j_BLOCK_loop_k_BLOCK_loop_k_loop |        333 |        332 |       0 |    1 |   468 |      0 |      0 |          3 |
|             (grp_readBTiles_Pipeline_i_BLOCK_loop_j_BLOCK_loop_k_BLOCK_loop_k_loop_fu_78)  |  bd_0_hls_inst_0_MM_readBTiles_Pipeline_i_BLOCK_loop_j_BLOCK_loop_k_BLOCK_loop_k_loop |        253 |        252 |       0 |    1 |   466 |      0 |      0 |          1 |
|             mul_32s_32s_32_1_1_U23                                                         |                                               bd_0_hls_inst_0_MM_mul_32s_32s_32_1_1_5 |         67 |         67 |       0 |    0 |     0 |      0 |      0 |          2 |
|           mul_27ns_58ns_85_2_1_U33                                                         |                                               bd_0_hls_inst_0_MM_mul_27ns_58ns_85_2_1 |         86 |         86 |       0 |    0 |    51 |      0 |      0 |          6 |
+--------------------------------------------------------------------------------------------+---------------------------------------------------------------------------------------+------------+------------+---------+------+-------+--------+--------+------------+


