#-----------------------------------------------------------
# Vivado v2025.1 (64-bit)
# SW Build 6140274 on Thu May 22 00:12:29 MDT 2025
# IP Build 6138677 on Thu May 22 03:10:11 MDT 2025
# SharedData Build 6139179 on Tue May 20 17:58:58 MDT 2025
# Start of session at: Thu Apr  9 09:34:48 2026
# Process ID         : 4552
# Current directory  : C:/Users/seanr/vitis_projects/Lab3_MLP_optimization/baseline_blockedMM/baseline_blockedMM/hls/impl/ip
# Command line       : vivado.exe -notrace -mode batch -source run_ippack.tcl
# Log file           : C:/Users/seanr/vitis_projects/Lab3_MLP_optimization/baseline_blockedMM/baseline_blockedMM/hls/impl/ip/vivado.log
# Journal file       : C:/Users/seanr/vitis_projects/Lab3_MLP_optimization/baseline_blockedMM/baseline_blockedMM/hls/impl/ip\vivado.jou
# Running On         : LAPTOP-L6H807T2
# Platform           : Windows Server 2016 or Windows 10
# Operating System   : 26200
# Processor Detail   : Intel(R) Pentium(R) Gold 7505 @ 2.00GHz
# CPU Frequency      : 1997 MHz
# CPU Physical cores : 2
# CPU Logical cores  : 4
# Host memory        : 8241 MB
# Swap memory        : 17198 MB
# Total Virtual      : 25439 MB
# Available Virtual  : 8812 MB
#-----------------------------------------------------------
source run_ippack.tcl -notrace
INFO: calling package_hls_ip ip_types=vitis sysgen json_file=C:/Users/seanr/vitis_projects/Lab3_MLP_optimization/baseline_blockedMM/baseline_blockedMM/hls/hls_data.json outdir=C:/Users/seanr/vitis_projects/Lab3_MLP_optimization/baseline_blockedMM/baseline_blockedMM/hls/impl/ip srcdir=C:/Users/seanr/vitis_projects/Lab3_MLP_optimization/baseline_blockedMM/baseline_blockedMM/hls ippack_options_dict= ippack_options_dict=
INFO: Copied 1 ipmisc file(s) to C:/Users/seanr/vitis_projects/Lab3_MLP_optimization/baseline_blockedMM/baseline_blockedMM/hls/impl/ip/misc
INFO: Copied 28 verilog file(s) to C:/Users/seanr/vitis_projects/Lab3_MLP_optimization/baseline_blockedMM/baseline_blockedMM/hls/impl/ip/hdl/verilog
INFO: Copied 25 vhdl file(s) to C:/Users/seanr/vitis_projects/Lab3_MLP_optimization/baseline_blockedMM/baseline_blockedMM/hls/impl/ip/hdl/vhdl
INFO: Copied 10 swdriver file(s) to C:/Users/seanr/vitis_projects/Lab3_MLP_optimization/baseline_blockedMM/baseline_blockedMM/hls/impl/ip/drivers
ipx::create_core: Time (s): cpu = 00:00:11 ; elapsed = 00:00:09 . Memory (MB): peak = 520.105 ; gain = 206.422
INFO: Import ports from HDL: C:/Users/seanr/vitis_projects/Lab3_MLP_optimization/baseline_blockedMM/baseline_blockedMM/hls/impl/ip/hdl/vhdl/MM.vhd (MM)
INFO: Add axi4lite interface s_axi_control
INFO: Add clock interface ap_clk
INFO: Add reset interface ap_rst_n
INFO: Add interrupt interface interrupt
INFO: [IP_Flow 19-234] Refreshing IP repositories
INFO: [IP_Flow 19-1704] No user IP repositories specified
INFO: [IP_Flow 19-2313] Loaded Vivado IP repository 'C:/Xilinx/2025.1/Vivado/data/ip'.
INFO: Add axi4full interface m_axi_gmem0
INFO: Add axi4full interface m_axi_gmem1
INFO: Add axi4full interface m_axi_gmem2
INFO: Add axi4full interface m_axi_gmem3
INFO: Calling post_process_vitis to specialize IP
INFO: Calling post_process_sysgen to specialize IP
Generating sysgen info xml from json file
INFO: Created IP C:/Users/seanr/vitis_projects/Lab3_MLP_optimization/baseline_blockedMM/baseline_blockedMM/hls/impl/ip/component.xml
INFO: Created IP archive C:/Users/seanr/vitis_projects/Lab3_MLP_optimization/baseline_blockedMM/baseline_blockedMM/hls/impl/ip/xilinx_com_hls_MM_1_0.zip
INFO: [Common 17-206] Exiting Vivado at Thu Apr  9 09:35:05 2026...
