

================================================================
== Vitis HLS Report for 'Block_entry_gmem_rd_proc'
================================================================
* Date:           Sat Apr 11 17:34:23 2026

* Version:        2025.1 (Build 6135595 on May 21 2025)
* Project:        baseline_blockedMM
* Solution:       hls (Vivado IP Flow Target)
* Product family: zynq
* Target device:  xc7z020-clg400-1


================================================================
== Performance Estimates
================================================================
+ Timing: 
    * Summary: 
    +--------+----------+-----------+------------+
    |  Clock |  Target  | Estimated | Uncertainty|
    +--------+----------+-----------+------------+
    |ap_clk  |  15.00 ns|  10.950 ns|     4.05 ns|
    +--------+----------+-----------+------------+

+ Latency: 
    * Summary: 
    +---------+---------+-----------+-----------+---------+---------+---------+
    |  Latency (cycles) |   Latency (absolute)  |      Interval     | Pipeline|
    |   min   |   max   |    min    |    max    |   min   |   max   |   Type  |
    +---------+---------+-----------+-----------+---------+---------+---------+
    |  7240942|  7240942|  0.109 sec|  0.109 sec|  7240942|  7240942|       no|
    +---------+---------+-----------+-----------+---------+---------+---------+

    + Detail: 
        * Instance: 
        +-------------------------+--------------+---------+---------+-----------+-----------+---------+---------+---------+
        |                         |              |  Latency (cycles) |   Latency (absolute)  |      Interval     | Pipeline|
        |         Instance        |    Module    |   min   |   max   |    min    |    max    |   min   |   max   |   Type  |
        +-------------------------+--------------+---------+---------+-----------+-----------+---------+---------+---------+
        |grp_readAtTiles_fu_132   |readAtTiles   |   401428|   401428|   6.021 ms|   6.021 ms|   401428|   401428|       no|
        |grp_readBTiles_fu_147    |readBTiles    |   401428|   401428|   6.021 ms|   6.021 ms|   401428|   401428|       no|
        |grp_computeTiles_fu_159  |computeTiles  |  6438081|  6438081|  96.571 ms|  96.571 ms|  6438081|  6438081|       no|
        +-------------------------+--------------+---------+---------+-----------+-----------+---------+---------+---------+

        * Loop: 
        N/A



================================================================
== Utilization Estimates
================================================================
* Summary: 
+-----------------+---------+-----+--------+-------+-----+
|       Name      | BRAM_18K| DSP |   FF   |  LUT  | URAM|
+-----------------+---------+-----+--------+-------+-----+
|DSP              |        -|    -|       -|      -|    -|
|Expression       |        -|    -|       0|      2|    -|
|FIFO             |       58|    -|     306|    132|    -|
|Instance         |        -|   68|   24476|  79905|    -|
|Memory           |        -|    -|       -|      -|    -|
|Multiplexer      |        -|    -|       0|    402|    -|
|Register         |        -|    -|     298|      -|    -|
+-----------------+---------+-----+--------+-------+-----+
|Total            |       58|   68|   25080|  80441|    0|
+-----------------+---------+-----+--------+-------+-----+
|Available        |      280|  220|  106400|  53200|    0|
+-----------------+---------+-----+--------+-------+-----+
|Utilization (%)  |       20|   30|      23|    151|    0|
+-----------------+---------+-----+--------+-------+-----+

+ Detail: 
    * Instance: 
    +---------------------------+----------------------+---------+----+-------+-------+-----+
    |          Instance         |        Module        | BRAM_18K| DSP|   FF  |  LUT  | URAM|
    +---------------------------+----------------------+---------+----+-------+-------+-----+
    |grp_computeTiles_fu_159    |computeTiles          |        0|  48|  21485|  76265|    0|
    |mul_27ns_58ns_85_2_1_U132  |mul_27ns_58ns_85_2_1  |        0|   6|    221|    164|    0|
    |grp_readAtTiles_fu_132     |readAtTiles           |        0|   7|   1353|   1708|    0|
    |grp_readBTiles_fu_147      |readBTiles            |        0|   7|   1417|   1768|    0|
    +---------------------------+----------------------+---------+----+-------+-------+-----+
    |Total                      |                      |        0|  68|  24476|  79905|    0|
    +---------------------------+----------------------+---------+----+-------+-------+-----+

    * DSP: 
    N/A

    * Memory: 
    N/A

    * FIFO: 
    +-----------------+---------+-----+----+-----+------+-----+---------+
    |       Name      | BRAM_18K|  FF | LUT| URAM| Depth| Bits| Size:D*B|
    +-----------------+---------+-----+----+-----+------+-----+---------+
    |A_stream_fifo_U  |       29|  153|   0|    -|    32|  512|    16384|
    |B_stream_fifo_U  |       29|  153|   0|    -|    32|  512|    16384|
    +-----------------+---------+-----+----+-----+------+-----+---------+
    |Total            |       58|  306|   0|    0|    64| 1024|    32768|
    +-----------------+---------+-----+----+-----+------+-----+---------+

    * Expression: 
    +-----------------+----------+----+---+----+------------+------------+
    |  Variable Name  | Operation| DSP| FF| LUT| Bitwidth P0| Bitwidth P1|
    +-----------------+----------+----+---+----+------------+------------+
    |ap_block_state1  |        or|   0|  0|   2|           1|           1|
    +-----------------+----------+----+---+----+------------+------------+
    |Total            |          |   0|  0|   2|           1|           1|
    +-----------------+----------+----+---+----+------------+------------+

    * Multiplexer: 
    +-----------------------+----+-----------+-----+-----------+
    |          Name         | LUT| Input Size| Bits| Total Bits|
    +-----------------------+----+-----------+-----+-----------+
    |A_stream_read          |   9|          2|    1|          2|
    |A_stream_write         |   9|          2|    1|          2|
    |B_stream_read          |   9|          2|    1|          2|
    |B_stream_write         |   9|          2|    1|          2|
    |N_c_blk_n              |   9|          2|    1|          2|
    |P_c_blk_n              |   9|          2|    1|          2|
    |ap_NS_fsm              |  37|          7|    1|          7|
    |ap_done                |   9|          2|    1|          2|
    |grp_fu_222_ce          |  14|          3|    1|          3|
    |grp_fu_222_p0          |  14|          3|   27|         81|
    |grp_fu_222_p1          |  14|          3|   58|        174|
    |m_axi_gmem_0_ARADDR    |  20|          4|   64|        256|
    |m_axi_gmem_0_ARBURST   |  20|          4|    2|          8|
    |m_axi_gmem_0_ARCACHE   |  20|          4|    4|         16|
    |m_axi_gmem_0_ARID      |  20|          4|    1|          4|
    |m_axi_gmem_0_ARLEN     |  20|          4|   32|        128|
    |m_axi_gmem_0_ARLOCK    |  20|          4|    2|          8|
    |m_axi_gmem_0_ARPROT    |  20|          4|    3|         12|
    |m_axi_gmem_0_ARQOS     |  20|          4|    4|         16|
    |m_axi_gmem_0_ARREGION  |  20|          4|    4|         16|
    |m_axi_gmem_0_ARSIZE    |  20|          4|    3|         12|
    |m_axi_gmem_0_ARUSER    |  20|          4|    1|          4|
    |m_axi_gmem_0_ARVALID   |  20|          4|    1|          4|
    |m_axi_gmem_0_RREADY    |  20|          4|    1|          4|
    +-----------------------+----+-----------+-----+-----------+
    |Total                  | 402|         82|  216|        767|
    +-----------------------+----+-----------+-----+-----------+

    * Register: 
    +--------------------------------------+----+----+-----+-----------+
    |                 Name                 | FF | LUT| Bits| Const Bits|
    +--------------------------------------+----+----+-----+-----------+
    |AT_read_reg_195                       |  64|   0|   64|          0|
    |B_read_reg_212                        |  64|   0|   64|          0|
    |C_read_reg_217                        |  64|   0|   64|          0|
    |M_read_reg_181                        |  32|   0|   32|          0|
    |N_read_reg_188                        |  32|   0|   32|          0|
    |P_read_reg_174                        |  32|   0|   32|          0|
    |ap_CS_fsm                             |   6|   0|    6|          0|
    |ap_done_reg                           |   1|   0|    1|          0|
    |grp_computeTiles_fu_159_ap_start_reg  |   1|   0|    1|          0|
    |grp_readAtTiles_fu_132_ap_start_reg   |   1|   0|    1|          0|
    |grp_readBTiles_fu_147_ap_start_reg    |   1|   0|    1|          0|
    +--------------------------------------+----+----+-----+-----------+
    |Total                                 | 298|   0|  298|          0|
    +--------------------------------------+----+----+-----+-----------+



================================================================
== Interface
================================================================
* Summary: 
+--------------------------+-----+-----+------------+--------------------------+--------------+
|         RTL Ports        | Dir | Bits|  Protocol  |       Source Object      |    C Type    |
+--------------------------+-----+-----+------------+--------------------------+--------------+
|ap_clk                    |   in|    1|  ap_ctrl_hs|  Block_entry_gmem_rd_proc|  return value|
|ap_rst                    |   in|    1|  ap_ctrl_hs|  Block_entry_gmem_rd_proc|  return value|
|ap_start                  |   in|    1|  ap_ctrl_hs|  Block_entry_gmem_rd_proc|  return value|
|ap_done                   |  out|    1|  ap_ctrl_hs|  Block_entry_gmem_rd_proc|  return value|
|ap_continue               |   in|    1|  ap_ctrl_hs|  Block_entry_gmem_rd_proc|  return value|
|ap_idle                   |  out|    1|  ap_ctrl_hs|  Block_entry_gmem_rd_proc|  return value|
|ap_ready                  |  out|    1|  ap_ctrl_hs|  Block_entry_gmem_rd_proc|  return value|
|m_axi_gmem_0_AWVALID      |  out|    1|       m_axi|                      gmem|       pointer|
|m_axi_gmem_0_AWREADY      |   in|    1|       m_axi|                      gmem|       pointer|
|m_axi_gmem_0_AWADDR       |  out|   64|       m_axi|                      gmem|       pointer|
|m_axi_gmem_0_AWID         |  out|    1|       m_axi|                      gmem|       pointer|
|m_axi_gmem_0_AWLEN        |  out|   32|       m_axi|                      gmem|       pointer|
|m_axi_gmem_0_AWSIZE       |  out|    3|       m_axi|                      gmem|       pointer|
|m_axi_gmem_0_AWBURST      |  out|    2|       m_axi|                      gmem|       pointer|
|m_axi_gmem_0_AWLOCK       |  out|    2|       m_axi|                      gmem|       pointer|
|m_axi_gmem_0_AWCACHE      |  out|    4|       m_axi|                      gmem|       pointer|
|m_axi_gmem_0_AWPROT       |  out|    3|       m_axi|                      gmem|       pointer|
|m_axi_gmem_0_AWQOS        |  out|    4|       m_axi|                      gmem|       pointer|
|m_axi_gmem_0_AWREGION     |  out|    4|       m_axi|                      gmem|       pointer|
|m_axi_gmem_0_AWUSER       |  out|    1|       m_axi|                      gmem|       pointer|
|m_axi_gmem_0_WVALID       |  out|    1|       m_axi|                      gmem|       pointer|
|m_axi_gmem_0_WREADY       |   in|    1|       m_axi|                      gmem|       pointer|
|m_axi_gmem_0_WDATA        |  out|  512|       m_axi|                      gmem|       pointer|
|m_axi_gmem_0_WSTRB        |  out|   64|       m_axi|                      gmem|       pointer|
|m_axi_gmem_0_WLAST        |  out|    1|       m_axi|                      gmem|       pointer|
|m_axi_gmem_0_WID          |  out|    1|       m_axi|                      gmem|       pointer|
|m_axi_gmem_0_WUSER        |  out|    1|       m_axi|                      gmem|       pointer|
|m_axi_gmem_0_ARVALID      |  out|    1|       m_axi|                      gmem|       pointer|
|m_axi_gmem_0_ARREADY      |   in|    1|       m_axi|                      gmem|       pointer|
|m_axi_gmem_0_ARADDR       |  out|   64|       m_axi|                      gmem|       pointer|
|m_axi_gmem_0_ARID         |  out|    1|       m_axi|                      gmem|       pointer|
|m_axi_gmem_0_ARLEN        |  out|   32|       m_axi|                      gmem|       pointer|
|m_axi_gmem_0_ARSIZE       |  out|    3|       m_axi|                      gmem|       pointer|
|m_axi_gmem_0_ARBURST      |  out|    2|       m_axi|                      gmem|       pointer|
|m_axi_gmem_0_ARLOCK       |  out|    2|       m_axi|                      gmem|       pointer|
|m_axi_gmem_0_ARCACHE      |  out|    4|       m_axi|                      gmem|       pointer|
|m_axi_gmem_0_ARPROT       |  out|    3|       m_axi|                      gmem|       pointer|
|m_axi_gmem_0_ARQOS        |  out|    4|       m_axi|                      gmem|       pointer|
|m_axi_gmem_0_ARREGION     |  out|    4|       m_axi|                      gmem|       pointer|
|m_axi_gmem_0_ARUSER       |  out|    1|       m_axi|                      gmem|       pointer|
|m_axi_gmem_0_RVALID       |   in|    1|       m_axi|                      gmem|       pointer|
|m_axi_gmem_0_RREADY       |  out|    1|       m_axi|                      gmem|       pointer|
|m_axi_gmem_0_RDATA        |   in|  512|       m_axi|                      gmem|       pointer|
|m_axi_gmem_0_RLAST        |   in|    1|       m_axi|                      gmem|       pointer|
|m_axi_gmem_0_RID          |   in|    1|       m_axi|                      gmem|       pointer|
|m_axi_gmem_0_RFIFONUM     |   in|    9|       m_axi|                      gmem|       pointer|
|m_axi_gmem_0_RUSER        |   in|    1|       m_axi|                      gmem|       pointer|
|m_axi_gmem_0_RRESP        |   in|    2|       m_axi|                      gmem|       pointer|
|m_axi_gmem_0_BVALID       |   in|    1|       m_axi|                      gmem|       pointer|
|m_axi_gmem_0_BREADY       |  out|    1|       m_axi|                      gmem|       pointer|
|m_axi_gmem_0_BRESP        |   in|    2|       m_axi|                      gmem|       pointer|
|m_axi_gmem_0_BID          |   in|    1|       m_axi|                      gmem|       pointer|
|m_axi_gmem_0_BUSER        |   in|    1|       m_axi|                      gmem|       pointer|
|AT                        |   in|   64|     ap_none|                        AT|        scalar|
|N                         |   in|   32|     ap_none|                         N|        scalar|
|M                         |   in|   32|     ap_none|                         M|        scalar|
|P                         |   in|   32|     ap_none|                         P|        scalar|
|B                         |   in|   64|     ap_none|                         B|        scalar|
|C                         |   in|   64|     ap_none|                         C|        scalar|
|AB_stream_din             |  out|  512|     ap_fifo|                 AB_stream|       pointer|
|AB_stream_full_n          |   in|    1|     ap_fifo|                 AB_stream|       pointer|
|AB_stream_write           |  out|    1|     ap_fifo|                 AB_stream|       pointer|
|AB_stream_num_data_valid  |   in|   32|     ap_fifo|                 AB_stream|       pointer|
|AB_stream_fifo_cap        |   in|   32|     ap_fifo|                 AB_stream|       pointer|
|N_c_din                   |  out|   32|     ap_fifo|                       N_c|       pointer|
|N_c_full_n                |   in|    1|     ap_fifo|                       N_c|       pointer|
|N_c_write                 |  out|    1|     ap_fifo|                       N_c|       pointer|
|N_c_num_data_valid        |   in|    3|     ap_fifo|                       N_c|       pointer|
|N_c_fifo_cap              |   in|    3|     ap_fifo|                       N_c|       pointer|
|P_c_din                   |  out|   32|     ap_fifo|                       P_c|       pointer|
|P_c_full_n                |   in|    1|     ap_fifo|                       P_c|       pointer|
|P_c_write                 |  out|    1|     ap_fifo|                       P_c|       pointer|
|P_c_num_data_valid        |   in|    3|     ap_fifo|                       P_c|       pointer|
|P_c_fifo_cap              |   in|    3|     ap_fifo|                       P_c|       pointer|
+--------------------------+-----+-----+------------+--------------------------+--------------+

