

================================================================
== Vitis HLS Report for 'computeTiles_Pipeline_k_BLOCK_loop_k_loop_i_loop'
================================================================
* Date:           Thu Apr  9 18:27:26 2026

* Version:        2025.2 (Build 6295257 on Nov 14 2025)
* Project:        baseline_blockedMM
* Solution:       hls (Vivado IP Flow Target)
* Product family: zynq
* Target device:  xc7z020-clg400-1


================================================================
== Performance Estimates
================================================================
+ Timing: 
    * Summary: 
    +--------+----------+----------+------------+
    |  Clock |  Target  | Estimated| Uncertainty|
    +--------+----------+----------+------------+
    |ap_clk  |  15.00 ns|  8.510 ns|     4.05 ns|
    +--------+----------+----------+------------+

+ Latency: 
    * Summary: 
    +---------+-------------+-----------+-------------+-----+-----+-------------------+
    |    Latency (cycles)   |    Latency (absolute)   |  Interval |      Pipeline     |
    |   min   |     max     |    min    |     max     | min | max |        Type       |
    +---------+-------------+-----------+-------------+-----+-----+-------------------+
    |        2|  34359738117|  30.000 ns|  515.396 sec|    0|    0|  loop pipeline stp|
    +---------+-------------+-----------+-------------+-----+-----+-------------------+

    + Detail: 
        * Instance: 
        N/A

        * Loop: 
        +------------------------------+---------+-------------+----------+-----------+-----------+-----------------+----------+
        |                              |    Latency (cycles)   | Iteration|  Initiation Interval  |       Trip      |          |
        |           Loop Name          |   min   |     max     |  Latency |  achieved |   target  |      Count      | Pipelined|
        +------------------------------+---------+-------------+----------+-----------+-----------+-----------------+----------+
        |- k_BLOCK_loop_k_loop_i_loop  |        0|  34359738115|         5|          1|          1|  0 ~ 34359738112|       yes|
        +------------------------------+---------+-------------+----------+-----------+-----------+-----------------+----------+



================================================================
== Utilization Estimates
================================================================
* Summary: 
+-----------------+---------+-----+--------+-------+-----+
|       Name      | BRAM_18K| DSP |   FF   |  LUT  | URAM|
+-----------------+---------+-----+--------+-------+-----+
|DSP              |        -|    -|       -|      -|    -|
|Expression       |        -|    -|       0|   2978|    -|
|FIFO             |        -|    -|       -|      -|    -|
|Instance         |        -|   48|       0|   1360|    -|
|Memory           |        -|    -|       -|      -|    -|
|Multiplexer      |        -|    -|       0|    216|    -|
|Register         |        -|    -|   10469|     64|    -|
+-----------------+---------+-----+--------+-------+-----+
|Total            |        0|   48|   10469|   4618|    0|
+-----------------+---------+-----+--------+-------+-----+
|Available        |      280|  220|  106400|  53200|    0|
+-----------------+---------+-----+--------+-------+-----+
|Utilization (%)  |        0|   21|       9|      8|    0|
+-----------------+---------+-----+--------+-------+-----+

+ Detail: 
    * Instance: 
    +---------------------------+-----------------------+---------+----+---+----+-----+
    |          Instance         |         Module        | BRAM_18K| DSP| FF| LUT| URAM|
    +---------------------------+-----------------------+---------+----+---+----+-----+
    |mul_32s_32s_32_1_1_U40     |mul_32s_32s_32_1_1     |        0|   3|  0|  20|    0|
    |mul_32s_32s_32_1_1_U41     |mul_32s_32s_32_1_1     |        0|   3|  0|  20|    0|
    |mul_32s_32s_32_1_1_U42     |mul_32s_32s_32_1_1     |        0|   3|  0|  20|    0|
    |mul_32s_32s_32_1_1_U43     |mul_32s_32s_32_1_1     |        0|   3|  0|  20|    0|
    |mul_32s_32s_32_1_1_U44     |mul_32s_32s_32_1_1     |        0|   3|  0|  20|    0|
    |mul_32s_32s_32_1_1_U45     |mul_32s_32s_32_1_1     |        0|   3|  0|  20|    0|
    |mul_32s_32s_32_1_1_U46     |mul_32s_32s_32_1_1     |        0|   3|  0|  20|    0|
    |mul_32s_32s_32_1_1_U47     |mul_32s_32s_32_1_1     |        0|   3|  0|  20|    0|
    |mul_32s_32s_32_1_1_U48     |mul_32s_32s_32_1_1     |        0|   3|  0|  20|    0|
    |mul_32s_32s_32_1_1_U49     |mul_32s_32s_32_1_1     |        0|   3|  0|  20|    0|
    |mul_32s_32s_32_1_1_U50     |mul_32s_32s_32_1_1     |        0|   3|  0|  20|    0|
    |mul_32s_32s_32_1_1_U51     |mul_32s_32s_32_1_1     |        0|   3|  0|  20|    0|
    |mul_32s_32s_32_1_1_U52     |mul_32s_32s_32_1_1     |        0|   3|  0|  20|    0|
    |mul_32s_32s_32_1_1_U53     |mul_32s_32s_32_1_1     |        0|   3|  0|  20|    0|
    |mul_32s_32s_32_1_1_U54     |mul_32s_32s_32_1_1     |        0|   3|  0|  20|    0|
    |mul_32s_32s_32_1_1_U55     |mul_32s_32s_32_1_1     |        0|   3|  0|  20|    0|
    |sparsemux_33_4_32_1_1_U56  |sparsemux_33_4_32_1_1  |        0|   0|  0|  65|    0|
    |sparsemux_33_4_32_1_1_U57  |sparsemux_33_4_32_1_1  |        0|   0|  0|  65|    0|
    |sparsemux_33_4_32_1_1_U58  |sparsemux_33_4_32_1_1  |        0|   0|  0|  65|    0|
    |sparsemux_33_4_32_1_1_U59  |sparsemux_33_4_32_1_1  |        0|   0|  0|  65|    0|
    |sparsemux_33_4_32_1_1_U60  |sparsemux_33_4_32_1_1  |        0|   0|  0|  65|    0|
    |sparsemux_33_4_32_1_1_U61  |sparsemux_33_4_32_1_1  |        0|   0|  0|  65|    0|
    |sparsemux_33_4_32_1_1_U62  |sparsemux_33_4_32_1_1  |        0|   0|  0|  65|    0|
    |sparsemux_33_4_32_1_1_U63  |sparsemux_33_4_32_1_1  |        0|   0|  0|  65|    0|
    |sparsemux_33_4_32_1_1_U64  |sparsemux_33_4_32_1_1  |        0|   0|  0|  65|    0|
    |sparsemux_33_4_32_1_1_U65  |sparsemux_33_4_32_1_1  |        0|   0|  0|  65|    0|
    |sparsemux_33_4_32_1_1_U66  |sparsemux_33_4_32_1_1  |        0|   0|  0|  65|    0|
    |sparsemux_33_4_32_1_1_U67  |sparsemux_33_4_32_1_1  |        0|   0|  0|  65|    0|
    |sparsemux_33_4_32_1_1_U68  |sparsemux_33_4_32_1_1  |        0|   0|  0|  65|    0|
    |sparsemux_33_4_32_1_1_U69  |sparsemux_33_4_32_1_1  |        0|   0|  0|  65|    0|
    |sparsemux_33_4_32_1_1_U70  |sparsemux_33_4_32_1_1  |        0|   0|  0|  65|    0|
    |sparsemux_33_4_32_1_1_U71  |sparsemux_33_4_32_1_1  |        0|   0|  0|  65|    0|
    +---------------------------+-----------------------+---------+----+---+----+-----+
    |Total                      |                       |        0|  48|  0|1360|    0|
    +---------------------------+-----------------------+---------+----+---+----+-----+

    * DSP: 
    N/A

    * Memory: 
    N/A

    * FIFO: 
    N/A

    * Expression: 
    +---------------------------------------+----------+----+---+------+------------+------------+
    |             Variable Name             | Operation| DSP| FF|  LUT | Bitwidth P0| Bitwidth P1|
    +---------------------------------------+----------+----+---+------+------------+------------+
    |add_ln80_fu_704_p2                     |         +|   0|  0|    42|          35|           1|
    |add_ln82_fu_801_p2                     |         +|   0|  0|    13|          10|           1|
    |add_ln87_fu_795_p2                     |         +|   0|  0|    13|           5|           1|
    |add_ln92_10_fu_3564_p2                 |         +|   0|  0|    39|          32|          32|
    |add_ln92_11_fu_3800_p2                 |         +|   0|  0|    39|          32|          32|
    |add_ln92_12_fu_4036_p2                 |         +|   0|  0|    39|          32|          32|
    |add_ln92_13_fu_4272_p2                 |         +|   0|  0|    39|          32|          32|
    |add_ln92_14_fu_4508_p2                 |         +|   0|  0|    39|          32|          32|
    |add_ln92_15_fu_4744_p2                 |         +|   0|  0|    39|          32|          32|
    |add_ln92_1_fu_1440_p2                  |         +|   0|  0|    39|          32|          32|
    |add_ln92_2_fu_1676_p2                  |         +|   0|  0|    39|          32|          32|
    |add_ln92_3_fu_1912_p2                  |         +|   0|  0|    39|          32|          32|
    |add_ln92_4_fu_2148_p2                  |         +|   0|  0|    39|          32|          32|
    |add_ln92_5_fu_2384_p2                  |         +|   0|  0|    39|          32|          32|
    |add_ln92_6_fu_2620_p2                  |         +|   0|  0|    39|          32|          32|
    |add_ln92_7_fu_2856_p2                  |         +|   0|  0|    39|          32|          32|
    |add_ln92_8_fu_3092_p2                  |         +|   0|  0|    39|          32|          32|
    |add_ln92_9_fu_3328_p2                  |         +|   0|  0|    39|          32|          32|
    |add_ln92_fu_1204_p2                    |         +|   0|  0|    39|          32|          32|
    |and_ln61_fu_731_p2                     |       and|   0|  0|     2|           1|           1|
    |ap_block_pp0_stage0_11001              |       and|   0|  0|     2|           1|           1|
    |ap_block_pp0_stage0_11001_grp1         |       and|   0|  0|     2|           1|           1|
    |ap_block_pp0_stage0_11001_grp2         |       and|   0|  0|     2|           1|           1|
    |ap_block_state3_pp0_stage0_iter2_grp1  |       and|   0|  0|     2|           1|           1|
    |ap_block_state3_pp0_stage0_iter2_grp2  |       and|   0|  0|     2|           1|           1|
    |first_iter_0_fu_751_p2                 |      icmp|   0|  0|    13|           5|           1|
    |icmp_ln80_fu_699_p2                    |      icmp|   0|  0|    42|          35|          35|
    |icmp_ln82_fu_713_p2                    |      icmp|   0|  0|    13|          10|           9|
    |icmp_ln87_fu_725_p2                    |      icmp|   0|  0|    14|           5|           6|
    |lshr_ln92_fu_1011_p2                   |      lshr|   0|  0|  2171|         512|         512|
    |or_ln61_fu_737_p2                      |        or|   0|  0|     2|           1|           1|
    |select_ln61_fu_743_p3                  |    select|   0|  0|     5|           1|           1|
    |select_ln82_fu_807_p3                  |    select|   0|  0|    10|           1|           1|
    |ap_enable_pp0                          |       xor|   0|  0|     2|           1|           2|
    |xor_ln61_fu_719_p2                     |       xor|   0|  0|     2|           1|           2|
    +---------------------------------------+----------+----+---+------+------------+------------+
    |Total                                  |          |   0|  0|  2978|        1140|        1091|
    +---------------------------------------+----------+----+---+------+------------+------------+

    * Multiplexer: 
    +-------------------------+----+-----------+-----+-----------+
    |           Name          | LUT| Input Size| Bits| Total Bits|
    +-------------------------+----+-----------+-----+-----------+
    |AB_block_16_fu_236       |   9|          2|  512|       1024|
    |AB_block_17_fu_240       |   9|          2|  512|       1024|
    |AB_block_18_fu_244       |   9|          2|  512|       1024|
    |AB_block_19_fu_248       |   9|          2|  512|       1024|
    |AB_block_20_fu_252       |   9|          2|  512|       1024|
    |AB_block_21_fu_256       |   9|          2|  512|       1024|
    |AB_block_22_fu_260       |   9|          2|  512|       1024|
    |AB_block_23_fu_264       |   9|          2|  512|       1024|
    |AB_block_24_fu_268       |   9|          2|  512|       1024|
    |AB_block_25_fu_272       |   9|          2|  512|       1024|
    |AB_block_26_fu_276       |   9|          2|  512|       1024|
    |AB_block_27_fu_280       |   9|          2|  512|       1024|
    |AB_block_28_fu_284       |   9|          2|  512|       1024|
    |AB_block_29_fu_288       |   9|          2|  512|       1024|
    |AB_block_30_fu_292       |   9|          2|  512|       1024|
    |AB_block_31_fu_296       |   9|          2|  512|       1024|
    |A_stream_blk_n           |   9|          2|    1|          2|
    |B_stream_blk_n           |   9|          2|    1|          2|
    |ap_done_int              |   9|          2|    1|          2|
    |ap_enable_reg_pp0_iter1  |   9|          2|    1|          2|
    |ap_enable_reg_pp0_iter2  |   9|          2|    1|          2|
    |i_fu_224                 |   9|          2|    5|         10|
    |indvar_flatten43_fu_232  |   9|          2|   35|         70|
    |indvar_flatten_fu_228    |   9|          2|   10|         20|
    +-------------------------+----+-----------+-----+-----------+
    |Total                    | 216|         48| 8247|      16494|
    +-------------------------+----+-----------+-----+-----------+

    * Register: 
    +-------------------------------------------+-----+----+-----+-----------+
    |                    Name                   |  FF | LUT| Bits| Const Bits|
    +-------------------------------------------+-----+----+-----+-----------+
    |AB_block_16_fu_236                         |  512|   0|  512|          0|
    |AB_block_17_fu_240                         |  512|   0|  512|          0|
    |AB_block_18_fu_244                         |  512|   0|  512|          0|
    |AB_block_19_fu_248                         |  512|   0|  512|          0|
    |AB_block_20_fu_252                         |  512|   0|  512|          0|
    |AB_block_21_fu_256                         |  512|   0|  512|          0|
    |AB_block_22_fu_260                         |  512|   0|  512|          0|
    |AB_block_23_fu_264                         |  512|   0|  512|          0|
    |AB_block_24_fu_268                         |  512|   0|  512|          0|
    |AB_block_25_fu_272                         |  512|   0|  512|          0|
    |AB_block_26_fu_276                         |  512|   0|  512|          0|
    |AB_block_27_fu_280                         |  512|   0|  512|          0|
    |AB_block_28_fu_284                         |  512|   0|  512|          0|
    |AB_block_29_fu_288                         |  512|   0|  512|          0|
    |AB_block_30_fu_292                         |  512|   0|  512|          0|
    |AB_block_31_fu_296                         |  512|   0|  512|          0|
    |ap_CS_fsm                                  |    1|   0|    1|          0|
    |ap_block_pp0_stage0_subdone_grp0_done_reg  |    1|   0|    1|          0|
    |ap_block_pp0_stage0_subdone_grp1_done_reg  |    1|   0|    1|          0|
    |ap_block_pp0_stage0_subdone_grp2_done_reg  |    1|   0|    1|          0|
    |ap_done_reg                                |    1|   0|    1|          0|
    |ap_enable_reg_pp0_iter1                    |    1|   0|    1|          0|
    |ap_enable_reg_pp0_iter2                    |    1|   0|    1|          0|
    |ap_enable_reg_pp0_iter3                    |    1|   0|    1|          0|
    |ap_enable_reg_pp0_iter4                    |    1|   0|    1|          0|
    |ap_enable_reg_pp0_iter5                    |    1|   0|    1|          0|
    |ap_loop_exit_ready_pp0_iter2_reg           |    1|   0|    1|          0|
    |ap_loop_exit_ready_pp0_iter3_reg           |    1|   0|    1|          0|
    |ap_loop_exit_ready_pp0_iter4_reg           |    1|   0|    1|          0|
    |empty_fu_300                               |  512|   0|  512|          0|
    |first_iter_0_reg_5099                      |    1|   0|    1|          0|
    |i_fu_224                                   |    5|   0|    5|          0|
    |icmp_ln80_reg_5095                         |    1|   0|    1|          0|
    |indvar_flatten43_fu_232                    |   35|   0|   35|          0|
    |indvar_flatten_fu_228                      |   10|   0|   10|          0|
    |mul_ln92_10_reg_5274                       |   32|   0|   32|          0|
    |mul_ln92_11_reg_5279                       |   32|   0|   32|          0|
    |mul_ln92_12_reg_5284                       |   32|   0|   32|          0|
    |mul_ln92_13_reg_5289                       |   32|   0|   32|          0|
    |mul_ln92_14_reg_5294                       |   32|   0|   32|          0|
    |mul_ln92_15_reg_5299                       |   32|   0|   32|          0|
    |mul_ln92_1_reg_5229                        |   32|   0|   32|          0|
    |mul_ln92_2_reg_5234                        |   32|   0|   32|          0|
    |mul_ln92_3_reg_5239                        |   32|   0|   32|          0|
    |mul_ln92_4_reg_5244                        |   32|   0|   32|          0|
    |mul_ln92_5_reg_5249                        |   32|   0|   32|          0|
    |mul_ln92_6_reg_5254                        |   32|   0|   32|          0|
    |mul_ln92_7_reg_5259                        |   32|   0|   32|          0|
    |mul_ln92_8_reg_5264                        |   32|   0|   32|          0|
    |mul_ln92_9_reg_5269                        |   32|   0|   32|          0|
    |mul_ln92_reg_5224                          |   32|   0|   32|          0|
    |p_038_fu_304                               |  512|   0|  512|          0|
    |trunc_ln84_10_reg_5179                     |   32|   0|   32|          0|
    |trunc_ln84_11_reg_5184                     |   32|   0|   32|          0|
    |trunc_ln84_12_reg_5189                     |   32|   0|   32|          0|
    |trunc_ln84_13_reg_5194                     |   32|   0|   32|          0|
    |trunc_ln84_14_reg_5199                     |   32|   0|   32|          0|
    |trunc_ln84_1_reg_5129                      |   32|   0|   32|          0|
    |trunc_ln84_2_reg_5134                      |   32|   0|   32|          0|
    |trunc_ln84_3_reg_5139                      |   32|   0|   32|          0|
    |trunc_ln84_4_reg_5144                      |   32|   0|   32|          0|
    |trunc_ln84_5_reg_5149                      |   32|   0|   32|          0|
    |trunc_ln84_6_reg_5154                      |   32|   0|   32|          0|
    |trunc_ln84_7_reg_5159                      |   32|   0|   32|          0|
    |trunc_ln84_8_reg_5164                      |   32|   0|   32|          0|
    |trunc_ln84_9_reg_5169                      |   32|   0|   32|          0|
    |trunc_ln84_reg_5124                        |   32|   0|   32|          0|
    |trunc_ln84_s_reg_5174                      |   32|   0|   32|          0|
    |trunc_ln87_reg_5103                        |    4|   0|    4|          0|
    |trunc_ln92_reg_5204                        |   32|   0|   32|          0|
    |icmp_ln80_reg_5095                         |   64|  32|    1|          0|
    |trunc_ln87_reg_5103                        |   64|  32|    4|          0|
    +-------------------------------------------+-----+----+-----+-----------+
    |Total                                      |10469|  64|10346|          0|
    +-------------------------------------------+-----+----+-----+-----------+



================================================================
== Interface
================================================================
* Summary: 
+-------------------------+-----+-----+------------+--------------------------------------------------+--------------+
|        RTL Ports        | Dir | Bits|  Protocol  |                   Source Object                  |    C Type    |
+-------------------------+-----+-----+------------+--------------------------------------------------+--------------+
|ap_clk                   |   in|    1|  ap_ctrl_hs|  computeTiles_Pipeline_k_BLOCK_loop_k_loop_i_loop|  return value|
|ap_rst                   |   in|    1|  ap_ctrl_hs|  computeTiles_Pipeline_k_BLOCK_loop_k_loop_i_loop|  return value|
|ap_start                 |   in|    1|  ap_ctrl_hs|  computeTiles_Pipeline_k_BLOCK_loop_k_loop_i_loop|  return value|
|ap_done                  |  out|    1|  ap_ctrl_hs|  computeTiles_Pipeline_k_BLOCK_loop_k_loop_i_loop|  return value|
|ap_idle                  |  out|    1|  ap_ctrl_hs|  computeTiles_Pipeline_k_BLOCK_loop_k_loop_i_loop|  return value|
|ap_ready                 |  out|    1|  ap_ctrl_hs|  computeTiles_Pipeline_k_BLOCK_loop_k_loop_i_loop|  return value|
|A_stream_dout            |   in|  512|     ap_fifo|                                          A_stream|       pointer|
|A_stream_empty_n         |   in|    1|     ap_fifo|                                          A_stream|       pointer|
|A_stream_read            |  out|    1|     ap_fifo|                                          A_stream|       pointer|
|A_stream_num_data_valid  |   in|    6|     ap_fifo|                                          A_stream|       pointer|
|A_stream_fifo_cap        |   in|    6|     ap_fifo|                                          A_stream|       pointer|
|B_stream_dout            |   in|  512|     ap_fifo|                                          B_stream|       pointer|
|B_stream_empty_n         |   in|    1|     ap_fifo|                                          B_stream|       pointer|
|B_stream_read            |  out|    1|     ap_fifo|                                          B_stream|       pointer|
|B_stream_num_data_valid  |   in|    6|     ap_fifo|                                          B_stream|       pointer|
|B_stream_fifo_cap        |   in|    6|     ap_fifo|                                          B_stream|       pointer|
|AB_block_15              |   in|  512|     ap_none|                                       AB_block_15|        scalar|
|AB_block_14              |   in|  512|     ap_none|                                       AB_block_14|        scalar|
|AB_block_13              |   in|  512|     ap_none|                                       AB_block_13|        scalar|
|AB_block_12              |   in|  512|     ap_none|                                       AB_block_12|        scalar|
|AB_block_11              |   in|  512|     ap_none|                                       AB_block_11|        scalar|
|AB_block_10              |   in|  512|     ap_none|                                       AB_block_10|        scalar|
|AB_block_9               |   in|  512|     ap_none|                                        AB_block_9|        scalar|
|AB_block_8               |   in|  512|     ap_none|                                        AB_block_8|        scalar|
|AB_block_7               |   in|  512|     ap_none|                                        AB_block_7|        scalar|
|AB_block_6               |   in|  512|     ap_none|                                        AB_block_6|        scalar|
|AB_block_5               |   in|  512|     ap_none|                                        AB_block_5|        scalar|
|AB_block_4               |   in|  512|     ap_none|                                        AB_block_4|        scalar|
|AB_block_3               |   in|  512|     ap_none|                                        AB_block_3|        scalar|
|AB_block_2               |   in|  512|     ap_none|                                        AB_block_2|        scalar|
|AB_block_1               |   in|  512|     ap_none|                                        AB_block_1|        scalar|
|AB_block                 |   in|  512|     ap_none|                                          AB_block|        scalar|
|tmp_28                   |   in|   35|     ap_none|                                            tmp_28|        scalar|
|AB_block_31_out          |  out|  512|      ap_vld|                                   AB_block_31_out|       pointer|
|AB_block_31_out_ap_vld   |  out|    1|      ap_vld|                                   AB_block_31_out|       pointer|
|AB_block_30_out          |  out|  512|      ap_vld|                                   AB_block_30_out|       pointer|
|AB_block_30_out_ap_vld   |  out|    1|      ap_vld|                                   AB_block_30_out|       pointer|
|AB_block_29_out          |  out|  512|      ap_vld|                                   AB_block_29_out|       pointer|
|AB_block_29_out_ap_vld   |  out|    1|      ap_vld|                                   AB_block_29_out|       pointer|
|AB_block_28_out          |  out|  512|      ap_vld|                                   AB_block_28_out|       pointer|
|AB_block_28_out_ap_vld   |  out|    1|      ap_vld|                                   AB_block_28_out|       pointer|
|AB_block_27_out          |  out|  512|      ap_vld|                                   AB_block_27_out|       pointer|
|AB_block_27_out_ap_vld   |  out|    1|      ap_vld|                                   AB_block_27_out|       pointer|
|AB_block_26_out          |  out|  512|      ap_vld|                                   AB_block_26_out|       pointer|
|AB_block_26_out_ap_vld   |  out|    1|      ap_vld|                                   AB_block_26_out|       pointer|
|AB_block_25_out          |  out|  512|      ap_vld|                                   AB_block_25_out|       pointer|
|AB_block_25_out_ap_vld   |  out|    1|      ap_vld|                                   AB_block_25_out|       pointer|
|AB_block_24_out          |  out|  512|      ap_vld|                                   AB_block_24_out|       pointer|
|AB_block_24_out_ap_vld   |  out|    1|      ap_vld|                                   AB_block_24_out|       pointer|
|AB_block_23_out          |  out|  512|      ap_vld|                                   AB_block_23_out|       pointer|
|AB_block_23_out_ap_vld   |  out|    1|      ap_vld|                                   AB_block_23_out|       pointer|
|AB_block_22_out          |  out|  512|      ap_vld|                                   AB_block_22_out|       pointer|
|AB_block_22_out_ap_vld   |  out|    1|      ap_vld|                                   AB_block_22_out|       pointer|
|AB_block_21_out          |  out|  512|      ap_vld|                                   AB_block_21_out|       pointer|
|AB_block_21_out_ap_vld   |  out|    1|      ap_vld|                                   AB_block_21_out|       pointer|
|AB_block_20_out          |  out|  512|      ap_vld|                                   AB_block_20_out|       pointer|
|AB_block_20_out_ap_vld   |  out|    1|      ap_vld|                                   AB_block_20_out|       pointer|
|AB_block_19_out          |  out|  512|      ap_vld|                                   AB_block_19_out|       pointer|
|AB_block_19_out_ap_vld   |  out|    1|      ap_vld|                                   AB_block_19_out|       pointer|
|AB_block_18_out          |  out|  512|      ap_vld|                                   AB_block_18_out|       pointer|
|AB_block_18_out_ap_vld   |  out|    1|      ap_vld|                                   AB_block_18_out|       pointer|
|AB_block_17_out          |  out|  512|      ap_vld|                                   AB_block_17_out|       pointer|
|AB_block_17_out_ap_vld   |  out|    1|      ap_vld|                                   AB_block_17_out|       pointer|
|AB_block_16_out          |  out|  512|      ap_vld|                                   AB_block_16_out|       pointer|
|AB_block_16_out_ap_vld   |  out|    1|      ap_vld|                                   AB_block_16_out|       pointer|
+-------------------------+-----+-----+------------+--------------------------------------------------+--------------+

