

================================================================
== Vitis HLS Report for 'computeTiles'
================================================================
* Date:           Sat Apr 11 17:34:22 2026

* Version:        2025.1 (Build 6135595 on May 21 2025)
* Project:        baseline_blockedMM
* Solution:       hls (Vivado IP Flow Target)
* Product family: zynq
* Target device:  xc7z020-clg400-1


================================================================
== Performance Estimates
================================================================
+ Timing: 
    * Summary: 
    +--------+----------+-----------+------------+
    |  Clock |  Target  | Estimated | Uncertainty|
    +--------+----------+-----------+------------+
    |ap_clk  |  15.00 ns|  10.950 ns|     4.05 ns|
    +--------+----------+-----------+------------+

+ Latency: 
    * Summary: 
    +---------+---------+-----------+-----------+---------+---------+---------+
    |  Latency (cycles) |   Latency (absolute)  |      Interval     | Pipeline|
    |   min   |   max   |    min    |    max    |   min   |   max   |   Type  |
    +---------+---------+-----------+-----------+---------+---------+---------+
    |  6438081|  6438081|  96.571 ms|  96.571 ms|  6438081|  6438081|       no|
    +---------+---------+-----------+-----------+---------+---------+---------+

    + Detail: 
        * Instance: 
        +-------------------------------------------------------------+--------------------------------------------------+---------+---------+----------+----------+-------+-------+------------------------------------------------+
        |                                                             |                                                  |  Latency (cycles) |  Latency (absolute) |    Interval   |                    Pipeline                    |
        |                           Instance                          |                      Module                      |   min   |   max   |    min   |    max   |  min  |  max  |                      Type                      |
        +-------------------------------------------------------------+--------------------------------------------------+---------+---------+----------+----------+-------+-------+------------------------------------------------+
        |grp_computeTiles_Pipeline_k_BLOCK_loop_k_loop_i_loop_fu_279  |computeTiles_Pipeline_k_BLOCK_loop_k_loop_i_loop  |    12549|    12549|  0.188 ms|  0.188 ms|  12545|  12545|  loop auto-rewind stp (delay=0 clock cycles(s))|
        |grp_computeTiles_Pipeline_j_output_loop_fu_320               |computeTiles_Pipeline_j_output_loop               |       18|       18|  0.270 us|  0.270 us|     17|     17|  loop auto-rewind stp (delay=0 clock cycles(s))|
        +-------------------------------------------------------------+--------------------------------------------------+---------+---------+----------+----------+-------+-------+------------------------------------------------+

        * Loop: 
        +-----------------+---------+---------+----------+-----------+-----------+------+----------+
        |                 |  Latency (cycles) | Iteration|  Initiation Interval  | Trip |          |
        |    Loop Name    |   min   |   max   |  Latency |  achieved |   target  | Count| Pipelined|
        +-----------------+---------+---------+----------+-----------+-----------+------+----------+
        |- i_BLOCK_loop   |  6438080|  6438080|    100595|          -|          -|    64|        no|
        | + j_BLOCK_loop  |   100568|   100568|     12571|          -|          -|     8|        no|
        +-----------------+---------+---------+----------+-----------+-----------+------+----------+



================================================================
== Utilization Estimates
================================================================
* Summary: 
+-----------------+---------+-----+--------+-------+-----+
|       Name      | BRAM_18K| DSP |   FF   |  LUT  | URAM|
+-----------------+---------+-----+--------+-------+-----+
|DSP              |        -|    -|       -|      -|    -|
|Expression       |        -|    -|       0|  36576|    -|
|FIFO             |        -|    -|       -|      -|    -|
|Instance         |        -|   48|   10989|  39430|    -|
|Memory           |        -|    -|       -|      -|    -|
|Multiplexer      |        -|    -|       0|    259|    -|
|Register         |        -|    -|   10496|      -|    -|
+-----------------+---------+-----+--------+-------+-----+
|Total            |        0|   48|   21485|  76265|    0|
+-----------------+---------+-----+--------+-------+-----+
|Available        |      280|  220|  106400|  53200|    0|
+-----------------+---------+-----+--------+-------+-----+
|Utilization (%)  |        0|   21|      20|    143|    0|
+-----------------+---------+-----+--------+-------+-----+

+ Detail: 
    * Instance: 
    +-------------------------------------------------------------+--------------------------------------------------+---------+----+-------+-------+-----+
    |                           Instance                          |                      Module                      | BRAM_18K| DSP|   FF  |  LUT  | URAM|
    +-------------------------------------------------------------+--------------------------------------------------+---------+----+-------+-------+-----+
    |grp_computeTiles_Pipeline_j_output_loop_fu_320               |computeTiles_Pipeline_j_output_loop               |        0|   0|    520|  34812|    0|
    |grp_computeTiles_Pipeline_k_BLOCK_loop_k_loop_i_loop_fu_279  |computeTiles_Pipeline_k_BLOCK_loop_k_loop_i_loop  |        0|  48|  10469|   4618|    0|
    +-------------------------------------------------------------+--------------------------------------------------+---------+----+-------+-------+-----+
    |Total                                                        |                                                  |        0|  48|  10989|  39430|    0|
    +-------------------------------------------------------------+--------------------------------------------------+---------+----+-------+-------+-----+

    * DSP: 
    N/A

    * Memory: 
    N/A

    * FIFO: 
    N/A

    * Expression: 
    +-----------------------+----------+----+---+------+------------+------------+
    |     Variable Name     | Operation| DSP| FF|  LUT | Bitwidth P0| Bitwidth P1|
    +-----------------------+----------+----+---+------+------------+------------+
    |add_ln71_10_fu_576_p2  |         +|   0|  0|    14|           6|           6|
    |add_ln71_11_fu_582_p2  |         +|   0|  0|    14|           6|           5|
    |add_ln71_12_fu_588_p2  |         +|   0|  0|    14|           6|           5|
    |add_ln71_13_fu_594_p2  |         +|   0|  0|    14|           6|           4|
    |add_ln71_14_fu_833_p2  |         +|   0|  0|    34|          27|           1|
    |add_ln71_1_fu_504_p2   |         +|   0|  0|    14|           6|           4|
    |add_ln71_2_fu_510_p2   |         +|   0|  0|    14|           6|           4|
    |add_ln71_3_fu_516_p2   |         +|   0|  0|    14|           6|           5|
    |add_ln71_4_fu_522_p2   |         +|   0|  0|    14|           6|           5|
    |add_ln71_5_fu_528_p2   |         +|   0|  0|    14|           6|           5|
    |add_ln71_6_fu_534_p2   |         +|   0|  0|    14|           6|           5|
    |add_ln71_7_fu_558_p2   |         +|   0|  0|    14|           6|           6|
    |add_ln71_8_fu_564_p2   |         +|   0|  0|    14|           6|           6|
    |add_ln71_9_fu_570_p2   |         +|   0|  0|    14|           6|           6|
    |add_ln71_fu_498_p2     |         +|   0|  0|    14|           6|           3|
    |add_ln74_fu_1740_p2    |         +|   0|  0|    34|          27|           1|
    |empty_47_fu_851_p2     |         +|   0|  0|    71|          64|          64|
    |empty_50_fu_876_p2     |         +|   0|  0|    71|          64|           3|
    |empty_53_fu_901_p2     |         +|   0|  0|    71|          64|           4|
    |empty_56_fu_926_p2     |         +|   0|  0|    71|          64|           4|
    |empty_59_fu_951_p2     |         +|   0|  0|    71|          64|           5|
    |empty_62_fu_976_p2     |         +|   0|  0|    71|          64|           5|
    |empty_65_fu_1001_p2    |         +|   0|  0|    71|          64|           5|
    |empty_68_fu_1026_p2    |         +|   0|  0|    71|          64|           5|
    |empty_71_fu_1051_p2    |         +|   0|  0|    71|          64|           6|
    |empty_74_fu_1076_p2    |         +|   0|  0|    71|          64|           6|
    |empty_77_fu_1110_p2    |         +|   0|  0|    71|          64|           6|
    |empty_80_fu_1144_p2    |         +|   0|  0|    71|          64|           6|
    |empty_83_fu_1178_p2    |         +|   0|  0|    71|          64|           6|
    |empty_86_fu_1212_p2    |         +|   0|  0|    71|          64|           6|
    |empty_89_fu_1246_p2    |         +|   0|  0|    71|          64|           6|
    |empty_92_fu_1261_p2    |         +|   0|  0|    71|          64|           6|
    |p_neg3_fu_402_p2       |         -|   0|  0|    39|           1|          32|
    |p_neg9_fu_354_p2       |         -|   0|  0|    39|           1|          32|
    |p_neg_fu_450_p2        |         -|   0|  0|    39|           1|          32|
    |p_neg_t11_fu_370_p2    |         -|   0|  0|    35|           1|          28|
    |p_neg_t5_fu_418_p2     |         -|   0|  0|    35|           1|          28|
    |p_neg_t_fu_466_p2      |         -|   0|  0|    35|           1|          28|
    |empty_fu_794_p2        |      icmp|   0|  0|    35|          28|           1|
    |icmp_ln71_fu_828_p2    |      icmp|   0|  0|    35|          28|          28|
    |icmp_ln74_fu_1735_p2   |      icmp|   0|  0|    35|          28|          28|
    |empty_48_fu_1091_p2    |      lshr|   0|  0|  2171|         512|         512|
    |empty_51_fu_1125_p2    |      lshr|   0|  0|  2171|         512|         512|
    |empty_54_fu_1159_p2    |      lshr|   0|  0|  2171|         512|         512|
    |empty_57_fu_1193_p2    |      lshr|   0|  0|  2171|         512|         512|
    |empty_60_fu_1227_p2    |      lshr|   0|  0|  2171|         512|         512|
    |empty_63_fu_1276_p2    |      lshr|   0|  0|  2171|         512|         512|
    |empty_66_fu_1295_p2    |      lshr|   0|  0|  2171|         512|         512|
    |empty_69_fu_1314_p2    |      lshr|   0|  0|  2171|         512|         512|
    |empty_72_fu_1323_p2    |      lshr|   0|  0|  2171|         512|         512|
    |empty_75_fu_1332_p2    |      lshr|   0|  0|  2171|         512|         512|
    |empty_78_fu_1341_p2    |      lshr|   0|  0|  2171|         512|         512|
    |empty_81_fu_1350_p2    |      lshr|   0|  0|  2171|         512|         512|
    |empty_84_fu_1359_p2    |      lshr|   0|  0|  2171|         512|         512|
    |empty_87_fu_1368_p2    |      lshr|   0|  0|  2171|         512|         512|
    |empty_90_fu_1377_p2    |      lshr|   0|  0|  2171|         512|         512|
    |empty_93_fu_1386_p2    |      lshr|   0|  0|  2171|         512|         512|
    |div20_fu_482_p3        |    select|   0|  0|    28|           1|          28|
    |div2_fu_434_p3         |    select|   0|  0|    28|           1|          28|
    |div_fu_386_p3          |    select|   0|  0|    28|           1|          28|
    |empty_46_fu_800_p3     |    select|   0|  0|    27|           1|          27|
    |xor_ln71_fu_548_p2     |       xor|   0|  0|     2|           1|           2|
    +-----------------------+----------+----+---+------+------------+------------+
    |Total                  |          |   0|  0| 36576|        9449|        8756|
    +-----------------------+----------+----+---+------+------------+------------+

    * Multiplexer: 
    +---------------------+-----+-----------+-----+-----------+
    |         Name        | LUT | Input Size| Bits| Total Bits|
    +---------------------+-----+-----------+-----+-----------+
    |ap_NS_fsm            |  142|         32|    1|         32|
    |gmem_blk_n_AR        |    9|          2|    1|          2|
    |gmem_blk_n_R         |    9|          2|    1|          2|
    |ib_fu_164            |    9|          2|   27|         54|
    |jb_reg_268           |    9|          2|   27|         54|
    |m_axi_gmem_0_ARADDR  |   81|         17|   64|       1088|
    +---------------------+-----+-----------+-----+-----------+
    |Total                |  259|         57|  121|       1232|
    +---------------------+-----+-----------+-----+-----------+

    * Register: 
    +--------------------------------------------------------------------------+-----+----+-----+-----------+
    |                                   Name                                   |  FF | LUT| Bits| Const Bits|
    +--------------------------------------------------------------------------+-----+----+-----+-----------+
    |add_ln71_14_reg_2048                                                      |   27|   0|   27|          0|
    |add_ln74_reg_2631                                                         |   27|   0|   27|          0|
    |ap_CS_fsm                                                                 |   31|   0|   31|          0|
    |div2_reg_1955                                                             |   28|   0|   28|          0|
    |div_reg_1950                                                              |   28|   0|   28|          0|
    |empty_47_reg_2053                                                         |   64|   0|   64|          0|
    |empty_49_reg_2176                                                         |   32|   0|   32|          0|
    |empty_52_reg_2207                                                         |   32|   0|   32|          0|
    |empty_55_reg_2238                                                         |   32|   0|   32|          0|
    |empty_58_reg_2269                                                         |   32|   0|   32|          0|
    |empty_61_reg_2300                                                         |   32|   0|   32|          0|
    |empty_64_reg_2336                                                         |   32|   0|   32|          0|
    |empty_67_reg_2362                                                         |   32|   0|   32|          0|
    |empty_70_reg_2388                                                         |   32|   0|   32|          0|
    |empty_73_reg_2408                                                         |   32|   0|   32|          0|
    |empty_76_reg_2428                                                         |   32|   0|   32|          0|
    |empty_79_reg_2448                                                         |   32|   0|   32|          0|
    |empty_82_reg_2468                                                         |   32|   0|   32|          0|
    |empty_85_reg_2488                                                         |   32|   0|   32|          0|
    |empty_88_reg_2508                                                         |   32|   0|   32|          0|
    |empty_91_reg_2528                                                         |   32|   0|   32|          0|
    |grp_computeTiles_Pipeline_j_output_loop_fu_320_ap_start_reg               |    1|   0|    1|          0|
    |grp_computeTiles_Pipeline_k_BLOCK_loop_k_loop_i_loop_fu_279_ap_start_reg  |    1|   0|    1|          0|
    |ib_fu_164                                                                 |   27|   0|   27|          0|
    |jb_reg_268                                                                |   27|   0|   27|          0|
    |p_cast10_reg_2202                                                         |   58|   0|   58|          0|
    |p_cast11_reg_2233                                                         |   58|   0|   58|          0|
    |p_cast12_reg_2264                                                         |   58|   0|   58|          0|
    |p_cast13_reg_2295                                                         |   58|   0|   58|          0|
    |p_cast14_reg_2326                                                         |   58|   0|   58|          0|
    |p_cast15_reg_2331                                                         |   58|   0|   58|          0|
    |p_cast1_reg_2127                                                          |   58|   0|   58|          0|
    |p_cast2_reg_2083                                                          |   58|   0|   58|          0|
    |p_cast3_reg_2138                                                          |   58|   0|   58|          0|
    |p_cast492_reg_1960                                                        |    6|   0|  512|        506|
    |p_cast493_reg_1965                                                        |    6|   0|  512|        506|
    |p_cast494_reg_1970                                                        |    6|   0|  512|        506|
    |p_cast495_reg_1975                                                        |    6|   0|  512|        506|
    |p_cast496_reg_1980                                                        |    6|   0|  512|        506|
    |p_cast497_reg_1985                                                        |    6|   0|  512|        506|
    |p_cast498_reg_1990                                                        |    6|   0|  512|        506|
    |p_cast499_reg_1995                                                        |    6|   0|  512|        506|
    |p_cast4_reg_2094                                                          |   58|   0|   58|          0|
    |p_cast500_reg_2000                                                        |    6|   0|  512|        506|
    |p_cast501_reg_2005                                                        |    6|   0|  512|        506|
    |p_cast502_reg_2010                                                        |    6|   0|  512|        506|
    |p_cast503_reg_2015                                                        |    6|   0|  512|        506|
    |p_cast504_reg_2020                                                        |    6|   0|  512|        506|
    |p_cast505_reg_2025                                                        |    6|   0|  512|        506|
    |p_cast506_reg_2030                                                        |    6|   0|  512|        506|
    |p_cast5_reg_2149                                                          |   58|   0|   58|          0|
    |p_cast6_reg_2105                                                          |   58|   0|   58|          0|
    |p_cast7_reg_2160                                                          |   58|   0|   58|          0|
    |p_cast8_reg_2116                                                          |   58|   0|   58|          0|
    |p_cast9_reg_2171                                                          |   58|   0|   58|          0|
    |p_cast_reg_2072                                                           |   58|   0|   58|          0|
    |reg_342                                                                   |  512|   0|  512|          0|
    |thr_or10_reg_2598                                                         |  512|   0|  512|          0|
    |thr_or11_reg_2603                                                         |  512|   0|  512|          0|
    |thr_or12_reg_2608                                                         |  512|   0|  512|          0|
    |thr_or13_reg_2613                                                         |  512|   0|  512|          0|
    |thr_or14_reg_2618                                                         |  512|   0|  512|          0|
    |thr_or15_reg_2623                                                         |  512|   0|  512|          0|
    |thr_or1_reg_2553                                                          |  512|   0|  512|          0|
    |thr_or2_reg_2558                                                          |  512|   0|  512|          0|
    |thr_or3_reg_2563                                                          |  512|   0|  512|          0|
    |thr_or4_reg_2568                                                          |  512|   0|  512|          0|
    |thr_or5_reg_2573                                                          |  512|   0|  512|          0|
    |thr_or6_reg_2578                                                          |  512|   0|  512|          0|
    |thr_or7_reg_2583                                                          |  512|   0|  512|          0|
    |thr_or8_reg_2588                                                          |  512|   0|  512|          0|
    |thr_or9_reg_2593                                                          |  512|   0|  512|          0|
    |thr_or_reg_2548                                                           |  512|   0|  512|          0|
    |tmp_37_reg_2040                                                           |   27|   0|   35|          8|
    |zext_ln71_reg_2035                                                        |    6|   0|  512|        506|
    +--------------------------------------------------------------------------+-----+----+-----+-----------+
    |Total                                                                     |10496|   0|18600|       8104|
    +--------------------------------------------------------------------------+-----+----+-----+-----------+



================================================================
== Interface
================================================================
* Summary: 
+--------------------------+-----+-----+------------+--------------+--------------+
|         RTL Ports        | Dir | Bits|  Protocol  | Source Object|    C Type    |
+--------------------------+-----+-----+------------+--------------+--------------+
|ap_clk                    |   in|    1|  ap_ctrl_hs|  computeTiles|  return value|
|ap_rst                    |   in|    1|  ap_ctrl_hs|  computeTiles|  return value|
|ap_start                  |   in|    1|  ap_ctrl_hs|  computeTiles|  return value|
|ap_done                   |  out|    1|  ap_ctrl_hs|  computeTiles|  return value|
|ap_idle                   |  out|    1|  ap_ctrl_hs|  computeTiles|  return value|
|ap_ready                  |  out|    1|  ap_ctrl_hs|  computeTiles|  return value|
|A_stream_dout             |   in|  512|     ap_fifo|      A_stream|       pointer|
|A_stream_empty_n          |   in|    1|     ap_fifo|      A_stream|       pointer|
|A_stream_read             |  out|    1|     ap_fifo|      A_stream|       pointer|
|B_stream_dout             |   in|  512|     ap_fifo|      B_stream|       pointer|
|B_stream_empty_n          |   in|    1|     ap_fifo|      B_stream|       pointer|
|B_stream_read             |  out|    1|     ap_fifo|      B_stream|       pointer|
|m_axi_gmem_0_AWVALID      |  out|    1|       m_axi|          gmem|       pointer|
|m_axi_gmem_0_AWREADY      |   in|    1|       m_axi|          gmem|       pointer|
|m_axi_gmem_0_AWADDR       |  out|   64|       m_axi|          gmem|       pointer|
|m_axi_gmem_0_AWID         |  out|    1|       m_axi|          gmem|       pointer|
|m_axi_gmem_0_AWLEN        |  out|   32|       m_axi|          gmem|       pointer|
|m_axi_gmem_0_AWSIZE       |  out|    3|       m_axi|          gmem|       pointer|
|m_axi_gmem_0_AWBURST      |  out|    2|       m_axi|          gmem|       pointer|
|m_axi_gmem_0_AWLOCK       |  out|    2|       m_axi|          gmem|       pointer|
|m_axi_gmem_0_AWCACHE      |  out|    4|       m_axi|          gmem|       pointer|
|m_axi_gmem_0_AWPROT       |  out|    3|       m_axi|          gmem|       pointer|
|m_axi_gmem_0_AWQOS        |  out|    4|       m_axi|          gmem|       pointer|
|m_axi_gmem_0_AWREGION     |  out|    4|       m_axi|          gmem|       pointer|
|m_axi_gmem_0_AWUSER       |  out|    1|       m_axi|          gmem|       pointer|
|m_axi_gmem_0_WVALID       |  out|    1|       m_axi|          gmem|       pointer|
|m_axi_gmem_0_WREADY       |   in|    1|       m_axi|          gmem|       pointer|
|m_axi_gmem_0_WDATA        |  out|  512|       m_axi|          gmem|       pointer|
|m_axi_gmem_0_WSTRB        |  out|   64|       m_axi|          gmem|       pointer|
|m_axi_gmem_0_WLAST        |  out|    1|       m_axi|          gmem|       pointer|
|m_axi_gmem_0_WID          |  out|    1|       m_axi|          gmem|       pointer|
|m_axi_gmem_0_WUSER        |  out|    1|       m_axi|          gmem|       pointer|
|m_axi_gmem_0_ARVALID      |  out|    1|       m_axi|          gmem|       pointer|
|m_axi_gmem_0_ARREADY      |   in|    1|       m_axi|          gmem|       pointer|
|m_axi_gmem_0_ARADDR       |  out|   64|       m_axi|          gmem|       pointer|
|m_axi_gmem_0_ARID         |  out|    1|       m_axi|          gmem|       pointer|
|m_axi_gmem_0_ARLEN        |  out|   32|       m_axi|          gmem|       pointer|
|m_axi_gmem_0_ARSIZE       |  out|    3|       m_axi|          gmem|       pointer|
|m_axi_gmem_0_ARBURST      |  out|    2|       m_axi|          gmem|       pointer|
|m_axi_gmem_0_ARLOCK       |  out|    2|       m_axi|          gmem|       pointer|
|m_axi_gmem_0_ARCACHE      |  out|    4|       m_axi|          gmem|       pointer|
|m_axi_gmem_0_ARPROT       |  out|    3|       m_axi|          gmem|       pointer|
|m_axi_gmem_0_ARQOS        |  out|    4|       m_axi|          gmem|       pointer|
|m_axi_gmem_0_ARREGION     |  out|    4|       m_axi|          gmem|       pointer|
|m_axi_gmem_0_ARUSER       |  out|    1|       m_axi|          gmem|       pointer|
|m_axi_gmem_0_RVALID       |   in|    1|       m_axi|          gmem|       pointer|
|m_axi_gmem_0_RREADY       |  out|    1|       m_axi|          gmem|       pointer|
|m_axi_gmem_0_RDATA        |   in|  512|       m_axi|          gmem|       pointer|
|m_axi_gmem_0_RLAST        |   in|    1|       m_axi|          gmem|       pointer|
|m_axi_gmem_0_RID          |   in|    1|       m_axi|          gmem|       pointer|
|m_axi_gmem_0_RFIFONUM     |   in|    9|       m_axi|          gmem|       pointer|
|m_axi_gmem_0_RUSER        |   in|    1|       m_axi|          gmem|       pointer|
|m_axi_gmem_0_RRESP        |   in|    2|       m_axi|          gmem|       pointer|
|m_axi_gmem_0_BVALID       |   in|    1|       m_axi|          gmem|       pointer|
|m_axi_gmem_0_BREADY       |  out|    1|       m_axi|          gmem|       pointer|
|m_axi_gmem_0_BRESP        |   in|    2|       m_axi|          gmem|       pointer|
|m_axi_gmem_0_BID          |   in|    1|       m_axi|          gmem|       pointer|
|m_axi_gmem_0_BUSER        |   in|    1|       m_axi|          gmem|       pointer|
|C                         |   in|   64|     ap_none|             C|        scalar|
|AB_stream_din             |  out|  512|     ap_fifo|     AB_stream|       pointer|
|AB_stream_full_n          |   in|    1|     ap_fifo|     AB_stream|       pointer|
|AB_stream_write           |  out|    1|     ap_fifo|     AB_stream|       pointer|
|AB_stream_num_data_valid  |   in|   32|     ap_fifo|     AB_stream|       pointer|
|AB_stream_fifo_cap        |   in|   32|     ap_fifo|     AB_stream|       pointer|
|N                         |   in|   32|     ap_none|             N|        scalar|
|M                         |   in|   32|     ap_none|             M|        scalar|
|P                         |   in|   32|     ap_none|             P|        scalar|
+--------------------------+-----+-----+------------+--------------+--------------+

