

================================================================
== Synthesis Summary Report of 'MM'
================================================================
+ General Information: 
    * Date:           Thu Apr  9 18:27:28 2026
    * Version:        2025.2 (Build 6295257 on Nov 14 2025)
    * Project:        baseline_blockedMM
    * Solution:       hls (Vivado IP Flow Target)
    * Product family: zynq
    * Target device:  xc7z020-clg400-1
    

* Performance & Resource Estimates: 
+------------------------------------------------------------------------+------+---------------+---------------------+--------------------+--------------------+----------+---------------------+-----------+-------+-----------+----------+-------------+-------------+-----+
|                                 Modules                                | Issue|               |      Iteration      |                    |        Trip        |          |             Latency             |       |           |          |             |             |     |
|                                 & Loops                                | Type | Violation Type|       Latency       |      Interval      |        Count       | Pipelined|       (cycles)      |    (ns)   | Slack |   BRAM    |    DSP   |      FF     |     LUT     | URAM|
+------------------------------------------------------------------------+------+---------------+---------------------+--------------------+--------------------+----------+---------------------+-----------+-------+-----------+----------+-------------+-------------+-----+
|+ MM*                                                                   |     -|              -|                    -|                   -|                   -|  dataflow|                    -|          -|   0.00|  147 (52%)|  81 (36%)|  31178 (29%)|  52171 (98%)|    -|
| + entry_proc                                                           |     -|              -|                    -|                   0|                   -|        no|                    0|      0.000|   7.32|          -|         -|      3 (~0%)|     29 (~0%)|    -|
| + readAtTiles                                                          |     -|              -|                    -|                   -|                   -|        no|                    -|          -|   0.00|          -|   13 (5%)|    1671 (1%)|    1885 (3%)|    -|
|  + readAtTiles_Pipeline_i_BLOCK_loop_j_BLOCK_loop_k_BLOCK_loop_k_loop  |     -|              -|                    -|                   -|                   -|       yes|                    -|          -|   0.00|          -|    3 (1%)|    1095 (1%)|    1158 (2%)|    -|
|   o i_BLOCK_loop_j_BLOCK_loop_k_BLOCK_loop_k_loop                      |     -|              -|                   15|                   1|                   -|       yes|                    -|          -|  10.95|          -|         -|            -|            -|    -|
| + readBTiles                                                           |     -|              -|                    -|                   -|                   -|        no|                    -|          -|   0.00|          -|   13 (5%)|    1735 (1%)|    1945 (3%)|    -|
|  + readBTiles_Pipeline_i_BLOCK_loop_j_BLOCK_loop_k_BLOCK_loop_k_loop   |     -|              -|                    -|                   -|                   -|       yes|                    -|          -|   0.00|          -|    3 (1%)|    1159 (1%)|    1218 (2%)|    -|
|   o i_BLOCK_loop_j_BLOCK_loop_k_BLOCK_loop_k_loop                      |     -|              -|                   15|                   1|                   -|       yes|                    -|          -|  10.95|          -|         -|            -|            -|    -|
| + computeTiles                                                         |     -|              -|                    -|                   -|                   -|        no|                    -|          -|   0.00|          -|  48 (21%)|  20046 (18%)|  40214 (75%)|    -|
|  o i_BLOCK_loop                                                        |     -|              -|  4611685956687233024|                   -|           134217727|        no|                    -|          -|  10.95|          -|         -|            -|            -|    -|
|   o j_BLOCK_loop                                                       |     -|              -|          34359738164|                   -|           134217727|        no|  4611685956687233024|  6.918e+19|  10.95|          -|         -|            -|            -|    -|
|    + computeTiles_Pipeline_k_BLOCK_loop_k_loop_i_loop                  |     -|              -|                    -|                   -|                   -|       yes|          34359738117|  5.154e+11|   2.44|          -|  48 (21%)|   10469 (9%)|    4618 (8%)|    -|
|     o k_BLOCK_loop_k_loop_i_loop                                       |     -|              -|                    5|                   1|         34359738112|       yes|          34359738115|  5.154e+11|  10.95|          -|         -|            -|            -|    -|
|    + computeTiles_Pipeline_j_output_loop                               |     -|              -|                    -|                   -|                   -|       yes|                   18|    270.000|   3.42|          -|         -|    520 (~0%)|  34812 (65%)|    -|
|     o j_output_loop                                                    |     -|              -|                    2|                   1|                  16|       yes|                   16|    240.000|  10.95|          -|         -|            -|            -|    -|
| + writeTiles                                                           |     -|              -|                    -|  288230371856744480|                   -|        no|   288230371856744480|  4.323e+18|   0.00|          -|    7 (3%)|    1200 (1%)|    1245 (2%)|    -|
|  + writeTiles_Pipeline_i_BLOCK_loop_j_BLOCK_loop_j_output_loop         |     -|              -|                    -|                   -|                   -|       yes|   288230371856744480|  4.323e+18|   0.00|          -|    3 (1%)|    874 (~0%)|     825 (1%)|    -|
|   o i_BLOCK_loop_j_BLOCK_loop_j_output_loop                            |     -|              -|                   11|                   1|  288230371856744448|       yes|   288230371856744480|  4.323e+18|  10.95|          -|         -|            -|            -|    -|
+------------------------------------------------------------------------+------+---------------+---------------------+--------------------+--------------------+----------+---------------------+-----------+-------+-----------+----------+-------------+-------------+-----+
    Name Prefix: '+' for module, 'o' for loop, '*' for dataflow


================================================================
== HW Interfaces
================================================================
* M_AXI
+-------------+------------+------------+---------------+---------+--------+----------+-----------+--------------+--------------+-------------+-------------+-------------------+
| Interface   | Read/Write | Data Width | Address Width | Latency | Offset | Register | Max Widen | Max Read     | Max Write    | Num Read    | Num Write   | Resource Estimate |
|             |            | (SW->HW)   |               |         |        |          | Bitwidth  | Burst Length | Burst Length | Outstanding | Outstanding |                   |
+-------------+------------+------------+---------------+---------+--------+----------+-----------+--------------+--------------+-------------+-------------+-------------------+
| m_axi_gmem0 | READ_ONLY  | 512 -> 512 | 64            | 0       | slave  | 0        | 0         | 16           | 16           | 16          | 16          | BRAM=29           |
| m_axi_gmem1 | READ_ONLY  | 512 -> 512 | 64            | 0       | slave  | 0        | 0         | 16           | 16           | 16          | 16          | BRAM=29           |
| m_axi_gmem2 | READ_ONLY  | 32 -> 32   | 64            | 0       | slave  | 0        | 0         | 16           | 16           | 16          | 16          | BRAM=2            |
| m_axi_gmem3 | WRITE_ONLY | 512 -> 512 | 64            | 0       | slave  | 0        | 0         | 16           | 16           | 16          | 16          |                   |
+-------------+------------+------------+---------------+---------+--------+----------+-----------+--------------+--------------+-------------+-------------+-------------------+

* S_AXILITE Interfaces
+---------------+------------+---------------+--------+----------+
| Interface     | Data Width | Address Width | Offset | Register |
+---------------+------------+---------------+--------+----------+
| s_axi_control | 32         | 7             | 16     | 0        |
+---------------+------------+---------------+--------+----------+

* S_AXILITE Registers
+---------------+----------+--------+-------+--------+----------------------------------+----------------------------------------------------------------------+
| Interface     | Register | Offset | Width | Access | Description                      | Bit Fields                                                           |
+---------------+----------+--------+-------+--------+----------------------------------+----------------------------------------------------------------------+
| s_axi_control | CTRL     | 0x00   | 32    | RW     | Control signals                  | 0=AP_START 1=AP_DONE 2=AP_IDLE 3=AP_READY 7=AUTO_RESTART 9=INTERRUPT |
| s_axi_control | GIER     | 0x04   | 32    | RW     | Global Interrupt Enable Register | 0=Enable                                                             |
| s_axi_control | IP_IER   | 0x08   | 32    | RW     | IP Interrupt Enable Register     | 0=CHAN0_INT_EN 1=CHAN1_INT_EN                                        |
| s_axi_control | IP_ISR   | 0x0c   | 32    | RW     | IP Interrupt Status Register     | 0=CHAN0_INT_ST 1=CHAN1_INT_ST                                        |
| s_axi_control | AT_1     | 0x10   | 32    | W      | Data signal of AT                |                                                                      |
| s_axi_control | AT_2     | 0x14   | 32    | W      | Data signal of AT                |                                                                      |
| s_axi_control | B_1      | 0x1c   | 32    | W      | Data signal of B                 |                                                                      |
| s_axi_control | B_2      | 0x20   | 32    | W      | Data signal of B                 |                                                                      |
| s_axi_control | C_1      | 0x28   | 32    | W      | Data signal of C                 |                                                                      |
| s_axi_control | C_2      | 0x2c   | 32    | W      | Data signal of C                 |                                                                      |
| s_axi_control | ABC_1    | 0x34   | 32    | W      | Data signal of ABC               |                                                                      |
| s_axi_control | ABC_2    | 0x38   | 32    | W      | Data signal of ABC               |                                                                      |
| s_axi_control | N        | 0x40   | 32    | W      | Data signal of N                 |                                                                      |
| s_axi_control | M        | 0x48   | 32    | W      | Data signal of M                 |                                                                      |
| s_axi_control | P        | 0x50   | 32    | W      | Data signal of P                 |                                                                      |
+---------------+----------+--------+-------+--------+----------------------------------+----------------------------------------------------------------------+

* TOP LEVEL CONTROL
+-----------+------------+-----------+
| Interface | Type       | Ports     |
+-----------+------------+-----------+
| ap_clk    | clock      | ap_clk    |
| ap_rst_n  | reset      | ap_rst_n  |
| interrupt | interrupt  | interrupt |
| ap_ctrl   | ap_ctrl_hs |           |
+-----------+------------+-----------+


================================================================
== SW I/O Information
================================================================
* Top Function Arguments
+----------+-----------+--------------------+
| Argument | Direction | Datatype           |
+----------+-----------+--------------------+
| AT       | in        | vector<int, 16UL>* |
| B        | in        | vector<int, 16UL>* |
| C        | in        | int*               |
| ABC      | out       | vector<int, 16UL>* |
| N        | in        | int                |
| M        | in        | int                |
| P        | in        | int                |
+----------+-----------+--------------------+

* SW-to-HW Mapping
+----------+---------------+-----------+----------+---------------------------------+
| Argument | HW Interface  | HW Type   | HW Usage | HW Info                         |
+----------+---------------+-----------+----------+---------------------------------+
| AT       | m_axi_gmem0   | interface |          | channel=0                       |
| AT       | s_axi_control | register  | offset   | name=AT_1 offset=0x10 range=32  |
| AT       | s_axi_control | register  | offset   | name=AT_2 offset=0x14 range=32  |
| B        | m_axi_gmem1   | interface |          | channel=0                       |
| B        | s_axi_control | register  | offset   | name=B_1 offset=0x1c range=32   |
| B        | s_axi_control | register  | offset   | name=B_2 offset=0x20 range=32   |
| C        | m_axi_gmem2   | interface |          | channel=0                       |
| C        | s_axi_control | register  | offset   | name=C_1 offset=0x28 range=32   |
| C        | s_axi_control | register  | offset   | name=C_2 offset=0x2c range=32   |
| ABC      | m_axi_gmem3   | interface |          | channel=0                       |
| ABC      | s_axi_control | register  | offset   | name=ABC_1 offset=0x34 range=32 |
| ABC      | s_axi_control | register  | offset   | name=ABC_2 offset=0x38 range=32 |
| N        | s_axi_control | register  |          | name=N offset=0x40 range=32     |
| M        | s_axi_control | register  |          | name=M offset=0x48 range=32     |
| P        | s_axi_control | register  |          | name=P offset=0x50 range=32     |
+----------+---------------+-----------+----------+---------------------------------+


================================================================
== M_AXI Burst Information
================================================================
 Note: All burst requests might be further partitioned into multiple requests during RTL generation based on max_read_burst_length or max_write_burst_length settings.

* Inferred Burst Summary
+--------------+-----------+--------+-------+
| HW Interface | Direction | Length | Width |
+--------------+-----------+--------+-------+
| m_axi_gmem2  | read      | 16     | 32    |
+--------------+-----------+--------+-------+

* All M_AXI Variable Accesses
+--------------+----------+-------------------------------+-----------+--------------+--------+---------------+-------------------------------+------------+-------------------------------------------------------------------------------------------------------+
| HW Interface | Variable | Access Location               | Direction | Burst Status | Length | Loop          | Loop Location                 | Resolution | Problem                                                                                               |
+--------------+----------+-------------------------------+-----------+--------------+--------+---------------+-------------------------------+------------+-------------------------------------------------------------------------------------------------------+
| m_axi_gmem0  | AT       | ../MLP_baseline/mm.cpp:20:41  | read      | Fail         |        | k_loop        | ../MLP_baseline/mm.cpp:18:17  | 214-229    | Could not analyze pattern                                                                             |
| m_axi_gmem1  | B        | ../MLP_baseline/mm.cpp:20:41  | read      | Fail         |        | k_loop        | ../MLP_baseline/mm.cpp:44:17  | 214-229    | Could not analyze pattern                                                                             |
| m_axi_gmem2  | C        | ../MLP_baseline/mm.cpp:74:38  | read      | Widen Fail   |        |               |                               | 214-353    | Could not widen since type i32 size is greater than or equal to the max_widen_bitwidth threshold of 0 |
| m_axi_gmem2  | C        | ../MLP_baseline/mm.cpp:74:38  | read      | Fail         |        | j_BLOCK_loop  | ../MLP_baseline/mm.cpp:67:9   | 214-230    | Stride is incompatible                                                                                |
| m_axi_gmem2  | C        | ../MLP_baseline/mm.cpp:74:38  | read      | Inferred     | 16     | j_BLOCK_loop  | ../MLP_baseline/mm.cpp:67:9   |            |                                                                                                       |
| m_axi_gmem3  | ABC      | ../MLP_baseline/mm.cpp:130:79 | write     | Fail         |        | j_output_loop | ../MLP_baseline/mm.cpp:127:13 | 214-229    | Could not analyze pattern                                                                             |
+--------------+----------+-------------------------------+-----------+--------------+--------+---------------+-------------------------------+------------+-------------------------------------------------------------------------------------------------------+

    * Resolution URL: docs.amd.com/access/sources/dita/topic?Doc_Version=2025.2%20English&url=ug1448-hls-guidance&resourceid=XXX-YYY.html (replace XXX-YYY with column value)

================================================================
== Bind Op Report
================================================================
+------------------------------------------------------------------------+-----+--------+----------------+-----------+--------------------------+---------+
| Name                                                                   | DSP | Pragma | Variable       | Op        | Impl                     | Latency |
+------------------------------------------------------------------------+-----+--------+----------------+-----------+--------------------------+---------+
| + MM                                                                   | 81  |        |                |           |                          |         |
|  + readAtTiles                                                         | 13  |        |                |           |                          |         |
|    sub_ln12_fu_243_p2                                                  |     |        | sub_ln12       | sub       | fabric                   | 0       |
|    sub_ln12_1_fu_259_p2                                                |     |        | sub_ln12_1     | sub       | fabric                   | 0       |
|    select_ln12_fu_275_p3                                               |     |        | select_ln12    | select    | auto_sel                 | 0       |
|    sub_ln14_fu_111_p2                                                  |     |        | sub_ln14       | sub       | fabric                   | 0       |
|    sub_ln14_1_fu_127_p2                                                |     |        | sub_ln14_1     | sub       | fabric                   | 0       |
|    select_ln14_fu_143_p3                                               |     |        | select_ln14    | select    | auto_sel                 | 0       |
|    sub_ln16_fu_163_p2                                                  |     |        | sub_ln16       | sub       | fabric                   | 0       |
|    sub_ln16_1_fu_179_p2                                                |     |        | sub_ln16_1     | sub       | fabric                   | 0       |
|    select_ln16_fu_195_p3                                               |     |        | select_ln16    | select    | auto_sel                 | 0       |
|    empty_40_fu_207_p2                                                  |     |        | empty_40       | setgt     | auto                     | 0       |
|    smax_fu_213_p3                                                      |     |        | smax           | select    | auto_sel                 | 0       |
|    empty_41_fu_221_p2                                                  |     |        | empty_41       | setgt     | auto                     | 0       |
|    smax2_fu_227_p3                                                     |     |        | smax2          | select    | auto_sel                 | 0       |
|    mul_27ns_31ns_58_1_1_U13                                            | 4   |        | bound6         | mul       | auto                     | 0       |
|    empty_42_fu_303_p2                                                  |     |        | empty_42       | setgt     | auto                     | 0       |
|    smax20_fu_309_p3                                                    |     |        | smax20         | select    | auto_sel                 | 0       |
|    mul_27ns_58ns_85_2_1_U14                                            | 6   |        | bound25        | mul       | auto                     | 1       |
|   + readAtTiles_Pipeline_i_BLOCK_loop_j_BLOCK_loop_k_BLOCK_loop_k_loop | 3   |        |                |           |                          |         |
|     icmp_ln12_fu_238_p2                                                |     |        | icmp_ln12      | seteq     | auto                     | 0       |
|     add_ln12_fu_249_p2                                                 |     |        | add_ln12       | add       | fabric                   | 0       |
|     icmp_ln14_fu_255_p2                                                |     |        | icmp_ln14      | seteq     | auto                     | 0       |
|     xor_ln12_fu_333_p2                                                 |     |        | xor_ln12       | xor       | auto                     | 0       |
|     icmp_ln18_fu_338_p2                                                |     |        | icmp_ln18      | seteq     | auto                     | 0       |
|     icmp_ln16_fu_260_p2                                                |     |        | icmp_ln16      | seteq     | auto                     | 0       |
|     icmp_ln16_1_fu_265_p2                                              |     |        | icmp_ln16_1    | seteq     | auto                     | 0       |
|     select_ln12_fu_270_p3                                              |     |        | select_ln12    | select    | auto_sel                 | 0       |
|     add_ln12_1_fu_437_p2                                               |     |        | add_ln12_1     | add       | fabric                   | 0       |
|     select_ln12_1_fu_443_p3                                            |     |        | select_ln12_1  | select    | auto_sel                 | 0       |
|     or_ln14_fu_278_p2                                                  |     |        | or_ln14        | or        | auto                     | 0       |
|     select_ln14_fu_344_p3                                              |     |        | select_ln14    | select    | auto_sel                 | 0       |
|     xor_ln14_fu_351_p2                                                 |     |        | xor_ln14       | xor       | auto                     | 0       |
|     and_ln12_fu_356_p2                                                 |     |        | and_ln12       | and       | auto                     | 0       |
|     and_ln14_fu_362_p2                                                 |     |        | and_ln14       | and       | auto                     | 0       |
|     kb_4_fu_368_p2                                                     |     |        | kb_4           | add       | fabric                   | 0       |
|     or_ln16_fu_374_p2                                                  |     |        | or_ln16        | or        | auto                     | 0       |
|     or_ln16_1_fu_379_p2                                                |     |        | or_ln16_1      | or        | auto                     | 0       |
|     select_ln16_fu_384_p3                                              |     |        | select_ln16    | select    | auto_sel                 | 0       |
|     select_ln16_1_fu_392_p3                                            |     |        | select_ln16_1  | select    | auto_sel                 | 0       |
|     add_ln20_fu_412_p2                                                 |     |        | add_ln20       | add       | fabric                   | 0       |
|     mul_32s_32s_32_1_1_U3                                              | 3   |        | mul_ln20       | mul       | auto                     | 0       |
|     add_ln20_1_fu_458_p2                                               |     |        | add_ln20_1     | add       | fabric                   | 0       |
|     sub_ln20_fu_475_p2                                                 |     |        | sub_ln20       | sub       | fabric                   | 0       |
|     sub_ln20_1_fu_490_p2                                               |     |        | sub_ln20_1     | sub       | fabric                   | 0       |
|     select_ln20_fu_505_p3                                              |     |        | select_ln20    | select    | auto_sel                 | 0       |
|     add_ln20_2_fu_525_p2                                               |     |        | add_ln20_2     | add       | fabric                   | 0       |
|     k_fu_418_p2                                                        |     |        | k              | add       | fabric                   | 0       |
|     add_ln16_1_fu_284_p2                                               |     |        | add_ln16_1     | add       | fabric                   | 0       |
|     select_ln16_2_fu_290_p3                                            |     |        | select_ln16_2  | select    | auto_sel                 | 0       |
|     add_ln14_fu_298_p2                                                 |     |        | add_ln14       | add       | fabric                   | 0       |
|     select_ln14_1_fu_304_p3                                            |     |        | select_ln14_1  | select    | auto_sel                 | 0       |
|  + readBTiles                                                          | 13  |        |                |           |                          |         |
|    sub_ln38_fu_243_p2                                                  |     |        | sub_ln38       | sub       | fabric                   | 0       |
|    sub_ln38_1_fu_259_p2                                                |     |        | sub_ln38_1     | sub       | fabric                   | 0       |
|    select_ln38_fu_275_p3                                               |     |        | select_ln38    | select    | auto_sel                 | 0       |
|    sub_ln40_fu_111_p2                                                  |     |        | sub_ln40       | sub       | fabric                   | 0       |
|    sub_ln40_1_fu_127_p2                                                |     |        | sub_ln40_1     | sub       | fabric                   | 0       |
|    select_ln40_fu_143_p3                                               |     |        | select_ln40    | select    | auto_sel                 | 0       |
|    sub_ln42_fu_163_p2                                                  |     |        | sub_ln42       | sub       | fabric                   | 0       |
|    sub_ln42_1_fu_179_p2                                                |     |        | sub_ln42_1     | sub       | fabric                   | 0       |
|    select_ln42_fu_195_p3                                               |     |        | select_ln42    | select    | auto_sel                 | 0       |
|    empty_37_fu_207_p2                                                  |     |        | empty_37       | setgt     | auto                     | 0       |
|    smax_fu_213_p3                                                      |     |        | smax           | select    | auto_sel                 | 0       |
|    empty_38_fu_221_p2                                                  |     |        | empty_38       | setgt     | auto                     | 0       |
|    smax2_fu_227_p3                                                     |     |        | smax2          | select    | auto_sel                 | 0       |
|    mul_27ns_31ns_58_1_1_U32                                            | 4   |        | bound6         | mul       | auto                     | 0       |
|    empty_39_fu_303_p2                                                  |     |        | empty_39       | setgt     | auto                     | 0       |
|    smax23_fu_309_p3                                                    |     |        | smax23         | select    | auto_sel                 | 0       |
|    mul_27ns_58ns_85_2_1_U33                                            | 6   |        | bound28        | mul       | auto                     | 1       |
|   + readBTiles_Pipeline_i_BLOCK_loop_j_BLOCK_loop_k_BLOCK_loop_k_loop  | 3   |        |                |           |                          |         |
|     icmp_ln38_fu_238_p2                                                |     |        | icmp_ln38      | seteq     | auto                     | 0       |
|     add_ln38_fu_249_p2                                                 |     |        | add_ln38       | add       | fabric                   | 0       |
|     icmp_ln40_fu_255_p2                                                |     |        | icmp_ln40      | seteq     | auto                     | 0       |
|     select_ln38_fu_437_p3                                              |     |        | select_ln38    | select    | auto_sel                 | 0       |
|     xor_ln38_fu_333_p2                                                 |     |        | xor_ln38       | xor       | auto                     | 0       |
|     icmp_ln44_fu_338_p2                                                |     |        | icmp_ln44      | seteq     | auto                     | 0       |
|     icmp_ln42_fu_260_p2                                                |     |        | icmp_ln42      | seteq     | auto                     | 0       |
|     icmp_ln42_1_fu_265_p2                                              |     |        | icmp_ln42_1    | seteq     | auto                     | 0       |
|     select_ln38_1_fu_270_p3                                            |     |        | select_ln38_1  | select    | auto_sel                 | 0       |
|     jb_4_fu_444_p2                                                     |     |        | jb_4           | add       | fabric                   | 0       |
|     or_ln40_fu_278_p2                                                  |     |        | or_ln40        | or        | auto                     | 0       |
|     select_ln40_fu_344_p3                                              |     |        | select_ln40    | select    | auto_sel                 | 0       |
|     xor_ln40_fu_351_p2                                                 |     |        | xor_ln40       | xor       | auto                     | 0       |
|     and_ln38_fu_356_p2                                                 |     |        | and_ln38       | and       | auto                     | 0       |
|     and_ln40_fu_362_p2                                                 |     |        | and_ln40       | and       | auto                     | 0       |
|     select_ln40_1_fu_450_p3                                            |     |        | select_ln40_1  | select    | auto_sel                 | 0       |
|     kb_2_fu_368_p2                                                     |     |        | kb_2           | add       | fabric                   | 0       |
|     or_ln42_fu_374_p2                                                  |     |        | or_ln42        | or        | auto                     | 0       |
|     or_ln42_1_fu_379_p2                                                |     |        | or_ln42_1      | or        | auto                     | 0       |
|     select_ln42_fu_384_p3                                              |     |        | select_ln42    | select    | auto_sel                 | 0       |
|     select_ln42_1_fu_392_p3                                            |     |        | select_ln42_1  | select    | auto_sel                 | 0       |
|     add_ln46_fu_412_p2                                                 |     |        | add_ln46       | add       | fabric                   | 0       |
|     mul_32s_32s_32_1_1_U23                                             | 3   |        | mul_ln46       | mul       | auto                     | 0       |
|     add_ln46_1_fu_465_p2                                               |     |        | add_ln46_1     | add       | fabric                   | 0       |
|     sub_ln46_fu_482_p2                                                 |     |        | sub_ln46       | sub       | fabric                   | 0       |
|     sub_ln46_1_fu_497_p2                                               |     |        | sub_ln46_1     | sub       | fabric                   | 0       |
|     select_ln46_fu_512_p3                                              |     |        | select_ln46    | select    | auto_sel                 | 0       |
|     add_ln46_2_fu_532_p2                                               |     |        | add_ln46_2     | add       | fabric                   | 0       |
|     k_1_fu_418_p2                                                      |     |        | k_1            | add       | fabric                   | 0       |
|     add_ln42_1_fu_284_p2                                               |     |        | add_ln42_1     | add       | fabric                   | 0       |
|     select_ln42_2_fu_290_p3                                            |     |        | select_ln42_2  | select    | auto_sel                 | 0       |
|     add_ln40_1_fu_298_p2                                               |     |        | add_ln40_1     | add       | fabric                   | 0       |
|     select_ln40_2_fu_304_p3                                            |     |        | select_ln40_2  | select    | auto_sel                 | 0       |
|  + computeTiles                                                        | 48  |        |                |           |                          |         |
|    sub_ln65_fu_314_p2                                                  |     |        | sub_ln65       | sub       | fabric                   | 0       |
|    sub_ln65_1_fu_330_p2                                                |     |        | sub_ln65_1     | sub       | fabric                   | 0       |
|    select_ln65_fu_346_p3                                               |     |        | select_ln65    | select    | auto_sel                 | 0       |
|    sub_ln67_fu_362_p2                                                  |     |        | sub_ln67       | sub       | fabric                   | 0       |
|    sub_ln67_1_fu_378_p2                                                |     |        | sub_ln67_1     | sub       | fabric                   | 0       |
|    select_ln67_fu_394_p3                                               |     |        | select_ln67    | select    | auto_sel                 | 0       |
|    sub_ln80_fu_410_p2                                                  |     |        | sub_ln80       | sub       | fabric                   | 0       |
|    sub_ln80_1_fu_426_p2                                                |     |        | sub_ln80_1     | sub       | fabric                   | 0       |
|    select_ln80_fu_442_p3                                               |     |        | select_ln80    | select    | auto_sel                 | 0       |
|    empty_43_fu_454_p2                                                  |     |        | empty_43       | setgt     | auto                     | 0       |
|    empty_44_fu_460_p3                                                  |     |        | empty_44       | select    | auto_sel                 | 0       |
|    icmp_ln65_fu_488_p2                                                 |     |        | icmp_ln65      | setlt     | auto                     | 0       |
|    add_ln65_fu_493_p2                                                  |     |        | add_ln65       | add       | fabric                   | 0       |
|    add_ln74_fu_511_p2                                                  |     |        | add_ln74       | add       | fabric                   | 0       |
|    icmp_ln67_fu_540_p2                                                 |     |        | icmp_ln67      | setlt     | auto                     | 0       |
|    add_ln67_fu_545_p2                                                  |     |        | add_ln67       | add       | fabric                   | 0       |
|   + computeTiles_Pipeline_k_BLOCK_loop_k_loop_i_loop                   | 48  |        |                |           |                          |         |
|     icmp_ln80_fu_699_p2                                                |     |        | icmp_ln80      | seteq     | auto                     | 0       |
|     add_ln80_fu_704_p2                                                 |     |        | add_ln80       | add       | fabric                   | 0       |
|     icmp_ln82_fu_713_p2                                                |     |        | icmp_ln82      | seteq     | auto                     | 0       |
|     xor_ln61_fu_719_p2                                                 |     |        | xor_ln61       | xor       | auto                     | 0       |
|     icmp_ln87_fu_725_p2                                                |     |        | icmp_ln87      | seteq     | auto                     | 0       |
|     and_ln61_fu_731_p2                                                 |     |        | and_ln61       | and       | auto                     | 0       |
|     or_ln61_fu_737_p2                                                  |     |        | or_ln61        | or        | auto                     | 0       |
|     select_ln61_fu_743_p3                                              |     |        | select_ln61    | select    | auto_sel                 | 0       |
|     first_iter_0_fu_751_p2                                             |     |        | first_iter_0   | seteq     | auto                     | 0       |
|     lshr_ln92_fu_1011_p2                                               |     |        | lshr_ln92      | lshr      | auto_pipe                | 0       |
|     mul_32s_32s_32_1_1_U40                                             | 3   |        | mul_ln92       | mul       | auto                     | 0       |
|     sparsemux_33_4_32_1_1_U56                                          |     |        | tmp_s          | sparsemux | compactencoding_dontcare | 0       |
|     add_ln92_fu_1204_p2                                                |     |        | add_ln92       | add       | fabric                   | 0       |
|     mul_32s_32s_32_1_1_U41                                             | 3   |        | mul_ln92_1     | mul       | auto                     | 0       |
|     mul_32s_32s_32_1_1_U42                                             | 3   |        | mul_ln92_2     | mul       | auto                     | 0       |
|     mul_32s_32s_32_1_1_U43                                             | 3   |        | mul_ln92_3     | mul       | auto                     | 0       |
|     mul_32s_32s_32_1_1_U44                                             | 3   |        | mul_ln92_4     | mul       | auto                     | 0       |
|     mul_32s_32s_32_1_1_U45                                             | 3   |        | mul_ln92_5     | mul       | auto                     | 0       |
|     mul_32s_32s_32_1_1_U46                                             | 3   |        | mul_ln92_6     | mul       | auto                     | 0       |
|     mul_32s_32s_32_1_1_U47                                             | 3   |        | mul_ln92_7     | mul       | auto                     | 0       |
|     mul_32s_32s_32_1_1_U48                                             | 3   |        | mul_ln92_8     | mul       | auto                     | 0       |
|     mul_32s_32s_32_1_1_U49                                             | 3   |        | mul_ln92_9     | mul       | auto                     | 0       |
|     mul_32s_32s_32_1_1_U50                                             | 3   |        | mul_ln92_10    | mul       | auto                     | 0       |
|     mul_32s_32s_32_1_1_U51                                             | 3   |        | mul_ln92_11    | mul       | auto                     | 0       |
|     mul_32s_32s_32_1_1_U52                                             | 3   |        | mul_ln92_12    | mul       | auto                     | 0       |
|     mul_32s_32s_32_1_1_U53                                             | 3   |        | mul_ln92_13    | mul       | auto                     | 0       |
|     mul_32s_32s_32_1_1_U54                                             | 3   |        | mul_ln92_14    | mul       | auto                     | 0       |
|     mul_32s_32s_32_1_1_U55                                             | 3   |        | mul_ln92_15    | mul       | auto                     | 0       |
|     sparsemux_33_4_32_1_1_U57                                          |     |        | tmp_1          | sparsemux | compactencoding_dontcare | 0       |
|     add_ln92_1_fu_1440_p2                                              |     |        | add_ln92_1     | add       | fabric                   | 0       |
|     sparsemux_33_4_32_1_1_U58                                          |     |        | tmp_2          | sparsemux | compactencoding_dontcare | 0       |
|     add_ln92_2_fu_1676_p2                                              |     |        | add_ln92_2     | add       | fabric                   | 0       |
|     sparsemux_33_4_32_1_1_U59                                          |     |        | tmp_3          | sparsemux | compactencoding_dontcare | 0       |
|     add_ln92_3_fu_1912_p2                                              |     |        | add_ln92_3     | add       | fabric                   | 0       |
|     sparsemux_33_4_32_1_1_U60                                          |     |        | tmp_4          | sparsemux | compactencoding_dontcare | 0       |
|     add_ln92_4_fu_2148_p2                                              |     |        | add_ln92_4     | add       | fabric                   | 0       |
|     sparsemux_33_4_32_1_1_U61                                          |     |        | tmp_5          | sparsemux | compactencoding_dontcare | 0       |
|     add_ln92_5_fu_2384_p2                                              |     |        | add_ln92_5     | add       | fabric                   | 0       |
|     sparsemux_33_4_32_1_1_U62                                          |     |        | tmp_6          | sparsemux | compactencoding_dontcare | 0       |
|     add_ln92_6_fu_2620_p2                                              |     |        | add_ln92_6     | add       | fabric                   | 0       |
|     sparsemux_33_4_32_1_1_U63                                          |     |        | tmp_7          | sparsemux | compactencoding_dontcare | 0       |
|     add_ln92_7_fu_2856_p2                                              |     |        | add_ln92_7     | add       | fabric                   | 0       |
|     sparsemux_33_4_32_1_1_U64                                          |     |        | tmp_8          | sparsemux | compactencoding_dontcare | 0       |
|     add_ln92_8_fu_3092_p2                                              |     |        | add_ln92_8     | add       | fabric                   | 0       |
|     sparsemux_33_4_32_1_1_U65                                          |     |        | tmp_9          | sparsemux | compactencoding_dontcare | 0       |
|     add_ln92_9_fu_3328_p2                                              |     |        | add_ln92_9     | add       | fabric                   | 0       |
|     sparsemux_33_4_32_1_1_U66                                          |     |        | tmp_10         | sparsemux | compactencoding_dontcare | 0       |
|     add_ln92_10_fu_3564_p2                                             |     |        | add_ln92_10    | add       | fabric                   | 0       |
|     sparsemux_33_4_32_1_1_U67                                          |     |        | tmp_11         | sparsemux | compactencoding_dontcare | 0       |
|     add_ln92_11_fu_3800_p2                                             |     |        | add_ln92_11    | add       | fabric                   | 0       |
|     sparsemux_33_4_32_1_1_U68                                          |     |        | tmp_12         | sparsemux | compactencoding_dontcare | 0       |
|     add_ln92_12_fu_4036_p2                                             |     |        | add_ln92_12    | add       | fabric                   | 0       |
|     sparsemux_33_4_32_1_1_U69                                          |     |        | tmp_13         | sparsemux | compactencoding_dontcare | 0       |
|     add_ln92_13_fu_4272_p2                                             |     |        | add_ln92_13    | add       | fabric                   | 0       |
|     sparsemux_33_4_32_1_1_U70                                          |     |        | tmp_14         | sparsemux | compactencoding_dontcare | 0       |
|     add_ln92_14_fu_4508_p2                                             |     |        | add_ln92_14    | add       | fabric                   | 0       |
|     sparsemux_33_4_32_1_1_U71                                          |     |        | tmp_15         | sparsemux | compactencoding_dontcare | 0       |
|     add_ln92_15_fu_4744_p2                                             |     |        | add_ln92_15    | add       | fabric                   | 0       |
|     add_ln87_fu_795_p2                                                 |     |        | add_ln87       | add       | fabric                   | 0       |
|     add_ln82_fu_801_p2                                                 |     |        | add_ln82       | add       | fabric                   | 0       |
|     select_ln82_fu_807_p3                                              |     |        | select_ln82    | select    | auto_sel                 | 0       |
|   + computeTiles_Pipeline_j_output_loop                                | 0   |        |                |           |                          |         |
|     icmp_ln100_fu_185_p2                                               |     |        | icmp_ln100     | seteq     | auto                     | 0       |
|     add_ln100_fu_191_p2                                                |     |        | add_ln100      | add       | fabric                   | 0       |
|     lshr_ln107_fu_213_p2                                               |     |        | lshr_ln107     | lshr      | auto_pipe                | 0       |
|     lshr_ln107_1_fu_223_p2                                             |     |        | lshr_ln107_1   | lshr      | auto_pipe                | 0       |
|     lshr_ln107_2_fu_233_p2                                             |     |        | lshr_ln107_2   | lshr      | auto_pipe                | 0       |
|     lshr_ln107_3_fu_243_p2                                             |     |        | lshr_ln107_3   | lshr      | auto_pipe                | 0       |
|     lshr_ln107_4_fu_253_p2                                             |     |        | lshr_ln107_4   | lshr      | auto_pipe                | 0       |
|     lshr_ln107_5_fu_263_p2                                             |     |        | lshr_ln107_5   | lshr      | auto_pipe                | 0       |
|     lshr_ln107_6_fu_273_p2                                             |     |        | lshr_ln107_6   | lshr      | auto_pipe                | 0       |
|     lshr_ln107_7_fu_283_p2                                             |     |        | lshr_ln107_7   | lshr      | auto_pipe                | 0       |
|     lshr_ln107_8_fu_293_p2                                             |     |        | lshr_ln107_8   | lshr      | auto_pipe                | 0       |
|     lshr_ln107_9_fu_303_p2                                             |     |        | lshr_ln107_9   | lshr      | auto_pipe                | 0       |
|     lshr_ln107_10_fu_313_p2                                            |     |        | lshr_ln107_10  | lshr      | auto_pipe                | 0       |
|     lshr_ln107_11_fu_323_p2                                            |     |        | lshr_ln107_11  | lshr      | auto_pipe                | 0       |
|     lshr_ln107_12_fu_333_p2                                            |     |        | lshr_ln107_12  | lshr      | auto_pipe                | 0       |
|     lshr_ln107_13_fu_343_p2                                            |     |        | lshr_ln107_13  | lshr      | auto_pipe                | 0       |
|     lshr_ln107_14_fu_353_p2                                            |     |        | lshr_ln107_14  | lshr      | auto_pipe                | 0       |
|     lshr_ln107_15_fu_363_p2                                            |     |        | lshr_ln107_15  | lshr      | auto_pipe                | 0       |
|  + writeTiles                                                          | 7   |        |                |           |                          |         |
|    sub_ln123_fu_166_p2                                                 |     |        | sub_ln123      | sub       | fabric                   | 0       |
|    sub_ln123_1_fu_181_p2                                               |     |        | sub_ln123_1    | sub       | fabric                   | 0       |
|    select_ln123_fu_187_p3                                              |     |        | select_ln123   | select    | auto_sel                 | 0       |
|    sub_ln125_fu_122_p2                                                 |     |        | sub_ln125      | sub       | fabric                   | 0       |
|    sub_ln125_1_fu_138_p2                                               |     |        | sub_ln125_1    | sub       | fabric                   | 0       |
|    select_ln125_fu_154_p3                                              |     |        | select_ln125   | select    | auto_sel                 | 0       |
|    empty_34_fu_197_p2                                                  |     |        | empty_34       | setgt     | auto                     | 0       |
|    empty_35_fu_202_p3                                                  |     |        | empty_35       | select    | auto_sel                 | 0       |
|    empty_36_fu_209_p2                                                  |     |        | empty_36       | setgt     | auto                     | 0       |
|    smax2_fu_215_p3                                                     |     |        | smax2          | select    | auto_sel                 | 0       |
|    mul_27ns_31ns_58_1_1_U142                                           | 4   |        | bound6         | mul       | auto                     | 0       |
|   + writeTiles_Pipeline_i_BLOCK_loop_j_BLOCK_loop_j_output_loop        | 3   |        |                |           |                          |         |
|     icmp_ln123_fu_218_p2                                               |     |        | icmp_ln123     | seteq     | auto                     | 0       |
|     add_ln123_fu_232_p2                                                |     |        | add_ln123      | add       | fabric                   | 0       |
|     icmp_ln125_fu_238_p2                                               |     |        | icmp_ln125     | seteq     | auto                     | 0       |
|     select_ln123_fu_243_p3                                             |     |        | select_ln123   | select    | auto_sel                 | 0       |
|     xor_ln123_fu_251_p2                                                |     |        | xor_ln123      | xor       | auto                     | 0       |
|     icmp_ln127_fu_257_p2                                               |     |        | icmp_ln127     | seteq     | auto                     | 0       |
|     and_ln123_fu_263_p2                                                |     |        | and_ln123      | and       | auto                     | 0       |
|     add_ln123_1_fu_358_p2                                              |     |        | add_ln123_1    | add       | fabric                   | 0       |
|     select_ln123_1_fu_364_p3                                           |     |        | select_ln123_1 | select    | auto_sel                 | 0       |
|     jb_2_fu_269_p2                                                     |     |        | jb_2           | add       | fabric                   | 0       |
|     or_ln125_fu_275_p2                                                 |     |        | or_ln125       | or        | auto                     | 0       |
|     select_ln125_fu_281_p3                                             |     |        | select_ln125   | select    | auto_sel                 | 0       |
|     select_ln125_1_fu_289_p3                                           |     |        | select_ln125_1 | select    | auto_sel                 | 0       |
|     add_ln130_fu_309_p2                                                |     |        | add_ln130      | add       | fabric                   | 0       |
|     mul_32s_32s_32_1_1_U135                                            | 3   |        | mul_ln130      | mul       | auto                     | 0       |
|     add_ln130_1_fu_379_p2                                              |     |        | add_ln130_1    | add       | fabric                   | 0       |
|     sub_ln130_fu_396_p2                                                |     |        | sub_ln130      | sub       | fabric                   | 0       |
|     sub_ln130_1_fu_411_p2                                              |     |        | sub_ln130_1    | sub       | fabric                   | 0       |
|     select_ln130_fu_426_p3                                             |     |        | select_ln130   | select    | auto_sel                 | 0       |
|     add_ln130_2_fu_446_p2                                              |     |        | add_ln130_2    | add       | fabric                   | 0       |
|     j_1_fu_315_p2                                                      |     |        | j_1            | add       | fabric                   | 0       |
|     add_ln125_1_fu_321_p2                                              |     |        | add_ln125_1    | add       | fabric                   | 0       |
|     select_ln125_2_fu_327_p3                                           |     |        | select_ln125_2 | select    | auto_sel                 | 0       |
+------------------------------------------------------------------------+-----+--------+----------------+-----------+--------------------------+---------+


================================================================
== Storage Report
================================================================
+-------------------+--------------+-------------+------+------+--------+-----------+--------+---------+------------------+
| Name              | Usage        | Type        | BRAM | URAM | Pragma | Variable  | Impl   | Latency | Bitwidth, Depth, |
|                   |              |             |      |      |        |           |        |         | Banks            |
+-------------------+--------------+-------------+------+------+--------+-----------+--------+---------+------------------+
| + MM              |              |             | 147  | 0    |        |           |        |         |                  |
|   control_s_axi_U | interface    | s_axilite   |      |      |        |           |        |         |                  |
|   gmem0_m_axi_U   | interface    | m_axi       | 29   |      |        |           |        |         |                  |
|   gmem1_m_axi_U   | interface    | m_axi       | 29   |      |        |           |        |         |                  |
|   gmem2_m_axi_U   | interface    | m_axi       | 2    |      |        |           |        |         |                  |
|   gmem3_m_axi_U   | interface    | m_axi       |      |      |        |           |        |         |                  |
|   ABC_c_U         | fifo channel | scalar prop |      |      |        | ABC_c     | srl    | 0       | 64, 4, 1         |
|   A_stream_U      | fifo channel | stream      | 29   |      |        | A_stream  | memory | 0       | 512, 32, 1       |
|   B_stream_U      | fifo channel | stream      | 29   |      |        | B_stream  | memory | 0       | 512, 32, 1       |
|   AB_stream_U     | fifo channel | stream      | 29   |      |        | AB_stream | memory | 0       | 512, 32, 1       |
|   N_c_U           | fifo channel | scalar prop |      |      |        | N_c       | srl    | 0       | 32, 2, 1         |
|   P_c_U           | fifo channel | scalar prop |      |      |        | P_c       | srl    | 0       | 32, 2, 1         |
+-------------------+--------------+-------------+------+------+--------+-----------+--------+---------+------------------+


================================================================
== Pragma Report
================================================================
* Inferred Pragmas
+--------------+---------+----------------------------------------------------------------------------------------------+-------------------------------------+
| Type         | Options | Location                                                                                     | Inferred From                       |
+--------------+---------+----------------------------------------------------------------------------------------------+-------------------------------------+
| LOOP_FLATTEN |         | loop k_BLOCK_loop (../MLP_baseline/mm.cpp:16:13) in readattiles (../MLP_baseline/mm.cpp:16)  | pipeline ../MLP_baseline/mm.cpp:19  |
| LOOP_FLATTEN |         | loop j_BLOCK_loop (../MLP_baseline/mm.cpp:14:9) in readattiles (../MLP_baseline/mm.cpp:14)   | pipeline ../MLP_baseline/mm.cpp:19  |
| LOOP_FLATTEN |         | loop i_BLOCK_loop (../MLP_baseline/mm.cpp:12:5) in readattiles (../MLP_baseline/mm.cpp:12)   | pipeline ../MLP_baseline/mm.cpp:19  |
| LOOP_FLATTEN |         | loop k_BLOCK_loop (../MLP_baseline/mm.cpp:42:13) in readbtiles (../MLP_baseline/mm.cpp:42)   | pipeline ../MLP_baseline/mm.cpp:45  |
| LOOP_FLATTEN |         | loop j_BLOCK_loop (../MLP_baseline/mm.cpp:40:9) in readbtiles (../MLP_baseline/mm.cpp:40)    | pipeline ../MLP_baseline/mm.cpp:45  |
| LOOP_FLATTEN |         | loop i_BLOCK_loop (../MLP_baseline/mm.cpp:38:5) in readbtiles (../MLP_baseline/mm.cpp:38)    | pipeline ../MLP_baseline/mm.cpp:45  |
| LOOP_FLATTEN |         | loop k_loop (../MLP_baseline/mm.cpp:82:17) in computetiles (../MLP_baseline/mm.cpp:82)       | pipeline ../MLP_baseline/mm.cpp:88  |
| LOOP_FLATTEN |         | loop k_BLOCK_loop (../MLP_baseline/mm.cpp:80:13) in computetiles (../MLP_baseline/mm.cpp:80) | pipeline ../MLP_baseline/mm.cpp:88  |
| LOOP_FLATTEN |         | loop j_BLOCK_loop (../MLP_baseline/mm.cpp:125:9) in writetiles (../MLP_baseline/mm.cpp:125)  | pipeline ../MLP_baseline/mm.cpp:128 |
| LOOP_FLATTEN |         | loop i_BLOCK_loop (../MLP_baseline/mm.cpp:123:5) in writetiles (../MLP_baseline/mm.cpp:123)  | pipeline ../MLP_baseline/mm.cpp:128 |
+--------------+---------+----------------------------------------------------------------------------------------------+-------------------------------------+

* Valid Pragma Syntax
+-----------------+----------------------------------------+----------------------------------------------+
| Type            | Options                                | Location                                     |
+-----------------+----------------------------------------+----------------------------------------------+
| PIPELINE        | II = 1                                 | in readattiles (../MLP_baseline/mm.cpp:19)   |
| PIPELINE        | II = 1                                 | in readbtiles (../MLP_baseline/mm.cpp:45)    |
| ARRAY_PARTITION | variable= AB_block complete dim = 1    | in computetiles (../MLP_baseline/mm.cpp:62)  |
| UNROLL          |                                        | in computetiles (../MLP_baseline/mm.cpp:71)  |
| UNROLL          |                                        | in computetiles (../MLP_baseline/mm.cpp:73)  |
| PIPELINE        | II = 1                                 | in computetiles (../MLP_baseline/mm.cpp:88)  |
| UNROLL          |                                        | in computetiles (../MLP_baseline/mm.cpp:91)  |
| PIPELINE        | II =1                                  | in computetiles (../MLP_baseline/mm.cpp:101) |
| UNROLL          |                                        | in computetiles (../MLP_baseline/mm.cpp:106) |
| PIPELINE        | II = 1                                 | in writetiles (../MLP_baseline/mm.cpp:128)   |
| AGGREGATE       | variable = AT                          | in mm (../MLP_baseline/mm.cpp:138)           |
| AGGREGATE       | variable = B                           | in mm (../MLP_baseline/mm.cpp:140)           |
| AGGREGATE       | variable = ABC                         | in mm (../MLP_baseline/mm.cpp:142)           |
| INTERFACE       | m_axi port=AT bundle=gmem0 depth=50176 | in mm (../MLP_baseline/mm.cpp:155)           |
| INTERFACE       | m_axi port=B bundle=gmem1 depth=6272   | in mm (../MLP_baseline/mm.cpp:156)           |
| INTERFACE       | m_axi port=C bundle=gmem2 depth=64     | in mm (../MLP_baseline/mm.cpp:157)           |
| INTERFACE       | m_axi port=ABC bundle=gmem3 depth=8192 | in mm (../MLP_baseline/mm.cpp:158)           |
| INTERFACE       | s_axilite port=AT bundle=control       | in mm (../MLP_baseline/mm.cpp:168)           |
| INTERFACE       | s_axilite port=B bundle=control        | in mm (../MLP_baseline/mm.cpp:169)           |
| INTERFACE       | s_axilite port=C bundle=control        | in mm (../MLP_baseline/mm.cpp:170)           |
| INTERFACE       | s_axilite port=ABC bundle=control      | in mm (../MLP_baseline/mm.cpp:171)           |
| INTERFACE       | s_axilite port=N bundle=control        | in mm (../MLP_baseline/mm.cpp:172)           |
| INTERFACE       | s_axilite port=M bundle=control        | in mm (../MLP_baseline/mm.cpp:173)           |
| INTERFACE       | s_axilite port=P bundle=control        | in mm (../MLP_baseline/mm.cpp:174)           |
| INTERFACE       | s_axilite port=return bundle=control   | in mm (../MLP_baseline/mm.cpp:175)           |
| STREAM          | variable=A_stream depth = 32           | in mm (../MLP_baseline/mm.cpp:181)           |
| STREAM          | variable=B_stream depth = 32           | in mm (../MLP_baseline/mm.cpp:182)           |
| STREAM          | variable=AB_stream depth = 32          | in mm (../MLP_baseline/mm.cpp:183)           |
| DATAFLOW        |                                        | in mm (../MLP_baseline/mm.cpp:185)           |
+-----------------+----------------------------------------+----------------------------------------------+


