

================================================================
== Synthesis Summary Report of 'MM'
================================================================
+ General Information: 
    * Date:           Sat Apr 11 16:41:44 2026
    * Version:        2025.1 (Build 6135595 on May 21 2025)
    * Project:        baseline_blockedMM
    * Solution:       hls (Vivado IP Flow Target)
    * Product family: zynq
    * Target device:  xc7z020-clg400-1
    

+ Performance & Resource Estimates: 
    
    PS: '+' for module; 'o' for loop; '*' for dataflow
    +-------------------------+------+------+-----------+-----------+----------+-----------+------+----------+--------+--------+-----------+-----------+-----+
    |         Modules         | Issue|      |        Latency        | Iteration|           | Trip |          |        |        |           |           |     |
    |         & Loops         | Type | Slack|  (cycles) |    (ns)   |  Latency |  Interval | Count| Pipelined|  BRAM  |   DSP  |     FF    |    LUT    | URAM|
    +-------------------------+------+------+-----------+-----------+----------+-----------+------+----------+--------+--------+-----------+-----------+-----+
    |+ MM                     |     -|  0.00|  901840001|  9.018e+09|         -|  901840002|     -|        no|  3 (1%)|  7 (3%)|  3679 (3%)|  3800 (7%)|    -|
    | o VITIS_LOOP_34_1       |     -|  7.30|  901840000|  9.018e+09|  14091250|          -|    64|        no|       -|       -|          -|          -|    -|
    |  o VITIS_LOOP_37_2      |     -|  7.30|   14091248|  1.409e+08|   1761406|          -|     8|        no|       -|       -|          -|          -|    -|
    |   o VITIS_LOOP_42_3     |     -|  7.30|        304|  3.040e+03|        19|          -|    16|        no|       -|       -|          -|          -|    -|
    |    o VITIS_LOOP_44_4    |     -|  7.30|         16|    160.000|         1|          -|    16|        no|       -|       -|          -|          -|    -|
    |   o VITIS_LOOP_51_5     |     -|  7.30|    1760178|  1.760e+07|     35922|          -|    49|        no|       -|       -|          -|          -|    -|
    |    o VITIS_LOOP_54_6    |     -|  7.30|      35920|  3.592e+05|      2245|          -|    16|        no|       -|       -|          -|          -|    -|
    |     o VITIS_LOOP_56_7   |     -|  7.30|       2240|  2.240e+04|       140|          -|    16|        no|       -|       -|          -|          -|    -|
    |      o VITIS_LOOP_62_8  |     -|  7.30|         48|    480.000|         3|          -|    16|        no|       -|       -|          -|          -|    -|
    |      o VITIS_LOOP_68_9  |     -|  7.30|         80|    800.000|         5|          -|    16|        no|       -|       -|          -|          -|    -|
    |   o VITIS_LOOP_77_10    |     -|  7.30|        912|  9.120e+03|        57|          -|    16|        no|       -|       -|          -|          -|    -|
    |    o VITIS_LOOP_79_11   |     -|  7.30|         48|    480.000|         3|          -|    16|        no|       -|       -|          -|          -|    -|
    +-------------------------+------+------+-----------+-----------+----------+-----------+------+----------+--------+--------+-----------+-----------+-----+


================================================================
== HW Interfaces
================================================================
* M_AXI
+------------+------------+------------+---------------+---------+--------+----------+-----------+--------------+--------------+-------------+-------------+-------------------+
| Interface  | Read/Write | Data Width | Address Width | Latency | Offset | Register | Max Widen | Max Read     | Max Write    | Num Read    | Num Write   | Resource Estimate |
|            |            | (SW->HW)   |               |         |        |          | Bitwidth  | Burst Length | Burst Length | Outstanding | Outstanding |                   |
+------------+------------+------------+---------------+---------+--------+----------+-----------+--------------+--------------+-------------+-------------+-------------------+
| m_axi_gmem | READ_WRITE | 32 -> 32   | 64            | 0       | slave  | 0        | 0         | 16           | 16           | 16          | 16          | BRAM=2            |
+------------+------------+------------+---------------+---------+--------+----------+-----------+--------------+--------------+-------------+-------------+-------------------+

* S_AXILITE Interfaces
+---------------+------------+---------------+--------+----------+
| Interface     | Data Width | Address Width | Offset | Register |
+---------------+------------+---------------+--------+----------+
| s_axi_control | 32         | 7             | 16     | 0        |
+---------------+------------+---------------+--------+----------+

* S_AXILITE Registers
+---------------+----------+--------+-------+--------+----------------------------------+----------------------------------------------------------------------+
| Interface     | Register | Offset | Width | Access | Description                      | Bit Fields                                                           |
+---------------+----------+--------+-------+--------+----------------------------------+----------------------------------------------------------------------+
| s_axi_control | CTRL     | 0x00   | 32    | RW     | Control signals                  | 0=AP_START 1=AP_DONE 2=AP_IDLE 3=AP_READY 7=AUTO_RESTART 9=INTERRUPT |
| s_axi_control | GIER     | 0x04   | 32    | RW     | Global Interrupt Enable Register | 0=Enable                                                             |
| s_axi_control | IP_IER   | 0x08   | 32    | RW     | IP Interrupt Enable Register     | 0=CHAN0_INT_EN 1=CHAN1_INT_EN                                        |
| s_axi_control | IP_ISR   | 0x0c   | 32    | RW     | IP Interrupt Status Register     | 0=CHAN0_INT_ST 1=CHAN1_INT_ST                                        |
| s_axi_control | A_1      | 0x10   | 32    | W      | Data signal of A                 |                                                                      |
| s_axi_control | A_2      | 0x14   | 32    | W      | Data signal of A                 |                                                                      |
| s_axi_control | B_1      | 0x1c   | 32    | W      | Data signal of B                 |                                                                      |
| s_axi_control | B_2      | 0x20   | 32    | W      | Data signal of B                 |                                                                      |
| s_axi_control | C_1      | 0x28   | 32    | W      | Data signal of C                 |                                                                      |
| s_axi_control | C_2      | 0x2c   | 32    | W      | Data signal of C                 |                                                                      |
| s_axi_control | ABC_1    | 0x34   | 32    | W      | Data signal of ABC               |                                                                      |
| s_axi_control | ABC_2    | 0x38   | 32    | W      | Data signal of ABC               |                                                                      |
| s_axi_control | N        | 0x40   | 32    | W      | Data signal of N                 |                                                                      |
| s_axi_control | M        | 0x48   | 32    | W      | Data signal of M                 |                                                                      |
| s_axi_control | P        | 0x50   | 32    | W      | Data signal of P                 |                                                                      |
+---------------+----------+--------+-------+--------+----------------------------------+----------------------------------------------------------------------+

* TOP LEVEL CONTROL
+-----------+------------+-----------+
| Interface | Type       | Ports     |
+-----------+------------+-----------+
| ap_clk    | clock      | ap_clk    |
| ap_rst_n  | reset      | ap_rst_n  |
| interrupt | interrupt  | interrupt |
| ap_ctrl   | ap_ctrl_hs |           |
+-----------+------------+-----------+


================================================================
== SW I/O Information
================================================================
* Top Function Arguments
+----------+-----------+----------+
| Argument | Direction | Datatype |
+----------+-----------+----------+
| A        | inout     | int*     |
| B        | inout     | int*     |
| C        | inout     | int*     |
| ABC      | inout     | int*     |
| N        | in        | int      |
| M        | in        | int      |
| P        | in        | int      |
+----------+-----------+----------+

* SW-to-HW Mapping
+----------+---------------+-----------+----------+---------------------------------+
| Argument | HW Interface  | HW Type   | HW Usage | HW Info                         |
+----------+---------------+-----------+----------+---------------------------------+
| A        | m_axi_gmem    | interface |          | channel=0                       |
| A        | s_axi_control | register  | offset   | name=A_1 offset=0x10 range=32   |
| A        | s_axi_control | register  | offset   | name=A_2 offset=0x14 range=32   |
| B        | m_axi_gmem    | interface |          | channel=0                       |
| B        | s_axi_control | register  | offset   | name=B_1 offset=0x1c range=32   |
| B        | s_axi_control | register  | offset   | name=B_2 offset=0x20 range=32   |
| C        | m_axi_gmem    | interface |          | channel=0                       |
| C        | s_axi_control | register  | offset   | name=C_1 offset=0x28 range=32   |
| C        | s_axi_control | register  | offset   | name=C_2 offset=0x2c range=32   |
| ABC      | m_axi_gmem    | interface |          | channel=0                       |
| ABC      | s_axi_control | register  | offset   | name=ABC_1 offset=0x34 range=32 |
| ABC      | s_axi_control | register  | offset   | name=ABC_2 offset=0x38 range=32 |
| N        | s_axi_control | register  |          | name=N offset=0x40 range=32     |
| M        | s_axi_control | register  |          | name=M offset=0x48 range=32     |
| P        | s_axi_control | register  |          | name=P offset=0x50 range=32     |
+----------+---------------+-----------+----------+---------------------------------+


================================================================
== M_AXI Burst Information
================================================================
 Note: All burst requests might be further partitioned into multiple requests during RTL generation based on max_read_burst_length or max_write_burst_length settings.

* Inferred Burst Summary
+--------------+-----------+--------+-------+------------------+------------------------------+
| HW Interface | Direction | Length | Width | Loop             | Loop Location                |
+--------------+-----------+--------+-------+------------------+------------------------------+
| m_axi_gmem   | read      | 16     | 32    | VITIS_LOOP_42_3  | ../MLP_baseline/mm.cpp:42:19 |
| m_axi_gmem   | read      | 16     | 32    | VITIS_LOOP_62_8  | ../MLP_baseline/mm.cpp:62:42 |
| m_axi_gmem   | write     | 16     | 32    | VITIS_LOOP_79_11 | ../MLP_baseline/mm.cpp:79:20 |
+--------------+-----------+--------+-------+------------------+------------------------------+

* All M_AXI Variable Accesses
+--------------+----------+------------------------------+-----------+--------------+--------+------------------+------------------------------+------------+-------------------------------------------------------------------------------------------------------+
| HW Interface | Variable | Access Location              | Direction | Burst Status | Length | Loop             | Loop Location                | Resolution | Problem                                                                                               |
+--------------+----------+------------------------------+-----------+--------------+--------+------------------+------------------------------+------------+-------------------------------------------------------------------------------------------------------+
| m_axi_gmem   | C        | ../MLP_baseline/mm.cpp:42:19 | read      | Widen Fail   |        | VITIS_LOOP_42_3  | ../MLP_baseline/mm.cpp:42:19 | 214-353    | Could not widen since type i32 size is greater than or equal to the max_widen_bitwidth threshold of 0 |
| m_axi_gmem   | C        | ../MLP_baseline/mm.cpp:42:19 | read      | Fail         |        | VITIS_LOOP_37_2  | ../MLP_baseline/mm.cpp:37:19 | 214-230    | Stride is incompatible                                                                                |
| m_axi_gmem   | C        | ../MLP_baseline/mm.cpp:42:19 | read      | Inferred     | 16     | VITIS_LOOP_42_3  | ../MLP_baseline/mm.cpp:42:19 |            |                                                                                                       |
| m_axi_gmem   | A        | ../MLP_baseline/mm.cpp:59:16 | read      | Fail         |        |                  |                              | 214-231    | Access is clobbered by load                                                                           |
| m_axi_gmem   | B        | ../MLP_baseline/mm.cpp:64:14 | read      | Widen Fail   |        | VITIS_LOOP_62_8  | ../MLP_baseline/mm.cpp:62:42 | 214-353    | Could not widen since type i32 size is greater than or equal to the max_widen_bitwidth threshold of 0 |
| m_axi_gmem   | B        | ../MLP_baseline/mm.cpp:64:14 | read      | Fail         |        | VITIS_LOOP_56_7  | ../MLP_baseline/mm.cpp:56:19 | 214-230    | Stride is incompatible                                                                                |
| m_axi_gmem   | B        | ../MLP_baseline/mm.cpp:64:14 | read      | Inferred     | 16     | VITIS_LOOP_62_8  | ../MLP_baseline/mm.cpp:62:42 |            |                                                                                                       |
| m_axi_gmem   | ABC      | ../MLP_baseline/mm.cpp:81:57 | write     | Widen Fail   |        | VITIS_LOOP_79_11 | ../MLP_baseline/mm.cpp:79:20 | 214-353    | Could not widen since type i32 size is greater than or equal to the max_widen_bitwidth threshold of 0 |
| m_axi_gmem   | ABC      | ../MLP_baseline/mm.cpp:81:57 | write     | Fail         |        | VITIS_LOOP_77_10 | ../MLP_baseline/mm.cpp:77:31 | 214-230    | Stride is incompatible                                                                                |
| m_axi_gmem   | ABC      | ../MLP_baseline/mm.cpp:81:57 | write     | Inferred     | 16     | VITIS_LOOP_79_11 | ../MLP_baseline/mm.cpp:79:20 |            |                                                                                                       |
+--------------+----------+------------------------------+-----------+--------------+--------+------------------+------------------------------+------------+-------------------------------------------------------------------------------------------------------+

    * Resolution URL: docs.xilinx.com/access/sources/dita/topic?Doc_Version=2025.1%20English&url=ug1448-hls-guidance&resourceid=XXX-YYY.html (replace XXX-YYY with column value)

================================================================
== Bind Op Report
================================================================
+--------------------------+-----+--------+------------+--------+----------+---------+
| Name                     | DSP | Pragma | Variable   | Op     | Impl     | Latency |
+--------------------------+-----+--------+------------+--------+----------+---------+
| + MM                     | 7   |        |            |        |          |         |
|   p_neg9_fu_482_p2       |     |        | p_neg9     | sub    | fabric   | 0       |
|   p_neg_t11_fu_498_p2    |     |        | p_neg_t11  | sub    | fabric   | 0       |
|   div_fu_514_p3          |     |        | div        | select | auto_sel | 0       |
|   p_neg3_fu_530_p2       |     |        | p_neg3     | sub    | fabric   | 0       |
|   p_neg_t5_fu_546_p2     |     |        | p_neg_t5   | sub    | fabric   | 0       |
|   div2_fu_562_p3         |     |        | div2       | select | auto_sel | 0       |
|   p_neg_fu_578_p2        |     |        | p_neg      | sub    | fabric   | 0       |
|   p_neg_t_fu_594_p2      |     |        | p_neg_t    | sub    | fabric   | 0       |
|   div22_fu_610_p3        |     |        | div22      | select | auto_sel | 0       |
|   add_ln34_1_fu_646_p2   |     |        | add_ln34_1 | add    | fabric   | 0       |
|   icmp_ln34_fu_655_p2    |     |        | icmp_ln34  | setlt  | auto     | 0       |
|   add_ln34_fu_660_p2     |     |        | add_ln34   | add    | fabric   | 0       |
|   empty_fu_686_p2        |     |        | empty      | add    | fabric   | 0       |
|   icmp_ln37_fu_727_p2    |     |        | icmp_ln37  | setlt  | auto     | 0       |
|   add_ln37_fu_732_p2     |     |        | add_ln37   | add    | fabric   | 0       |
|   icmp_ln42_fu_746_p2    |     |        | icmp_ln42  | seteq  | auto     | 0       |
|   add_ln42_fu_752_p2     |     |        | add_ln42   | add    | fabric   | 0       |
|   icmp_ln44_fu_785_p2    |     |        | icmp_ln44  | seteq  | auto     | 0       |
|   add_ln44_fu_791_p2     |     |        | add_ln44   | add    | fabric   | 0       |
|   add_ln46_fu_801_p2     |     |        | add_ln46   | add    | fabric   | 0       |
|   add_ln51_1_fu_811_p2   |     |        | add_ln51_1 | add    | fabric   | 0       |
|   icmp_ln51_fu_820_p2    |     |        | icmp_ln51  | setlt  | auto     | 0       |
|   add_ln51_fu_825_p2     |     |        | add_ln51   | add    | fabric   | 0       |
|   icmp_ln54_fu_851_p2    |     |        | icmp_ln54  | seteq  | auto     | 0       |
|   add_ln54_fu_857_p2     |     |        | add_ln54   | add    | fabric   | 0       |
|   empty_54_fu_871_p2     |     |        | empty_54   | add    | fabric   | 0       |
|   mul_32ns_32s_62_2_1_U1 | 4   |        | empty_55   | mul    | auto     | 1       |
|   add_ln59_fu_887_p2     |     |        | add_ln59   | add    | fabric   | 0       |
|   add_ln56_1_fu_891_p2   |     |        | add_ln56_1 | add    | fabric   | 0       |
|   icmp_ln56_fu_896_p2    |     |        | icmp_ln56  | seteq  | auto     | 0       |
|   add_ln56_fu_902_p2     |     |        | add_ln56   | add    | fabric   | 0       |
|   add_ln59_1_fu_908_p2   |     |        | add_ln59_1 | add    | fabric   | 0       |
|   add_ln59_5_fu_917_p2   |     |        | add_ln59_5 | add    | fabric   | 0       |
|   add_ln59_2_fu_975_p2   |     |        | add_ln59_2 | add    | fabric   | 0       |
|   add_ln59_3_fu_930_p2   |     |        | add_ln59_3 | add    | fabric   | 0       |
|   add_ln59_4_fu_943_p2   |     |        | add_ln59_4 | add    | fabric   | 0       |
|   icmp_ln62_fu_1000_p2   |     |        | icmp_ln62  | seteq  | auto     | 0       |
|   add_ln62_fu_1006_p2    |     |        | add_ln62   | add    | fabric   | 0       |
|   icmp_ln68_fu_1017_p2   |     |        | icmp_ln68  | seteq  | auto     | 0       |
|   add_ln68_fu_1023_p2    |     |        | add_ln68   | add    | fabric   | 0       |
|   add_ln70_1_fu_1038_p2  |     |        | add_ln70_1 | add    | fabric   | 0       |
|   mul_32s_32s_32_2_1_U2  | 3   |        | mul_ln70   | mul    | auto     | 1       |
|   add_ln70_fu_1047_p2    |     |        | add_ln70   | add    | fabric   | 0       |
|   add_ln77_1_fu_1053_p2  |     |        | add_ln77_1 | add    | fabric   | 0       |
|   icmp_ln77_fu_1058_p2   |     |        | icmp_ln77  | seteq  | auto     | 0       |
|   add_ln77_fu_1064_p2    |     |        | add_ln77   | add    | fabric   | 0       |
|   empty_58_fu_1095_p2    |     |        | empty_58   | add    | fabric   | 0       |
|   icmp_ln79_fu_1127_p2   |     |        | icmp_ln79  | seteq  | auto     | 0       |
|   add_ln79_fu_1133_p2    |     |        | add_ln79   | add    | fabric   | 0       |
|   add_ln81_fu_1143_p2    |     |        | add_ln81   | add    | fabric   | 0       |
+--------------------------+-----+--------+------------+--------+----------+---------+


================================================================
== Storage Report
================================================================
+-------------------+--------------+-----------+------+------+--------+----------+------+---------+------------------+
| Name              | Usage        | Type      | BRAM | URAM | Pragma | Variable | Impl | Latency | Bitwidth, Depth, |
|                   |              |           |      |      |        |          |      |         | Banks            |
+-------------------+--------------+-----------+------+------+--------+----------+------+---------+------------------+
| + MM              |              |           | 3    | 0    |        |          |      |         |                  |
|   control_s_axi_U | interface    | s_axilite |      |      |        |          |      |         |                  |
|   gmem_m_axi_U    | interface    | m_axi     | 2    |      |        |          |      |         |                  |
|   AB_block_U      | ram_1p array |           | 1    |      |        | AB_block | auto | 1       | 32, 256, 1       |
|   B_line_U        | ram_1p array |           |      |      |        | B_line   | auto | 1       | 32, 16, 1        |
+-------------------+--------------+-----------+------+------+--------+----------+------+---------+------------------+


================================================================
== Pragma Report
================================================================
* Valid Pragma Syntax
+----------------+-----------------------------------------+-----------------------------------------+
| Type           | Options                                 | Location                                |
+----------------+-----------------------------------------+-----------------------------------------+
| INTERFACE      | m_axi port=A bundle=gmem depth=802816   | ../MLP_baseline/mm.cpp:17 in mm, A      |
| INTERFACE      | m_axi port=B bundle=gmem depth=100352   | ../MLP_baseline/mm.cpp:18 in mm, B      |
| INTERFACE      | m_axi port=C bundle=gmem depth=1024     | ../MLP_baseline/mm.cpp:19 in mm, C      |
| INTERFACE      | m_axi port=ABC bundle=gmem depth=131072 | ../MLP_baseline/mm.cpp:20 in mm, ABC    |
| INTERFACE      | s_axilite port=A bundle=control         | ../MLP_baseline/mm.cpp:22 in mm, A      |
| INTERFACE      | s_axilite port=B bundle=control         | ../MLP_baseline/mm.cpp:23 in mm, B      |
| INTERFACE      | s_axilite port=C bundle=control         | ../MLP_baseline/mm.cpp:24 in mm, C      |
| INTERFACE      | s_axilite port=ABC bundle=control       | ../MLP_baseline/mm.cpp:25 in mm, ABC    |
| INTERFACE      | s_axilite port=N bundle=control         | ../MLP_baseline/mm.cpp:26 in mm, N      |
| INTERFACE      | s_axilite port=M bundle=control         | ../MLP_baseline/mm.cpp:27 in mm, M      |
| INTERFACE      | s_axilite port=P bundle=control         | ../MLP_baseline/mm.cpp:28 in mm, P      |
| INTERFACE      | s_axilite port=return bundle=control    | ../MLP_baseline/mm.cpp:29 in mm, return |
| LOOP_TRIPCOUNT | min=64 max=64                           | ../MLP_baseline/mm.cpp:35 in mm         |
| PIPELINE       | off                                     | ../MLP_baseline/mm.cpp:36 in mm         |
| LOOP_TRIPCOUNT | min=8 max=8                             | ../MLP_baseline/mm.cpp:38 in mm         |
| PIPELINE       | off                                     | ../MLP_baseline/mm.cpp:39 in mm         |
| PIPELINE       | off                                     | ../MLP_baseline/mm.cpp:43 in mm         |
| PIPELINE       | off                                     | ../MLP_baseline/mm.cpp:45 in mm         |
| LOOP_TRIPCOUNT | min=49 max=49                           | ../MLP_baseline/mm.cpp:52 in mm         |
| PIPELINE       | off                                     | ../MLP_baseline/mm.cpp:53 in mm         |
| PIPELINE       | off                                     | ../MLP_baseline/mm.cpp:55 in mm         |
| PIPELINE       | off                                     | ../MLP_baseline/mm.cpp:57 in mm         |
| PIPELINE       | off                                     | ../MLP_baseline/mm.cpp:63 in mm         |
| PIPELINE       | off                                     | ../MLP_baseline/mm.cpp:69 in mm         |
| PIPELINE       | off                                     | ../MLP_baseline/mm.cpp:78 in mm         |
| PIPELINE       | off                                     | ../MLP_baseline/mm.cpp:80 in mm         |
+----------------+-----------------------------------------+-----------------------------------------+


