================================================================
== Design Size Report
================================================================

* Total Instructions per Compilation Phase
+---------------+-----------------------------+--------------+----------------------------------------------------------------------------------------+
| Phase         | Step                        | Instructions | Description                                                                            |
+---------------+-----------------------------+--------------+----------------------------------------------------------------------------------------+
| Compile/Link  |                             |   448        | After all functions are compiled and linked into a single design                       |
|               |                             |              |                                                                                        |
| Unroll/Inline |                             |              | After user unroll and inline pragmas are applied                                       |
|               | (1) unroll                  | 2,833        | user unroll pragmas are applied                                                        |
|               | (2) simplification          | 2,749        | simplification of applied user unroll pragmas                                          |
|               | (3) inline                  | 1,459        | user inline pragmas are applied                                                        |
|               | (4) simplification          | 1,010        | simplification of applied user inline pragmas                                          |
|               |                             |              |                                                                                        |
| Array/Struct  |                             |              | After user array partition and struct aggregate/disaggregate pragmas are applied       |
|               | (1) array partition         | 6,139        | user array partition pragmas are applied                                               |
|               | (2) simplification          | 1,517        | simplification of applied user array partition & struct aggregate/disaggregate pragmas |
|               | (3) aggregate/disaggregate  | 5,530        | user struct aggregate/disaggregate pragmas are applied                                 |
|               | (4) array reshape           | 3,899        | apply array reshape pragmas                                                            |
|               | (5) access patterns         | 3,911        | array access pattern optmizations                                                      |
|               |                             |              |                                                                                        |
| Performance   |                             |              | After transformations are applied to meet performance pragma targets                   |
|               | (1) loop simplification     | 2,108        | loop and instruction simplification                                                    |
|               | (2) parallelization         | 2,048        | loops are unrolled or pipelined to meet performance targets                            |
|               | (3) array partition         | 2,037        | arrays are partitioned to meet performance targets                                     |
|               | (4) simplification          | 2,037        | simplification of design after performance transformations                             |
|               |                             |              |                                                                                        |
| HW Transforms |                             |              | After hardware transfomations                                                          |
|               | (1) lowering                | 2,186        | initial conversion to HW specific instructions                                         |
|               | (2) optimizations           | 2,364        | high level synthesis optimizations                                                     |
+---------------+-----------------------------+--------------+----------------------------------------------------------------------------------------+

* Instructions per Function for each Compilation Phase
+-----------------+------------+--------------+---------------+--------------+-------------+---------------+
| Function        | Location   | Compile/Link | Unroll/Inline | Array/Struct | Performance | HW Transforms |
+-----------------+------------+--------------+---------------+--------------+-------------+---------------+
| + MM            | mm.cpp:148 | 448          | 1,010         | 3,911        | 2,037       | 2,364         |
|    readAtTiles  | mm.cpp:4   |  60          |   44          |  160         |  157        |               |
|    readBTiles   | mm.cpp:33  |  60          |   44          |  160         |  157        |               |
|    computeTiles | mm.cpp:60  | 232          |  858          | 3,410        | 1,544       |               |
|    writeTiles   | mm.cpp:126 |  52          |   35          |  151         |  149        |  180          |
+-----------------+------------+--------------+---------------+--------------+-------------+---------------+

* Design Size Message Settings
+---------------------------------------------+--------+------------------------------------------------------------------+
| Message Setting                             | Value  | Description                                                      |
+---------------------------------------------+--------+------------------------------------------------------------------+
| config_compile -design_size_maximum_warning | 100000 | Show a warning when total design instructions exceeds this value |
+---------------------------------------------+--------+------------------------------------------------------------------+


