

================================================================
== Vitis HLS Report for 'MM'
================================================================
* Date:           Sat Apr 11 16:41:42 2026

* Version:        2025.1 (Build 6135595 on May 21 2025)
* Project:        baseline_blockedMM
* Solution:       hls (Vivado IP Flow Target)
* Product family: zynq
* Target device:  xc7z020-clg400-1


================================================================
== Performance Estimates
================================================================
+ Timing: 
    * Summary: 
    +--------+----------+----------+------------+
    |  Clock |  Target  | Estimated| Uncertainty|
    +--------+----------+----------+------------+
    |ap_clk  |  10.00 ns|  7.300 ns|     2.70 ns|
    +--------+----------+----------+------------+

+ Latency: 
    * Summary: 
    +-----------+-----------+-----------+-----------+-----------+-----------+---------+
    |    Latency (cycles)   |   Latency (absolute)  |        Interval       | Pipeline|
    |    min    |    max    |    min    |    max    |    min    |    max    |   Type  |
    +-----------+-----------+-----------+-----------+-----------+-----------+---------+
    |  901840001|  901840001|  9.018 sec|  9.018 sec|  901840002|  901840002|       no|
    +-----------+-----------+-----------+-----------+-----------+-----------+---------+

    + Detail: 
        * Instance: 
        N/A

        * Loop: 
        +----------------------------+-----------+-----------+----------+-----------+-----------+------+----------+
        |                            |    Latency (cycles)   | Iteration|  Initiation Interval  | Trip |          |
        |          Loop Name         |    min    |    max    |  Latency |  achieved |   target  | Count| Pipelined|
        +----------------------------+-----------+-----------+----------+-----------+-----------+------+----------+
        |- VITIS_LOOP_34_1           |  901840000|  901840000|  14091250|          -|          -|    64|        no|
        | + VITIS_LOOP_37_2          |   14091248|   14091248|   1761406|          -|          -|     8|        no|
        |  ++ VITIS_LOOP_42_3        |        304|        304|        19|          -|          -|    16|        no|
        |   +++ VITIS_LOOP_44_4      |         16|         16|         1|          -|          -|    16|        no|
        |  ++ VITIS_LOOP_51_5        |    1760178|    1760178|     35922|          -|          -|    49|        no|
        |   +++ VITIS_LOOP_54_6      |      35920|      35920|      2245|          -|          -|    16|        no|
        |    ++++ VITIS_LOOP_56_7    |       2240|       2240|       140|          -|          -|    16|        no|
        |     +++++ VITIS_LOOP_62_8  |         48|         48|         3|          -|          -|    16|        no|
        |     +++++ VITIS_LOOP_68_9  |         80|         80|         5|          -|          -|    16|        no|
        |  ++ VITIS_LOOP_77_10       |        912|        912|        57|          -|          -|    16|        no|
        |   +++ VITIS_LOOP_79_11     |         48|         48|         3|          -|          -|    16|        no|
        +----------------------------+-----------+-----------+----------+-----------+-----------+------+----------+



================================================================
== Utilization Estimates
================================================================
* Summary: 
+-----------------+---------+-----+--------+-------+-----+
|       Name      | BRAM_18K| DSP |   FF   |  LUT  | URAM|
+-----------------+---------+-----+--------+-------+-----+
|DSP              |        -|    -|       -|      -|    -|
|Expression       |        -|    -|       0|   1726|    -|
|FIFO             |        -|    -|       -|      -|    -|
|Instance         |        2|    7|    1530|   1586|    -|
|Memory           |        1|    -|      32|      8|    0|
|Multiplexer      |        -|    -|       0|    480|    -|
|Register         |        -|    -|    2117|      -|    -|
+-----------------+---------+-----+--------+-------+-----+
|Total            |        3|    7|    3679|   3800|    0|
+-----------------+---------+-----+--------+-------+-----+
|Available        |      280|  220|  106400|  53200|    0|
+-----------------+---------+-----+--------+-------+-----+
|Utilization (%)  |        1|    3|       3|      7|    0|
+-----------------+---------+-----+--------+-------+-----+

+ Detail: 
    * Instance: 
    +------------------------+---------------------+---------+----+-----+-----+-----+
    |        Instance        |        Module       | BRAM_18K| DSP|  FF | LUT | URAM|
    +------------------------+---------------------+---------+----+-----+-----+-----+
    |control_s_axi_U         |control_s_axi        |        0|   0|  430|  744|    0|
    |gmem_m_axi_U            |gmem_m_axi           |        2|   0|  770|  742|    0|
    |mul_32ns_32s_62_2_1_U1  |mul_32ns_32s_62_2_1  |        0|   4|  165|   50|    0|
    |mul_32s_32s_32_2_1_U2   |mul_32s_32s_32_2_1   |        0|   3|  165|   50|    0|
    +------------------------+---------------------+---------+----+-----+-----+-----+
    |Total                   |                     |        2|   7| 1530| 1586|    0|
    +------------------------+---------------------+---------+----+-----+-----+-----+

    * DSP: 
    N/A

    * Memory: 
    +------------+------------------------+---------+----+----+-----+------+-----+------+-------------+
    |   Memory   |         Module         | BRAM_18K| FF | LUT| URAM| Words| Bits| Banks| W*Bits*Banks|
    +------------+------------------------+---------+----+----+-----+------+-----+------+-------------+
    |AB_block_U  |AB_block_RAM_AUTO_1R1W  |        1|   0|   0|    0|   256|   32|     1|         8192|
    |B_line_U    |B_line_RAM_AUTO_1R1W    |        0|  32|   8|    0|    16|   32|     1|          512|
    +------------+------------------------+---------+----+----+-----+------+-----+------+-------------+
    |Total       |                        |        1|  32|   8|    0|   272|   64|     2|         8704|
    +------------+------------------------+---------+----+----+-----+------+-----+------+-------------+

    * FIFO: 
    N/A

    * Expression: 
    +-----------------------+----------+----+---+----+------------+------------+
    |     Variable Name     | Operation| DSP| FF| LUT| Bitwidth P0| Bitwidth P1|
    +-----------------------+----------+----+---+----+------------+------------+
    |add_ln34_1_fu_646_p2   |         +|   0|  0|  65|          58|          58|
    |add_ln34_fu_660_p2     |         +|   0|  0|  34|          27|           1|
    |add_ln37_fu_732_p2     |         +|   0|  0|  34|          27|           1|
    |add_ln42_fu_752_p2     |         +|   0|  0|  13|           5|           1|
    |add_ln44_fu_791_p2     |         +|   0|  0|  13|           5|           1|
    |add_ln46_fu_801_p2     |         +|   0|  0|  15|           8|           8|
    |add_ln51_1_fu_811_p2   |         +|   0|  0|  65|          58|          58|
    |add_ln51_fu_825_p2     |         +|   0|  0|  34|          27|           1|
    |add_ln54_fu_857_p2     |         +|   0|  0|  13|           5|           1|
    |add_ln56_1_fu_891_p2   |         +|   0|  0|  43|          36|          36|
    |add_ln56_fu_902_p2     |         +|   0|  0|  13|           5|           1|
    |add_ln59_1_fu_908_p2   |         +|   0|  0|  43|          36|          36|
    |add_ln59_2_fu_975_p2   |         +|   0|  0|  71|          64|          64|
    |add_ln59_3_fu_930_p2   |         +|   0|  0|  69|          62|          62|
    |add_ln59_4_fu_943_p2   |         +|   0|  0|  71|          64|          64|
    |add_ln59_5_fu_917_p2   |         +|   0|  0|  69|          62|          62|
    |add_ln59_fu_887_p2     |         +|   0|  0|  69|          62|          62|
    |add_ln62_fu_1006_p2    |         +|   0|  0|  13|           5|           1|
    |add_ln68_fu_1023_p2    |         +|   0|  0|  13|           5|           1|
    |add_ln70_1_fu_1038_p2  |         +|   0|  0|  15|           8|           8|
    |add_ln70_fu_1047_p2    |         +|   0|  0|  39|          32|          32|
    |add_ln77_1_fu_1053_p2  |         +|   0|  0|  43|          36|          36|
    |add_ln77_fu_1064_p2    |         +|   0|  0|  13|           5|           1|
    |add_ln79_fu_1133_p2    |         +|   0|  0|  13|           5|           1|
    |add_ln81_fu_1143_p2    |         +|   0|  0|  15|           8|           8|
    |empty_54_fu_871_p2     |         +|   0|  0|  39|          32|          32|
    |empty_57_fu_1083_p2    |         +|   0|  0|  62|          62|          62|
    |empty_58_fu_1095_p2    |         +|   0|  0|  71|          64|          64|
    |empty_fu_686_p2        |         +|   0|  0|  71|          64|          64|
    |tmp1_fu_1078_p2        |         +|   0|  0|  62|          62|          62|
    |p_neg3_fu_530_p2       |         -|   0|  0|  39|           1|          32|
    |p_neg9_fu_482_p2       |         -|   0|  0|  39|           1|          32|
    |p_neg_fu_578_p2        |         -|   0|  0|  39|           1|          32|
    |p_neg_t11_fu_498_p2    |         -|   0|  0|  35|           1|          28|
    |p_neg_t5_fu_546_p2     |         -|   0|  0|  35|           1|          28|
    |p_neg_t_fu_594_p2      |         -|   0|  0|  35|           1|          28|
    |icmp_ln34_fu_655_p2    |      icmp|   0|  0|  35|          28|          28|
    |icmp_ln37_fu_727_p2    |      icmp|   0|  0|  35|          28|          28|
    |icmp_ln42_fu_746_p2    |      icmp|   0|  0|  14|           5|           6|
    |icmp_ln44_fu_785_p2    |      icmp|   0|  0|  14|           5|           6|
    |icmp_ln51_fu_820_p2    |      icmp|   0|  0|  35|          28|          28|
    |icmp_ln54_fu_851_p2    |      icmp|   0|  0|  14|           5|           6|
    |icmp_ln56_fu_896_p2    |      icmp|   0|  0|  14|           5|           6|
    |icmp_ln62_fu_1000_p2   |      icmp|   0|  0|  14|           5|           6|
    |icmp_ln68_fu_1017_p2   |      icmp|   0|  0|  14|           5|           6|
    |icmp_ln77_fu_1058_p2   |      icmp|   0|  0|  14|           5|           6|
    |icmp_ln79_fu_1127_p2   |      icmp|   0|  0|  14|           5|           6|
    |div22_fu_610_p3        |    select|   0|  0|  28|           1|          28|
    |div2_fu_562_p3         |    select|   0|  0|  28|           1|          28|
    |div_fu_514_p3          |    select|   0|  0|  28|           1|          28|
    +-----------------------+----------+----+---+----+------------+------------+
    |Total                  |          |   0|  0|1726|        1132|        1285|
    +-----------------------+----------+----+---+----+------------+------------+

    * Multiplexer: 
    +-------------------------+-----+-----------+-----+-----------+
    |           Name          | LUT | Input Size| Bits| Total Bits|
    +-------------------------+-----+-----------+-----+-----------+
    |AB_block_address0_local  |   25|          5|    8|         40|
    |AB_block_d0_local        |   14|          3|   32|         96|
    |B_line_address0_local    |   14|          3|    4|         12|
    |ap_NS_fsm                |  213|         49|    1|         49|
    |gmem_0_ARADDR            |   20|          4|   64|        256|
    |gmem_0_ARLEN             |   14|          3|   32|         96|
    |gmem_blk_n_AR            |    9|          2|    1|          2|
    |gmem_blk_n_AW            |    9|          2|    1|          2|
    |gmem_blk_n_B             |    9|          2|    1|          2|
    |gmem_blk_n_R             |    9|          2|    1|          2|
    |gmem_blk_n_W             |    9|          2|    1|          2|
    |i_1_reg_366              |    9|          2|    5|         10|
    |i_2_reg_422              |    9|          2|    5|         10|
    |i_reg_322                |    9|          2|    5|         10|
    |ib_fu_176                |    9|          2|   27|         54|
    |j_1_reg_444              |    9|          2|    5|         10|
    |j_2_reg_399              |    9|          2|    5|         10|
    |j_3_reg_411              |    9|          2|    5|         10|
    |j_reg_333                |    9|          2|    5|         10|
    |jb_reg_310               |    9|          2|   27|         54|
    |k_reg_377                |    9|          2|    5|         10|
    |kb_reg_344               |    9|          2|   27|         54|
    |phi_mul2_reg_355         |    9|          2|   58|        116|
    |phi_mul5_reg_433         |    9|          2|   36|         72|
    |phi_mul8_fu_172          |    9|          2|   58|        116|
    |phi_mul_reg_388          |    9|          2|   36|         72|
    +-------------------------+-----+-----------+-----+-----------+
    |Total                    |  480|        107|  455|       1177|
    +-------------------------+-----+-----------+-----+-----------+

    * Register: 
    +---------------------------+----+----+-----+-----------+
    |            Name           | FF | LUT| Bits| Const Bits|
    +---------------------------+----+----+-----+-----------+
    |ABC_read_reg_1167          |  64|   0|   64|          0|
    |AB_block_addr_2_reg_1419   |   8|   0|    8|          0|
    |A_read_reg_1182            |  64|   0|   64|          0|
    |B_line_load_reg_1414       |  32|   0|   32|          0|
    |B_read_reg_1177            |  64|   0|   64|          0|
    |C_read_reg_1172            |  64|   0|   64|          0|
    |add_ln34_1_reg_1219        |  58|   0|   58|          0|
    |add_ln34_reg_1227          |  27|   0|   27|          0|
    |add_ln37_reg_1251          |  27|   0|   27|          0|
    |add_ln42_reg_1259          |   5|   0|    5|          0|
    |add_ln51_1_reg_1292        |  58|   0|   58|          0|
    |add_ln51_reg_1300          |  27|   0|   27|          0|
    |add_ln54_reg_1318          |   5|   0|    5|          0|
    |add_ln56_1_reg_1353        |  36|   0|   36|          0|
    |add_ln56_reg_1361          |   5|   0|    5|          0|
    |add_ln59_5_reg_1366        |  62|   0|   62|          0|
    |add_ln59_reg_1348          |  62|   0|   62|          0|
    |add_ln62_reg_1386          |   5|   0|    5|          0|
    |add_ln68_reg_1399          |   5|   0|    5|          0|
    |add_ln70_1_reg_1404        |   8|   0|    8|          0|
    |add_ln77_1_reg_1429        |  36|   0|   36|          0|
    |add_ln77_reg_1437          |   5|   0|    5|          0|
    |add_ln79_reg_1467          |   5|   0|    5|          0|
    |ap_CS_fsm                  |  48|   0|   48|          0|
    |div22_reg_1197             |  28|   0|   28|          0|
    |div2_reg_1192              |  28|   0|   28|          0|
    |div_reg_1187               |  28|   0|   28|          0|
    |empty_54_reg_1328          |  32|   0|   32|          0|
    |empty_55_reg_1338          |  62|   0|   62|          0|
    |empty_57_reg_1447          |  62|   0|   62|          0|
    |gmem_addr_1_reg_1452       |  64|   0|   64|          0|
    |gmem_addr_2_reg_1371       |  64|   0|   64|          0|
    |gmem_addr_3_read_reg_1391  |  32|   0|   32|          0|
    |gmem_addr_3_reg_1377       |  64|   0|   64|          0|
    |gmem_addr_reg_1242         |  64|   0|   64|          0|
    |i_1_reg_366                |   5|   0|    5|          0|
    |i_2_reg_422                |   5|   0|    5|          0|
    |i_reg_322                  |   5|   0|    5|          0|
    |ib_fu_176                  |  27|   0|   27|          0|
    |j_1_reg_444                |   5|   0|    5|          0|
    |j_2_reg_399                |   5|   0|    5|          0|
    |j_3_reg_411                |   5|   0|    5|          0|
    |j_reg_333                  |   5|   0|    5|          0|
    |jb_reg_310                 |  27|   0|   27|          0|
    |k_reg_377                  |   5|   0|    5|          0|
    |kb_reg_344                 |  27|   0|   27|          0|
    |mul_ln70_reg_1424          |  32|   0|   32|          0|
    |phi_mul2_reg_355           |  58|   0|   58|          0|
    |phi_mul5_reg_433           |  36|   0|   36|          0|
    |phi_mul8_fu_172            |  58|   0|   58|          0|
    |phi_mul_reg_388            |  36|   0|   36|          0|
    |reg_463                    |  32|   0|   32|          0|
    |reg_469                    |  32|   0|   32|          0|
    |sext_ln34_1_reg_1208       |  62|   0|   62|          0|
    |sext_ln34_2_reg_1213       |  58|   0|   58|          0|
    |sext_ln34_reg_1202         |  36|   0|   36|          0|
    |tmp_11_reg_1343            |   4|   0|    8|          4|
    |tmp_12_reg_1459            |   4|   0|    8|          4|
    |tmp_6_reg_1232             |  58|   0|   62|          4|
    |tmp_8_cast_reg_1237        |  27|   0|   32|          5|
    |tmp_9_reg_1279             |   4|   0|    8|          4|
    |tmp_s_reg_1305             |  58|   0|   62|          4|
    |trunc_ln42_reg_1264        |   4|   0|    4|          0|
    |trunc_ln54_reg_1323        |   4|   0|    4|          0|
    |trunc_ln77_reg_1442        |   4|   0|    4|          0|
    |zext_ln51_1_reg_1274       |  27|   0|   62|         35|
    |zext_ln51_reg_1269         |  27|   0|   36|          9|
    |zext_ln54_reg_1310         |  27|   0|   62|         35|
    +---------------------------+----+----+-----+-----------+
    |Total                      |2117|   0| 2221|        104|
    +---------------------------+----+----+-----+-----------+



================================================================
== Interface
================================================================
* Summary: 
+-----------------------+-----+-----+------------+--------------+--------------+
|       RTL Ports       | Dir | Bits|  Protocol  | Source Object|    C Type    |
+-----------------------+-----+-----+------------+--------------+--------------+
|s_axi_control_AWVALID  |   in|    1|       s_axi|       control|        scalar|
|s_axi_control_AWREADY  |  out|    1|       s_axi|       control|        scalar|
|s_axi_control_AWADDR   |   in|    7|       s_axi|       control|        scalar|
|s_axi_control_WVALID   |   in|    1|       s_axi|       control|        scalar|
|s_axi_control_WREADY   |  out|    1|       s_axi|       control|        scalar|
|s_axi_control_WDATA    |   in|   32|       s_axi|       control|        scalar|
|s_axi_control_WSTRB    |   in|    4|       s_axi|       control|        scalar|
|s_axi_control_ARVALID  |   in|    1|       s_axi|       control|        scalar|
|s_axi_control_ARREADY  |  out|    1|       s_axi|       control|        scalar|
|s_axi_control_ARADDR   |   in|    7|       s_axi|       control|        scalar|
|s_axi_control_RVALID   |  out|    1|       s_axi|       control|        scalar|
|s_axi_control_RREADY   |   in|    1|       s_axi|       control|        scalar|
|s_axi_control_RDATA    |  out|   32|       s_axi|       control|        scalar|
|s_axi_control_RRESP    |  out|    2|       s_axi|       control|        scalar|
|s_axi_control_BVALID   |  out|    1|       s_axi|       control|        scalar|
|s_axi_control_BREADY   |   in|    1|       s_axi|       control|        scalar|
|s_axi_control_BRESP    |  out|    2|       s_axi|       control|        scalar|
|ap_clk                 |   in|    1|  ap_ctrl_hs|            MM|  return value|
|ap_rst_n               |   in|    1|  ap_ctrl_hs|            MM|  return value|
|interrupt              |  out|    1|  ap_ctrl_hs|            MM|  return value|
|m_axi_gmem_AWVALID     |  out|    1|       m_axi|          gmem|       pointer|
|m_axi_gmem_AWREADY     |   in|    1|       m_axi|          gmem|       pointer|
|m_axi_gmem_AWADDR      |  out|   64|       m_axi|          gmem|       pointer|
|m_axi_gmem_AWID        |  out|    1|       m_axi|          gmem|       pointer|
|m_axi_gmem_AWLEN       |  out|    8|       m_axi|          gmem|       pointer|
|m_axi_gmem_AWSIZE      |  out|    3|       m_axi|          gmem|       pointer|
|m_axi_gmem_AWBURST     |  out|    2|       m_axi|          gmem|       pointer|
|m_axi_gmem_AWLOCK      |  out|    2|       m_axi|          gmem|       pointer|
|m_axi_gmem_AWCACHE     |  out|    4|       m_axi|          gmem|       pointer|
|m_axi_gmem_AWPROT      |  out|    3|       m_axi|          gmem|       pointer|
|m_axi_gmem_AWQOS       |  out|    4|       m_axi|          gmem|       pointer|
|m_axi_gmem_AWREGION    |  out|    4|       m_axi|          gmem|       pointer|
|m_axi_gmem_AWUSER      |  out|    1|       m_axi|          gmem|       pointer|
|m_axi_gmem_WVALID      |  out|    1|       m_axi|          gmem|       pointer|
|m_axi_gmem_WREADY      |   in|    1|       m_axi|          gmem|       pointer|
|m_axi_gmem_WDATA       |  out|   32|       m_axi|          gmem|       pointer|
|m_axi_gmem_WSTRB       |  out|    4|       m_axi|          gmem|       pointer|
|m_axi_gmem_WLAST       |  out|    1|       m_axi|          gmem|       pointer|
|m_axi_gmem_WID         |  out|    1|       m_axi|          gmem|       pointer|
|m_axi_gmem_WUSER       |  out|    1|       m_axi|          gmem|       pointer|
|m_axi_gmem_ARVALID     |  out|    1|       m_axi|          gmem|       pointer|
|m_axi_gmem_ARREADY     |   in|    1|       m_axi|          gmem|       pointer|
|m_axi_gmem_ARADDR      |  out|   64|       m_axi|          gmem|       pointer|
|m_axi_gmem_ARID        |  out|    1|       m_axi|          gmem|       pointer|
|m_axi_gmem_ARLEN       |  out|    8|       m_axi|          gmem|       pointer|
|m_axi_gmem_ARSIZE      |  out|    3|       m_axi|          gmem|       pointer|
|m_axi_gmem_ARBURST     |  out|    2|       m_axi|          gmem|       pointer|
|m_axi_gmem_ARLOCK      |  out|    2|       m_axi|          gmem|       pointer|
|m_axi_gmem_ARCACHE     |  out|    4|       m_axi|          gmem|       pointer|
|m_axi_gmem_ARPROT      |  out|    3|       m_axi|          gmem|       pointer|
|m_axi_gmem_ARQOS       |  out|    4|       m_axi|          gmem|       pointer|
|m_axi_gmem_ARREGION    |  out|    4|       m_axi|          gmem|       pointer|
|m_axi_gmem_ARUSER      |  out|    1|       m_axi|          gmem|       pointer|
|m_axi_gmem_RVALID      |   in|    1|       m_axi|          gmem|       pointer|
|m_axi_gmem_RREADY      |  out|    1|       m_axi|          gmem|       pointer|
|m_axi_gmem_RDATA       |   in|   32|       m_axi|          gmem|       pointer|
|m_axi_gmem_RLAST       |   in|    1|       m_axi|          gmem|       pointer|
|m_axi_gmem_RID         |   in|    1|       m_axi|          gmem|       pointer|
|m_axi_gmem_RUSER       |   in|    1|       m_axi|          gmem|       pointer|
|m_axi_gmem_RRESP       |   in|    2|       m_axi|          gmem|       pointer|
|m_axi_gmem_BVALID      |   in|    1|       m_axi|          gmem|       pointer|
|m_axi_gmem_BREADY      |  out|    1|       m_axi|          gmem|       pointer|
|m_axi_gmem_BRESP       |   in|    2|       m_axi|          gmem|       pointer|
|m_axi_gmem_BID         |   in|    1|       m_axi|          gmem|       pointer|
|m_axi_gmem_BUSER       |   in|    1|       m_axi|          gmem|       pointer|
+-----------------------+-----+-----+------------+--------------+--------------+

