

================================================================
== Vitis HLS Report for 'MM_Pipeline_VITIS_LOOP_46_6_VITIS_LOOP_47_7_VITIS_LOOP_50_8'
================================================================
* Date:           Sat Apr  4 16:08:45 2026

* Version:        2025.1 (Build 6135595 on May 21 2025)
* Project:        baseline_blockedMM
* Solution:       hls (Vivado IP Flow Target)
* Product family: zynq
* Target device:  xc7z020-clg400-1


================================================================
== Performance Estimates
================================================================
+ Timing: 
    * Summary: 
    +--------+----------+----------+------------+
    |  Clock |  Target  | Estimated| Uncertainty|
    +--------+----------+----------+------------+
    |ap_clk  |  10.00 ns|  7.300 ns|     2.70 ns|
    +--------+----------+----------+------------+

+ Latency: 
    * Summary: 
    +---------+---------+----------+----------+-----+-----+------------------------------------------------+
    |  Latency (cycles) |  Latency (absolute) |  Interval |                    Pipeline                    |
    |   min   |   max   |    min   |    max   | min | max |                      Type                      |
    +---------+---------+----------+----------+-----+-----+------------------------------------------------+
    |        ?|        ?|         ?|         ?|    0|    0|  loop auto-rewind stp (delay=0 clock cycles(s))|
    +---------+---------+----------+----------+-----+-----+------------------------------------------------+

    + Detail: 
        * Instance: 
        N/A

        * Loop: 
        +---------------------------------------------------+---------+---------+----------+-----------+-----------+------+----------+
        |                                                   |  Latency (cycles) | Iteration|  Initiation Interval  | Trip |          |
        |                     Loop Name                     |   min   |   max   |  Latency |  achieved |   target  | Count| Pipelined|
        +---------------------------------------------------+---------+---------+----------+-----------+-----------+------+----------+
        |- VITIS_LOOP_46_6_VITIS_LOOP_47_7_VITIS_LOOP_50_8  |        ?|        ?|        27|         16|          1|     ?|       yes|
        +---------------------------------------------------+---------+---------+----------+-----------+-----------+------+----------+



================================================================
== Utilization Estimates
================================================================
* Summary: 
+-----------------+---------+-----+--------+-------+-----+
|       Name      | BRAM_18K| DSP |   FF   |  LUT  | URAM|
+-----------------+---------+-----+--------+-------+-----+
|DSP              |        -|    -|       -|      -|    -|
|Expression       |        -|    -|       0|   1922|    -|
|FIFO             |        -|    -|       -|      -|    -|
|Instance         |        -|   17|    1023|    538|    -|
|Memory           |        -|    -|       -|      -|    -|
|Multiplexer      |        -|    -|       0|    255|    -|
|Register         |        -|    -|    2027|      -|    -|
+-----------------+---------+-----+--------+-------+-----+
|Total            |        0|   17|    3050|   2715|    0|
+-----------------+---------+-----+--------+-------+-----+
|Available        |      280|  220|  106400|  53200|    0|
+-----------------+---------+-----+--------+-------+-----+
|Utilization (%)  |        0|    7|       2|      5|    0|
+-----------------+---------+-----+--------+-------+-----+

+ Detail: 
    * Instance: 
    +-----------------------+--------------------+---------+----+-----+-----+-----+
    |        Instance       |       Module       | BRAM_18K| DSP|  FF | LUT | URAM|
    +-----------------------+--------------------+---------+----+-----+-----+-----+
    |mul_32s_32s_32_2_1_U5  |mul_32s_32s_32_2_1  |        0|   3|  165|   50|    0|
    |mul_62s_32s_62_5_1_U6  |mul_62s_32s_62_5_1  |        0|   7|  429|  244|    0|
    |mul_62s_32s_62_5_1_U7  |mul_62s_32s_62_5_1  |        0|   7|  429|  244|    0|
    +-----------------------+--------------------+---------+----+-----+-----+-----+
    |Total                  |                    |        0|  17| 1023|  538|    0|
    +-----------------------+--------------------+---------+----+-----+-----+-----+

    * DSP: 
    N/A

    * Memory: 
    N/A

    * FIFO: 
    N/A

    * Expression: 
    +---------------------------------+----------+----+---+-----+------------+------------+
    |          Variable Name          | Operation| DSP| FF| LUT | Bitwidth P0| Bitwidth P1|
    +---------------------------------+----------+----+---+-----+------------+------------+
    |add_ln46_1_fu_343_p2             |         +|   0|  0|   71|          64|           1|
    |add_ln46_fu_296_p2               |         +|   0|  0|  199|         192|           1|
    |add_ln47_1_fu_361_p2             |         +|   0|  0|  135|         128|           1|
    |add_ln47_fu_372_p2               |         +|   0|  0|   71|          64|           1|
    |add_ln50_fu_534_p2               |         +|   0|  0|   71|          64|           1|
    |add_ln51_1_fu_471_p2             |         +|   0|  0|   71|          64|          64|
    |add_ln51_2_fu_496_p2             |         +|   0|  0|   69|          62|          62|
    |add_ln51_3_fu_509_p2             |         +|   0|  0|   71|          64|          64|
    |add_ln51_4_fu_544_p2             |         +|   0|  0|   39|          32|          32|
    |add_ln51_fu_458_p2               |         +|   0|  0|   69|          62|          62|
    |empty_31_fu_421_p2               |         +|   0|  0|   69|          62|          62|
    |empty_32_fu_433_p2               |         +|   0|  0|   71|          64|          64|
    |ap_block_pp0_stage0_11001_grp4   |       and|   0|  0|    2|           1|           1|
    |ap_block_pp0_stage10_11001_grp9  |       and|   0|  0|    2|           1|           1|
    |ap_block_pp0_stage11_11001_grp3  |       and|   0|  0|    2|           1|           1|
    |ap_block_pp0_stage4_11001_grp7   |       and|   0|  0|    2|           1|           1|
    |ap_block_pp0_stage5_11001_grp8   |       and|   0|  0|    2|           1|           1|
    |ap_block_pp0_stage8_11001_grp1   |       and|   0|  0|    2|           1|           1|
    |ap_block_pp0_stage9_11001_grp2   |       and|   0|  0|    2|           1|           1|
    |ap_block_state10_io_grp2         |       and|   0|  0|    2|           1|           1|
    |ap_condition_284                 |       and|   0|  0|    2|           1|           1|
    |icmp_ln46_fu_291_p2              |      icmp|   0|  0|  199|         192|         192|
    |icmp_ln47_fu_314_p2              |      icmp|   0|  0|  135|         128|         128|
    |icmp_ln50_1_fu_330_p2            |      icmp|   0|  0|   71|          64|          64|
    |icmp_ln50_fu_326_p2              |      icmp|   0|  0|   41|          34|          34|
    |k_1_mid2_fu_377_p3               |    select|   0|  0|   64|           1|          64|
    |select_ln46_1_fu_367_p3          |    select|   0|  0|   64|           1|          64|
    |select_ln46_2_fu_335_p3          |    select|   0|  0|    2|           1|           1|
    |select_ln46_3_fu_349_p3          |    select|   0|  0|   64|           1|          64|
    |select_ln46_fu_319_p3            |    select|   0|  0|   64|           1|          64|
    |select_ln47_1_fu_397_p3          |    select|   0|  0|  128|           1|           1|
    |select_ln47_fu_383_p3            |    select|   0|  0|   64|           1|          64|
    |ap_enable_pp0                    |       xor|   0|  0|    2|           1|           2|
    +---------------------------------+----------+----+---+-----+------------+------------+
    |Total                            |          |   0|  0| 1922|        1357|        1166|
    +---------------------------------+----------+----+---+-----+------------+------------+

    * Multiplexer: 
    +-----------------------------+----+-----------+-----+-----------+
    |             Name            | LUT| Input Size| Bits| Total Bits|
    +-----------------------------+----+-----------+-----+-----------+
    |ap_NS_fsm                    |  81|         17|    1|         17|
    |ap_done_int                  |   9|          2|    1|          2|
    |ap_enable_reg_pp0_iter0      |   9|          2|    1|          2|
    |ap_enable_reg_pp0_iter0_reg  |   9|          2|    1|          2|
    |ap_enable_reg_pp0_iter1      |   9|          2|    1|          2|
    |gmem_blk_n_AR                |   9|          2|    1|          2|
    |gmem_blk_n_AW                |   9|          2|    1|          2|
    |gmem_blk_n_B                 |   9|          2|    1|          2|
    |gmem_blk_n_R                 |   9|          2|    1|          2|
    |gmem_blk_n_W                 |   9|          2|    1|          2|
    |grp_fu_218_p0                |  14|          3|   62|        186|
    |grp_fu_218_p1                |  14|          3|   32|         96|
    |i_fu_108                     |   9|          2|   64|        128|
    |indvar_flatten69_fu_112      |   9|          2|  192|        384|
    |indvar_flatten_fu_104        |   9|          2|  128|        256|
    |j_fu_100                     |   9|          2|   64|        128|
    |k_fu_96                      |   9|          2|   64|        128|
    |m_axi_gmem_0_ARADDR          |  20|          4|   64|        256|
    +-----------------------------+----+-----------+-----+-----------+
    |Total                        | 255|         55|  680|       1597|
    +-----------------------------+----+-----------+-----+-----------+

    * Register: 
    +-------------------------------------------+-----+----+-----+-----------+
    |                    Name                   |  FF | LUT| Bits| Const Bits|
    +-------------------------------------------+-----+----+-----+-----------+
    |P_cast8_cast_reg_614                       |   62|   0|   62|          0|
    |add_ln46_reg_650                           |  192|   0|  192|          0|
    |add_ln47_1_reg_689                         |  128|   0|  128|          0|
    |add_ln51_4_reg_747                         |   32|   0|   32|          0|
    |ap_CS_fsm                                  |   16|   0|   16|          0|
    |ap_block_pp0_stage0_subdone_grp0_done_reg  |    1|   0|    1|          0|
    |ap_block_pp0_stage1_subdone_grp0_done_reg  |    1|   0|    1|          0|
    |ap_block_pp0_stage3_subdone_grp0_done_reg  |    1|   0|    1|          0|
    |ap_block_pp0_stage4_subdone_grp0_done_reg  |    1|   0|    1|          0|
    |ap_block_pp0_stage5_subdone_grp0_done_reg  |    1|   0|    1|          0|
    |ap_block_pp0_stage8_subdone_grp0_done_reg  |    1|   0|    1|          0|
    |ap_done_reg                                |    1|   0|    1|          0|
    |ap_enable_reg_pp0_iter0_reg                |    1|   0|    1|          0|
    |ap_enable_reg_pp0_iter1                    |    1|   0|    1|          0|
    |empty_30_reg_711                           |   62|   0|   62|          0|
    |gmem_addr_1_reg_725                        |   64|   0|   64|          0|
    |gmem_addr_2_read_reg_737                   |   32|   0|   32|          0|
    |gmem_addr_2_reg_731                        |   64|   0|   64|          0|
    |gmem_addr_reg_716                          |   64|   0|   64|          0|
    |i_fu_108                                   |   64|   0|   64|          0|
    |icmp_ln46_reg_646                          |    1|   0|    1|          0|
    |icmp_ln47_reg_660                          |    1|   0|    1|          0|
    |indvar_flatten69_fu_112                    |  192|   0|  192|          0|
    |indvar_flatten_fu_104                      |  128|   0|  128|          0|
    |j_fu_100                                   |   64|   0|   64|          0|
    |k_1_mid2_reg_694                           |   64|   0|   64|          0|
    |k_fu_96                                    |   64|   0|   64|          0|
    |k_load_reg_655                             |   64|   0|   64|          0|
    |mul_ln51_1_reg_742                         |   32|   0|   32|          0|
    |reg_226                                    |   62|   0|   62|          0|
    |reg_230                                    |   32|   0|   32|          0|
    |select_ln46_2_reg_672                      |    1|   0|    1|          0|
    |select_ln46_3_reg_678                      |   64|   0|   64|          0|
    |select_ln46_reg_666                        |   64|   0|   64|          0|
    |sext_ln41_cast_reg_620                     |   62|   0|   62|          0|
    |sext_ln43_3_cast_reg_625                   |   64|   0|   64|          0|
    |trunc_ln46_reg_683                         |   62|   0|   62|          0|
    |trunc_ln47_reg_699                         |   62|   0|   62|          0|
    |trunc_ln50_reg_705                         |   62|   0|   62|          0|
    |zext_ln42_cast_reg_636                     |   31|   0|   64|         33|
    |zext_ln43_cast1_reg_630                    |   31|   0|   64|         33|
    |zext_ln43_cast_reg_641                     |   31|   0|   34|          3|
    +-------------------------------------------+-----+----+-----+-----------+
    |Total                                      | 2027|   0| 2096|         69|
    +-------------------------------------------+-----+----+-----+-----------+



================================================================
== Interface
================================================================
* Summary: 
+-----------------------+-----+-----+------------+-------------------------------------------------------------+--------------+
|       RTL Ports       | Dir | Bits|  Protocol  |                        Source Object                        |    C Type    |
+-----------------------+-----+-----+------------+-------------------------------------------------------------+--------------+
|ap_clk                 |   in|    1|  ap_ctrl_hs|  MM_Pipeline_VITIS_LOOP_46_6_VITIS_LOOP_47_7_VITIS_LOOP_50_8|  return value|
|ap_rst                 |   in|    1|  ap_ctrl_hs|  MM_Pipeline_VITIS_LOOP_46_6_VITIS_LOOP_47_7_VITIS_LOOP_50_8|  return value|
|ap_start               |   in|    1|  ap_ctrl_hs|  MM_Pipeline_VITIS_LOOP_46_6_VITIS_LOOP_47_7_VITIS_LOOP_50_8|  return value|
|ap_done                |  out|    1|  ap_ctrl_hs|  MM_Pipeline_VITIS_LOOP_46_6_VITIS_LOOP_47_7_VITIS_LOOP_50_8|  return value|
|ap_idle                |  out|    1|  ap_ctrl_hs|  MM_Pipeline_VITIS_LOOP_46_6_VITIS_LOOP_47_7_VITIS_LOOP_50_8|  return value|
|ap_ready               |  out|    1|  ap_ctrl_hs|  MM_Pipeline_VITIS_LOOP_46_6_VITIS_LOOP_47_7_VITIS_LOOP_50_8|  return value|
|m_axi_gmem_0_AWVALID   |  out|    1|       m_axi|                                                         gmem|       pointer|
|m_axi_gmem_0_AWREADY   |   in|    1|       m_axi|                                                         gmem|       pointer|
|m_axi_gmem_0_AWADDR    |  out|   64|       m_axi|                                                         gmem|       pointer|
|m_axi_gmem_0_AWID      |  out|    1|       m_axi|                                                         gmem|       pointer|
|m_axi_gmem_0_AWLEN     |  out|   32|       m_axi|                                                         gmem|       pointer|
|m_axi_gmem_0_AWSIZE    |  out|    3|       m_axi|                                                         gmem|       pointer|
|m_axi_gmem_0_AWBURST   |  out|    2|       m_axi|                                                         gmem|       pointer|
|m_axi_gmem_0_AWLOCK    |  out|    2|       m_axi|                                                         gmem|       pointer|
|m_axi_gmem_0_AWCACHE   |  out|    4|       m_axi|                                                         gmem|       pointer|
|m_axi_gmem_0_AWPROT    |  out|    3|       m_axi|                                                         gmem|       pointer|
|m_axi_gmem_0_AWQOS     |  out|    4|       m_axi|                                                         gmem|       pointer|
|m_axi_gmem_0_AWREGION  |  out|    4|       m_axi|                                                         gmem|       pointer|
|m_axi_gmem_0_AWUSER    |  out|    1|       m_axi|                                                         gmem|       pointer|
|m_axi_gmem_0_WVALID    |  out|    1|       m_axi|                                                         gmem|       pointer|
|m_axi_gmem_0_WREADY    |   in|    1|       m_axi|                                                         gmem|       pointer|
|m_axi_gmem_0_WDATA     |  out|   32|       m_axi|                                                         gmem|       pointer|
|m_axi_gmem_0_WSTRB     |  out|    4|       m_axi|                                                         gmem|       pointer|
|m_axi_gmem_0_WLAST     |  out|    1|       m_axi|                                                         gmem|       pointer|
|m_axi_gmem_0_WID       |  out|    1|       m_axi|                                                         gmem|       pointer|
|m_axi_gmem_0_WUSER     |  out|    1|       m_axi|                                                         gmem|       pointer|
|m_axi_gmem_0_ARVALID   |  out|    1|       m_axi|                                                         gmem|       pointer|
|m_axi_gmem_0_ARREADY   |   in|    1|       m_axi|                                                         gmem|       pointer|
|m_axi_gmem_0_ARADDR    |  out|   64|       m_axi|                                                         gmem|       pointer|
|m_axi_gmem_0_ARID      |  out|    1|       m_axi|                                                         gmem|       pointer|
|m_axi_gmem_0_ARLEN     |  out|   32|       m_axi|                                                         gmem|       pointer|
|m_axi_gmem_0_ARSIZE    |  out|    3|       m_axi|                                                         gmem|       pointer|
|m_axi_gmem_0_ARBURST   |  out|    2|       m_axi|                                                         gmem|       pointer|
|m_axi_gmem_0_ARLOCK    |  out|    2|       m_axi|                                                         gmem|       pointer|
|m_axi_gmem_0_ARCACHE   |  out|    4|       m_axi|                                                         gmem|       pointer|
|m_axi_gmem_0_ARPROT    |  out|    3|       m_axi|                                                         gmem|       pointer|
|m_axi_gmem_0_ARQOS     |  out|    4|       m_axi|                                                         gmem|       pointer|
|m_axi_gmem_0_ARREGION  |  out|    4|       m_axi|                                                         gmem|       pointer|
|m_axi_gmem_0_ARUSER    |  out|    1|       m_axi|                                                         gmem|       pointer|
|m_axi_gmem_0_RVALID    |   in|    1|       m_axi|                                                         gmem|       pointer|
|m_axi_gmem_0_RREADY    |  out|    1|       m_axi|                                                         gmem|       pointer|
|m_axi_gmem_0_RDATA     |   in|   32|       m_axi|                                                         gmem|       pointer|
|m_axi_gmem_0_RLAST     |   in|    1|       m_axi|                                                         gmem|       pointer|
|m_axi_gmem_0_RID       |   in|    1|       m_axi|                                                         gmem|       pointer|
|m_axi_gmem_0_RFIFONUM  |   in|    9|       m_axi|                                                         gmem|       pointer|
|m_axi_gmem_0_RUSER     |   in|    1|       m_axi|                                                         gmem|       pointer|
|m_axi_gmem_0_RRESP     |   in|    2|       m_axi|                                                         gmem|       pointer|
|m_axi_gmem_0_BVALID    |   in|    1|       m_axi|                                                         gmem|       pointer|
|m_axi_gmem_0_BREADY    |  out|    1|       m_axi|                                                         gmem|       pointer|
|m_axi_gmem_0_BRESP     |   in|    2|       m_axi|                                                         gmem|       pointer|
|m_axi_gmem_0_BID       |   in|    1|       m_axi|                                                         gmem|       pointer|
|m_axi_gmem_0_BUSER     |   in|    1|       m_axi|                                                         gmem|       pointer|
|zext_ln41_3            |   in|   31|     ap_none|                                                  zext_ln41_3|        scalar|
|zext_ln42              |   in|   31|     ap_none|                                                    zext_ln42|        scalar|
|zext_ln43              |   in|   31|     ap_none|                                                    zext_ln43|        scalar|
|mul_ln43_1             |   in|  192|     ap_none|                                                   mul_ln43_1|        scalar|
|mul_ln43               |   in|  128|     ap_none|                                                     mul_ln43|        scalar|
|sext_ln43_3            |   in|   34|     ap_none|                                                  sext_ln43_3|        scalar|
|sext_ln41              |   in|   32|     ap_none|                                                    sext_ln41|        scalar|
|P_cast8                |   in|   32|     ap_none|                                                      P_cast8|        scalar|
|ABC                    |   in|   64|     ap_none|                                                          ABC|        scalar|
|A                      |   in|   64|     ap_none|                                                            A|        scalar|
|B                      |   in|   64|     ap_none|                                                            B|        scalar|
+-----------------------+-----+-----+------------+-------------------------------------------------------------+--------------+

