

================================================================
== Vitis HLS Report for 'MM_Pipeline_VITIS_LOOP_35_2'
================================================================
* Date:           Sat Apr  4 16:08:44 2026

* Version:        2025.1 (Build 6135595 on May 21 2025)
* Project:        baseline_blockedMM
* Solution:       hls (Vivado IP Flow Target)
* Product family: zynq
* Target device:  xc7z020-clg400-1


================================================================
== Performance Estimates
================================================================
+ Timing: 
    * Summary: 
    +--------+----------+----------+------------+
    |  Clock |  Target  | Estimated| Uncertainty|
    +--------+----------+----------+------------+
    |ap_clk  |  10.00 ns|  7.300 ns|     2.70 ns|
    +--------+----------+----------+------------+

+ Latency: 
    * Summary: 
    +---------+---------+-----------+----------+-----+-----+------------------------------------------------+
    |  Latency (cycles) |  Latency (absolute)  |  Interval |                    Pipeline                    |
    |   min   |   max   |    min    |    max   | min | max |                      Type                      |
    +---------+---------+-----------+----------+-----+-----+------------------------------------------------+
    |        3|        ?|  30.000 ns|         ?|    2|    0|  loop auto-rewind stp (delay=0 clock cycles(s))|
    +---------+---------+-----------+----------+-----+-----+------------------------------------------------+

    + Detail: 
        * Instance: 
        N/A

        * Loop: 
        +-------------------+---------+---------+----------+-----------+-----------+-------+----------+
        |                   |  Latency (cycles) | Iteration|  Initiation Interval  |  Trip |          |
        |     Loop Name     |   min   |   max   |  Latency |  achieved |   target  | Count | Pipelined|
        +-------------------+---------+---------+----------+-----------+-----------+-------+----------+
        |- VITIS_LOOP_35_2  |        1|        ?|         2|          1|          1|  1 ~ ?|       yes|
        +-------------------+---------+---------+----------+-----------+-----------+-------+----------+



================================================================
== Utilization Estimates
================================================================
* Summary: 
+-----------------+---------+-----+--------+-------+-----+
|       Name      | BRAM_18K| DSP |   FF   |  LUT  | URAM|
+-----------------+---------+-----+--------+-------+-----+
|DSP              |        -|    -|       -|      -|    -|
|Expression       |        -|    -|       0|     80|    -|
|FIFO             |        -|    -|       -|      -|    -|
|Instance         |        -|    -|       -|      -|    -|
|Memory           |        -|    -|       -|      -|    -|
|Multiplexer      |        -|    -|       0|     45|    -|
|Register         |        -|    -|      34|      -|    -|
+-----------------+---------+-----+--------+-------+-----+
|Total            |        0|    0|      34|    125|    0|
+-----------------+---------+-----+--------+-------+-----+
|Available        |      280|  220|  106400|  53200|    0|
+-----------------+---------+-----+--------+-------+-----+
|Utilization (%)  |        0|    0|      ~0|     ~0|    0|
+-----------------+---------+-----+--------+-------+-----+

+ Detail: 
    * Instance: 
    N/A

    * DSP: 
    N/A

    * Memory: 
    N/A

    * FIFO: 
    N/A

    * Expression: 
    +---------------------------+----------+----+---+----+------------+------------+
    |       Variable Name       | Operation| DSP| FF| LUT| Bitwidth P0| Bitwidth P1|
    +---------------------------+----------+----+---+----+------------+------------+
    |add_ln35_fu_106_p2         |         +|   0|  0|  38|          31|           1|
    |ap_block_pp0_stage0_11001  |       and|   0|  0|   2|           1|           1|
    |icmp_ln35_fu_100_p2        |      icmp|   0|  0|  38|          31|          31|
    |ap_enable_pp0              |       xor|   0|  0|   2|           1|           2|
    +---------------------------+----------+----+---+----+------------+------------+
    |Total                      |          |   0|  0|  80|          64|          35|
    +---------------------------+----------+----+---+----+------------+------------+

    * Multiplexer: 
    +-------------------------+----+-----------+-----+-----------+
    |           Name          | LUT| Input Size| Bits| Total Bits|
    +-------------------------+----+-----------+-----+-----------+
    |ap_done_int              |   9|          2|    1|          2|
    |ap_enable_reg_pp0_iter1  |   9|          2|    1|          2|
    |ap_sig_allocacmp_j_load  |   9|          2|   31|         62|
    |gmem_blk_n_W             |   9|          2|    1|          2|
    |j_fu_58                  |   9|          2|   31|         62|
    +-------------------------+----+-----------+-----+-----------+
    |Total                    |  45|         10|   65|        130|
    +-------------------------+----+-----------+-----+-----------+

    * Register: 
    +-------------------------+----+----+-----+-----------+
    |           Name          | FF | LUT| Bits| Const Bits|
    +-------------------------+----+----+-----+-----------+
    |ap_CS_fsm                |   1|   0|    1|          0|
    |ap_done_reg              |   1|   0|    1|          0|
    |ap_enable_reg_pp0_iter1  |   1|   0|    1|          0|
    |j_fu_58                  |  31|   0|   31|          0|
    +-------------------------+----+----+-----+-----------+
    |Total                    |  34|   0|   34|          0|
    +-------------------------+----+----+-----+-----------+



================================================================
== Interface
================================================================
* Summary: 
+-----------------------+-----+-----+------------+-----------------------------+--------------+
|       RTL Ports       | Dir | Bits|  Protocol  |        Source Object        |    C Type    |
+-----------------------+-----+-----+------------+-----------------------------+--------------+
|ap_clk                 |   in|    1|  ap_ctrl_hs|  MM_Pipeline_VITIS_LOOP_35_2|  return value|
|ap_rst                 |   in|    1|  ap_ctrl_hs|  MM_Pipeline_VITIS_LOOP_35_2|  return value|
|ap_start               |   in|    1|  ap_ctrl_hs|  MM_Pipeline_VITIS_LOOP_35_2|  return value|
|ap_done                |  out|    1|  ap_ctrl_hs|  MM_Pipeline_VITIS_LOOP_35_2|  return value|
|ap_idle                |  out|    1|  ap_ctrl_hs|  MM_Pipeline_VITIS_LOOP_35_2|  return value|
|ap_ready               |  out|    1|  ap_ctrl_hs|  MM_Pipeline_VITIS_LOOP_35_2|  return value|
|m_axi_gmem_0_AWVALID   |  out|    1|       m_axi|                         gmem|       pointer|
|m_axi_gmem_0_AWREADY   |   in|    1|       m_axi|                         gmem|       pointer|
|m_axi_gmem_0_AWADDR    |  out|   64|       m_axi|                         gmem|       pointer|
|m_axi_gmem_0_AWID      |  out|    1|       m_axi|                         gmem|       pointer|
|m_axi_gmem_0_AWLEN     |  out|   32|       m_axi|                         gmem|       pointer|
|m_axi_gmem_0_AWSIZE    |  out|    3|       m_axi|                         gmem|       pointer|
|m_axi_gmem_0_AWBURST   |  out|    2|       m_axi|                         gmem|       pointer|
|m_axi_gmem_0_AWLOCK    |  out|    2|       m_axi|                         gmem|       pointer|
|m_axi_gmem_0_AWCACHE   |  out|    4|       m_axi|                         gmem|       pointer|
|m_axi_gmem_0_AWPROT    |  out|    3|       m_axi|                         gmem|       pointer|
|m_axi_gmem_0_AWQOS     |  out|    4|       m_axi|                         gmem|       pointer|
|m_axi_gmem_0_AWREGION  |  out|    4|       m_axi|                         gmem|       pointer|
|m_axi_gmem_0_AWUSER    |  out|    1|       m_axi|                         gmem|       pointer|
|m_axi_gmem_0_WVALID    |  out|    1|       m_axi|                         gmem|       pointer|
|m_axi_gmem_0_WREADY    |   in|    1|       m_axi|                         gmem|       pointer|
|m_axi_gmem_0_WDATA     |  out|   32|       m_axi|                         gmem|       pointer|
|m_axi_gmem_0_WSTRB     |  out|    4|       m_axi|                         gmem|       pointer|
|m_axi_gmem_0_WLAST     |  out|    1|       m_axi|                         gmem|       pointer|
|m_axi_gmem_0_WID       |  out|    1|       m_axi|                         gmem|       pointer|
|m_axi_gmem_0_WUSER     |  out|    1|       m_axi|                         gmem|       pointer|
|m_axi_gmem_0_ARVALID   |  out|    1|       m_axi|                         gmem|       pointer|
|m_axi_gmem_0_ARREADY   |   in|    1|       m_axi|                         gmem|       pointer|
|m_axi_gmem_0_ARADDR    |  out|   64|       m_axi|                         gmem|       pointer|
|m_axi_gmem_0_ARID      |  out|    1|       m_axi|                         gmem|       pointer|
|m_axi_gmem_0_ARLEN     |  out|   32|       m_axi|                         gmem|       pointer|
|m_axi_gmem_0_ARSIZE    |  out|    3|       m_axi|                         gmem|       pointer|
|m_axi_gmem_0_ARBURST   |  out|    2|       m_axi|                         gmem|       pointer|
|m_axi_gmem_0_ARLOCK    |  out|    2|       m_axi|                         gmem|       pointer|
|m_axi_gmem_0_ARCACHE   |  out|    4|       m_axi|                         gmem|       pointer|
|m_axi_gmem_0_ARPROT    |  out|    3|       m_axi|                         gmem|       pointer|
|m_axi_gmem_0_ARQOS     |  out|    4|       m_axi|                         gmem|       pointer|
|m_axi_gmem_0_ARREGION  |  out|    4|       m_axi|                         gmem|       pointer|
|m_axi_gmem_0_ARUSER    |  out|    1|       m_axi|                         gmem|       pointer|
|m_axi_gmem_0_RVALID    |   in|    1|       m_axi|                         gmem|       pointer|
|m_axi_gmem_0_RREADY    |  out|    1|       m_axi|                         gmem|       pointer|
|m_axi_gmem_0_RDATA     |   in|   32|       m_axi|                         gmem|       pointer|
|m_axi_gmem_0_RLAST     |   in|    1|       m_axi|                         gmem|       pointer|
|m_axi_gmem_0_RID       |   in|    1|       m_axi|                         gmem|       pointer|
|m_axi_gmem_0_RFIFONUM  |   in|    9|       m_axi|                         gmem|       pointer|
|m_axi_gmem_0_RUSER     |   in|    1|       m_axi|                         gmem|       pointer|
|m_axi_gmem_0_RRESP     |   in|    2|       m_axi|                         gmem|       pointer|
|m_axi_gmem_0_BVALID    |   in|    1|       m_axi|                         gmem|       pointer|
|m_axi_gmem_0_BREADY    |  out|    1|       m_axi|                         gmem|       pointer|
|m_axi_gmem_0_BRESP     |   in|    2|       m_axi|                         gmem|       pointer|
|m_axi_gmem_0_BID       |   in|    1|       m_axi|                         gmem|       pointer|
|m_axi_gmem_0_BUSER     |   in|    1|       m_axi|                         gmem|       pointer|
|P                      |   in|   31|     ap_none|                            P|        scalar|
|sext_ln34              |   in|   62|     ap_none|                    sext_ln34|        scalar|
|gmem_addr_1_read       |   in|   32|     ap_none|             gmem_addr_1_read|        scalar|
+-----------------------+-----+-----+------------+-----------------------------+--------------+

