

================================================================
== Vitis HLS Report for 'MM_Pipeline_i_loop'
================================================================
* Date:           Wed Apr  8 12:46:18 2026

* Version:        2025.2 (Build 6295257 on Nov 14 2025)
* Project:        baseline_blockedMM
* Solution:       hls (Vivado IP Flow Target)
* Product family: zynq
* Target device:  xc7z020-clg400-1


================================================================
== Performance Estimates
================================================================
+ Timing: 
    * Summary: 
    +--------+----------+----------+------------+
    |  Clock |  Target  | Estimated| Uncertainty|
    +--------+----------+----------+------------+
    |ap_clk  |  15.00 ns|  8.510 ns|     4.05 ns|
    +--------+----------+----------+------------+

+ Latency: 
    * Summary: 
    +---------+---------+----------+----------+-----+-----+-------------------+
    |  Latency (cycles) |  Latency (absolute) |  Interval |      Pipeline     |
    |   min   |   max   |    min   |    max   | min | max |        Type       |
    +---------+---------+----------+----------+-----+-----+-------------------+
    |       19|       19|  0.285 us|  0.285 us|    0|    0|  loop pipeline stp|
    +---------+---------+----------+----------+-----+-----+-------------------+

    + Detail: 
        * Instance: 
        N/A

        * Loop: 
        +----------+---------+---------+----------+-----------+-----------+------+----------+
        |          |  Latency (cycles) | Iteration|  Initiation Interval  | Trip |          |
        | Loop Name|   min   |   max   |  Latency |  achieved |   target  | Count| Pipelined|
        +----------+---------+---------+----------+-----------+-----------+------+----------+
        |- i_loop  |       17|       17|         3|          1|          1|    16|       yes|
        +----------+---------+---------+----------+-----------+-----------+------+----------+



================================================================
== Utilization Estimates
================================================================
* Summary: 
+-----------------+---------+-----+--------+-------+-----+
|       Name      | BRAM_18K| DSP |   FF   |  LUT  | URAM|
+-----------------+---------+-----+--------+-------+-----+
|DSP              |        -|    -|       -|      -|    -|
|Expression       |        -|    -|       0|   2824|    -|
|FIFO             |        -|    -|       -|      -|    -|
|Instance         |        -|   48|       0|   1360|    -|
|Memory           |        -|    -|       -|      -|    -|
|Multiplexer      |        -|    -|       0|    180|    -|
|Register         |        -|    -|    8755|      -|    -|
+-----------------+---------+-----+--------+-------+-----+
|Total            |        0|   48|    8755|   4364|    0|
+-----------------+---------+-----+--------+-------+-----+
|Available        |      280|  220|  106400|  53200|    0|
+-----------------+---------+-----+--------+-------+-----+
|Utilization (%)  |        0|   21|       8|      8|    0|
+-----------------+---------+-----+--------+-------+-----+

+ Detail: 
    * Instance: 
    +---------------------------+-----------------------+---------+----+---+----+-----+
    |          Instance         |         Module        | BRAM_18K| DSP| FF| LUT| URAM|
    +---------------------------+-----------------------+---------+----+---+----+-----+
    |mul_32s_32s_32_1_1_U1      |mul_32s_32s_32_1_1     |        0|   3|  0|  20|    0|
    |mul_32s_32s_32_1_1_U2      |mul_32s_32s_32_1_1     |        0|   3|  0|  20|    0|
    |mul_32s_32s_32_1_1_U3      |mul_32s_32s_32_1_1     |        0|   3|  0|  20|    0|
    |mul_32s_32s_32_1_1_U4      |mul_32s_32s_32_1_1     |        0|   3|  0|  20|    0|
    |mul_32s_32s_32_1_1_U5      |mul_32s_32s_32_1_1     |        0|   3|  0|  20|    0|
    |mul_32s_32s_32_1_1_U6      |mul_32s_32s_32_1_1     |        0|   3|  0|  20|    0|
    |mul_32s_32s_32_1_1_U7      |mul_32s_32s_32_1_1     |        0|   3|  0|  20|    0|
    |mul_32s_32s_32_1_1_U8      |mul_32s_32s_32_1_1     |        0|   3|  0|  20|    0|
    |mul_32s_32s_32_1_1_U9      |mul_32s_32s_32_1_1     |        0|   3|  0|  20|    0|
    |mul_32s_32s_32_1_1_U10     |mul_32s_32s_32_1_1     |        0|   3|  0|  20|    0|
    |mul_32s_32s_32_1_1_U11     |mul_32s_32s_32_1_1     |        0|   3|  0|  20|    0|
    |mul_32s_32s_32_1_1_U12     |mul_32s_32s_32_1_1     |        0|   3|  0|  20|    0|
    |mul_32s_32s_32_1_1_U13     |mul_32s_32s_32_1_1     |        0|   3|  0|  20|    0|
    |mul_32s_32s_32_1_1_U14     |mul_32s_32s_32_1_1     |        0|   3|  0|  20|    0|
    |mul_32s_32s_32_1_1_U15     |mul_32s_32s_32_1_1     |        0|   3|  0|  20|    0|
    |mul_32s_32s_32_1_1_U16     |mul_32s_32s_32_1_1     |        0|   3|  0|  20|    0|
    |sparsemux_33_4_32_1_1_U17  |sparsemux_33_4_32_1_1  |        0|   0|  0|  65|    0|
    |sparsemux_33_4_32_1_1_U18  |sparsemux_33_4_32_1_1  |        0|   0|  0|  65|    0|
    |sparsemux_33_4_32_1_1_U19  |sparsemux_33_4_32_1_1  |        0|   0|  0|  65|    0|
    |sparsemux_33_4_32_1_1_U20  |sparsemux_33_4_32_1_1  |        0|   0|  0|  65|    0|
    |sparsemux_33_4_32_1_1_U21  |sparsemux_33_4_32_1_1  |        0|   0|  0|  65|    0|
    |sparsemux_33_4_32_1_1_U22  |sparsemux_33_4_32_1_1  |        0|   0|  0|  65|    0|
    |sparsemux_33_4_32_1_1_U23  |sparsemux_33_4_32_1_1  |        0|   0|  0|  65|    0|
    |sparsemux_33_4_32_1_1_U24  |sparsemux_33_4_32_1_1  |        0|   0|  0|  65|    0|
    |sparsemux_33_4_32_1_1_U25  |sparsemux_33_4_32_1_1  |        0|   0|  0|  65|    0|
    |sparsemux_33_4_32_1_1_U26  |sparsemux_33_4_32_1_1  |        0|   0|  0|  65|    0|
    |sparsemux_33_4_32_1_1_U27  |sparsemux_33_4_32_1_1  |        0|   0|  0|  65|    0|
    |sparsemux_33_4_32_1_1_U28  |sparsemux_33_4_32_1_1  |        0|   0|  0|  65|    0|
    |sparsemux_33_4_32_1_1_U29  |sparsemux_33_4_32_1_1  |        0|   0|  0|  65|    0|
    |sparsemux_33_4_32_1_1_U30  |sparsemux_33_4_32_1_1  |        0|   0|  0|  65|    0|
    |sparsemux_33_4_32_1_1_U31  |sparsemux_33_4_32_1_1  |        0|   0|  0|  65|    0|
    |sparsemux_33_4_32_1_1_U32  |sparsemux_33_4_32_1_1  |        0|   0|  0|  65|    0|
    +---------------------------+-----------------------+---------+----+---+----+-----+
    |Total                      |                       |        0|  48|  0|1360|    0|
    +---------------------------+-----------------------+---------+----+---+----+-----+

    * DSP: 
    N/A

    * Memory: 
    N/A

    * FIFO: 
    N/A

    * Expression: 
    +------------------------+----------+----+---+------+------------+------------+
    |      Variable Name     | Operation| DSP| FF|  LUT | Bitwidth P0| Bitwidth P1|
    +------------------------+----------+----+---+------+------------+------------+
    |add_ln67_fu_766_p2      |         +|   0|  0|    13|           5|           1|
    |add_ln72_10_fu_3380_p2  |         +|   0|  0|    39|          32|          32|
    |add_ln72_11_fu_3616_p2  |         +|   0|  0|    39|          32|          32|
    |add_ln72_12_fu_3852_p2  |         +|   0|  0|    39|          32|          32|
    |add_ln72_13_fu_4088_p2  |         +|   0|  0|    39|          32|          32|
    |add_ln72_14_fu_4324_p2  |         +|   0|  0|    39|          32|          32|
    |add_ln72_15_fu_4560_p2  |         +|   0|  0|    39|          32|          32|
    |add_ln72_1_fu_1256_p2   |         +|   0|  0|    39|          32|          32|
    |add_ln72_2_fu_1492_p2   |         +|   0|  0|    39|          32|          32|
    |add_ln72_3_fu_1728_p2   |         +|   0|  0|    39|          32|          32|
    |add_ln72_4_fu_1964_p2   |         +|   0|  0|    39|          32|          32|
    |add_ln72_5_fu_2200_p2   |         +|   0|  0|    39|          32|          32|
    |add_ln72_6_fu_2436_p2   |         +|   0|  0|    39|          32|          32|
    |add_ln72_7_fu_2672_p2   |         +|   0|  0|    39|          32|          32|
    |add_ln72_8_fu_2908_p2   |         +|   0|  0|    39|          32|          32|
    |add_ln72_9_fu_3144_p2   |         +|   0|  0|    39|          32|          32|
    |add_ln72_fu_1020_p2     |         +|   0|  0|    39|          32|          32|
    |icmp_ln67_fu_760_p2     |      icmp|   0|  0|    14|           5|           6|
    |lshr_ln72_fu_788_p2     |      lshr|   0|  0|  2171|         512|         512|
    |ap_enable_pp0           |       xor|   0|  0|     2|           1|           2|
    +------------------------+----------+----+---+------+------------+------------+
    |Total                   |          |   0|  0|  2824|        1035|        1033|
    +------------------------+----------+----+---+------+------------+------------+

    * Multiplexer: 
    +-------------------------+----+-----------+-----+-----------+
    |           Name          | LUT| Input Size| Bits| Total Bits|
    +-------------------------+----+-----------+-----+-----------+
    |AB_block_10_fu_274       |   9|          2|  512|       1024|
    |AB_block_11_fu_278       |   9|          2|  512|       1024|
    |AB_block_12_fu_282       |   9|          2|  512|       1024|
    |AB_block_13_fu_286       |   9|          2|  512|       1024|
    |AB_block_14_fu_290       |   9|          2|  512|       1024|
    |AB_block_15_fu_294       |   9|          2|  512|       1024|
    |AB_block_1_fu_238        |   9|          2|  512|       1024|
    |AB_block_2_fu_242        |   9|          2|  512|       1024|
    |AB_block_3_fu_246        |   9|          2|  512|       1024|
    |AB_block_4_fu_250        |   9|          2|  512|       1024|
    |AB_block_5_fu_254        |   9|          2|  512|       1024|
    |AB_block_6_fu_258        |   9|          2|  512|       1024|
    |AB_block_7_fu_262        |   9|          2|  512|       1024|
    |AB_block_8_fu_266        |   9|          2|  512|       1024|
    |AB_block_9_fu_270        |   9|          2|  512|       1024|
    |AB_block_fu_234          |   9|          2|  512|       1024|
    |ap_done_int              |   9|          2|    1|          2|
    |ap_enable_reg_pp0_iter1  |   9|          2|    1|          2|
    |ap_sig_allocacmp_i_1     |   9|          2|    5|         10|
    |i_fu_230                 |   9|          2|    5|         10|
    +-------------------------+----+-----------+-----+-----------+
    |Total                    | 180|         40| 8204|      16408|
    +-------------------------+----+-----------+-----+-----------+

    * Register: 
    +-----------------------------------+-----+----+-----+-----------+
    |                Name               |  FF | LUT| Bits| Const Bits|
    +-----------------------------------+-----+----+-----+-----------+
    |AB_block_10_fu_274                 |  512|   0|  512|          0|
    |AB_block_11_fu_278                 |  512|   0|  512|          0|
    |AB_block_12_fu_282                 |  512|   0|  512|          0|
    |AB_block_13_fu_286                 |  512|   0|  512|          0|
    |AB_block_14_fu_290                 |  512|   0|  512|          0|
    |AB_block_15_fu_294                 |  512|   0|  512|          0|
    |AB_block_1_fu_238                  |  512|   0|  512|          0|
    |AB_block_2_fu_242                  |  512|   0|  512|          0|
    |AB_block_3_fu_246                  |  512|   0|  512|          0|
    |AB_block_4_fu_250                  |  512|   0|  512|          0|
    |AB_block_5_fu_254                  |  512|   0|  512|          0|
    |AB_block_6_fu_258                  |  512|   0|  512|          0|
    |AB_block_7_fu_262                  |  512|   0|  512|          0|
    |AB_block_8_fu_266                  |  512|   0|  512|          0|
    |AB_block_9_fu_270                  |  512|   0|  512|          0|
    |AB_block_fu_234                    |  512|   0|  512|          0|
    |ap_CS_fsm                          |    1|   0|    1|          0|
    |ap_done_reg                        |    1|   0|    1|          0|
    |ap_enable_reg_pp0_iter1            |    1|   0|    1|          0|
    |ap_enable_reg_pp0_iter2            |    1|   0|    1|          0|
    |ap_loop_exit_ready_pp0_iter1_reg   |    1|   0|    1|          0|
    |i_fu_230                           |    5|   0|    5|          0|
    |icmp_ln67_reg_4960                 |    1|   0|    1|          0|
    |mul_ln72_10_reg_5054               |   32|   0|   32|          0|
    |mul_ln72_11_reg_5059               |   32|   0|   32|          0|
    |mul_ln72_12_reg_5064               |   32|   0|   32|          0|
    |mul_ln72_13_reg_5069               |   32|   0|   32|          0|
    |mul_ln72_14_reg_5074               |   32|   0|   32|          0|
    |mul_ln72_15_reg_5079               |   32|   0|   32|          0|
    |mul_ln72_1_reg_5009                |   32|   0|   32|          0|
    |mul_ln72_2_reg_5014                |   32|   0|   32|          0|
    |mul_ln72_3_reg_5019                |   32|   0|   32|          0|
    |mul_ln72_4_reg_5024                |   32|   0|   32|          0|
    |mul_ln72_5_reg_5029                |   32|   0|   32|          0|
    |mul_ln72_6_reg_5034                |   32|   0|   32|          0|
    |mul_ln72_7_reg_5039                |   32|   0|   32|          0|
    |mul_ln72_8_reg_5044                |   32|   0|   32|          0|
    |mul_ln72_9_reg_5049                |   32|   0|   32|          0|
    |mul_ln72_reg_5004                  |   32|   0|   32|          0|
    |trunc_ln67_reg_4964                |    4|   0|    4|          0|
    |trunc_ln67_reg_4964_pp0_iter1_reg  |    4|   0|    4|          0|
    |trunc_ln72_reg_4984                |   32|   0|   32|          0|
    +-----------------------------------+-----+----+-----+-----------+
    |Total                              | 8755|   0| 8755|          0|
    +-----------------------------------+-----+----+-----+-----------+



================================================================
== Interface
================================================================
* Summary: 
+------------------------+-----+-----+------------+--------------------+--------------+
|        RTL Ports       | Dir | Bits|  Protocol  |    Source Object   |    C Type    |
+------------------------+-----+-----+------------+--------------------+--------------+
|ap_clk                  |   in|    1|  ap_ctrl_hs|  MM_Pipeline_i_loop|  return value|
|ap_rst                  |   in|    1|  ap_ctrl_hs|  MM_Pipeline_i_loop|  return value|
|ap_start                |   in|    1|  ap_ctrl_hs|  MM_Pipeline_i_loop|  return value|
|ap_done                 |  out|    1|  ap_ctrl_hs|  MM_Pipeline_i_loop|  return value|
|ap_idle                 |  out|    1|  ap_ctrl_hs|  MM_Pipeline_i_loop|  return value|
|ap_ready                |  out|    1|  ap_ctrl_hs|  MM_Pipeline_i_loop|  return value|
|AB_block_47             |   in|  512|     ap_none|         AB_block_47|        scalar|
|AB_block_46             |   in|  512|     ap_none|         AB_block_46|        scalar|
|AB_block_45             |   in|  512|     ap_none|         AB_block_45|        scalar|
|AB_block_44             |   in|  512|     ap_none|         AB_block_44|        scalar|
|AB_block_43             |   in|  512|     ap_none|         AB_block_43|        scalar|
|AB_block_42             |   in|  512|     ap_none|         AB_block_42|        scalar|
|AB_block_41             |   in|  512|     ap_none|         AB_block_41|        scalar|
|AB_block_40             |   in|  512|     ap_none|         AB_block_40|        scalar|
|AB_block_39             |   in|  512|     ap_none|         AB_block_39|        scalar|
|AB_block_38             |   in|  512|     ap_none|         AB_block_38|        scalar|
|AB_block_37             |   in|  512|     ap_none|         AB_block_37|        scalar|
|AB_block_36             |   in|  512|     ap_none|         AB_block_36|        scalar|
|AB_block_35             |   in|  512|     ap_none|         AB_block_35|        scalar|
|AB_block_34             |   in|  512|     ap_none|         AB_block_34|        scalar|
|AB_block_33             |   in|  512|     ap_none|         AB_block_33|        scalar|
|AB_block_32             |   in|  512|     ap_none|         AB_block_32|        scalar|
|A_line                  |   in|  512|     ap_none|              A_line|        scalar|
|empty                   |   in|   32|     ap_none|               empty|        scalar|
|trunc_ln63_2            |   in|   32|     ap_none|        trunc_ln63_2|        scalar|
|trunc_ln63_3            |   in|   32|     ap_none|        trunc_ln63_3|        scalar|
|trunc_ln63_4            |   in|   32|     ap_none|        trunc_ln63_4|        scalar|
|trunc_ln63_5            |   in|   32|     ap_none|        trunc_ln63_5|        scalar|
|trunc_ln63_6            |   in|   32|     ap_none|        trunc_ln63_6|        scalar|
|trunc_ln63_7            |   in|   32|     ap_none|        trunc_ln63_7|        scalar|
|trunc_ln63_8            |   in|   32|     ap_none|        trunc_ln63_8|        scalar|
|trunc_ln63_9            |   in|   32|     ap_none|        trunc_ln63_9|        scalar|
|trunc_ln63_10           |   in|   32|     ap_none|       trunc_ln63_10|        scalar|
|trunc_ln63_11           |   in|   32|     ap_none|       trunc_ln63_11|        scalar|
|trunc_ln63_12           |   in|   32|     ap_none|       trunc_ln63_12|        scalar|
|trunc_ln63_13           |   in|   32|     ap_none|       trunc_ln63_13|        scalar|
|trunc_ln63_14           |   in|   32|     ap_none|       trunc_ln63_14|        scalar|
|trunc_ln63_15           |   in|   32|     ap_none|       trunc_ln63_15|        scalar|
|trunc_ln63_16           |   in|   32|     ap_none|       trunc_ln63_16|        scalar|
|AB_block_63_out         |  out|  512|      ap_vld|     AB_block_63_out|       pointer|
|AB_block_63_out_ap_vld  |  out|    1|      ap_vld|     AB_block_63_out|       pointer|
|AB_block_62_out         |  out|  512|      ap_vld|     AB_block_62_out|       pointer|
|AB_block_62_out_ap_vld  |  out|    1|      ap_vld|     AB_block_62_out|       pointer|
|AB_block_61_out         |  out|  512|      ap_vld|     AB_block_61_out|       pointer|
|AB_block_61_out_ap_vld  |  out|    1|      ap_vld|     AB_block_61_out|       pointer|
|AB_block_60_out         |  out|  512|      ap_vld|     AB_block_60_out|       pointer|
|AB_block_60_out_ap_vld  |  out|    1|      ap_vld|     AB_block_60_out|       pointer|
|AB_block_59_out         |  out|  512|      ap_vld|     AB_block_59_out|       pointer|
|AB_block_59_out_ap_vld  |  out|    1|      ap_vld|     AB_block_59_out|       pointer|
|AB_block_58_out         |  out|  512|      ap_vld|     AB_block_58_out|       pointer|
|AB_block_58_out_ap_vld  |  out|    1|      ap_vld|     AB_block_58_out|       pointer|
|AB_block_57_out         |  out|  512|      ap_vld|     AB_block_57_out|       pointer|
|AB_block_57_out_ap_vld  |  out|    1|      ap_vld|     AB_block_57_out|       pointer|
|AB_block_56_out         |  out|  512|      ap_vld|     AB_block_56_out|       pointer|
|AB_block_56_out_ap_vld  |  out|    1|      ap_vld|     AB_block_56_out|       pointer|
|AB_block_55_out         |  out|  512|      ap_vld|     AB_block_55_out|       pointer|
|AB_block_55_out_ap_vld  |  out|    1|      ap_vld|     AB_block_55_out|       pointer|
|AB_block_54_out         |  out|  512|      ap_vld|     AB_block_54_out|       pointer|
|AB_block_54_out_ap_vld  |  out|    1|      ap_vld|     AB_block_54_out|       pointer|
|AB_block_53_out         |  out|  512|      ap_vld|     AB_block_53_out|       pointer|
|AB_block_53_out_ap_vld  |  out|    1|      ap_vld|     AB_block_53_out|       pointer|
|AB_block_52_out         |  out|  512|      ap_vld|     AB_block_52_out|       pointer|
|AB_block_52_out_ap_vld  |  out|    1|      ap_vld|     AB_block_52_out|       pointer|
|AB_block_51_out         |  out|  512|      ap_vld|     AB_block_51_out|       pointer|
|AB_block_51_out_ap_vld  |  out|    1|      ap_vld|     AB_block_51_out|       pointer|
|AB_block_50_out         |  out|  512|      ap_vld|     AB_block_50_out|       pointer|
|AB_block_50_out_ap_vld  |  out|    1|      ap_vld|     AB_block_50_out|       pointer|
|AB_block_49_out         |  out|  512|      ap_vld|     AB_block_49_out|       pointer|
|AB_block_49_out_ap_vld  |  out|    1|      ap_vld|     AB_block_49_out|       pointer|
|AB_block_48_out         |  out|  512|      ap_vld|     AB_block_48_out|       pointer|
|AB_block_48_out_ap_vld  |  out|    1|      ap_vld|     AB_block_48_out|       pointer|
+------------------------+-----+-----+------------+--------------------+--------------+

