

================================================================
== Vitis HLS Report for 'MM_Pipeline_i_loop'
================================================================
* Date:           Fri Apr 10 15:37:58 2026

* Version:        2025.1 (Build 6135595 on May 21 2025)
* Project:        baseline_blockedMM
* Solution:       hls (Vivado IP Flow Target)
* Product family: zynq
* Target device:  xc7z020-clg400-1


================================================================
== Performance Estimates
================================================================
+ Timing: 
    * Summary: 
    +--------+----------+----------+------------+
    |  Clock |  Target  | Estimated| Uncertainty|
    +--------+----------+----------+------------+
    |ap_clk  |  15.00 ns|  8.510 ns|     4.05 ns|
    +--------+----------+----------+------------+

+ Latency: 
    * Summary: 
    +---------+---------+----------+----------+-----+-----+------------------------------------------------+
    |  Latency (cycles) |  Latency (absolute) |  Interval |                    Pipeline                    |
    |   min   |   max   |    min   |    max   | min | max |                      Type                      |
    +---------+---------+----------+----------+-----+-----+------------------------------------------------+
    |       19|       19|  0.285 us|  0.285 us|   17|   17|  loop auto-rewind stp (delay=0 clock cycles(s))|
    +---------+---------+----------+----------+-----+-----+------------------------------------------------+

    + Detail: 
        * Instance: 
        N/A

        * Loop: 
        +----------+---------+---------+----------+-----------+-----------+------+----------+
        |          |  Latency (cycles) | Iteration|  Initiation Interval  | Trip |          |
        | Loop Name|   min   |   max   |  Latency |  achieved |   target  | Count| Pipelined|
        +----------+---------+---------+----------+-----------+-----------+------+----------+
        |- i_loop  |       17|       17|         3|          1|          1|    16|       yes|
        +----------+---------+---------+----------+-----------+-----------+------+----------+



================================================================
== Utilization Estimates
================================================================
* Summary: 
+-----------------+---------+-----+--------+-------+-----+
|       Name      | BRAM_18K| DSP |   FF   |  LUT  | URAM|
+-----------------+---------+-----+--------+-------+-----+
|DSP              |        -|    -|       -|      -|    -|
|Expression       |        -|    -|       0|   2824|    -|
|FIFO             |        -|    -|       -|      -|    -|
|Instance         |        -|   48|       0|   1360|    -|
|Memory           |        -|    -|       -|      -|    -|
|Multiplexer      |        -|    -|       0|    180|    -|
|Register         |        -|    -|    8755|      -|    -|
+-----------------+---------+-----+--------+-------+-----+
|Total            |        0|   48|    8755|   4364|    0|
+-----------------+---------+-----+--------+-------+-----+
|Available        |      280|  220|  106400|  53200|    0|
+-----------------+---------+-----+--------+-------+-----+
|Utilization (%)  |        0|   21|       8|      8|    0|
+-----------------+---------+-----+--------+-------+-----+

+ Detail: 
    * Instance: 
    +---------------------------+-----------------------+---------+----+---+----+-----+
    |          Instance         |         Module        | BRAM_18K| DSP| FF| LUT| URAM|
    +---------------------------+-----------------------+---------+----+---+----+-----+
    |mul_32s_32s_32_1_1_U1      |mul_32s_32s_32_1_1     |        0|   3|  0|  20|    0|
    |mul_32s_32s_32_1_1_U2      |mul_32s_32s_32_1_1     |        0|   3|  0|  20|    0|
    |mul_32s_32s_32_1_1_U3      |mul_32s_32s_32_1_1     |        0|   3|  0|  20|    0|
    |mul_32s_32s_32_1_1_U4      |mul_32s_32s_32_1_1     |        0|   3|  0|  20|    0|
    |mul_32s_32s_32_1_1_U5      |mul_32s_32s_32_1_1     |        0|   3|  0|  20|    0|
    |mul_32s_32s_32_1_1_U6      |mul_32s_32s_32_1_1     |        0|   3|  0|  20|    0|
    |mul_32s_32s_32_1_1_U7      |mul_32s_32s_32_1_1     |        0|   3|  0|  20|    0|
    |mul_32s_32s_32_1_1_U8      |mul_32s_32s_32_1_1     |        0|   3|  0|  20|    0|
    |mul_32s_32s_32_1_1_U9      |mul_32s_32s_32_1_1     |        0|   3|  0|  20|    0|
    |mul_32s_32s_32_1_1_U10     |mul_32s_32s_32_1_1     |        0|   3|  0|  20|    0|
    |mul_32s_32s_32_1_1_U11     |mul_32s_32s_32_1_1     |        0|   3|  0|  20|    0|
    |mul_32s_32s_32_1_1_U12     |mul_32s_32s_32_1_1     |        0|   3|  0|  20|    0|
    |mul_32s_32s_32_1_1_U13     |mul_32s_32s_32_1_1     |        0|   3|  0|  20|    0|
    |mul_32s_32s_32_1_1_U14     |mul_32s_32s_32_1_1     |        0|   3|  0|  20|    0|
    |mul_32s_32s_32_1_1_U15     |mul_32s_32s_32_1_1     |        0|   3|  0|  20|    0|
    |mul_32s_32s_32_1_1_U16     |mul_32s_32s_32_1_1     |        0|   3|  0|  20|    0|
    |sparsemux_33_4_32_1_1_U17  |sparsemux_33_4_32_1_1  |        0|   0|  0|  65|    0|
    |sparsemux_33_4_32_1_1_U18  |sparsemux_33_4_32_1_1  |        0|   0|  0|  65|    0|
    |sparsemux_33_4_32_1_1_U19  |sparsemux_33_4_32_1_1  |        0|   0|  0|  65|    0|
    |sparsemux_33_4_32_1_1_U20  |sparsemux_33_4_32_1_1  |        0|   0|  0|  65|    0|
    |sparsemux_33_4_32_1_1_U21  |sparsemux_33_4_32_1_1  |        0|   0|  0|  65|    0|
    |sparsemux_33_4_32_1_1_U22  |sparsemux_33_4_32_1_1  |        0|   0|  0|  65|    0|
    |sparsemux_33_4_32_1_1_U23  |sparsemux_33_4_32_1_1  |        0|   0|  0|  65|    0|
    |sparsemux_33_4_32_1_1_U24  |sparsemux_33_4_32_1_1  |        0|   0|  0|  65|    0|
    |sparsemux_33_4_32_1_1_U25  |sparsemux_33_4_32_1_1  |        0|   0|  0|  65|    0|
    |sparsemux_33_4_32_1_1_U26  |sparsemux_33_4_32_1_1  |        0|   0|  0|  65|    0|
    |sparsemux_33_4_32_1_1_U27  |sparsemux_33_4_32_1_1  |        0|   0|  0|  65|    0|
    |sparsemux_33_4_32_1_1_U28  |sparsemux_33_4_32_1_1  |        0|   0|  0|  65|    0|
    |sparsemux_33_4_32_1_1_U29  |sparsemux_33_4_32_1_1  |        0|   0|  0|  65|    0|
    |sparsemux_33_4_32_1_1_U30  |sparsemux_33_4_32_1_1  |        0|   0|  0|  65|    0|
    |sparsemux_33_4_32_1_1_U31  |sparsemux_33_4_32_1_1  |        0|   0|  0|  65|    0|
    |sparsemux_33_4_32_1_1_U32  |sparsemux_33_4_32_1_1  |        0|   0|  0|  65|    0|
    +---------------------------+-----------------------+---------+----+---+----+-----+
    |Total                      |                       |        0|  48|  0|1360|    0|
    +---------------------------+-----------------------+---------+----+---+----+-----+

    * DSP: 
    N/A

    * Memory: 
    N/A

    * FIFO: 
    N/A

    * Expression: 
    +------------------------+----------+----+---+------+------------+------------+
    |      Variable Name     | Operation| DSP| FF|  LUT | Bitwidth P0| Bitwidth P1|
    +------------------------+----------+----+---+------+------------+------------+
    |add_ln67_fu_764_p2      |         +|   0|  0|    13|           5|           1|
    |add_ln72_10_fu_3378_p2  |         +|   0|  0|    39|          32|          32|
    |add_ln72_11_fu_3614_p2  |         +|   0|  0|    39|          32|          32|
    |add_ln72_12_fu_3850_p2  |         +|   0|  0|    39|          32|          32|
    |add_ln72_13_fu_4086_p2  |         +|   0|  0|    39|          32|          32|
    |add_ln72_14_fu_4322_p2  |         +|   0|  0|    39|          32|          32|
    |add_ln72_15_fu_4558_p2  |         +|   0|  0|    39|          32|          32|
    |add_ln72_1_fu_1254_p2   |         +|   0|  0|    39|          32|          32|
    |add_ln72_2_fu_1490_p2   |         +|   0|  0|    39|          32|          32|
    |add_ln72_3_fu_1726_p2   |         +|   0|  0|    39|          32|          32|
    |add_ln72_4_fu_1962_p2   |         +|   0|  0|    39|          32|          32|
    |add_ln72_5_fu_2198_p2   |         +|   0|  0|    39|          32|          32|
    |add_ln72_6_fu_2434_p2   |         +|   0|  0|    39|          32|          32|
    |add_ln72_7_fu_2670_p2   |         +|   0|  0|    39|          32|          32|
    |add_ln72_8_fu_2906_p2   |         +|   0|  0|    39|          32|          32|
    |add_ln72_9_fu_3142_p2   |         +|   0|  0|    39|          32|          32|
    |add_ln72_fu_1018_p2     |         +|   0|  0|    39|          32|          32|
    |icmp_ln67_fu_758_p2     |      icmp|   0|  0|    14|           5|           6|
    |lshr_ln72_fu_786_p2     |      lshr|   0|  0|  2171|         512|         512|
    |ap_enable_pp0           |       xor|   0|  0|     2|           1|           2|
    +------------------------+----------+----+---+------+------------+------------+
    |Total                   |          |   0|  0|  2824|        1035|        1033|
    +------------------------+----------+----+---+------+------------+------------+

    * Multiplexer: 
    +-------------------------+----+-----------+-----+-----------+
    |           Name          | LUT| Input Size| Bits| Total Bits|
    +-------------------------+----+-----------+-----+-----------+
    |AB_block_0_2_fu_232      |   9|          2|  512|       1024|
    |AB_block_10_2_fu_272     |   9|          2|  512|       1024|
    |AB_block_11_2_fu_276     |   9|          2|  512|       1024|
    |AB_block_12_2_fu_280     |   9|          2|  512|       1024|
    |AB_block_13_2_fu_284     |   9|          2|  512|       1024|
    |AB_block_14_2_fu_288     |   9|          2|  512|       1024|
    |AB_block_15_2_fu_292     |   9|          2|  512|       1024|
    |AB_block_1_2_fu_236      |   9|          2|  512|       1024|
    |AB_block_2_2_fu_240      |   9|          2|  512|       1024|
    |AB_block_3_2_fu_244      |   9|          2|  512|       1024|
    |AB_block_4_2_fu_248      |   9|          2|  512|       1024|
    |AB_block_5_2_fu_252      |   9|          2|  512|       1024|
    |AB_block_6_2_fu_256      |   9|          2|  512|       1024|
    |AB_block_7_2_fu_260      |   9|          2|  512|       1024|
    |AB_block_8_2_fu_264      |   9|          2|  512|       1024|
    |AB_block_9_2_fu_268      |   9|          2|  512|       1024|
    |ap_done_int              |   9|          2|    1|          2|
    |ap_enable_reg_pp0_iter1  |   9|          2|    1|          2|
    |ap_sig_allocacmp_i_1     |   9|          2|    5|         10|
    |i_fu_228                 |   9|          2|    5|         10|
    +-------------------------+----+-----------+-----+-----------+
    |Total                    | 180|         40| 8204|      16408|
    +-------------------------+----+-----------+-----+-----------+

    * Register: 
    +-----------------------------------+-----+----+-----+-----------+
    |                Name               |  FF | LUT| Bits| Const Bits|
    +-----------------------------------+-----+----+-----+-----------+
    |AB_block_0_2_fu_232                |  512|   0|  512|          0|
    |AB_block_10_2_fu_272               |  512|   0|  512|          0|
    |AB_block_11_2_fu_276               |  512|   0|  512|          0|
    |AB_block_12_2_fu_280               |  512|   0|  512|          0|
    |AB_block_13_2_fu_284               |  512|   0|  512|          0|
    |AB_block_14_2_fu_288               |  512|   0|  512|          0|
    |AB_block_15_2_fu_292               |  512|   0|  512|          0|
    |AB_block_1_2_fu_236                |  512|   0|  512|          0|
    |AB_block_2_2_fu_240                |  512|   0|  512|          0|
    |AB_block_3_2_fu_244                |  512|   0|  512|          0|
    |AB_block_4_2_fu_248                |  512|   0|  512|          0|
    |AB_block_5_2_fu_252                |  512|   0|  512|          0|
    |AB_block_6_2_fu_256                |  512|   0|  512|          0|
    |AB_block_7_2_fu_260                |  512|   0|  512|          0|
    |AB_block_8_2_fu_264                |  512|   0|  512|          0|
    |AB_block_9_2_fu_268                |  512|   0|  512|          0|
    |ap_CS_fsm                          |    1|   0|    1|          0|
    |ap_done_reg                        |    1|   0|    1|          0|
    |ap_enable_reg_pp0_iter1            |    1|   0|    1|          0|
    |ap_enable_reg_pp0_iter2            |    1|   0|    1|          0|
    |ap_loop_exit_ready_pp0_iter1_reg   |    1|   0|    1|          0|
    |i_fu_228                           |    5|   0|    5|          0|
    |icmp_ln67_reg_4958                 |    1|   0|    1|          0|
    |mul_ln72_10_reg_5052               |   32|   0|   32|          0|
    |mul_ln72_11_reg_5057               |   32|   0|   32|          0|
    |mul_ln72_12_reg_5062               |   32|   0|   32|          0|
    |mul_ln72_13_reg_5067               |   32|   0|   32|          0|
    |mul_ln72_14_reg_5072               |   32|   0|   32|          0|
    |mul_ln72_15_reg_5077               |   32|   0|   32|          0|
    |mul_ln72_1_reg_5007                |   32|   0|   32|          0|
    |mul_ln72_2_reg_5012                |   32|   0|   32|          0|
    |mul_ln72_3_reg_5017                |   32|   0|   32|          0|
    |mul_ln72_4_reg_5022                |   32|   0|   32|          0|
    |mul_ln72_5_reg_5027                |   32|   0|   32|          0|
    |mul_ln72_6_reg_5032                |   32|   0|   32|          0|
    |mul_ln72_7_reg_5037                |   32|   0|   32|          0|
    |mul_ln72_8_reg_5042                |   32|   0|   32|          0|
    |mul_ln72_9_reg_5047                |   32|   0|   32|          0|
    |mul_ln72_reg_5002                  |   32|   0|   32|          0|
    |trunc_ln67_reg_4962                |    4|   0|    4|          0|
    |trunc_ln67_reg_4962_pp0_iter1_reg  |    4|   0|    4|          0|
    |trunc_ln72_reg_4982                |   32|   0|   32|          0|
    +-----------------------------------+-----+----+-----+-----------+
    |Total                              | 8755|   0| 8755|          0|
    +-----------------------------------+-----+----+-----+-----------+



================================================================
== Interface
================================================================
* Summary: 
+--------------------------+-----+-----+------------+--------------------+--------------+
|         RTL Ports        | Dir | Bits|  Protocol  |    Source Object   |    C Type    |
+--------------------------+-----+-----+------------+--------------------+--------------+
|ap_clk                    |   in|    1|  ap_ctrl_hs|  MM_Pipeline_i_loop|  return value|
|ap_rst                    |   in|    1|  ap_ctrl_hs|  MM_Pipeline_i_loop|  return value|
|ap_start                  |   in|    1|  ap_ctrl_hs|  MM_Pipeline_i_loop|  return value|
|ap_done                   |  out|    1|  ap_ctrl_hs|  MM_Pipeline_i_loop|  return value|
|ap_idle                   |  out|    1|  ap_ctrl_hs|  MM_Pipeline_i_loop|  return value|
|ap_ready                  |  out|    1|  ap_ctrl_hs|  MM_Pipeline_i_loop|  return value|
|AB_block_15_1             |   in|  512|     ap_none|       AB_block_15_1|        scalar|
|AB_block_14_1             |   in|  512|     ap_none|       AB_block_14_1|        scalar|
|AB_block_13_1             |   in|  512|     ap_none|       AB_block_13_1|        scalar|
|AB_block_12_1             |   in|  512|     ap_none|       AB_block_12_1|        scalar|
|AB_block_11_1             |   in|  512|     ap_none|       AB_block_11_1|        scalar|
|AB_block_10_1             |   in|  512|     ap_none|       AB_block_10_1|        scalar|
|AB_block_9_1              |   in|  512|     ap_none|        AB_block_9_1|        scalar|
|AB_block_8_1              |   in|  512|     ap_none|        AB_block_8_1|        scalar|
|AB_block_7_1              |   in|  512|     ap_none|        AB_block_7_1|        scalar|
|AB_block_6_1              |   in|  512|     ap_none|        AB_block_6_1|        scalar|
|AB_block_5_1              |   in|  512|     ap_none|        AB_block_5_1|        scalar|
|AB_block_4_1              |   in|  512|     ap_none|        AB_block_4_1|        scalar|
|AB_block_3_1              |   in|  512|     ap_none|        AB_block_3_1|        scalar|
|AB_block_2_1              |   in|  512|     ap_none|        AB_block_2_1|        scalar|
|AB_block_1_1              |   in|  512|     ap_none|        AB_block_1_1|        scalar|
|AB_block_0_1              |   in|  512|     ap_none|        AB_block_0_1|        scalar|
|gmem_load_17              |   in|  512|     ap_none|        gmem_load_17|        scalar|
|empty                     |   in|   32|     ap_none|               empty|        scalar|
|trunc_ln63_1              |   in|   32|     ap_none|        trunc_ln63_1|        scalar|
|trunc_ln63_2              |   in|   32|     ap_none|        trunc_ln63_2|        scalar|
|trunc_ln63_3              |   in|   32|     ap_none|        trunc_ln63_3|        scalar|
|trunc_ln63_4              |   in|   32|     ap_none|        trunc_ln63_4|        scalar|
|trunc_ln63_5              |   in|   32|     ap_none|        trunc_ln63_5|        scalar|
|trunc_ln63_6              |   in|   32|     ap_none|        trunc_ln63_6|        scalar|
|trunc_ln63_7              |   in|   32|     ap_none|        trunc_ln63_7|        scalar|
|trunc_ln63_8              |   in|   32|     ap_none|        trunc_ln63_8|        scalar|
|trunc_ln63_9              |   in|   32|     ap_none|        trunc_ln63_9|        scalar|
|trunc_ln63_10             |   in|   32|     ap_none|       trunc_ln63_10|        scalar|
|trunc_ln63_11             |   in|   32|     ap_none|       trunc_ln63_11|        scalar|
|trunc_ln63_12             |   in|   32|     ap_none|       trunc_ln63_12|        scalar|
|trunc_ln63_13             |   in|   32|     ap_none|       trunc_ln63_13|        scalar|
|trunc_ln63_14             |   in|   32|     ap_none|       trunc_ln63_14|        scalar|
|trunc_ln63_15             |   in|   32|     ap_none|       trunc_ln63_15|        scalar|
|AB_block_15_2_out         |  out|  512|      ap_vld|   AB_block_15_2_out|       pointer|
|AB_block_15_2_out_ap_vld  |  out|    1|      ap_vld|   AB_block_15_2_out|       pointer|
|AB_block_14_2_out         |  out|  512|      ap_vld|   AB_block_14_2_out|       pointer|
|AB_block_14_2_out_ap_vld  |  out|    1|      ap_vld|   AB_block_14_2_out|       pointer|
|AB_block_13_2_out         |  out|  512|      ap_vld|   AB_block_13_2_out|       pointer|
|AB_block_13_2_out_ap_vld  |  out|    1|      ap_vld|   AB_block_13_2_out|       pointer|
|AB_block_12_2_out         |  out|  512|      ap_vld|   AB_block_12_2_out|       pointer|
|AB_block_12_2_out_ap_vld  |  out|    1|      ap_vld|   AB_block_12_2_out|       pointer|
|AB_block_11_2_out         |  out|  512|      ap_vld|   AB_block_11_2_out|       pointer|
|AB_block_11_2_out_ap_vld  |  out|    1|      ap_vld|   AB_block_11_2_out|       pointer|
|AB_block_10_2_out         |  out|  512|      ap_vld|   AB_block_10_2_out|       pointer|
|AB_block_10_2_out_ap_vld  |  out|    1|      ap_vld|   AB_block_10_2_out|       pointer|
|AB_block_9_2_out          |  out|  512|      ap_vld|    AB_block_9_2_out|       pointer|
|AB_block_9_2_out_ap_vld   |  out|    1|      ap_vld|    AB_block_9_2_out|       pointer|
|AB_block_8_2_out          |  out|  512|      ap_vld|    AB_block_8_2_out|       pointer|
|AB_block_8_2_out_ap_vld   |  out|    1|      ap_vld|    AB_block_8_2_out|       pointer|
|AB_block_7_2_out          |  out|  512|      ap_vld|    AB_block_7_2_out|       pointer|
|AB_block_7_2_out_ap_vld   |  out|    1|      ap_vld|    AB_block_7_2_out|       pointer|
|AB_block_6_2_out          |  out|  512|      ap_vld|    AB_block_6_2_out|       pointer|
|AB_block_6_2_out_ap_vld   |  out|    1|      ap_vld|    AB_block_6_2_out|       pointer|
|AB_block_5_2_out          |  out|  512|      ap_vld|    AB_block_5_2_out|       pointer|
|AB_block_5_2_out_ap_vld   |  out|    1|      ap_vld|    AB_block_5_2_out|       pointer|
|AB_block_4_2_out          |  out|  512|      ap_vld|    AB_block_4_2_out|       pointer|
|AB_block_4_2_out_ap_vld   |  out|    1|      ap_vld|    AB_block_4_2_out|       pointer|
|AB_block_3_2_out          |  out|  512|      ap_vld|    AB_block_3_2_out|       pointer|
|AB_block_3_2_out_ap_vld   |  out|    1|      ap_vld|    AB_block_3_2_out|       pointer|
|AB_block_2_2_out          |  out|  512|      ap_vld|    AB_block_2_2_out|       pointer|
|AB_block_2_2_out_ap_vld   |  out|    1|      ap_vld|    AB_block_2_2_out|       pointer|
|AB_block_1_2_out          |  out|  512|      ap_vld|    AB_block_1_2_out|       pointer|
|AB_block_1_2_out_ap_vld   |  out|    1|      ap_vld|    AB_block_1_2_out|       pointer|
|AB_block_0_2_out          |  out|  512|      ap_vld|    AB_block_0_2_out|       pointer|
|AB_block_0_2_out_ap_vld   |  out|    1|      ap_vld|    AB_block_0_2_out|       pointer|
+--------------------------+-----+-----+------------+--------------------+--------------+

