

================================================================
== Vitis HLS Report for 'readAtTiles_Pipeline_i_BLOCK_loop_j_BLOCK_loop_k_BLOCK_loop_k_loop'
================================================================
* Date:           Thu Apr  9 18:27:23 2026

* Version:        2025.2 (Build 6295257 on Nov 14 2025)
* Project:        baseline_blockedMM
* Solution:       hls (Vivado IP Flow Target)
* Product family: zynq
* Target device:  xc7z020-clg400-1


================================================================
== Performance Estimates
================================================================
+ Timing: 
    * Summary: 
    +--------+----------+-----------+------------+
    |  Clock |  Target  | Estimated | Uncertainty|
    +--------+----------+-----------+------------+
    |ap_clk  |  15.00 ns|  10.950 ns|     4.05 ns|
    +--------+----------+-----------+------------+

+ Latency: 
    * Summary: 
    +---------+---------+----------+----------+-----+-----+-------------------+
    |  Latency (cycles) |  Latency (absolute) |  Interval |      Pipeline     |
    |   min   |   max   |    min   |    max   | min | max |        Type       |
    +---------+---------+----------+----------+-----+-----+-------------------+
    |        ?|        ?|         ?|         ?|    0|    0|  loop pipeline stp|
    +---------+---------+----------+----------+-----+-----+-------------------+

    + Detail: 
        * Instance: 
        N/A

        * Loop: 
        +-------------------------------------------------+---------+---------+----------+-----------+-----------+------+----------+
        |                                                 |  Latency (cycles) | Iteration|  Initiation Interval  | Trip |          |
        |                    Loop Name                    |   min   |   max   |  Latency |  achieved |   target  | Count| Pipelined|
        +-------------------------------------------------+---------+---------+----------+-----------+-----------+------+----------+
        |- i_BLOCK_loop_j_BLOCK_loop_k_BLOCK_loop_k_loop  |        ?|        ?|        15|          1|          1|     ?|       yes|
        +-------------------------------------------------+---------+---------+----------+-----------+-----------+------+----------+



================================================================
== Utilization Estimates
================================================================
* Summary: 
+-----------------+---------+-----+--------+-------+-----+
|       Name      | BRAM_18K| DSP |   FF   |  LUT  | URAM|
+-----------------+---------+-----+--------+-------+-----+
|DSP              |        -|    -|       -|      -|    -|
|Expression       |        -|    -|       0|    996|    -|
|FIFO             |        -|    -|       -|      -|    -|
|Instance         |        -|    3|       0|     20|    -|
|Memory           |        -|    -|       -|      -|    -|
|Multiplexer      |        -|    -|       0|    108|    -|
|Register         |        -|    -|    1095|     32|    -|
+-----------------+---------+-----+--------+-------+-----+
|Total            |        0|    3|    1095|   1156|    0|
+-----------------+---------+-----+--------+-------+-----+
|Available        |      280|  220|  106400|  53200|    0|
+-----------------+---------+-----+--------+-------+-----+
|Utilization (%)  |        0|    1|       1|      2|    0|
+-----------------+---------+-----+--------+-------+-----+

+ Detail: 
    * Instance: 
    +-----------------------+--------------------+---------+----+---+----+-----+
    |        Instance       |       Module       | BRAM_18K| DSP| FF| LUT| URAM|
    +-----------------------+--------------------+---------+----+---+----+-----+
    |mul_32s_32s_32_1_1_U3  |mul_32s_32s_32_1_1  |        0|   3|  0|  20|    0|
    +-----------------------+--------------------+---------+----+---+----+-----+
    |Total                  |                    |        0|   3|  0|  20|    0|
    +-----------------------+--------------------+---------+----+---+----+-----+

    * DSP: 
    N/A

    * Memory: 
    N/A

    * FIFO: 
    N/A

    * Expression: 
    +--------------------------------+----------+----+---+----+------------+------------+
    |          Variable Name         | Operation| DSP| FF| LUT| Bitwidth P0| Bitwidth P1|
    +--------------------------------+----------+----+---+----+------------+------------+
    |add_ln12_1_fu_437_p2            |         +|   0|  0|  35|          28|           1|
    |add_ln12_fu_249_p2              |         +|   0|  0|  92|          85|           1|
    |add_ln14_fu_298_p2              |         +|   0|  0|  70|          63|           1|
    |add_ln16_1_fu_284_p2            |         +|   0|  0|  41|          34|           1|
    |add_ln20_1_fu_458_p2            |         +|   0|  0|  39|          32|          32|
    |add_ln20_2_fu_525_p2            |         +|   0|  0|  71|          64|          64|
    |add_ln20_fu_412_p2              |         +|   0|  0|  39|          32|          32|
    |k_fu_418_p2                     |         +|   0|  0|  13|           5|           1|
    |kb_4_fu_368_p2                  |         +|   0|  0|  35|          28|           1|
    |sub_ln20_1_fu_490_p2            |         -|   0|  0|  35|           1|          28|
    |sub_ln20_fu_475_p2              |         -|   0|  0|  39|           1|          32|
    |and_ln12_fu_356_p2              |       and|   0|  0|   2|           1|           1|
    |and_ln14_fu_362_p2              |       and|   0|  0|   2|           1|           1|
    |icmp_ln12_fu_238_p2             |      icmp|   0|  0|  92|          85|          85|
    |icmp_ln14_fu_255_p2             |      icmp|   0|  0|  70|          63|          63|
    |icmp_ln16_1_fu_265_p2           |      icmp|   0|  0|  41|          34|          34|
    |icmp_ln16_fu_260_p2             |      icmp|   0|  0|  34|          27|           1|
    |icmp_ln18_fu_338_p2             |      icmp|   0|  0|  14|           5|           6|
    |ap_block_pp0_stage0_01001_grp1  |        or|   0|  0|   2|           1|           1|
    |ap_block_pp0_stage0_11001       |        or|   0|  0|   2|           1|           1|
    |or_ln14_fu_278_p2               |        or|   0|  0|   2|           1|           1|
    |or_ln16_1_fu_379_p2             |        or|   0|  0|   2|           1|           1|
    |or_ln16_fu_374_p2               |        or|   0|  0|   2|           1|           1|
    |select_ln12_1_fu_443_p3         |    select|   0|  0|  28|           1|          28|
    |select_ln12_fu_270_p3           |    select|   0|  0|   2|           1|           1|
    |select_ln14_1_fu_304_p3         |    select|   0|  0|  63|           1|           1|
    |select_ln14_fu_344_p3           |    select|   0|  0|  28|           1|           1|
    |select_ln16_1_fu_392_p3         |    select|   0|  0|  28|           1|          28|
    |select_ln16_2_fu_290_p3         |    select|   0|  0|  34|           1|           1|
    |select_ln16_fu_384_p3           |    select|   0|  0|   5|           1|           1|
    |select_ln20_fu_505_p3           |    select|   0|  0|  28|           1|          28|
    |ap_enable_pp0                   |       xor|   0|  0|   2|           1|           2|
    |xor_ln12_fu_333_p2              |       xor|   0|  0|   2|           1|           2|
    |xor_ln14_fu_351_p2              |       xor|   0|  0|   2|           1|           2|
    +--------------------------------+----------+----+---+----+------------+------------+
    |Total                           |          |   0|  0| 996|         605|         485|
    +--------------------------------+----------+----+---+----+------------+------------+

    * Multiplexer: 
    +-------------------------+----+-----------+-----+-----------+
    |           Name          | LUT| Input Size| Bits| Total Bits|
    +-------------------------+----+-----------+-----+-----------+
    |A_stream_blk_n           |   9|          2|    1|          2|
    |ap_done_int              |   9|          2|    1|          2|
    |ap_enable_reg_pp0_iter1  |   9|          2|    1|          2|
    |ap_enable_reg_pp0_iter2  |   9|          2|    1|          2|
    |gmem0_blk_n_AR           |   9|          2|    1|          2|
    |gmem0_blk_n_R            |   9|          2|    1|          2|
    |ib_fu_130                |   9|          2|   28|         56|
    |indvar_flatten17_fu_126  |   9|          2|   63|        126|
    |indvar_flatten49_fu_134  |   9|          2|   85|        170|
    |indvar_flatten_fu_122    |   9|          2|   34|         68|
    |k_01_fu_114              |   9|          2|    5|         10|
    |kb_fu_118                |   9|          2|   28|         56|
    +-------------------------+----+-----------+-----+-----------+
    |Total                    | 108|         24|  249|        498|
    +-------------------------+----+-----------+-----+-----------+

    * Register: 
    +-----------------------------------+-----+----+-----+-----------+
    |                Name               |  FF | LUT| Bits| Const Bits|
    +-----------------------------------+-----+----+-----+-----------+
    |add_ln20_1_reg_654                 |   32|   0|   32|          0|
    |add_ln20_reg_644                   |   32|   0|   32|          0|
    |ap_CS_fsm                          |    1|   0|    1|          0|
    |ap_done_reg                        |    1|   0|    1|          0|
    |ap_enable_reg_pp0_iter1            |    1|   0|    1|          0|
    |ap_enable_reg_pp0_iter10           |    1|   0|    1|          0|
    |ap_enable_reg_pp0_iter11           |    1|   0|    1|          0|
    |ap_enable_reg_pp0_iter12           |    1|   0|    1|          0|
    |ap_enable_reg_pp0_iter13           |    1|   0|    1|          0|
    |ap_enable_reg_pp0_iter14           |    1|   0|    1|          0|
    |ap_enable_reg_pp0_iter15           |    1|   0|    1|          0|
    |ap_enable_reg_pp0_iter2            |    1|   0|    1|          0|
    |ap_enable_reg_pp0_iter3            |    1|   0|    1|          0|
    |ap_enable_reg_pp0_iter4            |    1|   0|    1|          0|
    |ap_enable_reg_pp0_iter5            |    1|   0|    1|          0|
    |ap_enable_reg_pp0_iter6            |    1|   0|    1|          0|
    |ap_enable_reg_pp0_iter7            |    1|   0|    1|          0|
    |ap_enable_reg_pp0_iter8            |    1|   0|    1|          0|
    |ap_enable_reg_pp0_iter9            |    1|   0|    1|          0|
    |ap_loop_exit_ready_pp0_iter10_reg  |    1|   0|    1|          0|
    |ap_loop_exit_ready_pp0_iter11_reg  |    1|   0|    1|          0|
    |ap_loop_exit_ready_pp0_iter12_reg  |    1|   0|    1|          0|
    |ap_loop_exit_ready_pp0_iter13_reg  |    1|   0|    1|          0|
    |ap_loop_exit_ready_pp0_iter14_reg  |    1|   0|    1|          0|
    |ap_loop_exit_ready_pp0_iter2_reg   |    1|   0|    1|          0|
    |ap_loop_exit_ready_pp0_iter3_reg   |    1|   0|    1|          0|
    |ap_loop_exit_ready_pp0_iter4_reg   |    1|   0|    1|          0|
    |ap_loop_exit_ready_pp0_iter5_reg   |    1|   0|    1|          0|
    |ap_loop_exit_ready_pp0_iter6_reg   |    1|   0|    1|          0|
    |ap_loop_exit_ready_pp0_iter7_reg   |    1|   0|    1|          0|
    |ap_loop_exit_ready_pp0_iter8_reg   |    1|   0|    1|          0|
    |ap_loop_exit_ready_pp0_iter9_reg   |    1|   0|    1|          0|
    |bound6_cast_reg_617                |   58|   0|   63|          5|
    |bound_cast_reg_612                 |   31|   0|   34|          3|
    |gmem0_addr_read_reg_672            |  512|   0|  512|          0|
    |ib_fu_130                          |   28|   0|   28|          0|
    |icmp_ln14_reg_626                  |    1|   0|    1|          0|
    |indvar_flatten17_fu_126            |   63|   0|   63|          0|
    |indvar_flatten49_fu_134            |   85|   0|   85|          0|
    |indvar_flatten_fu_122              |   34|   0|   34|          0|
    |k_01_fu_114                        |    5|   0|    5|          0|
    |kb_fu_118                          |   28|   0|   28|          0|
    |mul_ln20_reg_649                   |   32|   0|   32|          0|
    |or_ln14_reg_639                    |    1|   0|    1|          0|
    |select_ln12_reg_633                |    1|   0|    1|          0|
    |trunc_ln20_1_reg_661               |   58|   0|   58|          0|
    |icmp_ln14_reg_626                  |   64|  32|    1|          0|
    +-----------------------------------+-----+----+-----+-----------+
    |Total                              | 1095|  32| 1040|          8|
    +-----------------------------------+-----+----+-----+-----------+



================================================================
== Interface
================================================================
* Summary: 
+-------------------------+-----+-----+------------+--------------------------------------------------------------------+--------------+
|        RTL Ports        | Dir | Bits|  Protocol  |                            Source Object                           |    C Type    |
+-------------------------+-----+-----+------------+--------------------------------------------------------------------+--------------+
|ap_clk                   |   in|    1|  ap_ctrl_hs|  readAtTiles_Pipeline_i_BLOCK_loop_j_BLOCK_loop_k_BLOCK_loop_k_loop|  return value|
|ap_rst                   |   in|    1|  ap_ctrl_hs|  readAtTiles_Pipeline_i_BLOCK_loop_j_BLOCK_loop_k_BLOCK_loop_k_loop|  return value|
|ap_start                 |   in|    1|  ap_ctrl_hs|  readAtTiles_Pipeline_i_BLOCK_loop_j_BLOCK_loop_k_BLOCK_loop_k_loop|  return value|
|ap_done                  |  out|    1|  ap_ctrl_hs|  readAtTiles_Pipeline_i_BLOCK_loop_j_BLOCK_loop_k_BLOCK_loop_k_loop|  return value|
|ap_idle                  |  out|    1|  ap_ctrl_hs|  readAtTiles_Pipeline_i_BLOCK_loop_j_BLOCK_loop_k_BLOCK_loop_k_loop|  return value|
|ap_ready                 |  out|    1|  ap_ctrl_hs|  readAtTiles_Pipeline_i_BLOCK_loop_j_BLOCK_loop_k_BLOCK_loop_k_loop|  return value|
|m_axi_gmem0_0_AWVALID    |  out|    1|       m_axi|                                                               gmem0|       pointer|
|m_axi_gmem0_0_AWREADY    |   in|    1|       m_axi|                                                               gmem0|       pointer|
|m_axi_gmem0_0_AWADDR     |  out|   64|       m_axi|                                                               gmem0|       pointer|
|m_axi_gmem0_0_AWID       |  out|    1|       m_axi|                                                               gmem0|       pointer|
|m_axi_gmem0_0_AWLEN      |  out|   32|       m_axi|                                                               gmem0|       pointer|
|m_axi_gmem0_0_AWSIZE     |  out|    3|       m_axi|                                                               gmem0|       pointer|
|m_axi_gmem0_0_AWBURST    |  out|    2|       m_axi|                                                               gmem0|       pointer|
|m_axi_gmem0_0_AWLOCK     |  out|    2|       m_axi|                                                               gmem0|       pointer|
|m_axi_gmem0_0_AWCACHE    |  out|    4|       m_axi|                                                               gmem0|       pointer|
|m_axi_gmem0_0_AWPROT     |  out|    3|       m_axi|                                                               gmem0|       pointer|
|m_axi_gmem0_0_AWQOS      |  out|    4|       m_axi|                                                               gmem0|       pointer|
|m_axi_gmem0_0_AWREGION   |  out|    4|       m_axi|                                                               gmem0|       pointer|
|m_axi_gmem0_0_AWUSER     |  out|    1|       m_axi|                                                               gmem0|       pointer|
|m_axi_gmem0_0_WVALID     |  out|    1|       m_axi|                                                               gmem0|       pointer|
|m_axi_gmem0_0_WREADY     |   in|    1|       m_axi|                                                               gmem0|       pointer|
|m_axi_gmem0_0_WDATA      |  out|  512|       m_axi|                                                               gmem0|       pointer|
|m_axi_gmem0_0_WSTRB      |  out|   64|       m_axi|                                                               gmem0|       pointer|
|m_axi_gmem0_0_WLAST      |  out|    1|       m_axi|                                                               gmem0|       pointer|
|m_axi_gmem0_0_WID        |  out|    1|       m_axi|                                                               gmem0|       pointer|
|m_axi_gmem0_0_WUSER      |  out|    1|       m_axi|                                                               gmem0|       pointer|
|m_axi_gmem0_0_ARVALID    |  out|    1|       m_axi|                                                               gmem0|       pointer|
|m_axi_gmem0_0_ARREADY    |   in|    1|       m_axi|                                                               gmem0|       pointer|
|m_axi_gmem0_0_ARADDR     |  out|   64|       m_axi|                                                               gmem0|       pointer|
|m_axi_gmem0_0_ARID       |  out|    1|       m_axi|                                                               gmem0|       pointer|
|m_axi_gmem0_0_ARLEN      |  out|   32|       m_axi|                                                               gmem0|       pointer|
|m_axi_gmem0_0_ARSIZE     |  out|    3|       m_axi|                                                               gmem0|       pointer|
|m_axi_gmem0_0_ARBURST    |  out|    2|       m_axi|                                                               gmem0|       pointer|
|m_axi_gmem0_0_ARLOCK     |  out|    2|       m_axi|                                                               gmem0|       pointer|
|m_axi_gmem0_0_ARCACHE    |  out|    4|       m_axi|                                                               gmem0|       pointer|
|m_axi_gmem0_0_ARPROT     |  out|    3|       m_axi|                                                               gmem0|       pointer|
|m_axi_gmem0_0_ARQOS      |  out|    4|       m_axi|                                                               gmem0|       pointer|
|m_axi_gmem0_0_ARREGION   |  out|    4|       m_axi|                                                               gmem0|       pointer|
|m_axi_gmem0_0_ARUSER     |  out|    1|       m_axi|                                                               gmem0|       pointer|
|m_axi_gmem0_0_RVALID     |   in|    1|       m_axi|                                                               gmem0|       pointer|
|m_axi_gmem0_0_RREADY     |  out|    1|       m_axi|                                                               gmem0|       pointer|
|m_axi_gmem0_0_RDATA      |   in|  512|       m_axi|                                                               gmem0|       pointer|
|m_axi_gmem0_0_RLAST      |   in|    1|       m_axi|                                                               gmem0|       pointer|
|m_axi_gmem0_0_RID        |   in|    1|       m_axi|                                                               gmem0|       pointer|
|m_axi_gmem0_0_RFIFONUM   |   in|    9|       m_axi|                                                               gmem0|       pointer|
|m_axi_gmem0_0_RUSER      |   in|    1|       m_axi|                                                               gmem0|       pointer|
|m_axi_gmem0_0_RRESP      |   in|    2|       m_axi|                                                               gmem0|       pointer|
|m_axi_gmem0_0_BVALID     |   in|    1|       m_axi|                                                               gmem0|       pointer|
|m_axi_gmem0_0_BREADY     |  out|    1|       m_axi|                                                               gmem0|       pointer|
|m_axi_gmem0_0_BRESP      |   in|    2|       m_axi|                                                               gmem0|       pointer|
|m_axi_gmem0_0_BID        |   in|    1|       m_axi|                                                               gmem0|       pointer|
|m_axi_gmem0_0_BUSER      |   in|    1|       m_axi|                                                               gmem0|       pointer|
|A_stream_din             |  out|  512|     ap_fifo|                                                            A_stream|       pointer|
|A_stream_full_n          |   in|    1|     ap_fifo|                                                            A_stream|       pointer|
|A_stream_write           |  out|    1|     ap_fifo|                                                            A_stream|       pointer|
|A_stream_num_data_valid  |   in|    6|     ap_fifo|                                                            A_stream|       pointer|
|A_stream_fifo_cap        |   in|    6|     ap_fifo|                                                            A_stream|       pointer|
|bound25                  |   in|   85|     ap_none|                                                             bound25|        scalar|
|bound6                   |   in|   58|     ap_none|                                                              bound6|        scalar|
|smax                     |   in|   27|     ap_none|                                                                smax|        scalar|
|bound                    |   in|   31|     ap_none|                                                               bound|        scalar|
|N                        |   in|   32|     ap_none|                                                                   N|        scalar|
|AT                       |   in|   64|     ap_none|                                                                  AT|        scalar|
+-------------------------+-----+-----+------------+--------------------------------------------------------------------+--------------+

