

================================================================
== Vitis HLS Report for 'readBTiles_Pipeline_i_BLOCK_loop_j_BLOCK_loop_k_BLOCK_loop_k_loop'
================================================================
* Date:           Thu Apr  9 09:15:12 2026

* Version:        2025.1 (Build 6135595 on May 21 2025)
* Project:        baseline_blockedMM
* Solution:       hls (Vivado IP Flow Target)
* Product family: zynq
* Target device:  xc7z020-clg400-1


================================================================
== Performance Estimates
================================================================
+ Timing: 
    * Summary: 
    +--------+----------+-----------+------------+
    |  Clock |  Target  | Estimated | Uncertainty|
    +--------+----------+-----------+------------+
    |ap_clk  |  15.00 ns|  10.950 ns|     4.05 ns|
    +--------+----------+-----------+------------+

+ Latency: 
    * Summary: 
    +---------+---------+----------+----------+-----+-----+------------------------------------------------+
    |  Latency (cycles) |  Latency (absolute) |  Interval |                    Pipeline                    |
    |   min   |   max   |    min   |    max   | min | max |                      Type                      |
    +---------+---------+----------+----------+-----+-----+------------------------------------------------+
    |        ?|        ?|         ?|         ?|    0|    0|  loop auto-rewind stp (delay=0 clock cycles(s))|
    +---------+---------+----------+----------+-----+-----+------------------------------------------------+

    + Detail: 
        * Instance: 
        N/A

        * Loop: 
        +-------------------------------------------------+---------+---------+----------+-----------+-----------+------+----------+
        |                                                 |  Latency (cycles) | Iteration|  Initiation Interval  | Trip |          |
        |                    Loop Name                    |   min   |   max   |  Latency |  achieved |   target  | Count| Pipelined|
        +-------------------------------------------------+---------+---------+----------+-----------+-----------+------+----------+
        |- i_BLOCK_loop_j_BLOCK_loop_k_BLOCK_loop_k_loop  |        ?|        ?|        15|          1|          1|     ?|       yes|
        +-------------------------------------------------+---------+---------+----------+-----------+-----------+------+----------+



================================================================
== Utilization Estimates
================================================================
* Summary: 
+-----------------+---------+-----+--------+-------+-----+
|       Name      | BRAM_18K| DSP |   FF   |  LUT  | URAM|
+-----------------+---------+-----+--------+-------+-----+
|DSP              |        -|    -|       -|      -|    -|
|Expression       |        -|    -|       0|   1024|    -|
|FIFO             |        -|    -|       -|      -|    -|
|Instance         |        -|    3|       0|     20|    -|
|Memory           |        -|    -|       -|      -|    -|
|Multiplexer      |        -|    -|       0|    108|    -|
|Register         |        -|    -|    1159|     64|    -|
+-----------------+---------+-----+--------+-------+-----+
|Total            |        0|    3|    1159|   1216|    0|
+-----------------+---------+-----+--------+-------+-----+
|Available        |      280|  220|  106400|  53200|    0|
+-----------------+---------+-----+--------+-------+-----+
|Utilization (%)  |        0|    1|       1|      2|    0|
+-----------------+---------+-----+--------+-------+-----+

+ Detail: 
    * Instance: 
    +------------------------+--------------------+---------+----+---+----+-----+
    |        Instance        |       Module       | BRAM_18K| DSP| FF| LUT| URAM|
    +------------------------+--------------------+---------+----+---+----+-----+
    |mul_32s_32s_32_1_1_U23  |mul_32s_32s_32_1_1  |        0|   3|  0|  20|    0|
    +------------------------+--------------------+---------+----+---+----+-----+
    |Total                   |                    |        0|   3|  0|  20|    0|
    +------------------------+--------------------+---------+----+---+----+-----+

    * DSP: 
    N/A

    * Memory: 
    N/A

    * FIFO: 
    N/A

    * Expression: 
    +--------------------------------+----------+----+---+----+------------+------------+
    |          Variable Name         | Operation| DSP| FF| LUT| Bitwidth P0| Bitwidth P1|
    +--------------------------------+----------+----+---+----+------------+------------+
    |add_ln38_fu_247_p2              |         +|   0|  0|  92|          85|           1|
    |add_ln40_1_fu_296_p2            |         +|   0|  0|  70|          63|           1|
    |add_ln42_1_fu_282_p2            |         +|   0|  0|  41|          34|           1|
    |add_ln46_1_fu_463_p2            |         +|   0|  0|  39|          32|          32|
    |add_ln46_2_fu_530_p2            |         +|   0|  0|  71|          64|          64|
    |add_ln46_fu_410_p2              |         +|   0|  0|  39|          32|          32|
    |jb_4_fu_442_p2                  |         +|   0|  0|  35|          28|           1|
    |k_1_fu_416_p2                   |         +|   0|  0|  13|           5|           1|
    |kb_2_fu_366_p2                  |         +|   0|  0|  35|          28|           1|
    |sub_ln46_1_fu_495_p2            |         -|   0|  0|  35|           1|          28|
    |sub_ln46_fu_480_p2              |         -|   0|  0|  39|           1|          32|
    |and_ln38_fu_354_p2              |       and|   0|  0|   2|           1|           1|
    |and_ln40_fu_360_p2              |       and|   0|  0|   2|           1|           1|
    |icmp_ln38_fu_236_p2             |      icmp|   0|  0|  92|          85|          85|
    |icmp_ln40_fu_253_p2             |      icmp|   0|  0|  70|          63|          63|
    |icmp_ln42_1_fu_263_p2           |      icmp|   0|  0|  41|          34|          34|
    |icmp_ln42_fu_258_p2             |      icmp|   0|  0|  34|          27|           1|
    |icmp_ln44_fu_336_p2             |      icmp|   0|  0|  14|           5|           6|
    |ap_block_pp0_stage0_01001_grp1  |        or|   0|  0|   2|           1|           1|
    |ap_block_pp0_stage0_11001       |        or|   0|  0|   2|           1|           1|
    |or_ln40_fu_276_p2               |        or|   0|  0|   2|           1|           1|
    |or_ln42_1_fu_377_p2             |        or|   0|  0|   2|           1|           1|
    |or_ln42_fu_372_p2               |        or|   0|  0|   2|           1|           1|
    |select_ln38_1_fu_268_p3         |    select|   0|  0|   2|           1|           1|
    |select_ln38_fu_435_p3           |    select|   0|  0|  28|           1|           1|
    |select_ln40_1_fu_448_p3         |    select|   0|  0|  28|           1|          28|
    |select_ln40_2_fu_302_p3         |    select|   0|  0|  63|           1|           1|
    |select_ln40_fu_342_p3           |    select|   0|  0|  28|           1|           1|
    |select_ln42_1_fu_390_p3         |    select|   0|  0|  28|           1|          28|
    |select_ln42_2_fu_288_p3         |    select|   0|  0|  34|           1|           1|
    |select_ln42_fu_382_p3           |    select|   0|  0|   5|           1|           1|
    |select_ln46_fu_510_p3           |    select|   0|  0|  28|           1|          28|
    |ap_enable_pp0                   |       xor|   0|  0|   2|           1|           2|
    |xor_ln38_fu_331_p2              |       xor|   0|  0|   2|           1|           2|
    |xor_ln40_fu_349_p2              |       xor|   0|  0|   2|           1|           2|
    +--------------------------------+----------+----+---+----+------------+------------+
    |Total                           |          |   0|  0|1024|         606|         486|
    +--------------------------------+----------+----+---+----+------------+------------+

    * Multiplexer: 
    +-------------------------+----+-----------+-----+-----------+
    |           Name          | LUT| Input Size| Bits| Total Bits|
    +-------------------------+----+-----------+-----+-----------+
    |B_stream_blk_n           |   9|          2|    1|          2|
    |ap_done_int              |   9|          2|    1|          2|
    |ap_enable_reg_pp0_iter1  |   9|          2|    1|          2|
    |ap_enable_reg_pp0_iter2  |   9|          2|    1|          2|
    |gmem1_blk_n_AR           |   9|          2|    1|          2|
    |gmem1_blk_n_R            |   9|          2|    1|          2|
    |indvar_flatten20_fu_128  |   9|          2|   63|        126|
    |indvar_flatten51_fu_132  |   9|          2|   85|        170|
    |indvar_flatten_fu_120    |   9|          2|   34|         68|
    |jb_fu_124                |   9|          2|   28|         56|
    |k_fu_112                 |   9|          2|    5|         10|
    |kb_fu_116                |   9|          2|   28|         56|
    +-------------------------+----+-----------+-----+-----------+
    |Total                    | 108|         24|  249|        498|
    +-------------------------+----+-----------+-----+-----------+

    * Register: 
    +-----------------------------------+-----+----+-----+-----------+
    |                Name               |  FF | LUT| Bits| Const Bits|
    +-----------------------------------+-----+----+-----+-----------+
    |add_ln46_1_reg_660                 |   32|   0|   32|          0|
    |add_ln46_reg_650                   |   32|   0|   32|          0|
    |ap_CS_fsm                          |    1|   0|    1|          0|
    |ap_done_reg                        |    1|   0|    1|          0|
    |ap_enable_reg_pp0_iter1            |    1|   0|    1|          0|
    |ap_enable_reg_pp0_iter10           |    1|   0|    1|          0|
    |ap_enable_reg_pp0_iter11           |    1|   0|    1|          0|
    |ap_enable_reg_pp0_iter12           |    1|   0|    1|          0|
    |ap_enable_reg_pp0_iter13           |    1|   0|    1|          0|
    |ap_enable_reg_pp0_iter14           |    1|   0|    1|          0|
    |ap_enable_reg_pp0_iter15           |    1|   0|    1|          0|
    |ap_enable_reg_pp0_iter2            |    1|   0|    1|          0|
    |ap_enable_reg_pp0_iter3            |    1|   0|    1|          0|
    |ap_enable_reg_pp0_iter4            |    1|   0|    1|          0|
    |ap_enable_reg_pp0_iter5            |    1|   0|    1|          0|
    |ap_enable_reg_pp0_iter6            |    1|   0|    1|          0|
    |ap_enable_reg_pp0_iter7            |    1|   0|    1|          0|
    |ap_enable_reg_pp0_iter8            |    1|   0|    1|          0|
    |ap_enable_reg_pp0_iter9            |    1|   0|    1|          0|
    |ap_loop_exit_ready_pp0_iter10_reg  |    1|   0|    1|          0|
    |ap_loop_exit_ready_pp0_iter11_reg  |    1|   0|    1|          0|
    |ap_loop_exit_ready_pp0_iter12_reg  |    1|   0|    1|          0|
    |ap_loop_exit_ready_pp0_iter13_reg  |    1|   0|    1|          0|
    |ap_loop_exit_ready_pp0_iter14_reg  |    1|   0|    1|          0|
    |ap_loop_exit_ready_pp0_iter2_reg   |    1|   0|    1|          0|
    |ap_loop_exit_ready_pp0_iter3_reg   |    1|   0|    1|          0|
    |ap_loop_exit_ready_pp0_iter4_reg   |    1|   0|    1|          0|
    |ap_loop_exit_ready_pp0_iter5_reg   |    1|   0|    1|          0|
    |ap_loop_exit_ready_pp0_iter6_reg   |    1|   0|    1|          0|
    |ap_loop_exit_ready_pp0_iter7_reg   |    1|   0|    1|          0|
    |ap_loop_exit_ready_pp0_iter8_reg   |    1|   0|    1|          0|
    |ap_loop_exit_ready_pp0_iter9_reg   |    1|   0|    1|          0|
    |bound6_cast_reg_622                |   58|   0|   63|          5|
    |bound_cast_reg_617                 |   31|   0|   34|          3|
    |gmem1_addr_read_reg_678            |  512|   0|  512|          0|
    |icmp_ln40_reg_631                  |    1|   0|    1|          0|
    |indvar_flatten20_fu_128            |   63|   0|   63|          0|
    |indvar_flatten51_fu_132            |   85|   0|   85|          0|
    |indvar_flatten_fu_120              |   34|   0|   34|          0|
    |jb_fu_124                          |   28|   0|   28|          0|
    |k_fu_112                           |    5|   0|    5|          0|
    |kb_fu_116                          |   28|   0|   28|          0|
    |mul_ln46_reg_655                   |   32|   0|   32|          0|
    |or_ln40_reg_645                    |    1|   0|    1|          0|
    |select_ln38_1_reg_638              |    1|   0|    1|          0|
    |trunc_ln46_1_reg_667               |   58|   0|   58|          0|
    |icmp_ln40_reg_631                  |   64|  32|    1|          0|
    |select_ln38_1_reg_638              |   64|  32|    1|          0|
    +-----------------------------------+-----+----+-----+-----------+
    |Total                              | 1159|  64| 1041|          8|
    +-----------------------------------+-----+----+-----+-----------+



================================================================
== Interface
================================================================
* Summary: 
+-------------------------+-----+-----+------------+-------------------------------------------------------------------+--------------+
|        RTL Ports        | Dir | Bits|  Protocol  |                           Source Object                           |    C Type    |
+-------------------------+-----+-----+------------+-------------------------------------------------------------------+--------------+
|ap_clk                   |   in|    1|  ap_ctrl_hs|  readBTiles_Pipeline_i_BLOCK_loop_j_BLOCK_loop_k_BLOCK_loop_k_loop|  return value|
|ap_rst                   |   in|    1|  ap_ctrl_hs|  readBTiles_Pipeline_i_BLOCK_loop_j_BLOCK_loop_k_BLOCK_loop_k_loop|  return value|
|ap_start                 |   in|    1|  ap_ctrl_hs|  readBTiles_Pipeline_i_BLOCK_loop_j_BLOCK_loop_k_BLOCK_loop_k_loop|  return value|
|ap_done                  |  out|    1|  ap_ctrl_hs|  readBTiles_Pipeline_i_BLOCK_loop_j_BLOCK_loop_k_BLOCK_loop_k_loop|  return value|
|ap_idle                  |  out|    1|  ap_ctrl_hs|  readBTiles_Pipeline_i_BLOCK_loop_j_BLOCK_loop_k_BLOCK_loop_k_loop|  return value|
|ap_ready                 |  out|    1|  ap_ctrl_hs|  readBTiles_Pipeline_i_BLOCK_loop_j_BLOCK_loop_k_BLOCK_loop_k_loop|  return value|
|m_axi_gmem1_0_AWVALID    |  out|    1|       m_axi|                                                              gmem1|       pointer|
|m_axi_gmem1_0_AWREADY    |   in|    1|       m_axi|                                                              gmem1|       pointer|
|m_axi_gmem1_0_AWADDR     |  out|   64|       m_axi|                                                              gmem1|       pointer|
|m_axi_gmem1_0_AWID       |  out|    1|       m_axi|                                                              gmem1|       pointer|
|m_axi_gmem1_0_AWLEN      |  out|   32|       m_axi|                                                              gmem1|       pointer|
|m_axi_gmem1_0_AWSIZE     |  out|    3|       m_axi|                                                              gmem1|       pointer|
|m_axi_gmem1_0_AWBURST    |  out|    2|       m_axi|                                                              gmem1|       pointer|
|m_axi_gmem1_0_AWLOCK     |  out|    2|       m_axi|                                                              gmem1|       pointer|
|m_axi_gmem1_0_AWCACHE    |  out|    4|       m_axi|                                                              gmem1|       pointer|
|m_axi_gmem1_0_AWPROT     |  out|    3|       m_axi|                                                              gmem1|       pointer|
|m_axi_gmem1_0_AWQOS      |  out|    4|       m_axi|                                                              gmem1|       pointer|
|m_axi_gmem1_0_AWREGION   |  out|    4|       m_axi|                                                              gmem1|       pointer|
|m_axi_gmem1_0_AWUSER     |  out|    1|       m_axi|                                                              gmem1|       pointer|
|m_axi_gmem1_0_WVALID     |  out|    1|       m_axi|                                                              gmem1|       pointer|
|m_axi_gmem1_0_WREADY     |   in|    1|       m_axi|                                                              gmem1|       pointer|
|m_axi_gmem1_0_WDATA      |  out|  512|       m_axi|                                                              gmem1|       pointer|
|m_axi_gmem1_0_WSTRB      |  out|   64|       m_axi|                                                              gmem1|       pointer|
|m_axi_gmem1_0_WLAST      |  out|    1|       m_axi|                                                              gmem1|       pointer|
|m_axi_gmem1_0_WID        |  out|    1|       m_axi|                                                              gmem1|       pointer|
|m_axi_gmem1_0_WUSER      |  out|    1|       m_axi|                                                              gmem1|       pointer|
|m_axi_gmem1_0_ARVALID    |  out|    1|       m_axi|                                                              gmem1|       pointer|
|m_axi_gmem1_0_ARREADY    |   in|    1|       m_axi|                                                              gmem1|       pointer|
|m_axi_gmem1_0_ARADDR     |  out|   64|       m_axi|                                                              gmem1|       pointer|
|m_axi_gmem1_0_ARID       |  out|    1|       m_axi|                                                              gmem1|       pointer|
|m_axi_gmem1_0_ARLEN      |  out|   32|       m_axi|                                                              gmem1|       pointer|
|m_axi_gmem1_0_ARSIZE     |  out|    3|       m_axi|                                                              gmem1|       pointer|
|m_axi_gmem1_0_ARBURST    |  out|    2|       m_axi|                                                              gmem1|       pointer|
|m_axi_gmem1_0_ARLOCK     |  out|    2|       m_axi|                                                              gmem1|       pointer|
|m_axi_gmem1_0_ARCACHE    |  out|    4|       m_axi|                                                              gmem1|       pointer|
|m_axi_gmem1_0_ARPROT     |  out|    3|       m_axi|                                                              gmem1|       pointer|
|m_axi_gmem1_0_ARQOS      |  out|    4|       m_axi|                                                              gmem1|       pointer|
|m_axi_gmem1_0_ARREGION   |  out|    4|       m_axi|                                                              gmem1|       pointer|
|m_axi_gmem1_0_ARUSER     |  out|    1|       m_axi|                                                              gmem1|       pointer|
|m_axi_gmem1_0_RVALID     |   in|    1|       m_axi|                                                              gmem1|       pointer|
|m_axi_gmem1_0_RREADY     |  out|    1|       m_axi|                                                              gmem1|       pointer|
|m_axi_gmem1_0_RDATA      |   in|  512|       m_axi|                                                              gmem1|       pointer|
|m_axi_gmem1_0_RLAST      |   in|    1|       m_axi|                                                              gmem1|       pointer|
|m_axi_gmem1_0_RID        |   in|    1|       m_axi|                                                              gmem1|       pointer|
|m_axi_gmem1_0_RFIFONUM   |   in|    9|       m_axi|                                                              gmem1|       pointer|
|m_axi_gmem1_0_RUSER      |   in|    1|       m_axi|                                                              gmem1|       pointer|
|m_axi_gmem1_0_RRESP      |   in|    2|       m_axi|                                                              gmem1|       pointer|
|m_axi_gmem1_0_BVALID     |   in|    1|       m_axi|                                                              gmem1|       pointer|
|m_axi_gmem1_0_BREADY     |  out|    1|       m_axi|                                                              gmem1|       pointer|
|m_axi_gmem1_0_BRESP      |   in|    2|       m_axi|                                                              gmem1|       pointer|
|m_axi_gmem1_0_BID        |   in|    1|       m_axi|                                                              gmem1|       pointer|
|m_axi_gmem1_0_BUSER      |   in|    1|       m_axi|                                                              gmem1|       pointer|
|B_stream_din             |  out|  512|     ap_fifo|                                                           B_stream|       pointer|
|B_stream_full_n          |   in|    1|     ap_fifo|                                                           B_stream|       pointer|
|B_stream_write           |  out|    1|     ap_fifo|                                                           B_stream|       pointer|
|B_stream_num_data_valid  |   in|    6|     ap_fifo|                                                           B_stream|       pointer|
|B_stream_fifo_cap        |   in|    6|     ap_fifo|                                                           B_stream|       pointer|
|bound28                  |   in|   85|     ap_none|                                                            bound28|        scalar|
|bound6                   |   in|   58|     ap_none|                                                             bound6|        scalar|
|smax                     |   in|   27|     ap_none|                                                               smax|        scalar|
|bound                    |   in|   31|     ap_none|                                                              bound|        scalar|
|P                        |   in|   32|     ap_none|                                                                  P|        scalar|
|B                        |   in|   64|     ap_none|                                                                  B|        scalar|
+-------------------------+-----+-----+------------+-------------------------------------------------------------------+--------------+

