

================================================================
== Vitis HLS Report for 'writeTiles_Pipeline_i_BLOCK_loop_j_BLOCK_loop_j_output_loop'
================================================================
* Date:           Sat Apr 11 17:34:24 2026

* Version:        2025.1 (Build 6135595 on May 21 2025)
* Project:        baseline_blockedMM
* Solution:       hls (Vivado IP Flow Target)
* Product family: zynq
* Target device:  xc7z020-clg400-1


================================================================
== Performance Estimates
================================================================
+ Timing: 
    * Summary: 
    +--------+----------+-----------+------------+
    |  Clock |  Target  | Estimated | Uncertainty|
    +--------+----------+-----------+------------+
    |ap_clk  |  15.00 ns|  10.950 ns|     4.05 ns|
    +--------+----------+-----------+------------+

+ Latency: 
    * Summary: 
    +---------+---------+----------+----------+------+------+------------------------------------------------+
    |  Latency (cycles) |  Latency (absolute) |   Interval  |                    Pipeline                    |
    |   min   |   max   |    min   |    max   |  min |  max |                      Type                      |
    +---------+---------+----------+----------+------+------+------------------------------------------------+
    |     8203|     8203|  0.123 ms|  0.123 ms|  8193|  8193|  loop auto-rewind stp (delay=0 clock cycles(s))|
    +---------+---------+----------+----------+------+------+------------------------------------------------+

    + Detail: 
        * Instance: 
        N/A

        * Loop: 
        +-------------------------------------------+---------+---------+----------+-----------+-----------+------+----------+
        |                                           |  Latency (cycles) | Iteration|  Initiation Interval  | Trip |          |
        |                 Loop Name                 |   min   |   max   |  Latency |  achieved |   target  | Count| Pipelined|
        +-------------------------------------------+---------+---------+----------+-----------+-----------+------+----------+
        |- i_BLOCK_loop_j_BLOCK_loop_j_output_loop  |     8201|     8201|        11|          1|          1|  8192|       yes|
        +-------------------------------------------+---------+---------+----------+-----------+-----------+------+----------+



================================================================
== Utilization Estimates
================================================================
* Summary: 
+-----------------+---------+-----+--------+-------+-----+
|       Name      | BRAM_18K| DSP |   FF   |  LUT  | URAM|
+-----------------+---------+-----+--------+-------+-----+
|DSP              |        -|    -|       -|      -|    -|
|Expression       |        -|    -|       0|    695|    -|
|FIFO             |        -|    -|       -|      -|    -|
|Instance         |        -|    3|       0|     20|    -|
|Memory           |        -|    -|       -|      -|    -|
|Multiplexer      |        -|    -|       0|    108|    -|
|Register         |        -|    -|     874|      -|    -|
+-----------------+---------+-----+--------+-------+-----+
|Total            |        0|    3|     874|    823|    0|
+-----------------+---------+-----+--------+-------+-----+
|Available        |      280|  220|  106400|  53200|    0|
+-----------------+---------+-----+--------+-------+-----+
|Utilization (%)  |        0|    1|      ~0|      1|    0|
+-----------------+---------+-----+--------+-------+-----+

+ Detail: 
    * Instance: 
    +-------------------------+--------------------+---------+----+---+----+-----+
    |         Instance        |       Module       | BRAM_18K| DSP| FF| LUT| URAM|
    +-------------------------+--------------------+---------+----+---+----+-----+
    |mul_32s_32s_32_1_1_U146  |mul_32s_32s_32_1_1  |        0|   3|  0|  20|    0|
    +-------------------------+--------------------+---------+----+---+----+-----+
    |Total                    |                    |        0|   3|  0|  20|    0|
    +-------------------------+--------------------+---------+----+---+----+-----+

    * DSP: 
    N/A

    * Memory: 
    N/A

    * FIFO: 
    N/A

    * Expression: 
    +--------------------------------+----------+----+---+----+------------+------------+
    |          Variable Name         | Operation| DSP| FF| LUT| Bitwidth P0| Bitwidth P1|
    +--------------------------------+----------+----+---+----+------------+------------+
    |add_ln132_1_fu_352_p2           |         +|   0|  0|  35|          28|           1|
    |add_ln132_fu_226_p2             |         +|   0|  0|  65|          58|           1|
    |add_ln135_1_fu_315_p2           |         +|   0|  0|  41|          34|           1|
    |add_ln141_1_fu_373_p2           |         +|   0|  0|  39|          32|          32|
    |add_ln141_2_fu_440_p2           |         +|   0|  0|  71|          64|          64|
    |add_ln141_fu_303_p2             |         +|   0|  0|  39|          32|          32|
    |j_1_fu_309_p2                   |         +|   0|  0|  13|           5|           1|
    |jb_2_fu_263_p2                  |         +|   0|  0|  35|          28|           1|
    |sub_ln141_1_fu_405_p2           |         -|   0|  0|  35|           1|          28|
    |sub_ln141_fu_390_p2             |         -|   0|  0|  39|           1|          32|
    |and_ln132_fu_257_p2             |       and|   0|  0|   2|           1|           1|
    |icmp_ln132_fu_212_p2            |      icmp|   0|  0|  65|          58|          58|
    |icmp_ln135_fu_232_p2            |      icmp|   0|  0|  41|          34|          34|
    |icmp_ln138_fu_251_p2            |      icmp|   0|  0|  14|           5|           6|
    |ap_block_pp0_stage0_01001_grp1  |        or|   0|  0|   2|           1|           1|
    |ap_block_pp0_stage0_11001       |        or|   0|  0|   2|           1|           1|
    |or_ln135_fu_269_p2              |        or|   0|  0|   2|           1|           1|
    |select_ln132_1_fu_358_p3        |    select|   0|  0|  28|           1|          28|
    |select_ln132_fu_237_p3          |    select|   0|  0|  28|           1|           1|
    |select_ln135_1_fu_283_p3        |    select|   0|  0|  28|           1|          28|
    |select_ln135_2_fu_321_p3        |    select|   0|  0|  34|           1|           1|
    |select_ln135_fu_275_p3          |    select|   0|  0|   5|           1|           1|
    |select_ln141_fu_420_p3          |    select|   0|  0|  28|           1|          28|
    |ap_enable_pp0                   |       xor|   0|  0|   2|           1|           2|
    |xor_ln132_fu_245_p2             |       xor|   0|  0|   2|           1|           2|
    +--------------------------------+----------+----+---+----+------------+------------+
    |Total                           |          |   0|  0| 695|         392|         386|
    +--------------------------------+----------+----+---+----+------------+------------+

    * Multiplexer: 
    +-------------------------+----+-----------+-----+-----------+
    |           Name          | LUT| Input Size| Bits| Total Bits|
    +-------------------------+----+-----------+-----+-----------+
    |AB_stream_blk_n          |   9|          2|    1|          2|
    |ap_done_int              |   9|          2|    1|          2|
    |ap_enable_reg_pp0_iter1  |   9|          2|    1|          2|
    |ap_enable_reg_pp0_iter2  |   9|          2|    1|          2|
    |gmem_blk_n_AW            |   9|          2|    1|          2|
    |gmem_blk_n_B             |   9|          2|    1|          2|
    |gmem_blk_n_W             |   9|          2|    1|          2|
    |ib_fu_118                |   9|          2|   28|         56|
    |indvar_flatten20_fu_122  |   9|          2|   58|        116|
    |indvar_flatten_fu_114    |   9|          2|   34|         68|
    |j_fu_106                 |   9|          2|    5|         10|
    |jb_fu_110                |   9|          2|   28|         56|
    +-------------------------+----+-----------+-----+-----------+
    |Total                    | 108|         24|  160|        320|
    +-------------------------+----+-----------+-----+-----------+

    * Register: 
    +-----------------------------------+-----+----+-----+-----------+
    |                Name               |  FF | LUT| Bits| Const Bits|
    +-----------------------------------+-----+----+-----+-----------+
    |AB_stream_read_reg_551             |  512|   0|  512|          0|
    |add_ln141_1_reg_539                |   32|   0|   32|          0|
    |add_ln141_reg_529                  |   32|   0|   32|          0|
    |ap_CS_fsm                          |    1|   0|    1|          0|
    |ap_done_reg                        |    1|   0|    1|          0|
    |ap_enable_reg_pp0_iter1            |    1|   0|    1|          0|
    |ap_enable_reg_pp0_iter10           |    1|   0|    1|          0|
    |ap_enable_reg_pp0_iter11           |    1|   0|    1|          0|
    |ap_enable_reg_pp0_iter2            |    1|   0|    1|          0|
    |ap_enable_reg_pp0_iter3            |    1|   0|    1|          0|
    |ap_enable_reg_pp0_iter4            |    1|   0|    1|          0|
    |ap_enable_reg_pp0_iter5            |    1|   0|    1|          0|
    |ap_enable_reg_pp0_iter6            |    1|   0|    1|          0|
    |ap_enable_reg_pp0_iter7            |    1|   0|    1|          0|
    |ap_enable_reg_pp0_iter8            |    1|   0|    1|          0|
    |ap_enable_reg_pp0_iter9            |    1|   0|    1|          0|
    |ap_loop_exit_ready_pp0_iter10_reg  |    1|   0|    1|          0|
    |ap_loop_exit_ready_pp0_iter2_reg   |    1|   0|    1|          0|
    |ap_loop_exit_ready_pp0_iter3_reg   |    1|   0|    1|          0|
    |ap_loop_exit_ready_pp0_iter4_reg   |    1|   0|    1|          0|
    |ap_loop_exit_ready_pp0_iter5_reg   |    1|   0|    1|          0|
    |ap_loop_exit_ready_pp0_iter6_reg   |    1|   0|    1|          0|
    |ap_loop_exit_ready_pp0_iter7_reg   |    1|   0|    1|          0|
    |ap_loop_exit_ready_pp0_iter8_reg   |    1|   0|    1|          0|
    |ap_loop_exit_ready_pp0_iter9_reg   |    1|   0|    1|          0|
    |bound_reg_515                      |   31|   0|   34|          3|
    |ib_fu_118                          |   28|   0|   28|          0|
    |icmp_ln135_reg_524                 |    1|   0|    1|          0|
    |icmp_ln135_reg_524_pp0_iter2_reg   |    1|   0|    1|          0|
    |indvar_flatten20_fu_122            |   58|   0|   58|          0|
    |indvar_flatten_fu_114              |   34|   0|   34|          0|
    |j_fu_106                           |    5|   0|    5|          0|
    |jb_fu_110                          |   28|   0|   28|          0|
    |mul_ln141_reg_534                  |   32|   0|   32|          0|
    |trunc_ln141_1_reg_546              |   58|   0|   58|          0|
    +-----------------------------------+-----+----+-----+-----------+
    |Total                              |  874|   0|  877|          3|
    +-----------------------------------+-----+----+-----+-----------+



================================================================
== Interface
================================================================
* Summary: 
+--------------------------+-----+-----+------------+-------------------------------------------------------------+--------------+
|         RTL Ports        | Dir | Bits|  Protocol  |                        Source Object                        |    C Type    |
+--------------------------+-----+-----+------------+-------------------------------------------------------------+--------------+
|ap_clk                    |   in|    1|  ap_ctrl_hs|  writeTiles_Pipeline_i_BLOCK_loop_j_BLOCK_loop_j_output_loop|  return value|
|ap_rst                    |   in|    1|  ap_ctrl_hs|  writeTiles_Pipeline_i_BLOCK_loop_j_BLOCK_loop_j_output_loop|  return value|
|ap_start                  |   in|    1|  ap_ctrl_hs|  writeTiles_Pipeline_i_BLOCK_loop_j_BLOCK_loop_j_output_loop|  return value|
|ap_done                   |  out|    1|  ap_ctrl_hs|  writeTiles_Pipeline_i_BLOCK_loop_j_BLOCK_loop_j_output_loop|  return value|
|ap_idle                   |  out|    1|  ap_ctrl_hs|  writeTiles_Pipeline_i_BLOCK_loop_j_BLOCK_loop_j_output_loop|  return value|
|ap_ready                  |  out|    1|  ap_ctrl_hs|  writeTiles_Pipeline_i_BLOCK_loop_j_BLOCK_loop_j_output_loop|  return value|
|AB_stream_dout            |   in|  512|     ap_fifo|                                                    AB_stream|       pointer|
|AB_stream_empty_n         |   in|    1|     ap_fifo|                                                    AB_stream|       pointer|
|AB_stream_read            |  out|    1|     ap_fifo|                                                    AB_stream|       pointer|
|AB_stream_num_data_valid  |   in|    6|     ap_fifo|                                                    AB_stream|       pointer|
|AB_stream_fifo_cap        |   in|    6|     ap_fifo|                                                    AB_stream|       pointer|
|m_axi_gmem_0_AWVALID      |  out|    1|       m_axi|                                                         gmem|       pointer|
|m_axi_gmem_0_AWREADY      |   in|    1|       m_axi|                                                         gmem|       pointer|
|m_axi_gmem_0_AWADDR       |  out|   64|       m_axi|                                                         gmem|       pointer|
|m_axi_gmem_0_AWID         |  out|    1|       m_axi|                                                         gmem|       pointer|
|m_axi_gmem_0_AWLEN        |  out|   32|       m_axi|                                                         gmem|       pointer|
|m_axi_gmem_0_AWSIZE       |  out|    3|       m_axi|                                                         gmem|       pointer|
|m_axi_gmem_0_AWBURST      |  out|    2|       m_axi|                                                         gmem|       pointer|
|m_axi_gmem_0_AWLOCK       |  out|    2|       m_axi|                                                         gmem|       pointer|
|m_axi_gmem_0_AWCACHE      |  out|    4|       m_axi|                                                         gmem|       pointer|
|m_axi_gmem_0_AWPROT       |  out|    3|       m_axi|                                                         gmem|       pointer|
|m_axi_gmem_0_AWQOS        |  out|    4|       m_axi|                                                         gmem|       pointer|
|m_axi_gmem_0_AWREGION     |  out|    4|       m_axi|                                                         gmem|       pointer|
|m_axi_gmem_0_AWUSER       |  out|    1|       m_axi|                                                         gmem|       pointer|
|m_axi_gmem_0_WVALID       |  out|    1|       m_axi|                                                         gmem|       pointer|
|m_axi_gmem_0_WREADY       |   in|    1|       m_axi|                                                         gmem|       pointer|
|m_axi_gmem_0_WDATA        |  out|  512|       m_axi|                                                         gmem|       pointer|
|m_axi_gmem_0_WSTRB        |  out|   64|       m_axi|                                                         gmem|       pointer|
|m_axi_gmem_0_WLAST        |  out|    1|       m_axi|                                                         gmem|       pointer|
|m_axi_gmem_0_WID          |  out|    1|       m_axi|                                                         gmem|       pointer|
|m_axi_gmem_0_WUSER        |  out|    1|       m_axi|                                                         gmem|       pointer|
|m_axi_gmem_0_ARVALID      |  out|    1|       m_axi|                                                         gmem|       pointer|
|m_axi_gmem_0_ARREADY      |   in|    1|       m_axi|                                                         gmem|       pointer|
|m_axi_gmem_0_ARADDR       |  out|   64|       m_axi|                                                         gmem|       pointer|
|m_axi_gmem_0_ARID         |  out|    1|       m_axi|                                                         gmem|       pointer|
|m_axi_gmem_0_ARLEN        |  out|   32|       m_axi|                                                         gmem|       pointer|
|m_axi_gmem_0_ARSIZE       |  out|    3|       m_axi|                                                         gmem|       pointer|
|m_axi_gmem_0_ARBURST      |  out|    2|       m_axi|                                                         gmem|       pointer|
|m_axi_gmem_0_ARLOCK       |  out|    2|       m_axi|                                                         gmem|       pointer|
|m_axi_gmem_0_ARCACHE      |  out|    4|       m_axi|                                                         gmem|       pointer|
|m_axi_gmem_0_ARPROT       |  out|    3|       m_axi|                                                         gmem|       pointer|
|m_axi_gmem_0_ARQOS        |  out|    4|       m_axi|                                                         gmem|       pointer|
|m_axi_gmem_0_ARREGION     |  out|    4|       m_axi|                                                         gmem|       pointer|
|m_axi_gmem_0_ARUSER       |  out|    1|       m_axi|                                                         gmem|       pointer|
|m_axi_gmem_0_RVALID       |   in|    1|       m_axi|                                                         gmem|       pointer|
|m_axi_gmem_0_RREADY       |  out|    1|       m_axi|                                                         gmem|       pointer|
|m_axi_gmem_0_RDATA        |   in|  512|       m_axi|                                                         gmem|       pointer|
|m_axi_gmem_0_RLAST        |   in|    1|       m_axi|                                                         gmem|       pointer|
|m_axi_gmem_0_RID          |   in|    1|       m_axi|                                                         gmem|       pointer|
|m_axi_gmem_0_RFIFONUM     |   in|    9|       m_axi|                                                         gmem|       pointer|
|m_axi_gmem_0_RUSER        |   in|    1|       m_axi|                                                         gmem|       pointer|
|m_axi_gmem_0_RRESP        |   in|    2|       m_axi|                                                         gmem|       pointer|
|m_axi_gmem_0_BVALID       |   in|    1|       m_axi|                                                         gmem|       pointer|
|m_axi_gmem_0_BREADY       |  out|    1|       m_axi|                                                         gmem|       pointer|
|m_axi_gmem_0_BRESP        |   in|    2|       m_axi|                                                         gmem|       pointer|
|m_axi_gmem_0_BID          |   in|    1|       m_axi|                                                         gmem|       pointer|
|m_axi_gmem_0_BUSER        |   in|    1|       m_axi|                                                         gmem|       pointer|
|tmp_4                     |   in|   31|     ap_none|                                                        tmp_4|        scalar|
|bound6                    |   in|   58|     ap_none|                                                       bound6|        scalar|
|N_1                       |   in|   32|     ap_none|                                                          N_1|        scalar|
|ABC_load                  |   in|   64|     ap_none|                                                     ABC_load|        scalar|
+--------------------------+-----+-----+------------+-------------------------------------------------------------+--------------+

